Total DAG nodes: 929
vgpr_start_addr = 0
Group ID = 0 使用的 SGPR 数量 = 16, VGPR 数量 = 12
sgpr_count = 16	vgpr_count = 12
最大活跃 SGPR 数量 = 16
最大活跃 VGPR 数量 = 21
最大活跃状态数量 = 16
t=0, issue load node 1 gpr=0 mem=0 latency=3
t=1, issue load node 3 gpr=1 mem=1 latency=3
t=2, issue load node 5 gpr=2 mem=2 latency=3
t=3, issue ve node 2 with op reduce_max src0=0 src1=-1 dst=0 latency=7 penalty=0
t=3, issue load node 7 gpr=3 mem=3 latency=3
t=4, issue ve node 4 with op reduce_max src0=1 src1=-1 dst=1 latency=7 penalty=0
t=4, issue load node 30 gpr=12 mem=4 latency=3
t=5, issue ve node 6 with op reduce_max src0=2 src1=-1 dst=2 latency=7 penalty=0
t=5, issue load node 32 gpr=13 mem=5 latency=3
t=6, issue ve node 8 with op reduce_max src0=3 src1=-1 dst=3 latency=7 penalty=0
t=6, issue load node 34 gpr=14 mem=6 latency=3
t=7, issue ve node 31 with op reduce_max src0=12 src1=-1 dst=16 latency=7 penalty=0
t=7, issue load node 36 gpr=15 mem=7 latency=3
t=8, issue ve node 33 with op reduce_max src0=13 src1=-1 dst=17 latency=7 penalty=0
t=8, issue load node 59 gpr=24 mem=8 latency=3
t=9, issue ve node 35 with op reduce_max src0=14 src1=-1 dst=18 latency=7 penalty=0
t=9, issue load node 61 gpr=25 mem=9 latency=3
t=10, issue ve node 37 with op reduce_max src0=15 src1=-1 dst=19 latency=7 penalty=0
t=10, issue load node 63 gpr=26 mem=10 latency=3
t=11, issue scalar node 9 with op max src0=0 src1=1 dst=4 latency=7 penalty=0
t=11, issue load node 65 gpr=27 mem=11 latency=3
t=12, issue ve node 60 with op reduce_max src0=24 src1=-1 dst=32 latency=7 penalty=0
t=12, issue load node 88 gpr=36 mem=12 latency=3
t=13, issue scalar node 10 with op max src0=2 src1=3 dst=5 latency=7 penalty=0
t=13, issue ve node 64 with op reduce_max src0=26 src1=-1 dst=34 latency=7 penalty=0
t=13, issue load node 90 gpr=37 mem=13 latency=3
t=14, issue ve node 62 with op reduce_max src0=25 src1=-1 dst=33 latency=7 penalty=0
t=14, issue load node 92 gpr=38 mem=14 latency=3
t=15, issue scalar node 38 with op max src0=16 src1=17 dst=20 latency=7 penalty=0
t=15, issue ve node 66 with op reduce_max src0=27 src1=-1 dst=35 latency=7 penalty=0
t=15, issue load node 94 gpr=39 mem=15 latency=3
t=16, issue ve node 89 with op reduce_max src0=36 src1=-1 dst=48 latency=7 penalty=0
t=16, issue load node 117 gpr=48 mem=16 latency=3
t=17, issue scalar node 39 with op max src0=18 src1=19 dst=21 latency=7 penalty=0
t=17, issue ve node 93 with op reduce_max src0=38 src1=-1 dst=50 latency=7 penalty=0
t=17, issue load node 119 gpr=49 mem=17 latency=3
t=18, issue ve node 91 with op reduce_max src0=37 src1=-1 dst=49 latency=7 penalty=0
t=18, issue load node 121 gpr=50 mem=18 latency=3
t=19, issue ve node 95 with op reduce_max src0=39 src1=-1 dst=51 latency=7 penalty=0
t=19, issue load node 123 gpr=51 mem=19 latency=3
t=20, issue scalar node 11 with op max src0=4 src1=5 dst=6 latency=7 penalty=0
t=20, issue ve node 118 with op reduce_max src0=48 src1=-1 dst=64 latency=7 penalty=0
t=20, issue load node 146 gpr=60 mem=20 latency=3
t=21, issue scalar node 67 with op max src0=32 src1=33 dst=36 latency=7 penalty=0
t=21, issue ve node 120 with op reduce_max src0=49 src1=-1 dst=65 latency=7 penalty=0
t=21, issue load node 148 gpr=61 mem=21 latency=3
t=22, issue scalar node 68 with op max src0=34 src1=35 dst=37 latency=7 penalty=0
t=22, issue ve node 122 with op reduce_max src0=50 src1=-1 dst=66 latency=7 penalty=0
t=22, issue load node 150 gpr=62 mem=22 latency=3
t=23, issue ve node 124 with op reduce_max src0=51 src1=-1 dst=67 latency=7 penalty=0
t=23, issue load node 152 gpr=63 mem=23 latency=3
t=24, issue scalar node 40 with op max src0=20 src1=21 dst=22 latency=7 penalty=0
t=24, issue ve node 147 with op reduce_max src0=60 src1=-1 dst=80 latency=7 penalty=0
t=24, issue load node 175 gpr=72 mem=24 latency=3
t=25, issue scalar node 96 with op max src0=48 src1=49 dst=52 latency=7 penalty=0
t=25, issue ve node 149 with op reduce_max src0=61 src1=-1 dst=81 latency=7 penalty=0
t=25, issue load node 177 gpr=73 mem=25 latency=3
t=26, issue scalar node 97 with op max src0=50 src1=51 dst=53 latency=7 penalty=0
t=26, issue ve node 151 with op reduce_max src0=62 src1=-1 dst=82 latency=7 penalty=0
t=26, issue load node 179 gpr=74 mem=26 latency=3
t=27, issue ve node 12 with op sub src0=0 src1=6 dst=4 latency=7 penalty=0 half=0
t=27, issue load node 181 gpr=75 mem=27 latency=3
t=28, issue ve node 15 with op sub src0=1 src1=6 dst=6 latency=7 penalty=0 half=0
t=28, issue scalar node 125 with op max src0=64 src1=65 dst=68 latency=7 penalty=0
t=28, issue load node 204 gpr=84 mem=28 latency=3
t=29, issue ve node 18 with op sub src0=2 src1=6 dst=8 latency=7 penalty=0 half=0
t=29, issue scalar node 69 with op max src0=36 src1=37 dst=38 latency=7 penalty=0
t=29, issue load node 206 gpr=85 mem=29 latency=3
t=30, issue ve node 21 with op sub src0=3 src1=6 dst=10 latency=7 penalty=0 half=0
t=30, issue load node 208 gpr=86 mem=30 latency=3
t=31, issue ve node 41 with op sub src0=12 src1=22 dst=16 latency=7 penalty=0 half=0
t=31, issue load node 210 gpr=87 mem=31 latency=3
t=32, issue ve node 44 with op sub src0=13 src1=22 dst=18 latency=7 penalty=0 half=0
t=32, issue scalar node 154 with op max src0=80 src1=81 dst=84 latency=7 penalty=0
t=32, issue load node 233 gpr=96 mem=32 latency=3
t=33, issue ve node 47 with op sub src0=14 src1=22 dst=20 latency=7 penalty=0 half=0
t=33, issue scalar node 98 with op max src0=52 src1=53 dst=54 latency=7 penalty=0
t=33, issue load node 235 gpr=97 mem=33 latency=3
t=34, issue sfu node 13 with op exp src0=4 src1=-1 dst=5 latency=32 rounds=8 penalty=0 borrow=0
t=34, issue ve node 50 with op sub src0=15 src1=22 dst=22 latency=7 penalty=0 half=0
t=34, issue load node 239 gpr=99 mem=35 latency=3
t=35, issue scalar node 126 with op max src0=66 src1=67 dst=69 latency=7 penalty=0
t=35, issue ve node 153 with op reduce_max src0=63 src1=-1 dst=83 latency=7 penalty=0
t=35, issue load node 237 gpr=98 mem=34 latency=3
t=36, issue ve node 70 with op sub src0=24 src1=38 dst=28 latency=7 penalty=0 half=0
t=36, issue load node 262 gpr=108 mem=36 latency=3
t=37, issue ve node 73 with op sub src0=25 src1=38 dst=30 latency=7 penalty=0 half=0
t=37, issue load node 264 gpr=109 mem=37 latency=3
t=38, issue ve node 76 with op sub src0=26 src1=38 dst=32 latency=7 penalty=0 half=0
t=38, issue load node 268 gpr=111 mem=39 latency=3
t=39, issue ve node 79 with op sub src0=27 src1=38 dst=34 latency=7 penalty=0 half=0
t=39, issue load node 266 gpr=110 mem=38 latency=3
t=40, issue ve node 99 with op sub src0=36 src1=54 dst=40 latency=7 penalty=0 half=0
t=40, issue load node 293 gpr=121 mem=41 latency=3
t=41, issue ve node 102 with op sub src0=37 src1=54 dst=42 latency=7 penalty=0 half=0
t=41, issue load node 291 gpr=120 mem=40 latency=3
t=42, issue sfu node 16 with op exp src0=6 src1=-1 dst=7 latency=32 rounds=8 penalty=0 borrow=0
t=42, issue ve node 108 with op sub src0=39 src1=54 dst=46 latency=7 penalty=0 half=1
t=42, issue scalar node 127 with op max src0=68 src1=69 dst=70 latency=7 penalty=0
t=42, issue load node 295 gpr=122 mem=42 latency=3
t=43, issue scalar node 155 with op max src0=82 src1=83 dst=85 latency=7 penalty=0
t=43, issue ve node 176 with op reduce_max src0=72 src1=-1 dst=96 latency=7 penalty=0
t=43, issue load node 297 gpr=123 mem=43 latency=3
t=44, issue ve node 105 with op sub src0=38 src1=54 dst=44 latency=7 penalty=0 half=1
t=44, issue load node 322 gpr=133 mem=45 latency=3
t=45, issue ve node 178 with op reduce_max src0=73 src1=-1 dst=97 latency=7 penalty=0
t=45, issue load node 320 gpr=132 mem=44 latency=3
t=46, issue ve node 180 with op reduce_max src0=74 src1=-1 dst=98 latency=7 penalty=0
t=46, issue load node 324 gpr=134 mem=46 latency=3
t=47, issue ve node 182 with op reduce_max src0=75 src1=-1 dst=99 latency=7 penalty=0
t=47, issue load node 326 gpr=135 mem=47 latency=3
t=48, issue ve node 205 with op reduce_max src0=84 src1=-1 dst=112 latency=7 penalty=0
t=48, issue load node 349 gpr=144 mem=48 latency=3
t=49, issue ve node 128 with op sub src0=48 src1=70 dst=52 latency=7 penalty=0 half=1
t=49, issue load node 351 gpr=145 mem=49 latency=3
t=50, issue sfu node 19 with op exp src0=8 src1=-1 dst=9 latency=32 rounds=8 penalty=0 borrow=0
t=50, issue scalar node 156 with op max src0=84 src1=85 dst=86 latency=7 penalty=0
t=50, issue ve node 207 with op reduce_max src0=85 src1=-1 dst=113 latency=7 penalty=0
t=50, issue load node 353 gpr=146 mem=50 latency=3
t=51, issue ve node 131 with op sub src0=49 src1=70 dst=54 latency=7 penalty=0 half=1
t=51, issue load node 355 gpr=147 mem=51 latency=3
t=52, issue scalar node 183 with op max src0=96 src1=97 dst=100 latency=7 penalty=0
t=52, issue ve node 209 with op reduce_max src0=86 src1=-1 dst=114 latency=7 penalty=0
t=52, issue load node 378 gpr=156 mem=52 latency=3
t=53, issue ve node 134 with op sub src0=50 src1=70 dst=56 latency=7 penalty=0 half=1
t=53, issue load node 380 gpr=157 mem=53 latency=3
t=54, issue scalar node 184 with op max src0=98 src1=99 dst=101 latency=7 penalty=0
t=54, issue ve node 211 with op reduce_max src0=87 src1=-1 dst=115 latency=7 penalty=0
t=54, issue load node 382 gpr=158 mem=54 latency=3
t=55, issue ve node 137 with op sub src0=51 src1=70 dst=58 latency=7 penalty=0 half=1
t=55, issue load node 384 gpr=159 mem=55 latency=3
t=56, issue ve node 234 with op reduce_max src0=96 src1=-1 dst=128 latency=7 penalty=0
t=56, issue load node 407 gpr=168 mem=56 latency=3
t=57, issue ve node 157 with op sub src0=60 src1=86 dst=64 latency=7 penalty=0 half=1
t=57, issue scalar node 212 with op max src0=112 src1=113 dst=116 latency=7 penalty=0
t=57, issue load node 409 gpr=169 mem=57 latency=3
t=58, issue sfu node 22 with op exp src0=10 src1=-1 dst=11 latency=32 rounds=8 penalty=0 borrow=0
t=58, issue ve node 236 with op reduce_max src0=97 src1=-1 dst=129 latency=7 penalty=0
t=58, issue load node 411 gpr=170 mem=58 latency=3
t=59, issue ve node 160 with op sub src0=61 src1=86 dst=66 latency=7 penalty=0 half=1
t=59, issue load node 413 gpr=171 mem=59 latency=3
t=60, issue ve node 238 with op reduce_max src0=98 src1=-1 dst=130 latency=7 penalty=0
t=60, issue load node 436 gpr=180 mem=60 latency=3
t=61, issue ve node 163 with op sub src0=62 src1=86 dst=68 latency=7 penalty=0 half=1
t=61, issue scalar node 185 with op max src0=100 src1=101 dst=102 latency=7 penalty=0
t=61, issue load node 438 gpr=181 mem=61 latency=3
t=62, issue scalar node 213 with op max src0=114 src1=115 dst=117 latency=7 penalty=0
t=62, issue ve node 240 with op reduce_max src0=99 src1=-1 dst=131 latency=7 penalty=0
t=62, issue load node 440 gpr=182 mem=62 latency=3
t=63, issue ve node 166 with op sub src0=63 src1=86 dst=70 latency=7 penalty=0 half=1
t=63, issue load node 442 gpr=183 mem=63 latency=3
t=64, issue ve node 263 with op reduce_max src0=108 src1=-1 dst=144 latency=7 penalty=0
t=65, issue scalar node 241 with op max src0=128 src1=129 dst=132 latency=7 penalty=0
t=65, issue ve node 265 with op reduce_max src0=109 src1=-1 dst=145 latency=7 penalty=0
t=66, issue ve node 14 with op reduce_sum src0=5 src1=-1 dst=7 latency=12 penalty=0
t=66, issue sfu node 42 with op exp src0=16 src1=-1 dst=17 latency=32 rounds=8 penalty=0 borrow=0
t=67, issue ve node 267 with op reduce_max src0=110 src1=-1 dst=146 latency=7 penalty=0
t=68, issue ve node 186 with op sub src0=72 src1=102 dst=76 latency=7 penalty=0 half=1
t=69, issue scalar node 214 with op max src0=116 src1=117 dst=118 latency=7 penalty=0
t=69, issue ve node 269 with op reduce_max src0=111 src1=-1 dst=147 latency=7 penalty=0
t=70, issue ve node 189 with op sub src0=73 src1=102 dst=78 latency=7 penalty=0 half=1
t=71, issue scalar node 242 with op max src0=130 src1=131 dst=133 latency=7 penalty=0
t=71, issue ve node 292 with op reduce_max src0=120 src1=-1 dst=160 latency=7 penalty=0
t=72, issue ve node 192 with op sub src0=74 src1=102 dst=80 latency=7 penalty=0 half=1
t=72, issue scalar node 270 with op max src0=144 src1=145 dst=148 latency=7 penalty=0
t=73, issue ve node 294 with op reduce_max src0=121 src1=-1 dst=161 latency=7 penalty=0
t=74, issue ve node 17 with op reduce_sum src0=7 src1=-1 dst=8 latency=12 penalty=0
t=74, issue sfu node 45 with op exp src0=18 src1=-1 dst=19 latency=32 rounds=8 penalty=0 borrow=0
t=75, issue ve node 195 with op sub src0=75 src1=102 dst=82 latency=7 penalty=0 half=1
t=76, issue scalar node 271 with op max src0=146 src1=147 dst=149 latency=7 penalty=0
t=76, issue ve node 296 with op reduce_max src0=122 src1=-1 dst=162 latency=7 penalty=0
t=77, issue ve node 215 with op sub src0=84 src1=118 dst=88 latency=7 penalty=0 half=1
t=78, issue scalar node 243 with op max src0=132 src1=133 dst=134 latency=7 penalty=0
t=78, issue ve node 298 with op reduce_max src0=123 src1=-1 dst=163 latency=7 penalty=0
t=79, issue ve node 218 with op sub src0=85 src1=118 dst=90 latency=7 penalty=0 half=1
t=80, issue scalar node 299 with op max src0=160 src1=161 dst=164 latency=7 penalty=0
t=80, issue ve node 323 with op reduce_max src0=133 src1=-1 dst=177 latency=7 penalty=0
t=81, issue ve node 221 with op sub src0=86 src1=118 dst=92 latency=7 penalty=0 half=1
t=82, issue ve node 20 with op reduce_sum src0=9 src1=-1 dst=9 latency=12 penalty=0
t=82, issue sfu node 48 with op exp src0=20 src1=-1 dst=21 latency=32 rounds=8 penalty=0 borrow=0
t=83, issue ve node 224 with op sub src0=87 src1=118 dst=94 latency=7 penalty=0 half=1
t=83, issue scalar node 272 with op max src0=148 src1=149 dst=150 latency=7 penalty=0
t=84, issue ve node 321 with op reduce_max src0=132 src1=-1 dst=176 latency=7 penalty=0
t=85, issue ve node 244 with op sub src0=96 src1=134 dst=100 latency=7 penalty=0 half=1
t=86, issue scalar node 24 with op add src0=7 src1=8 dst=11 latency=7 penalty=0
t=86, issue ve node 325 with op reduce_max src0=134 src1=-1 dst=178 latency=7 penalty=0
t=87, issue ve node 247 with op sub src0=97 src1=134 dst=102 latency=7 penalty=0 half=1
t=88, issue scalar node 300 with op max src0=162 src1=163 dst=165 latency=7 penalty=0
t=88, issue ve node 327 with op reduce_max src0=135 src1=-1 dst=179 latency=7 penalty=0
t=89, issue ve node 250 with op sub src0=98 src1=134 dst=104 latency=7 penalty=0 half=1
t=90, issue ve node 23 with op reduce_sum src0=11 src1=-1 dst=10 latency=12 penalty=0
t=90, issue sfu node 51 with op exp src0=22 src1=-1 dst=23 latency=32 rounds=8 penalty=0 borrow=0
t=91, issue ve node 253 with op sub src0=99 src1=134 dst=106 latency=7 penalty=0 half=1
t=91, issue scalar node 328 with op max src0=176 src1=177 dst=180 latency=7 penalty=0
t=92, issue ve node 350 with op reduce_max src0=144 src1=-1 dst=192 latency=7 penalty=0
t=93, issue ve node 273 with op sub src0=108 src1=150 dst=112 latency=7 penalty=0 half=1
t=94, issue ve node 352 with op reduce_max src0=145 src1=-1 dst=193 latency=7 penalty=0
t=95, issue ve node 276 with op sub src0=109 src1=150 dst=114 latency=7 penalty=0 half=1
t=96, issue scalar node 301 with op max src0=164 src1=165 dst=166 latency=7 penalty=0
t=96, issue ve node 356 with op reduce_max src0=147 src1=-1 dst=195 latency=7 penalty=0
t=97, issue ve node 279 with op sub src0=110 src1=150 dst=116 latency=7 penalty=0 half=1
t=98, issue ve node 43 with op reduce_sum src0=17 src1=-1 dst=23 latency=12 penalty=0
t=98, issue sfu node 71 with op exp src0=28 src1=-1 dst=29 latency=32 rounds=8 penalty=0 borrow=0
t=98, issue scalar node 329 with op max src0=178 src1=179 dst=181 latency=7 penalty=0
t=99, issue ve node 282 with op sub src0=111 src1=150 dst=118 latency=7 penalty=0 half=1
t=100, issue ve node 354 with op reduce_max src0=146 src1=-1 dst=194 latency=7 penalty=0
t=101, issue scalar node 357 with op max src0=192 src1=193 dst=196 latency=7 penalty=0
t=101, issue ve node 381 with op reduce_max src0=157 src1=-1 dst=209 latency=7 penalty=0
t=102, issue scalar node 25 with op add src0=9 src1=10 dst=12 latency=7 penalty=0
t=102, issue ve node 383 with op reduce_max src0=158 src1=-1 dst=210 latency=7 penalty=0
t=103, issue ve node 302 with op sub src0=120 src1=166 dst=124 latency=7 penalty=0 half=1
t=104, issue ve node 379 with op reduce_max src0=156 src1=-1 dst=208 latency=7 penalty=0
t=105, issue ve node 305 with op sub src0=121 src1=166 dst=126 latency=7 penalty=0 half=1
t=105, issue scalar node 330 with op max src0=180 src1=181 dst=182 latency=7 penalty=0
t=106, issue ve node 46 with op reduce_sum src0=19 src1=-1 dst=24 latency=12 penalty=0
t=106, issue sfu node 74 with op exp src0=30 src1=-1 dst=31 latency=32 rounds=8 penalty=0 borrow=0
t=107, issue ve node 308 with op sub src0=122 src1=166 dst=128 latency=7 penalty=0 half=1
t=108, issue scalar node 358 with op max src0=194 src1=195 dst=197 latency=7 penalty=0
t=108, issue ve node 385 with op reduce_max src0=159 src1=-1 dst=211 latency=7 penalty=0
t=109, issue scalar node 26 with op add src0=11 src1=12 dst=13 latency=7 penalty=0
t=109, issue ve node 311 with op sub src0=123 src1=166 dst=130 latency=7 penalty=0 half=1
t=110, issue ve node 408 with op reduce_max src0=168 src1=-1 dst=224 latency=7 penalty=0
t=111, issue ve node 410 with op reduce_max src0=169 src1=-1 dst=225 latency=7 penalty=0
t=112, issue ve node 331 with op sub src0=132 src1=182 dst=136 latency=7 penalty=0 half=1
t=112, issue scalar node 386 with op max src0=208 src1=209 dst=212 latency=7 penalty=0
t=113, issue ve node 412 with op reduce_max src0=170 src1=-1 dst=226 latency=7 penalty=0
t=114, issue ve node 49 with op reduce_sum src0=21 src1=-1 dst=25 latency=12 penalty=0
t=114, issue sfu node 77 with op exp src0=32 src1=-1 dst=33 latency=32 rounds=8 penalty=0 borrow=0
t=115, issue ve node 334 with op sub src0=133 src1=182 dst=138 latency=7 penalty=0 half=1
t=115, issue scalar node 359 with op max src0=196 src1=197 dst=198 latency=7 penalty=0
t=116, issue sfu node 27 with op ln src0=13 src1=-1 dst=14 latency=22 rounds=0 penalty=0 borrow=0
t=116, issue scalar node 387 with op max src0=210 src1=211 dst=213 latency=7 penalty=0
t=116, issue ve node 414 with op reduce_max src0=171 src1=-1 dst=227 latency=7 penalty=0
t=117, issue ve node 337 with op sub src0=134 src1=182 dst=140 latency=7 penalty=0 half=1
t=118, issue scalar node 53 with op add src0=23 src1=24 dst=27 latency=7 penalty=0
t=118, issue ve node 437 with op reduce_max src0=180 src1=-1 dst=240 latency=7 penalty=0
t=119, issue ve node 340 with op sub src0=135 src1=182 dst=142 latency=7 penalty=0 half=1
t=119, issue scalar node 415 with op max src0=224 src1=225 dst=228 latency=7 penalty=0
t=120, issue ve node 439 with op reduce_max src0=181 src1=-1 dst=241 latency=7 penalty=0
t=121, issue ve node 441 with op reduce_max src0=182 src1=-1 dst=242 latency=7 penalty=0
t=122, issue ve node 52 with op reduce_sum src0=23 src1=-1 dst=26 latency=12 penalty=0
t=122, issue sfu node 80 with op exp src0=34 src1=-1 dst=35 latency=32 rounds=8 penalty=0 borrow=0
t=123, issue ve node 360 with op sub src0=144 src1=198 dst=148 latency=7 penalty=0 half=1
t=123, issue scalar node 388 with op max src0=212 src1=213 dst=214 latency=7 penalty=0
t=124, issue scalar node 416 with op max src0=226 src1=227 dst=229 latency=7 penalty=0
t=124, issue ve node 443 with op reduce_max src0=183 src1=-1 dst=243 latency=7 penalty=0
t=125, issue ve node 363 with op sub src0=145 src1=198 dst=150 latency=7 penalty=0 half=1
t=127, issue ve node 366 with op sub src0=146 src1=198 dst=152 latency=7 penalty=0 half=1
t=127, issue scalar node 444 with op max src0=240 src1=241 dst=244 latency=7 penalty=0
t=129, issue ve node 369 with op sub src0=147 src1=198 dst=154 latency=7 penalty=0 half=1
t=130, issue ve node 72 with op reduce_sum src0=29 src1=-1 dst=39 latency=12 penalty=0
t=130, issue sfu node 100 with op exp src0=40 src1=-1 dst=41 latency=32 rounds=8 penalty=0 borrow=0
t=131, issue ve node 389 with op sub src0=156 src1=214 dst=160 latency=7 penalty=0 half=1
t=132, issue scalar node 417 with op max src0=228 src1=229 dst=230 latency=7 penalty=0
t=133, issue ve node 392 with op sub src0=157 src1=214 dst=162 latency=7 penalty=0 half=1
t=134, issue scalar node 54 with op add src0=25 src1=26 dst=28 latency=7 penalty=0
t=135, issue ve node 395 with op sub src0=158 src1=214 dst=164 latency=7 penalty=0 half=1
t=136, issue scalar node 445 with op max src0=242 src1=243 dst=245 latency=7 penalty=0
t=137, issue ve node 398 with op sub src0=159 src1=214 dst=166 latency=7 penalty=0 half=1
t=138, issue scalar node 28 with op add src0=6 src1=14 dst=15 latency=7 penalty=1
t=138, issue ve node 75 with op reduce_sum src0=31 src1=-1 dst=40 latency=12 penalty=0
t=138, issue sfu node 103 with op exp src0=42 src1=-1 dst=43 latency=32 rounds=8 penalty=0 borrow=0
t=140, issue ve node 418 with op sub src0=168 src1=230 dst=172 latency=7 penalty=0 half=1
t=141, issue scalar node 55 with op add src0=27 src1=28 dst=29 latency=7 penalty=0
t=142, issue ve node 421 with op sub src0=169 src1=230 dst=174 latency=7 penalty=0 half=1
t=143, issue scalar node 446 with op max src0=244 src1=245 dst=246 latency=7 penalty=0
t=144, issue ve node 424 with op sub src0=170 src1=230 dst=176 latency=7 penalty=0 half=1
t=146, issue store node 29 mem=0 latency=0
t=146, issue ve node 78 with op reduce_sum src0=33 src1=-1 dst=41 latency=12 penalty=0
t=146, issue sfu node 106 with op exp src0=44 src1=-1 dst=45 latency=32 rounds=8 penalty=0 borrow=0
t=146, issue load node 465 gpr=192 mem=64 latency=3
t=147, issue ve node 427 with op sub src0=171 src1=230 dst=178 latency=7 penalty=0 half=1
t=147, issue load node 467 gpr=193 mem=65 latency=3
t=148, issue sfu node 56 with op ln src0=29 src1=-1 dst=30 latency=22 rounds=0 penalty=0 borrow=0
t=148, issue load node 469 gpr=194 mem=66 latency=3
t=149, issue ve node 466 with op reduce_max src0=192 src1=-1 dst=0 latency=7 penalty=0
t=149, issue load node 471 gpr=195 mem=67 latency=3
t=150, issue scalar node 82 with op add src0=39 src1=40 dst=43 latency=7 penalty=0
t=150, issue ve node 447 with op sub src0=180 src1=246 dst=184 latency=7 penalty=0 half=1
t=151, issue ve node 470 with op reduce_max src0=194 src1=-1 dst=2 latency=7 penalty=0
t=152, issue ve node 450 with op sub src0=181 src1=246 dst=186 latency=7 penalty=0 half=1
t=153, issue ve node 468 with op reduce_max src0=193 src1=-1 dst=1 latency=7 penalty=0
t=154, issue ve node 81 with op reduce_sum src0=35 src1=-1 dst=42 latency=12 penalty=0
t=154, issue sfu node 109 with op exp src0=46 src1=-1 dst=47 latency=32 rounds=8 penalty=0 borrow=0
t=155, issue ve node 453 with op sub src0=182 src1=246 dst=188 latency=7 penalty=0 half=1
t=156, issue ve node 472 with op reduce_max src0=195 src1=-1 dst=3 latency=7 penalty=0
t=157, issue ve node 456 with op sub src0=183 src1=246 dst=190 latency=7 penalty=0 half=1
t=160, issue scalar node 473 with op max src0=0 src1=1 dst=4 latency=7 penalty=0
t=162, issue ve node 101 with op reduce_sum src0=41 src1=-1 dst=55 latency=12 penalty=0
t=162, issue sfu node 129 with op exp src0=52 src1=-1 dst=53 latency=32 rounds=8 penalty=0 borrow=0
t=163, issue scalar node 474 with op max src0=2 src1=3 dst=5 latency=7 penalty=0
t=166, issue scalar node 83 with op add src0=41 src1=42 dst=44 latency=7 penalty=0
t=170, issue scalar node 57 with op add src0=22 src1=30 dst=31 latency=7 penalty=1
t=170, issue ve node 104 with op reduce_sum src0=43 src1=-1 dst=56 latency=12 penalty=0
t=170, issue sfu node 132 with op exp src0=54 src1=-1 dst=55 latency=32 rounds=8 penalty=0 borrow=0
t=172, issue scalar node 475 with op max src0=4 src1=5 dst=6 latency=7 penalty=0
t=173, issue scalar node 84 with op add src0=43 src1=44 dst=45 latency=7 penalty=0
t=178, issue store node 58 mem=1 latency=0
t=178, issue ve node 107 with op reduce_sum src0=45 src1=-1 dst=57 latency=12 penalty=0
t=178, issue sfu node 135 with op exp src0=56 src1=-1 dst=57 latency=32 rounds=8 penalty=0 borrow=0
t=178, issue load node 494 gpr=204 mem=68 latency=3
t=179, issue ve node 476 with op sub src0=192 src1=6 dst=196 latency=7 penalty=0 half=1
t=179, issue load node 496 gpr=205 mem=69 latency=3
t=180, issue sfu node 85 with op ln src0=45 src1=-1 dst=46 latency=22 rounds=0 penalty=0 borrow=0
t=180, issue load node 498 gpr=206 mem=70 latency=3
t=181, issue ve node 479 with op sub src0=193 src1=6 dst=198 latency=7 penalty=0 half=1
t=181, issue load node 500 gpr=207 mem=71 latency=3
t=182, issue scalar node 111 with op add src0=55 src1=56 dst=59 latency=7 penalty=0
t=182, issue ve node 495 with op reduce_max src0=204 src1=-1 dst=16 latency=7 penalty=0
t=183, issue ve node 482 with op sub src0=194 src1=6 dst=200 latency=7 penalty=0 half=1
t=184, issue ve node 497 with op reduce_max src0=205 src1=-1 dst=17 latency=7 penalty=0
t=185, issue ve node 485 with op sub src0=195 src1=6 dst=202 latency=7 penalty=0 half=1
t=186, issue ve node 110 with op reduce_sum src0=47 src1=-1 dst=58 latency=12 penalty=0
t=186, issue sfu node 138 with op exp src0=58 src1=-1 dst=59 latency=32 rounds=8 penalty=0 borrow=0
t=187, issue ve node 499 with op reduce_max src0=206 src1=-1 dst=18 latency=7 penalty=0
t=188, issue ve node 501 with op reduce_max src0=207 src1=-1 dst=19 latency=7 penalty=0
t=191, issue scalar node 502 with op max src0=16 src1=17 dst=20 latency=7 penalty=0
t=194, issue ve node 130 with op reduce_sum src0=53 src1=-1 dst=71 latency=12 penalty=0
t=194, issue sfu node 158 with op exp src0=64 src1=-1 dst=65 latency=32 rounds=8 penalty=0 borrow=0
t=195, issue scalar node 503 with op max src0=18 src1=19 dst=21 latency=7 penalty=0
t=198, issue scalar node 112 with op add src0=57 src1=58 dst=60 latency=7 penalty=0
t=202, issue scalar node 86 with op add src0=38 src1=46 dst=47 latency=7 penalty=1
t=202, issue ve node 133 with op reduce_sum src0=55 src1=-1 dst=72 latency=12 penalty=0
t=202, issue sfu node 161 with op exp src0=66 src1=-1 dst=67 latency=32 rounds=8 penalty=0 borrow=0
t=204, issue scalar node 504 with op max src0=20 src1=21 dst=22 latency=7 penalty=0
t=205, issue scalar node 113 with op add src0=59 src1=60 dst=61 latency=7 penalty=0
t=210, issue store node 87 mem=2 latency=0
t=210, issue ve node 136 with op reduce_sum src0=57 src1=-1 dst=73 latency=12 penalty=0
t=210, issue sfu node 164 with op exp src0=68 src1=-1 dst=69 latency=32 rounds=8 penalty=0 borrow=0
t=210, issue load node 523 gpr=216 mem=72 latency=3
t=211, issue ve node 505 with op sub src0=204 src1=22 dst=208 latency=7 penalty=0 half=1
t=211, issue load node 525 gpr=217 mem=73 latency=3
t=212, issue sfu node 114 with op ln src0=61 src1=-1 dst=62 latency=22 rounds=0 penalty=0 borrow=0
t=212, issue load node 527 gpr=218 mem=74 latency=3
t=213, issue ve node 508 with op sub src0=205 src1=22 dst=210 latency=7 penalty=0 half=1
t=213, issue load node 529 gpr=219 mem=75 latency=3
t=214, issue scalar node 140 with op add src0=71 src1=72 dst=75 latency=7 penalty=0
t=214, issue ve node 524 with op reduce_max src0=216 src1=-1 dst=32 latency=7 penalty=0
t=215, issue ve node 511 with op sub src0=206 src1=22 dst=212 latency=7 penalty=0 half=1
t=216, issue ve node 526 with op reduce_max src0=217 src1=-1 dst=33 latency=7 penalty=0
t=217, issue ve node 514 with op sub src0=207 src1=22 dst=214 latency=7 penalty=0 half=1
t=218, issue ve node 139 with op reduce_sum src0=59 src1=-1 dst=74 latency=12 penalty=0
t=218, issue sfu node 167 with op exp src0=70 src1=-1 dst=71 latency=32 rounds=8 penalty=0 borrow=0
t=219, issue ve node 528 with op reduce_max src0=218 src1=-1 dst=34 latency=7 penalty=0
t=220, issue ve node 530 with op reduce_max src0=219 src1=-1 dst=35 latency=7 penalty=0
t=223, issue scalar node 531 with op max src0=32 src1=33 dst=36 latency=7 penalty=0
t=226, issue ve node 159 with op reduce_sum src0=65 src1=-1 dst=87 latency=12 penalty=0
t=226, issue sfu node 187 with op exp src0=76 src1=-1 dst=77 latency=32 rounds=8 penalty=0 borrow=0
t=227, issue scalar node 532 with op max src0=34 src1=35 dst=37 latency=7 penalty=0
t=230, issue scalar node 141 with op add src0=73 src1=74 dst=76 latency=7 penalty=0
t=234, issue scalar node 115 with op add src0=54 src1=62 dst=63 latency=7 penalty=1
t=234, issue ve node 162 with op reduce_sum src0=67 src1=-1 dst=88 latency=12 penalty=0
t=234, issue sfu node 190 with op exp src0=78 src1=-1 dst=79 latency=32 rounds=8 penalty=0 borrow=0
t=236, issue scalar node 533 with op max src0=36 src1=37 dst=38 latency=7 penalty=0
t=237, issue scalar node 142 with op add src0=75 src1=76 dst=77 latency=7 penalty=0
t=242, issue store node 116 mem=3 latency=0
t=242, issue ve node 165 with op reduce_sum src0=69 src1=-1 dst=89 latency=12 penalty=0
t=242, issue sfu node 193 with op exp src0=80 src1=-1 dst=81 latency=32 rounds=8 penalty=0 borrow=0
t=242, issue load node 552 gpr=228 mem=76 latency=3
t=243, issue ve node 534 with op sub src0=216 src1=38 dst=220 latency=7 penalty=0 half=1
t=243, issue load node 554 gpr=229 mem=77 latency=3
t=244, issue sfu node 143 with op ln src0=77 src1=-1 dst=78 latency=22 rounds=0 penalty=0 borrow=0
t=244, issue load node 556 gpr=230 mem=78 latency=3
t=245, issue ve node 537 with op sub src0=217 src1=38 dst=222 latency=7 penalty=0 half=1
t=245, issue load node 558 gpr=231 mem=79 latency=3
t=246, issue scalar node 169 with op add src0=87 src1=88 dst=91 latency=7 penalty=0
t=246, issue ve node 553 with op reduce_max src0=228 src1=-1 dst=48 latency=7 penalty=0
t=247, issue ve node 540 with op sub src0=218 src1=38 dst=224 latency=7 penalty=0 half=1
t=248, issue ve node 555 with op reduce_max src0=229 src1=-1 dst=49 latency=7 penalty=0
t=249, issue ve node 543 with op sub src0=219 src1=38 dst=226 latency=7 penalty=0 half=1
t=250, issue ve node 168 with op reduce_sum src0=71 src1=-1 dst=90 latency=12 penalty=0
t=250, issue sfu node 196 with op exp src0=82 src1=-1 dst=83 latency=32 rounds=8 penalty=0 borrow=0
t=251, issue ve node 557 with op reduce_max src0=230 src1=-1 dst=50 latency=7 penalty=0
t=252, issue ve node 559 with op reduce_max src0=231 src1=-1 dst=51 latency=7 penalty=0
t=255, issue scalar node 560 with op max src0=48 src1=49 dst=52 latency=7 penalty=0
t=258, issue ve node 188 with op reduce_sum src0=77 src1=-1 dst=103 latency=12 penalty=0
t=258, issue sfu node 216 with op exp src0=88 src1=-1 dst=89 latency=32 rounds=8 penalty=0 borrow=0
t=259, issue scalar node 561 with op max src0=50 src1=51 dst=53 latency=7 penalty=0
t=262, issue scalar node 170 with op add src0=89 src1=90 dst=92 latency=7 penalty=0
t=266, issue scalar node 144 with op add src0=70 src1=78 dst=79 latency=7 penalty=1
t=266, issue ve node 191 with op reduce_sum src0=79 src1=-1 dst=104 latency=12 penalty=0
t=266, issue sfu node 219 with op exp src0=90 src1=-1 dst=91 latency=32 rounds=8 penalty=0 borrow=0
t=268, issue scalar node 562 with op max src0=52 src1=53 dst=54 latency=7 penalty=0
t=269, issue scalar node 171 with op add src0=91 src1=92 dst=93 latency=7 penalty=0
t=274, issue store node 145 mem=4 latency=0
t=274, issue ve node 194 with op reduce_sum src0=81 src1=-1 dst=105 latency=12 penalty=0
t=274, issue sfu node 222 with op exp src0=92 src1=-1 dst=93 latency=32 rounds=8 penalty=0 borrow=0
t=274, issue load node 581 gpr=240 mem=80 latency=3
t=275, issue ve node 563 with op sub src0=228 src1=54 dst=232 latency=7 penalty=0 half=1
t=275, issue load node 583 gpr=241 mem=81 latency=3
t=276, issue sfu node 172 with op ln src0=93 src1=-1 dst=94 latency=22 rounds=0 penalty=0 borrow=0
t=276, issue load node 585 gpr=242 mem=82 latency=3
t=277, issue ve node 566 with op sub src0=229 src1=54 dst=234 latency=7 penalty=0 half=1
t=277, issue load node 587 gpr=243 mem=83 latency=3
t=278, issue scalar node 198 with op add src0=103 src1=104 dst=107 latency=7 penalty=0
t=278, issue ve node 582 with op reduce_max src0=240 src1=-1 dst=64 latency=7 penalty=0
t=279, issue ve node 569 with op sub src0=230 src1=54 dst=236 latency=7 penalty=0 half=1
t=280, issue ve node 584 with op reduce_max src0=241 src1=-1 dst=65 latency=7 penalty=0
t=281, issue ve node 572 with op sub src0=231 src1=54 dst=238 latency=7 penalty=0 half=1
t=282, issue ve node 197 with op reduce_sum src0=83 src1=-1 dst=106 latency=12 penalty=0
t=282, issue sfu node 225 with op exp src0=94 src1=-1 dst=95 latency=32 rounds=8 penalty=0 borrow=0
t=283, issue ve node 586 with op reduce_max src0=242 src1=-1 dst=66 latency=7 penalty=0
t=284, issue ve node 588 with op reduce_max src0=243 src1=-1 dst=67 latency=7 penalty=0
t=287, issue scalar node 589 with op max src0=64 src1=65 dst=68 latency=7 penalty=0
t=290, issue ve node 217 with op reduce_sum src0=89 src1=-1 dst=119 latency=12 penalty=0
t=290, issue sfu node 245 with op exp src0=100 src1=-1 dst=101 latency=32 rounds=8 penalty=0 borrow=0
t=291, issue scalar node 590 with op max src0=66 src1=67 dst=69 latency=7 penalty=0
t=294, issue scalar node 199 with op add src0=105 src1=106 dst=108 latency=7 penalty=0
t=298, issue scalar node 173 with op add src0=86 src1=94 dst=95 latency=7 penalty=1
t=298, issue ve node 220 with op reduce_sum src0=91 src1=-1 dst=120 latency=12 penalty=0
t=298, issue sfu node 248 with op exp src0=102 src1=-1 dst=103 latency=32 rounds=8 penalty=0 borrow=0
t=300, issue scalar node 591 with op max src0=68 src1=69 dst=70 latency=7 penalty=0
t=301, issue scalar node 200 with op add src0=107 src1=108 dst=109 latency=7 penalty=0
t=306, issue store node 174 mem=5 latency=0
t=306, issue ve node 223 with op reduce_sum src0=93 src1=-1 dst=121 latency=12 penalty=0
t=306, issue sfu node 251 with op exp src0=104 src1=-1 dst=105 latency=32 rounds=8 penalty=0 borrow=0
t=306, issue load node 610 gpr=252 mem=84 latency=3
t=307, issue ve node 592 with op sub src0=240 src1=70 dst=244 latency=7 penalty=0 half=1
t=307, issue load node 612 gpr=253 mem=85 latency=3
t=308, issue sfu node 201 with op ln src0=109 src1=-1 dst=110 latency=22 rounds=0 penalty=0 borrow=0
t=308, issue load node 614 gpr=254 mem=86 latency=3
t=309, issue ve node 595 with op sub src0=241 src1=70 dst=246 latency=7 penalty=0 half=1
t=309, issue load node 616 gpr=255 mem=87 latency=3
t=310, issue scalar node 227 with op add src0=119 src1=120 dst=123 latency=7 penalty=0
t=310, issue ve node 611 with op reduce_max src0=252 src1=-1 dst=80 latency=7 penalty=0
t=311, issue ve node 598 with op sub src0=242 src1=70 dst=248 latency=7 penalty=0 half=1
t=312, issue ve node 613 with op reduce_max src0=253 src1=-1 dst=81 latency=7 penalty=0
t=313, issue ve node 601 with op sub src0=243 src1=70 dst=250 latency=7 penalty=0 half=1
t=314, issue ve node 226 with op reduce_sum src0=95 src1=-1 dst=122 latency=12 penalty=0
t=314, issue sfu node 254 with op exp src0=106 src1=-1 dst=107 latency=32 rounds=8 penalty=0 borrow=0
t=315, issue ve node 615 with op reduce_max src0=254 src1=-1 dst=82 latency=7 penalty=0
t=316, issue ve node 617 with op reduce_max src0=255 src1=-1 dst=83 latency=7 penalty=0
t=319, issue scalar node 618 with op max src0=80 src1=81 dst=84 latency=7 penalty=0
t=322, issue ve node 246 with op reduce_sum src0=101 src1=-1 dst=135 latency=12 penalty=0
t=322, issue sfu node 274 with op exp src0=112 src1=-1 dst=113 latency=32 rounds=8 penalty=0 borrow=0
t=323, issue scalar node 619 with op max src0=82 src1=83 dst=85 latency=7 penalty=0
t=326, issue scalar node 228 with op add src0=121 src1=122 dst=124 latency=7 penalty=0
t=330, issue scalar node 202 with op add src0=102 src1=110 dst=111 latency=7 penalty=1
t=330, issue ve node 249 with op reduce_sum src0=103 src1=-1 dst=136 latency=12 penalty=0
t=330, issue sfu node 277 with op exp src0=114 src1=-1 dst=115 latency=32 rounds=8 penalty=0 borrow=0
t=332, issue scalar node 620 with op max src0=84 src1=85 dst=86 latency=7 penalty=0
t=333, issue scalar node 229 with op add src0=123 src1=124 dst=125 latency=7 penalty=0
t=338, issue store node 203 mem=6 latency=0
t=338, issue ve node 252 with op reduce_sum src0=105 src1=-1 dst=137 latency=12 penalty=0
t=338, issue sfu node 280 with op exp src0=116 src1=-1 dst=117 latency=32 rounds=8 penalty=0 borrow=0
t=338, issue load node 639 gpr=8 mem=88 latency=3
t=339, issue ve node 621 with op sub src0=252 src1=86 dst=0 latency=7 penalty=0 half=1
t=339, issue load node 641 gpr=9 mem=89 latency=3
t=340, issue sfu node 230 with op ln src0=125 src1=-1 dst=126 latency=22 rounds=0 penalty=0 borrow=0
t=340, issue load node 643 gpr=10 mem=90 latency=3
t=341, issue ve node 624 with op sub src0=253 src1=86 dst=2 latency=7 penalty=0 half=1
t=341, issue load node 645 gpr=11 mem=91 latency=3
t=342, issue scalar node 256 with op add src0=135 src1=136 dst=139 latency=7 penalty=0
t=342, issue ve node 640 with op reduce_max src0=8 src1=-1 dst=96 latency=7 penalty=0
t=343, issue ve node 627 with op sub src0=254 src1=86 dst=4 latency=7 penalty=0 half=1
t=344, issue ve node 642 with op reduce_max src0=9 src1=-1 dst=97 latency=7 penalty=0
t=345, issue ve node 630 with op sub src0=255 src1=86 dst=6 latency=7 penalty=0 half=1
t=346, issue ve node 255 with op reduce_sum src0=107 src1=-1 dst=138 latency=12 penalty=0
t=346, issue sfu node 283 with op exp src0=118 src1=-1 dst=119 latency=32 rounds=8 penalty=0 borrow=0
t=347, issue ve node 644 with op reduce_max src0=10 src1=-1 dst=98 latency=7 penalty=0
t=348, issue ve node 646 with op reduce_max src0=11 src1=-1 dst=99 latency=7 penalty=0
t=351, issue scalar node 647 with op max src0=96 src1=97 dst=100 latency=7 penalty=0
t=354, issue ve node 275 with op reduce_sum src0=113 src1=-1 dst=151 latency=12 penalty=0
t=354, issue sfu node 303 with op exp src0=124 src1=-1 dst=125 latency=32 rounds=8 penalty=0 borrow=0
t=355, issue scalar node 648 with op max src0=98 src1=99 dst=101 latency=7 penalty=0
t=358, issue scalar node 257 with op add src0=137 src1=138 dst=140 latency=7 penalty=0
t=362, issue scalar node 231 with op add src0=118 src1=126 dst=127 latency=7 penalty=1
t=362, issue ve node 278 with op reduce_sum src0=115 src1=-1 dst=152 latency=12 penalty=0
t=362, issue sfu node 306 with op exp src0=126 src1=-1 dst=127 latency=32 rounds=8 penalty=0 borrow=0
t=364, issue scalar node 649 with op max src0=100 src1=101 dst=102 latency=7 penalty=0
t=365, issue scalar node 258 with op add src0=139 src1=140 dst=141 latency=7 penalty=0
t=370, issue store node 232 mem=7 latency=0
t=370, issue ve node 281 with op reduce_sum src0=117 src1=-1 dst=153 latency=12 penalty=0
t=370, issue sfu node 309 with op exp src0=128 src1=-1 dst=129 latency=32 rounds=8 penalty=0 borrow=0
t=370, issue load node 668 gpr=20 mem=92 latency=3
t=371, issue ve node 650 with op sub src0=8 src1=102 dst=12 latency=7 penalty=0 half=1
t=371, issue load node 670 gpr=21 mem=93 latency=3
t=372, issue sfu node 259 with op ln src0=141 src1=-1 dst=142 latency=22 rounds=0 penalty=0 borrow=0
t=372, issue load node 672 gpr=22 mem=94 latency=3
t=373, issue ve node 653 with op sub src0=9 src1=102 dst=14 latency=7 penalty=0 half=1
t=373, issue load node 674 gpr=23 mem=95 latency=3
t=374, issue scalar node 285 with op add src0=151 src1=152 dst=155 latency=7 penalty=0
t=374, issue ve node 669 with op reduce_max src0=20 src1=-1 dst=112 latency=7 penalty=0
t=375, issue ve node 656 with op sub src0=10 src1=102 dst=16 latency=7 penalty=0 half=1
t=376, issue ve node 671 with op reduce_max src0=21 src1=-1 dst=113 latency=7 penalty=0
t=377, issue ve node 659 with op sub src0=11 src1=102 dst=18 latency=7 penalty=0 half=1
t=378, issue ve node 284 with op reduce_sum src0=119 src1=-1 dst=154 latency=12 penalty=0
t=378, issue sfu node 312 with op exp src0=130 src1=-1 dst=131 latency=32 rounds=8 penalty=0 borrow=0
t=379, issue ve node 673 with op reduce_max src0=22 src1=-1 dst=114 latency=7 penalty=0
t=380, issue ve node 675 with op reduce_max src0=23 src1=-1 dst=115 latency=7 penalty=0
t=383, issue scalar node 676 with op max src0=112 src1=113 dst=116 latency=7 penalty=0
t=386, issue ve node 304 with op reduce_sum src0=125 src1=-1 dst=167 latency=12 penalty=0
t=386, issue sfu node 332 with op exp src0=136 src1=-1 dst=137 latency=32 rounds=8 penalty=0 borrow=0
t=387, issue scalar node 677 with op max src0=114 src1=115 dst=117 latency=7 penalty=0
t=390, issue scalar node 286 with op add src0=153 src1=154 dst=156 latency=7 penalty=0
t=394, issue scalar node 260 with op add src0=134 src1=142 dst=143 latency=7 penalty=1
t=394, issue ve node 307 with op reduce_sum src0=127 src1=-1 dst=168 latency=12 penalty=0
t=394, issue sfu node 335 with op exp src0=138 src1=-1 dst=139 latency=32 rounds=8 penalty=0 borrow=0
t=396, issue scalar node 678 with op max src0=116 src1=117 dst=118 latency=7 penalty=0
t=397, issue scalar node 287 with op add src0=155 src1=156 dst=157 latency=7 penalty=0
t=402, issue store node 261 mem=8 latency=0
t=402, issue ve node 310 with op reduce_sum src0=129 src1=-1 dst=169 latency=12 penalty=0
t=402, issue sfu node 338 with op exp src0=140 src1=-1 dst=141 latency=32 rounds=8 penalty=0 borrow=0
t=402, issue load node 697 gpr=32 mem=96 latency=3
t=403, issue ve node 679 with op sub src0=20 src1=118 dst=24 latency=7 penalty=0 half=1
t=403, issue load node 699 gpr=33 mem=97 latency=3
t=404, issue sfu node 288 with op ln src0=157 src1=-1 dst=158 latency=22 rounds=0 penalty=0 borrow=0
t=404, issue load node 701 gpr=34 mem=98 latency=3
t=405, issue ve node 682 with op sub src0=21 src1=118 dst=26 latency=7 penalty=0 half=1
t=405, issue load node 703 gpr=35 mem=99 latency=3
t=406, issue scalar node 314 with op add src0=167 src1=168 dst=171 latency=7 penalty=0
t=406, issue ve node 698 with op reduce_max src0=32 src1=-1 dst=128 latency=7 penalty=0
t=407, issue ve node 685 with op sub src0=22 src1=118 dst=28 latency=7 penalty=0 half=1
t=408, issue ve node 700 with op reduce_max src0=33 src1=-1 dst=129 latency=7 penalty=0
t=409, issue ve node 688 with op sub src0=23 src1=118 dst=30 latency=7 penalty=0 half=1
t=410, issue ve node 313 with op reduce_sum src0=131 src1=-1 dst=170 latency=12 penalty=0
t=410, issue sfu node 341 with op exp src0=142 src1=-1 dst=143 latency=32 rounds=8 penalty=0 borrow=0
t=411, issue ve node 702 with op reduce_max src0=34 src1=-1 dst=130 latency=7 penalty=0
t=412, issue ve node 704 with op reduce_max src0=35 src1=-1 dst=131 latency=7 penalty=0
t=415, issue scalar node 705 with op max src0=128 src1=129 dst=132 latency=7 penalty=0
t=418, issue ve node 333 with op reduce_sum src0=137 src1=-1 dst=183 latency=12 penalty=0
t=418, issue sfu node 361 with op exp src0=148 src1=-1 dst=149 latency=32 rounds=8 penalty=0 borrow=0
t=419, issue scalar node 706 with op max src0=130 src1=131 dst=133 latency=7 penalty=0
t=422, issue scalar node 315 with op add src0=169 src1=170 dst=172 latency=7 penalty=0
t=426, issue scalar node 289 with op add src0=150 src1=158 dst=159 latency=7 penalty=1
t=426, issue ve node 336 with op reduce_sum src0=139 src1=-1 dst=184 latency=12 penalty=0
t=426, issue sfu node 364 with op exp src0=150 src1=-1 dst=151 latency=32 rounds=8 penalty=0 borrow=0
t=428, issue scalar node 707 with op max src0=132 src1=133 dst=134 latency=7 penalty=0
t=429, issue scalar node 316 with op add src0=171 src1=172 dst=173 latency=7 penalty=0
t=434, issue store node 290 mem=9 latency=0
t=434, issue ve node 339 with op reduce_sum src0=141 src1=-1 dst=185 latency=12 penalty=0
t=434, issue sfu node 367 with op exp src0=152 src1=-1 dst=153 latency=32 rounds=8 penalty=0 borrow=0
t=434, issue load node 726 gpr=44 mem=100 latency=3
t=435, issue ve node 708 with op sub src0=32 src1=134 dst=36 latency=7 penalty=0 half=1
t=435, issue load node 728 gpr=45 mem=101 latency=3
t=436, issue sfu node 317 with op ln src0=173 src1=-1 dst=174 latency=22 rounds=0 penalty=0 borrow=0
t=436, issue load node 730 gpr=46 mem=102 latency=3
t=437, issue ve node 711 with op sub src0=33 src1=134 dst=38 latency=7 penalty=0 half=1
t=437, issue load node 732 gpr=47 mem=103 latency=3
t=438, issue scalar node 343 with op add src0=183 src1=184 dst=187 latency=7 penalty=0
t=438, issue ve node 727 with op reduce_max src0=44 src1=-1 dst=144 latency=7 penalty=0
t=439, issue ve node 714 with op sub src0=34 src1=134 dst=40 latency=7 penalty=0 half=1
t=440, issue ve node 729 with op reduce_max src0=45 src1=-1 dst=145 latency=7 penalty=0
t=441, issue ve node 717 with op sub src0=35 src1=134 dst=42 latency=7 penalty=0 half=1
t=442, issue ve node 342 with op reduce_sum src0=143 src1=-1 dst=186 latency=12 penalty=0
t=442, issue sfu node 370 with op exp src0=154 src1=-1 dst=155 latency=32 rounds=8 penalty=0 borrow=0
t=443, issue ve node 731 with op reduce_max src0=46 src1=-1 dst=146 latency=7 penalty=0
t=444, issue ve node 733 with op reduce_max src0=47 src1=-1 dst=147 latency=7 penalty=0
t=447, issue scalar node 734 with op max src0=144 src1=145 dst=148 latency=7 penalty=0
t=450, issue ve node 362 with op reduce_sum src0=149 src1=-1 dst=199 latency=12 penalty=0
t=450, issue sfu node 390 with op exp src0=160 src1=-1 dst=161 latency=32 rounds=8 penalty=0 borrow=0
t=451, issue scalar node 735 with op max src0=146 src1=147 dst=149 latency=7 penalty=0
t=454, issue scalar node 344 with op add src0=185 src1=186 dst=188 latency=7 penalty=0
t=458, issue scalar node 318 with op add src0=166 src1=174 dst=175 latency=7 penalty=1
t=458, issue ve node 365 with op reduce_sum src0=151 src1=-1 dst=200 latency=12 penalty=0
t=458, issue sfu node 393 with op exp src0=162 src1=-1 dst=163 latency=32 rounds=8 penalty=0 borrow=0
t=460, issue scalar node 736 with op max src0=148 src1=149 dst=150 latency=7 penalty=0
t=461, issue scalar node 345 with op add src0=187 src1=188 dst=189 latency=7 penalty=0
t=466, issue store node 319 mem=10 latency=0
t=466, issue ve node 368 with op reduce_sum src0=153 src1=-1 dst=201 latency=12 penalty=0
t=466, issue sfu node 396 with op exp src0=164 src1=-1 dst=165 latency=32 rounds=8 penalty=0 borrow=0
t=466, issue load node 755 gpr=56 mem=104 latency=3
t=467, issue ve node 737 with op sub src0=44 src1=150 dst=48 latency=7 penalty=0 half=1
t=467, issue load node 757 gpr=57 mem=105 latency=3
t=468, issue sfu node 346 with op ln src0=189 src1=-1 dst=190 latency=22 rounds=0 penalty=0 borrow=0
t=468, issue load node 759 gpr=58 mem=106 latency=3
t=469, issue ve node 740 with op sub src0=45 src1=150 dst=50 latency=7 penalty=0 half=1
t=469, issue load node 761 gpr=59 mem=107 latency=3
t=470, issue scalar node 372 with op add src0=199 src1=200 dst=203 latency=7 penalty=0
t=470, issue ve node 756 with op reduce_max src0=56 src1=-1 dst=160 latency=7 penalty=0
t=471, issue ve node 743 with op sub src0=46 src1=150 dst=52 latency=7 penalty=0 half=1
t=472, issue ve node 758 with op reduce_max src0=57 src1=-1 dst=161 latency=7 penalty=0
t=473, issue ve node 746 with op sub src0=47 src1=150 dst=54 latency=7 penalty=0 half=1
t=474, issue ve node 371 with op reduce_sum src0=155 src1=-1 dst=202 latency=12 penalty=0
t=474, issue sfu node 399 with op exp src0=166 src1=-1 dst=167 latency=32 rounds=8 penalty=0 borrow=0
t=475, issue ve node 760 with op reduce_max src0=58 src1=-1 dst=162 latency=7 penalty=0
t=476, issue ve node 762 with op reduce_max src0=59 src1=-1 dst=163 latency=7 penalty=0
t=479, issue scalar node 763 with op max src0=160 src1=161 dst=164 latency=7 penalty=0
t=482, issue ve node 391 with op reduce_sum src0=161 src1=-1 dst=215 latency=12 penalty=0
t=482, issue sfu node 419 with op exp src0=172 src1=-1 dst=173 latency=32 rounds=8 penalty=0 borrow=0
t=483, issue scalar node 764 with op max src0=162 src1=163 dst=165 latency=7 penalty=0
t=486, issue scalar node 373 with op add src0=201 src1=202 dst=204 latency=7 penalty=0
t=490, issue scalar node 347 with op add src0=182 src1=190 dst=191 latency=7 penalty=1
t=490, issue ve node 394 with op reduce_sum src0=163 src1=-1 dst=216 latency=12 penalty=0
t=490, issue sfu node 422 with op exp src0=174 src1=-1 dst=175 latency=32 rounds=8 penalty=0 borrow=0
t=492, issue scalar node 765 with op max src0=164 src1=165 dst=166 latency=7 penalty=0
t=493, issue scalar node 374 with op add src0=203 src1=204 dst=205 latency=7 penalty=0
t=498, issue store node 348 mem=11 latency=0
t=498, issue ve node 397 with op reduce_sum src0=165 src1=-1 dst=217 latency=12 penalty=0
t=498, issue sfu node 425 with op exp src0=176 src1=-1 dst=177 latency=32 rounds=8 penalty=0 borrow=0
t=498, issue load node 784 gpr=68 mem=108 latency=3
t=499, issue ve node 766 with op sub src0=56 src1=166 dst=60 latency=7 penalty=0 half=1
t=499, issue load node 786 gpr=69 mem=109 latency=3
t=500, issue sfu node 375 with op ln src0=205 src1=-1 dst=206 latency=22 rounds=0 penalty=0 borrow=0
t=500, issue load node 788 gpr=70 mem=110 latency=3
t=501, issue ve node 769 with op sub src0=57 src1=166 dst=62 latency=7 penalty=0 half=1
t=501, issue load node 790 gpr=71 mem=111 latency=3
t=502, issue scalar node 401 with op add src0=215 src1=216 dst=219 latency=7 penalty=0
t=502, issue ve node 785 with op reduce_max src0=68 src1=-1 dst=176 latency=7 penalty=0
t=503, issue ve node 772 with op sub src0=58 src1=166 dst=64 latency=7 penalty=0 half=1
t=504, issue ve node 787 with op reduce_max src0=69 src1=-1 dst=177 latency=7 penalty=0
t=505, issue ve node 775 with op sub src0=59 src1=166 dst=66 latency=7 penalty=0 half=1
t=506, issue ve node 400 with op reduce_sum src0=167 src1=-1 dst=218 latency=12 penalty=0
t=506, issue sfu node 428 with op exp src0=178 src1=-1 dst=179 latency=32 rounds=8 penalty=0 borrow=0
t=507, issue ve node 789 with op reduce_max src0=70 src1=-1 dst=178 latency=7 penalty=0
t=508, issue ve node 791 with op reduce_max src0=71 src1=-1 dst=179 latency=7 penalty=0
t=511, issue scalar node 792 with op max src0=176 src1=177 dst=180 latency=7 penalty=0
t=514, issue ve node 420 with op reduce_sum src0=173 src1=-1 dst=231 latency=12 penalty=0
t=514, issue sfu node 448 with op exp src0=184 src1=-1 dst=185 latency=32 rounds=8 penalty=0 borrow=0
t=515, issue scalar node 793 with op max src0=178 src1=179 dst=181 latency=7 penalty=0
t=518, issue scalar node 402 with op add src0=217 src1=218 dst=220 latency=7 penalty=0
t=522, issue scalar node 376 with op add src0=198 src1=206 dst=207 latency=7 penalty=1
t=522, issue ve node 423 with op reduce_sum src0=175 src1=-1 dst=232 latency=12 penalty=0
t=522, issue sfu node 451 with op exp src0=186 src1=-1 dst=187 latency=32 rounds=8 penalty=0 borrow=0
t=524, issue scalar node 794 with op max src0=180 src1=181 dst=182 latency=7 penalty=0
t=525, issue scalar node 403 with op add src0=219 src1=220 dst=221 latency=7 penalty=0
t=530, issue store node 377 mem=12 latency=0
t=530, issue ve node 426 with op reduce_sum src0=177 src1=-1 dst=233 latency=12 penalty=0
t=530, issue sfu node 454 with op exp src0=188 src1=-1 dst=189 latency=32 rounds=8 penalty=0 borrow=0
t=530, issue load node 813 gpr=80 mem=112 latency=3
t=531, issue ve node 795 with op sub src0=68 src1=182 dst=72 latency=7 penalty=0 half=1
t=531, issue load node 815 gpr=81 mem=113 latency=3
t=532, issue sfu node 404 with op ln src0=221 src1=-1 dst=222 latency=22 rounds=0 penalty=0 borrow=0
t=532, issue load node 817 gpr=82 mem=114 latency=3
t=533, issue ve node 798 with op sub src0=69 src1=182 dst=74 latency=7 penalty=0 half=1
t=533, issue load node 819 gpr=83 mem=115 latency=3
t=534, issue scalar node 430 with op add src0=231 src1=232 dst=235 latency=7 penalty=0
t=534, issue ve node 814 with op reduce_max src0=80 src1=-1 dst=192 latency=7 penalty=0
t=535, issue ve node 801 with op sub src0=70 src1=182 dst=76 latency=7 penalty=0 half=1
t=536, issue ve node 816 with op reduce_max src0=81 src1=-1 dst=193 latency=7 penalty=0
t=537, issue ve node 804 with op sub src0=71 src1=182 dst=78 latency=7 penalty=0 half=1
t=538, issue ve node 429 with op reduce_sum src0=179 src1=-1 dst=234 latency=12 penalty=0
t=538, issue sfu node 457 with op exp src0=190 src1=-1 dst=191 latency=32 rounds=8 penalty=0 borrow=0
t=539, issue ve node 818 with op reduce_max src0=82 src1=-1 dst=194 latency=7 penalty=0
t=540, issue ve node 820 with op reduce_max src0=83 src1=-1 dst=195 latency=7 penalty=0
t=543, issue scalar node 821 with op max src0=192 src1=193 dst=196 latency=7 penalty=0
t=546, issue ve node 449 with op reduce_sum src0=185 src1=-1 dst=247 latency=12 penalty=0
t=546, issue sfu node 477 with op exp src0=196 src1=-1 dst=197 latency=32 rounds=8 penalty=0 borrow=0
t=547, issue scalar node 822 with op max src0=194 src1=195 dst=197 latency=7 penalty=0
t=550, issue scalar node 431 with op add src0=233 src1=234 dst=236 latency=7 penalty=0
t=554, issue scalar node 405 with op add src0=214 src1=222 dst=223 latency=7 penalty=1
t=554, issue ve node 452 with op reduce_sum src0=187 src1=-1 dst=248 latency=12 penalty=0
t=554, issue sfu node 480 with op exp src0=198 src1=-1 dst=199 latency=32 rounds=8 penalty=0 borrow=0
t=556, issue scalar node 823 with op max src0=196 src1=197 dst=198 latency=7 penalty=0
t=557, issue scalar node 432 with op add src0=235 src1=236 dst=237 latency=7 penalty=0
t=562, issue store node 406 mem=13 latency=0
t=562, issue ve node 455 with op reduce_sum src0=189 src1=-1 dst=249 latency=12 penalty=0
t=562, issue sfu node 483 with op exp src0=200 src1=-1 dst=201 latency=32 rounds=8 penalty=0 borrow=0
t=562, issue load node 842 gpr=92 mem=116 latency=3
t=563, issue ve node 824 with op sub src0=80 src1=198 dst=84 latency=7 penalty=0 half=1
t=563, issue load node 844 gpr=93 mem=117 latency=3
t=564, issue sfu node 433 with op ln src0=237 src1=-1 dst=238 latency=22 rounds=0 penalty=0 borrow=0
t=564, issue load node 846 gpr=94 mem=118 latency=3
t=565, issue ve node 827 with op sub src0=81 src1=198 dst=86 latency=7 penalty=0 half=1
t=565, issue load node 848 gpr=95 mem=119 latency=3
t=566, issue scalar node 459 with op add src0=247 src1=248 dst=251 latency=7 penalty=0
t=566, issue ve node 843 with op reduce_max src0=92 src1=-1 dst=208 latency=7 penalty=0
t=567, issue ve node 830 with op sub src0=82 src1=198 dst=88 latency=7 penalty=0 half=1
t=568, issue ve node 845 with op reduce_max src0=93 src1=-1 dst=209 latency=7 penalty=0
t=569, issue ve node 833 with op sub src0=83 src1=198 dst=90 latency=7 penalty=0 half=1
t=570, issue ve node 458 with op reduce_sum src0=191 src1=-1 dst=250 latency=12 penalty=0
t=570, issue sfu node 486 with op exp src0=202 src1=-1 dst=203 latency=32 rounds=8 penalty=0 borrow=0
t=571, issue ve node 847 with op reduce_max src0=94 src1=-1 dst=210 latency=7 penalty=0
t=572, issue ve node 849 with op reduce_max src0=95 src1=-1 dst=211 latency=7 penalty=0
t=575, issue scalar node 850 with op max src0=208 src1=209 dst=212 latency=7 penalty=0
t=578, issue ve node 478 with op reduce_sum src0=197 src1=-1 dst=7 latency=12 penalty=0
t=578, issue sfu node 506 with op exp src0=208 src1=-1 dst=209 latency=32 rounds=8 penalty=0 borrow=0
t=579, issue scalar node 851 with op max src0=210 src1=211 dst=213 latency=7 penalty=0
t=582, issue scalar node 460 with op add src0=249 src1=250 dst=252 latency=7 penalty=0
t=586, issue scalar node 434 with op add src0=230 src1=238 dst=239 latency=7 penalty=1
t=586, issue ve node 481 with op reduce_sum src0=199 src1=-1 dst=8 latency=12 penalty=0
t=586, issue sfu node 509 with op exp src0=210 src1=-1 dst=211 latency=32 rounds=8 penalty=0 borrow=0
t=588, issue scalar node 852 with op max src0=212 src1=213 dst=214 latency=7 penalty=0
t=589, issue scalar node 461 with op add src0=251 src1=252 dst=253 latency=7 penalty=0
t=594, issue store node 435 mem=14 latency=0
t=594, issue ve node 484 with op reduce_sum src0=201 src1=-1 dst=9 latency=12 penalty=0
t=594, issue sfu node 512 with op exp src0=212 src1=-1 dst=213 latency=32 rounds=8 penalty=0 borrow=0
t=594, issue load node 871 gpr=104 mem=120 latency=3
t=595, issue ve node 853 with op sub src0=92 src1=214 dst=96 latency=7 penalty=0 half=1
t=595, issue load node 873 gpr=105 mem=121 latency=3
t=596, issue sfu node 462 with op ln src0=253 src1=-1 dst=254 latency=22 rounds=0 penalty=0 borrow=0
t=596, issue load node 875 gpr=106 mem=122 latency=3
t=597, issue ve node 856 with op sub src0=93 src1=214 dst=98 latency=7 penalty=0 half=1
t=597, issue load node 877 gpr=107 mem=123 latency=3
t=598, issue scalar node 488 with op add src0=7 src1=8 dst=11 latency=7 penalty=0
t=598, issue ve node 872 with op reduce_max src0=104 src1=-1 dst=224 latency=7 penalty=0
t=599, issue ve node 859 with op sub src0=94 src1=214 dst=100 latency=7 penalty=0 half=1
t=600, issue ve node 874 with op reduce_max src0=105 src1=-1 dst=225 latency=7 penalty=0
t=601, issue ve node 862 with op sub src0=95 src1=214 dst=102 latency=7 penalty=0 half=1
t=602, issue ve node 487 with op reduce_sum src0=203 src1=-1 dst=10 latency=12 penalty=0
t=602, issue sfu node 515 with op exp src0=214 src1=-1 dst=215 latency=32 rounds=8 penalty=0 borrow=0
t=603, issue ve node 876 with op reduce_max src0=106 src1=-1 dst=226 latency=7 penalty=0
t=604, issue ve node 878 with op reduce_max src0=107 src1=-1 dst=227 latency=7 penalty=0
t=607, issue scalar node 879 with op max src0=224 src1=225 dst=228 latency=7 penalty=0
t=610, issue ve node 507 with op reduce_sum src0=209 src1=-1 dst=23 latency=12 penalty=0
t=610, issue sfu node 535 with op exp src0=220 src1=-1 dst=221 latency=32 rounds=8 penalty=0 borrow=0
t=611, issue scalar node 880 with op max src0=226 src1=227 dst=229 latency=7 penalty=0
t=614, issue scalar node 489 with op add src0=9 src1=10 dst=12 latency=7 penalty=0
t=618, issue scalar node 463 with op add src0=246 src1=254 dst=255 latency=7 penalty=1
t=618, issue ve node 510 with op reduce_sum src0=211 src1=-1 dst=24 latency=12 penalty=0
t=618, issue sfu node 538 with op exp src0=222 src1=-1 dst=223 latency=32 rounds=8 penalty=0 borrow=0
t=620, issue scalar node 881 with op max src0=228 src1=229 dst=230 latency=7 penalty=0
t=621, issue scalar node 490 with op add src0=11 src1=12 dst=13 latency=7 penalty=0
t=626, issue store node 464 mem=15 latency=0
t=626, issue ve node 513 with op reduce_sum src0=213 src1=-1 dst=25 latency=12 penalty=0
t=626, issue sfu node 541 with op exp src0=224 src1=-1 dst=225 latency=32 rounds=8 penalty=0 borrow=0
t=626, issue load node 900 gpr=116 mem=124 latency=3
t=627, issue ve node 882 with op sub src0=104 src1=230 dst=108 latency=7 penalty=0 half=1
t=627, issue load node 902 gpr=117 mem=125 latency=3
t=628, issue sfu node 491 with op ln src0=13 src1=-1 dst=14 latency=22 rounds=0 penalty=0 borrow=0
t=628, issue load node 904 gpr=118 mem=126 latency=3
t=629, issue ve node 885 with op sub src0=105 src1=230 dst=110 latency=7 penalty=0 half=1
t=629, issue load node 906 gpr=119 mem=127 latency=3
t=630, issue scalar node 517 with op add src0=23 src1=24 dst=27 latency=7 penalty=0
t=630, issue ve node 901 with op reduce_max src0=116 src1=-1 dst=240 latency=7 penalty=0
t=631, issue ve node 888 with op sub src0=106 src1=230 dst=112 latency=7 penalty=0 half=1
t=632, issue ve node 903 with op reduce_max src0=117 src1=-1 dst=241 latency=7 penalty=0
t=633, issue ve node 891 with op sub src0=107 src1=230 dst=114 latency=7 penalty=0 half=1
t=634, issue ve node 516 with op reduce_sum src0=215 src1=-1 dst=26 latency=12 penalty=0
t=634, issue sfu node 544 with op exp src0=226 src1=-1 dst=227 latency=32 rounds=8 penalty=0 borrow=0
t=635, issue ve node 905 with op reduce_max src0=118 src1=-1 dst=242 latency=7 penalty=0
t=636, issue ve node 907 with op reduce_max src0=119 src1=-1 dst=243 latency=7 penalty=0
t=639, issue scalar node 908 with op max src0=240 src1=241 dst=244 latency=7 penalty=0
t=642, issue ve node 536 with op reduce_sum src0=221 src1=-1 dst=39 latency=12 penalty=0
t=642, issue sfu node 564 with op exp src0=232 src1=-1 dst=233 latency=32 rounds=8 penalty=0 borrow=0
t=643, issue scalar node 909 with op max src0=242 src1=243 dst=245 latency=7 penalty=0
t=646, issue scalar node 518 with op add src0=25 src1=26 dst=28 latency=7 penalty=0
t=650, issue scalar node 492 with op add src0=6 src1=14 dst=15 latency=7 penalty=1
t=650, issue ve node 539 with op reduce_sum src0=223 src1=-1 dst=40 latency=12 penalty=0
t=650, issue sfu node 567 with op exp src0=234 src1=-1 dst=235 latency=32 rounds=8 penalty=0 borrow=0
t=652, issue scalar node 910 with op max src0=244 src1=245 dst=246 latency=7 penalty=0
t=653, issue scalar node 519 with op add src0=27 src1=28 dst=29 latency=7 penalty=0
t=658, issue store node 493 mem=16 latency=0
t=658, issue ve node 542 with op reduce_sum src0=225 src1=-1 dst=41 latency=12 penalty=0
t=658, issue sfu node 570 with op exp src0=236 src1=-1 dst=237 latency=32 rounds=8 penalty=0 borrow=0
t=659, issue ve node 911 with op sub src0=116 src1=246 dst=120 latency=7 penalty=0 half=1
t=660, issue sfu node 520 with op ln src0=29 src1=-1 dst=30 latency=22 rounds=0 penalty=0 borrow=0
t=661, issue ve node 914 with op sub src0=117 src1=246 dst=122 latency=7 penalty=0 half=1
t=662, issue scalar node 546 with op add src0=39 src1=40 dst=43 latency=7 penalty=0
t=663, issue ve node 917 with op sub src0=118 src1=246 dst=124 latency=7 penalty=0 half=1
t=665, issue ve node 920 with op sub src0=119 src1=246 dst=126 latency=7 penalty=0 half=1
t=666, issue ve node 545 with op reduce_sum src0=227 src1=-1 dst=42 latency=12 penalty=0
t=666, issue sfu node 573 with op exp src0=238 src1=-1 dst=239 latency=32 rounds=8 penalty=0 borrow=0
t=674, issue ve node 565 with op reduce_sum src0=233 src1=-1 dst=55 latency=12 penalty=0
t=674, issue sfu node 593 with op exp src0=244 src1=-1 dst=245 latency=32 rounds=8 penalty=0 borrow=0
t=678, issue scalar node 547 with op add src0=41 src1=42 dst=44 latency=7 penalty=0
t=682, issue scalar node 521 with op add src0=22 src1=30 dst=31 latency=7 penalty=1
t=682, issue ve node 568 with op reduce_sum src0=235 src1=-1 dst=56 latency=12 penalty=0
t=682, issue sfu node 596 with op exp src0=246 src1=-1 dst=247 latency=32 rounds=8 penalty=0 borrow=0
t=685, issue scalar node 548 with op add src0=43 src1=44 dst=45 latency=7 penalty=0
t=690, issue store node 522 mem=17 latency=0
t=690, issue ve node 571 with op reduce_sum src0=237 src1=-1 dst=57 latency=12 penalty=0
t=690, issue sfu node 599 with op exp src0=248 src1=-1 dst=249 latency=32 rounds=8 penalty=0 borrow=0
t=692, issue sfu node 549 with op ln src0=45 src1=-1 dst=46 latency=22 rounds=0 penalty=0 borrow=0
t=694, issue scalar node 575 with op add src0=55 src1=56 dst=59 latency=7 penalty=0
t=698, issue ve node 574 with op reduce_sum src0=239 src1=-1 dst=58 latency=12 penalty=0
t=698, issue sfu node 602 with op exp src0=250 src1=-1 dst=251 latency=32 rounds=8 penalty=0 borrow=0
t=706, issue ve node 594 with op reduce_sum src0=245 src1=-1 dst=71 latency=12 penalty=0
t=706, issue sfu node 622 with op exp src0=0 src1=-1 dst=1 latency=32 rounds=8 penalty=0 borrow=0
t=710, issue scalar node 576 with op add src0=57 src1=58 dst=60 latency=7 penalty=0
t=714, issue scalar node 550 with op add src0=38 src1=46 dst=47 latency=7 penalty=1
t=714, issue ve node 597 with op reduce_sum src0=247 src1=-1 dst=72 latency=12 penalty=0
t=714, issue sfu node 625 with op exp src0=2 src1=-1 dst=3 latency=32 rounds=8 penalty=0 borrow=0
t=717, issue scalar node 577 with op add src0=59 src1=60 dst=61 latency=7 penalty=0
t=722, issue store node 551 mem=18 latency=0
t=722, issue ve node 600 with op reduce_sum src0=249 src1=-1 dst=73 latency=12 penalty=0
t=722, issue sfu node 628 with op exp src0=4 src1=-1 dst=5 latency=32 rounds=8 penalty=0 borrow=0
t=724, issue sfu node 578 with op ln src0=61 src1=-1 dst=62 latency=22 rounds=0 penalty=0 borrow=0
t=726, issue scalar node 604 with op add src0=71 src1=72 dst=75 latency=7 penalty=0
t=730, issue ve node 603 with op reduce_sum src0=251 src1=-1 dst=74 latency=12 penalty=0
t=730, issue sfu node 631 with op exp src0=6 src1=-1 dst=7 latency=32 rounds=8 penalty=0 borrow=0
t=738, issue ve node 623 with op reduce_sum src0=1 src1=-1 dst=87 latency=12 penalty=0
t=738, issue sfu node 651 with op exp src0=12 src1=-1 dst=13 latency=32 rounds=8 penalty=0 borrow=0
t=742, issue scalar node 605 with op add src0=73 src1=74 dst=76 latency=7 penalty=0
t=746, issue scalar node 579 with op add src0=54 src1=62 dst=63 latency=7 penalty=1
t=746, issue ve node 626 with op reduce_sum src0=3 src1=-1 dst=88 latency=12 penalty=0
t=746, issue sfu node 654 with op exp src0=14 src1=-1 dst=15 latency=32 rounds=8 penalty=0 borrow=0
t=749, issue scalar node 606 with op add src0=75 src1=76 dst=77 latency=7 penalty=0
t=754, issue store node 580 mem=19 latency=0
t=754, issue ve node 629 with op reduce_sum src0=5 src1=-1 dst=89 latency=12 penalty=0
t=754, issue sfu node 657 with op exp src0=16 src1=-1 dst=17 latency=32 rounds=8 penalty=0 borrow=0
t=756, issue sfu node 607 with op ln src0=77 src1=-1 dst=78 latency=22 rounds=0 penalty=0 borrow=0
t=758, issue scalar node 633 with op add src0=87 src1=88 dst=91 latency=7 penalty=0
t=762, issue ve node 632 with op reduce_sum src0=7 src1=-1 dst=90 latency=12 penalty=0
t=762, issue sfu node 660 with op exp src0=18 src1=-1 dst=19 latency=32 rounds=8 penalty=0 borrow=0
t=770, issue ve node 652 with op reduce_sum src0=13 src1=-1 dst=103 latency=12 penalty=0
t=770, issue sfu node 680 with op exp src0=24 src1=-1 dst=25 latency=32 rounds=8 penalty=0 borrow=0
t=774, issue scalar node 634 with op add src0=89 src1=90 dst=92 latency=7 penalty=0
t=778, issue scalar node 608 with op add src0=70 src1=78 dst=79 latency=7 penalty=1
t=778, issue ve node 655 with op reduce_sum src0=15 src1=-1 dst=104 latency=12 penalty=0
t=778, issue sfu node 683 with op exp src0=26 src1=-1 dst=27 latency=32 rounds=8 penalty=0 borrow=0
t=781, issue scalar node 635 with op add src0=91 src1=92 dst=93 latency=7 penalty=0
t=786, issue store node 609 mem=20 latency=0
t=786, issue ve node 658 with op reduce_sum src0=17 src1=-1 dst=105 latency=12 penalty=0
t=786, issue sfu node 686 with op exp src0=28 src1=-1 dst=29 latency=32 rounds=8 penalty=0 borrow=0
t=788, issue sfu node 636 with op ln src0=93 src1=-1 dst=94 latency=22 rounds=0 penalty=0 borrow=0
t=790, issue scalar node 662 with op add src0=103 src1=104 dst=107 latency=7 penalty=0
t=794, issue ve node 661 with op reduce_sum src0=19 src1=-1 dst=106 latency=12 penalty=0
t=794, issue sfu node 689 with op exp src0=30 src1=-1 dst=31 latency=32 rounds=8 penalty=0 borrow=0
t=802, issue ve node 681 with op reduce_sum src0=25 src1=-1 dst=119 latency=12 penalty=0
t=802, issue sfu node 709 with op exp src0=36 src1=-1 dst=37 latency=32 rounds=8 penalty=0 borrow=0
t=806, issue scalar node 663 with op add src0=105 src1=106 dst=108 latency=7 penalty=0
t=810, issue scalar node 637 with op add src0=86 src1=94 dst=95 latency=7 penalty=1
t=810, issue ve node 684 with op reduce_sum src0=27 src1=-1 dst=120 latency=12 penalty=0
t=810, issue sfu node 712 with op exp src0=38 src1=-1 dst=39 latency=32 rounds=8 penalty=0 borrow=0
t=813, issue scalar node 664 with op add src0=107 src1=108 dst=109 latency=7 penalty=0
t=818, issue store node 638 mem=21 latency=0
t=818, issue ve node 687 with op reduce_sum src0=29 src1=-1 dst=121 latency=12 penalty=0
t=818, issue sfu node 715 with op exp src0=40 src1=-1 dst=41 latency=32 rounds=8 penalty=0 borrow=0
t=820, issue sfu node 665 with op ln src0=109 src1=-1 dst=110 latency=22 rounds=0 penalty=0 borrow=0
t=822, issue scalar node 691 with op add src0=119 src1=120 dst=123 latency=7 penalty=0
t=826, issue ve node 690 with op reduce_sum src0=31 src1=-1 dst=122 latency=12 penalty=0
t=826, issue sfu node 718 with op exp src0=42 src1=-1 dst=43 latency=32 rounds=8 penalty=0 borrow=0
t=834, issue ve node 710 with op reduce_sum src0=37 src1=-1 dst=135 latency=12 penalty=0
t=834, issue sfu node 738 with op exp src0=48 src1=-1 dst=49 latency=32 rounds=8 penalty=0 borrow=0
t=838, issue scalar node 692 with op add src0=121 src1=122 dst=124 latency=7 penalty=0
t=842, issue scalar node 666 with op add src0=102 src1=110 dst=111 latency=7 penalty=1
t=842, issue ve node 713 with op reduce_sum src0=39 src1=-1 dst=136 latency=12 penalty=0
t=842, issue sfu node 741 with op exp src0=50 src1=-1 dst=51 latency=32 rounds=8 penalty=0 borrow=0
t=845, issue scalar node 693 with op add src0=123 src1=124 dst=125 latency=7 penalty=0
t=850, issue store node 667 mem=22 latency=0
t=850, issue ve node 716 with op reduce_sum src0=41 src1=-1 dst=137 latency=12 penalty=0
t=850, issue sfu node 744 with op exp src0=52 src1=-1 dst=53 latency=32 rounds=8 penalty=0 borrow=0
t=852, issue sfu node 694 with op ln src0=125 src1=-1 dst=126 latency=22 rounds=0 penalty=0 borrow=0
t=854, issue scalar node 720 with op add src0=135 src1=136 dst=139 latency=7 penalty=0
t=858, issue ve node 719 with op reduce_sum src0=43 src1=-1 dst=138 latency=12 penalty=0
t=858, issue sfu node 747 with op exp src0=54 src1=-1 dst=55 latency=32 rounds=8 penalty=0 borrow=0
t=866, issue ve node 739 with op reduce_sum src0=49 src1=-1 dst=151 latency=12 penalty=0
t=866, issue sfu node 767 with op exp src0=60 src1=-1 dst=61 latency=32 rounds=8 penalty=0 borrow=0
t=870, issue scalar node 721 with op add src0=137 src1=138 dst=140 latency=7 penalty=0
t=874, issue scalar node 695 with op add src0=118 src1=126 dst=127 latency=7 penalty=1
t=874, issue ve node 742 with op reduce_sum src0=51 src1=-1 dst=152 latency=12 penalty=0
t=874, issue sfu node 770 with op exp src0=62 src1=-1 dst=63 latency=32 rounds=8 penalty=0 borrow=0
t=877, issue scalar node 722 with op add src0=139 src1=140 dst=141 latency=7 penalty=0
t=882, issue store node 696 mem=23 latency=0
t=882, issue ve node 745 with op reduce_sum src0=53 src1=-1 dst=153 latency=12 penalty=0
t=882, issue sfu node 773 with op exp src0=64 src1=-1 dst=65 latency=32 rounds=8 penalty=0 borrow=0
t=884, issue sfu node 723 with op ln src0=141 src1=-1 dst=142 latency=22 rounds=0 penalty=0 borrow=0
t=886, issue scalar node 749 with op add src0=151 src1=152 dst=155 latency=7 penalty=0
t=890, issue ve node 748 with op reduce_sum src0=55 src1=-1 dst=154 latency=12 penalty=0
t=890, issue sfu node 776 with op exp src0=66 src1=-1 dst=67 latency=32 rounds=8 penalty=0 borrow=0
t=898, issue ve node 768 with op reduce_sum src0=61 src1=-1 dst=167 latency=12 penalty=0
t=898, issue sfu node 796 with op exp src0=72 src1=-1 dst=73 latency=32 rounds=8 penalty=0 borrow=0
t=902, issue scalar node 750 with op add src0=153 src1=154 dst=156 latency=7 penalty=0
t=906, issue scalar node 724 with op add src0=134 src1=142 dst=143 latency=7 penalty=1
t=906, issue ve node 771 with op reduce_sum src0=63 src1=-1 dst=168 latency=12 penalty=0
t=906, issue sfu node 799 with op exp src0=74 src1=-1 dst=75 latency=32 rounds=8 penalty=0 borrow=0
t=909, issue scalar node 751 with op add src0=155 src1=156 dst=157 latency=7 penalty=0
t=914, issue store node 725 mem=24 latency=0
t=914, issue ve node 774 with op reduce_sum src0=65 src1=-1 dst=169 latency=12 penalty=0
t=914, issue sfu node 802 with op exp src0=76 src1=-1 dst=77 latency=32 rounds=8 penalty=0 borrow=0
t=916, issue sfu node 752 with op ln src0=157 src1=-1 dst=158 latency=22 rounds=0 penalty=0 borrow=0
t=918, issue scalar node 778 with op add src0=167 src1=168 dst=171 latency=7 penalty=0
t=922, issue ve node 777 with op reduce_sum src0=67 src1=-1 dst=170 latency=12 penalty=0
t=922, issue sfu node 805 with op exp src0=78 src1=-1 dst=79 latency=32 rounds=8 penalty=0 borrow=0
t=930, issue ve node 797 with op reduce_sum src0=73 src1=-1 dst=183 latency=12 penalty=0
t=930, issue sfu node 825 with op exp src0=84 src1=-1 dst=85 latency=32 rounds=8 penalty=0 borrow=0
t=934, issue scalar node 779 with op add src0=169 src1=170 dst=172 latency=7 penalty=0
t=938, issue scalar node 753 with op add src0=150 src1=158 dst=159 latency=7 penalty=1
t=938, issue ve node 800 with op reduce_sum src0=75 src1=-1 dst=184 latency=12 penalty=0
t=938, issue sfu node 828 with op exp src0=86 src1=-1 dst=87 latency=32 rounds=8 penalty=0 borrow=0
t=941, issue scalar node 780 with op add src0=171 src1=172 dst=173 latency=7 penalty=0
t=946, issue store node 754 mem=25 latency=0
t=946, issue ve node 803 with op reduce_sum src0=77 src1=-1 dst=185 latency=12 penalty=0
t=946, issue sfu node 831 with op exp src0=88 src1=-1 dst=89 latency=32 rounds=8 penalty=0 borrow=0
t=948, issue sfu node 781 with op ln src0=173 src1=-1 dst=174 latency=22 rounds=0 penalty=0 borrow=0
t=950, issue scalar node 807 with op add src0=183 src1=184 dst=187 latency=7 penalty=0
t=954, issue ve node 806 with op reduce_sum src0=79 src1=-1 dst=186 latency=12 penalty=0
t=954, issue sfu node 834 with op exp src0=90 src1=-1 dst=91 latency=32 rounds=8 penalty=0 borrow=0
t=962, issue ve node 826 with op reduce_sum src0=85 src1=-1 dst=199 latency=12 penalty=0
t=962, issue sfu node 854 with op exp src0=96 src1=-1 dst=97 latency=32 rounds=8 penalty=0 borrow=0
t=966, issue scalar node 808 with op add src0=185 src1=186 dst=188 latency=7 penalty=0
t=970, issue scalar node 782 with op add src0=166 src1=174 dst=175 latency=7 penalty=1
t=970, issue ve node 829 with op reduce_sum src0=87 src1=-1 dst=200 latency=12 penalty=0
t=970, issue sfu node 857 with op exp src0=98 src1=-1 dst=99 latency=32 rounds=8 penalty=0 borrow=0
t=973, issue scalar node 809 with op add src0=187 src1=188 dst=189 latency=7 penalty=0
t=978, issue store node 783 mem=26 latency=0
t=978, issue ve node 832 with op reduce_sum src0=89 src1=-1 dst=201 latency=12 penalty=0
t=978, issue sfu node 860 with op exp src0=100 src1=-1 dst=101 latency=32 rounds=8 penalty=0 borrow=0
t=980, issue sfu node 810 with op ln src0=189 src1=-1 dst=190 latency=22 rounds=0 penalty=0 borrow=0
t=982, issue scalar node 836 with op add src0=199 src1=200 dst=203 latency=7 penalty=0
t=986, issue ve node 835 with op reduce_sum src0=91 src1=-1 dst=202 latency=12 penalty=0
t=986, issue sfu node 863 with op exp src0=102 src1=-1 dst=103 latency=32 rounds=8 penalty=0 borrow=0
t=994, issue ve node 855 with op reduce_sum src0=97 src1=-1 dst=215 latency=12 penalty=0
t=994, issue sfu node 883 with op exp src0=108 src1=-1 dst=109 latency=32 rounds=8 penalty=0 borrow=0
t=998, issue scalar node 837 with op add src0=201 src1=202 dst=204 latency=7 penalty=0
t=1002, issue scalar node 811 with op add src0=182 src1=190 dst=191 latency=7 penalty=1
t=1002, issue ve node 858 with op reduce_sum src0=99 src1=-1 dst=216 latency=12 penalty=0
t=1002, issue sfu node 886 with op exp src0=110 src1=-1 dst=111 latency=32 rounds=8 penalty=0 borrow=0
t=1005, issue scalar node 838 with op add src0=203 src1=204 dst=205 latency=7 penalty=0
t=1010, issue store node 812 mem=27 latency=0
t=1010, issue ve node 861 with op reduce_sum src0=101 src1=-1 dst=217 latency=12 penalty=0
t=1010, issue sfu node 889 with op exp src0=112 src1=-1 dst=113 latency=32 rounds=8 penalty=0 borrow=0
t=1012, issue sfu node 839 with op ln src0=205 src1=-1 dst=206 latency=22 rounds=0 penalty=0 borrow=0
t=1014, issue scalar node 865 with op add src0=215 src1=216 dst=219 latency=7 penalty=0
t=1018, issue ve node 864 with op reduce_sum src0=103 src1=-1 dst=218 latency=12 penalty=0
t=1018, issue sfu node 892 with op exp src0=114 src1=-1 dst=115 latency=32 rounds=8 penalty=0 borrow=0
t=1026, issue ve node 884 with op reduce_sum src0=109 src1=-1 dst=231 latency=12 penalty=0
t=1026, issue sfu node 912 with op exp src0=120 src1=-1 dst=121 latency=32 rounds=8 penalty=0 borrow=0
t=1030, issue scalar node 866 with op add src0=217 src1=218 dst=220 latency=7 penalty=0
t=1034, issue scalar node 840 with op add src0=198 src1=206 dst=207 latency=7 penalty=1
t=1034, issue ve node 887 with op reduce_sum src0=111 src1=-1 dst=232 latency=12 penalty=0
t=1034, issue sfu node 915 with op exp src0=122 src1=-1 dst=123 latency=32 rounds=8 penalty=0 borrow=0
t=1037, issue scalar node 867 with op add src0=219 src1=220 dst=221 latency=7 penalty=0
t=1042, issue store node 841 mem=28 latency=0
t=1042, issue ve node 890 with op reduce_sum src0=113 src1=-1 dst=233 latency=12 penalty=0
t=1042, issue sfu node 918 with op exp src0=124 src1=-1 dst=125 latency=32 rounds=8 penalty=0 borrow=0
t=1044, issue sfu node 868 with op ln src0=221 src1=-1 dst=222 latency=22 rounds=0 penalty=0 borrow=0
t=1046, issue scalar node 894 with op add src0=231 src1=232 dst=235 latency=7 penalty=0
t=1050, issue ve node 893 with op reduce_sum src0=115 src1=-1 dst=234 latency=12 penalty=0
t=1050, issue sfu node 921 with op exp src0=126 src1=-1 dst=127 latency=32 rounds=8 penalty=0 borrow=0
t=1058, issue ve node 913 with op reduce_sum src0=121 src1=-1 dst=247 latency=12 penalty=0
t=1062, issue scalar node 895 with op add src0=233 src1=234 dst=236 latency=7 penalty=0
t=1066, issue scalar node 869 with op add src0=214 src1=222 dst=223 latency=7 penalty=1
t=1066, issue ve node 916 with op reduce_sum src0=123 src1=-1 dst=248 latency=12 penalty=0
t=1069, issue scalar node 896 with op add src0=235 src1=236 dst=237 latency=7 penalty=0
t=1074, issue store node 870 mem=29 latency=0
t=1074, issue ve node 919 with op reduce_sum src0=125 src1=-1 dst=249 latency=12 penalty=0
t=1076, issue sfu node 897 with op ln src0=237 src1=-1 dst=238 latency=22 rounds=0 penalty=0 borrow=0
t=1078, issue scalar node 923 with op add src0=247 src1=248 dst=251 latency=7 penalty=0
t=1082, issue ve node 922 with op reduce_sum src0=127 src1=-1 dst=250 latency=12 penalty=0
t=1094, issue scalar node 924 with op add src0=249 src1=250 dst=252 latency=7 penalty=0
t=1098, issue scalar node 898 with op add src0=230 src1=238 dst=239 latency=7 penalty=1
t=1101, issue scalar node 925 with op add src0=251 src1=252 dst=253 latency=7 penalty=0
t=1106, issue store node 899 mem=30 latency=0
t=1108, issue sfu node 926 with op ln src0=253 src1=-1 dst=254 latency=22 rounds=0 penalty=0 borrow=0
t=1130, issue scalar node 927 with op add src0=246 src1=254 dst=255 latency=7 penalty=1
t=1138, issue store node 928 mem=31 latency=0
调度完成，周期数 = 1140
统计已完成，结果已输出到 /Users/maghu/Desktop/work at school/compress/compress-vliw/analysis_output_6x2/logsumexp_x32_y1024_mode0performance.txt
Saved VE usage to: /Users/maghu/Desktop/work at school/compress/compress-vliw/analysis_output_6x2/logsumexp_x32_y1024_mode0/ve_usage.csv
Saved SFU usage to: /Users/maghu/Desktop/work at school/compress/compress-vliw/analysis_output_6x2/logsumexp_x32_y1024_mode0/sfu_usage.csv
