Symbolic time: 1.159	1.136	0.019 ms
Numeric time: 0.797	0.8	0 ms
Symbolic time: 1.064	1.064	0 ms
Numeric time: 0.737	0.737	0 ms
Symbolic time: 1.058	1.058	0 ms
Numeric time: 0.565	0.564	0 ms
Symbolic time: 0.685	0.666	0.019 ms
Numeric time: 0.475	0.475	0 ms
Symbolic time: 0.686	0.686	0 ms
Numeric time: 0.477	0.477	0 ms
Symbolic time: 0.69	0.691	0 ms
Numeric time: 0.471	0.471	0 ms
Symbolic time: 0.688	0.688	0 ms
Numeric time: 0.482	0.482	0 ms
Symbolic time: 0.681	0.68	0 ms
Numeric time: 0.472	0.471	0 ms
Symbolic time: 0.687	0.687	0 ms
Numeric time: 0.468	0.469	0 ms
Symbolic time: 0.687	0.686	0 ms
Numeric time: 0.467	0.468	0 ms
Symbolic time: 0.697	0.696	0 ms
Numeric time: 0.402	0.402	0 ms
Symbolic time: 0.55	0.549	0 ms
Numeric time: 0.379	0.379	0 ms
Symbolic time: 0.55	0	0.551 ms
Numeric time: 0.38	0	0.379 ms
Symbolic time: 0.55	0	0.549 ms
Numeric time: 0.377	0	0.377 ms
Symbolic time: 0.549	0.549	0 ms
Numeric time: 0.379	0.376	0.003 ms
Symbolic time: 0.553	0.553	0 ms
Numeric time: 0.378	0.377	0 ms
Symbolic time: 0.553	0.553	0 ms
Numeric time: 0.379	0.379	0 ms
Symbolic time: 0.558	0.559	0 ms
Numeric time: 0.378	0.378	0 ms
Symbolic time: 0.55	0.55	0 ms
Numeric time: 0.379	0.379	0 ms
Symbolic time: 0.549	0.55	0 ms
Numeric time: 0.379	0.379	0 ms
Symbolic time: 0.554	0.554	0 ms
Numeric time: 0.378	0.379	0 ms
Symbolic time: 0.555	0.554	0 ms
Numeric time: 0.378	0.378	0 ms
Symbolic time: 0.549	0.548	0 ms
Numeric time: 0.388	0.387	0 ms
Symbolic time: 0.545	0.545	0 ms
Numeric time: 0.379	0.378	0 ms
Symbolic time: 0.552	0.552	0 ms
Numeric time: 0.382	0.382	0 ms
Symbolic time: 0.555	0.554	0 ms
Numeric time: 0.378	0.378	0 ms
Symbolic time: 0.554	0.554	0 ms
Numeric time: 0.378	0.379	0 ms
Symbolic time: 0.548	0.548	0 ms
Numeric time: 0.375	0.376	0 ms
Symbolic time: 0.547	0.547	0 ms
Numeric time: 0.378	0.378	0 ms
Symbolic time: 0.554	0.554	0 ms
Numeric time: 0.38	0.38	0 ms
Symbolic time: 0.554	0.554	0 ms
Numeric time: 0.377	0.378	0 ms
Symbolic time: 0.546	0.546	0 ms
Numeric time: 0.384	0.383	0 ms
Symbolic time: 0.569	0.57	0 ms
Numeric time: 0.387	0.387	0 ms
Symbolic time: 0.541	0.542	0 ms
Numeric time: 0.379	0.379	0 ms
Symbolic time: 0.548	0.548	0 ms
Numeric time: 0.378	0.378	0 ms
Symbolic time: 0.569	0.569	0 ms
Numeric time: 0.386	0.385	0 ms
Symbolic time: 0.541	0.542	0 ms
Numeric time: 0.377	0.377	0 ms
Symbolic time: 0.543	0.542	0 ms
Numeric time: 0.368	0.368	0 ms
Symbolic time: 0.545	0.544	0 ms
Numeric time: 0.37	0.371	0 ms
Symbolic time: 0.547	0.548	0 ms
Numeric time: 0.37	0.369	0 ms
Symbolic time: 0.545	0.546	0 ms
Numeric time: 0.371	0.371	0 ms
Symbolic time: 0.547	0.547	0 ms
Numeric time: 0.37	0.37	0 ms
Symbolic time: 0.547	0.547	0 ms
Numeric time: 0.37	0.37	0 ms
Symbolic time: 0.547	0.548	0 ms
Numeric time: 0.369	0.37	0 ms
Symbolic time: 0.538	0.538	0 ms
Numeric time: 0.379	0.379	0 ms
Symbolic time: 0.541	0.542	0 ms
Numeric time: 0.378	0.377	0 ms
Symbolic time: 0.544	0.544	0 ms
Numeric time: 0.376	0.376	0 ms
Symbolic time: 0.54	0.539	0 ms
Numeric time: 0.377	0.377	0 ms
Symbolic time: 0.543	0.542	0 ms
Numeric time: 0.368	0.369	0 ms
Symbolic time: 0.539	0.54	0 ms
Numeric time: 0.37	0.371	0 ms
Symbolic time: 0.544	0.544	0 ms
Numeric time: 0.37	0.369	0 ms
Symbolic time: 0.55	0.55	0 ms
Numeric time: 0.37	0.37	0 ms
Symbolic time: 0.549	0.549	0 ms
Numeric time: 0.369	0.369	0 ms
Symbolic time: 0.542	0.543	0 ms
Numeric time: 0.371	0.37	0 ms
Symbolic time: 0.543	0.543	0 ms
Numeric time: 0.375	0.375	0 ms
Symbolic time: 0.542	0.543	0 ms
Numeric time: 0.371	0.371	0 ms
Symbolic time: 0.536	0.536	0 ms
Numeric time: 0.381	0	0.381 ms
Symbolic time: 0.54	0	0.54 ms
Numeric time: 0.382	0.382	0 ms
Symbolic time: 0.535	0.534	0.001 ms
Numeric time: 0.379	0.379	0 ms
Symbolic time: 0.538	0.538	0 ms
Numeric time: 0.379	0.38	0 ms
Symbolic time: 0.536	0.536	0 ms
Numeric time: 0.374	0.374	0 ms
Symbolic time: 0.541	0.542	0 ms
Numeric time: 0.373	0	0.373 ms
Symbolic time: 0.544	0	0.544 ms
Numeric time: 0.376	0.376	0 ms
Symbolic time: 0.544	0.528	0.016 ms
Numeric time: 0.373	0.373	0 ms
Symbolic time: 0.544	0.544	0 ms
Numeric time: 0.373	0.373	0 ms
Symbolic time: 0.546	0.546	0 ms
Numeric time: 0.377	0.377	0 ms
Symbolic time: 0.544	0.544	0 ms
Numeric time: 0.376	0.376	0 ms
Symbolic time: 0.541	0.542	0 ms
Numeric time: 0.374	0.374	0 ms
Symbolic time: 0.535	0.535	0 ms
Numeric time: 0.381	0.382	0 ms
Symbolic time: 0.539	0.538	0 ms
Numeric time: 0.381	0.381	0 ms
Symbolic time: 0.537	0.538	0 ms
Numeric time: 0.381	0.38	0 ms
Symbolic time: 0.536	0.536	0 ms
Numeric time: 0.378	0.366	0.013 ms
Symbolic time: 0.534	0.535	0 ms
Numeric time: 0.372	0.372	0 ms
Symbolic time: 0.547	0.547	0 ms
Numeric time: 0.37	0.37	0 ms
Symbolic time: 0.547	0.547	0 ms
Numeric time: 0.37	0.37	0 ms
Symbolic time: 0.548	0.548	0 ms
Numeric time: 0.368	0.369	0 ms
Symbolic time: 0.552	0.551	0 ms
Numeric time: 0.37	0.371	0 ms
Symbolic time: 0.548	0.548	0 ms
Numeric time: 0.37	0.371	0 ms
Symbolic time: 0.549	0.548	0 ms
Numeric time: 0.37	0.371	0 ms
Symbolic time: 0.545	0.545	0 ms
Numeric time: 0.379	0.379	0 ms
Symbolic time: 0.54	0.541	0 ms
Numeric time: 0.378	0.377	0 ms
Symbolic time: 0.542	0.542	0 ms
Numeric time: 0.38	0.38	0 ms
Symbolic time: 0.538	0.539	0 ms
Numeric time: 0.376	0.375	0 ms
Symbolic time: 0.543	0.543	0 ms
Numeric time: 0.37	0.37	0 ms
Symbolic time: 0.539	0.539	0 ms
Numeric time: 0.378	0.378	0 ms
Symbolic time: 0.545	0.546	0 ms
Numeric time: 0.37	0.371	0 ms
Symbolic time: 0.547	0.547	0 ms
Numeric time: 0.369	0.37	0 ms
Symbolic time: 0.547	0.547	0 ms
Numeric time: 0.367	0.367	0 ms
Symbolic time: 0.547	0.548	0 ms
Numeric time: 0.371	0.37	0 ms
Symbolic time: 0.55	0.55	0 ms
Numeric time: 0.371	0.372	0 ms
Symbolic time: 0.547	0.547	0 ms
Numeric time: 0.371	0.371	0 ms
Symbolic time: 0.541	0.542	0 ms
Numeric time: 0.379	0.38	0 ms
Symbolic time: 0.542	0.541	0 ms
Numeric time: 0.375	0.375	0 ms
Symbolic time: 0.541	0.542	0 ms
Numeric time: 0.376	0.377	0 ms
Symbolic time: 0.54	0.54	0 ms
Numeric time: 0.38	0.379	0 ms
Symbolic time: 0.542	0.542	0 ms
Numeric time: 0.37	0.37	0 ms
Symbolic time: 0.538	0.538	0 ms
Numeric time: 0.371	0.371	0 ms
Symbolic time: 0.547	0	0.547 ms
Numeric time: 0.372	0	0.372 ms
Symbolic time: 0.544	0.512	0.032 ms
Numeric time: 0.377	0.377	0 ms
Symbolic time: 0.545	0.545	0 ms
Numeric time: 0.375	0.375	0 ms
Symbolic time: 0.544	0.545	0 ms
Numeric time: 0.374	0.375	0 ms
Symbolic time: 0.544	0.544	0 ms
Numeric time: 0.376	0.376	0 ms
Symbolic time: 0.545	0.544	0 ms
Numeric time: 0.377	0.378	0 ms
Symbolic time: 0.536	0.536	0 ms
Numeric time: 0.379	0.38	0 ms
Symbolic time: 0.536	0.536	0 ms
Numeric time: 0.381	0.381	0 ms
Symbolic time: 0.538	0.539	0 ms
Numeric time: 0.383	0.383	0 ms
Symbolic time: 0.539	0.539	0 ms
Numeric time: 0.386	0.386	0 ms
Symbolic time: 0.538	0.538	0 ms
Numeric time: 0.376	0.376	0 ms
Symbolic time: 0.534	0.534	0 ms
Numeric time: 0.372	0	0.371 ms
Symbolic time: 0.546	0	0.545 ms
Numeric time: 0.372	0.373	0 ms
Symbolic time: 0.547	0.539	0.007 ms
Numeric time: 0.375	0.375	0 ms
Symbolic time: 0.541	0.541	0 ms
Numeric time: 0.374	0.375	0 ms
Symbolic time: 0.542	0.542	0 ms
Numeric time: 0.373	0.373	0 ms
Symbolic time: 0.541	0.54	0 ms
Numeric time: 0.373	0.373	0 ms
Symbolic time: 0.544	0.544	0 ms
Numeric time: 0.371	0.371	0 ms
Symbolic time: 0.537	0.538	0 ms
Numeric time: 0.375	0.361	0.014 ms
Symbolic time: 0.535	0.534	0 ms
Numeric time: 0.378	0.378	0 ms
Symbolic time: 0.54	0.54	0 ms
Numeric time: 0.378	0.378	0 ms
Symbolic time: 0.545	0.545	0 ms
Numeric time: 0.378	0.378	0 ms
Symbolic time: 0.546	0.546	0 ms
Numeric time: 0.37	0.37	0 ms
Symbolic time: 0.549	0.549	0 ms
Numeric time: 0.371	0.371	0 ms
Symbolic time: 0.547	0.547	0 ms
Numeric time: 0.37	0.37	0 ms
Symbolic time: 0.547	0.548	0 ms
Numeric time: 0.37	0.37	0 ms
Symbolic time: 0.551	0.551	0 ms
Numeric time: 0.371	0.371	0 ms
Symbolic time: 0.55	0.55	0 ms
Numeric time: 0.369	0.369	0 ms
Symbolic time: 0.548	0.548	0 ms
Numeric time: 0.37	0.37	0 ms
Symbolic time: 0.54	0.54	0 ms
Numeric time: 0.377	0.378	0 ms
Symbolic time: 0.538	0.538	0 ms
Numeric time: 0.376	0.376	0 ms
Symbolic time: 0.538	0.538	0 ms
Numeric time: 0.378	0.378	0 ms
Symbolic time: 0.539	0.539	0 ms
Numeric time: 0.378	0.378	0 ms
Symbolic time: 0.541	0.541	0 ms
Numeric time: 0.371	0.371	0 ms
Symbolic time: 0.54	0.541	0 ms
Numeric time: 0.371	0.371	0 ms
Symbolic time: 0.549	0.549	0 ms
Numeric time: 0.371	0.371	0 ms
Symbolic time: 0.549	0.549	0 ms
Numeric time: 0.371	0.371	0 ms
Symbolic time: 0.548	0	0.548 ms
Numeric time: 0.368	0	0.368 ms
Symbolic time: 0.548	0.548	0 ms
Numeric time: 0.372	0.372	0 ms
Symbolic time: 0.574	0.574	0 ms
Numeric time: 0.372	0.371	0 ms
Symbolic time: 0.55	0.549	0 ms
Numeric time: 0.371	0.371	0 ms
Symbolic time: 0.542	0.542	0 ms
Numeric time: 0.38	0.38	0 ms
Symbolic time: 0.561	0.561	0 ms
Numeric time: 0.38	0.381	0 ms
Symbolic time: 0.538	0.538	0 ms
Numeric time: 0.378	0.378	0 ms
Symbolic time: 0.539	0.539	0 ms
Numeric time: 0.375	0.376	0 ms
Symbolic time: 0.546	0.545	0 ms
Numeric time: 0.379	0.38	0 ms
Symbolic time: 0.544	0.545	0 ms
Numeric time: 0.371	0.37	0 ms
Symbolic time: 0.545	0.521	0.024 ms
Numeric time: 0.372	0	0.371 ms
Symbolic time: 0.543	0	0.543 ms
Numeric time: 0.372	0.373	0 ms
Symbolic time: 0.544	0.534	0.01 ms
Numeric time: 0.374	0.374	0 ms
Symbolic time: 0.543	0.543	0 ms
Numeric time: 0.376	0.376	0 ms
Symbolic time: 0.545	0.545	0 ms
Numeric time: 0.376	0.376	0 ms
Symbolic time: 0.541	0.542	0 ms
Numeric time: 0.375	0.374	0 ms
Symbolic time: 0.538	0.538	0 ms
Numeric time: 0.382	0.382	0 ms
Symbolic time: 0.535	0.536	0 ms
Numeric time: 0.384	0.384	0 ms
Symbolic time: 0.54	0.54	0 ms
Numeric time: 0.383	0.383	0 ms
Symbolic time: 0.537	0.536	0 ms
Numeric time: 0.381	0.381	0 ms
Symbolic time: 0.536	0.535	0 ms
Numeric time: 0.381	0.381	0 ms
Symbolic time: 0.535	0.535	0 ms
Numeric time: 0.373	0.374	0 ms
Symbolic time: 0.542	0.541	0 ms
Numeric time: 0.373	0.372	0 ms
Symbolic time: 0.543	0.543	0 ms
Numeric time: 0.374	0.374	0 ms
Symbolic time: 0.546	0.545	0 ms
Numeric time: 0.372	0.371	0 ms
Symbolic time: 0.545	0.544	0 ms
Numeric time: 0.374	0.374	0 ms
Symbolic time: 0.543	0.543	0 ms
Numeric time: 0.37	0.369	0.001 ms
Symbolic time: 0.545	0.545	0 ms
Numeric time: 0.37	0.371	0 ms
Symbolic time: 0.537	0.536	0 ms
Numeric time: 0.379	0.379	0 ms
Symbolic time: 0.536	0	0.536 ms
Numeric time: 0.379	0	0.379 ms
Symbolic time: 0.541	0.541	0 ms
Numeric time: 0.376	0.375	0 ms
Symbolic time: 0.539	0.54	0 ms
Numeric time: 0.377	0.377	0 ms
Symbolic time: 0.543	0.543	0 ms
Numeric time: 0.369	0.368	0 ms
Symbolic time: 0.541	0.541	0 ms
Numeric time: 0.37	0.37	0 ms
Symbolic time: 0.546	0.546	0 ms
Numeric time: 0.37	0.37	0 ms
Symbolic time: 0.549	0.549	0 ms
Numeric time: 0.371	0.37	0 ms
Symbolic time: 0.546	0.546	0 ms
Numeric time: 0.368	0.369	0 ms
Symbolic time: 0.547	0.547	0 ms
Numeric time: 0.371	0.371	0 ms
Symbolic time: 0.548	0.549	0 ms
Numeric time: 0.371	0.371	0 ms
Symbolic time: 0.539	0.539	0 ms
Numeric time: 0.371	0.37	0 ms
Symbolic time: 0.54	0.539	0 ms
Numeric time: 0.375	0.375	0 ms
Symbolic time: 0.539	0.539	0 ms
Numeric time: 0.377	0.377	0 ms
Symbolic time: 0.542	0.543	0 ms
Numeric time: 0.377	0.378	0 ms
Symbolic time: 0.541	0.542	0 ms
Numeric time: 0.376	0.377	0 ms
Symbolic time: 0.541	0.541	0 ms
Numeric time: 0.369	0.369	0 ms
Symbolic time: 0.549	0.549	0 ms
Numeric time: 0.369	0.369	0 ms
Symbolic time: 0.549	0.548	0 ms
Numeric time: 0.367	0.368	0 ms
Symbolic time: 0.548	0.548	0 ms
Numeric time: 0.371	0.371	0 ms
Symbolic time: 0.547	0.548	0 ms
Numeric time: 0.37	0.37	0 ms
Symbolic time: 0.549	0.55	0 ms
Numeric time: 0.37	0.37	0 ms
Symbolic time: 0.547	0.547	0 ms
Numeric time: 0.372	0.371	0 ms
Symbolic time: 0.537	0.537	0 ms
Numeric time: 0.379	0	0.379 ms
Symbolic time: 0.536	0	0.536 ms
Numeric time: 0.381	0.381	0 ms
Symbolic time: 0.536	0.526	0.011 ms
Numeric time: 0.38	0.38	0 ms
Symbolic time: 0.539	0.538	0 ms
Numeric time: 0.378	0.378	0 ms
Symbolic time: 0.538	0.538	0 ms
Numeric time: 0.374	0.374	0 ms
Symbolic time: 0.534	0.533	0 ms
Numeric time: 0.371	0.371	0 ms
Symbolic time: 0.544	0.543	0 ms
Numeric time: 0.376	0.376	0 ms
Symbolic time: 0.545	0.545	0 ms
Numeric time: 0.373	0.373	0 ms
Symbolic time: 0.547	0.546	0 ms
Numeric time: 0.374	0.373	0 ms
Symbolic time: 0.544	0.544	0 ms
Numeric time: 0.374	0.374	0 ms
Symbolic time: 0.543	0.543	0 ms
Numeric time: 0.372	0.373	0 ms
Symbolic time: 0.538	0.537	0 ms
Numeric time: 0.372	0.372	0 ms
Symbolic time: 0.537	0.537	0 ms
Numeric time: 0.38	0.38	0 ms
Symbolic time: 0.536	0.535	0 ms
Numeric time: 0.381	0.381	0 ms
Symbolic time: 0.535	0.535	0 ms
Numeric time: 0.38	0.381	0 ms
Symbolic time: 0.537	0.537	0 ms
Numeric time: 0.382	0.381	0 ms
Symbolic time: 0.54	0.54	0 ms
Numeric time: 0.369	0.368	0.001 ms
Symbolic time: 0.545	0.545	0 ms
Numeric time: 0.37	0.37	0 ms
Symbolic time: 0.545	0.544	0 ms
Numeric time: 0.37	0.371	0 ms
Symbolic time: 0.549	0.549	0 ms
Numeric time: 0.373	0.372	0 ms
Symbolic time: 0.55	0.549	0 ms
Numeric time: 0.372	0.372	0 ms
Symbolic time: 0.548	0.549	0 ms
Numeric time: 0.369	0.368	0 ms
Symbolic time: 0.548	0.547	0 ms
Numeric time: 0.37	0.371	0 ms
Symbolic time: 0.542	0.542	0 ms
Numeric time: 0.379	0.38	0 ms
Symbolic time: 0.543	0.543	0 ms
Numeric time: 0.379	0.378	0 ms
Symbolic time: 0.542	0	0.542 ms
Numeric time: 0.377	0	0.377 ms
Symbolic time: 0.542	0.542	0 ms
Numeric time: 0.377	0.366	0.011 ms
Symbolic time: 0.54	0.539	0 ms
Numeric time: 0.368	0.368	0 ms
Symbolic time: 0.54	0.539	0 ms
Numeric time: 0.372	0.372	0 ms
Symbolic time: 0.543	0.544	0 ms
Numeric time: 0.37	0.37	0 ms
Symbolic time: 0.546	0.546	0 ms
Numeric time: 0.367	0.367	0 ms
Symbolic time: 0.547	0.549	0 ms
Numeric time: 0.369	0.369	0 ms
Symbolic time: 0.547	0.547	0 ms
Numeric time: 0.37	0.37	0 ms
Symbolic time: 0.549	0.549	0 ms
Numeric time: 0.369	0.369	0 ms
Symbolic time: 0.549	0.549	0 ms
Numeric time: 0.37	0.37	0 ms
Symbolic time: 0.544	0.544	0 ms
Numeric time: 0.375	0.375	0 ms
Symbolic time: 0.542	0.542	0 ms
Numeric time: 0.377	0.377	0 ms
Symbolic time: 0.543	0.543	0 ms
Numeric time: 0.376	0.376	0 ms
Symbolic time: 0.541	0.541	0 ms
Numeric time: 0.376	0.376	0 ms
Symbolic time: 0.542	0.542	0 ms
Numeric time: 0.368	0.368	0 ms
Symbolic time: 0.549	0.549	0 ms
Numeric time: 0.37	0.37	0 ms
Symbolic time: 0.546	0.546	0 ms
Numeric time: 0.374	0.373	0 ms
Symbolic time: 0.544	0.534	0.009 ms
Numeric time: 0.372	0	0.372 ms
Symbolic time: 0.545	0	0.545 ms
Numeric time: 0.372	0.372	0 ms
Symbolic time: 0.548	0.539	0.009 ms
Numeric time: 0.372	0.372	0 ms
Symbolic time: 0.545	0.545	0 ms
Numeric time: 0.374	0.374	0 ms
Symbolic time: 0.536	0.536	0 ms
Numeric time: 0.38	0.38	0 ms
Symbolic time: 0.536	0.536	0 ms
Numeric time: 0.38	0.38	0 ms
Symbolic time: 0.536	0.536	0 ms
Numeric time: 0.381	0.381	0 ms
Symbolic time: 0.537	0.538	0 ms
Numeric time: 0.378	0	0.378 ms
Symbolic time: 0.536	0	0.537 ms
Numeric time: 0.372	0.373	0 ms
Symbolic time: 0.537	0.521	0.015 ms
Numeric time: 0.378	0.378	0 ms
Symbolic time: 0.541	0.541	0 ms
Numeric time: 0.375	0.375	0 ms
Symbolic time: 0.545	0.544	0 ms
Numeric time: 0.377	0.376	0 ms
Symbolic time: 0.545	0.545	0 ms
Numeric time: 0.372	0.372	0 ms
Symbolic time: 0.543	0.543	0 ms
Numeric time: 0.374	0.374	0 ms
Symbolic time: 0.543	0.543	0 ms
Numeric time: 0.377	0.377	0 ms
Symbolic time: 0.543	0.543	0 ms
Numeric time: 0.37	0.369	0 ms
Symbolic time: 0.537	0.537	0 ms
Numeric time: 0.377	0.365	0.012 ms
Symbolic time: 0.538	0	0.538 ms
Numeric time: 0.376	0	0.376 ms
Symbolic time: 0.532	0.532	0 ms
Numeric time: 0.378	0.357	0.021 ms
Symbolic time: 0.541	0.542	0 ms
Numeric time: 0.376	0.377	0 ms
Symbolic time: 0.542	0.542	0 ms
Numeric time: 0.367	0.367	0 ms
Symbolic time: 0.541	0.541	0 ms
Numeric time: 0.37	0.37	0 ms
Symbolic time: 0.546	0.546	0 ms
Numeric time: 0.372	0.372	0 ms
Symbolic time: 0.551	0.55	0 ms
Numeric time: 0.369	0.369	0 ms
Symbolic time: 0.546	0.546	0 ms
Numeric time: 0.369	0.37	0 ms
Symbolic time: 0.546	0.546	0 ms
Numeric time: 0.37	0.37	0 ms
Symbolic time: 0.55	0.551	0 ms
Numeric time: 0.369	0.369	0 ms
Symbolic time: 0.54	0.54	0 ms
Numeric time: 0.371	0.37	0 ms
Symbolic time: 0.538	0.538	0 ms
Numeric time: 0.378	0.378	0 ms
Symbolic time: 0.54	0.54	0 ms
Numeric time: 0.376	0.376	0 ms
Symbolic time: 0.539	0.54	0 ms
Numeric time: 0.379	0.379	0 ms
Symbolic time: 0.539	0.54	0 ms
Numeric time: 0.378	0.378	0 ms
Symbolic time: 0.537	0.538	0 ms
Numeric time: 0.37	0.37	0 ms
Symbolic time: 0.547	0.548	0 ms
Numeric time: 0.368	0.368	0 ms
Symbolic time: 0.549	0.548	0 ms
Numeric time: 0.371	0.371	0 ms
Symbolic time: 0.55	0.551	0 ms
Numeric time: 0.369	0.369	0 ms
Symbolic time: 0.545	0.545	0 ms
Numeric time: 0.372	0.372	0 ms
Symbolic time: 0.549	0.55	0 ms
Numeric time: 0.374	0.374	0 ms
Symbolic time: 0.552	0.552	0 ms
Numeric time: 0.369	0.369	0 ms
Symbolic time: 0.543	0.543	0 ms
Numeric time: 0.377	0.378	0 ms
Symbolic time: 0.542	0.542	0 ms
Numeric time: 0.378	0.378	0 ms
Symbolic time: 0.54	0.54	0 ms
Numeric time: 0.378	0.378	0 ms
Symbolic time: 0.545	0	0.545 ms
Numeric time: 0.377	0	0.377 ms
Symbolic time: 0.537	0.505	0.032 ms
Numeric time: 0.379	0.38	0 ms
Symbolic time: 0.536	0.537	0 ms
Numeric time: 0.375	0	0.374 ms
Symbolic time: 0.542	0	0.542 ms
Numeric time: 0.373	0.373	0 ms
Symbolic time: 0.545	0.525	0.02 ms
Numeric time: 0.373	0.373	0 ms
Symbolic time: 0.547	0.547	0 ms
Numeric time: 0.372	0.372	0 ms
Symbolic time: 0.544	0.544	0 ms
Numeric time: 0.374	0.374	0 ms
Symbolic time: 0.544	0.543	0 ms
Numeric time: 0.375	0.375	0 ms
Symbolic time: 0.543	0.544	0 ms
Numeric time: 0.385	0.386	0 ms
Symbolic time: 0.716	0.712	0.004 ms
Numeric time: 0.502	0.503	0 ms
Symbolic time: 0.729	0.729	0 ms
Numeric time: 0.515	0.515	0 ms
Symbolic time: 0.733	0.733	0 ms
Numeric time: 0.525	0.525	0 ms
Symbolic time: 0.738	0	0.738 ms
Numeric time: 0.517	0.299	0.219 ms
Symbolic time: 0.735	0.735	0 ms
Numeric time: 0.518	0.501	0.017 ms
Symbolic time: 0.737	0.737	0 ms
Numeric time: 0.519	0.52	0 ms
Symbolic time: 0.739	0	0.739 ms
Numeric time: 0.517	0.296	0.221 ms
Symbolic time: 0.725	0.726	0 ms
Numeric time: 0.555	0.536	0.02 ms
Symbolic time: 0.927	0.038	0.888 ms
Numeric time: 0.588	0.587	0 ms
Symbolic time: 0.805	0.806	0 ms
Numeric time: 0.561	0.562	0 ms
Symbolic time: 0.796	0.796	0 ms
Numeric time: 0.554	0.557	0 ms
Symbolic time: 0.637	0.637	0 ms
Numeric time: 0.371	0.372	0 ms
Symbolic time: 0.541	0.542	0 ms
Numeric time: 0.368	0.368	0 ms
Symbolic time: 0.539	0.539	0 ms
Numeric time: 0.37	0.37	0 ms
Symbolic time: 0.541	0.542	0 ms
Numeric time: 0.369	0.368	0 ms
Symbolic time: 0.537	0.538	0 ms
Numeric time: 0.368	0.368	0 ms
Symbolic time: 0.537	0.538	0 ms
Numeric time: 0.365	0.365	0 ms
Symbolic time: 0.538	0.538	0 ms
Numeric time: 0.372	0.371	0 ms
Symbolic time: 0.537	0.538	0 ms
Numeric time: 0.371	0.372	0 ms
Symbolic time: 0.533	0.534	0 ms
Numeric time: 0.37	0.371	0 ms
Symbolic time: 0.536	0.536	0 ms
Numeric time: 0.372	0.372	0 ms
Symbolic time: 0.536	0.535	0 ms
Numeric time: 0.371	0.371	0 ms
Symbolic time: 0.536	0.536	0 ms
Numeric time: 0.378	0.378	0 ms
Symbolic time: 0.535	0.536	0 ms
Numeric time: 0.374	0.374	0 ms
Symbolic time: 0.537	0.536	0 ms
Numeric time: 0.373	0.373	0 ms
Symbolic time: 0.535	0.535	0 ms
Numeric time: 0.373	0.374	0 ms
Symbolic time: 0.535	0.535	0 ms
Numeric time: 0.373	0.372	0 ms
Symbolic time: 0.535	0.534	0 ms
Numeric time: 0.372	0.373	0 ms
Symbolic time: 0.539	0.54	0 ms
Numeric time: 0.37	0.37	0 ms
Symbolic time: 0.537	0.537	0 ms
Numeric time: 0.368	0.369	0 ms
Symbolic time: 0.538	0	0.537 ms
Numeric time: 0.368	0	0.369 ms
Symbolic time: 0.539	0.538	0 ms
Numeric time: 0.368	0.367	0 ms
Symbolic time: 0.538	0.538	0 ms
Numeric time: 0.37	0.369	0 ms
Symbolic time: 0.54	0.539	0 ms
Numeric time: 0.368	0.368	0 ms
Symbolic time: 0.538	0.538	0 ms
Numeric time: 0.369	0.369	0 ms
Symbolic time: 0.537	0.537	0 ms
Numeric time: 0.37	0.369	0 ms
Symbolic time: 0.543	0.544	0 ms
Numeric time: 0.368	0.369	0 ms
Symbolic time: 0.54	0.539	0 ms
Numeric time: 0.369	0.369	0 ms
Symbolic time: 0.539	0.539	0 ms
Numeric time: 0.37	0.37	0 ms
Symbolic time: 0.538	0.539	0 ms
Numeric time: 0.368	0.368	0 ms
Symbolic time: 0.541	0.542	0 ms
Numeric time: 0.365	0.366	0 ms
Symbolic time: 0.54	0.54	0 ms
Numeric time: 0.369	0.37	0 ms
Symbolic time: 0.538	0.537	0 ms
Numeric time: 0.368	0.369	0 ms
Symbolic time: 0.54	0.541	0 ms
Numeric time: 0.368	0.368	0 ms
Symbolic time: 0.54	0.541	0 ms
Numeric time: 0.368	0.368	0 ms
Symbolic time: 0.539	0.54	0 ms
Numeric time: 0.366	0.367	0 ms
Symbolic time: 0.538	0.538	0 ms
Numeric time: 0.368	0.368	0 ms
Symbolic time: 0.535	0.535	0 ms
Numeric time: 0.371	0.371	0 ms
Symbolic time: 0.535	0.536	0 ms
Numeric time: 0.372	0.371	0 ms
Symbolic time: 0.536	0.535	0 ms
Numeric time: 0.373	0.374	0 ms
Symbolic time: 0.537	0.536	0 ms
Numeric time: 0.376	0.375	0 ms
Symbolic time: 0.537	0.538	0 ms
Numeric time: 0.374	0.373	0 ms
Symbolic time: 0.534	0.535	0 ms
Numeric time: 0.371	0.371	0 ms
Symbolic time: 0.536	0.535	0 ms
Numeric time: 0.373	0.373	0 ms
Symbolic time: 0.539	0.539	0 ms
Numeric time: 0.37	0.371	0 ms
Symbolic time: 0.537	0.537	0 ms
Numeric time: 0.373	0.373	0 ms
Symbolic time: 0.536	0.535	0 ms
Numeric time: 0.373	0.374	0 ms
Symbolic time: 0.537	0.537	0 ms
Numeric time: 0.371	0.372	0 ms
Symbolic time: 0.537	0.537	0 ms
Numeric time: 0.37	0.37	0 ms
Symbolic time: 0.536	0	0.536 ms
Numeric time: 0.37	0	0.37 ms
Symbolic time: 0.536	0	0.536 ms
Numeric time: 0.371	0	0.371 ms
Symbolic time: 0.538	0.538	0 ms
Numeric time: 0.369	0.354	0.016 ms
Symbolic time: 0.54	0.541	0 ms
Numeric time: 0.369	0.369	0 ms
Symbolic time: 0.538	0.538	0 ms
Numeric time: 0.369	0.368	0 ms
Symbolic time: 0.539	0.539	0 ms
Numeric time: 0.368	0.368	0 ms
Symbolic time: 0.541	0.541	0 ms
Numeric time: 0.368	0.369	0 ms
Symbolic time: 0.54	0.541	0 ms
Numeric time: 0.369	0.37	0 ms
Symbolic time: 0.539	0.539	0 ms
Numeric time: 0.37	0.37	0 ms
Symbolic time: 0.542	0.542	0 ms
Numeric time: 0.367	0.367	0 ms
Symbolic time: 0.542	0.542	0 ms
Numeric time: 0.37	0.37	0 ms
Symbolic time: 0.542	0.542	0 ms
Numeric time: 0.367	0.367	0 ms
Symbolic time: 0.54	0.54	0 ms
Numeric time: 0.371	0.372	0 ms
Symbolic time: 0.536	0.537	0 ms
Numeric time: 0.37	0.371	0 ms
Symbolic time: 0.543	0.544	0 ms
Numeric time: 0.367	0.367	0 ms
Symbolic time: 0.544	0.544	0 ms
Numeric time: 0.368	0.369	0 ms
Symbolic time: 0.538	0.538	0 ms
Numeric time: 0.371	0.372	0 ms
Symbolic time: 0.537	0.536	0 ms
Numeric time: 0.37	0.37	0 ms
Symbolic time: 0.536	0.535	0.002 ms
Numeric time: 0.372	0.372	0 ms
Symbolic time: 0.536	0.536	0 ms
Numeric time: 0.373	0.374	0 ms
Symbolic time: 0.536	0.536	0 ms
Numeric time: 0.372	0.371	0 ms
Symbolic time: 0.536	0.536	0 ms
Numeric time: 0.372	0.372	0 ms
Symbolic time: 0.539	0.538	0 ms
Numeric time: 0.373	0.372	0 ms
Symbolic time: 0.538	0.538	0 ms
Numeric time: 0.373	0.374	0 ms
Symbolic time: 0.535	0.536	0 ms
Numeric time: 0.374	0.375	0 ms
Symbolic time: 0.538	0.538	0 ms
Numeric time: 0.376	0.375	0 ms
Symbolic time: 0.536	0.537	0 ms
Numeric time: 0.373	0.373	0 ms
Symbolic time: 0.536	0.536	0 ms
Numeric time: 0.369	0	0.369 ms
Symbolic time: 0.534	0	0.534 ms
Numeric time: 0.373	0	0.373 ms
Symbolic time: 0.538	0	0.538 ms
Numeric time: 0.369	0.369	0.002 ms
Symbolic time: 0.537	0.5	0.036 ms
Numeric time: 0.37	0.345	0.025 ms
Symbolic time: 0.536	0.536	0 ms
Numeric time: 0.368	0.368	0 ms
Symbolic time: 0.538	0.538	0 ms
Numeric time: 0.369	0.369	0 ms
Symbolic time: 0.538	0.538	0 ms
Numeric time: 0.37	0.37	0 ms
Symbolic time: 0.54	0.54	0 ms
Numeric time: 0.371	0.371	0 ms
Symbolic time: 0.54	0.541	0 ms
Numeric time: 0.371	0.371	0 ms
Symbolic time: 0.539	0.539	0 ms
Numeric time: 0.369	0.369	0 ms
Symbolic time: 0.541	0.541	0 ms
Numeric time: 0.37	0.37	0 ms
Symbolic time: 0.539	0.539	0 ms
Numeric time: 0.372	0.372	0 ms
Symbolic time: 0.54	0.541	0 ms
Numeric time: 0.371	0.371	0 ms
Symbolic time: 0.545	0.545	0 ms
Numeric time: 0.368	0.368	0 ms
Symbolic time: 0.54	0.54	0 ms
Numeric time: 0.369	0.369	0 ms
Symbolic time: 0.538	0.538	0 ms
Numeric time: 0.37	0.37	0 ms
Symbolic time: 0.538	0.538	0 ms
Numeric time: 0.368	0.369	0 ms
Symbolic time: 0.539	0.539	0 ms
Numeric time: 0.369	0.369	0 ms
Symbolic time: 0.538	0.538	0 ms
Numeric time: 0.37	0.37	0 ms
Symbolic time: 0.541	0.541	0 ms
Numeric time: 0.369	0.369	0 ms
Symbolic time: 0.541	0.541	0 ms
Numeric time: 0.369	0.369	0 ms
Symbolic time: 0.536	0.536	0.001 ms
Numeric time: 0.369	0	0.37 ms
Symbolic time: 0.535	0	0.534 ms
Numeric time: 0.375	0.374	0 ms
Symbolic time: 0.535	0.517	0.019 ms
Numeric time: 0.372	0.372	0 ms
Symbolic time: 0.536	0.535	0 ms
Numeric time: 0.375	0.376	0 ms
Symbolic time: 0.538	0.538	0 ms
Numeric time: 0.374	0.374	0 ms
Symbolic time: 0.535	0.536	0 ms
Numeric time: 0.372	0.371	0 ms
Symbolic time: 0.537	0.537	0 ms
Numeric time: 0.374	0.374	0 ms
Symbolic time: 0.537	0.537	0 ms
Numeric time: 0.372	0.372	0 ms
Symbolic time: 0.534	0.535	0 ms
Numeric time: 0.372	0.372	0 ms
Symbolic time: 0.535	0.535	0 ms
Numeric time: 0.371	0.371	0 ms
Symbolic time: 0.539	0.538	0 ms
Numeric time: 0.371	0.371	0 ms
Symbolic time: 0.538	0.538	0 ms
Numeric time: 0.37	0.37	0 ms
Symbolic time: 0.535	0.536	0 ms
Numeric time: 0.37	0.368	0.002 ms
Symbolic time: 0.536	0.536	0 ms
Numeric time: 0.371	0.371	0 ms
Symbolic time: 0.542	0.542	0 ms
Numeric time: 0.37	0.37	0 ms
Symbolic time: 0.54	0.54	0 ms
Numeric time: 0.369	0.37	0 ms
Symbolic time: 0.539	0.54	0 ms
Numeric time: 0.369	0.369	0 ms
Symbolic time: 0.541	0.541	0 ms
Numeric time: 0.371	0.372	0 ms
Symbolic time: 0.542	0.541	0 ms
Numeric time: 0.368	0.368	0 ms
Symbolic time: 0.54	0.541	0 ms
Numeric time: 0.37	0.369	0 ms
Symbolic time: 0.539	0.54	0 ms
Numeric time: 0.37	0.37	0 ms
Symbolic time: 0.543	0.543	0 ms
Numeric time: 0.367	0.368	0 ms
Symbolic time: 0.542	0.542	0 ms
Numeric time: 0.368	0.368	0 ms
Symbolic time: 0.54	0.54	0 ms
Numeric time: 0.371	0.37	0 ms
Symbolic time: 0.539	0.539	0 ms
Numeric time: 0.369	0.369	0 ms
Symbolic time: 0.54	0.539	0 ms
Numeric time: 0.373	0.373	0 ms
Symbolic time: 0.544	0.544	0 ms
Numeric time: 0.369	0.369	0 ms
Symbolic time: 0.538	0.539	0 ms
Numeric time: 0.368	0.369	0 ms
Symbolic time: 0.541	0.542	0 ms
Numeric time: 0.369	0.369	0 ms
Symbolic time: 0.54	0.54	0 ms
Numeric time: 0.367	0.368	0 ms
Symbolic time: 0.537	0.538	0 ms
Numeric time: 0.368	0.369	0 ms
Symbolic time: 0.539	0.539	0 ms
Numeric time: 0.369	0.369	0 ms
Symbolic time: 0.536	0.536	0 ms
Numeric time: 0.373	0.372	0 ms
Symbolic time: 0.537	0.537	0 ms
Numeric time: 0.375	0.375	0 ms
Symbolic time: 0.536	0.536	0 ms
Numeric time: 0.372	0.373	0 ms
Symbolic time: 0.537	0.537	0 ms
Numeric time: 0.374	0.375	0 ms
Symbolic time: 0.534	0.534	0 ms
Numeric time: 0.374	0.374	0 ms
Symbolic time: 0.536	0.536	0 ms
Numeric time: 0.371	0.372	0 ms
Symbolic time: 0.537	0.537	0 ms
Numeric time: 0.373	0.372	0 ms
Symbolic time: 0.535	0.536	0 ms
Numeric time: 0.369	0.369	0 ms
Symbolic time: 0.536	0.536	0 ms
Numeric time: 0.374	0.374	0 ms
Symbolic time: 0.536	0.536	0 ms
Numeric time: 0.373	0.372	0 ms
Symbolic time: 0.536	0.536	0 ms
Numeric time: 0.373	0.372	0 ms
Symbolic time: 0.535	0.535	0 ms
Numeric time: 0.367	0.368	0 ms
Symbolic time: 0.535	0.536	0 ms
Numeric time: 0.367	0.367	0 ms
Symbolic time: 0.539	0.539	0 ms
Numeric time: 0.37	0.37	0 ms
Symbolic time: 0.542	0.543	0 ms
Numeric time: 0.369	0.368	0 ms
Symbolic time: 0.544	0.544	0 ms
Numeric time: 0.371	0.371	0 ms
Symbolic time: 0.541	0.541	0 ms
Numeric time: 0.371	0.371	0 ms
Symbolic time: 0.539	0.539	0 ms
Numeric time: 0.369	0.369	0 ms
Symbolic time: 0.541	0.542	0 ms
Numeric time: 0.369	0.368	0 ms
Symbolic time: 0.54	0.54	0 ms
Numeric time: 0.369	0.369	0 ms
Symbolic time: 0.561	0.562	0 ms
Numeric time: 0.381	0.382	0 ms
Symbolic time: 0.566	0.567	0 ms
Numeric time: 0.381	0.381	0 ms
Symbolic time: 0.574	0.575	0 ms
Numeric time: 0.396	0.396	0 ms
Symbolic time: 0.564	0.564	0 ms
Numeric time: 0.374	0.375	0 ms
Symbolic time: 0.545	0.545	0 ms
Numeric time: 0.373	0.373	0 ms
Symbolic time: 0.575	0.575	0 ms
Numeric time: 0.379	0.379	0 ms
Symbolic time: 0.548	0.548	0 ms
Numeric time: 0.388	0.389	0 ms
Symbolic time: 0.562	0.562	0 ms
Numeric time: 0.375	0.375	0 ms
Symbolic time: 0.547	0.548	0 ms
Numeric time: 0.37	0.37	0 ms
Symbolic time: 0.571	0.571	0 ms
Numeric time: 0.38	0.38	0 ms
Symbolic time: 0.549	0.55	0 ms
Numeric time: 0.399	0.399	0 ms
Symbolic time: 0.566	0.566	0 ms
Numeric time: 0.372	0.373	0 ms
Symbolic time: 0.564	0.564	0 ms
Numeric time: 0.381	0.381	0 ms
Symbolic time: 0.565	0.566	0 ms
Numeric time: 0.391	0.39	0 ms
Symbolic time: 0.564	0.565	0 ms
Numeric time: 0.387	0.386	0 ms
Symbolic time: 0.552	0.552	0 ms
Numeric time: 0.393	0.393	0 ms
Symbolic time: 0.564	0.564	0 ms
Numeric time: 0.372	0.371	0 ms
Symbolic time: 0.551	0.551	0 ms
Numeric time: 0.39	0.39	0 ms
Symbolic time: 0.563	0.563	0 ms
Numeric time: 0.375	0.376	0 ms
Symbolic time: 0.576	0.577	0 ms
Numeric time: 0.384	0.385	0 ms
Symbolic time: 0.548	0.548	0 ms
Numeric time: 0.4	0.4	0 ms
Symbolic time: 0.557	0	0.557 ms
Numeric time: 0.395	0.029	0.366 ms
Symbolic time: 0.56	0.56	0 ms
Numeric time: 0.38	0.379	0.001 ms
Symbolic time: 0.563	0	0.563 ms
Numeric time: 0.398	0.091	0.307 ms
Symbolic time: 0.541	0.509	0.033 ms
Numeric time: 0.396	0.396	0 ms
Symbolic time: 0.56	0.559	0.001 ms
Numeric time: 0.38	0.381	0 ms
Symbolic time: 0.553	0.553	0 ms
Numeric time: 0.403	0.403	0 ms
Symbolic time: 0.539	0.539	0 ms
Numeric time: 0.389	0.389	0 ms
Symbolic time: 0.557	0.556	0 ms
Numeric time: 0.377	0.377	0 ms
Symbolic time: 0.545	0.545	0 ms
Numeric time: 0.398	0.397	0 ms
Symbolic time: 0.563	0.564	0 ms
Numeric time: 0.375	0.375	0 ms
Symbolic time: 0.559	0.559	0 ms
Numeric time: 0.382	0.382	0 ms
Symbolic time: 0.543	0.543	0 ms
Numeric time: 0.396	0.396	0 ms
Symbolic time: 0.56	0.558	0.001 ms
Numeric time: 0.376	0.377	0 ms
Symbolic time: 0.556	0.556	0 ms
Numeric time: 0.4	0.4	0 ms
Symbolic time: 0.539	0.538	0 ms
Numeric time: 0.395	0.395	0 ms
Symbolic time: 0.559	0.559	0 ms
Numeric time: 0.38	0.38	0 ms
Symbolic time: 0.544	0.544	0 ms
Numeric time: 0.397	0.397	0 ms
Symbolic time: 0.554	0.555	0 ms
Numeric time: 0.378	0.377	0 ms
Symbolic time: 0.544	0.544	0 ms
Numeric time: 0.397	0.397	0 ms
Symbolic time: 0.547	0.547	0 ms
Numeric time: 0.388	0.388	0 ms
Symbolic time: 0.544	0.544	0 ms
Numeric time: 0.413	0.414	0 ms
Symbolic time: 0.56	0.559	0.001 ms
Numeric time: 0.376	0.376	0 ms
Symbolic time: 0.537	0.537	0 ms
Numeric time: 0.379	0.38	0 ms
Symbolic time: 0.557	0.557	0 ms
Numeric time: 0.383	0.383	0 ms
Symbolic time: 0.552	0.552	0 ms
Numeric time: 0.378	0.378	0 ms
Symbolic time: 0.537	0.537	0 ms
Numeric time: 0.382	0.382	0 ms
Symbolic time: 0.559	0.559	0 ms
Numeric time: 0.4	0.4	0 ms
Symbolic time: 0.537	0.537	0 ms
Numeric time: 0.381	0.381	0 ms
Symbolic time: 0.556	0.556	0 ms
Numeric time: 0.387	0.387	0 ms
Symbolic time: 0.537	0.537	0 ms
Numeric time: 0.385	0	0.385 ms
Symbolic time: 0.556	0	0.556 ms
Numeric time: 0.397	0	0.396 ms
Symbolic time: 0.535	0	0.535 ms
Numeric time: 0.381	0.382	0 ms
Symbolic time: 0.598	0.596	0.002 ms
Numeric time: 0.406	0.406	0 ms
Symbolic time: 0.535	0.536	0 ms
Numeric time: 0.377	0.377	0 ms
Symbolic time: 0.545	0.545	0 ms
Numeric time: 0.398	0.398	0 ms
Symbolic time: 0.56	0.56	0 ms
Numeric time: 0.381	0.382	0 ms
Symbolic time: 0.539	0.54	0 ms
Numeric time: 0.373	0.373	0 ms
Symbolic time: 0.548	0.548	0 ms
Numeric time: 0.374	0.374	0 ms
Symbolic time: 0.553	0.553	0 ms
Numeric time: 0.395	0.396	0 ms
Symbolic time: 0.538	0.539	0 ms
Numeric time: 0.406	0.407	0 ms
Symbolic time: 0.561	0.561	0 ms
Numeric time: 0.43	0.431	0 ms
Symbolic time: 0.573	0.569	0.004 ms
Numeric time: 0.413	0.413	0 ms
Symbolic time: 0.562	0.559	0.003 ms
Numeric time: 0.428	0.428	0 ms
Symbolic time: 0.581	0	0.582 ms
Numeric time: 0.406	0.033	0.373 ms
Symbolic time: 0.56	0.56	0 ms
Numeric time: 0.403	0.403	0 ms
Symbolic time: 0.552	0.553	0 ms
Numeric time: 0.4	0.401	0 ms
Symbolic time: 0.551	0.552	0 ms
Numeric time: 0.399	0.398	0 ms
Symbolic time: 0.553	0.553	0 ms
Numeric time: 0.399	0.399	0 ms
Symbolic time: 0.552	0.552	0 ms
Numeric time: 0.399	0.399	0 ms
Symbolic time: 0.551	0.551	0 ms
Numeric time: 0.399	0.4	0 ms
Symbolic time: 0.55	0.55	0 ms
Numeric time: 0.399	0.4	0 ms
Symbolic time: 0.548	0.549	0 ms
Numeric time: 0.401	0.401	0 ms
Symbolic time: 0.551	0.551	0 ms
Numeric time: 0.398	0.399	0 ms
Symbolic time: 0.55	0.55	0 ms
Numeric time: 0.399	0.399	0 ms
Symbolic time: 0.553	0.552	0 ms
Numeric time: 0.398	0.398	0 ms
Symbolic time: 0.553	0.553	0 ms
Numeric time: 0.4	0.4	0 ms
Symbolic time: 0.552	0.552	0 ms
Numeric time: 0.397	0.397	0 ms
Symbolic time: 0.555	0.556	0 ms
Numeric time: 0.399	0.399	0 ms
Symbolic time: 0.553	0.553	0 ms
Numeric time: 0.4	0.4	0 ms
Symbolic time: 0.551	0.55	0 ms
Numeric time: 0.399	0.399	0 ms
Symbolic time: 0.552	0.552	0 ms
Numeric time: 0.4	0.4	0 ms
Symbolic time: 0.713	0.713	0 ms
Numeric time: 0.426	0.425	0 ms
Symbolic time: 0.537	0.536	0 ms
Numeric time: 0.374	0.373	0 ms
Symbolic time: 0.535	0.534	0 ms
Numeric time: 0.373	0.374	0 ms
Symbolic time: 0.536	0.537	0 ms
Numeric time: 0.371	0	0.372 ms
Symbolic time: 0.535	0	0.536 ms
Numeric time: 0.369	0.33	0.038 ms
Symbolic time: 0.536	0.535	0 ms
Numeric time: 0.368	0.368	0 ms
Symbolic time: 0.534	0	0.534 ms
Numeric time: 0.37	0	0.37 ms
Symbolic time: 0.544	0.544	0 ms
Numeric time: 0.37	0.369	0 ms
Symbolic time: 0.544	0.543	0 ms
Numeric time: 0.37	0.369	0 ms
Symbolic time: 0.543	0.543	0 ms
Numeric time: 0.368	0.368	0 ms
Symbolic time: 0.54	0.541	0 ms
Numeric time: 0.368	0.368	0 ms
Symbolic time: 0.542	0.542	0 ms
Numeric time: 0.369	0.368	0 ms
Symbolic time: 0.545	0.544	0 ms
Numeric time: 0.371	0.371	0 ms
Symbolic time: 0.543	0.543	0 ms
Numeric time: 0.371	0.37	0 ms
Symbolic time: 0.566	0.566	0 ms
Numeric time: 0.372	0.372	0 ms
Symbolic time: 0.539	0.539	0 ms
Numeric time: 0.37	0.37	0 ms
Symbolic time: 0.543	0.542	0 ms
Numeric time: 0.374	0.374	0 ms
Symbolic time: 0.555	0.556	0 ms
Numeric time: 0.373	0.373	0 ms
Symbolic time: 0.542	0.542	0 ms
Numeric time: 0.369	0.37	0 ms
Symbolic time: 0.539	0.538	0 ms
Numeric time: 0.368	0.369	0 ms
Symbolic time: 0.541	0.54	0 ms
Numeric time: 0.368	0.368	0 ms
Symbolic time: 0.542	0.543	0 ms
Numeric time: 0.368	0.368	0 ms
Symbolic time: 0.541	0.542	0 ms
Numeric time: 0.369	0.368	0 ms
Symbolic time: 0.539	0.539	0 ms
Numeric time: 0.37	0.369	0 ms
Symbolic time: 0.542	0.543	0 ms
Numeric time: 0.367	0.368	0 ms
Symbolic time: 0.538	0.537	0 ms
Numeric time: 0.371	0.372	0 ms
Symbolic time: 0.537	0.536	0 ms
Numeric time: 0.375	0.376	0 ms
Symbolic time: 0.537	0.536	0 ms
Numeric time: 0.374	0	0.374 ms
Symbolic time: 0.538	0	0.537 ms
Numeric time: 0.372	0.372	0 ms
Symbolic time: 0.536	0.513	0.023 ms
Numeric time: 0.372	0.371	0 ms
Symbolic time: 0.536	0.537	0 ms
Numeric time: 0.37	0	0.369 ms
Symbolic time: 0.537	0	0.536 ms
Numeric time: 0.37	0.37	0 ms
Symbolic time: 0.538	0.506	0.031 ms
Numeric time: 0.37	0.369	0 ms
Symbolic time: 0.536	0.537	0 ms
Numeric time: 0.374	0.374	0 ms
Symbolic time: 0.536	0.537	0 ms
Numeric time: 0.373	0.374	0 ms
Symbolic time: 0.535	0.535	0 ms
Numeric time: 0.378	0.378	0 ms
Symbolic time: 0.539	0.539	0 ms
Numeric time: 0.37	0.355	0.015 ms
Symbolic time: 0.536	0.537	0 ms
Numeric time: 0.376	0.376	0 ms
Symbolic time: 0.536	0.537	0 ms
Numeric time: 0.373	0.372	0 ms
Symbolic time: 0.542	0.543	0 ms
Numeric time: 0.366	0.366	0 ms
Symbolic time: 0.542	0.541	0 ms
Numeric time: 0.369	0.37	0 ms
Symbolic time: 0.542	0.542	0 ms
Numeric time: 0.371	0.372	0 ms
Symbolic time: 0.542	0.542	0 ms
Numeric time: 0.37	0.37	0 ms
Symbolic time: 0.543	0.543	0 ms
Numeric time: 0.369	0.369	0 ms
Symbolic time: 0.54	0.539	0 ms
Numeric time: 0.37	0.37	0 ms
Symbolic time: 0.538	0.538	0 ms
Numeric time: 0.372	0.372	0 ms
Symbolic time: 0.537	0.538	0 ms
Numeric time: 0.367	0.367	0 ms
Symbolic time: 0.54	0.541	0 ms
Numeric time: 0.367	0.367	0 ms
Symbolic time: 0.539	0.54	0 ms
Numeric time: 0.369	0.37	0 ms
Symbolic time: 0.538	0.537	0 ms
Numeric time: 0.369	0.369	0 ms
Symbolic time: 0.541	0.54	0 ms
Numeric time: 0.369	0.368	0 ms
Symbolic time: 0.538	0.539	0 ms
Numeric time: 0.368	0.368	0 ms
Symbolic time: 0.541	0.541	0 ms
Numeric time: 0.369	0.369	0 ms
Symbolic time: 0.541	0.54	0 ms
Numeric time: 0.37	0.369	0 ms
Symbolic time: 0.535	0.535	0 ms
Numeric time: 0.367	0	0.367 ms
Symbolic time: 0.536	0	0.536 ms
Numeric time: 0.371	0	0.371 ms
Symbolic time: 0.535	0	0.535 ms
Numeric time: 0.371	0.352	0.019 ms
Symbolic time: 0.536	0.501	0.035 ms
Numeric time: 0.372	0.372	0 ms
Symbolic time: 0.537	0.537	0 ms
Numeric time: 0.372	0.372	0 ms
Symbolic time: 0.535	0.535	0 ms
Numeric time: 0.374	0.374	0 ms
Symbolic time: 0.536	0.536	0 ms
Numeric time: 0.37	0.37	0 ms
Symbolic time: 0.536	0.536	0 ms
Numeric time: 0.371	0.371	0 ms
Symbolic time: 0.537	0.537	0 ms
Numeric time: 0.371	0.371	0 ms
Symbolic time: 0.536	0.536	0 ms
Numeric time: 0.371	0.371	0 ms
Symbolic time: 0.536	0.536	0 ms
Numeric time: 0.375	0.374	0 ms
Symbolic time: 1.2	1.192	0 ms
Numeric time: 1.162	1.162	0 ms
Symbolic time: 1.624	1.624	0 ms
Numeric time: 1.114	1.115	0 ms
Symbolic time: 1.627	1.628	0 ms
Numeric time: 1.135	1.135	0 ms
Symbolic time: 1.515	1.512	0.004 ms
Numeric time: 0.83	0.829	0 ms
Symbolic time: 1.214	1.214	0 ms
Numeric time: 0.825	0.825	0 ms
Symbolic time: 1.229	1.229	0 ms
Numeric time: 0.835	0.836	0 ms
Symbolic time: 1.221	1.211	0 ms
Numeric time: 0.832	0.832	0 ms
Symbolic time: 1.218	1.218	0 ms
Numeric time: 0.818	0.818	0 ms
Symbolic time: 0.808	0.808	0 ms
Numeric time: 0.551	0.551	0 ms
Symbolic time: 0.811	0.811	0 ms
Numeric time: 0.551	0.551	0 ms
Symbolic time: 0.809	0.809	0 ms
Numeric time: 0.549	0.549	0 ms
Symbolic time: 0.807	0.807	0 ms
Numeric time: 0.559	0.559	0 ms
Symbolic time: 0.806	0.806	0 ms
Numeric time: 0.548	0.549	0 ms
Symbolic time: 0.804	0.804	0 ms
Numeric time: 0.554	0.554	0 ms
Symbolic time: 0.824	0.823	0 ms
Numeric time: 0.429	0.429	0 ms
Symbolic time: 0.539	0.539	0 ms
Numeric time: 0.369	0.369	0 ms
Symbolic time: 0.54	0.54	0 ms
Numeric time: 0.367	0.367	0 ms
Symbolic time: 0.536	0.537	0 ms
Numeric time: 0.373	0.373	0 ms
Symbolic time: 0.537	0.537	0 ms
Numeric time: 0.373	0.373	0 ms
Symbolic time: 0.534	0.534	0 ms
Numeric time: 0.369	0.369	0 ms
Symbolic time: 0.535	0.535	0 ms
Numeric time: 0.37	0.37	0 ms
Symbolic time: 0.537	0.537	0 ms
Numeric time: 0.369	0.369	0 ms
Symbolic time: 0.535	0.535	0 ms
Numeric time: 0.37	0.37	0 ms
Symbolic time: 0.536	0.536	0 ms
Numeric time: 0.371	0.371	0 ms
Symbolic time: 0.536	0.536	0 ms
Numeric time: 0.37	0.37	0 ms
Symbolic time: 0.537	0.536	0 ms
Numeric time: 0.37	0.371	0 ms
Symbolic time: 0.536	0.536	0 ms
Numeric time: 0.389	0.389	0 ms
Symbolic time: 0.536	0.536	0 ms
Numeric time: 0.367	0.367	0 ms
Symbolic time: 0.536	0.536	0 ms
Numeric time: 0.368	0.368	0 ms
Symbolic time: 0.535	0.535	0 ms
Numeric time: 0.366	0.366	0 ms
Symbolic time: 0.538	0.538	0 ms
Numeric time: 0.368	0.368	0 ms
Symbolic time: 0.539	0.539	0 ms
Numeric time: 0.368	0.368	0 ms
Symbolic time: 0.541	0.541	0 ms
Numeric time: 0.369	0.369	0 ms
Symbolic time: 0.54	0.54	0 ms
Numeric time: 0.368	0.368	0 ms
Symbolic time: 0.541	0.54	0 ms
Numeric time: 0.368	0.368	0 ms
Symbolic time: 0.549	0.549	0 ms
Numeric time: 0.368	0.368	0 ms
Symbolic time: 0.536	0.536	0 ms
Numeric time: 0.372	0.372	0 ms
Symbolic time: 0.536	0.536	0 ms
Numeric time: 0.368	0.368	0 ms
Symbolic time: 0.537	0.536	0 ms
Numeric time: 0.367	0.367	0 ms
Symbolic time: 0.538	0.538	0 ms
Numeric time: 0.366	0.366	0 ms
Symbolic time: 0.54	0.541	0 ms
Numeric time: 0.369	0.369	0 ms
Symbolic time: 0.536	0.536	0 ms
Numeric time: 0.379	0.379	0 ms
Symbolic time: 0.541	0.541	0 ms
Numeric time: 0.369	0.369	0 ms
Symbolic time: 0.539	0.539	0 ms
Numeric time: 0.367	0.367	0 ms
Symbolic time: 0.54	0.54	0 ms
Numeric time: 0.368	0.368	0 ms
Symbolic time: 0.54	0.54	0 ms
Numeric time: 0.369	0.369	0 ms
Symbolic time: 0.538	0.537	0 ms
Numeric time: 0.372	0.372	0 ms
Symbolic time: 0.535	0.535	0 ms
Numeric time: 0.373	0.373	0 ms
Symbolic time: 0.536	0.536	0 ms
Numeric time: 0.373	0.373	0 ms
Symbolic time: 0.536	0.536	0 ms
Numeric time: 0.369	0.369	0 ms
Symbolic time: 0.537	0.537	0 ms
Numeric time: 0.371	0.371	0 ms
Symbolic time: 0.535	0.535	0 ms
Numeric time: 0.369	0.369	0 ms
Symbolic time: 0.536	0.536	0 ms
Numeric time: 0.369	0.369	0 ms
Symbolic time: 0.537	0.537	0 ms
Numeric time: 0.37	0.37	0 ms
Symbolic time: 0.535	0.535	0 ms
Numeric time: 0.371	0.371	0 ms
Symbolic time: 0.535	0.535	0 ms
Numeric time: 0.37	0.37	0 ms
Symbolic time: 0.538	0.538	0 ms
Numeric time: 0.37	0	0.371 ms
Symbolic time: 0.536	0	0.535 ms
Numeric time: 0.368	0.333	0.035 ms
Symbolic time: 0.535	0.535	0 ms
Numeric time: 0.367	0.367	0 ms
Symbolic time: 0.541	0.542	0 ms
Numeric time: 0.368	0.368	0 ms
Symbolic time: 0.564	0.564	0 ms
Numeric time: 0.377	0.377	0 ms
Symbolic time: 0.546	0.546	0 ms
Numeric time: 0.368	0.368	0 ms
Symbolic time: 0.541	0.541	0 ms
Numeric time: 0.367	0.368	0 ms
Symbolic time: 0.54	0.54	0 ms
Numeric time: 0.368	0.369	0 ms
Symbolic time: 0.541	0.54	0 ms
Numeric time: 0.368	0.369	0 ms
Symbolic time: 0.54	0.54	0 ms
Numeric time: 0.368	0.367	0 ms
Symbolic time: 0.537	0.537	0 ms
Numeric time: 0.369	0.369	0 ms
Symbolic time: 0.538	0.539	0 ms
Numeric time: 0.368	0.369	0 ms
Symbolic time: 0.537	0.537	0 ms
Numeric time: 0.367	0.366	0 ms
Symbolic time: 0.541	0.542	0 ms
Numeric time: 0.367	0.367	0 ms
Symbolic time: 0.539	0.539	0 ms
Numeric time: 0.367	0.368	0 ms
Symbolic time: 0.539	0.539	0 ms
Numeric time: 0.368	0.368	0 ms
Symbolic time: 0.562	0.563	0 ms
Numeric time: 0.371	0.37	0 ms
Symbolic time: 0.542	0.542	0 ms
Numeric time: 0.365	0.366	0 ms
Symbolic time: 0.542	0.541	0 ms
Numeric time: 0.367	0.368	0 ms
Symbolic time: 0.54	0.54	0 ms
Numeric time: 0.368	0.368	0 ms
Symbolic time: 0.536	0.535	0 ms
Numeric time: 0.369	0	0.369 ms
Symbolic time: 0.536	0	0.537 ms
Numeric time: 0.376	0	0.376 ms
Symbolic time: 0.536	0	0.535 ms
Numeric time: 0.376	0.36	0.015 ms
Symbolic time: 0.567	0.534	0.034 ms
Numeric time: 0.374	0.374	0 ms
Symbolic time: 0.536	0.536	0 ms
Numeric time: 0.374	0.374	0 ms
Symbolic time: 0.536	0.536	0 ms
Numeric time: 0.374	0.374	0 ms
Symbolic time: 0.536	0.536	0 ms
Numeric time: 0.371	0.371	0 ms
Symbolic time: 0.536	0.536	0 ms
Numeric time: 0.372	0.372	0 ms
Symbolic time: 0.535	0.535	0 ms
Numeric time: 0.373	0.373	0 ms
Symbolic time: 0.534	0.534	0 ms
Numeric time: 0.39	0.39	0 ms
Symbolic time: 0.535	0.535	0 ms
Numeric time: 0.372	0.372	0 ms
Symbolic time: 0.537	0.537	0 ms
Numeric time: 0.372	0.372	0 ms
Symbolic time: 0.536	0.535	0 ms
Numeric time: 0.371	0.372	0 ms
Symbolic time: 0.535	0.534	0 ms
Numeric time: 0.368	0.366	0.003 ms
Symbolic time: 0.537	0.537	0 ms
Numeric time: 0.367	0.367	0 ms
Symbolic time: 0.543	0.543	0 ms
Numeric time: 0.368	0.368	0 ms
Symbolic time: 0.538	0.538	0 ms
Numeric time: 0.365	0.365	0 ms
Symbolic time: 0.539	0.539	0 ms
Numeric time: 0.369	0.369	0 ms
Symbolic time: 0.54	0.54	0 ms
Numeric time: 0.38	0.38	0 ms
Symbolic time: 0.54	0.54	0 ms
Numeric time: 0.37	0.37	0 ms
Symbolic time: 0.538	0.538	0 ms
Numeric time: 0.368	0.368	0 ms
Symbolic time: 0.538	0.538	0 ms
Numeric time: 0.367	0.367	0 ms
Symbolic time: 0.548	0.548	0 ms
Numeric time: 0.368	0.368	0 ms
Symbolic time: 0.539	0.539	0 ms
Numeric time: 0.369	0.369	0 ms
Symbolic time: 0.54	0.54	0 ms
Numeric time: 0.367	0.367	0 ms
Symbolic time: 0.542	0.542	0 ms
Numeric time: 0.367	0.367	0 ms
Symbolic time: 0.54	0.54	0 ms
Numeric time: 0.367	0.367	0 ms
Symbolic time: 0.54	0.54	0 ms
Numeric time: 0.368	0.368	0 ms
Symbolic time: 0.542	0.542	0 ms
Numeric time: 0.368	0.368	0 ms
Symbolic time: 0.541	0.541	0 ms
Numeric time: 0.369	0.369	0 ms
Symbolic time: 0.54	0.54	0 ms
Numeric time: 0.369	0.369	0 ms
Symbolic time: 0.535	0.535	0 ms
Numeric time: 0.372	0.372	0 ms
Symbolic time: 0.537	0.537	0 ms
Numeric time: 0.37	0.37	0 ms
Symbolic time: 0.537	0.537	0 ms
Numeric time: 0.372	0.372	0 ms
Symbolic time: 0.536	0.536	0 ms
Numeric time: 0.37	0.37	0 ms
Symbolic time: 0.536	0.536	0 ms
Numeric time: 0.372	0.372	0 ms
Symbolic time: 0.537	0.537	0 ms
Numeric time: 0.37	0.37	0 ms
Symbolic time: 0.536	0.536	0 ms
Numeric time: 0.369	0.369	0 ms
Symbolic time: 0.535	0.535	0 ms
Numeric time: 0.372	0.373	0 ms
Symbolic time: 0.534	0.534	0 ms
Numeric time: 0.373	0.373	0 ms
Symbolic time: 0.536	0.536	0 ms
Numeric time: 0.37	0.37	0 ms
Symbolic time: 0.536	0.536	0 ms
Numeric time: 0.375	0.375	0 ms
Symbolic time: 0.535	0.535	0 ms
Numeric time: 0.369	0.369	0 ms
Symbolic time: 0.537	0.537	0 ms
Numeric time: 0.369	0.368	0 ms
Symbolic time: 0.544	0.544	0 ms
Numeric time: 0.368	0.368	0 ms
Symbolic time: 0.54	0.54	0 ms
Numeric time: 0.368	0.368	0 ms
Symbolic time: 0.538	0.539	0 ms
Numeric time: 0.367	0.367	0 ms
Symbolic time: 0.536	0.536	0 ms
Numeric time: 0.368	0.368	0 ms
Symbolic time: 0.535	0.535	0 ms
Numeric time: 0.369	0.369	0 ms
Symbolic time: 0.539	0.539	0 ms
Numeric time: 0.368	0.368	0 ms
Symbolic time: 0.54	0.54	0 ms
Numeric time: 0.367	0.367	0 ms
Symbolic time: 0.538	0.538	0 ms
Numeric time: 0.371	0.371	0 ms
Symbolic time: 0.54	0.54	0 ms
Numeric time: 0.368	0.368	0 ms
Symbolic time: 0.542	0.542	0 ms
Numeric time: 0.365	0.365	0 ms
Symbolic time: 0.54	0.54	0 ms
Numeric time: 0.368	0.368	0 ms
Symbolic time: 0.54	0.54	0 ms
Numeric time: 0.369	0.369	0 ms
Symbolic time: 0.541	0.541	0 ms
Numeric time: 0.368	0.368	0 ms
Symbolic time: 0.54	0.54	0 ms
Numeric time: 0.366	0.366	0 ms
Symbolic time: 0.541	0.541	0 ms
Numeric time: 0.37	0.37	0 ms
Symbolic time: 0.538	0	0.538 ms
Numeric time: 0.368	0	0.369 ms
Symbolic time: 0.536	0.504	0.032 ms
Numeric time: 0.37	0.37	0 ms
Symbolic time: 0.537	0.537	0 ms
Numeric time: 0.372	0.373	0 ms
Symbolic time: 0.537	0.537	0 ms
Numeric time: 0.372	0.372	0 ms
Symbolic time: 0.535	0.536	0 ms
Numeric time: 0.372	0	0.372 ms
Symbolic time: 0.536	0	0.537 ms
Numeric time: 0.387	0.387	0 ms
Symbolic time: 0.536	0.511	0.024 ms
Numeric time: 0.37	0.37	0 ms
Symbolic time: 0.534	0.534	0 ms
Numeric time: 0.372	0.373	0 ms
Symbolic time: 0.538	0.537	0 ms
Numeric time: 0.373	0.374	0 ms
Symbolic time: 0.537	0.536	0 ms
Numeric time: 0.375	0.374	0 ms
Symbolic time: 0.536	0.535	0 ms
Numeric time: 0.374	0	0.374 ms
Symbolic time: 0.534	0	0.534 ms
Numeric time: 0.372	0.372	0 ms
Symbolic time: 0.536	0.514	0.023 ms
Numeric time: 0.368	0.347	0.022 ms
Symbolic time: 0.537	0	0.536 ms
Numeric time: 0.367	0	0.366 ms
Symbolic time: 0.536	0	0.536 ms
Numeric time: 0.368	0	0.367 ms
Symbolic time: 0.541	0.541	0 ms
Numeric time: 0.367	0.348	0.018 ms
Symbolic time: 0.538	0.538	0 ms
Numeric time: 0.368	0.368	0 ms
Symbolic time: 0.537	0.537	0 ms
Numeric time: 0.37	0.37	0 ms
Symbolic time: 0.536	0.537	0 ms
Numeric time: 0.366	0.366	0 ms
Symbolic time: 0.54	0.54	0 ms
Numeric time: 0.368	0.368	0 ms
Symbolic time: 0.539	0.539	0 ms
Numeric time: 0.368	0.368	0 ms
Symbolic time: 0.535	0.535	0 ms
Numeric time: 0.367	0.367	0 ms
Symbolic time: 0.539	0.539	0 ms
Numeric time: 0.367	0.367	0 ms
Symbolic time: 0.541	0.541	0 ms
Numeric time: 0.369	0.369	0 ms
Symbolic time: 0.541	0.541	0 ms
Numeric time: 0.37	0.37	0 ms
Symbolic time: 0.538	0.538	0 ms
Numeric time: 0.368	0.368	0 ms
Symbolic time: 0.541	0.541	0 ms
Numeric time: 0.366	0.366	0 ms
Symbolic time: 0.54	0.541	0 ms
Numeric time: 0.37	0.37	0 ms
Symbolic time: 0.542	0.542	0 ms
Numeric time: 0.369	0.369	0 ms
Symbolic time: 0.543	0.542	0 ms
Numeric time: 0.367	0.367	0 ms
Symbolic time: 0.538	0.535	0.003 ms
Numeric time: 0.366	0	0.366 ms
Symbolic time: 0.537	0	0.537 ms
Numeric time: 0.369	0	0.369 ms
Symbolic time: 0.535	0	0.535 ms
Numeric time: 0.369	0.349	0.019 ms
Symbolic time: 0.536	0.503	0.033 ms
Numeric time: 0.372	0.373	0 ms
Symbolic time: 0.537	0.537	0 ms
Numeric time: 0.372	0.372	0 ms
Symbolic time: 0.537	0.537	0 ms
Numeric time: 0.37	0.37	0 ms
Symbolic time: 0.538	0.538	0 ms
Numeric time: 0.373	0.374	0 ms
Symbolic time: 0.536	0.536	0 ms
Numeric time: 0.37	0.37	0 ms
Symbolic time: 0.536	0.535	0 ms
Numeric time: 0.376	0.376	0 ms
Symbolic time: 0.535	0.535	0 ms
Numeric time: 0.375	0.375	0 ms
Symbolic time: 0.536	0.536	0 ms
Numeric time: 0.37	0.37	0 ms
Symbolic time: 0.535	0.536	0 ms
Numeric time: 0.368	0.363	0.005 ms
Symbolic time: 0.536	0.536	0 ms
Numeric time: 0.367	0.367	0 ms
Symbolic time: 0.543	0.543	0 ms
Numeric time: 0.368	0.368	0 ms
Symbolic time: 0.542	0.543	0 ms
Numeric time: 0.367	0.368	0 ms
Symbolic time: 0.539	0.538	0 ms
Numeric time: 0.368	0.368	0 ms
Symbolic time: 0.538	0.538	0 ms
Numeric time: 0.366	0.367	0 ms
Symbolic time: 0.538	0.538	0 ms
Numeric time: 0.369	0.369	0 ms
Symbolic time: 0.538	0.538	0 ms
Numeric time: 0.368	0.367	0 ms
Symbolic time: 0.538	0.539	0 ms
Numeric time: 0.367	0.367	0 ms
Symbolic time: 0.54	0.54	0 ms
Numeric time: 0.366	0.367	0 ms
Symbolic time: 0.539	0.54	0 ms
Numeric time: 0.37	0.37	0 ms
Symbolic time: 0.541	0.541	0 ms
Numeric time: 0.367	0.366	0 ms
Symbolic time: 0.542	0.541	0 ms
Numeric time: 0.367	0.368	0 ms
Symbolic time: 0.543	0.542	0 ms
Numeric time: 0.37	0.369	0 ms
Symbolic time: 0.537	0.537	0 ms
Numeric time: 0.366	0.366	0 ms
Symbolic time: 0.54	0.539	0 ms
Numeric time: 0.367	0.368	0 ms
Symbolic time: 0.538	0.539	0 ms
Numeric time: 0.368	0.367	0 ms
Symbolic time: 0.537	0.536	0 ms
Numeric time: 0.368	0	0.368 ms
Symbolic time: 0.534	0	0.534 ms
Numeric time: 0.37	0	0.37 ms
Symbolic time: 0.537	0	0.536 ms
Numeric time: 0.37	0.351	0.019 ms
Symbolic time: 0.536	0.503	0.033 ms
Numeric time: 0.369	0.369	0 ms
Symbolic time: 0.535	0.535	0 ms
Numeric time: 0.37	0.371	0 ms
Symbolic time: 0.536	0.536	0 ms
Numeric time: 0.37	0.37	0 ms
Symbolic time: 0.536	0.535	0 ms
Numeric time: 0.371	0.371	0 ms
Symbolic time: 0.536	0.536	0 ms
Numeric time: 0.37	0.371	0 ms
Symbolic time: 0.535	0.536	0 ms
Numeric time: 0.371	0.372	0 ms
Symbolic time: 0.536	0.535	0 ms
Numeric time: 0.371	0.372	0 ms
Symbolic time: 0.536	0.536	0 ms
Numeric time: 0.371	0.371	0 ms
Symbolic time: 0.535	0.535	0 ms
Numeric time: 0.368	0.363	0.005 ms
Symbolic time: 0.533	0.533	0 ms
Numeric time: 0.365	0.365	0 ms
Symbolic time: 0.542	0.542	0 ms
Numeric time: 0.366	0.365	0 ms
Symbolic time: 0.538	0.537	0 ms
Numeric time: 0.369	0.369	0 ms
Symbolic time: 0.538	0.538	0 ms
Numeric time: 0.368	0.368	0 ms
Symbolic time: 0.536	0.537	0 ms
Numeric time: 0.368	0.368	0 ms
Symbolic time: 0.539	0.538	0 ms
Numeric time: 0.367	0.368	0 ms
Symbolic time: 0.537	0.538	0 ms
Numeric time: 0.367	0.367	0 ms
Symbolic time: 0.538	0.538	0 ms
Numeric time: 0.367	0.367	0 ms
Symbolic time: 0.542	0.542	0 ms
Numeric time: 0.367	0.367	0 ms
Symbolic time: 0.539	0.539	0 ms
Numeric time: 0.367	0.367	0 ms
Symbolic time: 0.541	0.54	0 ms
Numeric time: 0.368	0.368	0 ms
Symbolic time: 0.543	0.543	0 ms
Numeric time: 0.368	0.367	0 ms
Symbolic time: 0.542	0.541	0 ms
Numeric time: 0.368	0.369	0 ms
Symbolic time: 0.54	0.539	0 ms
Numeric time: 0.367	0.367	0 ms
Symbolic time: 0.539	0.539	0 ms
Numeric time: 0.367	0.366	0 ms
Symbolic time: 0.536	0.535	0.001 ms
Numeric time: 0.368	0.367	0 ms
Symbolic time: 0.535	0.536	0 ms
Numeric time: 0.375	0.375	0 ms
Symbolic time: 0.535	0.534	0 ms
Numeric time: 0.372	0.373	0 ms
Symbolic time: 0.538	0.538	0 ms
Numeric time: 0.37	0.37	0 ms
Symbolic time: 0.536	0.536	0 ms
Numeric time: 0.371	0.37	0 ms
Symbolic time: 0.535	0.535	0 ms
Numeric time: 0.37	0.37	0 ms
Symbolic time: 0.535	0.535	0 ms
Numeric time: 0.369	0.37	0 ms
Symbolic time: 0.536	0.537	0 ms
Numeric time: 0.37	0.37	0 ms
Symbolic time: 0.535	0.534	0 ms
Numeric time: 0.37	0.37	0 ms
Symbolic time: 0.534	0.534	0 ms
Numeric time: 0.372	0.372	0 ms
Symbolic time: 0.538	0.538	0 ms
Numeric time: 0.368	0.368	0 ms
Symbolic time: 0.534	0.534	0 ms
Numeric time: 0.369	0.368	0 ms
Symbolic time: 0.535	0.535	0 ms
Numeric time: 0.368	0.368	0 ms
Symbolic time: 0.538	0.538	0 ms
Numeric time: 0.366	0.367	0 ms
Symbolic time: 0.541	0.541	0 ms
Numeric time: 0.367	0.367	0 ms
Symbolic time: 0.542	0.542	0 ms
Numeric time: 0.371	0.37	0 ms
Symbolic time: 0.54	0.541	0 ms
Numeric time: 0.366	0.367	0 ms
Symbolic time: 0.545	0.544	0 ms
Numeric time: 0.366	0.367	0 ms
Symbolic time: 0.539	0.539	0 ms
Numeric time: 0.368	0.367	0 ms
Symbolic time: 0.539	0.539	0 ms
Numeric time: 0.369	0.369	0 ms
Symbolic time: 0.538	0.538	0 ms
Numeric time: 0.367	0.368	0 ms
Symbolic time: 0.54	0.539	0 ms
Numeric time: 0.369	0.37	0 ms
Symbolic time: 0.54	0.54	0 ms
Numeric time: 0.367	0.367	0 ms
Symbolic time: 0.539	0.539	0 ms
Numeric time: 0.367	0.368	0 ms
Symbolic time: 0.541	0.541	0 ms
Numeric time: 0.369	0.369	0 ms
Symbolic time: 0.539	0.538	0 ms
Numeric time: 0.367	0.368	0 ms
Symbolic time: 0.541	0.541	0 ms
Numeric time: 0.367	0.366	0 ms
Symbolic time: 0.543	0	0.544 ms
Numeric time: 0.369	0	0.369 ms
Symbolic time: 0.537	0.505	0.032 ms
Numeric time: 0.372	0.372	0 ms
Symbolic time: 0.536	0.536	0 ms
Numeric time: 0.37	0.37	0 ms
Symbolic time: 0.535	0.535	0 ms
Numeric time: 0.371	0.371	0 ms
Symbolic time: 0.538	0.539	0 ms
Numeric time: 0.371	0.37	0 ms
Symbolic time: 0.535	0.534	0 ms
Numeric time: 0.369	0.369	0 ms
Symbolic time: 0.537	0.537	0 ms
Numeric time: 0.369	0	0.37 ms
Symbolic time: 0.535	0	0.535 ms
Numeric time: 0.369	0.369	0 ms
Symbolic time: 0.535	0.513	0.022 ms
Numeric time: 0.372	0.371	0 ms
Symbolic time: 0.537	0.537	0 ms
Numeric time: 0.369	0	0.369 ms
Symbolic time: 0.534	0	0.535 ms
Numeric time: 0.369	0	0.369 ms
Symbolic time: 0.537	0	0.537 ms
Numeric time: 0.367	0.273	0.094 ms
Symbolic time: 0.535	0.536	0 ms
Numeric time: 0.369	0.368	0 ms
Symbolic time: 0.541	0.541	0 ms
Numeric time: 0.368	0.369	0 ms
Symbolic time: 0.541	0.541	0 ms
Numeric time: 0.367	0.368	0 ms
Symbolic time: 0.539	0.539	0 ms
Numeric time: 0.367	0.367	0 ms
Symbolic time: 0.542	0.542	0 ms
Numeric time: 0.368	0.368	0 ms
Symbolic time: 0.537	0.537	0 ms
Numeric time: 0.368	0.368	0 ms
Symbolic time: 0.54	0.54	0 ms
Numeric time: 0.368	0.368	0 ms
Symbolic time: 0.538	0.538	0 ms
Numeric time: 0.369	0.369	0 ms
Symbolic time: 0.538	0.538	0 ms
Numeric time: 0.368	0.368	0 ms
Symbolic time: 0.539	0.539	0 ms
Numeric time: 0.365	0.365	0 ms
Symbolic time: 0.538	0.538	0 ms
Numeric time: 0.368	0.368	0 ms
Symbolic time: 0.546	0.54	0 ms
Numeric time: 0.367	0.367	0 ms
Symbolic time: 0.538	0.538	0 ms
Numeric time: 0.37	0.37	0 ms
Symbolic time: 0.54	0.54	0 ms
Numeric time: 0.365	0.365	0 ms
Symbolic time: 0.545	0.545	0 ms
Numeric time: 0.368	0.368	0 ms
Symbolic time: 0.537	0.537	0 ms
Numeric time: 0.367	0.368	0 ms
Symbolic time: 0.538	0.538	0 ms
Numeric time: 0.367	0	0.368 ms
Symbolic time: 0.537	0	0.537 ms
Numeric time: 0.372	0.373	0 ms
Symbolic time: 0.537	0.515	0.022 ms
Numeric time: 0.372	0.371	0 ms
Symbolic time: 0.534	0.534	0 ms
Numeric time: 0.368	0.368	0 ms
Symbolic time: 0.537	0.537	0 ms
Numeric time: 0.373	0.373	0 ms
Symbolic time: 0.537	0.536	0 ms
Numeric time: 0.37	0.371	0 ms
Symbolic time: 0.533	0.534	0 ms
Numeric time: 0.37	0.37	0 ms
Symbolic time: 0.537	0.537	0 ms
Numeric time: 0.369	0.369	0 ms
Symbolic time: 0.536	0.536	0 ms
Numeric time: 0.37	0.37	0 ms
Symbolic time: 0.536	0.535	0 ms
Numeric time: 0.372	0.372	0 ms
Symbolic time: 0.536	0.537	0 ms
Numeric time: 0.369	0.369	0 ms
Symbolic time: 0.537	0.536	0 ms
Numeric time: 0.366	0.365	0.002 ms
Symbolic time: 0.535	0.535	0 ms
Numeric time: 0.37	0.37	0 ms
Symbolic time: 0.538	0.537	0 ms
Numeric time: 0.368	0.368	0 ms
Symbolic time: 0.538	0.538	0 ms
Numeric time: 0.365	0.365	0 ms
Symbolic time: 0.54	0.54	0 ms
Numeric time: 0.366	0.366	0 ms
Symbolic time: 0.539	0.539	0 ms
Numeric time: 0.371	0.37	0 ms
Symbolic time: 0.536	0.536	0 ms
Numeric time: 0.369	0.368	0 ms
Symbolic time: 0.538	0.537	0 ms
Numeric time: 0.369	0.369	0 ms
Symbolic time: 0.538	0.538	0 ms
Numeric time: 0.367	0.367	0 ms
Symbolic time: 0.538	0.538	0 ms
Numeric time: 0.368	0.368	0 ms
Symbolic time: 0.539	0.538	0 ms
Numeric time: 0.368	0.368	0 ms
Symbolic time: 0.537	0.537	0 ms
Numeric time: 0.37	0.37	0 ms
Symbolic time: 0.538	0.538	0 ms
Numeric time: 0.367	0.367	0 ms
Symbolic time: 0.541	0.541	0 ms
Numeric time: 0.37	0.369	0 ms
Symbolic time: 0.539	0.538	0 ms
Numeric time: 0.37	0.371	0 ms
Symbolic time: 0.54	0.539	0 ms
Numeric time: 0.366	0.367	0 ms
Symbolic time: 0.535	0.535	0 ms
Numeric time: 0.372	0.372	0 ms
Symbolic time: 0.537	0.537	0 ms
Numeric time: 0.375	0.374	0 ms
Symbolic time: 0.536	0.536	0 ms
Numeric time: 0.376	0.377	0 ms
Symbolic time: 0.534	0.534	0 ms
Numeric time: 0.373	0.373	0 ms
Symbolic time: 0.536	0.537	0 ms
Numeric time: 0.373	0.372	0 ms
Symbolic time: 0.535	0.535	0 ms
Numeric time: 0.374	0.374	0 ms
Symbolic time: 0.535	0.535	0 ms
Numeric time: 0.373	0.373	0 ms
Symbolic time: 0.536	0.536	0 ms
Numeric time: 0.372	0.371	0 ms
Symbolic time: 0.536	0.536	0 ms
Numeric time: 0.369	0	0.369 ms
Symbolic time: 0.536	0	0.536 ms
Numeric time: 0.371	0.371	0 ms
Symbolic time: 0.534	0.519	0.016 ms
Numeric time: 0.371	0.371	0 ms
Symbolic time: 0.536	0.536	0 ms
Numeric time: 0.367	0.347	0.02 ms
Symbolic time: 0.537	0.537	0 ms
Numeric time: 0.368	0.368	0 ms
Symbolic time: 0.54	0.54	0 ms
Numeric time: 0.369	0.369	0 ms
Symbolic time: 0.538	0.539	0 ms
Numeric time: 0.365	0.365	0 ms
Symbolic time: 0.542	0.543	0 ms
Numeric time: 0.367	0.366	0 ms
Symbolic time: 0.537	0.538	0 ms
Numeric time: 0.369	0.37	0 ms
Symbolic time: 0.538	0.538	0 ms
Numeric time: 0.367	0.367	0 ms
Symbolic time: 0.54	0.541	0 ms
Numeric time: 0.367	0.367	0 ms
Symbolic time: 0.542	0.542	0 ms
Numeric time: 0.366	0.365	0 ms
Symbolic time: 0.54	0.54	0 ms
Numeric time: 0.367	0.366	0 ms
Symbolic time: 0.541	0.541	0 ms
Numeric time: 0.365	0.366	0 ms
Symbolic time: 0.537	0.537	0 ms
Numeric time: 0.368	0.369	0 ms
Symbolic time: 0.539	0.539	0 ms
Numeric time: 0.365	0.366	0 ms
Symbolic time: 0.535	0.535	0 ms
Numeric time: 0.367	0.367	0 ms
Symbolic time: 0.539	0.538	0 ms
Numeric time: 0.367	0.367	0 ms
Symbolic time: 0.539	0.54	0 ms
Numeric time: 0.365	0.366	0 ms
Symbolic time: 0.534	0.533	0 ms
Numeric time: 0.369	0	0.367 ms
Symbolic time: 0.537	0	0.537 ms
Numeric time: 0.372	0.372	0 ms
Symbolic time: 0.536	0.513	0.023 ms
Numeric time: 0.373	0.373	0 ms
Symbolic time: 0.536	0.536	0 ms
Numeric time: 0.372	0.373	0 ms
Symbolic time: 0.536	0.536	0 ms
Numeric time: 0.37	0.371	0 ms
Symbolic time: 0.537	0.536	0 ms
Numeric time: 0.37	0.37	0 ms
Symbolic time: 0.535	0.534	0 ms
Numeric time: 0.373	0.373	0 ms
Symbolic time: 0.536	0.535	0 ms
Numeric time: 0.371	0.372	0 ms
Symbolic time: 0.535	0.536	0 ms
Numeric time: 0.373	0.373	0 ms
Symbolic time: 0.537	0.537	0 ms
Numeric time: 0.37	0.371	0 ms
Symbolic time: 0.536	0.535	0 ms
Numeric time: 0.37	0	0.369 ms
Symbolic time: 0.538	0	0.538 ms
Numeric time: 0.367	0.329	0.038 ms
Symbolic time: 0.536	0.536	0 ms
Numeric time: 0.366	0.366	0 ms
Symbolic time: 0.54	0.54	0 ms
Numeric time: 0.369	0.369	0 ms
Symbolic time: 0.536	0.537	0 ms
Numeric time: 0.369	0.369	0 ms
Symbolic time: 0.539	0.539	0 ms
Numeric time: 0.368	0.367	0 ms
Symbolic time: 0.54	0.54	0 ms
Numeric time: 0.368	0.367	0 ms
Symbolic time: 0.54	0.539	0 ms
Numeric time: 0.365	0.365	0 ms
Symbolic time: 0.537	0.538	0 ms
Numeric time: 0.368	0.367	0 ms
Symbolic time: 0.541	0.54	0 ms
Numeric time: 0.368	0.369	0 ms
Symbolic time: 0.537	0.538	0 ms
Numeric time: 0.369	0.368	0 ms
Symbolic time: 0.542	0.543	0 ms
Numeric time: 0.366	0.367	0 ms
Symbolic time: 0.543	0.543	0 ms
Numeric time: 0.369	0.37	0 ms
Symbolic time: 0.538	0.538	0 ms
Numeric time: 0.368	0.368	0 ms
Symbolic time: 0.541	0.541	0 ms
Numeric time: 0.368	0.369	0 ms
Symbolic time: 0.541	0.541	0 ms
Numeric time: 0.367	0.367	0 ms
Symbolic time: 0.539	0.54	0 ms
Numeric time: 0.368	0.369	0 ms
Symbolic time: 0.538	0.538	0 ms
Numeric time: 0.368	0.369	0 ms
Symbolic time: 0.533	0.534	0 ms
Numeric time: 0.37	0.371	0 ms
Symbolic time: 0.537	0.537	0 ms
Numeric time: 0.37	0.37	0 ms
Symbolic time: 0.536	0.537	0 ms
Numeric time: 0.373	0	0.373 ms
Symbolic time: 0.535	0	0.535 ms
Numeric time: 0.372	0.372	0 ms
Symbolic time: 0.536	0.51	0.027 ms
Numeric time: 0.372	0.372	0 ms
Symbolic time: 0.536	0.537	0 ms
Numeric time: 0.381	0.381	0 ms
Symbolic time: 0.535	0.535	0 ms
Numeric time: 0.37	0.37	0 ms
Symbolic time: 0.535	0.535	0 ms
Numeric time: 0.371	0	0.371 ms
Symbolic time: 0.536	0	0.536 ms
Numeric time: 0.371	0.37	0 ms
Symbolic time: 0.537	0.514	0.022 ms
Numeric time: 0.369	0	0.369 ms
Symbolic time: 0.536	0	0.536 ms
Numeric time: 0.373	0.374	0 ms
Symbolic time: 0.536	0.505	0.031 ms
Numeric time: 0.367	0.344	0.023 ms
Symbolic time: 0.536	0.536	0 ms
Numeric time: 0.369	0.369	0 ms
Symbolic time: 0.541	0.541	0 ms
Numeric time: 0.367	0.367	0 ms
Symbolic time: 0.538	0.537	0 ms
Numeric time: 0.368	0.369	0 ms
Symbolic time: 0.538	0.539	0 ms
Numeric time: 0.365	0.365	0 ms
Symbolic time: 0.538	0.538	0 ms
Numeric time: 0.368	0.368	0 ms
Symbolic time: 0.54	0.541	0 ms
Numeric time: 0.369	0.369	0 ms
Symbolic time: 0.538	0.538	0 ms
Numeric time: 0.365	0.366	0 ms
Symbolic time: 0.538	0.537	0 ms
Numeric time: 0.366	0.366	0 ms
Symbolic time: 0.54	0.54	0 ms
Numeric time: 0.369	0.37	0 ms
Symbolic time: 0.542	0.542	0 ms
Numeric time: 0.367	0.367	0 ms
Symbolic time: 0.544	0.543	0 ms
Numeric time: 0.368	0.368	0 ms
Symbolic time: 0.542	0.542	0 ms
Numeric time: 0.367	0.367	0 ms
Symbolic time: 0.536	0.537	0 ms
Numeric time: 0.368	0.369	0 ms
Symbolic time: 0.539	0.538	0 ms
Numeric time: 0.366	0.366	0 ms
Symbolic time: 0.538	0.537	0 ms
Numeric time: 0.368	0.368	0 ms
Symbolic time: 0.534	0.533	0.001 ms
Numeric time: 0.368	0.368	0 ms
Symbolic time: 0.538	0.537	0 ms
Numeric time: 0.371	0.371	0 ms
Symbolic time: 0.535	0.535	0 ms
Numeric time: 0.372	0.372	0 ms
Symbolic time: 0.536	0.536	0 ms
Numeric time: 0.37	0.37	0 ms
Symbolic time: 0.534	0.534	0 ms
Numeric time: 0.374	0.374	0 ms
Symbolic time: 0.534	0.534	0 ms
Numeric time: 0.37	0.37	0 ms
Symbolic time: 0.539	0.539	0 ms
Numeric time: 0.369	0.369	0 ms
Symbolic time: 0.537	0.536	0 ms
Numeric time: 0.371	0.371	0 ms
Symbolic time: 0.536	0.536	0 ms
Numeric time: 0.374	0.374	0 ms
Symbolic time: 0.535	0.535	0 ms
Numeric time: 0.373	0.373	0 ms
Symbolic time: 0.534	0.534	0 ms
Numeric time: 0.373	0.373	0 ms
Symbolic time: 0.535	0.535	0 ms
Numeric time: 0.368	0.368	0 ms
Symbolic time: 0.537	0.536	0 ms
Numeric time: 0.366	0.365	0 ms
Symbolic time: 0.539	0.54	0 ms
Numeric time: 0.369	0.369	0 ms
Symbolic time: 0.538	0.538	0 ms
Numeric time: 0.369	0.369	0 ms
Symbolic time: 0.537	0.536	0 ms
Numeric time: 0.369	0.369	0 ms
Symbolic time: 0.537	0.538	0 ms
Numeric time: 0.367	0.368	0 ms
Symbolic time: 0.539	0.539	0 ms
Numeric time: 0.382	0.383	0 ms
Symbolic time: 0.541	0.541	0 ms
Numeric time: 0.368	0.369	0 ms
Symbolic time: 0.541	0.542	0 ms
Numeric time: 0.369	0.368	0 ms
Symbolic time: 0.543	0.544	0 ms
Numeric time: 0.369	0.369	0 ms
Symbolic time: 0.543	0.543	0 ms
Numeric time: 0.369	0.369	0 ms
Symbolic time: 0.54	0.54	0 ms
Numeric time: 0.37	0.37	0 ms
Symbolic time: 0.541	0.541	0 ms
Numeric time: 0.369	0.369	0 ms
Symbolic time: 0.54	0.539	0 ms
Numeric time: 0.365	0.365	0 ms
Symbolic time: 0.54	0.54	0 ms
Numeric time: 0.366	0.366	0 ms
Symbolic time: 0.536	0.536	0 ms
Numeric time: 0.369	0.369	0 ms
Symbolic time: 0.539	0.539	0 ms
Numeric time: 0.37	0.37	0 ms
Symbolic time: 0.538	0.538	0 ms
Numeric time: 0.369	0.369	0 ms
Symbolic time: 0.542	0	0.543 ms
Numeric time: 0.368	0	0.368 ms
Symbolic time: 0.536	0.503	0.033 ms
Numeric time: 0.369	0.37	0 ms
Symbolic time: 0.537	0.537	0 ms
Numeric time: 0.368	0.369	0 ms

Symbolic time: 0.555077 ms
Numeric time: 0.38209 ms
