Symbolic time: 0.205	0.201	0 ms
Numeric time: 0.139	0.143	0 ms
Symbolic time: 0.135	0.134	0 ms
Numeric time: 0.09	0.09	0 ms
Symbolic time: 0.131	0.132	0 ms
Numeric time: 0.083	0.084	0 ms
Symbolic time: 0.135	0.135	0 ms
Numeric time: 0.079	0.078	0 ms
Symbolic time: 0.114	0.115	0 ms
Numeric time: 0.075	0.075	0 ms
Symbolic time: 0.135	0.134	0 ms
Numeric time: 0.073	0.074	0 ms
Symbolic time: 0.12	0.12	0 ms
Numeric time: 0.074	0.074	0 ms
Symbolic time: 0.107	0.108	0 ms
Numeric time: 0.072	0.071	0 ms
Symbolic time: 0.123	0.124	0 ms
Numeric time: 0.071	0.071	0 ms
Symbolic time: 0.103	0.104	0 ms
Numeric time: 0.052	0.052	0 ms
Symbolic time: 0.096	0.096	0 ms
Numeric time: 0.053	0.053	0 ms
Symbolic time: 0.084	0.085	0 ms
Numeric time: 0.053	0.053	0 ms
Symbolic time: 0.076	0.077	0 ms
Numeric time: 0.051	0.051	0 ms
Symbolic time: 0.076	0.077	0 ms
Numeric time: 0.049	0.05	0 ms
Symbolic time: 0.093	0.093	0 ms
Numeric time: 0.05	0.051	0 ms
Symbolic time: 0.076	0.075	0 ms
Numeric time: 0.051	0.051	0 ms
Symbolic time: 0.076	0.075	0 ms
Numeric time: 0.052	0.051	0 ms
Symbolic time: 0.092	0.091	0 ms
Numeric time: 0.05	0	0.051 ms
Symbolic time: 0.078	0	0.077 ms
Numeric time: 0.049	0	0.053 ms
Symbolic time: 0.075	0	0.075 ms
Numeric time: 0.05	0	0.05 ms
Symbolic time: 0.075	0	0.074 ms
Numeric time: 0.051	0	0.051 ms
Symbolic time: 0.091	0	0.092 ms
Numeric time: 0.05	0	0.051 ms
Symbolic time: 0.075	0	0.076 ms
Numeric time: 0.048	0	0.049 ms
Symbolic time: 0.075	0	0.074 ms
Numeric time: 0.05	0	0.051 ms
Symbolic time: 0.089	0.09	0 ms
Numeric time: 0.05	0.05	0 ms
Symbolic time: 0.074	0.074	0 ms
Numeric time: 0.049	0.05	0 ms
Symbolic time: 0.074	0.073	0 ms
Numeric time: 0.05	0.049	0 ms
Symbolic time: 0.073	0.066	0.007 ms
Numeric time: 0.049	0.044	0.005 ms
Symbolic time: 0.088	0.079	0.009 ms
Numeric time: 0.05	0.045	0.005 ms
Symbolic time: 0.073	0.065	0.007 ms
Numeric time: 0.049	0.045	0.005 ms
Symbolic time: 0.08	0.08	0 ms
Numeric time: 0.05	0.049	0 ms
Symbolic time: 0.087	0.087	0 ms
Numeric time: 0.05	0.05	0 ms
Symbolic time: 0.073	0.074	0 ms
Numeric time: 0.05	0.05	0 ms
Symbolic time: 0.072	0.072	0 ms
Numeric time: 0.049	0.05	0 ms
Symbolic time: 0.074	0.073	0 ms
Numeric time: 0.048	0.048	0 ms
Symbolic time: 0.089	0.088	0 ms
Numeric time: 0.05	0.049	0 ms
Symbolic time: 0.074	0.073	0 ms
Numeric time: 0.055	0.056	0 ms
Symbolic time: 0.073	0.072	0 ms
Numeric time: 0.049	0.049	0 ms
Symbolic time: 0.089	0.089	0 ms
Numeric time: 0.049	0.048	0 ms
Symbolic time: 0.073	0.073	0 ms
Numeric time: 0.049	0.049	0 ms
Symbolic time: 0.071	0.071	0 ms
Numeric time: 0.049	0.049	0 ms
Symbolic time: 0.071	0.072	0 ms
Numeric time: 0.049	0.048	0 ms
Symbolic time: 0.088	0.088	0 ms
Numeric time: 0.048	0.049	0 ms
Symbolic time: 0.08	0.08	0 ms
Numeric time: 0.049	0.049	0 ms
Symbolic time: 0.072	0.071	0 ms
Numeric time: 0.05	0.049	0 ms
Symbolic time: 0.09	0.09	0 ms
Numeric time: 0.05	0.051	0 ms
Symbolic time: 0.073	0.073	0 ms
Numeric time: 0.048	0.048	0 ms
Symbolic time: 0.074	0.074	0 ms
Numeric time: 0.049	0.049	0 ms
Symbolic time: 0.072	0.073	0 ms
Numeric time: 0.05	0.05	0 ms
Symbolic time: 0.089	0.088	0 ms
Numeric time: 0.058	0.057	0 ms
Symbolic time: 0.074	0.074	0 ms
Numeric time: 0.049	0.049	0 ms
Symbolic time: 0.074	0.073	0 ms
Numeric time: 0.049	0.049	0 ms
Symbolic time: 0.09	0.091	0 ms
Numeric time: 0.049	0.05	0 ms
Symbolic time: 0.071	0.071	0 ms
Numeric time: 0.049	0.049	0 ms
Symbolic time: 0.072	0.072	0 ms
Numeric time: 0.047	0.048	0 ms
Symbolic time: 0.073	0.073	0 ms
Numeric time: 0.048	0.049	0 ms
Symbolic time: 0.094	0.094	0 ms
Numeric time: 0.05	0.05	0 ms
Symbolic time: 0.071	0.072	0 ms
Numeric time: 0.049	0.05	0 ms
Symbolic time: 0.073	0.073	0 ms
Numeric time: 0.048	0.048	0 ms
Symbolic time: 0.081	0.08	0 ms
Numeric time: 0.051	0.051	0 ms
Symbolic time: 0.072	0.072	0 ms
Numeric time: 0.049	0.05	0 ms
Symbolic time: 0.07	0.071	0 ms
Numeric time: 0.049	0.05	0 ms
Symbolic time: 0.072	0.072	0 ms
Numeric time: 0.048	0.049	0 ms
Symbolic time: 0.08	0	0.075 ms
Numeric time: 0.059	0	0.058 ms
Symbolic time: 0.071	0	0.072 ms
Numeric time: 0.049	0	0.049 ms
Symbolic time: 0.071	0	0.071 ms
Numeric time: 0.049	0	0.049 ms
Symbolic time: 0.072	0	0.072 ms
Numeric time: 0.065	0	0.065 ms
Symbolic time: 0.073	0	0.073 ms
Numeric time: 0.048	0	0.048 ms
Symbolic time: 0.072	0	0.072 ms
Numeric time: 0.048	0	0.048 ms
Symbolic time: 0.071	0	0.07 ms
Numeric time: 0.048	0	0.048 ms
Symbolic time: 0.072	0	0.073 ms
Numeric time: 0.065	0	0.066 ms
Symbolic time: 0.073	0	0.073 ms
Numeric time: 0.048	0	0.048 ms
Symbolic time: 0.071	0	0.072 ms
Numeric time: 0.047	0	0.048 ms
Symbolic time: 0.071	0	0.07 ms
Numeric time: 0.061	0	0.062 ms
Symbolic time: 0.072	0	0.072 ms
Numeric time: 0.047	0	0.048 ms
Symbolic time: 0.071	0	0.072 ms
Numeric time: 0.048	0	0.047 ms
Symbolic time: 0.079	0.078	0 ms
Numeric time: 0.054	0.055	0 ms
Symbolic time: 0.047	0.046	0 ms
Numeric time: 0.032	0.032	0 ms
Symbolic time: 0.058	0.059	0 ms
Numeric time: 0.032	0.032	0 ms
Symbolic time: 0.047	0.048	0 ms
Numeric time: 0.032	0.032	0 ms
Symbolic time: 0.048	0.047	0 ms
Numeric time: 0.032	0.033	0 ms
Symbolic time: 0.047	0.047	0 ms
Numeric time: 0.032	0.033	0 ms
Symbolic time: 0.048	0.047	0 ms
Numeric time: 0.032	0.032	0 ms
Symbolic time: 0.06	0.053	0.007 ms
Numeric time: 0.033	0.027	0.006 ms
Symbolic time: 0.047	0.039	0.008 ms
Numeric time: 0.032	0.027	0.005 ms
Symbolic time: 0.046	0.038	0.008 ms
Numeric time: 0.039	0.039	0 ms
Symbolic time: 0.048	0.048	0 ms
Numeric time: 0.031	0.032	0 ms
Symbolic time: 0.047	0.048	0 ms
Numeric time: 0.032	0.032	0 ms
Symbolic time: 0.047	0.046	0 ms
Numeric time: 0.032	0.032	0 ms
Symbolic time: 0.058	0.058	0 ms
Numeric time: 0.033	0.032	0 ms
Symbolic time: 0.047	0.047	0 ms
Numeric time: 0.032	0.031	0 ms
Symbolic time: 0.048	0.047	0 ms
Numeric time: 0.032	0.032	0 ms
Symbolic time: 0.048	0.047	0 ms
Numeric time: 0.033	0.032	0 ms
Symbolic time: 0.046	0.047	0 ms
Numeric time: 0.032	0.032	0 ms
Symbolic time: 0.056	0.056	0 ms
Numeric time: 0.031	0.031	0 ms
Symbolic time: 0.048	0.048	0 ms
Numeric time: 0.036	0.038	0 ms
Symbolic time: 0.047	0.047	0 ms
Numeric time: 0.032	0.032	0 ms
Symbolic time: 0.047	0.047	0 ms
Numeric time: 0.031	0.032	0 ms
Symbolic time: 0.047	0.047	0 ms
Numeric time: 0.031	0.031	0 ms
Symbolic time: 0.047	0.048	0 ms
Numeric time: 0.032	0.032	0 ms
Symbolic time: 0.054	0.055	0 ms
Numeric time: 0.033	0.033	0 ms
Symbolic time: 0.047	0.046	0 ms
Numeric time: 0.032	0.032	0 ms
Symbolic time: 0.047	0.047	0 ms
Numeric time: 0.032	0.032	0 ms
Symbolic time: 0.048	0.048	0 ms
Numeric time: 0.031	0.031	0 ms
Symbolic time: 0.047	0.046	0 ms
Numeric time: 0.036	0.036	0 ms
Symbolic time: 0.048	0.048	0 ms
Numeric time: 0.032	0.032	0 ms
Symbolic time: 0.047	0.048	0 ms
Numeric time: 0.031	0.031	0 ms
Symbolic time: 0.048	0.048	0 ms
Numeric time: 0.032	0.031	0 ms
Symbolic time: 0.047	0.047	0 ms
Numeric time: 0.032	0.032	0 ms
Symbolic time: 0.046	0.047	0 ms
Numeric time: 0.032	0.031	0 ms
Symbolic time: 0.047	0.047	0 ms
Numeric time: 0.032	0.032	0 ms
Symbolic time: 0.049	0.049	0 ms
Numeric time: 0.032	0.032	0 ms
Symbolic time: 0.047	0.046	0 ms
Numeric time: 0.033	0.033	0 ms
Symbolic time: 0.047	0.047	0 ms
Numeric time: 0.032	0.032	0 ms
Symbolic time: 0.047	0.047	0 ms
Numeric time: 0.031	0.032	0 ms
Symbolic time: 0.046	0.047	0 ms
Numeric time: 0.038	0.037	0 ms
Symbolic time: 0.052	0.052	0 ms
Numeric time: 0.032	0.033	0 ms
Symbolic time: 0.046	0.047	0 ms
Numeric time: 0.032	0.032	0 ms
Symbolic time: 0.047	0.047	0 ms
Numeric time: 0.031	0.032	0 ms
Symbolic time: 0.046	0.047	0 ms
Numeric time: 0.032	0.032	0 ms
Symbolic time: 0.046	0.045	0 ms
Numeric time: 0.033	0.033	0 ms
Symbolic time: 0.046	0.046	0 ms
Numeric time: 0.034	0.035	0 ms
Symbolic time: 0.049	0.049	0 ms
Numeric time: 0.032	0.032	0 ms
Symbolic time: 0.047	0.046	0 ms
Numeric time: 0.033	0.033	0 ms
Symbolic time: 0.046	0.046	0 ms
Numeric time: 0.033	0.032	0 ms
Symbolic time: 0.046	0.046	0 ms
Numeric time: 0.032	0.032	0 ms
Symbolic time: 0.051	0.051	0 ms
Numeric time: 0.041	0.041	0 ms
Symbolic time: 0.047	0.047	0 ms
Numeric time: 0.032	0.032	0 ms
Symbolic time: 0.047	0.046	0 ms
Numeric time: 0.033	0.033	0 ms
Symbolic time: 0.046	0.046	0 ms
Numeric time: 0.032	0.032	0 ms
Symbolic time: 0.046	0.047	0 ms
Numeric time: 0.032	0.032	0 ms
Symbolic time: 0.047	0.047	0 ms
Numeric time: 0.032	0.032	0 ms
Symbolic time: 0.047	0.047	0 ms
Numeric time: 0.041	0.041	0 ms
Symbolic time: 0.048	0.048	0 ms
Numeric time: 0.032	0.032	0 ms
Symbolic time: 0.048	0.048	0 ms
Numeric time: 0.032	0.032	0 ms
Symbolic time: 0.047	0.047	0 ms
Numeric time: 0.032	0.031	0 ms
Symbolic time: 0.046	0.046	0 ms
Numeric time: 0.032	0.032	0 ms
Symbolic time: 0.047	0.047	0 ms
Numeric time: 0.044	0.044	0 ms
Symbolic time: 0.048	0.048	0 ms
Numeric time: 0.032	0.032	0 ms
Symbolic time: 0.047	0.048	0 ms
Numeric time: 0.033	0.032	0 ms
Symbolic time: 0.048	0.048	0 ms
Numeric time: 0.033	0.032	0 ms
Symbolic time: 0.047	0.047	0 ms
Numeric time: 0.031	0.032	0 ms
Symbolic time: 0.047	0.047	0 ms
Numeric time: 0.031	0.032	0 ms
Symbolic time: 0.047	0.047	0 ms
Numeric time: 0.043	0.043	0 ms
Symbolic time: 0.046	0.047	0 ms
Numeric time: 0.032	0.032	0 ms
Symbolic time: 0.048	0.047	0 ms
Numeric time: 0.031	0.031	0 ms
Symbolic time: 0.048	0.047	0 ms
Numeric time: 0.038	0.037	0 ms
Symbolic time: 0.048	0.047	0 ms
Numeric time: 0.033	0.032	0 ms
Symbolic time: 0.047	0.047	0 ms
Numeric time: 0.044	0.044	0 ms
Symbolic time: 0.048	0.048	0 ms
Numeric time: 0.031	0.031	0 ms
Symbolic time: 0.048	0.049	0 ms
Numeric time: 0.033	0.032	0 ms
Symbolic time: 0.047	0.047	0 ms
Numeric time: 0.031	0.032	0 ms
Symbolic time: 0.047	0.046	0 ms
Numeric time: 0.032	0.031	0 ms
Symbolic time: 0.047	0.047	0 ms
Numeric time: 0.031	0.031	0 ms
Symbolic time: 0.048	0.048	0 ms
Numeric time: 0.041	0.041	0 ms
Symbolic time: 0.047	0.046	0 ms
Numeric time: 0.031	0.031	0 ms
Symbolic time: 0.046	0.047	0 ms
Numeric time: 0.036	0.037	0 ms
Symbolic time: 0.047	0.047	0 ms
Numeric time: 0.031	0.031	0 ms
Symbolic time: 0.047	0.047	0 ms
Numeric time: 0.031	0.031	0 ms
Symbolic time: 0.047	0.047	0 ms
Numeric time: 0.04	0.041	0 ms
Symbolic time: 0.047	0.047	0 ms
Numeric time: 0.032	0.032	0 ms
Symbolic time: 0.046	0.046	0 ms
Numeric time: 0.031	0.031	0 ms
Symbolic time: 0.047	0.047	0 ms
Numeric time: 0.031	0.032	0 ms
Symbolic time: 0.046	0.046	0 ms
Numeric time: 0.032	0.032	0 ms
Symbolic time: 0.046	0.047	0 ms
Numeric time: 0.031	0.031	0 ms
Symbolic time: 0.048	0.048	0 ms
Numeric time: 0.039	0.039	0 ms
Symbolic time: 0.048	0.047	0 ms
Numeric time: 0.032	0.032	0 ms
Symbolic time: 0.047	0.047	0 ms
Numeric time: 0.032	0.032	0 ms
Symbolic time: 0.047	0.047	0 ms
Numeric time: 0.031	0.031	0 ms
Symbolic time: 0.048	0.047	0 ms
Numeric time: 0.031	0.031	0 ms
Symbolic time: 0.049	0.05	0 ms
Numeric time: 0.037	0.037	0 ms
Symbolic time: 0.047	0.047	0 ms
Numeric time: 0.032	0.032	0 ms
Symbolic time: 0.047	0.047	0 ms
Numeric time: 0.032	0.032	0 ms
Symbolic time: 0.048	0.048	0 ms
Numeric time: 0.032	0.032	0 ms
Symbolic time: 0.047	0.047	0 ms
Numeric time: 0.032	0.032	0 ms
Symbolic time: 0.047	0.047	0 ms
Numeric time: 0.031	0.031	0 ms
Symbolic time: 0.055	0.055	0 ms
Numeric time: 0.031	0.031	0 ms
Symbolic time: 0.054	0.054	0 ms
Numeric time: 0.032	0.032	0 ms
Symbolic time: 0.047	0.048	0 ms
Numeric time: 0.032	0.032	0 ms
Symbolic time: 0.047	0.047	0 ms
Numeric time: 0.032	0.032	0 ms
Symbolic time: 0.048	0.047	0 ms
Numeric time: 0.031	0.031	0 ms
Symbolic time: 0.058	0.058	0 ms
Numeric time: 0.032	0.032	0 ms
Symbolic time: 0.048	0.049	0 ms
Numeric time: 0.022	0.022	0 ms
Symbolic time: 0.031	0.031	0 ms
Numeric time: 0.021	0.021	0 ms
Symbolic time: 0.031	0.031	0 ms
Numeric time: 0.021	0.021	0 ms
Symbolic time: 0.032	0.031	0 ms
Numeric time: 0.021	0.021	0 ms
Symbolic time: 0.031	0.031	0 ms
Numeric time: 0.022	0.021	0 ms
Symbolic time: 0.031	0.031	0 ms
Numeric time: 0.021	0.021	0 ms
Symbolic time: 0.032	0.031	0 ms
Numeric time: 0.02	0.021	0 ms
Symbolic time: 0.031	0.032	0 ms
Numeric time: 0.034	0.034	0 ms
Symbolic time: 0.031	0.031	0 ms
Numeric time: 0.021	0.021	0 ms
Symbolic time: 0.032	0.032	0 ms
Numeric time: 0.021	0.021	0 ms
Symbolic time: 0.032	0.031	0 ms
Numeric time: 0.02	0.021	0 ms
Symbolic time: 0.031	0.032	0 ms
Numeric time: 0.021	0.021	0 ms
Symbolic time: 0.031	0.031	0 ms
Numeric time: 0.02	0.021	0 ms
Symbolic time: 0.031	0.032	0 ms
Numeric time: 0.021	0.021	0 ms
Symbolic time: 0.032	0.031	0 ms
Numeric time: 0.02	0.02	0 ms
Symbolic time: 0.039	0.039	0 ms
Numeric time: 0.022	0.022	0 ms
Symbolic time: 0.031	0.031	0 ms
Numeric time: 0.021	0.021	0 ms
Symbolic time: 0.031	0.031	0 ms
Numeric time: 0.021	0.022	0 ms
Symbolic time: 0.031	0.031	0 ms
Numeric time: 0.021	0.021	0 ms
Symbolic time: 0.031	0.031	0 ms
Numeric time: 0.021	0.021	0 ms
Symbolic time: 0.03	0.03	0 ms
Numeric time: 0.021	0.021	0 ms
Symbolic time: 0.031	0.031	0 ms
Numeric time: 0.02	0.021	0 ms
Symbolic time: 0.031	0.031	0 ms
Numeric time: 0.024	0.024	0 ms
Symbolic time: 0.031	0.031	0 ms
Numeric time: 0.022	0.021	0 ms
Symbolic time: 0.034	0.034	0 ms
Numeric time: 0.022	0.022	0 ms
Symbolic time: 0.031	0.031	0 ms
Numeric time: 0.021	0.021	0 ms
Symbolic time: 0.031	0.031	0 ms
Numeric time: 0.022	0.021	0 ms
Symbolic time: 0.032	0.031	0 ms
Numeric time: 0.021	0.022	0 ms
Symbolic time: 0.031	0.031	0 ms
Numeric time: 0.021	0.021	0 ms
Symbolic time: 0.032	0.032	0 ms
Numeric time: 0.021	0.02	0 ms
Symbolic time: 0.031	0.031	0 ms
Numeric time: 0.021	0.021	0 ms
Symbolic time: 0.031	0.032	0 ms
Numeric time: 0.027	0.027	0 ms
Symbolic time: 0.031	0.032	0 ms
Numeric time: 0.021	0.021	0 ms
Symbolic time: 0.031	0.031	0 ms
Numeric time: 0.021	0.021	0 ms
Symbolic time: 0.032	0.032	0 ms
Numeric time: 0.021	0.021	0 ms
Symbolic time: 0.03	0.031	0 ms
Numeric time: 0.021	0.021	0 ms
Symbolic time: 0.032	0.031	0 ms
Numeric time: 0.021	0.021	0 ms
Symbolic time: 0.031	0.031	0 ms
Numeric time: 0.021	0.021	0 ms
Symbolic time: 0.036	0.035	0 ms
Numeric time: 0.021	0.022	0 ms
Symbolic time: 0.03	0.031	0 ms
Numeric time: 0.021	0.021	0 ms
Symbolic time: 0.039	0.039	0 ms
Numeric time: 0.02	0.021	0 ms
Symbolic time: 0.031	0.031	0 ms
Numeric time: 0.021	0.021	0 ms
Symbolic time: 0.031	0.031	0 ms
Numeric time: 0.02	0.021	0 ms
Symbolic time: 0.03	0.031	0 ms
Numeric time: 0.021	0.021	0 ms
Symbolic time: 0.031	0.031	0 ms
Numeric time: 0.021	0.02	0 ms
Symbolic time: 0.031	0.031	0 ms
Numeric time: 0.021	0.021	0 ms
Symbolic time: 0.031	0.032	0 ms
Numeric time: 0.021	0.021	0 ms
Symbolic time: 0.031	0.031	0 ms
Numeric time: 0.021	0.021	0 ms
Symbolic time: 0.036	0.036	0 ms
Numeric time: 0.021	0.02	0 ms
Symbolic time: 0.031	0.031	0 ms
Numeric time: 0.021	0.021	0 ms
Symbolic time: 0.031	0.031	0 ms
Numeric time: 0.02	0.021	0 ms
Symbolic time: 0.031	0.032	0 ms
Numeric time: 0.021	0.021	0 ms
Symbolic time: 0.032	0.031	0 ms
Numeric time: 0.021	0.02	0 ms
Symbolic time: 0.031	0.032	0 ms
Numeric time: 0.021	0.021	0 ms
Symbolic time: 0.031	0.031	0 ms
Numeric time: 0.021	0.021	0 ms
Symbolic time: 0.031	0.031	0 ms
Numeric time: 0.021	0.021	0 ms
Symbolic time: 0.031	0.031	0 ms
Numeric time: 0.029	0.029	0 ms
Symbolic time: 0.031	0.032	0 ms
Numeric time: 0.021	0.021	0 ms
Symbolic time: 0.031	0.03	0 ms
Numeric time: 0.021	0.022	0 ms
Symbolic time: 0.031	0.031	0 ms
Numeric time: 0.021	0.021	0 ms
Symbolic time: 0.031	0.031	0 ms
Numeric time: 0.02	0.021	0 ms
Symbolic time: 0.032	0.031	0 ms
Numeric time: 0.021	0.021	0 ms
Symbolic time: 0.031	0.031	0 ms
Numeric time: 0.021	0.022	0 ms
Symbolic time: 0.031	0.03	0 ms
Numeric time: 0.021	0.021	0 ms
Symbolic time: 0.039	0.039	0 ms
Numeric time: 0.021	0.022	0 ms
Symbolic time: 0.031	0.031	0 ms
Numeric time: 0.021	0.021	0 ms
Symbolic time: 0.032	0.032	0 ms
Numeric time: 0.021	0.022	0 ms
Symbolic time: 0.031	0.031	0 ms
Numeric time: 0.021	0.021	0 ms
Symbolic time: 0.031	0.031	0 ms
Numeric time: 0.024	0.024	0 ms
Symbolic time: 0.032	0.031	0 ms
Numeric time: 0.022	0.022	0 ms
Symbolic time: 0.03	0.03	0 ms
Numeric time: 0.021	0.021	0 ms
Symbolic time: 0.031	0.031	0 ms
Numeric time: 0.021	0.02	0 ms
Symbolic time: 0.031	0.031	0 ms
Numeric time: 0.021	0.021	0 ms
Symbolic time: 0.038	0.038	0 ms
Numeric time: 0.021	0.022	0 ms
Symbolic time: 0.031	0.031	0 ms
Numeric time: 0.022	0.021	0 ms
Symbolic time: 0.031	0.032	0 ms
Numeric time: 0.021	0.021	0 ms
Symbolic time: 0.031	0.031	0 ms
Numeric time: 0.021	0.021	0 ms
Symbolic time: 0.03	0.03	0 ms
Numeric time: 0.022	0.021	0 ms
Symbolic time: 0.03	0.03	0 ms
Numeric time: 0.021	0.021	0 ms
Symbolic time: 0.031	0.031	0 ms
Numeric time: 0.021	0.021	0 ms
Symbolic time: 0.031	0.031	0 ms
Numeric time: 0.03	0.03	0 ms
Symbolic time: 0.031	0.031	0 ms
Numeric time: 0.021	0.021	0 ms
Symbolic time: 0.031	0.031	0 ms
Numeric time: 0.021	0.021	0 ms
Symbolic time: 0.031	0.031	0 ms
Numeric time: 0.021	0.022	0 ms
Symbolic time: 0.037	0.036	0 ms
Numeric time: 0.021	0.022	0 ms
Symbolic time: 0.031	0.031	0 ms
Numeric time: 0.021	0.021	0 ms
Symbolic time: 0.031	0.031	0 ms
Numeric time: 0.021	0.021	0 ms
Symbolic time: 0.031	0.031	0 ms
Numeric time: 0.02	0.021	0 ms
Symbolic time: 0.031	0.031	0 ms
Numeric time: 0.021	0.02	0 ms
Symbolic time: 0.037	0.037	0 ms
Numeric time: 0.021	0.021	0 ms
Symbolic time: 0.032	0.031	0 ms
Numeric time: 0.021	0.021	0 ms
Symbolic time: 0.032	0.031	0 ms
Numeric time: 0.021	0.021	0 ms
Symbolic time: 0.031	0.031	0 ms
Numeric time: 0.021	0.021	0 ms
Symbolic time: 0.031	0.031	0 ms
Numeric time: 0.021	0.021	0 ms
Symbolic time: 0.031	0.03	0 ms
Numeric time: 0.02	0.021	0 ms
Symbolic time: 0.03	0.031	0 ms
Numeric time: 0.021	0.021	0 ms
Symbolic time: 0.03	0.03	0 ms
Numeric time: 0.021	0.021	0 ms
Symbolic time: 0.038	0.038	0 ms
Numeric time: 0.021	0.021	0 ms
Symbolic time: 0.031	0.031	0 ms
Numeric time: 0.021	0.02	0 ms
Symbolic time: 0.037	0.037	0 ms
Numeric time: 0.022	0.022	0 ms
Symbolic time: 0.031	0.031	0 ms
Numeric time: 0.021	0.02	0 ms
Symbolic time: 0.03	0.031	0 ms
Numeric time: 0.021	0.021	0 ms
Symbolic time: 0.031	0.031	0 ms
Numeric time: 0.02	0.02	0 ms
Symbolic time: 0.031	0.031	0 ms
Numeric time: 0.021	0.02	0 ms
Symbolic time: 0.03	0.031	0 ms
Numeric time: 0.021	0.021	0 ms
Symbolic time: 0.031	0.031	0 ms
Numeric time: 0.024	0.024	0 ms
Symbolic time: 0.031	0.032	0 ms
Numeric time: 0.021	0.021	0 ms
Symbolic time: 0.031	0.032	0 ms
Numeric time: 0.021	0.021	0 ms
Symbolic time: 0.032	0.031	0 ms
Numeric time: 0.022	0.021	0 ms
Symbolic time: 0.031	0.032	0 ms
Numeric time: 0.02	0.02	0 ms
Symbolic time: 0.031	0.031	0 ms
Numeric time: 0.021	0.021	0 ms
Symbolic time: 0.031	0.031	0 ms
Numeric time: 0.021	0.021	0 ms
Symbolic time: 0.031	0.031	0 ms
Numeric time: 0.021	0.021	0 ms
Symbolic time: 0.034	0.034	0 ms
Numeric time: 0.022	0.022	0 ms
Symbolic time: 0.032	0.032	0 ms
Numeric time: 0.026	0.026	0 ms
Symbolic time: 0.031	0.03	0 ms
Numeric time: 0.022	0.022	0 ms
Symbolic time: 0.031	0.031	0 ms
Numeric time: 0.021	0.021	0 ms
Symbolic time: 0.031	0.032	0 ms
Numeric time: 0.02	0.021	0 ms
Symbolic time: 0.03	0.031	0 ms
Numeric time: 0.021	0.021	0 ms
Symbolic time: 0.031	0.03	0 ms
Numeric time: 0.021	0.021	0 ms
Symbolic time: 0.031	0.031	0 ms
Numeric time: 0.021	0.021	0 ms
Symbolic time: 0.03	0.03	0 ms
Numeric time: 0.02	0.021	0 ms
Symbolic time: 0.038	0.038	0 ms
Numeric time: 0.021	0.021	0 ms
Symbolic time: 0.03	0.031	0 ms
Numeric time: 0.021	0.021	0 ms
Symbolic time: 0.031	0.031	0 ms
Numeric time: 0.02	0.02	0 ms
Symbolic time: 0.03	0.031	0 ms
Numeric time: 0.021	0.021	0 ms
Symbolic time: 0.03	0.03	0 ms
Numeric time: 0.021	0.021	0 ms
Symbolic time: 0.03	0.03	0 ms
Numeric time: 0.021	0.021	0 ms
Symbolic time: 0.03	0.03	0 ms
Numeric time: 0.02	0.02	0 ms
Symbolic time: 0.03	0.031	0 ms
Numeric time: 0.023	0.024	0 ms
Symbolic time: 0.037	0.037	0 ms
Numeric time: 0.021	0.021	0 ms
Symbolic time: 0.03	0.03	0 ms
Numeric time: 0.021	0.021	0 ms
Symbolic time: 0.031	0.03	0 ms
Numeric time: 0.021	0.021	0 ms
Symbolic time: 0.031	0.03	0 ms
Numeric time: 0.021	0.021	0 ms
Symbolic time: 0.03	0.031	0 ms
Numeric time: 0.021	0.021	0 ms
Symbolic time: 0.031	0.03	0 ms
Numeric time: 0.021	0.021	0 ms
Symbolic time: 0.031	0.03	0 ms
Numeric time: 0.021	0.02	0 ms
Symbolic time: 0.03	0.03	0 ms
Numeric time: 0.021	0.021	0 ms
Symbolic time: 0.03	0.031	0 ms
Numeric time: 0.029	0.029	0 ms
Symbolic time: 0.031	0.031	0 ms
Numeric time: 0.021	0.021	0 ms
Symbolic time: 0.031	0.03	0 ms
Numeric time: 0.02	0.021	0 ms
Symbolic time: 0.031	0.03	0 ms
Numeric time: 0.02	0.021	0 ms
Symbolic time: 0.03	0.03	0 ms
Numeric time: 0.021	0.02	0 ms
Symbolic time: 0.03	0.03	0 ms
Numeric time: 0.02	0.02	0 ms
Symbolic time: 0.031	0.031	0 ms
Numeric time: 0.021	0.021	0 ms
Symbolic time: 0.03	0.03	0 ms
Numeric time: 0.024	0.024	0 ms
Symbolic time: 0.037	0.037	0 ms
Numeric time: 0.022	0.021	0 ms
Symbolic time: 0.03	0.03	0 ms
Numeric time: 0.021	0.021	0 ms
Symbolic time: 0.03	0.03	0 ms
Numeric time: 0.021	0.021	0 ms
Symbolic time: 0.031	0.03	0 ms
Numeric time: 0.021	0.02	0 ms
Symbolic time: 0.03	0.03	0 ms
Numeric time: 0.021	0.021	0 ms
Symbolic time: 0.031	0.031	0 ms
Numeric time: 0.02	0.021	0 ms
Symbolic time: 0.031	0.03	0 ms
Numeric time: 0.021	0.021	0 ms
Symbolic time: 0.031	0.031	0 ms
Numeric time: 0.021	0.022	0 ms
Symbolic time: 0.03	0.03	0 ms
Numeric time: 0.021	0.021	0 ms
Symbolic time: 0.038	0.038	0 ms
Numeric time: 0.021	0.021	0 ms
Symbolic time: 0.031	0.031	0 ms
Numeric time: 0.021	0.021	0 ms
Symbolic time: 0.031	0.031	0 ms
Numeric time: 0.021	0.021	0 ms
Symbolic time: 0.031	0.031	0 ms
Numeric time: 0.021	0.021	0 ms
Symbolic time: 0.031	0.031	0 ms
Numeric time: 0.02	0.02	0 ms
Symbolic time: 0.031	0.031	0 ms
Numeric time: 0.021	0.021	0 ms
Symbolic time: 0.036	0.036	0 ms
Numeric time: 0.021	0.021	0 ms
Symbolic time: 0.031	0.031	0 ms
Numeric time: 0.024	0.025	0 ms
Symbolic time: 0.031	0.031	0 ms
Numeric time: 0.021	0.021	0 ms
Symbolic time: 0.031	0.031	0 ms
Numeric time: 0.021	0.022	0 ms
Symbolic time: 0.03	0.03	0 ms
Numeric time: 0.022	0.021	0 ms
Symbolic time: 0.032	0.031	0 ms
Numeric time: 0.021	0.021	0 ms
Symbolic time: 0.031	0.031	0 ms
Numeric time: 0.021	0.021	0 ms
Symbolic time: 0.03	0.031	0 ms
Numeric time: 0.021	0.021	0 ms
Symbolic time: 0.03	0.03	0 ms
Numeric time: 0.021	0.021	0 ms
Symbolic time: 0.031	0.031	0 ms
Numeric time: 0.021	0.021	0 ms
Symbolic time: 0.031	0.031	0 ms
Numeric time: 0.028	0.028	0 ms
Symbolic time: 0.031	0.032	0 ms
Numeric time: 0.022	0.021	0 ms
Symbolic time: 0.03	0.03	0 ms
Numeric time: 0.02	0.021	0 ms
Symbolic time: 0.031	0.031	0 ms
Numeric time: 0.021	0.021	0 ms
Symbolic time: 0.031	0.031	0 ms
Numeric time: 0.022	0.021	0 ms
Symbolic time: 0.036	0.036	0 ms
Numeric time: 0.022	0.022	0 ms
Symbolic time: 0.031	0.031	0 ms
Numeric time: 0.02	0.021	0 ms
Symbolic time: 0.031	0.031	0 ms
Numeric time: 0.021	0.021	0 ms
Symbolic time: 0.039	0.039	0 ms
Numeric time: 0.021	0.021	0 ms
Symbolic time: 0.031	0.03	0 ms
Numeric time: 0.022	0.021	0 ms
Symbolic time: 0.031	0.03	0 ms
Numeric time: 0.022	0.022	0 ms
Symbolic time: 0.03	0.031	0 ms
Numeric time: 0.021	0.021	0 ms
Symbolic time: 0.03	0.031	0 ms
Numeric time: 0.021	0.02	0 ms
Symbolic time: 0.031	0.03	0 ms
Numeric time: 0.021	0.021	0 ms
Symbolic time: 0.031	0.031	0 ms
Numeric time: 0.02	0.02	0 ms
Symbolic time: 0.03	0.031	0 ms
Numeric time: 0.021	0.021	0 ms
Symbolic time: 0.03	0.031	0 ms
Numeric time: 0.021	0.021	0 ms
Symbolic time: 0.035	0.035	0 ms
Numeric time: 0.021	0.021	0 ms
Symbolic time: 0.031	0.032	0 ms
Numeric time: 0.02	0.021	0 ms
Symbolic time: 0.032	0.032	0 ms
Numeric time: 0.02	0.021	0 ms
Symbolic time: 0.03	0.031	0 ms
Numeric time: 0.025	0.026	0 ms
Symbolic time: 0.03	0.031	0 ms
Numeric time: 0.021	0.021	0 ms
Symbolic time: 0.031	0.031	0 ms
Numeric time: 0.02	0.02	0 ms
Symbolic time: 0.032	0.031	0 ms
Numeric time: 0.02	0.021	0 ms
Symbolic time: 0.031	0.031	0 ms
Numeric time: 0.029	0.029	0 ms
Symbolic time: 0.031	0.031	0 ms
Numeric time: 0.021	0.021	0 ms
Symbolic time: 0.031	0.031	0 ms
Numeric time: 0.02	0.02	0 ms
Symbolic time: 0.03	0.03	0 ms
Numeric time: 0.021	0.021	0 ms
Symbolic time: 0.03	0.03	0 ms
Numeric time: 0.021	0.021	0 ms
Symbolic time: 0.03	0.031	0 ms
Numeric time: 0.02	0.02	0 ms
Symbolic time: 0.03	0.03	0 ms
Numeric time: 0.021	0.02	0 ms
Symbolic time: 0.03	0.03	0 ms
Numeric time: 0.021	0.02	0 ms
Symbolic time: 0.03	0.03	0 ms
Numeric time: 0.02	0.021	0 ms
Symbolic time: 0.031	0.031	0 ms
Numeric time: 0.025	0.025	0 ms
Symbolic time: 0.031	0.031	0 ms
Numeric time: 0.02	0.02	0 ms
Symbolic time: 0.03	0.03	0 ms
Numeric time: 0.02	0.02	0 ms
Symbolic time: 0.046	0.047	0 ms
Numeric time: 0.02	0.021	0 ms
Symbolic time: 0.031	0.031	0 ms
Numeric time: 0.021	0.02	0 ms
Symbolic time: 0.03	0.03	0 ms
Numeric time: 0.02	0.02	0 ms
Symbolic time: 0.03	0.03	0 ms
Numeric time: 0.021	0.02	0 ms
Symbolic time: 0.031	0.031	0 ms
Numeric time: 0.02	0.021	0 ms
Symbolic time: 0.039	0.039	0 ms
Numeric time: 0.02	0.021	0 ms
Symbolic time: 0.031	0.031	0 ms
Numeric time: 0.02	0.021	0 ms
Symbolic time: 0.031	0.03	0 ms
Numeric time: 0.021	0.021	0 ms
Symbolic time: 0.03	0.03	0 ms
Numeric time: 0.021	0.021	0 ms
Symbolic time: 0.03	0.031	0 ms
Numeric time: 0.021	0.021	0 ms
Symbolic time: 0.031	0.03	0 ms
Numeric time: 0.021	0.021	0 ms
Symbolic time: 0.03	0.03	0 ms
Numeric time: 0.021	0.021	0 ms
Symbolic time: 0.03	0.03	0 ms
Numeric time: 0.02	0.02	0 ms
Symbolic time: 0.031	0.03	0 ms
Numeric time: 0.022	0.022	0 ms
Symbolic time: 0.032	0.032	0 ms
Numeric time: 0.021	0.021	0 ms
Symbolic time: 0.03	0.03	0 ms
Numeric time: 0.025	0.025	0 ms
Symbolic time: 0.03	0.03	0 ms
Numeric time: 0.02	0.02	0 ms
Symbolic time: 0.031	0.031	0 ms
Numeric time: 0.021	0.02	0 ms
Symbolic time: 0.031	0.03	0 ms
Numeric time: 0.021	0.02	0 ms
Symbolic time: 0.03	0.031	0 ms
Numeric time: 0.021	0.02	0 ms
Symbolic time: 0.031	0.032	0 ms
Numeric time: 0.021	0.02	0 ms
Symbolic time: 0.031	0.031	0 ms
Numeric time: 0.029	0.029	0 ms
Symbolic time: 0.031	0.03	0 ms
Numeric time: 0.021	0.021	0 ms
Symbolic time: 0.03	0.031	0 ms
Numeric time: 0.021	0.021	0 ms
Symbolic time: 0.031	0.031	0 ms
Numeric time: 0.02	0.02	0 ms
Symbolic time: 0.03	0.031	0 ms
Numeric time: 0.02	0.02	0 ms
Symbolic time: 0.031	0.031	0 ms
Numeric time: 0.021	0.02	0 ms
Symbolic time: 0.03	0.031	0 ms
Numeric time: 0.021	0.021	0 ms
Symbolic time: 0.03	0.03	0 ms
Numeric time: 0.02	0.02	0 ms
Symbolic time: 0.031	0.031	0 ms
Numeric time: 0.021	0.021	0 ms
Symbolic time: 0.035	0.035	0 ms
Numeric time: 0.021	0.02	0 ms
Symbolic time: 0.034	0.034	0 ms
Numeric time: 0.021	0.021	0 ms
Symbolic time: 0.031	0.031	0 ms
Numeric time: 0.02	0.021	0 ms
Symbolic time: 0.031	0.031	0 ms
Numeric time: 0.021	0.021	0 ms
Symbolic time: 0.03	0.031	0 ms
Numeric time: 0.02	0.021	0 ms
Symbolic time: 0.031	0.031	0 ms
Numeric time: 0.02	0.021	0 ms
Symbolic time: 0.03	0.031	0 ms
Numeric time: 0.02	0.02	0 ms
Symbolic time: 0.031	0.03	0 ms
Numeric time: 0.021	0.021	0 ms
Symbolic time: 0.038	0.039	0 ms
Numeric time: 0.021	0.02	0 ms
Symbolic time: 0.031	0.031	0 ms
Numeric time: 0.02	0.021	0 ms
Symbolic time: 0.031	0.031	0 ms
Numeric time: 0.02	0.021	0 ms
Symbolic time: 0.031	0.03	0 ms
Numeric time: 0.021	0.021	0 ms
Symbolic time: 0.03	0.03	0 ms
Numeric time: 0.02	0.021	0 ms
Symbolic time: 0.031	0.031	0 ms
Numeric time: 0.021	0.021	0 ms
Symbolic time: 0.03	0.03	0 ms
Numeric time: 0.021	0.021	0 ms
Symbolic time: 0.03	0.03	0 ms
Numeric time: 0.021	0.02	0 ms
Symbolic time: 0.031	0.031	0 ms
Numeric time: 0.025	0.025	0 ms
Symbolic time: 0.032	0.032	0 ms
Numeric time: 0.021	0.021	0 ms
Symbolic time: 0.031	0.031	0 ms
Numeric time: 0.021	0.02	0 ms
Symbolic time: 0.031	0.03	0 ms
Numeric time: 0.021	0.02	0 ms
Symbolic time: 0.03	0.031	0 ms
Numeric time: 0.02	0.021	0 ms
Symbolic time: 0.03	0.031	0 ms
Numeric time: 0.02	0.02	0 ms
Symbolic time: 0.03	0.03	0 ms
Numeric time: 0.021	0.021	0 ms
Symbolic time: 0.03	0.03	0 ms
Numeric time: 0.02	0.02	0 ms
Symbolic time: 0.031	0.03	0 ms
Numeric time: 0.024	0.024	0 ms
Symbolic time: 0.031	0.031	0 ms
Numeric time: 0.02	0.02	0 ms
Symbolic time: 0.03	0.03	0 ms
Numeric time: 0.021	0.021	0 ms
Symbolic time: 0.03	0.03	0 ms
Numeric time: 0.021	0.02	0 ms
Symbolic time: 0.031	0.031	0 ms
Numeric time: 0.021	0.02	0 ms
Symbolic time: 0.031	0.031	0 ms
Numeric time: 0.02	0.021	0 ms
Symbolic time: 0.03	0.03	0 ms
Numeric time: 0.021	0.021	0 ms
Symbolic time: 0.03	0.03	0 ms
Numeric time: 0.02	0.02	0 ms
Symbolic time: 0.035	0.036	0 ms
Numeric time: 0.02	0.02	0 ms
Symbolic time: 0.031	0.032	0 ms
Numeric time: 0.026	0.026	0 ms
Symbolic time: 0.031	0.031	0 ms
Numeric time: 0.021	0.021	0 ms
Symbolic time: 0.03	0.031	0 ms
Numeric time: 0.02	0.02	0 ms
Symbolic time: 0.031	0.031	0 ms
Numeric time: 0.02	0.021	0 ms
Symbolic time: 0.031	0.03	0 ms
Numeric time: 0.021	0.02	0 ms
Symbolic time: 0.03	0.03	0 ms
Numeric time: 0.02	0.021	0 ms
Symbolic time: 0.03	0.032	0 ms
Numeric time: 0.02	0.021	0 ms
Symbolic time: 0.03	0.03	0 ms
Numeric time: 0.02	0.021	0 ms
Symbolic time: 0.036	0.036	0 ms
Numeric time: 0.021	0.021	0 ms
Symbolic time: 0.03	0.03	0 ms
Numeric time: 0.021	0.021	0 ms
Symbolic time: 0.031	0.03	0 ms
Numeric time: 0.02	0.02	0 ms
Symbolic time: 0.031	0.031	0 ms
Numeric time: 0.02	0.02	0 ms
Symbolic time: 0.03	0.03	0 ms
Numeric time: 0.021	0.021	0 ms
Symbolic time: 0.03	0.03	0 ms
Numeric time: 0.02	0.02	0 ms
Symbolic time: 0.031	0.031	0 ms
Numeric time: 0.023	0.023	0 ms
Symbolic time: 0.031	0.031	0 ms
Numeric time: 0.02	0.021	0 ms
Symbolic time: 0.03	0.031	0 ms
Numeric time: 0.02	0.02	0 ms
Symbolic time: 0.037	0.036	0 ms
Numeric time: 0.021	0.021	0 ms
Symbolic time: 0.031	0.03	0 ms
Numeric time: 0.02	0.021	0 ms
Symbolic time: 0.03	0.03	0 ms
Numeric time: 0.021	0.021	0 ms
Symbolic time: 0.03	0.03	0 ms
Numeric time: 0.02	0.021	0 ms
Symbolic time: 0.03	0.03	0 ms
Numeric time: 0.02	0.02	0 ms
Symbolic time: 0.031	0.031	0 ms
Numeric time: 0.02	0.02	0 ms
Symbolic time: 0.03	0.031	0 ms
Numeric time: 0.02	0.021	0 ms
Symbolic time: 0.029	0.03	0 ms
Numeric time: 0.021	0.021	0 ms
Symbolic time: 0.037	0.038	0 ms
Numeric time: 0.021	0.02	0 ms
Symbolic time: 0.031	0.031	0 ms
Numeric time: 0.02	0.02	0 ms
Symbolic time: 0.031	0.03	0 ms
Numeric time: 0.021	0.021	0 ms
Symbolic time: 0.031	0.03	0 ms
Numeric time: 0.02	0.02	0 ms
Symbolic time: 0.03	0.03	0 ms
Numeric time: 0.019	0.02	0 ms
Symbolic time: 0.036	0.036	0 ms
Numeric time: 0.021	0.02	0 ms
Symbolic time: 0.031	0.031	0 ms
Numeric time: 0.02	0.02	0 ms
Symbolic time: 0.03	0.031	0 ms
Numeric time: 0.021	0.021	0 ms
Symbolic time: 0.03	0.031	0 ms
Numeric time: 0.027	0.026	0 ms
Symbolic time: 0.031	0.031	0 ms
Numeric time: 0.02	0.02	0 ms
Symbolic time: 0.031	0.03	0 ms
Numeric time: 0.021	0.021	0 ms
Symbolic time: 0.03	0.03	0 ms
Numeric time: 0.02	0.02	0 ms
Symbolic time: 0.03	0.031	0 ms
Numeric time: 0.02	0.02	0 ms
Symbolic time: 0.031	0.031	0 ms
Numeric time: 0.02	0.021	0 ms
Symbolic time: 0.03	0.03	0 ms
Numeric time: 0.02	0.02	0 ms
Symbolic time: 0.03	0.03	0 ms
Numeric time: 0.02	0.02	0 ms
Symbolic time: 0.03	0.031	0 ms
Numeric time: 0.027	0.027	0 ms
Symbolic time: 0.03	0.03	0 ms
Numeric time: 0.02	0.02	0 ms
Symbolic time: 0.031	0.03	0 ms
Numeric time: 0.02	0.021	0 ms
Symbolic time: 0.031	0.031	0 ms
Numeric time: 0.02	0.021	0 ms
Symbolic time: 0.031	0.03	0 ms
Numeric time: 0.027	0.027	0 ms
Symbolic time: 0.03	0.03	0 ms
Numeric time: 0.021	0.021	0 ms
Symbolic time: 0.03	0.03	0 ms
Numeric time: 0.02	0.02	0 ms
Symbolic time: 0.03	0.03	0 ms
Numeric time: 0.02	0.02	0 ms
Symbolic time: 0.03	0.03	0 ms
Numeric time: 0.02	0.02	0 ms
Symbolic time: 0.037	0.038	0 ms
Numeric time: 0.021	0.021	0 ms
Symbolic time: 0.03	0.03	0 ms
Numeric time: 0.021	0.02	0 ms
Symbolic time: 0.031	0.031	0 ms
Numeric time: 0.02	0.02	0 ms
Symbolic time: 0.03	0.031	0 ms
Numeric time: 0.021	0.02	0 ms
Symbolic time: 0.03	0.03	0 ms
Numeric time: 0.02	0.02	0 ms
Symbolic time: 0.029	0.03	0 ms
Numeric time: 0.021	0.02	0 ms
Symbolic time: 0.03	0.031	0 ms
Numeric time: 0.02	0.02	0 ms
Symbolic time: 0.031	0.03	0 ms
Numeric time: 0.02	0.021	0 ms
Symbolic time: 0.038	0.038	0 ms
Numeric time: 0.02	0.02	0 ms
Symbolic time: 0.03	0.03	0 ms
Numeric time: 0.02	0.02	0 ms
Symbolic time: 0.031	0.031	0 ms
Numeric time: 0.02	0.02	0 ms
Symbolic time: 0.04	0.04	0 ms
Numeric time: 0.021	0.021	0 ms
Symbolic time: 0.03	0.03	0 ms
Numeric time: 0.02	0.02	0 ms
Symbolic time: 0.03	0.031	0 ms
Numeric time: 0.02	0.02	0 ms
Symbolic time: 0.031	0.031	0 ms
Numeric time: 0.02	0.02	0 ms
Symbolic time: 0.031	0.03	0 ms
Numeric time: 0.021	0.021	0 ms
Symbolic time: 0.031	0.03	0 ms
Numeric time: 0.028	0.029	0 ms
Symbolic time: 0.031	0.031	0 ms
Numeric time: 0.02	0.02	0 ms
Symbolic time: 0.03	0.03	0 ms
Numeric time: 0.02	0.021	0 ms
Symbolic time: 0.03	0.03	0 ms
Numeric time: 0.02	0.02	0 ms
Symbolic time: 0.031	0.031	0 ms
Numeric time: 0.02	0.02	0 ms
Symbolic time: 0.031	0.031	0 ms
Numeric time: 0.021	0.02	0 ms
Symbolic time: 0.031	0.031	0 ms
Numeric time: 0.02	0.02	0 ms
Symbolic time: 0.031	0.031	0 ms
Numeric time: 0.021	0.021	0 ms
Symbolic time: 0.03	0.03	0 ms
Numeric time: 0.029	0.028	0 ms
Symbolic time: 0.031	0.031	0 ms
Numeric time: 0.021	0.02	0 ms
Symbolic time: 0.03	0.031	0 ms
Numeric time: 0.026	0.026	0 ms
Symbolic time: 0.031	0.031	0 ms
Numeric time: 0.021	0.02	0 ms
Symbolic time: 0.031	0.031	0 ms
Numeric time: 0.02	0.019	0 ms
Symbolic time: 0.031	0.03	0 ms
Numeric time: 0.021	0.02	0 ms
Symbolic time: 0.03	0.031	0 ms
Numeric time: 0.021	0.02	0 ms
Symbolic time: 0.031	0.031	0 ms
Numeric time: 0.021	0.021	0 ms
Symbolic time: 0.03	0.03	0 ms
Numeric time: 0.02	0.02	0 ms
Symbolic time: 0.038	0.038	0 ms
Numeric time: 0.021	0.021	0 ms
Symbolic time: 0.03	0.03	0 ms
Numeric time: 0.02	0.02	0 ms
Symbolic time: 0.03	0.03	0 ms
Numeric time: 0.02	0.02	0 ms
Symbolic time: 0.031	0.031	0 ms
Numeric time: 0.02	0.02	0 ms
Symbolic time: 0.031	0.03	0 ms
Numeric time: 0.02	0.021	0 ms
Symbolic time: 0.03	0.03	0 ms
Numeric time: 0.021	0.021	0 ms
Symbolic time: 0.03	0.03	0 ms
Numeric time: 0.02	0.02	0 ms
Symbolic time: 0.031	0.031	0 ms
Numeric time: 0.02	0.02	0 ms
Symbolic time: 0.039	0.038	0 ms
Numeric time: 0.02	0.02	0 ms
Symbolic time: 0.034	0.034	0 ms
Numeric time: 0.02	0.02	0 ms
Symbolic time: 0.031	0.031	0 ms
Numeric time: 0.02	0.021	0 ms
Symbolic time: 0.03	0.03	0 ms
Numeric time: 0.021	0.021	0 ms
Symbolic time: 0.03	0.03	0 ms
Numeric time: 0.02	0.021	0 ms
Symbolic time: 0.031	0.031	0 ms
Numeric time: 0.021	0.02	0 ms
Symbolic time: 0.03	0.031	0 ms
Numeric time: 0.02	0.02	0 ms
Symbolic time: 0.031	0.031	0 ms
Numeric time: 0.02	0.02	0 ms
Symbolic time: 0.03	0.03	0 ms
Numeric time: 0.026	0.027	0 ms
Symbolic time: 0.031	0.031	0 ms
Numeric time: 0.02	0.02	0 ms
Symbolic time: 0.032	0.031	0 ms
Numeric time: 0.02	0.021	0 ms
Symbolic time: 0.031	0.031	0 ms
Numeric time: 0.02	0.02	0 ms
Symbolic time: 0.031	0.03	0 ms
Numeric time: 0.021	0.021	0 ms
Symbolic time: 0.031	0.031	0 ms
Numeric time: 0.02	0.021	0 ms
Symbolic time: 0.031	0.031	0 ms
Numeric time: 0.02	0.02	0 ms
Symbolic time: 0.031	0.03	0 ms
Numeric time: 0.02	0.02	0 ms
Symbolic time: 0.03	0.03	0 ms
Numeric time: 0.031	0.031	0 ms
Symbolic time: 0.032	0.032	0 ms
Numeric time: 0.02	0.02	0 ms
Symbolic time: 0.031	0.031	0 ms
Numeric time: 0.02	0.02	0 ms
Symbolic time: 0.031	0.031	0 ms
Numeric time: 0.02	0.02	0 ms
Symbolic time: 0.03	0.031	0 ms
Numeric time: 0.02	0.02	0 ms
Symbolic time: 0.031	0.031	0 ms
Numeric time: 0.019	0.02	0 ms
Symbolic time: 0.03	0.03	0 ms
Numeric time: 0.02	0.02	0 ms
Symbolic time: 0.031	0.03	0 ms
Numeric time: 0.021	0.021	0 ms
Symbolic time: 0.03	0.03	0 ms
Numeric time: 0.02	0.02	0 ms
Symbolic time: 0.039	0.039	0 ms
Numeric time: 0.02	0.02	0 ms
Symbolic time: 0.031	0.031	0 ms
Numeric time: 0.02	0.02	0 ms
Symbolic time: 0.03	0.03	0 ms
Numeric time: 0.021	0.021	0 ms
Symbolic time: 0.031	0.03	0 ms
Numeric time: 0.02	0.02	0 ms
Symbolic time: 0.031	0.031	0 ms
Numeric time: 0.02	0.02	0 ms
Symbolic time: 0.031	0.031	0 ms
Numeric time: 0.02	0.02	0 ms
Symbolic time: 0.03	0.031	0 ms
Numeric time: 0.02	0.02	0 ms
Symbolic time: 0.035	0.035	0 ms
Numeric time: 0.02	0.02	0 ms
Symbolic time: 0.04	0.039	0 ms
Numeric time: 0.02	0.021	0 ms
Symbolic time: 0.03	0.031	0 ms
Numeric time: 0.021	0.021	0 ms
Symbolic time: 0.03	0.03	0 ms
Numeric time: 0.021	0.021	0 ms
Symbolic time: 0.03	0.03	0 ms
Numeric time: 0.02	0.02	0 ms
Symbolic time: 0.031	0.031	0 ms
Numeric time: 0.02	0.02	0 ms
Symbolic time: 0.031	0.031	0 ms
Numeric time: 0.021	0.021	0 ms
Symbolic time: 0.031	0.031	0 ms
Numeric time: 0.02	0.021	0 ms
Symbolic time: 0.03	0.03	0 ms
Numeric time: 0.02	0.02	0 ms
Symbolic time: 0.031	0.031	0 ms
Numeric time: 0.028	0.028	0 ms
Symbolic time: 0.031	0.031	0 ms
Numeric time: 0.02	0.02	0 ms
Symbolic time: 0.031	0.031	0 ms
Numeric time: 0.02	0.02	0 ms
Symbolic time: 0.03	0.03	0 ms
Numeric time: 0.02	0.02	0 ms
Symbolic time: 0.031	0.031	0 ms
Numeric time: 0.02	0.021	0 ms
Symbolic time: 0.03	0.03	0 ms
Numeric time: 0.02	0.02	0 ms
Symbolic time: 0.03	0.03	0 ms
Numeric time: 0.026	0.025	0 ms
Symbolic time: 0.031	0.031	0 ms
Numeric time: 0.02	0.02	0 ms
Symbolic time: 0.031	0.03	0 ms
Numeric time: 0.022	0.022	0 ms
Symbolic time: 0.031	0.031	0 ms
Numeric time: 0.02	0.021	0 ms
Symbolic time: 0.032	0.031	0 ms
Numeric time: 0.02	0.02	0 ms
Symbolic time: 0.031	0.03	0 ms
Numeric time: 0.02	0.02	0 ms
Symbolic time: 0.031	0.031	0 ms
Numeric time: 0.02	0.02	0 ms
Symbolic time: 0.031	0.03	0 ms
Numeric time: 0.021	0.021	0 ms
Symbolic time: 0.03	0.031	0 ms
Numeric time: 0.02	0.02	0 ms
Symbolic time: 0.03	0.03	0 ms
Numeric time: 0.02	0.02	0 ms
Symbolic time: 0.031	0.03	0 ms
Numeric time: 0.021	0.02	0 ms
Symbolic time: 0.039	0.039	0 ms
Numeric time: 0.02	0.02	0 ms
Symbolic time: 0.031	0.031	0 ms
Numeric time: 0.02	0.021	0 ms
Symbolic time: 0.031	0.031	0 ms
Numeric time: 0.021	0.021	0 ms
Symbolic time: 0.031	0.031	0 ms
Numeric time: 0.02	0.02	0 ms
Symbolic time: 0.03	0.031	0 ms
Numeric time: 0.02	0.02	0 ms
Symbolic time: 0.034	0.034	0 ms
Numeric time: 0.021	0.021	0 ms
Symbolic time: 0.031	0.031	0 ms
Numeric time: 0.02	0.021	0 ms
Symbolic time: 0.031	0.031	0 ms
Numeric time: 0.02	0.02	0 ms
Symbolic time: 0.039	0.039	0 ms
Numeric time: 0.02	0.021	0 ms
Symbolic time: 0.031	0.031	0 ms
Numeric time: 0.021	0.021	0 ms
Symbolic time: 0.031	0.031	0 ms
Numeric time: 0.02	0.02	0 ms
Symbolic time: 0.031	0.031	0 ms
Numeric time: 0.02	0.02	0 ms
Symbolic time: 0.03	0.03	0 ms
Numeric time: 0.02	0.02	0 ms
Symbolic time: 0.031	0.031	0 ms
Numeric time: 0.02	0.021	0 ms
Symbolic time: 0.03	0.03	0 ms
Numeric time: 0.02	0.021	0 ms
Symbolic time: 0.031	0.03	0 ms
Numeric time: 0.02	0.02	0 ms
Symbolic time: 0.031	0.03	0 ms
Numeric time: 0.029	0.028	0 ms
Symbolic time: 0.031	0.031	0 ms
Numeric time: 0.02	0.021	0 ms
Symbolic time: 0.03	0.03	0 ms
Numeric time: 0.02	0.02	0 ms
Symbolic time: 0.031	0.031	0 ms
Numeric time: 0.02	0.02	0 ms
Symbolic time: 0.036	0.036	0 ms
Numeric time: 0.02	0.02	0 ms
Symbolic time: 0.032	0.032	0 ms
Numeric time: 0.021	0.021	0 ms
Symbolic time: 0.03	0.03	0 ms
Numeric time: 0.02	0.02	0 ms
Symbolic time: 0.031	0.031	0 ms
Numeric time: 0.019	0.02	0 ms
Symbolic time: 0.031	0.031	0 ms
Numeric time: 0.029	0.029	0 ms
Symbolic time: 0.031	0.031	0 ms
Numeric time: 0.021	0.02	0 ms
Symbolic time: 0.03	0.031	0 ms
Numeric time: 0.02	0.02	0 ms
Symbolic time: 0.031	0.031	0 ms
Numeric time: 0.021	0.02	0 ms
Symbolic time: 0.03	0.03	0 ms
Numeric time: 0.02	0.02	0 ms
Symbolic time: 0.031	0.031	0 ms
Numeric time: 0.02	0.02	0 ms
Symbolic time: 0.031	0.031	0 ms
Numeric time: 0.02	0.021	0 ms
Symbolic time: 0.03	0.03	0 ms
Numeric time: 0.02	0.02	0 ms
Symbolic time: 0.031	0.03	0 ms
Numeric time: 0.02	0.02	0 ms
Symbolic time: 0.038	0.038	0 ms
Numeric time: 0.021	0.021	0 ms
Symbolic time: 0.03	0.03	0 ms
Numeric time: 0.02	0.02	0 ms
Symbolic time: 0.031	0.031	0 ms
Numeric time: 0.023	0.024	0 ms
Symbolic time: 0.031	0.03	0 ms
Numeric time: 0.021	0.021	0 ms
Symbolic time: 0.03	0.03	0 ms
Numeric time: 0.02	0.02	0 ms
Symbolic time: 0.031	0.031	0 ms
Numeric time: 0.021	0.021	0 ms
Symbolic time: 0.03	0.03	0 ms
Numeric time: 0.02	0.02	0 ms
Symbolic time: 0.03	0.03	0 ms
Numeric time: 0.021	0.021	0 ms
Symbolic time: 0.036	0.036	0 ms
Numeric time: 0.021	0.021	0 ms
Symbolic time: 0.03	0.03	0 ms
Numeric time: 0.02	0.02	0 ms
Symbolic time: 0.03	0.03	0 ms
Numeric time: 0.021	0.02	0 ms
Symbolic time: 0.03	0.03	0 ms
Numeric time: 0.02	0.02	0 ms
Symbolic time: 0.03	0.03	0 ms
Numeric time: 0.02	0.02	0 ms
Symbolic time: 0.03	0.03	0 ms
Numeric time: 0.02	0.02	0 ms
Symbolic time: 0.031	0.03	0 ms
Numeric time: 0.02	0.02	0 ms
Symbolic time: 0.03	0.03	0 ms
Numeric time: 0.021	0.021	0 ms
Symbolic time: 0.03	0.03	0 ms
Numeric time: 0.024	0.024	0 ms
Symbolic time: 0.03	0.03	0 ms
Numeric time: 0.021	0.021	0 ms
Symbolic time: 0.03	0.031	0 ms
Numeric time: 0.02	0.021	0 ms
Symbolic time: 0.031	0.03	0 ms
Numeric time: 0.021	0.021	0 ms
Symbolic time: 0.031	0.031	0 ms
Numeric time: 0.021	0.021	0 ms
Symbolic time: 0.031	0.031	0 ms
Numeric time: 0.021	0.021	0 ms
Symbolic time: 0.031	0.031	0 ms
Numeric time: 0.021	0.021	0 ms
Symbolic time: 0.03	0.03	0 ms
Numeric time: 0.02	0.02	0 ms
Symbolic time: 0.031	0.031	0 ms
Numeric time: 0.02	0.02	0 ms
Symbolic time: 0.038	0.039	0 ms
Numeric time: 0.02	0.021	0 ms
Symbolic time: 0.031	0.031	0 ms
Numeric time: 0.021	0.021	0 ms
Symbolic time: 0.031	0.031	0 ms
Numeric time: 0.021	0.021	0 ms
Symbolic time: 0.031	0.031	0 ms
Numeric time: 0.02	0.021	0 ms
Symbolic time: 0.031	0.031	0 ms
Numeric time: 0.02	0.021	0 ms
Symbolic time: 0.031	0.031	0 ms
Numeric time: 0.022	0.021	0 ms
Symbolic time: 0.031	0.03	0 ms
Numeric time: 0.021	0.021	0 ms
Symbolic time: 0.031	0.03	0 ms
Numeric time: 0.02	0.021	0 ms
Symbolic time: 0.038	0.038	0 ms
Numeric time: 0.034	0.034	0 ms
Symbolic time: 0.03	0.03	0 ms
Numeric time: 0.021	0.021	0 ms
Symbolic time: 0.03	0.03	0 ms
Numeric time: 0.021	0.021	0 ms
Symbolic time: 0.031	0.031	0 ms
Numeric time: 0.021	0.021	0 ms
Symbolic time: 0.031	0.03	0 ms
Numeric time: 0.021	0.02	0 ms
Symbolic time: 0.03	0.03	0 ms
Numeric time: 0.02	0.021	0 ms
Symbolic time: 0.03	0.031	0 ms
Numeric time: 0.021	0.021	0 ms
Symbolic time: 0.031	0.031	0 ms
Numeric time: 0.02	0.02	0 ms
Symbolic time: 0.039	0.04	0 ms
Numeric time: 0.021	0.021	0 ms
Symbolic time: 0.031	0.031	0 ms
Numeric time: 0.021	0.022	0 ms
Symbolic time: 0.03	0.03	0 ms
Numeric time: 0.021	0.021	0 ms
Symbolic time: 0.031	0.031	0 ms
Numeric time: 0.02	0.02	0 ms
Symbolic time: 0.03	0.031	0 ms
Numeric time: 0.021	0.021	0 ms
Symbolic time: 0.031	0.03	0 ms
Numeric time: 0.021	0.021	0 ms
Symbolic time: 0.03	0.03	0 ms
Numeric time: 0.02	0.021	0 ms
Symbolic time: 0.03	0.031	0 ms
Numeric time: 0.02	0.021	0 ms
Symbolic time: 0.036	0.036	0 ms
Numeric time: 0.024	0.023	0 ms
Symbolic time: 0.031	0.031	0 ms
Numeric time: 0.02	0.02	0 ms
Symbolic time: 0.031	0.031	0 ms
Numeric time: 0.02	0.02	0 ms
Symbolic time: 0.031	0.031	0 ms
Numeric time: 0.021	0.021	0 ms
Symbolic time: 0.03	0.03	0 ms
Numeric time: 0.021	0.02	0 ms
Symbolic time: 0.03	0.03	0 ms
Numeric time: 0.02	0.02	0 ms
Symbolic time: 0.031	0.03	0 ms
Numeric time: 0.02	0.02	0 ms
Symbolic time: 0.031	0.031	0 ms
Numeric time: 0.021	0.021	0 ms
Symbolic time: 0.03	0.03	0 ms
Numeric time: 0.026	0.026	0 ms
Symbolic time: 0.031	0.032	0 ms
Numeric time: 0.021	0.021	0 ms
Symbolic time: 0.031	0.031	0 ms
Numeric time: 0.021	0.021	0 ms
Symbolic time: 0.031	0.031	0 ms
Numeric time: 0.021	0.021	0 ms
Symbolic time: 0.031	0.031	0 ms
Numeric time: 0.021	0.02	0 ms
Symbolic time: 0.03	0.031	0 ms
Numeric time: 0.02	0.021	0 ms
Symbolic time: 0.031	0.031	0 ms
Numeric time: 0.021	0.021	0 ms
Symbolic time: 0.031	0.031	0 ms
Numeric time: 0.026	0.026	0 ms
Symbolic time: 0.031	0.031	0 ms
Numeric time: 0.023	0.023	0 ms
Symbolic time: 0.032	0.031	0 ms
Numeric time: 0.02	0.02	0 ms
Symbolic time: 0.031	0.032	0 ms
Numeric time: 0.021	0.021	0 ms
Symbolic time: 0.03	0.03	0 ms
Numeric time: 0.021	0.022	0 ms
Symbolic time: 0.03	0.03	0 ms
Numeric time: 0.021	0.021	0 ms
Symbolic time: 0.031	0.031	0 ms
Numeric time: 0.02	0.02	0 ms
Symbolic time: 0.031	0.031	0 ms
Numeric time: 0.02	0.02	0 ms
Symbolic time: 0.03	0.03	0 ms
Numeric time: 0.021	0.021	0 ms
Symbolic time: 0.031	0.031	0 ms
Numeric time: 0.021	0.021	0 ms
Symbolic time: 0.039	0.039	0 ms
Numeric time: 0.021	0.021	0 ms
Symbolic time: 0.031	0.03	0 ms
Numeric time: 0.02	0.021	0 ms
Symbolic time: 0.03	0.03	0 ms
Numeric time: 0.02	0.021	0 ms
Symbolic time: 0.03	0.03	0 ms
Numeric time: 0.02	0.02	0 ms
Symbolic time: 0.031	0.031	0 ms
Numeric time: 0.02	0.02	0 ms
Symbolic time: 0.03	0.03	0 ms
Numeric time: 0.02	0.02	0 ms
Symbolic time: 0.03	0.03	0 ms
Numeric time: 0.021	0.021	0 ms
Symbolic time: 0.03	0.03	0 ms
Numeric time: 0.02	0.02	0 ms
Symbolic time: 0.038	0.038	0 ms
Numeric time: 0.02	0.021	0 ms
Symbolic time: 0.031	0.03	0 ms
Numeric time: 0.021	0.021	0 ms
Symbolic time: 0.03	0.03	0 ms
Numeric time: 0.021	0.021	0 ms
Symbolic time: 0.03	0.03	0 ms
Numeric time: 0.02	0.02	0 ms
Symbolic time: 0.031	0.031	0 ms
Numeric time: 0.02	0.021	0 ms
Symbolic time: 0.03	0.03	0 ms
Numeric time: 0.021	0.021	0 ms
Symbolic time: 0.03	0.03	0 ms
Numeric time: 0.02	0.02	0 ms
Symbolic time: 0.03	0.03	0 ms
Numeric time: 0.02	0.02	0 ms
Symbolic time: 0.03	0.03	0 ms
Numeric time: 0.029	0.029	0 ms
Symbolic time: 0.031	0.03	0 ms
Numeric time: 0.02	0.02	0 ms
Symbolic time: 0.031	0.03	0 ms
Numeric time: 0.02	0.02	0 ms
Symbolic time: 0.03	0.03	0 ms
Numeric time: 0.02	0.02	0 ms
Symbolic time: 0.03	0.031	0 ms
Numeric time: 0.02	0.02	0 ms
Symbolic time: 0.034	0.034	0 ms
Numeric time: 0.02	0.02	0 ms
Symbolic time: 0.031	0.031	0 ms
Numeric time: 0.02	0.02	0 ms
Symbolic time: 0.031	0.031	0 ms
Numeric time: 0.02	0.02	0 ms
Symbolic time: 0.03	0.031	0 ms
Numeric time: 0.02	0.021	0 ms
Symbolic time: 0.035	0.034	0 ms
Numeric time: 0.02	0.02	0 ms
Symbolic time: 0.03	0.031	0 ms
Numeric time: 0.02	0.02	0 ms
Symbolic time: 0.031	0.031	0 ms
Numeric time: 0.02	0.02	0 ms
Symbolic time: 0.031	0.031	0 ms
Numeric time: 0.021	0.021	0 ms
Symbolic time: 0.03	0.03	0 ms
Numeric time: 0.02	0.02	0 ms
Symbolic time: 0.03	0.03	0 ms
Numeric time: 0.021	0.021	0 ms
Symbolic time: 0.03	0.03	0 ms
Numeric time: 0.021	0.021	0 ms
Symbolic time: 0.029	0.029	0 ms
Numeric time: 0.02	0.02	0 ms
Symbolic time: 0.036	0.036	0 ms
Numeric time: 0.02	0.02	0 ms
Symbolic time: 0.031	0.031	0 ms
Numeric time: 0.02	0.02	0 ms
Symbolic time: 0.031	0.031	0 ms
Numeric time: 0.021	0.021	0 ms
Symbolic time: 0.031	0.031	0 ms
Numeric time: 0.021	0.021	0 ms
Symbolic time: 0.033	0.033	0 ms
Numeric time: 0.02	0.02	0 ms
Symbolic time: 0.031	0.031	0 ms
Numeric time: 0.02	0.021	0 ms
Symbolic time: 0.03	0.03	0 ms
Numeric time: 0.021	0.021	0 ms
Symbolic time: 0.03	0.03	0 ms
Numeric time: 0.021	0.021	0 ms
Symbolic time: 0.031	0.031	0 ms
Numeric time: 0.028	0.028	0 ms
Symbolic time: 0.03	0.031	0 ms
Numeric time: 0.02	0.02	0 ms
Symbolic time: 0.031	0.031	0 ms
Numeric time: 0.02	0.02	0 ms
Symbolic time: 0.03	0.03	0 ms
Numeric time: 0.02	0.02	0 ms
Symbolic time: 0.03	0.03	0 ms
Numeric time: 0.02	0.021	0 ms
Symbolic time: 0.03	0.03	0 ms
Numeric time: 0.021	0.021	0 ms
Symbolic time: 0.03	0.03	0 ms
Numeric time: 0.021	0.021	0 ms
Symbolic time: 0.03	0.03	0 ms
Numeric time: 0.021	0.02	0 ms
Symbolic time: 0.03	0.03	0 ms
Numeric time: 0.02	0.021	0 ms
Symbolic time: 0.037	0.037	0 ms
Numeric time: 0.02	0.02	0 ms
Symbolic time: 0.03	0.03	0 ms
Numeric time: 0.02	0.021	0 ms
Symbolic time: 0.031	0.031	0 ms
Numeric time: 0.026	0.026	0 ms
Symbolic time: 0.031	0.031	0 ms
Numeric time: 0.021	0.021	0 ms
Symbolic time: 0.031	0.03	0 ms
Numeric time: 0.021	0.021	0 ms
Symbolic time: 0.031	0.03	0 ms
Numeric time: 0.021	0.021	0 ms
Symbolic time: 0.031	0.031	0 ms
Numeric time: 0.02	0.02	0 ms
Symbolic time: 0.031	0.031	0 ms
Numeric time: 0.021	0.021	0 ms
Symbolic time: 0.037	0.037	0 ms
Numeric time: 0.02	0.021	0 ms
Symbolic time: 0.03	0.03	0 ms
Numeric time: 0.02	0.021	0 ms
Symbolic time: 0.031	0.031	0 ms
Numeric time: 0.02	0.02	0 ms
Symbolic time: 0.031	0.031	0 ms
Numeric time: 0.02	0.02	0 ms
Symbolic time: 0.03	0.03	0 ms
Numeric time: 0.02	0.02	0 ms
Symbolic time: 0.031	0.031	0 ms
Numeric time: 0.02	0.02	0 ms
Symbolic time: 0.031	0.03	0 ms
Numeric time: 0.02	0.02	0 ms
Symbolic time: 0.031	0.031	0 ms
Numeric time: 0.02	0.02	0 ms
Symbolic time: 0.03	0.031	0 ms
Numeric time: 0.025	0.025	0 ms
Symbolic time: 0.031	0.031	0 ms
Numeric time: 0.02	0.02	0 ms
Symbolic time: 0.034	0.034	0 ms
Numeric time: 0.02	0.02	0 ms
Symbolic time: 0.03	0.03	0 ms
Numeric time: 0.02	0.02	0 ms
Symbolic time: 0.03	0.03	0 ms
Numeric time: 0.02	0.02	0 ms
Symbolic time: 0.031	0.03	0 ms
Numeric time: 0.02	0.02	0 ms
Symbolic time: 0.031	0.031	0 ms
Numeric time: 0.02	0.02	0 ms
Symbolic time: 0.03	0.03	0 ms
Numeric time: 0.021	0.021	0 ms
Symbolic time: 0.031	0.031	0 ms
Numeric time: 0.028	0.028	0 ms
Symbolic time: 0.031	0.031	0 ms
Numeric time: 0.02	0.02	0 ms
Symbolic time: 0.031	0.031	0 ms
Numeric time: 0.02	0.02	0 ms
Symbolic time: 0.031	0.031	0 ms
Numeric time: 0.02	0.02	0 ms
Symbolic time: 0.031	0.031	0 ms
Numeric time: 0.021	0.021	0 ms
Symbolic time: 0.031	0.031	0 ms
Numeric time: 0.02	0.021	0 ms
Symbolic time: 0.03	0.031	0 ms
Numeric time: 0.02	0.02	0 ms
Symbolic time: 0.03	0.03	0 ms
Numeric time: 0.02	0.02	0 ms
Symbolic time: 0.031	0.031	0 ms
Numeric time: 0.02	0.02	0 ms
Symbolic time: 0.039	0.039	0 ms
Numeric time: 0.021	0	0.021 ms
Symbolic time: 0.032	0	0.031 ms
Numeric time: 0.02	0	0.02 ms
Symbolic time: 0.03	0	0.03 ms
Numeric time: 0.021	0	0.021 ms
Symbolic time: 0.031	0	0.031 ms
Numeric time: 0.02	0	0.02 ms
Symbolic time: 0.031	0	0.031 ms
Numeric time: 0.021	0	0.021 ms
Symbolic time: 0.031	0	0.031 ms
Numeric time: 0.021	0	0.021 ms
Symbolic time: 0.031	0	0.03 ms
Numeric time: 0.021	0	0.021 ms
Symbolic time: 0.031	0	0.03 ms
Numeric time: 0.021	0	0.021 ms
Symbolic time: 0.038	0	0.038 ms
Numeric time: 0.021	0	0.021 ms
Symbolic time: 0.031	0	0.031 ms
Numeric time: 0.021	0	0.021 ms
Symbolic time: 0.031	0	0.031 ms
Numeric time: 0.02	0	0.02 ms
Symbolic time: 0.031	0	0.031 ms
Numeric time: 0.02	0	0.02 ms
Symbolic time: 0.031	0	0.031 ms
Numeric time: 0.021	0	0.021 ms
Symbolic time: 0.031	0	0.031 ms
Numeric time: 0.021	0	0.021 ms
Symbolic time: 0.03	0	0.031 ms
Numeric time: 0.021	0	0.02 ms
Symbolic time: 0.031	0.022	0.008 ms
Numeric time: 0.021	0.02	0.001 ms
Symbolic time: 0.037	0.037	0 ms
Numeric time: 0.024	0.023	0 ms
Symbolic time: 0.03	0.031	0 ms
Numeric time: 0.021	0.02	0 ms
Symbolic time: 0.031	0.031	0 ms
Numeric time: 0.02	0.021	0 ms
Symbolic time: 0.031	0.032	0 ms
Numeric time: 0.021	0.02	0 ms
Symbolic time: 0.031	0.031	0 ms
Numeric time: 0.021	0.02	0 ms
Symbolic time: 0.03	0.031	0 ms
Numeric time: 0.021	0.021	0 ms
Symbolic time: 0.031	0.031	0 ms
Numeric time: 0.021	0.02	0 ms
Symbolic time: 0.031	0.031	0 ms
Numeric time: 0.02	0.021	0 ms
Symbolic time: 0.03	0.03	0 ms
Numeric time: 0.028	0.027	0 ms
Symbolic time: 0.03	0.031	0 ms
Numeric time: 0.021	0.02	0 ms
Symbolic time: 0.03	0.031	0 ms
Numeric time: 0.021	0.02	0 ms
Symbolic time: 0.031	0.031	0 ms
Numeric time: 0.02	0.02	0 ms
Symbolic time: 0.03	0.031	0 ms
Numeric time: 0.02	0.021	0 ms
Symbolic time: 0.03	0.031	0 ms
Numeric time: 0.02	0.02	0 ms
Symbolic time: 0.03	0.031	0 ms
Numeric time: 0.021	0.02	0 ms
Symbolic time: 0.034	0.035	0 ms
Numeric time: 0.021	0.02	0 ms
Symbolic time: 0.03	0.031	0 ms
Numeric time: 0.021	0.02	0 ms
Symbolic time: 0.036	0.036	0 ms
Numeric time: 0.02	0.021	0 ms
Symbolic time: 0.031	0.031	0 ms
Numeric time: 0.021	0.02	0 ms
Symbolic time: 0.031	0.031	0 ms
Numeric time: 0.021	0.021	0 ms
Symbolic time: 0.03	0.03	0 ms
Numeric time: 0.021	0.02	0 ms
Symbolic time: 0.03	0.031	0 ms
Numeric time: 0.02	0.02	0 ms
Symbolic time: 0.03	0.031	0 ms
Numeric time: 0.02	0.02	0 ms
Symbolic time: 0.03	0.03	0 ms
Numeric time: 0.021	0.02	0 ms
Symbolic time: 0.03	0.03	0 ms
Numeric time: 0.021	0.02	0 ms
Symbolic time: 0.037	0.038	0 ms
Numeric time: 0.021	0.02	0 ms
Symbolic time: 0.031	0.031	0 ms
Numeric time: 0.02	0.021	0 ms
Symbolic time: 0.031	0.031	0 ms
Numeric time: 0.021	0.02	0 ms
Symbolic time: 0.03	0.03	0 ms
Numeric time: 0.02	0.021	0 ms
Symbolic time: 0.031	0.03	0 ms
Numeric time: 0.02	0.02	0 ms
Symbolic time: 0.031	0.031	0 ms
Numeric time: 0.021	0.02	0 ms
Symbolic time: 0.03	0	0.031 ms
Numeric time: 0.021	0	0.021 ms
Symbolic time: 0.03	0	0.031 ms
Numeric time: 0.02	0	0.02 ms
Symbolic time: 0.03	0	0.03 ms
Numeric time: 0.027	0	0.027 ms
Symbolic time: 0.031	0	0.03 ms
Numeric time: 0.02	0	0.021 ms
Symbolic time: 0.03	0	0.03 ms
Numeric time: 0.021	0	0.021 ms
Symbolic time: 0.03	0	0.03 ms
Numeric time: 0.02	0	0.02 ms
Symbolic time: 0.031	0	0.03 ms
Numeric time: 0.02	0	0.02 ms
Symbolic time: 0.03	0	0.031 ms
Numeric time: 0.02	0	0.021 ms
Symbolic time: 0.03	0	0.03 ms
Numeric time: 0.02	0	0.02 ms
Symbolic time: 0.03	0	0.03 ms
Numeric time: 0.021	0	0.02 ms
Symbolic time: 0.03	0	0.031 ms
Numeric time: 0.028	0	0.028 ms
Symbolic time: 0.031	0	0.03 ms
Numeric time: 0.02	0	0.021 ms
Symbolic time: 0.03	0	0.03 ms
Numeric time: 0.021	0	0.021 ms
Symbolic time: 0.031	0	0.031 ms
Numeric time: 0.02	0	0.021 ms
Symbolic time: 0.031	0	0.031 ms
Numeric time: 0.02	0	0.021 ms
Symbolic time: 0.035	0.035	0 ms
Numeric time: 0.02	0.021	0 ms
Symbolic time: 0.03	0.03	0 ms
Numeric time: 0.021	0.02	0 ms
Symbolic time: 0.03	0.031	0 ms
Numeric time: 0.02	0.02	0 ms
Symbolic time: 0.031	0.031	0 ms
Numeric time: 0.021	0.02	0 ms
Symbolic time: 0.038	0.039	0 ms
Numeric time: 0.021	0.021	0 ms
Symbolic time: 0.03	0.031	0 ms
Numeric time: 0.02	0.021	0 ms
Symbolic time: 0.031	0.031	0 ms
Numeric time: 0.02	0.021	0 ms
Symbolic time: 0.031	0.031	0 ms
Numeric time: 0.02	0.021	0 ms
Symbolic time: 0.031	0.03	0 ms
Numeric time: 0.021	0.02	0 ms
Symbolic time: 0.031	0.031	0 ms
Numeric time: 0.02	0.019	0.001 ms
Symbolic time: 0.031	0.028	0.002 ms
Numeric time: 0.021	0.019	0.002 ms
Symbolic time: 0.031	0.028	0.002 ms
Numeric time: 0.021	0.02	0.001 ms
Symbolic time: 0.038	0.035	0.002 ms
Numeric time: 0.021	0.02	0.001 ms
Symbolic time: 0.031	0.029	0.002 ms
Numeric time: 0.021	0.019	0.001 ms
Symbolic time: 0.031	0.028	0.002 ms
Numeric time: 0.021	0.019	0.002 ms
Symbolic time: 0.03	0.029	0.003 ms
Numeric time: 0.025	0.025	0 ms
Symbolic time: 0.031	0.031	0 ms
Numeric time: 0.021	0.021	0 ms
Symbolic time: 0.031	0.031	0 ms
Numeric time: 0.021	0.021	0 ms
Symbolic time: 0.031	0.031	0 ms
Numeric time: 0.021	0.021	0 ms
Symbolic time: 0.031	0.031	0 ms
Numeric time: 0.021	0.021	0 ms
Symbolic time: 0.032	0.032	0 ms
Numeric time: 0.025	0.025	0 ms
Symbolic time: 0.032	0.032	0 ms
Numeric time: 0.02	0.02	0 ms
Symbolic time: 0.032	0.032	0 ms
Numeric time: 0.02	0.021	0 ms
Symbolic time: 0.031	0.031	0 ms
Numeric time: 0.02	0.02	0 ms
Symbolic time: 0.031	0.031	0 ms
Numeric time: 0.02	0.02	0 ms
Symbolic time: 0.031	0.031	0 ms
Numeric time: 0.02	0.02	0 ms
Symbolic time: 0.031	0.031	0 ms
Numeric time: 0.021	0.021	0 ms
Symbolic time: 0.03	0.03	0 ms
Numeric time: 0.02	0.02	0 ms
Symbolic time: 0.032	0.032	0 ms
Numeric time: 0.025	0.025	0 ms
Symbolic time: 0.03	0.031	0 ms
Numeric time: 0.02	0.02	0 ms
Symbolic time: 0.031	0.031	0 ms
Numeric time: 0.021	0.021	0 ms
Symbolic time: 0.034	0.034	0 ms
Numeric time: 0.021	0.021	0 ms
Symbolic time: 0.031	0.031	0 ms
Numeric time: 0.021	0.021	0 ms
Symbolic time: 0.031	0.031	0 ms
Numeric time: 0.021	0.021	0 ms
Symbolic time: 0.031	0.031	0 ms
Numeric time: 0.02	0.02	0 ms
Symbolic time: 0.03	0.03	0 ms
Numeric time: 0.021	0.021	0 ms
Symbolic time: 0.03	0.03	0 ms
Numeric time: 0.021	0.021	0 ms
Symbolic time: 0.038	0.038	0 ms
Numeric time: 0.02	0.02	0 ms
Symbolic time: 0.031	0.031	0 ms
Numeric time: 0.021	0.021	0 ms
Symbolic time: 0.031	0.031	0 ms
Numeric time: 0.02	0.021	0 ms
Symbolic time: 0.031	0.031	0 ms
Numeric time: 0.02	0.02	0 ms
Symbolic time: 0.031	0.031	0 ms
Numeric time: 0.021	0.021	0 ms
Symbolic time: 0.03	0.03	0 ms
Numeric time: 0.021	0.021	0 ms
Symbolic time: 0.03	0.03	0 ms
Numeric time: 0.021	0.021	0 ms
Symbolic time: 0.03	0.03	0 ms
Numeric time: 0.02	0.02	0 ms
Symbolic time: 0.037	0.037	0 ms
Numeric time: 0.021	0.021	0 ms
Symbolic time: 0.03	0.03	0 ms
Numeric time: 0.026	0.026	0 ms
Symbolic time: 0.03	0.031	0 ms
Numeric time: 0.02	0.02	0 ms
Symbolic time: 0.031	0.031	0 ms
Numeric time: 0.02	0.02	0 ms
Symbolic time: 0.03	0.03	0 ms
Numeric time: 0.021	0.021	0 ms
Symbolic time: 0.03	0.03	0 ms
Numeric time: 0.021	0.021	0 ms
Symbolic time: 0.031	0.031	0 ms
Numeric time: 0.02	0.02	0 ms
Symbolic time: 0.031	0.031	0 ms
Numeric time: 0.02	0.02	0 ms
Symbolic time: 0.03	0.031	0 ms
Numeric time: 0.027	0.027	0 ms
Symbolic time: 0.03	0.03	0 ms
Numeric time: 0.021	0.021	0 ms
Symbolic time: 0.031	0.031	0 ms
Numeric time: 0.021	0.021	0 ms
Symbolic time: 0.031	0.031	0 ms
Numeric time: 0.02	0.02	0 ms
Symbolic time: 0.031	0.031	0 ms
Numeric time: 0.021	0.021	0 ms
Symbolic time: 0.03	0.03	0 ms
Numeric time: 0.02	0.02	0 ms
Symbolic time: 0.03	0.031	0 ms
Numeric time: 0.021	0.021	0 ms
Symbolic time: 0.031	0.031	0 ms
Numeric time: 0.02	0.02	0 ms
Symbolic time: 0.033	0.033	0 ms
Numeric time: 0.023	0.023	0 ms
Symbolic time: 0.03	0.03	0 ms
Numeric time: 0.021	0.021	0 ms
Symbolic time: 0.032	0.032	0 ms
Numeric time: 0.02	0.02	0 ms
Symbolic time: 0.031	0.031	0 ms
Numeric time: 0.02	0.02	0 ms
Symbolic time: 0.031	0.031	0 ms
Numeric time: 0.02	0.021	0 ms
Symbolic time: 0.031	0.031	0 ms
Numeric time: 0.021	0.021	0 ms
Symbolic time: 0.031	0.031	0 ms
Numeric time: 0.021	0.021	0 ms
Symbolic time: 0.031	0.031	0 ms
Numeric time: 0.021	0.021	0 ms
Symbolic time: 0.03	0.03	0 ms
Numeric time: 0.02	0.02	0 ms
Symbolic time: 0.037	0.037	0 ms
Numeric time: 0.021	0.021	0 ms
Symbolic time: 0.031	0.031	0 ms
Numeric time: 0.02	0.02	0 ms
Symbolic time: 0.031	0.031	0 ms
Numeric time: 0.021	0.021	0 ms
Symbolic time: 0.03	0.03	0 ms
Numeric time: 0.021	0.021	0 ms
Symbolic time: 0.031	0.031	0 ms
Numeric time: 0.021	0.021	0 ms
Symbolic time: 0.031	0.031	0 ms
Numeric time: 0.02	0.02	0 ms
Symbolic time: 0.03	0.03	0 ms
Numeric time: 0.085	0.077	0 ms
Symbolic time: 0.155	0.155	0 ms
Numeric time: 0.103	0.104	0 ms
Symbolic time: 0.131	0.131	0 ms
Numeric time: 0.089	0.089	0 ms
Symbolic time: 0.12	0.12	0 ms
Numeric time: 0.083	0.082	0 ms
Symbolic time: 0.132	0.132	0 ms
Numeric time: 0.079	0.078	0 ms
Symbolic time: 0.115	0.115	0 ms
Numeric time: 0.074	0.075	0 ms
Symbolic time: 0.118	0.117	0 ms
Numeric time: 0.075	0.076	0 ms
Symbolic time: 0.109	0.11	0 ms
Numeric time: 0.074	0.074	0 ms
Symbolic time: 0.105	0.105	0 ms
Numeric time: 0.087	0.087	0 ms
Symbolic time: 0.106	0.106	0 ms
Numeric time: 0.069	0.069	0 ms
Symbolic time: 0.107	0.107	0 ms
Numeric time: 0.07	0.07	0 ms
Symbolic time: 0.104	0.104	0 ms
Numeric time: 0.07	0.07	0 ms
Symbolic time: 0.104	0.103	0 ms
Numeric time: 0.069	0.069	0 ms
Symbolic time: 0.136	0.136	0 ms
Numeric time: 0.069	0.068	0 ms
Symbolic time: 0.106	0.106	0 ms
Numeric time: 0.067	0.068	0 ms
Symbolic time: 0.103	0.104	0 ms
Numeric time: 0.068	0.068	0 ms
Symbolic time: 0.102	0.102	0 ms
Numeric time: 0.067	0.067	0 ms
Symbolic time: 0.101	0.102	0 ms
Numeric time: 0.078	0.079	0 ms
Symbolic time: 0.103	0.103	0 ms
Numeric time: 0.066	0.065	0 ms
Symbolic time: 0.103	0.103	0 ms
Numeric time: 0.068	0.068	0 ms
Symbolic time: 0.101	0.101	0 ms
Numeric time: 0.068	0.068	0 ms
Symbolic time: 0.099	0.099	0 ms
Numeric time: 0.066	0.066	0 ms
Symbolic time: 0.1	0.1	0 ms
Numeric time: 0.076	0.077	0 ms
Symbolic time: 0.1	0.1	0 ms
Numeric time: 0.067	0.067	0 ms
Symbolic time: 0.098	0.098	0 ms
Numeric time: 0.066	0.066	0 ms
Symbolic time: 0.096	0.096	0 ms
Numeric time: 0.065	0.065	0 ms
Symbolic time: 0.097	0.097	0 ms
Numeric time: 0.065	0.065	0 ms
Symbolic time: 0.097	0.098	0 ms
Numeric time: 0.073	0.072	0 ms
Symbolic time: 0.097	0.097	0 ms
Numeric time: 0.067	0.067	0 ms
Symbolic time: 0.097	0.097	0 ms
Numeric time: 0.066	0.066	0 ms
Symbolic time: 0.097	0.097	0 ms
Numeric time: 0.065	0.065	0 ms
Symbolic time: 0.095	0.095	0 ms
Numeric time: 0.066	0.067	0 ms
Symbolic time: 0.109	0.109	0 ms
Numeric time: 0.08	0.08	0 ms
Symbolic time: 0.097	0.097	0 ms
Numeric time: 0.066	0.066	0 ms
Symbolic time: 0.099	0.099	0 ms
Numeric time: 0.064	0.065	0 ms
Symbolic time: 0.098	0.098	0 ms
Numeric time: 0.067	0.067	0 ms
Symbolic time: 0.096	0.096	0 ms
Numeric time: 0.066	0.066	0 ms
Symbolic time: 0.117	0.117	0 ms
Numeric time: 0.066	0.067	0 ms
Symbolic time: 0.097	0.097	0 ms
Numeric time: 0.064	0.064	0 ms
Symbolic time: 0.098	0.097	0 ms
Numeric time: 0.065	0.065	0 ms
Symbolic time: 0.095	0.095	0 ms
Numeric time: 0.066	0.066	0 ms
Symbolic time: 0.095	0.095	0 ms
Numeric time: 0.065	0.065	0 ms
Symbolic time: 0.109	0.109	0 ms
Numeric time: 0.064	0.064	0 ms
Symbolic time: 0.098	0.098	0 ms
Numeric time: 0.065	0.065	0 ms
Symbolic time: 0.096	0.097	0 ms
Numeric time: 0.066	0.066	0 ms
Symbolic time: 0.095	0.096	0 ms
Numeric time: 0.067	0.066	0 ms
Symbolic time: 0.097	0.097	0 ms
Numeric time: 0.065	0.065	0 ms
Symbolic time: 0.111	0.111	0 ms
Numeric time: 0.066	0.066	0 ms
Symbolic time: 0.097	0.096	0 ms
Numeric time: 0.067	0.066	0 ms
Symbolic time: 0.097	0.097	0 ms
Numeric time: 0.066	0.066	0 ms
Symbolic time: 0.096	0.097	0 ms
Numeric time: 0.065	0.065	0 ms
Symbolic time: 0.097	0.097	0 ms
Numeric time: 0.065	0.065	0 ms
Symbolic time: 0.126	0.126	0 ms
Numeric time: 0.066	0.067	0 ms
Symbolic time: 0.096	0.097	0 ms
Numeric time: 0.067	0.067	0 ms
Symbolic time: 0.098	0.098	0 ms
Numeric time: 0.065	0.065	0 ms
Symbolic time: 0.097	0.097	0 ms
Numeric time: 0.065	0.066	0 ms
Symbolic time: 0.096	0.096	0 ms
Numeric time: 0.066	0.066	0 ms
Symbolic time: 0.098	0.098	0 ms
Numeric time: 0.065	0.065	0 ms
Symbolic time: 0.098	0.098	0 ms
Numeric time: 0.065	0.065	0 ms
Symbolic time: 0.097	0.098	0 ms
Numeric time: 0.066	0.066	0 ms
Symbolic time: 0.095	0.096	0 ms
Numeric time: 0.066	0.065	0 ms
Symbolic time: 0.095	0.095	0 ms
Numeric time: 0.076	0.077	0 ms
Symbolic time: 0.096	0.096	0 ms
Numeric time: 0.065	0.064	0 ms
Symbolic time: 0.097	0.097	0 ms
Numeric time: 0.066	0.065	0 ms
Symbolic time: 0.096	0.096	0 ms
Numeric time: 0.065	0.065	0 ms
Symbolic time: 0.095	0.095	0 ms
Numeric time: 0.064	0.064	0 ms
Symbolic time: 0.095	0.096	0 ms
Numeric time: 0.078	0.078	0 ms
Symbolic time: 0.093	0.093	0 ms
Numeric time: 0.064	0.065	0 ms
Symbolic time: 0.094	0.094	0 ms
Numeric time: 0.064	0.065	0 ms
Symbolic time: 0.095	0.095	0 ms
Numeric time: 0.063	0.064	0 ms
Symbolic time: 0.096	0.096	0 ms
Numeric time: 0.063	0.064	0 ms

Symbolic time: 0.042104 ms
Numeric time: 0.028244 ms
