n: 135
nnz: 665
CSC format: after fill in
div count is 357
ms count is 1009
div + ms count is 1366 the ideal cycle is 1
flops: 2375
SUCCESS: 初始化inst!
SUCCESS: 分配ocp!
SUCCESS: 分配ocp!
SUCCESS: Build Graph!
SUCCESS: Initialize waiting list!
SUCCESS: add ok to do list at time 0
SUCCESS: schedule at time0
SUCCESS: add waiting list
SUCCESS: add ok to do list at time 1
SUCCESS: schedule at time 1
Begin: Second Schedule!

sch2 time is 2
SUCCESS: schedule at time: 2
SUCCESS: schedule at time: 3
SUCCESS: schedule at time: 4
SUCCESS: schedule at time: 5
SUCCESS: schedule at time: 6
SUCCESS: schedule at time: 7
SUCCESS: schedule at time: 8
SUCCESS: schedule at time: 9
SUCCESS: schedule at time: 10
SUCCESS: schedule at time: 11
SUCCESS: schedule at time: 12
SUCCESS: schedule at time: 13
SUCCESS: schedule at time: 14
SUCCESS: schedule at time: 15
SUCCESS: schedule at time: 16
SUCCESS: schedule at time: 17
SUCCESS: schedule at time: 18
SUCCESS: schedule at time: 19
SUCCESS: schedule at time: 20
SUCCESS: schedule at time: 21
SUCCESS: schedule at time: 22
SUCCESS: schedule at time: 23
SUCCESS: schedule at time: 24
SUCCESS: schedule at time: 25
SUCCESS: schedule at time: 26
SUCCESS: schedule at time: 27
SUCCESS: schedule at time: 28
SUCCESS: schedule at time: 29
SUCCESS: schedule at time: 30
SUCCESS: schedule at time: 31
SUCCESS: schedule at time: 32
SUCCESS: schedule at time: 33
SUCCESS: schedule at time: 34
SUCCESS: schedule at time: 35
SUCCESS: schedule at time: 36
SUCCESS: schedule at time: 37
SUCCESS: schedule at time: 38
SUCCESS: schedule at time: 39
SUCCESS: schedule at time: 40
SUCCESS: schedule at time: 41
SUCCESS: schedule at time: 42
SUCCESS: schedule at time: 43
SUCCESS: schedule at time: 44
SUCCESS: schedule at time: 45
SUCCESS: schedule at time: 46
SUCCESS: schedule at time: 47
SUCCESS: schedule at time: 48
SUCCESS: schedule at time: 49
SUCCESS: schedule at time: 50
SUCCESS: schedule at time: 51
SUCCESS: schedule at time: 52
SUCCESS: schedule at time: 53
SUCCESS: schedule at time: 54
SUCCESS: schedule at time: 55
SUCCESS: schedule at time: 56
SUCCESS: schedule at time: 57
SUCCESS: schedule at time: 58
SUCCESS: schedule at time: 59
SUCCESS: schedule at time: 60
SUCCESS: schedule at time: 61
SUCCESS: schedule at time: 62
SUCCESS: schedule at time: 63
SUCCESS: schedule at time: 64
SUCCESS: schedule at time: 65
SUCCESS: schedule at time: 66
SUCCESS: schedule at time: 67
SUCCESS: schedule at time: 68
SUCCESS: schedule at time: 69
SUCCESS: schedule at time: 70
SUCCESS: schedule at time: 71
SUCCESS: schedule at time: 72
SUCCESS: schedule at time: 73
SUCCESS: schedule at time: 74
SUCCESS: schedule at time: 75
SUCCESS: schedule at time: 76
SUCCESS: schedule at time: 77
SUCCESS: schedule at time: 78
SUCCESS: schedule at time: 79
SUCCESS: schedule at time: 80
SUCCESS: schedule at time: 81
SUCCESS: schedule at time: 82
SUCCESS: schedule at time: 83
SUCCESS: schedule at time: 84
SUCCESS: schedule at time: 85
SUCCESS: schedule at time: 86
SUCCESS: schedule at time: 87
SUCCESS: schedule at time: 88
SUCCESS: schedule at time: 89
SUCCESS: schedule at time: 90
SUCCESS: schedule at time: 91
SUCCESS: schedule at time: 92
SUCCESS: schedule at time: 93
SUCCESS: schedule at time: 94
SUCCESS: schedule at time: 95
SUCCESS: schedule at time: 96
SUCCESS: schedule at time: 97
SUCCESS: schedule at time: 98
SUCCESS: schedule at time: 99
SUCCESS: schedule at time: 100
SUCCESS: schedule at time: 101
SUCCESS: schedule at time: 102
SUCCESS: schedule at time: 103
SUCCESS: schedule at time: 104
SUCCESS: schedule at time: 105
SUCCESS: schedule at time: 106
SUCCESS: schedule at time: 107
SUCCESS: schedule at time: 108
SUCCESS: schedule at time: 109
SUCCESS: schedule at time: 110
SUCCESS: schedule at time: 111
SUCCESS: schedule at time: 112
SUCCESS: schedule at time: 113
SUCCESS: schedule at time: 114
SUCCESS: schedule at time: 115
SUCCESS: schedule at time: 116
SUCCESS: schedule at time: 117
SUCCESS: schedule at time: 118
SUCCESS: schedule at time: 119
SUCCESS: schedule at time: 120
SUCCESS: schedule at time: 121
SUCCESS: schedule at time: 122
SUCCESS: schedule at time: 123
SUCCESS: schedule at time: 124
SUCCESS: schedule at time: 125
SUCCESS: schedule at time: 126
SUCCESS: schedule at time: 127
SUCCESS: schedule at time: 128
SUCCESS: schedule at time: 129
SUCCESS: schedule at time: 130
SUCCESS: schedule at time: 131
SUCCESS: schedule at time: 132
SUCCESS: schedule at time: 133
SUCCESS: schedule at time: 134
SUCCESS: schedule at time: 135
SUCCESS: schedule at time: 136
SUCCESS: schedule at time: 137
SUCCESS: schedule at time: 138
SUCCESS: schedule at time: 139
SUCCESS: schedule at time: 140
SUCCESS: schedule at time: 141
SUCCESS: schedule at time: 142
SUCCESS: schedule at time: 143
SUCCESS: schedule at time: 144
SUCCESS: schedule at time: 145
SUCCESS: schedule at time: 146
SUCCESS: schedule at time: 147
SUCCESS: schedule at time: 148
SUCCESS: schedule at time: 149
SUCCESS: schedule at time: 150
SUCCESS: schedule at time: 151
SUCCESS: schedule at time: 152
SUCCESS: schedule at time: 153
SUCCESS: schedule at time: 154
SUCCESS: schedule at time: 155
SUCCESS: schedule at time: 156
SUCCESS: schedule at time: 157
SUCCESS: schedule at time: 158
SUCCESS: schedule at time: 159
SUCCESS: schedule at time: 160
SUCCESS: schedule at time: 161
SUCCESS: schedule at time: 162
SUCCESS: schedule at time: 163
SUCCESS: schedule at time: 164
SUCCESS: schedule at time: 165
SUCCESS: schedule at time: 166
SUCCESS: schedule at time: 167
SUCCESS: schedule at time: 168
SUCCESS: schedule at time: 169
SUCCESS: schedule at time: 170
SUCCESS: schedule at time: 171
SUCCESS: schedule at time: 172
SUCCESS: schedule at time: 173
SUCCESS: schedule at time: 174
SUCCESS: schedule at time: 175
SUCCESS: schedule at time: 176
SUCCESS: schedule at time: 177
SUCCESS: schedule at time: 178
SUCCESS: schedule at time: 179
SUCCESS: schedule at time: 180
SUCCESS: schedule at time: 181
SUCCESS: schedule at time: 182
SUCCESS: schedule at time: 183
SUCCESS: schedule at time: 184
SUCCESS: schedule at time: 185
SUCCESS: schedule at time: 186
SUCCESS: schedule at time: 187
SUCCESS: schedule at time: 188
SUCCESS: schedule at time: 189
SUCCESS: schedule at time: 190
SUCCESS: schedule at time: 191
SUCCESS: schedule at time: 192
SUCCESS: schedule at time: 193
SUCCESS: schedule at time: 194
SUCCESS: schedule at time: 195
SUCCESS: schedule at time: 196
SUCCESS: schedule at time: 197
SUCCESS: schedule at time: 198
SUCCESS: schedule at time: 199
SUCCESS: schedule at time: 200
SUCCESS: schedule at time: 201
SUCCESS: schedule at time: 202
SUCCESS: schedule at time: 203
SUCCESS: schedule at time: 204
SUCCESS: schedule at time: 205
SUCCESS: schedule at time: 206
SUCCESS: schedule at time: 207
SUCCESS: schedule at time: 208
SUCCESS: schedule at time: 209
SUCCESS: schedule at time: 210
SUCCESS: schedule at time: 211
SUCCESS: schedule at time: 212
SUCCESS: schedule at time: 213
SUCCESS: schedule at time: 214
SUCCESS: schedule at time: 215
SUCCESS: schedule at time: 216
SUCCESS: schedule at time: 217
SUCCESS: schedule at time: 218
SUCCESS: schedule at time: 219
SUCCESS: schedule at time: 220
SUCCESS: schedule at time: 221
SUCCESS: schedule at time: 222
SUCCESS: schedule at time: 223
SUCCESS: schedule at time: 224
SUCCESS: schedule at time: 225
SUCCESS: schedule at time: 226
SUCCESS: schedule at time: 227
SUCCESS: schedule at time: 228
SUCCESS: schedule at time: 229
SUCCESS: schedule at time: 230
SUCCESS: schedule at time: 231
SUCCESS: schedule at time: 232
SUCCESS: schedule at time: 233
SUCCESS: schedule at time: 234
SUCCESS: schedule at time: 235
SUCCESS: schedule at time: 236
SUCCESS: schedule at time: 237
SUCCESS: schedule at time: 238
SUCCESS: schedule at time: 239
SUCCESS: schedule at time: 240
SUCCESS: schedule at time: 241
SUCCESS: schedule at time: 242
SUCCESS: schedule at time: 243
SUCCESS: schedule at time: 244
SUCCESS: schedule at time: 245
SUCCESS: schedule at time: 246
SUCCESS: schedule at time: 247
SUCCESS: schedule at time: 248
SUCCESS: schedule at time: 249
SUCCESS: schedule at time: 250
SUCCESS: schedule at time: 251
SUCCESS: schedule at time: 252
SUCCESS: schedule at time: 253
SUCCESS: schedule at time: 254
SUCCESS: schedule at time: 255
SUCCESS: schedule at time: 256
SUCCESS: schedule at time: 257
SUCCESS: schedule at time: 258
SUCCESS: schedule at time: 259
SUCCESS: schedule at time: 260
SUCCESS: schedule at time: 261
SUCCESS: schedule at time: 262
SUCCESS: schedule at time: 263
SUCCESS: schedule at time: 264
SUCCESS: schedule at time: 265
SUCCESS: schedule at time: 266
SUCCESS: schedule at time: 267
SUCCESS: schedule at time: 268
SUCCESS: schedule at time: 269
SUCCESS: schedule at time: 270
SUCCESS: schedule at time: 271
SUCCESS: schedule at time: 272
SUCCESS: schedule at time: 273
SUCCESS: schedule at time: 274
SUCCESS: schedule at time: 275
SUCCESS: schedule at time: 276
SUCCESS: schedule at time: 277
SUCCESS: schedule at time: 278
SUCCESS: schedule at time: 279
SUCCESS: schedule at time: 280
SUCCESS: schedule at time: 281
SUCCESS: schedule at time: 282
SUCCESS: schedule at time: 283
SUCCESS: schedule at time: 284
SUCCESS: schedule at time: 285
SUCCESS: schedule at time: 286
SUCCESS: schedule at time: 287
SUCCESS: schedule at time: 288
SUCCESS: schedule at time: 289
SUCCESS: schedule at time: 290
SUCCESS: schedule at time: 291
SUCCESS: schedule at time: 292
SUCCESS: schedule at time: 293
SUCCESS: schedule at time: 294
SUCCESS: schedule at time: 295
SUCCESS: schedule at time: 296
SUCCESS: schedule at time: 297
SUCCESS: schedule at time: 298
SUCCESS: schedule at time: 299
SUCCESS: schedule at time: 300
SUCCESS: schedule at time: 301
SUCCESS: schedule at time: 302
SUCCESS: schedule at time: 303
SUCCESS: schedule at time: 304
SUCCESS: schedule at time: 305
SUCCESS: schedule at time: 306
Finished: schedule!

latency = 307
SUCCESS: simulation1
