Symbolic time: 1.713	1.711	0 ms
Numeric time: 1.347	1.347	0.003 ms
Symbolic time: 1.506	0.688	0.819 ms
Numeric time: 1.24	1.224	0.016 ms
Symbolic time: 1.123	1.123	0 ms
Numeric time: 0.84	0.841	0 ms
Symbolic time: 1.086	0.253	0.833 ms
Numeric time: 0.83	0.754	0.075 ms
Symbolic time: 1.083	1.082	0 ms
Numeric time: 0.833	0	0.834 ms
Symbolic time: 1.084	1.077	0.007 ms
Numeric time: 0.835	0.835	0 ms
Symbolic time: 1.086	1.087	0 ms
Numeric time: 0.837	0.836	0 ms
Symbolic time: 1.093	1.089	0.003 ms
Numeric time: 0.834	0	0.834 ms
Symbolic time: 1.085	1.013	0.072 ms
Numeric time: 0.843	0.843	0 ms
Symbolic time: 1.08	1.08	0 ms
Numeric time: 0.833	0.833	0 ms
Symbolic time: 1.08	1.08	0 ms
Numeric time: 0.831	0.831	0 ms
Symbolic time: 1.081	1.081	0 ms
Numeric time: 0.841	0	0.84 ms
Symbolic time: 1.081	1.013	0.068 ms
Numeric time: 0.833	0.833	0 ms
Symbolic time: 1.081	1.08	0 ms
Numeric time: 0.83	0.83	0 ms
Symbolic time: 1.083	1.083	0 ms
Numeric time: 0.83	0.83	0 ms
Symbolic time: 1.085	1.084	0 ms
Numeric time: 0.83	0.831	0 ms
Symbolic time: 1.083	1.083	0 ms
Numeric time: 0.832	0.832	0 ms
Symbolic time: 1.084	1.084	0 ms
Numeric time: 0.831	0	0.832 ms
Symbolic time: 1.079	1.003	0.076 ms
Numeric time: 0.83	0.831	0 ms
Symbolic time: 1.079	1.078	0 ms
Numeric time: 0.827	0.827	0 ms
Symbolic time: 1.083	1.082	0 ms
Numeric time: 0.832	0	0.833 ms
Symbolic time: 1.088	1.012	0.076 ms
Numeric time: 0.831	0	0.831 ms
Symbolic time: 1.082	1.005	0.078 ms
Numeric time: 0.832	0.832	0 ms
Symbolic time: 1.082	1.082	0 ms
Numeric time: 0.832	0.832	0 ms
Symbolic time: 1.079	1.079	0 ms
Numeric time: 0.834	0.834	0 ms
Symbolic time: 1.087	1.087	0 ms
Numeric time: 0.825	0.826	0 ms
Symbolic time: 1.086	0.192	0.894 ms
Numeric time: 0.826	0.726	0.1 ms
Symbolic time: 1.085	1.084	0 ms
Numeric time: 0.821	0.822	0 ms
Symbolic time: 1.08	0.298	0.783 ms
Numeric time: 0.827	0.722	0.104 ms
Symbolic time: 1.081	1.081	0 ms
Numeric time: 0.826	0.826	0.001 ms
Symbolic time: 1.079	1.08	0 ms
Numeric time: 0.833	0	0.833 ms
Symbolic time: 1.079	1.07	0.009 ms
Numeric time: 0.829	0.828	0 ms
Symbolic time: 1.081	1.081	0 ms
Numeric time: 0.83	0.83	0 ms
Symbolic time: 1.08	1.08	0 ms
Numeric time: 0.831	0.831	0 ms
Symbolic time: 1.08	1.079	0 ms
Numeric time: 0.835	0.835	0 ms
Symbolic time: 1.08	1.08	0.001 ms
Numeric time: 0.831	0.831	0 ms
Symbolic time: 1.081	1.08	0 ms
Numeric time: 0.83	0.831	0 ms
Symbolic time: 1.082	1.081	0 ms
Numeric time: 0.832	0.832	0 ms
Symbolic time: 1.082	1.073	0.008 ms
Numeric time: 0.832	0.831	0 ms
Symbolic time: 1.084	1.084	0 ms
Numeric time: 0.834	0	0.834 ms
Symbolic time: 1.086	1.017	0.069 ms
Numeric time: 0.831	0.832	0 ms
Symbolic time: 1.084	1.083	0 ms
Numeric time: 0.832	0.832	0 ms
Symbolic time: 1.083	1.082	0.001 ms
Numeric time: 0.83	0.83	0 ms
Symbolic time: 1.084	1.083	0 ms
Numeric time: 0.832	0.833	0 ms
Symbolic time: 1.084	1.083	0 ms
Numeric time: 0.826	0.826	0 ms
Symbolic time: 1.081	1.081	0 ms
Numeric time: 0.834	0.835	0 ms
Symbolic time: 1.086	1.085	0 ms
Numeric time: 0.825	0.825	0 ms
Symbolic time: 1.086	1.086	0 ms
Numeric time: 0.832	0.832	0 ms
Symbolic time: 1.08	1.08	0 ms
Numeric time: 0.831	0.831	0 ms
Symbolic time: 1.082	1.082	0 ms
Numeric time: 0.832	0.832	0 ms
Symbolic time: 1.084	1.084	0 ms
Numeric time: 0.824	0	0.825 ms
Symbolic time: 1.08	1.003	0.076 ms
Numeric time: 0.823	0.823	0 ms
Symbolic time: 1.088	1.088	0 ms
Numeric time: 0.83	0.83	0 ms
Symbolic time: 1.083	1.083	0 ms
Numeric time: 0.825	0.825	0 ms
Symbolic time: 1.08	0.289	0.792 ms
Numeric time: 0.827	0.737	0.09 ms
Symbolic time: 1.08	1.08	0 ms
Numeric time: 0.823	0.822	0 ms
Symbolic time: 1.081	1.081	0 ms
Numeric time: 0.825	0.825	0 ms
Symbolic time: 1.085	1.085	0 ms
Numeric time: 0.833	0.833	0 ms
Symbolic time: 1.081	1.081	0 ms
Numeric time: 0.831	0.832	0 ms
Symbolic time: 1.085	1.085	0 ms
Numeric time: 0.84	0.84	0 ms
Symbolic time: 1.083	1.085	0 ms
Numeric time: 0.84	0.84	0 ms
Symbolic time: 1.079	1.079	0 ms
Numeric time: 0.828	0.828	0 ms
Symbolic time: 1.077	1.077	0 ms
Numeric time: 0.839	0.839	0 ms
Symbolic time: 1.081	1.081	0 ms
Numeric time: 0.831	0.831	0 ms
Symbolic time: 3.411	3.405	0 ms
Numeric time: 2.644	2.645	0 ms
Symbolic time: 3.559	2.626	0.933 ms
Numeric time: 2.144	2.132	0.012 ms
Symbolic time: 2.156	1.234	0.922 ms
Numeric time: 1.632	1.57	0.061 ms
Symbolic time: 2.16	2.16	0 ms
Numeric time: 1.68	1.682	0 ms
Symbolic time: 1.715	0.962	0.753 ms
Numeric time: 1.083	1.075	0.007 ms
Symbolic time: 1.383	0.583	0.8 ms
Numeric time: 1.096	1.087	0.009 ms
Symbolic time: 1.384	1.384	0 ms
Numeric time: 1.083	1.083	0 ms
Symbolic time: 1.378	1.379	0 ms
Numeric time: 1.052	1.048	0.005 ms
Symbolic time: 1.111	1.111	0 ms
Numeric time: 0.864	0.864	0 ms
Symbolic time: 1.113	1.113	0 ms
Numeric time: 0.86	0.861	0 ms
Symbolic time: 1.119	1.119	0 ms
Numeric time: 0.86	0.861	0 ms
Symbolic time: 1.111	1.111	0 ms
Numeric time: 0.867	0.867	0 ms
Symbolic time: 1.111	1.112	0 ms
Numeric time: 0.868	0.869	0 ms
Symbolic time: 1.114	1.115	0 ms
Numeric time: 0.858	0	0.858 ms
Symbolic time: 1.105	1.095	0.01 ms
Numeric time: 0.86	0.86	0 ms
Symbolic time: 1.108	1.102	0.007 ms
Numeric time: 0.856	0.857	0 ms
Symbolic time: 1.103	1.097	0.006 ms
Numeric time: 0.86	0.86	0 ms
Symbolic time: 1.112	1.113	0 ms
Numeric time: 0.866	0.867	0 ms
Symbolic time: 1.104	1.103	0 ms
Numeric time: 0.881	0.881	0 ms
Symbolic time: 1.102	1.102	0 ms
Numeric time: 0.853	0.854	0 ms
Symbolic time: 1.096	1.097	0 ms
Numeric time: 0.848	0.849	0 ms
Symbolic time: 1.097	1.097	0 ms
Numeric time: 0.867	0.868	0 ms
Symbolic time: 1.105	1.106	0 ms
Numeric time: 0.855	0.856	0 ms
Symbolic time: 1.097	1.096	0 ms
Numeric time: 0.851	0.852	0 ms
Symbolic time: 1.094	1.094	0 ms
Numeric time: 0.852	0.852	0 ms
Symbolic time: 1.095	1.095	0 ms
Numeric time: 0.847	0.848	0 ms
Symbolic time: 1.096	1.097	0 ms
Numeric time: 0.845	0.846	0 ms
Symbolic time: 1.102	1.102	0 ms
Numeric time: 0.847	0.847	0 ms
Symbolic time: 1.097	0.311	0.787 ms
Numeric time: 0.844	0.768	0.077 ms
Symbolic time: 1.095	0.289	0.806 ms
Numeric time: 0.841	0.841	0 ms
Symbolic time: 1.093	1.088	0.005 ms
Numeric time: 0.841	0.841	0 ms
Symbolic time: 1.091	1.087	0.005 ms
Numeric time: 0.839	0.839	0 ms
Symbolic time: 1.101	1.096	0.005 ms
Numeric time: 0.842	0.843	0 ms
Symbolic time: 1.097	1.092	0.004 ms
Numeric time: 0.852	0	0.852 ms
Symbolic time: 1.095	1.057	0.038 ms
Numeric time: 0.858	0.858	0 ms
Symbolic time: 1.099	1.092	0.007 ms
Numeric time: 0.849	0.849	0 ms
Symbolic time: 1.099	1.093	0.006 ms
Numeric time: 0.871	0.871	0 ms
Symbolic time: 1.098	1.091	0.007 ms
Numeric time: 0.849	0.849	0 ms
Symbolic time: 1.097	1.092	0.005 ms
Numeric time: 0.85	0	0.849 ms
Symbolic time: 1.104	1.104	0 ms
Numeric time: 0.85	0.84	0.011 ms
Symbolic time: 1.097	1.097	0 ms
Numeric time: 0.854	0.854	0 ms
Symbolic time: 1.098	1.098	0 ms
Numeric time: 0.847	0.848	0 ms
Symbolic time: 1.092	1.093	0 ms
Numeric time: 0.849	0	0.848 ms
Symbolic time: 1.095	1.087	0.009 ms
Numeric time: 0.847	0.847	0 ms
Symbolic time: 1.094	1.089	0.005 ms
Numeric time: 0.848	0.848	0 ms
Symbolic time: 1.099	1.095	0.005 ms
Numeric time: 0.846	0.846	0 ms
Symbolic time: 1.091	1.086	0.004 ms
Numeric time: 0.851	0	0.851 ms
Symbolic time: 1.099	1.059	0.04 ms
Numeric time: 0.847	0.848	0 ms
Symbolic time: 1.092	1.088	0.005 ms
Numeric time: 0.839	0.84	0 ms
Symbolic time: 1.091	1.087	0.004 ms
Numeric time: 0.842	0.843	0 ms
Symbolic time: 1.099	1.094	0.005 ms
Numeric time: 0.836	0	0.837 ms
Symbolic time: 1.104	0.161	0.944 ms
Numeric time: 0.846	0.763	0.084 ms
Symbolic time: 1.09	1.089	0 ms
Numeric time: 0.85	0	0.851 ms
Symbolic time: 1.091	1.082	0.009 ms
Numeric time: 0.85	0.85	0 ms
Symbolic time: 1.097	1.091	0.007 ms
Numeric time: 0.847	0.847	0 ms
Symbolic time: 1.095	1.088	0.005 ms
Numeric time: 0.849	0.85	0 ms
Symbolic time: 1.096	1.091	0.006 ms
Numeric time: 0.845	0.845	0 ms
Symbolic time: 1.09	1.085	0.004 ms
Numeric time: 0.845	0	0.846 ms
Symbolic time: 1.093	1.05	0.043 ms
Numeric time: 0.847	0	0.848 ms
Symbolic time: 1.097	1.054	0.042 ms
Numeric time: 0.847	0.848	0 ms
Symbolic time: 1.098	1.091	0.006 ms
Numeric time: 0.847	0.847	0 ms
Symbolic time: 1.096	0.086	1.01 ms
Numeric time: 0.903	0	0.903 ms
Symbolic time: 1.106	1.105	0 ms
Numeric time: 0.906	0.904	0.003 ms
Symbolic time: 1.104	1.104	0 ms
Numeric time: 0.917	0.918	0 ms
Symbolic time: 1.098	1.098	0 ms
Numeric time: 0.917	0.918	0 ms
Symbolic time: 1.108	1.108	0 ms
Numeric time: 0.917	0.917	0 ms
Symbolic time: 1.102	1.102	0 ms
Numeric time: 0.914	0.914	0 ms
Symbolic time: 1.106	1.107	0 ms
Numeric time: 0.918	0.919	0 ms
Symbolic time: 1.105	1.105	0 ms
Numeric time: 0.909	0.912	0 ms
Symbolic time: 1.1	1.1	0 ms
Numeric time: 0.924	0.015	0.91 ms
Symbolic time: 1.105	1.095	0.011 ms
Numeric time: 0.865	0.866	0 ms
Symbolic time: 1.102	1.093	0.009 ms
Numeric time: 0.864	0	0.864 ms
Symbolic time: 1.095	1.071	0.024 ms
Numeric time: 0.856	0.856	0 ms
Symbolic time: 1.099	1.093	0.008 ms
Numeric time: 0.855	0.856	0 ms
Symbolic time: 1.099	0.088	1.012 ms
Numeric time: 0.858	0.858	0 ms
Symbolic time: 1.097	1.089	0.007 ms
Numeric time: 0.851	0.852	0 ms
Symbolic time: 1.096	1.09	0.007 ms
Numeric time: 0.848	0.848	0 ms
Symbolic time: 1.11	0.209	0.902 ms
Numeric time: 0.845	0.753	0.093 ms
Symbolic time: 1.096	1.096	0 ms
Numeric time: 0.846	0.846	0 ms
Symbolic time: 1.098	1.098	0 ms
Numeric time: 0.846	0.847	0 ms
Symbolic time: 1.095	1.095	0 ms
Numeric time: 0.84	0.84	0 ms
Symbolic time: 1.093	1.093	0 ms
Numeric time: 0.843	0.843	0 ms
Symbolic time: 1.098	1.099	0 ms
Numeric time: 0.844	0.844	0 ms
Symbolic time: 1.1	1.1	0 ms
Numeric time: 0.845	0.845	0 ms
Symbolic time: 1.093	1.093	0 ms
Numeric time: 0.845	0	0.845 ms
Symbolic time: 1.097	1.088	0.01 ms
Numeric time: 0.851	0.851	0 ms
Symbolic time: 1.099	0.089	1.01 ms
Numeric time: 0.849	0.849	0 ms
Symbolic time: 1.097	1.091	0.007 ms
Numeric time: 0.853	0.845	0.008 ms
Symbolic time: 1.097	1.097	0 ms
Numeric time: 0.849	0.848	0 ms
Symbolic time: 1.1	0.2	0.9 ms
Numeric time: 0.847	0.753	0.094 ms
Symbolic time: 1.098	0.307	0.791 ms
Numeric time: 0.854	0.854	0 ms
Symbolic time: 1.097	1.089	0.008 ms
Numeric time: 0.849	0.85	0 ms
Symbolic time: 1.101	1.093	0.008 ms
Numeric time: 0.848	0.848	0 ms
Symbolic time: 1.098	1.091	0.007 ms
Numeric time: 0.846	0.846	0 ms
Symbolic time: 1.098	1.092	0.006 ms
Numeric time: 0.858	0.858	0 ms
Symbolic time: 1.098	1.091	0.008 ms
Numeric time: 0.853	0.855	0 ms
Symbolic time: 1.101	1.094	0.008 ms
Numeric time: 0.846	0.847	0 ms
Symbolic time: 1.095	1.09	0.006 ms
Numeric time: 0.839	0.839	0 ms
Symbolic time: 1.094	1.088	0.005 ms
Numeric time: 0.844	0.844	0 ms
Symbolic time: 1.097	1.09	0.007 ms
Numeric time: 0.835	0.835	0 ms
Symbolic time: 1.104	1.1	0.005 ms
Numeric time: 0.839	0.839	0 ms
Symbolic time: 1.102	1.102	0 ms
Numeric time: 0.846	0.846	0 ms
Symbolic time: 1.095	1.095	0 ms
Numeric time: 0.848	0.848	0 ms
Symbolic time: 1.092	1.092	0 ms
Numeric time: 0.846	0.846	0 ms
Symbolic time: 1.097	1.097	0 ms
Numeric time: 0.848	0.848	0 ms
Symbolic time: 1.093	1.094	0 ms
Numeric time: 0.846	0	0.846 ms
Symbolic time: 1.102	1.092	0.011 ms
Numeric time: 0.846	0.846	0 ms
Symbolic time: 1.094	1.088	0.006 ms
Numeric time: 0.848	0.849	0 ms
Symbolic time: 1.093	1.088	0.006 ms
Numeric time: 0.853	0.854	0 ms
Symbolic time: 1.098	1.091	0.006 ms
Numeric time: 0.847	0.847	0 ms
Symbolic time: 1.1	1.093	0.007 ms
Numeric time: 0.847	0.848	0 ms
Symbolic time: 1.095	1.089	0.006 ms
Numeric time: 0.85	0.85	0 ms
Symbolic time: 1.096	1.09	0.006 ms
Numeric time: 0.846	0	0.846 ms
Symbolic time: 1.1	1.1	0 ms
Numeric time: 0.841	0.836	0.005 ms
Symbolic time: 1.094	1.095	0 ms
Numeric time: 0.854	0	0.855 ms
Symbolic time: 1.097	1.088	0.01 ms
Numeric time: 0.838	0.838	0 ms
Symbolic time: 1.1	1.093	0.007 ms
Numeric time: 0.841	0.84	0 ms
Symbolic time: 1.091	1.085	0.005 ms
Numeric time: 0.84	0.84	0 ms
Symbolic time: 1.096	1.091	0.005 ms
Numeric time: 0.845	0.845	0 ms
Symbolic time: 1.094	1.089	0.006 ms
Numeric time: 0.868	0.869	0 ms
Symbolic time: 1.099	1.09	0.009 ms
Numeric time: 0.851	0.852	0 ms
Symbolic time: 1.097	1.091	0.007 ms
Numeric time: 0.854	0.853	0 ms
Symbolic time: 1.102	1.094	0.007 ms
Numeric time: 0.852	0	0.852 ms
Symbolic time: 1.092	1.055	0.037 ms
Numeric time: 0.846	0.846	0 ms
Symbolic time: 1.108	1.108	0 ms
Numeric time: 0.839	0.839	0 ms
Symbolic time: 1.101	0.312	0.789 ms
Numeric time: 0.841	0.752	0.089 ms
Symbolic time: 1.095	1.095	0 ms
Numeric time: 0.877	0.876	0 ms
Symbolic time: 1.101	1.101	0 ms
Numeric time: 0.846	0	0.845 ms
Symbolic time: 1.099	1.089	0.01 ms
Numeric time: 0.849	0.85	0 ms
Symbolic time: 1.096	1.089	0.007 ms
Numeric time: 0.855	0.856	0 ms
Symbolic time: 1.099	1.091	0.008 ms
Numeric time: 0.854	0.854	0 ms
Symbolic time: 1.096	1.089	0.007 ms
Numeric time: 0.854	0.854	0 ms
Symbolic time: 1.095	1.088	0.007 ms
Numeric time: 0.853	0.853	0 ms
Symbolic time: 1.097	1.09	0.007 ms
Numeric time: 0.847	0.848	0 ms
Symbolic time: 1.094	1.088	0.006 ms
Numeric time: 0.846	0.846	0 ms
Symbolic time: 1.096	1.096	0 ms
Numeric time: 0.834	0.835	0 ms
Symbolic time: 1.099	1.099	0 ms
Numeric time: 0.833	0.833	0 ms
Symbolic time: 1.094	1.095	0 ms
Numeric time: 0.85	0.85	0 ms
Symbolic time: 1.093	1.093	0 ms
Numeric time: 0.85	0.85	0 ms
Symbolic time: 1.094	1.094	0 ms
Numeric time: 0.856	0.857	0 ms
Symbolic time: 1.098	1.097	0 ms
Numeric time: 0.853	0.854	0 ms
Symbolic time: 1.1	1.099	0 ms
Numeric time: 0.846	0.846	0 ms
Symbolic time: 1.093	1.094	0 ms
Numeric time: 0.846	0.846	0 ms
Symbolic time: 1.093	1.094	0 ms
Numeric time: 0.847	0.848	0 ms
Symbolic time: 1.095	0.123	0.972 ms
Numeric time: 0.852	0.852	0 ms
Symbolic time: 1.099	1.092	0.007 ms
Numeric time: 0.853	0.853	0 ms
Symbolic time: 1.097	1.091	0.006 ms
Numeric time: 0.855	0.855	0 ms
Symbolic time: 1.098	1.091	0.007 ms
Numeric time: 0.85	0	0.85 ms
Symbolic time: 1.102	1.103	0 ms
Numeric time: 0.846	0.84	0.005 ms
Symbolic time: 1.096	1.096	0 ms
Numeric time: 0.848	0.848	0 ms
Symbolic time: 1.095	1.095	0 ms
Numeric time: 0.856	0.856	0 ms
Symbolic time: 1.094	1.094	0 ms
Numeric time: 0.851	0.851	0 ms
Symbolic time: 1.094	1.095	0 ms
Numeric time: 0.845	0.845	0 ms
Symbolic time: 1.093	1.092	0 ms
Numeric time: 0.844	0.844	0 ms
Symbolic time: 1.09	1.09	0 ms
Numeric time: 0.845	0.845	0 ms
Symbolic time: 1.102	1.103	0 ms
Numeric time: 0.844	0.845	0 ms
Symbolic time: 1.094	1.094	0 ms
Numeric time: 0.857	0.858	0 ms
Symbolic time: 1.096	1.096	0 ms
Numeric time: 0.85	0	0.849 ms
Symbolic time: 1.095	1.071	0.025 ms
Numeric time: 0.849	0.849	0 ms
Symbolic time: 1.106	1.106	0 ms
Numeric time: 0.843	0.844	0 ms
Symbolic time: 1.099	1.099	0 ms
Numeric time: 0.842	0.842	0 ms
Symbolic time: 1.091	1.091	0 ms
Numeric time: 0.852	0.853	0 ms
Symbolic time: 1.095	1.094	0 ms
Numeric time: 0.847	0.847	0 ms
Symbolic time: 1.095	1.095	0 ms
Numeric time: 0.848	0.849	0 ms
Symbolic time: 1.096	1.095	0 ms
Numeric time: 0.854	0.855	0 ms
Symbolic time: 1.1	1.1	0 ms
Numeric time: 0.853	0.854	0 ms
Symbolic time: 1.093	1.093	0 ms
Numeric time: 0.857	0.857	0 ms
Symbolic time: 1.096	1.096	0 ms
Numeric time: 0.848	0.849	0 ms
Symbolic time: 1.092	1.093	0 ms
Numeric time: 0.854	0.855	0 ms
Symbolic time: 1.094	1.095	0 ms
Numeric time: 0.848	0	0.849 ms
Symbolic time: 1.097	1.075	0.022 ms
Numeric time: 0.837	0.838	0 ms
Symbolic time: 1.101	1.1	0 ms
Numeric time: 0.833	0.833	0 ms
Symbolic time: 1.1	1.1	0 ms
Numeric time: 0.836	0.836	0 ms
Symbolic time: 1.097	1.098	0 ms
Numeric time: 0.834	0.834	0 ms
Symbolic time: 1.097	1.097	0 ms
Numeric time: 0.856	0.857	0 ms
Symbolic time: 1.095	1.095	0 ms
Numeric time: 0.847	0.848	0 ms
Symbolic time: 1.096	1.097	0 ms
Numeric time: 0.849	0	0.85 ms
Symbolic time: 1.096	1.086	0.009 ms
Numeric time: 0.854	0.854	0 ms
Symbolic time: 1.093	1.088	0.006 ms
Numeric time: 0.853	0.853	0 ms
Symbolic time: 1.097	1.091	0.006 ms
Numeric time: 0.854	0.855	0 ms
Symbolic time: 1.096	1.091	0.006 ms
Numeric time: 0.848	0.849	0 ms
Symbolic time: 1.093	1.087	0.005 ms
Numeric time: 0.851	0.85	0 ms
Symbolic time: 1.094	1.089	0.006 ms
Numeric time: 0.852	0.853	0 ms
Symbolic time: 1.101	1.101	0 ms
Numeric time: 0.845	0.846	0 ms
Symbolic time: 1.091	0.295	0.796 ms
Numeric time: 0.849	0.769	0.081 ms
Symbolic time: 1.097	1.097	0 ms
Numeric time: 0.848	0.848	0 ms
Symbolic time: 1.092	1.092	0 ms
Numeric time: 0.849	0.849	0 ms
Symbolic time: 1.091	1.092	0 ms
Numeric time: 0.849	0.849	0 ms
Symbolic time: 1.096	1.096	0 ms
Numeric time: 0.837	0	0.836 ms
Symbolic time: 1.098	1.089	0.009 ms
Numeric time: 0.837	0.837	0 ms
Symbolic time: 1.09	0.084	1.007 ms
Numeric time: 0.846	0.846	0 ms
Symbolic time: 1.097	1.092	0.006 ms
Numeric time: 0.844	0.844	0 ms
Symbolic time: 1.1	1.094	0.006 ms
Numeric time: 0.848	0.848	0 ms
Symbolic time: 1.093	1.088	0.006 ms
Numeric time: 0.85	0.85	0 ms
Symbolic time: 1.098	1.092	0.006 ms
Numeric time: 0.85	0.851	0 ms
Symbolic time: 1.102	1.101	0 ms
Numeric time: 0.845	0.845	0 ms
Symbolic time: 1.099	1.099	0 ms
Numeric time: 0.849	0.848	0 ms
Symbolic time: 1.096	1.096	0 ms
Numeric time: 0.849	0.85	0 ms
Symbolic time: 1.095	1.094	0 ms
Numeric time: 0.849	0.85	0 ms
Symbolic time: 1.097	1.096	0 ms
Numeric time: 0.848	0.848	0 ms
Symbolic time: 1.097	1.098	0 ms
Numeric time: 0.846	0.847	0 ms
Symbolic time: 1.097	1.097	0 ms
Numeric time: 0.847	0.847	0 ms
Symbolic time: 1.094	1.094	0 ms
Numeric time: 0.866	0	0.867 ms
Symbolic time: 1.106	1.096	0.009 ms
Numeric time: 0.859	0.86	0 ms
Symbolic time: 1.098	1.091	0.007 ms
Numeric time: 0.874	0.874	0 ms
Symbolic time: 1.09	1.083	0.007 ms
Numeric time: 0.861	0.86	0 ms
Symbolic time: 1.085	1.079	0.006 ms
Numeric time: 0.842	0.842	0 ms
Symbolic time: 1.089	1.089	0 ms
Numeric time: 0.83	0.83	0 ms
Symbolic time: 1.082	0.283	0.799 ms
Numeric time: 0.836	0.757	0.078 ms
Symbolic time: 1.086	1.085	0 ms
Numeric time: 0.839	0	0.839 ms
Symbolic time: 1.087	1.079	0.008 ms
Numeric time: 0.836	0.837	0 ms
Symbolic time: 1.088	1.084	0.003 ms
Numeric time: 0.839	0.84	0 ms
Symbolic time: 1.091	1.087	0.004 ms
Numeric time: 0.836	0.835	0 ms
Symbolic time: 1.085	1.082	0.003 ms
Numeric time: 0.831	0.832	0 ms
Symbolic time: 1.087	1.085	0.003 ms
Numeric time: 0.838	0.839	0 ms
Symbolic time: 1.087	1.084	0.004 ms
Numeric time: 0.838	0.838	0 ms
Symbolic time: 1.084	1.081	0.003 ms
Numeric time: 0.839	0.839	0 ms
Symbolic time: 1.088	1.085	0.004 ms
Numeric time: 0.835	0	0.834 ms
Symbolic time: 1.085	1.03	0.054 ms
Numeric time: 0.836	0.837	0 ms
Symbolic time: 1.086	1.083	0.003 ms
Numeric time: 0.837	0.837	0 ms
Symbolic time: 1.085	1.082	0.003 ms
Numeric time: 0.836	0.837	0 ms
Symbolic time: 1.086	1.082	0.003 ms
Numeric time: 0.835	0.837	0 ms
Symbolic time: 1.085	1.082	0.003 ms
Numeric time: 0.837	0.838	0 ms
Symbolic time: 1.087	1.084	0.004 ms
Numeric time: 0.853	0.853	0 ms
Symbolic time: 1.089	1.089	0 ms
Numeric time: 0.83	0.831	0 ms
Symbolic time: 1.094	1.094	0 ms
Numeric time: 0.843	0.843	0 ms
Symbolic time: 1.088	1.089	0 ms
Numeric time: 0.846	0.846	0 ms
Symbolic time: 1.09	1.09	0 ms
Numeric time: 0.835	0.835	0 ms
Symbolic time: 1.088	1.089	0 ms
Numeric time: 0.852	0.853	0 ms
Symbolic time: 1.085	1.086	0 ms
Numeric time: 0.844	0.844	0 ms
Symbolic time: 1.087	1.087	0 ms
Numeric time: 0.846	0	0.846 ms
Symbolic time: 1.083	1.075	0.007 ms
Numeric time: 0.84	0.84	0 ms
Symbolic time: 1.088	1.084	0.004 ms
Numeric time: 0.838	0.838	0 ms
Symbolic time: 1.084	1.081	0.003 ms
Numeric time: 0.839	0.839	0 ms
Symbolic time: 1.083	1.08	0.003 ms
Numeric time: 0.835	0.836	0 ms
Symbolic time: 1.089	1.085	0.004 ms
Numeric time: 0.832	0.832	0 ms
Symbolic time: 1.084	1.082	0.002 ms
Numeric time: 0.836	0.837	0 ms
Symbolic time: 1.092	1.089	0.004 ms
Numeric time: 0.837	0.837	0 ms
Symbolic time: 1.084	1.082	0.003 ms
Numeric time: 0.842	0.843	0 ms
Symbolic time: 1.089	1.085	0.004 ms
Numeric time: 0.836	0.836	0 ms
Symbolic time: 1.086	1.084	0.003 ms
Numeric time: 0.832	0	0.832 ms
Symbolic time: 1.086	0.134	0.952 ms
Numeric time: 0.833	0.757	0.077 ms
Symbolic time: 1.083	0.276	0.807 ms
Numeric time: 0.83	0.753	0.077 ms
Symbolic time: 1.084	1.083	0 ms
Numeric time: 0.841	0.841	0 ms
Symbolic time: 1.084	1.084	0 ms
Numeric time: 0.836	0.836	0 ms
Symbolic time: 1.083	1.083	0 ms
Numeric time: 0.837	0.837	0 ms
Symbolic time: 1.086	1.086	0 ms
Numeric time: 0.835	0.836	0 ms
Symbolic time: 1.088	1.087	0 ms
Numeric time: 0.839	0.839	0 ms
Symbolic time: 1.085	1.085	0 ms
Numeric time: 0.836	0	0.836 ms
Symbolic time: 1.086	1.078	0.008 ms
Numeric time: 0.837	0.837	0 ms
Symbolic time: 1.085	1.082	0.003 ms
Numeric time: 0.84	0.841	0 ms
Symbolic time: 1.089	1.085	0.004 ms
Numeric time: 0.834	0.834	0 ms
Symbolic time: 1.084	1.081	0.003 ms
Numeric time: 0.84	0.841	0 ms
Symbolic time: 1.087	1.083	0.003 ms
Numeric time: 0.839	0.84	0 ms
Symbolic time: 1.089	1.086	0.004 ms
Numeric time: 0.842	0.842	0 ms
Symbolic time: 1.088	1.084	0.004 ms
Numeric time: 0.841	0.842	0 ms
Symbolic time: 1.083	1.079	0.004 ms
Numeric time: 0.838	0.838	0 ms
Symbolic time: 1.083	1.08	0.003 ms
Numeric time: 0.834	0.835	0 ms
Symbolic time: 1.102	1.102	0 ms
Numeric time: 0.83	0.83	0 ms
Symbolic time: 1.093	1.093	0 ms
Numeric time: 0.834	0.835	0 ms
Symbolic time: 1.083	0.282	0.801 ms
Numeric time: 0.83	0.755	0.075 ms
Symbolic time: 1.087	1.087	0 ms
Numeric time: 0.838	0.838	0 ms
Symbolic time: 1.088	1.088	0 ms
Numeric time: 0.837	0.837	0 ms
Symbolic time: 1.089	1.089	0 ms
Numeric time: 0.838	0	0.838 ms
Symbolic time: 1.081	1.074	0.008 ms
Numeric time: 0.842	0.843	0 ms
Symbolic time: 1.089	1.085	0.004 ms
Numeric time: 0.841	0.841	0 ms
Symbolic time: 1.091	1.087	0.004 ms
Numeric time: 0.833	0.834	0 ms
Symbolic time: 1.086	1.083	0.003 ms
Numeric time: 0.836	0.837	0 ms
Symbolic time: 1.087	1.084	0.003 ms
Numeric time: 0.838	0.838	0 ms
Symbolic time: 1.083	1.08	0.003 ms
Numeric time: 0.836	0.837	0 ms
Symbolic time: 1.086	1.083	0.003 ms
Numeric time: 0.839	0.84	0 ms
Symbolic time: 1.086	1.082	0.003 ms
Numeric time: 0.835	0.835	0 ms
Symbolic time: 1.09	1.087	0.004 ms
Numeric time: 0.841	0.841	0 ms
Symbolic time: 1.088	1.085	0.004 ms
Numeric time: 0.84	0	0.841 ms
Symbolic time: 1.092	1.041	0.05 ms
Numeric time: 0.842	0.842	0 ms
Symbolic time: 1.087	1.083	0.003 ms
Numeric time: 0.842	0	0.842 ms
Symbolic time: 1.089	0.132	0.957 ms
Numeric time: 0.84	0.763	0.078 ms
Symbolic time: 1.086	0.278	0.807 ms
Numeric time: 0.839	0.761	0.078 ms
Symbolic time: 1.088	1.088	0 ms
Numeric time: 0.842	0.842	0 ms
Symbolic time: 1.086	1.086	0 ms
Numeric time: 0.836	0.836	0 ms
Symbolic time: 1.087	1.087	0 ms
Numeric time: 0.838	0.839	0 ms
Symbolic time: 1.085	1.085	0 ms
Numeric time: 0.837	0.837	0 ms
Symbolic time: 1.085	1.085	0 ms
Numeric time: 0.836	0.837	0 ms
Symbolic time: 1.089	1.089	0 ms
Numeric time: 0.838	0.839	0 ms
Symbolic time: 1.085	1.085	0 ms
Numeric time: 0.842	0.842	0 ms
Symbolic time: 1.086	1.087	0 ms
Numeric time: 0.834	0.835	0 ms
Symbolic time: 1.09	1.091	0 ms
Numeric time: 0.838	0.838	0 ms
Symbolic time: 1.087	1.087	0 ms
Numeric time: 0.835	0.835	0 ms
Symbolic time: 1.087	1.087	0 ms
Numeric time: 0.838	0	0.838 ms
Symbolic time: 1.089	1.059	0.03 ms
Numeric time: 0.839	0.839	0 ms
Symbolic time: 1.091	1.088	0.004 ms
Numeric time: 0.834	0	0.834 ms
Symbolic time: 1.084	1.028	0.056 ms
Numeric time: 0.84	0.84	0 ms
Symbolic time: 1.089	1.085	0.003 ms
Numeric time: 0.832	0	0.832 ms
Symbolic time: 1.092	1.092	0 ms
Numeric time: 0.838	0.794	0.044 ms
Symbolic time: 1.086	0.281	0.805 ms
Numeric time: 0.833	0.755	0.078 ms
Symbolic time: 1.086	1.086	0 ms
Numeric time: 0.831	0.826	0.005 ms
Symbolic time: 1.091	0.282	0.809 ms
Numeric time: 0.839	0.838	0 ms
Symbolic time: 1.086	1.082	0.003 ms
Numeric time: 0.839	0.838	0 ms
Symbolic time: 1.083	1.08	0.003 ms
Numeric time: 0.848	0.848	0 ms
Symbolic time: 1.083	1.079	0.004 ms
Numeric time: 0.854	0.855	0 ms
Symbolic time: 1.084	1.08	0.005 ms
Numeric time: 0.848	0.848	0 ms
Symbolic time: 1.086	1.081	0.005 ms
Numeric time: 0.843	0	0.844 ms
Symbolic time: 1.087	1.042	0.046 ms
Numeric time: 0.838	0.838	0 ms
Symbolic time: 1.087	1.084	0.003 ms
Numeric time: 0.839	0.839	0 ms
Symbolic time: 1.089	1.086	0.004 ms
Numeric time: 0.844	0.844	0 ms
Symbolic time: 1.087	1.083	0.005 ms
Numeric time: 0.841	0	0.842 ms
Symbolic time: 1.09	1.04	0.05 ms
Numeric time: 0.836	0.836	0 ms
Symbolic time: 1.086	1.083	0.004 ms
Numeric time: 0.833	0.834	0 ms
Symbolic time: 1.089	1.087	0.003 ms
Numeric time: 0.845	0.844	0 ms
Symbolic time: 1.086	1.081	0.004 ms
Numeric time: 0.832	0	0.832 ms
Symbolic time: 1.09	1.09	0 ms
Numeric time: 0.829	0.807	0.022 ms
Symbolic time: 1.082	1.082	0 ms
Numeric time: 0.831	0.827	0.005 ms
Symbolic time: 1.088	1.087	0 ms
Numeric time: 0.845	0	0.846 ms
Symbolic time: 1.089	1.081	0.008 ms
Numeric time: 0.84	0.841	0 ms
Symbolic time: 1.092	1.088	0.004 ms
Numeric time: 0.837	0	0.837 ms
Symbolic time: 1.088	1.037	0.052 ms
Numeric time: 0.839	0.839	0 ms
Symbolic time: 1.089	1.086	0.004 ms
Numeric time: 0.836	0.837	0 ms
Symbolic time: 1.084	1.081	0.003 ms
Numeric time: 0.837	0.837	0 ms
Symbolic time: 1.09	1.086	0.004 ms
Numeric time: 0.872	0.871	0 ms
Symbolic time: 1.087	1.079	0.008 ms
Numeric time: 0.844	0.844	0 ms
Symbolic time: 1.084	1.08	0.004 ms
Numeric time: 0.837	0.836	0 ms
Symbolic time: 1.084	1.08	0.003 ms
Numeric time: 0.839	0.839	0 ms
Symbolic time: 1.084	1.081	0.003 ms
Numeric time: 0.843	0.844	0 ms
Symbolic time: 1.083	1.079	0.004 ms
Numeric time: 0.85	0.85	0 ms
Symbolic time: 1.089	1.085	0.005 ms
Numeric time: 0.842	0.842	0 ms
Symbolic time: 1.092	1.092	0 ms
Numeric time: 0.837	0.837	0 ms
Symbolic time: 1.087	1.087	0 ms
Numeric time: 0.841	0.841	0 ms
Symbolic time: 1.087	0.289	0.799 ms
Numeric time: 0.829	0.751	0.079 ms
Symbolic time: 1.084	1.084	0 ms
Numeric time: 0.837	0	0.836 ms
Symbolic time: 1.088	1.079	0.008 ms
Numeric time: 0.836	0.837	0 ms
Symbolic time: 1.085	1.082	0.003 ms
Numeric time: 0.835	0.835	0 ms
Symbolic time: 1.086	1.083	0.003 ms
Numeric time: 0.84	0.84	0 ms
Symbolic time: 1.089	1.086	0.004 ms
Numeric time: 0.842	0.843	0 ms
Symbolic time: 1.091	1.087	0.005 ms
Numeric time: 0.839	0.84	0 ms
Symbolic time: 1.086	1.082	0.004 ms
Numeric time: 0.839	0	0.839 ms
Symbolic time: 1.086	1.037	0.048 ms
Numeric time: 0.846	0.846	0 ms
Symbolic time: 1.089	1.084	0.004 ms
Numeric time: 0.845	0.846	0 ms
Symbolic time: 1.091	1.086	0.005 ms
Numeric time: 0.841	0.842	0 ms
Symbolic time: 1.091	1.086	0.004 ms
Numeric time: 0.838	0.838	0 ms
Symbolic time: 1.084	0.079	1.005 ms
Numeric time: 0.842	0	0.842 ms
Symbolic time: 1.089	1.041	0.048 ms
Numeric time: 0.842	0.841	0 ms
Symbolic time: 1.089	1.086	0.005 ms
Numeric time: 0.841	0	0.841 ms
Symbolic time: 1.093	1.092	0 ms
Numeric time: 0.838	0.823	0.015 ms
Symbolic time: 1.088	1.088	0 ms
Numeric time: 0.832	0.827	0.005 ms
Symbolic time: 1.088	1.089	0 ms
Numeric time: 0.847	0.846	0 ms
Symbolic time: 1.091	1.091	0 ms
Numeric time: 0.84	0.841	0 ms
Symbolic time: 1.086	1.086	0 ms
Numeric time: 0.833	0.833	0 ms
Symbolic time: 1.087	1.087	0 ms
Numeric time: 0.836	0.836	0 ms
Symbolic time: 1.087	1.087	0 ms
Numeric time: 0.838	0.839	0 ms
Symbolic time: 1.091	1.091	0 ms
Numeric time: 0.837	0.836	0 ms
Symbolic time: 1.088	1.088	0 ms
Numeric time: 0.84	0.84	0 ms
Symbolic time: 1.089	1.09	0 ms
Numeric time: 0.835	0.835	0 ms
Symbolic time: 1.104	1.094	0 ms
Numeric time: 0.837	0.838	0 ms
Symbolic time: 1.086	1.086	0 ms
Numeric time: 0.838	0.838	0 ms
Symbolic time: 1.086	1.086	0 ms
Numeric time: 0.841	0.842	0 ms
Symbolic time: 1.084	1.085	0 ms
Numeric time: 0.84	0.84	0 ms
Symbolic time: 1.085	1.086	0 ms
Numeric time: 0.842	0.842	0 ms
Symbolic time: 1.086	1.086	0 ms
Numeric time: 0.835	0	0.835 ms
Symbolic time: 1.086	1.085	0 ms
Numeric time: 0.835	0.8	0.034 ms
Symbolic time: 1.089	1.088	0 ms
Numeric time: 0.833	0.834	0 ms
Symbolic time: 1.092	0.297	0.795 ms
Numeric time: 0.828	0.749	0.079 ms
Symbolic time: 1.091	1.091	0 ms
Numeric time: 0.836	0.836	0 ms
Symbolic time: 1.085	1.086	0 ms
Numeric time: 0.839	0.839	0 ms
Symbolic time: 1.088	1.089	0 ms
Numeric time: 0.835	0	0.836 ms
Symbolic time: 1.088	1.079	0.008 ms
Numeric time: 0.841	0.841	0 ms
Symbolic time: 1.087	1.083	0.004 ms
Numeric time: 0.845	0.844	0 ms
Symbolic time: 1.084	1.08	0.004 ms
Numeric time: 0.836	0.836	0 ms
Symbolic time: 1.086	1.083	0.003 ms
Numeric time: 0.84	0.84	0 ms
Symbolic time: 1.082	1.08	0.003 ms
Numeric time: 0.837	0.836	0 ms
Symbolic time: 1.085	1.082	0.003 ms
Numeric time: 0.838	0.839	0 ms
Symbolic time: 1.083	0.079	1.005 ms
Numeric time: 0.834	0.834	0 ms
Symbolic time: 1.09	1.086	0.004 ms
Numeric time: 0.837	0.837	0 ms
Symbolic time: 1.086	1.083	0.004 ms
Numeric time: 0.837	0.838	0 ms
Symbolic time: 1.084	1.081	0.003 ms
Numeric time: 0.837	0	0.838 ms
Symbolic time: 1.086	1.034	0.052 ms
Numeric time: 0.835	0.835	0 ms
Symbolic time: 1.091	1.087	0.004 ms
Numeric time: 0.834	0	0.833 ms
Symbolic time: 1.095	0.151	0.944 ms
Numeric time: 0.829	0.748	0.08 ms
Symbolic time: 1.086	0.287	0.799 ms
Numeric time: 0.835	0.753	0.082 ms
Symbolic time: 1.085	1.085	0 ms
Numeric time: 0.836	0	0.837 ms
Symbolic time: 1.09	1.081	0.008 ms
Numeric time: 0.835	0.834	0 ms
Symbolic time: 1.085	1.082	0.003 ms
Numeric time: 0.836	0.837	0 ms
Symbolic time: 1.085	1.082	0.004 ms
Numeric time: 0.839	0.839	0 ms
Symbolic time: 1.091	1.087	0.005 ms
Numeric time: 0.837	0.838	0 ms
Symbolic time: 1.082	1.078	0.004 ms
Numeric time: 0.834	0.834	0 ms
Symbolic time: 1.085	1.081	0.003 ms
Numeric time: 0.839	0.839	0 ms
Symbolic time: 1.087	1.083	0.004 ms
Numeric time: 0.833	0.833	0 ms
Symbolic time: 1.088	1.085	0.004 ms
Numeric time: 0.836	0.837	0 ms
Symbolic time: 1.085	1.081	0.003 ms
Numeric time: 0.836	0.836	0 ms
Symbolic time: 1.088	1.084	0.004 ms
Numeric time: 0.843	0.844	0 ms
Symbolic time: 1.085	1.081	0.004 ms
Numeric time: 0.844	0.844	0 ms
Symbolic time: 1.087	1.082	0.004 ms
Numeric time: 0.843	0.844	0 ms
Symbolic time: 1.082	1.079	0.003 ms
Numeric time: 0.836	0.836	0 ms
Symbolic time: 1.092	1.088	0.004 ms
Numeric time: 0.839	0	0.84 ms
Symbolic time: 1.099	1.099	0 ms
Numeric time: 0.835	0.798	0.036 ms
Symbolic time: 1.084	0.281	0.803 ms
Numeric time: 0.84	0.758	0.083 ms
Symbolic time: 1.086	1.086	0 ms
Numeric time: 0.841	0	0.841 ms
Symbolic time: 1.088	1.08	0.009 ms
Numeric time: 0.843	0	0.843 ms
Symbolic time: 1.088	1.042	0.047 ms
Numeric time: 0.839	0.839	0 ms
Symbolic time: 1.086	1.082	0.005 ms
Numeric time: 0.837	0.837	0 ms
Symbolic time: 1.088	1.083	0.005 ms
Numeric time: 0.841	0.842	0 ms
Symbolic time: 1.088	1.083	0.004 ms
Numeric time: 0.833	0.834	0 ms
Symbolic time: 1.088	1.085	0.003 ms
Numeric time: 0.842	0.842	0 ms
Symbolic time: 1.089	1.085	0.004 ms
Numeric time: 0.834	0.835	0 ms
Symbolic time: 1.09	1.086	0.004 ms
Numeric time: 0.843	0.843	0 ms
Symbolic time: 1.087	1.083	0.005 ms
Numeric time: 0.844	0.844	0 ms
Symbolic time: 1.084	1.08	0.004 ms
Numeric time: 0.835	0.836	0 ms
Symbolic time: 1.086	1.083	0.003 ms
Numeric time: 0.834	0.834	0 ms
Symbolic time: 1.085	1.081	0.003 ms
Numeric time: 0.842	0.841	0 ms
Symbolic time: 1.09	1.087	0.005 ms
Numeric time: 0.837	0	0.837 ms
Symbolic time: 1.089	1.088	0 ms
Numeric time: 0.832	0.794	0.038 ms
Symbolic time: 1.092	1.092	0 ms
Numeric time: 0.83	0.83	0 ms
Symbolic time: 1.094	0.297	0.797 ms
Numeric time: 0.834	0.752	0.082 ms
Symbolic time: 1.091	1.091	0 ms
Numeric time: 0.838	0.838	0 ms
Symbolic time: 1.086	1.086	0 ms
Numeric time: 0.839	0.839	0 ms
Symbolic time: 1.09	1.09	0 ms
Numeric time: 0.835	0.835	0 ms
Symbolic time: 1.085	1.085	0 ms
Numeric time: 0.842	0.843	0 ms
Symbolic time: 1.088	1.088	0 ms
Numeric time: 0.842	0.842	0 ms
Symbolic time: 1.086	1.086	0 ms
Numeric time: 0.833	0.834	0 ms
Symbolic time: 1.092	1.093	0 ms
Numeric time: 0.844	0.844	0 ms
Symbolic time: 1.091	1.09	0 ms
Numeric time: 0.836	0.837	0 ms
Symbolic time: 1.086	1.086	0 ms
Numeric time: 0.832	0.833	0 ms
Symbolic time: 1.087	1.086	0 ms
Numeric time: 0.842	0.842	0 ms
Symbolic time: 1.085	1.085	0 ms
Numeric time: 0.836	0.836	0 ms
Symbolic time: 1.087	1.087	0 ms
Numeric time: 0.845	0.845	0 ms
Symbolic time: 1.086	1.085	0 ms
Numeric time: 0.837	0.837	0 ms
Symbolic time: 1.09	1.09	0 ms
Numeric time: 0.838	0	0.838 ms
Symbolic time: 1.097	1.096	0 ms
Numeric time: 0.837	0.804	0.033 ms
Symbolic time: 1.086	0.288	0.798 ms
Numeric time: 0.837	0.756	0.081 ms
Symbolic time: 1.085	1.085	0 ms
Numeric time: 0.839	0.839	0 ms
Symbolic time: 1.088	1.088	0 ms
Numeric time: 0.838	0.839	0 ms
Symbolic time: 1.086	1.086	0 ms
Numeric time: 0.835	0.835	0 ms
Symbolic time: 1.088	1.088	0 ms
Numeric time: 0.84	0	0.841 ms
Symbolic time: 1.09	1.081	0.009 ms
Numeric time: 0.839	0.838	0 ms
Symbolic time: 1.089	1.085	0.004 ms
Numeric time: 0.837	0.837	0 ms
Symbolic time: 1.086	1.081	0.004 ms
Numeric time: 0.84	0	0.841 ms
Symbolic time: 1.087	1.039	0.049 ms
Numeric time: 0.837	0.837	0 ms
Symbolic time: 1.087	1.084	0.004 ms
Numeric time: 0.836	0.836	0 ms
Symbolic time: 1.088	1.084	0.003 ms
Numeric time: 0.834	0.834	0 ms
Symbolic time: 1.087	1.083	0.003 ms
Numeric time: 0.838	0.839	0 ms
Symbolic time: 1.089	1.086	0.004 ms
Numeric time: 0.839	0.839	0 ms
Symbolic time: 1.086	0.081	1.005 ms
Numeric time: 0.836	0	0.836 ms
Symbolic time: 1.084	1.032	0.053 ms
Numeric time: 0.838	0.838	0 ms
Symbolic time: 1.089	1.086	0.005 ms
Numeric time: 0.843	0.843	0 ms
Symbolic time: 1.094	0.187	0.908 ms
Numeric time: 0.835	0.753	0.082 ms
Symbolic time: 1.084	0.285	0.799 ms
Numeric time: 0.831	0.749	0.083 ms
Symbolic time: 1.087	1.087	0 ms
Numeric time: 0.838	0.838	0 ms
Symbolic time: 1.086	1.087	0 ms
Numeric time: 0.838	0.838	0 ms
Symbolic time: 1.086	1.086	0 ms
Numeric time: 0.837	0.837	0 ms
Symbolic time: 1.089	1.09	0 ms
Numeric time: 0.835	0.836	0 ms
Symbolic time: 1.086	1.085	0 ms
Numeric time: 0.832	0	0.833 ms
Symbolic time: 1.085	1.077	0.009 ms
Numeric time: 0.834	0.834	0 ms
Symbolic time: 1.089	1.085	0.004 ms
Numeric time: 0.839	0.839	0 ms
Symbolic time: 1.088	1.084	0.004 ms
Numeric time: 0.838	0.838	0 ms
Symbolic time: 1.086	1.083	0.003 ms
Numeric time: 0.84	0.841	0 ms
Symbolic time: 1.087	1.082	0.004 ms
Numeric time: 0.841	0.841	0 ms
Symbolic time: 1.083	0.078	1.005 ms
Numeric time: 0.843	0.843	0 ms
Symbolic time: 1.083	1.079	0.004 ms
Numeric time: 0.846	0.846	0 ms
Symbolic time: 1.085	1.081	0.005 ms
Numeric time: 0.84	0.841	0 ms
Symbolic time: 1.089	1.085	0.004 ms
Numeric time: 0.839	0.839	0 ms
Symbolic time: 1.089	1.085	0.005 ms
Numeric time: 0.841	0	0.84 ms
Symbolic time: 1.093	1.094	0 ms
Numeric time: 0.842	0.826	0.017 ms
Symbolic time: 1.082	0.282	0.799 ms
Numeric time: 0.839	0.756	0.084 ms
Symbolic time: 1.081	1.082	0 ms
Numeric time: 0.841	0.841	0 ms
Symbolic time: 1.083	1.084	0 ms
Numeric time: 0.842	0.841	0 ms
Symbolic time: 1.084	1.084	0 ms
Numeric time: 0.84	0.84	0 ms
Symbolic time: 1.087	1.087	0 ms
Numeric time: 0.84	0.84	0 ms
Symbolic time: 1.087	1.086	0 ms
Numeric time: 0.84	0.841	0 ms
Symbolic time: 1.089	1.089	0 ms
Numeric time: 0.84	0.839	0 ms
Symbolic time: 1.087	1.087	0 ms
Numeric time: 0.845	0.845	0 ms
Symbolic time: 1.083	1.083	0 ms
Numeric time: 0.835	0.836	0 ms
Symbolic time: 1.09	1.091	0 ms
Numeric time: 0.84	0.84	0 ms
Symbolic time: 1.091	0.116	0.975 ms
Numeric time: 0.838	0	0.839 ms
Symbolic time: 1.088	1.038	0.05 ms
Numeric time: 0.839	0.839	0 ms
Symbolic time: 1.09	1.086	0.004 ms
Numeric time: 0.84	0.84	0 ms
Symbolic time: 1.086	1.083	0.004 ms
Numeric time: 0.835	0.835	0 ms
Symbolic time: 1.085	1.082	0.003 ms
Numeric time: 0.836	0.837	0 ms
Symbolic time: 1.088	1.088	0 ms
Numeric time: 0.835	0.835	0 ms
Symbolic time: 1.082	0.29	0.791 ms
Numeric time: 0.832	0.749	0.084 ms
Symbolic time: 1.086	1.086	0 ms
Numeric time: 0.838	0.839	0 ms
Symbolic time: 1.087	1.087	0 ms
Numeric time: 0.838	0.839	0 ms
Symbolic time: 1.082	1.083	0 ms
Numeric time: 0.841	0.841	0 ms
Symbolic time: 1.087	1.087	0 ms
Numeric time: 0.833	0	0.833 ms
Symbolic time: 1.084	1.075	0.008 ms
Numeric time: 0.838	0.837	0 ms
Symbolic time: 1.087	1.084	0.004 ms
Numeric time: 0.844	0.844	0 ms
Symbolic time: 1.087	1.082	0.004 ms
Numeric time: 0.835	0.834	0 ms
Symbolic time: 1.093	1.088	0.004 ms
Numeric time: 0.835	0.836	0 ms
Symbolic time: 1.089	1.085	0.004 ms
Numeric time: 0.838	0.839	0 ms
Symbolic time: 1.087	1.083	0.004 ms
Numeric time: 0.834	0.834	0 ms
Symbolic time: 1.09	1.087	0.004 ms
Numeric time: 0.836	0.836	0 ms
Symbolic time: 1.084	1.081	0.004 ms
Numeric time: 0.834	0.834	0 ms
Symbolic time: 1.084	1.081	0.003 ms
Numeric time: 0.842	0.842	0 ms
Symbolic time: 1.091	1.087	0.004 ms
Numeric time: 0.845	0.845	0 ms
Symbolic time: 1.09	1.086	0.005 ms
Numeric time: 0.838	0	0.839 ms
Symbolic time: 1.089	1.089	0 ms
Numeric time: 0.831	0.794	0.035 ms
Symbolic time: 1.09	1.09	0 ms
Numeric time: 0.839	0.839	0 ms
Symbolic time: 1.086	1.086	0 ms
Numeric time: 0.842	0.842	0 ms
Symbolic time: 1.088	1.088	0 ms
Numeric time: 0.836	0.836	0 ms
Symbolic time: 1.091	1.091	0 ms
Numeric time: 0.835	0.835	0 ms
Symbolic time: 1.088	1.088	0 ms
Numeric time: 0.842	0	0.842 ms
Symbolic time: 1.087	1.079	0.008 ms
Numeric time: 0.839	0.839	0 ms
Symbolic time: 1.089	1.085	0.004 ms
Numeric time: 0.838	0.839	0 ms
Symbolic time: 1.088	1.084	0.004 ms
Numeric time: 0.842	0.842	0 ms
Symbolic time: 1.088	1.084	0.004 ms
Numeric time: 0.841	0.841	0 ms
Symbolic time: 1.095	1.09	0.005 ms
Numeric time: 0.844	0.844	0 ms
Symbolic time: 1.086	1.081	0.004 ms
Numeric time: 0.838	0.839	0 ms
Symbolic time: 1.085	1.082	0.003 ms
Numeric time: 0.834	0.835	0 ms
Symbolic time: 1.09	1.086	0.004 ms
Numeric time: 0.839	0.839	0 ms
Symbolic time: 1.086	1.082	0.004 ms
Numeric time: 0.836	0.836	0 ms
Symbolic time: 1.087	1.084	0.003 ms
Numeric time: 0.838	0.838	0 ms
Symbolic time: 1.09	1.091	0 ms
Numeric time: 0.832	0.833	0 ms
Symbolic time: 1.088	1.088	0 ms
Numeric time: 0.839	0.84	0 ms
Symbolic time: 1.085	0.288	0.798 ms
Numeric time: 0.83	0.75	0.081 ms
Symbolic time: 1.084	1.083	0 ms
Numeric time: 0.833	0.833	0 ms
Symbolic time: 1.084	1.085	0 ms
Numeric time: 0.837	0.837	0 ms
Symbolic time: 1.091	1.09	0 ms
Numeric time: 0.839	0.839	0 ms
Symbolic time: 1.087	1.087	0 ms
Numeric time: 0.835	0.834	0 ms
Symbolic time: 1.086	1.085	0 ms
Numeric time: 0.838	0.839	0 ms
Symbolic time: 1.085	1.086	0 ms
Numeric time: 0.84	0.84	0 ms
Symbolic time: 1.089	1.089	0 ms
Numeric time: 0.843	0.843	0 ms
Symbolic time: 1.092	1.092	0 ms
Numeric time: 0.835	0.836	0 ms
Symbolic time: 1.086	1.086	0 ms
Numeric time: 0.84	0.839	0 ms
Symbolic time: 1.088	1.087	0 ms
Numeric time: 0.838	0.837	0 ms
Symbolic time: 1.088	1.088	0 ms
Numeric time: 0.837	0.836	0 ms
Symbolic time: 1.088	1.089	0 ms
Numeric time: 0.834	0.834	0 ms
Symbolic time: 1.087	1.087	0 ms
Numeric time: 0.835	0.834	0 ms
Symbolic time: 1.089	1.089	0 ms
Numeric time: 0.839	0.839	0 ms
Symbolic time: 1.091	1.092	0 ms
Numeric time: 0.836	0	0.836 ms
Symbolic time: 1.095	1.095	0 ms
Numeric time: 0.838	0.818	0.021 ms
Symbolic time: 1.082	0.277	0.805 ms
Numeric time: 0.831	0.751	0.08 ms
Symbolic time: 1.086	1.086	0 ms
Numeric time: 0.839	0.838	0 ms
Symbolic time: 1.084	1.085	0 ms
Numeric time: 0.841	0.841	0 ms
Symbolic time: 1.088	1.088	0 ms
Numeric time: 0.832	0.833	0 ms
Symbolic time: 1.091	1.091	0 ms
Numeric time: 0.834	0.834	0 ms
Symbolic time: 1.086	1.085	0 ms
Numeric time: 0.838	0.839	0 ms
Symbolic time: 1.088	1.089	0 ms
Numeric time: 0.838	0.838	0 ms
Symbolic time: 1.093	1.093	0 ms
Numeric time: 0.842	0.842	0 ms
Symbolic time: 1.09	1.089	0 ms
Numeric time: 0.835	0.836	0 ms
Symbolic time: 1.089	1.09	0 ms
Numeric time: 0.844	0.845	0 ms
Symbolic time: 1.089	1.089	0 ms
Numeric time: 0.846	0.846	0 ms
Symbolic time: 1.083	1.083	0 ms
Numeric time: 0.839	0.839	0 ms
Symbolic time: 1.085	1.086	0 ms
Numeric time: 0.833	0	0.833 ms
Symbolic time: 1.09	1.048	0.042 ms
Numeric time: 0.841	0.841	0 ms
Symbolic time: 1.09	1.085	0.004 ms
Numeric time: 0.831	0.831	0 ms
Symbolic time: 1.087	1.084	0.002 ms
Numeric time: 0.831	0.831	0 ms
Symbolic time: 1.091	1.092	0 ms
Numeric time: 0.833	0.834	0 ms
Symbolic time: 1.086	0.289	0.797 ms
Numeric time: 0.833	0.754	0.079 ms
Symbolic time: 1.085	1.086	0 ms
Numeric time: 0.843	0.843	0 ms
Symbolic time: 1.091	1.091	0 ms
Numeric time: 0.833	0.834	0 ms
Symbolic time: 1.09	1.09	0 ms
Numeric time: 0.835	0.836	0 ms
Symbolic time: 1.083	1.084	0 ms
Numeric time: 0.837	0	0.837 ms
Symbolic time: 1.093	1.085	0.008 ms
Numeric time: 0.833	0.834	0 ms
Symbolic time: 1.082	1.079	0.003 ms
Numeric time: 0.838	0.838	0 ms
Symbolic time: 1.089	1.085	0.004 ms
Numeric time: 0.84	0.841	0 ms
Symbolic time: 1.086	1.082	0.004 ms
Numeric time: 0.836	0.836	0 ms
Symbolic time: 1.083	1.08	0.003 ms
Numeric time: 0.841	0.841	0 ms
Symbolic time: 1.092	1.088	0.005 ms
Numeric time: 0.838	0.838	0 ms
Symbolic time: 1.085	1.082	0.004 ms
Numeric time: 0.84	0.84	0 ms
Symbolic time: 1.088	1.084	0.004 ms
Numeric time: 0.837	0	0.837 ms
Symbolic time: 1.083	1.033	0.051 ms
Numeric time: 0.835	0.836	0 ms
Symbolic time: 1.086	1.082	0.003 ms
Numeric time: 0.835	0.835	0 ms
Symbolic time: 1.088	1.084	0.004 ms
Numeric time: 0.838	0	0.838 ms
Symbolic time: 1.09	1.09	0 ms
Numeric time: 0.834	0.798	0.036 ms
Symbolic time: 1.09	0.288	0.803 ms
Numeric time: 0.829	0.75	0.08 ms
Symbolic time: 1.087	1.087	0 ms
Numeric time: 0.84	0.84	0 ms
Symbolic time: 1.09	1.089	0 ms
Numeric time: 0.835	0.836	0 ms
Symbolic time: 1.089	1.089	0 ms
Numeric time: 0.84	0.84	0 ms
Symbolic time: 1.084	1.085	0 ms
Numeric time: 0.841	0.842	0 ms
Symbolic time: 1.087	1.088	0 ms
Numeric time: 0.839	0	0.84 ms
Symbolic time: 1.087	1.079	0.008 ms
Numeric time: 0.839	0.838	0 ms
Symbolic time: 1.086	1.083	0.004 ms
Numeric time: 0.838	0.839	0 ms
Symbolic time: 1.084	1.081	0.004 ms
Numeric time: 0.835	0.836	0 ms
Symbolic time: 1.087	1.084	0.004 ms
Numeric time: 0.834	0.835	0 ms
Symbolic time: 1.088	1.085	0.004 ms
Numeric time: 0.842	0.842	0 ms
Symbolic time: 1.091	1.087	0.004 ms
Numeric time: 0.837	0.838	0 ms
Symbolic time: 1.088	1.085	0.004 ms
Numeric time: 0.834	0.834	0 ms
Symbolic time: 1.086	1.082	0.003 ms
Numeric time: 0.835	0.835	0 ms
Symbolic time: 1.089	1.085	0.003 ms
Numeric time: 0.838	0.838	0 ms
Symbolic time: 1.089	1.085	0.004 ms
Numeric time: 0.835	0	0.835 ms
Symbolic time: 1.094	1.093	0 ms
Numeric time: 0.832	0.794	0.038 ms
Symbolic time: 1.085	0.281	0.804 ms
Numeric time: 0.834	0.755	0.08 ms
Symbolic time: 1.095	1.094	0 ms
Numeric time: 0.837	0.838	0 ms
Symbolic time: 1.086	1.087	0 ms
Numeric time: 0.841	0.84	0 ms
Symbolic time: 1.093	1.093	0 ms
Numeric time: 0.839	0.839	0 ms
Symbolic time: 1.087	1.087	0 ms
Numeric time: 0.844	0	0.843 ms
Symbolic time: 1.087	1.079	0.009 ms
Numeric time: 0.836	0.836	0 ms
Symbolic time: 1.089	1.085	0.004 ms
Numeric time: 0.841	0.841	0 ms
Symbolic time: 1.085	1.081	0.004 ms
Numeric time: 0.838	0.838	0 ms
Symbolic time: 1.084	1.08	0.004 ms
Numeric time: 0.837	0.838	0 ms
Symbolic time: 1.091	1.088	0.004 ms
Numeric time: 0.844	0.845	0 ms
Symbolic time: 1.089	1.084	0.004 ms
Numeric time: 0.837	0.837	0 ms
Symbolic time: 1.087	0.083	1.005 ms
Numeric time: 0.836	0.836	0 ms
Symbolic time: 1.089	1.086	0.004 ms
Numeric time: 0.844	0.844	0 ms
Symbolic time: 1.088	1.084	0.005 ms
Numeric time: 0.833	0.833	0 ms
Symbolic time: 1.088	1.085	0.004 ms
Numeric time: 0.842	0.842	0 ms
Symbolic time: 1.089	1.089	0 ms
Numeric time: 0.834	0.834	0 ms
Symbolic time: 1.09	1.09	0 ms
Numeric time: 0.836	0.836	0 ms
Symbolic time: 1.087	0.287	0.8 ms
Numeric time: 0.833	0.754	0.079 ms
Symbolic time: 1.09	1.09	0 ms
Numeric time: 0.842	0.843	0 ms
Symbolic time: 1.086	1.087	0 ms
Numeric time: 0.837	0.837	0 ms
Symbolic time: 1.089	1.089	0 ms
Numeric time: 0.842	0.843	0 ms
Symbolic time: 1.084	1.084	0 ms
Numeric time: 0.838	0.838	0 ms
Symbolic time: 1.086	1.086	0 ms
Numeric time: 0.843	0.842	0 ms
Symbolic time: 1.086	1.087	0 ms
Numeric time: 0.834	0.835	0 ms
Symbolic time: 1.087	1.086	0 ms
Numeric time: 0.838	0.839	0 ms
Symbolic time: 1.089	1.089	0 ms
Numeric time: 0.842	0.843	0 ms
Symbolic time: 1.087	1.088	0 ms
Numeric time: 0.84	0.841	0 ms
Symbolic time: 1.086	1.086	0 ms
Numeric time: 0.844	0.844	0 ms
Symbolic time: 1.085	1.086	0 ms
Numeric time: 0.836	0.836	0 ms
Symbolic time: 1.089	1.088	0 ms
Numeric time: 0.837	0.837	0 ms
Symbolic time: 1.088	1.088	0 ms
Numeric time: 0.837	0.838	0 ms
Symbolic time: 1.088	1.089	0 ms
Numeric time: 0.836	0	0.836 ms
Symbolic time: 1.089	1.09	0 ms
Numeric time: 0.833	0.797	0.036 ms
Symbolic time: 1.09	1.091	0 ms
Numeric time: 0.839	0.839	0 ms
Symbolic time: 1.086	1.086	0 ms
Numeric time: 0.834	0.834	0 ms
Symbolic time: 1.085	0.281	0.803 ms
Numeric time: 0.842	0.842	0 ms
Symbolic time: 1.086	1.083	0.004 ms
Numeric time: 0.832	0.833	0 ms
Symbolic time: 1.09	1.086	0.003 ms
Numeric time: 0.833	0.833	0 ms
Symbolic time: 1.091	1.086	0.004 ms
Numeric time: 0.835	0.836	0 ms
Symbolic time: 1.085	1.082	0.004 ms
Numeric time: 0.836	0	0.837 ms
Symbolic time: 1.088	1.036	0.052 ms
Numeric time: 0.835	0.835	0 ms
Symbolic time: 1.089	1.085	0.004 ms
Numeric time: 0.839	0.84	0 ms
Symbolic time: 1.086	1.083	0.004 ms
Numeric time: 0.837	0.837	0 ms
Symbolic time: 1.088	1.085	0.004 ms
Numeric time: 0.833	0.833	0 ms
Symbolic time: 1.087	1.083	0.003 ms
Numeric time: 0.842	0	0.841 ms
Symbolic time: 1.091	1.043	0.048 ms
Numeric time: 0.838	0.838	0 ms
Symbolic time: 1.092	1.087	0.004 ms
Numeric time: 0.838	0.838	0 ms
Symbolic time: 1.089	1.085	0.003 ms
Numeric time: 0.837	0.838	0 ms
Symbolic time: 1.085	1.082	0.004 ms
Numeric time: 0.836	0.836	0 ms
Symbolic time: 1.093	1.093	0 ms
Numeric time: 0.833	0.832	0 ms
Symbolic time: 1.091	1.091	0 ms
Numeric time: 0.828	0.828	0 ms
Symbolic time: 1.084	1.084	0 ms
Numeric time: 0.833	0.833	0 ms
Symbolic time: 1.086	1.086	0 ms
Numeric time: 0.835	0.835	0 ms
Symbolic time: 1.084	1.084	0 ms
Numeric time: 0.835	0.836	0 ms
Symbolic time: 1.089	1.088	0 ms
Numeric time: 0.834	0.835	0 ms
Symbolic time: 1.094	1.095	0 ms
Numeric time: 0.842	0.843	0 ms
Symbolic time: 1.086	1.085	0 ms
Numeric time: 0.835	0	0.835 ms
Symbolic time: 1.089	1.081	0.009 ms
Numeric time: 0.835	0.836	0 ms
Symbolic time: 1.089	1.086	0.004 ms
Numeric time: 0.834	0.834	0 ms
Symbolic time: 1.087	1.084	0.004 ms
Numeric time: 0.837	0.838	0 ms
Symbolic time: 1.084	1.081	0.004 ms
Numeric time: 0.832	0.833	0 ms
Symbolic time: 1.089	1.086	0.004 ms
Numeric time: 0.837	0.838	0 ms
Symbolic time: 1.089	1.085	0.004 ms
Numeric time: 0.84	0.84	0 ms
Symbolic time: 1.089	1.086	0.004 ms
Numeric time: 0.841	0.841	0 ms
Symbolic time: 1.087	1.084	0.004 ms
Numeric time: 0.836	0.835	0 ms
Symbolic time: 1.094	1.09	0.004 ms
Numeric time: 0.835	0	0.836 ms
Symbolic time: 1.097	1.097	0 ms
Numeric time: 0.837	0.8	0.036 ms
Symbolic time: 1.092	1.092	0 ms
Numeric time: 0.835	0.835	0 ms
Symbolic time: 1.083	1.084	0 ms
Numeric time: 0.83	0.831	0 ms
Symbolic time: 1.084	1.084	0 ms
Numeric time: 0.845	0.845	0 ms
Symbolic time: 1.088	1.088	0 ms
Numeric time: 0.837	0.837	0 ms
Symbolic time: 1.086	1.086	0 ms
Numeric time: 0.836	0	0.836 ms
Symbolic time: 1.091	1.082	0.008 ms
Numeric time: 0.84	0.84	0 ms
Symbolic time: 1.085	1.082	0.003 ms
Numeric time: 0.839	0.839	0 ms
Symbolic time: 1.092	1.088	0.004 ms
Numeric time: 0.836	0.836	0 ms
Symbolic time: 1.086	1.083	0.003 ms
Numeric time: 0.839	0.839	0 ms
Symbolic time: 1.085	1.082	0.003 ms
Numeric time: 0.84	0.841	0 ms
Symbolic time: 1.091	1.087	0.004 ms
Numeric time: 0.838	0.838	0 ms
Symbolic time: 1.088	0.083	1.005 ms
Numeric time: 0.834	0.834	0 ms
Symbolic time: 1.093	1.089	0.004 ms
Numeric time: 0.84	0.839	0 ms
Symbolic time: 1.087	1.084	0.004 ms
Numeric time: 0.839	0	0.838 ms
Symbolic time: 1.085	1.035	0.05 ms
Numeric time: 0.838	0.838	0 ms
Symbolic time: 1.087	1.083	0.003 ms
Numeric time: 0.836	0.837	0 ms
Symbolic time: 1.088	1.089	0 ms
Numeric time: 0.833	0.833	0 ms
Symbolic time: 1.095	1.095	0 ms
Numeric time: 0.829	0.829	0 ms
Symbolic time: 1.088	1.088	0 ms
Numeric time: 0.835	0.835	0 ms
Symbolic time: 1.089	1.089	0 ms
Numeric time: 0.843	0.843	0 ms
Symbolic time: 1.088	1.088	0 ms
Numeric time: 0.838	0.838	0 ms
Symbolic time: 1.083	1.083	0 ms
Numeric time: 0.844	0.845	0 ms
Symbolic time: 1.088	1.088	0 ms
Numeric time: 0.834	0.834	0 ms
Symbolic time: 1.087	1.087	0 ms
Numeric time: 0.834	0.834	0 ms
Symbolic time: 1.091	1.091	0 ms
Numeric time: 0.835	0.835	0 ms
Symbolic time: 1.09	1.09	0 ms
Numeric time: 0.838	0.838	0 ms
Symbolic time: 1.083	1.083	0 ms
Numeric time: 0.836	0	0.837 ms
Symbolic time: 1.085	1.069	0.016 ms
Numeric time: 0.839	0	0.84 ms
Symbolic time: 1.088	1.038	0.049 ms
Numeric time: 0.831	0.832	0 ms
Symbolic time: 1.087	1.084	0.003 ms
Numeric time: 0.84	0.84	0 ms
Symbolic time: 1.088	1.084	0.004 ms
Numeric time: 0.837	0.837	0 ms
Symbolic time: 1.088	1.085	0.004 ms
Numeric time: 0.832	0.832	0 ms
Symbolic time: 1.084	1.082	0.002 ms
Numeric time: 0.832	0.832	0 ms
Symbolic time: 1.094	1.09	0.004 ms
Numeric time: 0.834	0	0.834 ms
Symbolic time: 1.094	1.094	0 ms
Numeric time: 0.833	0.812	0.021 ms
Symbolic time: 1.084	1.084	0 ms
Numeric time: 0.834	0.83	0.005 ms
Symbolic time: 1.089	1.089	0 ms
Numeric time: 0.836	0	0.836 ms
Symbolic time: 1.089	1.081	0.008 ms
Numeric time: 0.835	0.835	0 ms
Symbolic time: 1.091	1.088	0.004 ms
Numeric time: 0.837	0.838	0 ms
Symbolic time: 1.089	1.085	0.004 ms
Numeric time: 0.837	0.837	0 ms
Symbolic time: 1.091	1.087	0.004 ms
Numeric time: 0.84	0.841	0 ms
Symbolic time: 1.087	1.084	0.003 ms
Numeric time: 0.841	0.841	0 ms
Symbolic time: 1.088	1.084	0.004 ms
Numeric time: 0.838	0.839	0 ms
Symbolic time: 1.086	1.082	0.003 ms
Numeric time: 0.838	0.838	0 ms
Symbolic time: 1.084	1.081	0.003 ms
Numeric time: 0.836	0.835	0 ms
Symbolic time: 1.083	1.079	0.003 ms
Numeric time: 0.841	0.841	0 ms
Symbolic time: 1.09	1.086	0.004 ms
Numeric time: 0.839	0.839	0 ms
Symbolic time: 1.09	1.086	0.004 ms
Numeric time: 0.835	0	0.835 ms
Symbolic time: 1.085	1.032	0.054 ms
Numeric time: 0.834	0.834	0 ms
Symbolic time: 1.086	1.083	0.003 ms
Numeric time: 0.835	0.836	0 ms
Symbolic time: 1.086	1.083	0.003 ms
Numeric time: 0.834	0	0.835 ms
Symbolic time: 1.088	1.089	0 ms
Numeric time: 0.837	0.815	0.022 ms
Symbolic time: 1.087	0.286	0.801 ms
Numeric time: 0.83	0.753	0.077 ms
Symbolic time: 1.085	1.085	0 ms
Numeric time: 0.839	0.839	0 ms
Symbolic time: 1.089	1.089	0 ms
Numeric time: 0.833	0.833	0 ms
Symbolic time: 1.088	1.088	0 ms
Numeric time: 0.833	0.833	0 ms
Symbolic time: 1.086	1.086	0 ms
Numeric time: 0.833	0.834	0 ms
Symbolic time: 1.088	1.088	0 ms
Numeric time: 0.837	0	0.837 ms
Symbolic time: 1.087	1.08	0.008 ms
Numeric time: 0.837	0.838	0 ms
Symbolic time: 1.087	1.084	0.004 ms
Numeric time: 0.833	0.833	0 ms
Symbolic time: 1.085	1.082	0.003 ms
Numeric time: 0.835	0.835	0 ms
Symbolic time: 1.086	1.082	0.003 ms
Numeric time: 0.836	0.837	0 ms
Symbolic time: 1.088	1.085	0.004 ms
Numeric time: 0.84	0.841	0 ms
Symbolic time: 1.083	1.08	0.004 ms
Numeric time: 0.842	0.842	0 ms
Symbolic time: 1.085	1.082	0.004 ms
Numeric time: 0.84	0.841	0 ms
Symbolic time: 1.087	0.081	1.005 ms
Numeric time: 0.84	0.841	0 ms
Symbolic time: 1.089	1.085	0.004 ms
Numeric time: 0.837	0.837	0 ms
Symbolic time: 1.091	1.088	0.004 ms
Numeric time: 0.838	0.837	0 ms
Symbolic time: 1.11	0.196	0.913 ms
Numeric time: 0.845	0.766	0.078 ms
Symbolic time: 1.083	0.279	0.805 ms
Numeric time: 0.831	0.754	0.078 ms
Symbolic time: 1.09	1.091	0 ms
Numeric time: 0.837	0.837	0 ms
Symbolic time: 1.087	1.087	0 ms
Numeric time: 0.842	0.842	0 ms
Symbolic time: 1.088	1.088	0 ms
Numeric time: 0.838	0.838	0 ms
Symbolic time: 1.09	1.091	0 ms
Numeric time: 0.837	0.836	0 ms
Symbolic time: 1.084	1.085	0 ms
Numeric time: 0.839	0.84	0 ms
Symbolic time: 1.086	1.086	0 ms
Numeric time: 0.836	0.837	0 ms
Symbolic time: 1.089	1.088	0 ms
Numeric time: 0.84	0.84	0 ms
Symbolic time: 1.089	1.09	0 ms
Numeric time: 0.84	0.841	0 ms
Symbolic time: 1.086	1.085	0 ms
Numeric time: 0.83	0.831	0 ms
Symbolic time: 1.088	1.088	0 ms
Numeric time: 0.839	0.84	0 ms
Symbolic time: 1.086	1.085	0 ms
Numeric time: 0.835	0.836	0 ms
Symbolic time: 1.09	1.09	0 ms
Numeric time: 0.841	0.842	0 ms
Symbolic time: 1.086	1.087	0 ms
Numeric time: 0.833	0.834	0 ms
Symbolic time: 1.088	1.087	0 ms
Numeric time: 0.839	0.839	0 ms
Symbolic time: 1.09	1.091	0 ms
Numeric time: 0.83	0	0.83 ms
Symbolic time: 1.092	1.092	0 ms
Numeric time: 0.839	0.815	0.025 ms
Symbolic time: 1.086	0.28	0.807 ms
Numeric time: 0.832	0.756	0.077 ms
Symbolic time: 1.095	1.095	0 ms
Numeric time: 0.838	0.838	0 ms
Symbolic time: 1.085	1.085	0 ms
Numeric time: 0.837	0.836	0 ms
Symbolic time: 1.09	1.09	0 ms
Numeric time: 0.842	0.841	0 ms
Symbolic time: 1.084	1.084	0 ms
Numeric time: 0.842	0.842	0 ms
Symbolic time: 1.089	1.09	0 ms
Numeric time: 0.835	0.835	0 ms
Symbolic time: 1.089	1.089	0 ms
Numeric time: 0.835	0.835	0 ms
Symbolic time: 1.085	1.085	0 ms
Numeric time: 0.841	0.841	0 ms
Symbolic time: 1.088	1.089	0 ms
Numeric time: 0.836	0	0.836 ms
Symbolic time: 1.081	1.069	0.013 ms
Numeric time: 0.832	0.832	0 ms
Symbolic time: 1.083	1.081	0.003 ms
Numeric time: 0.843	0.843	0 ms
Symbolic time: 1.087	1.083	0.005 ms
Numeric time: 0.839	0	0.84 ms
Symbolic time: 1.087	1.038	0.05 ms
Numeric time: 0.832	0.833	0 ms
Symbolic time: 1.088	1.085	0.003 ms
Numeric time: 0.844	0.844	0 ms
Symbolic time: 1.085	1.081	0.004 ms
Numeric time: 0.836	0.835	0 ms
Symbolic time: 1.085	1.083	0.003 ms
Numeric time: 0.832	0	0.832 ms
Symbolic time: 1.089	1.089	0 ms
Numeric time: 0.831	0.806	0.025 ms
Symbolic time: 1.087	0.28	0.807 ms
Numeric time: 0.833	0.756	0.077 ms
Symbolic time: 1.095	1.095	0 ms
Numeric time: 0.84	0.841	0 ms
Symbolic time: 1.085	1.085	0 ms
Numeric time: 0.839	0.839	0 ms
Symbolic time: 1.085	1.085	0 ms
Numeric time: 0.836	0.836	0 ms
Symbolic time: 1.088	1.087	0 ms
Numeric time: 0.845	0	0.846 ms
Symbolic time: 1.087	1.078	0.008 ms
Numeric time: 0.838	0.837	0 ms
Symbolic time: 1.089	1.086	0.004 ms
Numeric time: 0.842	0.842	0 ms
Symbolic time: 1.084	1.08	0.004 ms
Numeric time: 0.84	0.84	0 ms
Symbolic time: 1.088	1.084	0.004 ms
Numeric time: 0.838	0.838	0 ms
Symbolic time: 1.085	1.082	0.003 ms
Numeric time: 0.837	0.837	0 ms
Symbolic time: 1.085	1.082	0.003 ms
Numeric time: 0.833	0.833	0 ms
Symbolic time: 1.089	1.086	0.003 ms
Numeric time: 0.844	0.844	0 ms
Symbolic time: 1.091	1.086	0.005 ms
Numeric time: 0.837	0.837	0 ms
Symbolic time: 1.087	1.084	0.003 ms
Numeric time: 0.853	0.853	0 ms
Symbolic time: 1.087	1.082	0.005 ms
Numeric time: 0.845	0.846	0 ms
Symbolic time: 1.098	1.097	0 ms
Numeric time: 0.836	0.836	0 ms
Symbolic time: 1.085	1.086	0 ms
Numeric time: 0.837	0.837	0 ms
Symbolic time: 1.088	1.087	0 ms
Numeric time: 0.834	0.834	0 ms
Symbolic time: 1.086	0.284	0.801 ms
Numeric time: 0.842	0.843	0 ms
Symbolic time: 1.1	1.095	0.005 ms
Numeric time: 0.846	0.846	0 ms
Symbolic time: 1.085	1.08	0.004 ms
Numeric time: 0.839	0.839	0 ms
Symbolic time: 1.089	1.085	0.004 ms
Numeric time: 0.841	0.842	0 ms
Symbolic time: 1.086	1.081	0.004 ms
Numeric time: 0.834	0.834	0 ms
Symbolic time: 1.088	1.085	0.003 ms
Numeric time: 0.855	0.856	0 ms
Symbolic time: 1.093	1.087	0.007 ms
Numeric time: 0.836	0.836	0 ms
Symbolic time: 1.09	1.085	0.004 ms
Numeric time: 0.84	0.84	0 ms
Symbolic time: 1.084	1.08	0.003 ms
Numeric time: 0.841	0.842	0 ms
Symbolic time: 1.089	1.085	0.004 ms
Numeric time: 0.835	0.835	0 ms
Symbolic time: 1.088	1.085	0.004 ms
Numeric time: 0.834	0.834	0 ms
Symbolic time: 1.09	1.087	0.004 ms
Numeric time: 0.844	0.844	0 ms
Symbolic time: 1.084	1.081	0.003 ms
Numeric time: 0.834	0	0.834 ms
Symbolic time: 1.091	1.09	0 ms
Numeric time: 0.834	0.794	0.04 ms
Symbolic time: 1.089	1.09	0 ms
Numeric time: 0.842	0.843	0 ms
Symbolic time: 1.088	1.087	0 ms
Numeric time: 0.837	0.836	0.001 ms
Symbolic time: 1.083	0.275	0.809 ms
Numeric time: 0.835	0.835	0 ms
Symbolic time: 1.089	1.085	0.004 ms
Numeric time: 0.896	0.896	0 ms
Symbolic time: 1.092	1.083	0.008 ms
Numeric time: 0.847	0.846	0 ms
Symbolic time: 1.083	1.079	0.004 ms
Numeric time: 0.856	0.857	0 ms
Symbolic time: 1.083	1.079	0.005 ms
Numeric time: 0.847	0.847	0 ms
Symbolic time: 1.088	1.084	0.004 ms
Numeric time: 0.843	0.843	0 ms
Symbolic time: 1.089	1.084	0.004 ms
Numeric time: 0.845	0.845	0 ms
Symbolic time: 1.087	0.082	1.005 ms
Numeric time: 0.84	0.84	0 ms
Symbolic time: 1.085	1.081	0.004 ms
Numeric time: 0.835	0.835	0 ms
Symbolic time: 1.086	1.083	0.003 ms
Numeric time: 0.84	0.84	0 ms
Symbolic time: 1.089	1.085	0.004 ms
Numeric time: 0.839	0.839	0 ms
Symbolic time: 1.087	1.084	0.004 ms
Numeric time: 0.834	0.835	0 ms
Symbolic time: 1.092	1.092	0 ms
Numeric time: 0.834	0.834	0 ms
Symbolic time: 1.088	1.088	0 ms
Numeric time: 0.836	0.837	0 ms
Symbolic time: 1.088	1.088	0 ms
Numeric time: 0.836	0.836	0 ms
Symbolic time: 1.087	1.087	0 ms
Numeric time: 0.833	0.833	0 ms
Symbolic time: 1.089	1.089	0 ms
Numeric time: 0.839	0.839	0 ms
Symbolic time: 1.083	1.083	0 ms
Numeric time: 0.85	0.846	0 ms
Symbolic time: 1.09	1.089	0 ms
Numeric time: 0.836	0.836	0 ms
Symbolic time: 1.086	1.087	0 ms
Numeric time: 0.836	0.837	0 ms
Symbolic time: 1.087	1.088	0 ms
Numeric time: 0.841	0.841	0 ms
Symbolic time: 1.087	1.088	0 ms
Numeric time: 0.836	0.837	0 ms
Symbolic time: 1.089	1.089	0 ms
Numeric time: 0.844	0.845	0 ms
Symbolic time: 1.086	1.086	0 ms
Numeric time: 0.839	0.839	0 ms
Symbolic time: 1.086	1.087	0 ms
Numeric time: 0.836	0.835	0 ms
Symbolic time: 1.085	1.085	0 ms
Numeric time: 0.837	0.838	0 ms
Symbolic time: 1.091	1.092	0 ms
Numeric time: 0.84	0.84	0 ms
Symbolic time: 1.088	1.089	0 ms
Numeric time: 0.84	0.84	0 ms
Symbolic time: 1.09	1.09	0 ms
Numeric time: 0.834	0	0.834 ms
Symbolic time: 1.087	1.087	0 ms
Numeric time: 0.836	0.798	0.039 ms
Symbolic time: 1.092	1.092	0 ms
Numeric time: 0.84	0.84	0 ms
Symbolic time: 1.089	0.284	0.805 ms
Numeric time: 0.831	0.757	0.075 ms
Symbolic time: 1.089	1.09	0 ms
Numeric time: 0.833	0.834	0 ms
Symbolic time: 1.085	1.084	0 ms
Numeric time: 0.838	0.839	0 ms
Symbolic time: 1.088	1.087	0 ms
Numeric time: 0.842	0.842	0 ms
Symbolic time: 1.086	1.086	0 ms
Numeric time: 0.837	0.838	0 ms
Symbolic time: 1.091	1.091	0 ms
Numeric time: 0.842	0.841	0 ms
Symbolic time: 1.087	1.088	0 ms
Numeric time: 0.839	0.838	0 ms
Symbolic time: 1.087	1.086	0 ms
Numeric time: 0.841	0	0.84 ms
Symbolic time: 1.085	1.078	0.008 ms
Numeric time: 0.841	0.841	0 ms
Symbolic time: 1.088	1.084	0.004 ms
Numeric time: 0.836	0.837	0 ms
Symbolic time: 1.085	1.083	0.003 ms
Numeric time: 0.877	0.877	0 ms
Symbolic time: 1.083	1.075	0.007 ms
Numeric time: 0.837	0.837	0 ms
Symbolic time: 1.083	1.081	0.003 ms
Numeric time: 0.869	0.869	0 ms
Symbolic time: 1.086	1.079	0.007 ms
Numeric time: 0.835	0	0.835 ms
Symbolic time: 1.089	1.089	0 ms
Numeric time: 0.83	0.796	0.035 ms
Symbolic time: 1.089	1.089	0 ms
Numeric time: 0.83	0.83	0 ms
Symbolic time: 1.082	1.082	0 ms
Numeric time: 0.838	0.838	0 ms
Symbolic time: 1.087	1.087	0 ms
Numeric time: 0.84	0.84	0 ms
Symbolic time: 1.086	1.086	0 ms
Numeric time: 0.84	0.84	0 ms
Symbolic time: 1.083	1.083	0 ms
Numeric time: 0.841	0.841	0 ms
Symbolic time: 1.087	1.087	0 ms
Numeric time: 0.84	0.84	0 ms
Symbolic time: 1.083	1.083	0 ms
Numeric time: 0.834	0	0.834 ms
Symbolic time: 1.087	1.079	0.008 ms
Numeric time: 0.841	0.842	0 ms
Symbolic time: 1.085	1.082	0.004 ms
Numeric time: 0.833	0.834	0 ms
Symbolic time: 1.084	1.081	0.003 ms
Numeric time: 0.835	0.836	0 ms
Symbolic time: 1.082	1.079	0.003 ms
Numeric time: 0.835	0.835	0 ms
Symbolic time: 1.084	1.081	0.003 ms
Numeric time: 0.836	0.836	0 ms
Symbolic time: 1.081	1.078	0.003 ms
Numeric time: 0.839	0.839	0 ms
Symbolic time: 1.085	1.082	0.004 ms
Numeric time: 0.844	0.844	0 ms
Symbolic time: 1.086	0.082	1.005 ms
Numeric time: 0.835	0	0.835 ms
Symbolic time: 1.085	1.033	0.052 ms
Numeric time: 0.841	0.841	0 ms
Symbolic time: 1.09	1.086	0.004 ms
Numeric time: 0.836	0	0.838 ms
Symbolic time: 1.096	1.095	0 ms
Numeric time: 0.84	0.801	0.039 ms
Symbolic time: 1.08	0.274	0.806 ms
Numeric time: 0.829	0.754	0.075 ms
Symbolic time: 1.082	1.083	0 ms
Numeric time: 0.83	0.826	0.004 ms
Symbolic time: 1.087	0.28	0.806 ms
Numeric time: 0.834	0.835	0 ms
Symbolic time: 1.083	1.08	0.003 ms
Numeric time: 0.838	0.838	0 ms
Symbolic time: 1.089	1.085	0.004 ms
Numeric time: 0.838	0.839	0 ms
Symbolic time: 1.084	1.08	0.003 ms
Numeric time: 0.839	0.839	0 ms
Symbolic time: 1.087	1.084	0.004 ms
Numeric time: 0.833	0	0.833 ms
Symbolic time: 1.083	1.029	0.055 ms
Numeric time: 0.836	0.836	0 ms
Symbolic time: 1.086	1.083	0.004 ms
Numeric time: 0.835	0.835	0 ms
Symbolic time: 1.088	1.085	0.004 ms
Numeric time: 0.873	0.872	0 ms
Symbolic time: 1.086	1.08	0.008 ms
Numeric time: 0.894	0.895	0 ms
Symbolic time: 1.083	1.076	0.007 ms
Numeric time: 0.842	0.842	0 ms
Symbolic time: 1.089	1.085	0.004 ms
Numeric time: 0.841	0	0.841 ms
Symbolic time: 1.086	1.038	0.048 ms
Numeric time: 0.838	0.838	0 ms
Symbolic time: 1.087	1.083	0.003 ms
Numeric time: 0.842	0.842	0 ms
Symbolic time: 1.088	1.088	0 ms
Numeric time: 0.833	0.833	0 ms
Symbolic time: 1.085	1.085	0 ms
Numeric time: 0.83	0.83	0 ms
Symbolic time: 1.081	1.082	0 ms
Numeric time: 0.829	0.829	0 ms
Symbolic time: 1.081	1.081	0 ms
Numeric time: 0.834	0.835	0 ms
Symbolic time: 1.082	1.082	0 ms
Numeric time: 0.833	0.833	0 ms
Symbolic time: 1.081	1.081	0 ms
Numeric time: 0.835	0.836	0 ms
Symbolic time: 1.086	1.085	0 ms
Numeric time: 0.839	0.839	0 ms
Symbolic time: 1.086	1.085	0 ms
Numeric time: 0.836	0.836	0 ms
Symbolic time: 1.078	1.078	0 ms
Numeric time: 0.833	0.834	0 ms
Symbolic time: 1.085	1.085	0 ms
Numeric time: 0.84	0	0.84 ms
Symbolic time: 1.08	1.073	0.007 ms
Numeric time: 0.841	0.842	0 ms
Symbolic time: 1.085	1.082	0.003 ms
Numeric time: 0.833	0.832	0 ms
Symbolic time: 1.085	1.083	0.002 ms
Numeric time: 0.834	0.835	0 ms
Symbolic time: 1.08	1.077	0.002 ms
Numeric time: 0.833	0.833	0 ms
Symbolic time: 1.086	1.083	0.003 ms
Numeric time: 0.83	0.831	0 ms
Symbolic time: 1.084	1.081	0.003 ms
Numeric time: 0.839	0.838	0 ms
Symbolic time: 1.083	1.081	0.003 ms
Numeric time: 0.837	0.838	0 ms
Symbolic time: 1.086	1.083	0.003 ms
Numeric time: 0.833	0.834	0 ms
Symbolic time: 1.082	1.079	0.002 ms
Numeric time: 0.837	0.838	0 ms
Symbolic time: 1.083	1.08	0.003 ms
Numeric time: 0.841	0.841	0 ms
Symbolic time: 1.088	1.083	0.003 ms
Numeric time: 0.832	0.832	0 ms
Symbolic time: 1.09	1.09	0 ms
Numeric time: 0.828	0.829	0 ms
Symbolic time: 1.084	1.085	0 ms
Numeric time: 0.832	0.832	0 ms
Symbolic time: 1.084	1.083	0 ms
Numeric time: 0.826	0.827	0 ms
Symbolic time: 1.082	1.082	0 ms
Numeric time: 0.833	0.832	0 ms
Symbolic time: 1.086	1.086	0 ms
Numeric time: 0.83	0.831	0 ms
Symbolic time: 1.085	1.086	0 ms
Numeric time: 0.835	0.835	0 ms
Symbolic time: 1.089	1.089	0 ms
Numeric time: 0.835	0.835	0 ms
Symbolic time: 1.084	1.084	0 ms
Numeric time: 0.83	0.83	0 ms
Symbolic time: 1.086	1.086	0 ms
Numeric time: 0.84	0.84	0 ms
Symbolic time: 1.081	1.081	0 ms
Numeric time: 0.829	0.83	0 ms
Symbolic time: 1.081	1.081	0 ms
Numeric time: 0.834	0.833	0 ms
Symbolic time: 1.081	1.082	0 ms
Numeric time: 0.829	0.83	0 ms
Symbolic time: 1.085	1.085	0 ms
Numeric time: 0.831	0.831	0 ms
Symbolic time: 1.084	1.084	0 ms
Numeric time: 0.835	0	0.834 ms
Symbolic time: 1.085	1.061	0.023 ms
Numeric time: 0.835	0.835	0 ms
Symbolic time: 1.087	1.084	0.002 ms
Numeric time: 0.834	0.834	0 ms
Symbolic time: 1.084	1.081	0.003 ms
Numeric time: 0.833	0.833	0 ms
Symbolic time: 1.078	1.076	0.002 ms
Numeric time: 0.835	0	0.836 ms
Symbolic time: 1.084	1.028	0.056 ms
Numeric time: 0.841	0.841	0 ms
Symbolic time: 1.086	1.083	0.003 ms
Numeric time: 0.835	0.836	0 ms
Symbolic time: 1.085	1.083	0.002 ms
Numeric time: 0.834	0.833	0 ms
Symbolic time: 1.08	1.078	0.002 ms
Numeric time: 0.832	0	0.833 ms
Symbolic time: 1.089	1.089	0 ms
Numeric time: 0.829	0.782	0.046 ms
Symbolic time: 1.087	1.086	0 ms
Numeric time: 0.826	0.827	0 ms
Symbolic time: 1.082	0.276	0.807 ms
Numeric time: 0.829	0.756	0.074 ms
Symbolic time: 1.079	1.08	0 ms
Numeric time: 0.83	0.827	0.003 ms
Symbolic time: 1.085	0.272	0.812 ms
Numeric time: 0.837	0.837	0 ms
Symbolic time: 1.081	1.077	0.003 ms
Numeric time: 0.835	0.834	0 ms
Symbolic time: 1.083	1.081	0.002 ms
Numeric time: 0.833	0.833	0 ms
Symbolic time: 1.085	1.081	0.002 ms
Numeric time: 0.837	0.838	0 ms
Symbolic time: 1.085	1.081	0.003 ms
Numeric time: 0.834	0.834	0 ms
Symbolic time: 1.086	1.084	0.003 ms
Numeric time: 0.835	0.835	0 ms
Symbolic time: 1.085	1.082	0.003 ms
Numeric time: 0.835	0.836	0 ms
Symbolic time: 1.083	1.08	0.003 ms
Numeric time: 0.834	0.834	0 ms
Symbolic time: 1.085	1.083	0.002 ms
Numeric time: 0.833	0.834	0 ms
Symbolic time: 1.079	1.076	0.002 ms
Numeric time: 0.833	0.833	0 ms
Symbolic time: 1.081	1.079	0.002 ms
Numeric time: 0.833	0.834	0 ms
Symbolic time: 1.084	1.081	0.002 ms
Numeric time: 0.83	0.831	0 ms
Symbolic time: 1.078	1.077	0.002 ms
Numeric time: 0.841	0.841	0 ms
Symbolic time: 1.083	1.08	0.004 ms
Numeric time: 0.833	0.834	0 ms
Symbolic time: 1.085	1.083	0.002 ms
Numeric time: 0.832	0.831	0 ms
Symbolic time: 1.079	1.077	0.002 ms
Numeric time: 0.836	0.836	0 ms
Symbolic time: 1.082	1.08	0.003 ms
Numeric time: 0.831	0.831	0 ms
Symbolic time: 1.081	1.079	0.002 ms
Numeric time: 0.832	0	0.832 ms
Symbolic time: 1.099	1.1	0 ms
Numeric time: 0.832	0.784	0.048 ms
Symbolic time: 1.087	1.087	0 ms
Numeric time: 0.833	0.832	0 ms
Symbolic time: 1.085	0.276	0.809 ms
Numeric time: 0.833	0.76	0.074 ms
Symbolic time: 1.084	1.084	0 ms
Numeric time: 0.828	0.824	0.004 ms
Symbolic time: 1.082	1.082	0 ms
Numeric time: 0.832	0.832	0 ms
Symbolic time: 1.086	1.087	0 ms
Numeric time: 0.834	0.834	0 ms
Symbolic time: 1.082	1.083	0 ms
Numeric time: 0.831	0.832	0 ms
Symbolic time: 1.081	1.081	0 ms
Numeric time: 0.829	0.83	0 ms
Symbolic time: 1.084	1.084	0 ms
Numeric time: 0.83	0.829	0 ms

Symbolic time: 1.09846 ms
Numeric time: 0.846773 ms
