Symbolic time: 0.841	0.837	0 ms
Numeric time: 0.601	0.605	0 ms
Symbolic time: 0.68	0.643	0.037 ms
Numeric time: 0.549	0.549	0 ms
Symbolic time: 0.705	0.705	0 ms
Numeric time: 0.517	0.517	0 ms
Symbolic time: 0.71	0.71	0 ms
Numeric time: 0.376	0.377	0 ms
Symbolic time: 0.457	0.457	0 ms
Numeric time: 0.335	0.335	0 ms
Symbolic time: 0.446	0.446	0 ms
Numeric time: 0.35	0.35	0 ms
Symbolic time: 0.446	0.447	0 ms
Numeric time: 0.347	0.347	0 ms
Symbolic time: 0.447	0.447	0 ms
Numeric time: 0.334	0.334	0 ms
Symbolic time: 0.461	0.462	0 ms
Numeric time: 0.332	0.333	0 ms
Symbolic time: 0.455	0.455	0 ms
Numeric time: 0.338	0.339	0 ms
Symbolic time: 0.444	0.445	0 ms
Numeric time: 0.347	0.348	0 ms
Symbolic time: 0.444	0.443	0 ms
Numeric time: 0.346	0.346	0 ms
Symbolic time: 0.444	0.443	0 ms
Numeric time: 0.335	0.335	0 ms
Symbolic time: 0.459	0.46	0 ms
Numeric time: 0.335	0.335	0 ms
Symbolic time: 0.46	0.46	0 ms
Numeric time: 0.333	0.333	0 ms
Symbolic time: 0.312	0.312	0 ms
Numeric time: 0.229	0.229	0 ms
Symbolic time: 0.292	0.292	0 ms
Numeric time: 0.218	0.219	0 ms
Symbolic time: 0.293	0.293	0 ms
Numeric time: 0.225	0.225	0 ms
Symbolic time: 0.292	0.292	0 ms
Numeric time: 0.218	0.218	0 ms
Symbolic time: 0.292	0.292	0 ms
Numeric time: 0.226	0.226	0 ms
Symbolic time: 0.293	0.292	0 ms
Numeric time: 0.22	0.22	0 ms
Symbolic time: 0.291	0	0.29 ms
Numeric time: 0.225	0	0.225 ms
Symbolic time: 0.291	0	0.292 ms
Numeric time: 0.223	0.222	0 ms
Symbolic time: 0.3	0.277	0.022 ms
Numeric time: 0.219	0.2	0.019 ms
Symbolic time: 0.297	0.297	0 ms
Numeric time: 0.217	0.216	0 ms
Symbolic time: 0.304	0.303	0 ms
Numeric time: 0.219	0.212	0.007 ms
Symbolic time: 0.295	0.296	0 ms
Numeric time: 0.218	0.218	0 ms
Symbolic time: 0.3	0.3	0 ms
Numeric time: 0.219	0.213	0.006 ms
Symbolic time: 0.292	0.292	0 ms
Numeric time: 0.218	0.218	0 ms
Symbolic time: 0.297	0.297	0 ms
Numeric time: 0.222	0.222	0 ms
Symbolic time: 0.293	0.293	0 ms
Numeric time: 0.22	0.22	0 ms
Symbolic time: 0.295	0.295	0 ms
Numeric time: 0.22	0.22	0 ms
Symbolic time: 0.292	0.292	0 ms
Numeric time: 0.232	0.232	0 ms
Symbolic time: 0.285	0.285	0 ms
Numeric time: 0.212	0.212	0 ms
Symbolic time: 0.284	0.284	0 ms
Numeric time: 0.22	0.221	0 ms
Symbolic time: 0.29	0.29	0 ms
Numeric time: 0.212	0.212	0 ms
Symbolic time: 0.283	0.283	0 ms
Numeric time: 0.228	0.229	0 ms
Symbolic time: 0.283	0.283	0 ms
Numeric time: 0.211	0.211	0 ms
Symbolic time: 0.283	0.283	0 ms
Numeric time: 0.23	0.23	0 ms
Symbolic time: 0.284	0.284	0 ms
Numeric time: 0.213	0.213	0 ms
Symbolic time: 0.289	0.289	0 ms
Numeric time: 0.22	0.22	0 ms
Symbolic time: 0.285	0.285	0 ms
Numeric time: 0.213	0.213	0 ms
Symbolic time: 0.293	0.293	0 ms
Numeric time: 0.212	0.212	0 ms
Symbolic time: 0.285	0.285	0 ms
Numeric time: 0.214	0.214	0 ms
Symbolic time: 0.297	0.297	0 ms
Numeric time: 0.212	0.212	0 ms
Symbolic time: 0.282	0.282	0 ms
Numeric time: 0.212	0.212	0 ms
Symbolic time: 0.289	0.289	0 ms
Numeric time: 0.21	0.21	0 ms
Symbolic time: 0.285	0.285	0 ms
Numeric time: 0.217	0.217	0 ms
Symbolic time: 0.291	0.291	0 ms
Numeric time: 0.213	0.213	0 ms
Symbolic time: 0.282	0.282	0 ms
Numeric time: 0.216	0	0.216 ms
Symbolic time: 0.292	0	0.292 ms
Numeric time: 0.213	0	0.213 ms
Symbolic time: 0.285	0.167	0.118 ms
Numeric time: 0.214	0.197	0.017 ms
Symbolic time: 0.293	0.27	0.023 ms
Numeric time: 0.215	0.198	0.017 ms
Symbolic time: 0.287	0.287	0 ms
Numeric time: 0.217	0.217	0 ms
Symbolic time: 0.289	0.289	0 ms
Numeric time: 0.212	0.208	0.004 ms
Symbolic time: 0.286	0.286	0 ms
Numeric time: 0.213	0.214	0 ms
Symbolic time: 0.291	0.29	0 ms
Numeric time: 0.212	0.213	0 ms
Symbolic time: 0.282	0.282	0 ms
Numeric time: 0.213	0.213	0 ms
Symbolic time: 0.291	0.291	0 ms
Numeric time: 0.218	0.22	0 ms
Symbolic time: 0.285	0.284	0 ms
Numeric time: 0.21	0.211	0 ms
Symbolic time: 0.29	0.289	0 ms
Numeric time: 0.213	0.213	0 ms
Symbolic time: 0.282	0.283	0 ms
Numeric time: 0.221	0.222	0 ms
Symbolic time: 0.287	0.288	0 ms
Numeric time: 0.21	0.211	0 ms
Symbolic time: 0.282	0.282	0 ms
Numeric time: 0.221	0.221	0 ms
Symbolic time: 0.287	0.287	0 ms
Numeric time: 0.212	0.213	0 ms
Symbolic time: 0.283	0.283	0 ms
Numeric time: 0.225	0.226	0 ms
Symbolic time: 0.284	0.284	0 ms
Numeric time: 0.212	0.212	0 ms
Symbolic time: 0.283	0.284	0 ms
Numeric time: 0.225	0.225	0 ms
Symbolic time: 0.282	0.283	0 ms
Numeric time: 0.212	0.212	0 ms
Symbolic time: 0.281	0.282	0 ms
Numeric time: 0.221	0	0.221 ms
Symbolic time: 0.285	0	0.285 ms
Numeric time: 0.212	0	0.212 ms
Symbolic time: 0.286	0.162	0.125 ms
Numeric time: 0.221	0.204	0.018 ms
Symbolic time: 0.284	0.262	0.023 ms
Numeric time: 0.212	0.195	0.017 ms
Symbolic time: 0.294	0.294	0 ms
Numeric time: 0.215	0.214	0 ms
Symbolic time: 0.283	0.283	0 ms
Numeric time: 0.212	0.209	0.004 ms
Symbolic time: 0.293	0	0.293 ms
Numeric time: 0.211	0	0.211 ms
Symbolic time: 0.285	0	0.285 ms
Numeric time: 0.213	0.174	0.038 ms
Symbolic time: 0.292	0.265	0.027 ms
Numeric time: 0.213	0.193	0.02 ms
Symbolic time: 0.282	0.257	0.026 ms
Numeric time: 0.215	0.216	0 ms
Symbolic time: 0.293	0.294	0 ms
Numeric time: 0.211	0.211	0 ms
Symbolic time: 0.285	0.285	0 ms
Numeric time: 0.213	0.213	0 ms
Symbolic time: 0.29	0.289	0 ms
Numeric time: 0.213	0.213	0 ms
Symbolic time: 0.289	0.289	0 ms
Numeric time: 0.211	0.211	0 ms
Symbolic time: 0.292	0.292	0 ms
Numeric time: 0.212	0.212	0 ms
Symbolic time: 0.289	0.289	0 ms
Numeric time: 0.212	0.211	0 ms
Symbolic time: 0.29	0.29	0 ms
Numeric time: 0.216	0.217	0 ms
Symbolic time: 0.284	0.284	0 ms
Numeric time: 0.211	0.211	0 ms
Symbolic time: 0.289	0.289	0 ms
Numeric time: 0.22	0.219	0 ms
Symbolic time: 0.284	0.283	0 ms
Numeric time: 0.212	0.213	0 ms
Symbolic time: 0.294	0.293	0 ms
Numeric time: 0.212	0.213	0 ms
Symbolic time: 0.284	0.284	0 ms
Numeric time: 0.21	0.211	0 ms
Symbolic time: 0.285	0.284	0 ms
Numeric time: 0.213	0.214	0 ms
Symbolic time: 0.283	0.283	0 ms
Numeric time: 0.22	0.22	0 ms
Symbolic time: 0.285	0.286	0 ms
Numeric time: 0.214	0.213	0 ms
Symbolic time: 0.281	0.282	0 ms
Numeric time: 0.22	0.22	0 ms
Symbolic time: 0.284	0.285	0 ms
Numeric time: 0.211	0.212	0 ms
Symbolic time: 0.284	0.283	0 ms
Numeric time: 0.225	0.226	0 ms
Symbolic time: 0.285	0.284	0 ms
Numeric time: 0.212	0.213	0 ms
Symbolic time: 0.283	0.284	0 ms
Numeric time: 0.226	0.226	0 ms
Symbolic time: 0.284	0.284	0 ms
Numeric time: 0.211	0.211	0 ms
Symbolic time: 0.287	0.287	0 ms
Numeric time: 0.219	0.22	0 ms
Symbolic time: 0.284	0.285	0 ms
Numeric time: 0.212	0.211	0 ms
Symbolic time: 0.291	0.291	0 ms
Numeric time: 0.218	0.218	0 ms
Symbolic time: 0.281	0.282	0 ms
Numeric time: 0.212	0.212	0 ms
Symbolic time: 0.286	0.287	0 ms
Numeric time: 0.213	0.213	0 ms
Symbolic time: 0.283	0.283	0 ms
Numeric time: 0.215	0.216	0 ms
Symbolic time: 0.29	0.291	0 ms
Numeric time: 0.212	0.212	0 ms
Symbolic time: 0.284	0.284	0 ms
Numeric time: 0.217	0.216	0 ms
Symbolic time: 0.294	0.293	0 ms
Numeric time: 0.216	0.215	0 ms
Symbolic time: 0.286	0.286	0 ms
Numeric time: 0.215	0.214	0 ms
Symbolic time: 0.294	0.295	0 ms
Numeric time: 0.213	0.213	0 ms
Symbolic time: 0.285	0.286	0 ms
Numeric time: 0.214	0.213	0 ms
Symbolic time: 0.292	0.293	0 ms
Numeric time: 0.214	0.214	0 ms
Symbolic time: 0.288	0.288	0 ms
Numeric time: 0.214	0.213	0 ms
Symbolic time: 0.293	0.292	0 ms
Numeric time: 0.218	0.219	0 ms
Symbolic time: 0.282	0.282	0 ms
Numeric time: 0.213	0.213	0 ms
Symbolic time: 0.291	0.29	0 ms
Numeric time: 0.223	0.224	0 ms
Symbolic time: 0.285	0.285	0 ms
Numeric time: 0.213	0.213	0 ms
Symbolic time: 0.296	0.297	0 ms
Numeric time: 0.213	0.212	0 ms
Symbolic time: 0.283	0.283	0 ms
Numeric time: 0.214	0.213	0 ms
Symbolic time: 0.288	0.287	0 ms
Numeric time: 0.214	0.214	0 ms
Symbolic time: 0.283	0.284	0 ms
Numeric time: 0.222	0.223	0 ms
Symbolic time: 0.287	0.288	0 ms
Numeric time: 0.216	0.215	0 ms
Symbolic time: 0.284	0.283	0 ms
Numeric time: 0.227	0.228	0 ms
Symbolic time: 0.283	0.282	0 ms
Numeric time: 0.211	0.212	0 ms
Symbolic time: 0.286	0.286	0 ms
Numeric time: 0.222	0.222	0 ms
Symbolic time: 0.282	0.281	0 ms
Numeric time: 0.214	0.215	0 ms
Symbolic time: 0.283	0.282	0 ms
Numeric time: 0.224	0.225	0 ms
Symbolic time: 0.285	0.285	0 ms
Numeric time: 0.214	0.213	0 ms
Symbolic time: 0.289	0.288	0 ms
Numeric time: 0.222	0.221	0 ms
Symbolic time: 0.284	0.283	0 ms
Numeric time: 0.215	0.215	0 ms
Symbolic time: 0.284	0.283	0 ms
Numeric time: 0.223	0.223	0 ms
Symbolic time: 0.284	0.285	0 ms
Numeric time: 0.214	0.214	0 ms
Symbolic time: 0.291	0.292	0 ms
Numeric time: 0.216	0.217	0 ms
Symbolic time: 0.283	0.283	0 ms
Numeric time: 0.216	0	0.216 ms
Symbolic time: 0.291	0	0.291 ms
Numeric time: 0.213	0	0.214 ms
Symbolic time: 0.283	0.105	0.179 ms
Numeric time: 0.22	0.219	0 ms
Symbolic time: 0.292	0.291	0 ms
Numeric time: 0.214	0.214	0 ms
Symbolic time: 0.288	0.287	0 ms
Numeric time: 0.213	0.213	0 ms
Symbolic time: 0.293	0.292	0 ms
Numeric time: 0.212	0.212	0 ms
Symbolic time: 0.291	0.292	0 ms
Numeric time: 0.214	0.215	0 ms
Symbolic time: 0.291	0.291	0 ms
Numeric time: 0.215	0.215	0 ms
Symbolic time: 0.285	0.285	0 ms
Numeric time: 0.218	0.218	0 ms
Symbolic time: 0.288	0.288	0 ms
Numeric time: 0.223	0.224	0 ms
Symbolic time: 0.283	0.283	0 ms
Numeric time: 0.213	0.213	0 ms
Symbolic time: 0.288	0.288	0 ms
Numeric time: 0.216	0.216	0 ms
Symbolic time: 0.283	0.283	0 ms
Numeric time: 0.222	0.222	0 ms
Symbolic time: 0.289	0.289	0 ms
Numeric time: 0.215	0.215	0 ms
Symbolic time: 0.284	0.284	0 ms
Numeric time: 0.222	0.222	0 ms
Symbolic time: 0.292	0.292	0 ms
Numeric time: 0.215	0.215	0 ms
Symbolic time: 0.282	0.282	0 ms
Numeric time: 0.225	0.226	0 ms
Symbolic time: 0.284	0.284	0 ms
Numeric time: 0.215	0.216	0 ms
Symbolic time: 0.283	0.284	0 ms
Numeric time: 0.225	0.225	0 ms
Symbolic time: 0.283	0.283	0 ms
Numeric time: 0.215	0.215	0 ms
Symbolic time: 0.286	0.286	0 ms
Numeric time: 0.223	0.224	0 ms
Symbolic time: 0.284	0.284	0 ms
Numeric time: 0.215	0.215	0 ms
Symbolic time: 0.293	0.293	0 ms
Numeric time: 0.216	0.216	0 ms
Symbolic time: 0.282	0.282	0 ms
Numeric time: 0.213	0.213	0 ms
Symbolic time: 0.296	0.296	0 ms
Numeric time: 0.214	0.214	0 ms
Symbolic time: 0.284	0.284	0 ms
Numeric time: 0.219	0.219	0 ms
Symbolic time: 0.293	0.293	0 ms
Numeric time: 0.217	0.217	0 ms
Symbolic time: 0.284	0.284	0 ms
Numeric time: 0.219	0.219	0 ms
Symbolic time: 0.291	0.291	0 ms
Numeric time: 0.213	0.213	0 ms
Symbolic time: 0.281	0.281	0 ms
Numeric time: 0.211	0	0.211 ms
Symbolic time: 0.29	0	0.29 ms
Numeric time: 0.215	0	0.215 ms
Symbolic time: 0.286	0.168	0.119 ms
Numeric time: 0.217	0.202	0.015 ms
Symbolic time: 0.291	0.27	0.02 ms
Numeric time: 0.214	0.199	0.015 ms
Symbolic time: 0.287	0.286	0 ms
Numeric time: 0.214	0.215	0 ms
Symbolic time: 0.288	0.288	0 ms
Numeric time: 0.217	0.212	0.004 ms
Symbolic time: 0.282	0.282	0 ms
Numeric time: 0.216	0.216	0 ms
Symbolic time: 0.284	0.284	0 ms
Numeric time: 0.218	0.218	0 ms
Symbolic time: 0.283	0.283	0 ms
Numeric time: 0.221	0.222	0 ms
Symbolic time: 0.284	0.284	0 ms
Numeric time: 0.218	0.218	0 ms
Symbolic time: 0.283	0.283	0 ms
Numeric time: 0.225	0.225	0 ms
Symbolic time: 0.289	0.289	0 ms
Numeric time: 0.213	0.213	0 ms
Symbolic time: 0.283	0.283	0 ms
Numeric time: 0.221	0.221	0 ms
Symbolic time: 0.286	0.286	0 ms
Numeric time: 0.214	0.215	0 ms
Symbolic time: 0.282	0.282	0 ms
Numeric time: 0.225	0.225	0 ms
Symbolic time: 0.283	0.284	0 ms
Numeric time: 0.212	0.212	0 ms
Symbolic time: 0.285	0.285	0 ms
Numeric time: 0.228	0.228	0 ms
Symbolic time: 0.283	0.283	0 ms
Numeric time: 0.215	0.215	0 ms
Symbolic time: 0.283	0.283	0 ms
Numeric time: 0.222	0.222	0 ms
Symbolic time: 0.283	0.283	0 ms
Numeric time: 0.214	0.214	0 ms
Symbolic time: 0.291	0.291	0 ms
Numeric time: 0.213	0.213	0 ms
Symbolic time: 0.283	0.283	0 ms
Numeric time: 0.213	0.213	0 ms
Symbolic time: 0.292	0.292	0 ms
Numeric time: 0.215	0.215	0 ms
Symbolic time: 0.281	0.281	0 ms
Numeric time: 0.217	0.217	0 ms
Symbolic time: 0.3	0.3	0 ms
Numeric time: 0.215	0.215	0 ms
Symbolic time: 0.282	0.282	0 ms
Numeric time: 0.22	0.22	0 ms
Symbolic time: 0.293	0.293	0 ms
Numeric time: 0.214	0.214	0 ms
Symbolic time: 0.284	0.284	0 ms
Numeric time: 0.214	0.214	0 ms
Symbolic time: 0.291	0.291	0 ms
Numeric time: 0.213	0.213	0 ms
Symbolic time: 0.286	0.286	0 ms
Numeric time: 0.213	0.213	0 ms
Symbolic time: 0.289	0.289	0 ms
Numeric time: 0.213	0.213	0 ms
Symbolic time: 0.288	0.288	0 ms
Numeric time: 0.216	0.217	0 ms
Symbolic time: 0.289	0.289	0 ms
Numeric time: 0.212	0.212	0 ms
Symbolic time: 0.289	0.289	0 ms
Numeric time: 0.215	0.215	0 ms
Symbolic time: 0.283	0.283	0 ms
Numeric time: 0.22	0.22	0 ms
Symbolic time: 0.282	0.283	0 ms
Numeric time: 0.222	0.222	0 ms
Symbolic time: 0.283	0.283	0 ms
Numeric time: 0.219	0.219	0 ms
Symbolic time: 0.283	0.283	0 ms
Numeric time: 0.224	0.224	0 ms
Symbolic time: 0.283	0.283	0 ms
Numeric time: 0.216	0.216	0 ms
Symbolic time: 0.282	0.282	0 ms
Numeric time: 0.22	0.22	0 ms
Symbolic time: 0.285	0.285	0 ms
Numeric time: 0.217	0.217	0 ms
Symbolic time: 0.282	0.283	0 ms
Numeric time: 0.229	0.229	0 ms
Symbolic time: 0.291	0.291	0 ms
Numeric time: 0.215	0.215	0 ms
Symbolic time: 0.285	0.285	0 ms
Numeric time: 0.224	0.224	0 ms
Symbolic time: 0.285	0.285	0 ms
Numeric time: 0.214	0.214	0 ms
Symbolic time: 0.284	0.283	0 ms
Numeric time: 0.226	0.226	0 ms
Symbolic time: 0.283	0.283	0 ms
Numeric time: 0.213	0.213	0 ms
Symbolic time: 0.295	0.295	0 ms
Numeric time: 0.216	0.216	0 ms
Symbolic time: 0.282	0.282	0 ms
Numeric time: 0.214	0.214	0 ms
Symbolic time: 0.296	0.296	0 ms
Numeric time: 0.212	0.213	0 ms
Symbolic time: 0.283	0.283	0 ms
Numeric time: 0.214	0.214	0 ms
Symbolic time: 0.294	0.295	0 ms
Numeric time: 0.212	0.212	0 ms
Symbolic time: 0.283	0.283	0 ms
Numeric time: 0.215	0.215	0 ms
Symbolic time: 0.293	0.293	0 ms
Numeric time: 0.211	0.212	0 ms
Symbolic time: 0.283	0.283	0 ms
Numeric time: 0.217	0.217	0 ms
Symbolic time: 0.289	0.289	0 ms
Numeric time: 0.215	0.215	0 ms
Symbolic time: 0.284	0.284	0 ms
Numeric time: 0.22	0.219	0 ms
Symbolic time: 0.292	0.292	0 ms
Numeric time: 0.212	0.212	0 ms
Symbolic time: 0.29	0.29	0 ms
Numeric time: 0.213	0.213	0 ms
Symbolic time: 0.291	0.291	0 ms
Numeric time: 0.211	0.211	0 ms
Symbolic time: 0.289	0.289	0 ms
Numeric time: 0.213	0.213	0 ms
Symbolic time: 0.29	0.29	0 ms
Numeric time: 0.214	0.214	0 ms
Symbolic time: 0.283	0.283	0 ms
Numeric time: 0.214	0.214	0 ms
Symbolic time: 0.285	0.285	0 ms
Numeric time: 0.218	0.219	0 ms
Symbolic time: 0.285	0.285	0 ms
Numeric time: 0.223	0.223	0 ms
Symbolic time: 0.283	0.283	0 ms
Numeric time: 0.218	0.218	0 ms
Symbolic time: 0.283	0.283	0 ms
Numeric time: 0.22	0.22	0 ms
Symbolic time: 0.292	0.292	0 ms
Numeric time: 0.218	0.218	0 ms
Symbolic time: 0.284	0.284	0 ms
Numeric time: 0.224	0.224	0 ms
Symbolic time: 0.285	0.285	0 ms
Numeric time: 0.216	0.216	0 ms
Symbolic time: 0.283	0.282	0 ms
Numeric time: 0.222	0.223	0 ms
Symbolic time: 0.281	0.282	0 ms
Numeric time: 0.217	0.217	0 ms
Symbolic time: 0.281	0.281	0 ms
Numeric time: 0.225	0.225	0 ms
Symbolic time: 0.284	0.284	0 ms
Numeric time: 0.215	0.215	0 ms
Symbolic time: 0.288	0.288	0 ms
Numeric time: 0.22	0.221	0 ms
Symbolic time: 0.282	0.282	0 ms
Numeric time: 0.213	0.214	0 ms
Symbolic time: 0.299	0.299	0 ms
Numeric time: 0.215	0.214	0 ms
Symbolic time: 0.285	0.285	0 ms
Numeric time: 0.215	0.215	0 ms
Symbolic time: 0.299	0.299	0 ms
Numeric time: 0.215	0.215	0 ms
Symbolic time: 0.283	0.283	0 ms
Numeric time: 0.213	0.213	0 ms
Symbolic time: 0.3	0.3	0 ms
Numeric time: 0.216	0.216	0 ms
Symbolic time: 0.285	0.285	0 ms
Numeric time: 0.217	0.217	0 ms
Symbolic time: 0.291	0.291	0 ms
Numeric time: 0.214	0.214	0 ms
Symbolic time: 0.283	0.282	0 ms
Numeric time: 0.217	0.217	0 ms
Symbolic time: 0.29	0.29	0 ms
Numeric time: 0.215	0.214	0 ms
Symbolic time: 0.287	0.288	0 ms
Numeric time: 0.216	0.216	0 ms
Symbolic time: 0.29	0.29	0 ms
Numeric time: 0.215	0.215	0 ms
Symbolic time: 0.286	0.286	0 ms
Numeric time: 0.214	0.214	0 ms
Symbolic time: 0.29	0.291	0 ms
Numeric time: 0.215	0.214	0 ms
Symbolic time: 0.288	0.288	0 ms
Numeric time: 0.216	0.217	0 ms
Symbolic time: 0.284	0.284	0 ms
Numeric time: 0.217	0.217	0 ms
Symbolic time: 0.284	0.284	0 ms
Numeric time: 0.222	0.222	0 ms
Symbolic time: 0.287	0.287	0 ms
Numeric time: 0.22	0.22	0 ms
Symbolic time: 0.28	0.28	0 ms
Numeric time: 0.223	0.223	0 ms
Symbolic time: 0.288	0.288	0 ms
Numeric time: 0.217	0.218	0 ms
Symbolic time: 0.285	0.285	0 ms
Numeric time: 0.219	0.219	0 ms
Symbolic time: 0.285	0.285	0 ms
Numeric time: 0.215	0.215	0 ms
Symbolic time: 0.284	0.284	0 ms
Numeric time: 0.219	0.22	0 ms
Symbolic time: 0.286	0.286	0 ms
Numeric time: 0.213	0.213	0 ms
Symbolic time: 0.282	0.282	0 ms
Numeric time: 0.223	0.223	0 ms
Symbolic time: 0.284	0.284	0 ms
Numeric time: 0.215	0.215	0 ms
Symbolic time: 0.286	0.287	0 ms
Numeric time: 0.216	0.215	0 ms
Symbolic time: 0.283	0.284	0 ms
Numeric time: 0.215	0.215	0 ms
Symbolic time: 0.292	0.291	0 ms
Numeric time: 0.215	0	0.214 ms
Symbolic time: 0.282	0	0.282 ms
Numeric time: 0.213	0	0.214 ms
Symbolic time: 0.297	0.167	0.131 ms
Numeric time: 0.213	0.201	0.011 ms
Symbolic time: 0.285	0.27	0.015 ms
Numeric time: 0.212	0.201	0.011 ms
Symbolic time: 0.295	0.296	0 ms
Numeric time: 0.214	0.215	0 ms
Symbolic time: 0.281	0.281	0 ms
Numeric time: 0.211	0.209	0.003 ms
Symbolic time: 0.293	0.292	0 ms
Numeric time: 0.213	0.212	0 ms
Symbolic time: 0.283	0.283	0 ms
Numeric time: 0.213	0.213	0 ms
Symbolic time: 0.292	0.292	0 ms
Numeric time: 0.212	0.213	0 ms
Symbolic time: 0.284	0.283	0 ms
Numeric time: 0.216	0.216	0 ms
Symbolic time: 0.291	0.292	0 ms
Numeric time: 0.214	0.215	0 ms
Symbolic time: 0.287	0.288	0 ms
Numeric time: 0.213	0.212	0 ms
Symbolic time: 0.29	0.291	0 ms
Numeric time: 0.211	0.211	0 ms
Symbolic time: 0.29	0.291	0 ms
Numeric time: 0.211	0.211	0 ms
Symbolic time: 0.292	0.292	0 ms
Numeric time: 0.211	0.211	0 ms
Symbolic time: 0.289	0.289	0 ms
Numeric time: 0.215	0.214	0 ms
Symbolic time: 0.284	0.284	0 ms
Numeric time: 0.216	0.216	0 ms
Symbolic time: 0.283	0.283	0 ms
Numeric time: 0.219	0.22	0 ms
Symbolic time: 0.282	0.281	0 ms
Numeric time: 0.217	0.217	0 ms
Symbolic time: 0.283	0.283	0 ms
Numeric time: 0.221	0.22	0 ms
Symbolic time: 0.289	0.289	0 ms
Numeric time: 0.215	0.215	0 ms
Symbolic time: 0.284	0.284	0 ms
Numeric time: 0.223	0.223	0 ms
Symbolic time: 0.288	0.288	0 ms
Numeric time: 0.216	0.217	0 ms
Symbolic time: 0.284	0.283	0 ms
Numeric time: 0.224	0.224	0 ms
Symbolic time: 0.288	0.288	0 ms
Numeric time: 0.215	0.216	0 ms
Symbolic time: 0.281	0.282	0 ms
Numeric time: 0.224	0.225	0 ms
Symbolic time: 0.284	0.284	0 ms
Numeric time: 0.214	0.214	0 ms
Symbolic time: 0.283	0.283	0 ms
Numeric time: 0.223	0.223	0 ms
Symbolic time: 0.284	0.283	0 ms
Numeric time: 0.215	0.214	0 ms
Symbolic time: 0.294	0.294	0 ms
Numeric time: 0.215	0.215	0 ms
Symbolic time: 0.283	0.284	0 ms
Numeric time: 0.215	0.215	0 ms
Symbolic time: 0.297	0.298	0 ms
Numeric time: 0.214	0.214	0 ms
Symbolic time: 0.283	0.282	0 ms
Numeric time: 0.213	0.213	0 ms
Symbolic time: 0.294	0.295	0 ms
Numeric time: 0.214	0.215	0 ms
Symbolic time: 0.284	0.285	0 ms
Numeric time: 0.215	0.215	0 ms
Symbolic time: 0.292	0.291	0 ms
Numeric time: 0.215	0.214	0 ms
Symbolic time: 0.283	0.283	0 ms
Numeric time: 0.22	0.22	0 ms
Symbolic time: 0.294	0.294	0 ms
Numeric time: 0.215	0.215	0 ms
Symbolic time: 0.283	0.283	0 ms
Numeric time: 0.215	0.214	0 ms
Symbolic time: 0.291	0.292	0 ms
Numeric time: 0.212	0.212	0 ms
Symbolic time: 0.287	0.287	0 ms
Numeric time: 0.214	0.213	0 ms
Symbolic time: 0.289	0.289	0 ms
Numeric time: 0.214	0.214	0 ms
Symbolic time: 0.285	0.285	0 ms
Numeric time: 0.214	0.215	0 ms
Symbolic time: 0.293	0.292	0 ms
Numeric time: 0.213	0.214	0 ms
Symbolic time: 0.282	0	0.281 ms
Numeric time: 0.217	0	0.216 ms
Symbolic time: 0.282	0	0.282 ms
Numeric time: 0.219	0.157	0.063 ms
Symbolic time: 0.283	0.269	0.014 ms
Numeric time: 0.222	0.211	0.011 ms
Symbolic time: 0.282	0.268	0.015 ms
Numeric time: 0.221	0.221	0 ms
Symbolic time: 0.283	0.283	0 ms
Numeric time: 0.221	0.221	0 ms
Symbolic time: 0.29	0.29	0 ms
Numeric time: 0.214	0.214	0 ms
Symbolic time: 0.285	0.285	0 ms
Numeric time: 0.221	0.221	0 ms
Symbolic time: 0.288	0.289	0 ms
Numeric time: 0.215	0.215	0 ms
Symbolic time: 0.282	0.282	0 ms
Numeric time: 0.22	0.22	0 ms
Symbolic time: 0.287	0.288	0 ms
Numeric time: 0.214	0.214	0 ms
Symbolic time: 0.282	0.282	0 ms
Numeric time: 0.226	0.226	0 ms
Symbolic time: 0.283	0.283	0 ms
Numeric time: 0.217	0.216	0 ms
Symbolic time: 0.281	0.281	0 ms
Numeric time: 0.224	0.224	0 ms
Symbolic time: 0.284	0.284	0 ms
Numeric time: 0.216	0.215	0 ms
Symbolic time: 0.291	0.292	0 ms
Numeric time: 0.216	0.216	0 ms
Symbolic time: 0.286	0.286	0 ms
Numeric time: 0.214	0.215	0 ms
Symbolic time: 0.292	0.293	0 ms
Numeric time: 0.215	0.214	0 ms
Symbolic time: 0.285	0.285	0 ms
Numeric time: 0.212	0.213	0 ms
Symbolic time: 0.299	0.3	0 ms
Numeric time: 0.216	0.216	0 ms
Symbolic time: 0.284	0.284	0 ms
Numeric time: 0.22	0.219	0 ms
Symbolic time: 0.293	0.293	0 ms
Numeric time: 0.216	0.217	0 ms
Symbolic time: 0.285	0.284	0 ms
Numeric time: 0.221	0.221	0 ms
Symbolic time: 0.292	0.293	0 ms
Numeric time: 0.216	0.216	0 ms
Symbolic time: 0.287	0.287	0 ms
Numeric time: 0.214	0.214	0 ms
Symbolic time: 0.288	0.288	0 ms
Numeric time: 0.217	0.217	0 ms
Symbolic time: 0.285	0.286	0 ms
Numeric time: 0.214	0.214	0 ms
Symbolic time: 0.291	0.292	0 ms
Numeric time: 0.213	0.214	0 ms
Symbolic time: 0.285	0.286	0 ms
Numeric time: 0.216	0.217	0 ms
Symbolic time: 0.285	0.285	0 ms
Numeric time: 0.217	0.216	0 ms
Symbolic time: 0.284	0.285	0 ms
Numeric time: 0.222	0.223	0 ms
Symbolic time: 0.286	0.287	0 ms
Numeric time: 0.217	0.216	0 ms
Symbolic time: 0.281	0.281	0 ms
Numeric time: 0.222	0.222	0 ms
Symbolic time: 0.289	0.289	0 ms
Numeric time: 0.216	0.216	0 ms
Symbolic time: 0.283	0.283	0 ms
Numeric time: 0.223	0.223	0 ms
Symbolic time: 0.286	0.286	0 ms
Numeric time: 0.215	0.215	0 ms
Symbolic time: 0.283	0.283	0 ms
Numeric time: 0.222	0.222	0 ms
Symbolic time: 0.287	0.288	0 ms
Numeric time: 0.215	0.215	0 ms
Symbolic time: 0.284	0.284	0 ms
Numeric time: 0.227	0.227	0 ms
Symbolic time: 0.285	0.285	0 ms
Numeric time: 0.216	0.216	0 ms
Symbolic time: 0.29	0.29	0 ms
Numeric time: 0.22	0.221	0 ms
Symbolic time: 0.285	0.284	0 ms
Numeric time: 0.213	0.213	0 ms
Symbolic time: 0.294	0.294	0 ms
Numeric time: 0.21	0.21	0 ms
Symbolic time: 0.284	0.284	0 ms
Numeric time: 0.212	0.212	0 ms
Symbolic time: 0.295	0.295	0 ms
Numeric time: 0.212	0.212	0 ms
Symbolic time: 0.284	0.284	0 ms
Numeric time: 0.212	0.212	0 ms
Symbolic time: 0.295	0.295	0 ms
Numeric time: 0.214	0.214	0 ms
Symbolic time: 0.282	0.282	0 ms
Numeric time: 0.214	0.214	0 ms
Symbolic time: 0.293	0.292	0 ms
Numeric time: 0.211	0.212	0 ms
Symbolic time: 0.283	0.283	0 ms
Numeric time: 0.218	0.218	0 ms
Symbolic time: 0.293	0.293	0 ms
Numeric time: 0.214	0.214	0 ms
Symbolic time: 0.283	0.283	0 ms
Numeric time: 0.216	0.216	0 ms
Symbolic time: 0.288	0.288	0 ms
Numeric time: 0.212	0.213	0 ms
Symbolic time: 0.287	0.288	0 ms
Numeric time: 0.214	0.214	0 ms
Symbolic time: 0.289	0.289	0 ms
Numeric time: 0.213	0.213	0 ms
Symbolic time: 0.284	0.284	0 ms
Numeric time: 0.212	0.212	0 ms
Symbolic time: 0.285	0.284	0 ms
Numeric time: 0.212	0.212	0 ms
Symbolic time: 0.284	0.285	0 ms
Numeric time: 0.217	0.217	0 ms
Symbolic time: 0.283	0.283	0 ms
Numeric time: 0.213	0.213	0 ms
Symbolic time: 0.284	0.283	0 ms
Numeric time: 0.22	0.22	0 ms
Symbolic time: 0.283	0.283	0 ms
Numeric time: 0.216	0.216	0 ms
Symbolic time: 0.282	0.282	0 ms
Numeric time: 0.221	0.221	0 ms
Symbolic time: 0.286	0.286	0 ms
Numeric time: 0.214	0.214	0 ms
Symbolic time: 0.284	0.284	0 ms
Numeric time: 0.224	0.224	0 ms
Symbolic time: 0.287	0.287	0 ms
Numeric time: 0.214	0.215	0 ms
Symbolic time: 0.282	0.282	0 ms
Numeric time: 0.222	0.222	0 ms
Symbolic time: 0.287	0.287	0 ms
Numeric time: 0.216	0.216	0 ms
Symbolic time: 0.283	0.284	0 ms
Numeric time: 0.227	0.227	0 ms
Symbolic time: 0.285	0.285	0 ms
Numeric time: 0.217	0.217	0 ms
Symbolic time: 0.291	0.291	0 ms
Numeric time: 0.217	0	0.217 ms
Symbolic time: 0.282	0	0.283 ms
Numeric time: 0.216	0	0.215 ms
Symbolic time: 0.292	0.142	0.151 ms
Numeric time: 0.215	0.204	0.01 ms
Symbolic time: 0.282	0.269	0.013 ms
Numeric time: 0.213	0.204	0.01 ms
Symbolic time: 0.292	0.293	0 ms
Numeric time: 0.215	0.214	0 ms
Symbolic time: 0.283	0.283	0 ms
Numeric time: 0.214	0.211	0.002 ms
Symbolic time: 0.297	0.296	0 ms
Numeric time: 0.219	0.219	0 ms
Symbolic time: 0.284	0.284	0 ms
Numeric time: 0.215	0.212	0.004 ms
Symbolic time: 0.29	0.29	0 ms
Numeric time: 0.217	0.217	0 ms
Symbolic time: 0.284	0.284	0 ms
Numeric time: 0.216	0.216	0 ms
Symbolic time: 0.292	0.293	0 ms
Numeric time: 0.214	0.214	0 ms
Symbolic time: 0.283	0.283	0 ms
Numeric time: 0.218	0	0.218 ms
Symbolic time: 0.291	0	0.292 ms
Numeric time: 0.216	0	0.216 ms
Symbolic time: 0.286	0.141	0.145 ms
Numeric time: 0.214	0.204	0.01 ms
Symbolic time: 0.292	0.277	0.015 ms
Numeric time: 0.215	0.204	0.011 ms
Symbolic time: 0.286	0.287	0 ms
Numeric time: 0.213	0.213	0 ms
Symbolic time: 0.284	0.283	0 ms
Numeric time: 0.217	0.213	0.003 ms
Symbolic time: 0.284	0.285	0 ms
Numeric time: 0.225	0.224	0 ms
Symbolic time: 0.284	0.285	0 ms
Numeric time: 0.216	0.216	0 ms
Symbolic time: 0.283	0.282	0 ms
Numeric time: 0.22	0.219	0 ms
Symbolic time: 0.282	0.282	0 ms
Numeric time: 0.218	0.217	0 ms
Symbolic time: 0.283	0.282	0 ms
Numeric time: 0.222	0.222	0 ms
Symbolic time: 0.285	0.286	0 ms
Numeric time: 0.215	0.216	0 ms
Symbolic time: 0.28	0.281	0 ms
Numeric time: 0.222	0.221	0 ms
Symbolic time: 0.285	0.285	0 ms
Numeric time: 0.216	0.216	0 ms
Symbolic time: 0.281	0.281	0 ms
Numeric time: 0.22	0.221	0 ms
Symbolic time: 0.287	0.287	0 ms
Numeric time: 0.214	0.213	0 ms
Symbolic time: 0.282	0.283	0 ms
Numeric time: 0.226	0.226	0 ms
Symbolic time: 0.284	0.284	0 ms
Numeric time: 0.216	0.216	0 ms
Symbolic time: 0.291	0.29	0 ms
Numeric time: 0.218	0.218	0 ms
Symbolic time: 0.283	0.284	0 ms
Numeric time: 0.213	0.213	0 ms
Symbolic time: 0.293	0.294	0 ms
Numeric time: 0.215	0.215	0 ms
Symbolic time: 0.281	0.282	0 ms
Numeric time: 0.216	0.216	0 ms
Symbolic time: 0.3	0.3	0 ms
Numeric time: 0.218	0.217	0 ms
Symbolic time: 0.283	0.282	0 ms
Numeric time: 0.215	0.215	0 ms
Symbolic time: 0.296	0.297	0 ms
Numeric time: 0.215	0.214	0 ms
Symbolic time: 0.282	0.281	0 ms
Numeric time: 0.216	0.216	0 ms
Symbolic time: 0.292	0.292	0 ms
Numeric time: 0.217	0.217	0 ms
Symbolic time: 0.286	0.286	0 ms
Numeric time: 0.215	0.215	0 ms
Symbolic time: 0.288	0.288	0 ms
Numeric time: 0.215	0.214	0 ms
Symbolic time: 0.279	0.279	0 ms
Numeric time: 0.219	0.219	0 ms
Symbolic time: 0.286	0.287	0 ms
Numeric time: 0.214	0.213	0 ms
Symbolic time: 0.29	0.29	0 ms
Numeric time: 0.215	0.215	0 ms
Symbolic time: 0.288	0.288	0 ms
Numeric time: 0.214	0.214	0 ms
Symbolic time: 0.284	0.283	0 ms
Numeric time: 0.214	0.214	0 ms
Symbolic time: 0.282	0.282	0 ms
Numeric time: 0.214	0.213	0 ms
Symbolic time: 0.284	0	0.283 ms
Numeric time: 0.221	0	0.222 ms
Symbolic time: 0.283	0	0.283 ms
Numeric time: 0.214	0.149	0.066 ms
Symbolic time: 0.285	0.271	0.014 ms
Numeric time: 0.222	0.211	0.012 ms
Symbolic time: 0.284	0.269	0.014 ms
Numeric time: 0.216	0.216	0 ms
Symbolic time: 0.284	0.283	0 ms
Numeric time: 0.221	0.222	0 ms
Symbolic time: 0.286	0.286	0 ms
Numeric time: 0.215	0.215	0 ms
Symbolic time: 0.282	0.283	0 ms
Numeric time: 0.223	0.223	0 ms
Symbolic time: 0.288	0.288	0 ms
Numeric time: 0.214	0.213	0 ms
Symbolic time: 0.282	0.282	0 ms
Numeric time: 0.219	0.22	0 ms
Symbolic time: 0.286	0.286	0 ms
Numeric time: 0.214	0.214	0 ms
Symbolic time: 0.284	0.284	0 ms
Numeric time: 0.223	0.223	0 ms
Symbolic time: 0.284	0.284	0 ms
Numeric time: 0.211	0.211	0 ms
Symbolic time: 0.292	0.292	0 ms
Numeric time: 0.215	0.215	0 ms
Symbolic time: 0.285	0.285	0 ms
Numeric time: 0.211	0.211	0 ms
Symbolic time: 0.295	0.295	0 ms
Numeric time: 0.213	0.213	0 ms
Symbolic time: 0.283	0.283	0 ms
Numeric time: 0.214	0.215	0 ms
Symbolic time: 0.296	0.296	0 ms
Numeric time: 0.214	0.214	0 ms
Symbolic time: 0.285	0.285	0 ms
Numeric time: 0.216	0.216	0 ms
Symbolic time: 0.297	0.297	0 ms
Numeric time: 0.214	0.214	0 ms
Symbolic time: 0.283	0.283	0 ms
Numeric time: 0.216	0.216	0 ms
Symbolic time: 0.291	0.291	0 ms
Numeric time: 0.212	0.212	0 ms
Symbolic time: 0.284	0.283	0 ms
Numeric time: 0.216	0.217	0 ms
Symbolic time: 0.292	0.292	0 ms
Numeric time: 0.214	0.214	0 ms
Symbolic time: 0.283	0.283	0 ms
Numeric time: 0.212	0.212	0 ms
Symbolic time: 0.289	0.289	0 ms
Numeric time: 0.213	0.213	0 ms
Symbolic time: 0.287	0.287	0 ms
Numeric time: 0.212	0.212	0 ms
Symbolic time: 0.293	0.293	0 ms
Numeric time: 0.212	0.211	0 ms
Symbolic time: 0.288	0.288	0 ms
Numeric time: 0.212	0.211	0 ms
Symbolic time: 0.283	0.282	0 ms
Numeric time: 0.212	0.213	0 ms
Symbolic time: 0.284	0.284	0 ms
Numeric time: 0.22	0.22	0 ms
Symbolic time: 0.282	0.282	0 ms
Numeric time: 0.222	0.222	0 ms
Symbolic time: 0.283	0.284	0 ms
Numeric time: 0.223	0.223	0 ms
Symbolic time: 0.284	0.284	0 ms
Numeric time: 0.216	0.216	0 ms
Symbolic time: 0.283	0.283	0 ms
Numeric time: 0.223	0.223	0 ms
Symbolic time: 0.288	0.288	0 ms
Numeric time: 0.216	0.216	0 ms
Symbolic time: 0.283	0.283	0 ms
Numeric time: 0.222	0.222	0 ms
Symbolic time: 0.287	0.286	0 ms
Numeric time: 0.214	0.214	0 ms
Symbolic time: 0.283	0.282	0 ms
Numeric time: 0.221	0.221	0 ms
Symbolic time: 0.285	0.285	0 ms
Numeric time: 0.215	0.215	0 ms
Symbolic time: 0.289	0.289	0 ms
Numeric time: 0.219	0.219	0 ms
Symbolic time: 0.284	0.284	0 ms
Numeric time: 0.216	0.216	0 ms
Symbolic time: 0.294	0.294	0 ms
Numeric time: 0.219	0.219	0 ms
Symbolic time: 0.284	0.284	0 ms
Numeric time: 0.214	0.214	0 ms
Symbolic time: 0.296	0.295	0 ms
Numeric time: 0.213	0.213	0 ms
Symbolic time: 0.283	0.283	0 ms
Numeric time: 0.214	0.213	0 ms
Symbolic time: 0.297	0.297	0 ms
Numeric time: 0.214	0.214	0 ms
Symbolic time: 0.283	0.284	0 ms
Numeric time: 0.217	0.217	0 ms
Symbolic time: 0.291	0.292	0 ms
Numeric time: 0.214	0.214	0 ms
Symbolic time: 0.281	0.281	0 ms
Numeric time: 0.216	0	0.216 ms
Symbolic time: 0.291	0	0.291 ms
Numeric time: 0.216	0	0.216 ms
Symbolic time: 0.283	0.095	0.189 ms
Numeric time: 0.219	0.219	0 ms
Symbolic time: 0.289	0.289	0 ms
Numeric time: 0.216	0.216	0 ms
Symbolic time: 0.286	0.286	0 ms
Numeric time: 0.216	0.216	0 ms
Symbolic time: 0.286	0.286	0 ms
Numeric time: 0.216	0.216	0 ms
Symbolic time: 0.284	0.285	0 ms
Numeric time: 0.223	0.224	0 ms
Symbolic time: 0.283	0.283	0 ms
Numeric time: 0.216	0.216	0 ms
Symbolic time: 0.286	0.286	0 ms
Numeric time: 0.221	0.221	0 ms
Symbolic time: 0.282	0.282	0 ms
Numeric time: 0.22	0.22	0 ms
Symbolic time: 0.283	0.283	0 ms
Numeric time: 0.22	0.22	0 ms
Symbolic time: 0.283	0.283	0 ms
Numeric time: 0.217	0.217	0 ms
Symbolic time: 0.282	0.282	0 ms
Numeric time: 0.222	0.222	0 ms
Symbolic time: 0.289	0.289	0 ms
Numeric time: 0.215	0.215	0 ms
Symbolic time: 0.283	0.283	0 ms
Numeric time: 0.221	0.222	0 ms
Symbolic time: 0.286	0.286	0 ms
Numeric time: 0.215	0.215	0 ms
Symbolic time: 0.282	0.282	0 ms
Numeric time: 0.223	0.223	0 ms
Symbolic time: 0.864	0	0.863 ms
Numeric time: 0.706	0.706	0 ms
Symbolic time: 0.861	0.86	0 ms
Numeric time: 0.644	0.644	0 ms
Symbolic time: 0.535	0.536	0 ms
Numeric time: 0.414	0.415	0 ms
Symbolic time: 0.53	0.53	0 ms
Numeric time: 0.413	0.414	0 ms
Symbolic time: 0.539	0.539	0 ms
Numeric time: 0.407	0	0.407 ms
Symbolic time: 0.54	0.065	0.475 ms
Numeric time: 0.4	0.379	0.021 ms
Symbolic time: 0.541	0.541	0 ms
Numeric time: 0.403	0.403	0 ms
Symbolic time: 0.538	0.538	0 ms
Numeric time: 0.403	0.403	0 ms
Symbolic time: 0.54	0.541	0 ms
Numeric time: 0.404	0.404	0 ms
Symbolic time: 0.545	0.544	0 ms
Numeric time: 0.402	0.402	0 ms
Symbolic time: 0.545	0.545	0 ms
Numeric time: 0.404	0.404	0 ms
Symbolic time: 0.542	0.543	0 ms
Numeric time: 0.4	0.4	0 ms
Symbolic time: 0.433	0.433	0 ms
Numeric time: 0.261	0.261	0 ms
Symbolic time: 0.351	0.346	0.005 ms
Numeric time: 0.266	0.266	0 ms
Symbolic time: 0.352	0.352	0 ms
Numeric time: 0.262	0.263	0 ms
Symbolic time: 0.352	0.352	0 ms
Numeric time: 0.263	0.263	0 ms
Symbolic time: 0.35	0.35	0 ms
Numeric time: 0.265	0.265	0 ms
Symbolic time: 0.353	0.352	0 ms
Numeric time: 0.263	0.264	0 ms
Symbolic time: 0.352	0.352	0 ms
Numeric time: 0.266	0.266	0 ms
Symbolic time: 0.352	0.352	0.001 ms
Numeric time: 0.266	0.266	0 ms
Symbolic time: 0.351	0.351	0 ms
Numeric time: 0.263	0.263	0 ms
Symbolic time: 0.356	0.356	0 ms
Numeric time: 0.263	0.263	0 ms
Symbolic time: 0.351	0.35	0 ms
Numeric time: 0.266	0.266	0 ms
Symbolic time: 0.35	0.35	0 ms
Numeric time: 0.263	0.263	0 ms
Symbolic time: 0.356	0.356	0 ms
Numeric time: 0.264	0.264	0 ms
Symbolic time: 0.35	0.349	0 ms
Numeric time: 0.267	0.267	0 ms
Symbolic time: 0.349	0.349	0 ms
Numeric time: 0.271	0.271	0 ms
Symbolic time: 0.296	0.296	0 ms
Numeric time: 0.213	0.213	0 ms
Symbolic time: 0.281	0.281	0 ms
Numeric time: 0.214	0.212	0.002 ms
Symbolic time: 0.287	0.287	0 ms
Numeric time: 0.213	0.213	0 ms
Symbolic time: 0.284	0.285	0 ms
Numeric time: 0.213	0.211	0.004 ms
Symbolic time: 0.282	0	0.283 ms
Numeric time: 0.214	0	0.214 ms
Symbolic time: 0.282	0	0.283 ms
Numeric time: 0.213	0.145	0.068 ms
Symbolic time: 0.285	0.27	0.015 ms
Numeric time: 0.21	0.199	0.012 ms
Symbolic time: 0.284	0.268	0.015 ms
Numeric time: 0.213	0.213	0 ms
Symbolic time: 0.283	0.283	0 ms
Numeric time: 0.212	0.212	0 ms
Symbolic time: 0.289	0.29	0 ms
Numeric time: 0.212	0.211	0 ms
Symbolic time: 0.281	0.281	0 ms
Numeric time: 0.21	0.211	0 ms
Symbolic time: 0.287	0.286	0 ms
Numeric time: 0.214	0.214	0 ms
Symbolic time: 0.284	0.284	0 ms
Numeric time: 0.213	0.212	0 ms
Symbolic time: 0.284	0.284	0 ms
Numeric time: 0.212	0.212	0 ms
Symbolic time: 0.282	0.282	0 ms
Numeric time: 0.213	0.213	0.001 ms
Symbolic time: 0.281	0	0.28 ms
Numeric time: 0.22	0	0.221 ms
Symbolic time: 0.281	0	0.281 ms
Numeric time: 0.215	0.141	0.074 ms
Symbolic time: 0.281	0.265	0.015 ms
Numeric time: 0.214	0.203	0.012 ms
Symbolic time: 0.28	0.264	0.015 ms
Numeric time: 0.214	0.214	0 ms
Symbolic time: 0.281	0.282	0 ms
Numeric time: 0.212	0.213	0 ms
Symbolic time: 0.287	0.286	0 ms
Numeric time: 0.21	0.211	0 ms
Symbolic time: 0.283	0.284	0 ms
Numeric time: 0.212	0.212	0 ms
Symbolic time: 0.286	0.286	0 ms
Numeric time: 0.212	0.212	0 ms
Symbolic time: 0.281	0.281	0 ms
Numeric time: 0.211	0.211	0 ms
Symbolic time: 0.285	0.285	0 ms
Numeric time: 0.212	0.213	0 ms
Symbolic time: 0.282	0.282	0 ms
Numeric time: 0.212	0.212	0 ms
Symbolic time: 0.288	0.288	0 ms
Numeric time: 0.213	0.213	0 ms
Symbolic time: 0.282	0.282	0 ms
Numeric time: 0.22	0.22	0 ms
Symbolic time: 0.284	0.284	0 ms
Numeric time: 0.212	0.212	0 ms
Symbolic time: 0.284	0.284	0 ms
Numeric time: 0.217	0.216	0 ms
Symbolic time: 0.282	0.282	0 ms
Numeric time: 0.215	0.215	0 ms
Symbolic time: 0.283	0.282	0 ms
Numeric time: 0.215	0	0.213 ms
Symbolic time: 0.285	0	0.285 ms
Numeric time: 0.214	0	0.214 ms
Symbolic time: 0.282	0.14	0.142 ms
Numeric time: 0.213	0.201	0.012 ms
Symbolic time: 0.285	0.268	0.016 ms
Numeric time: 0.212	0.2	0.012 ms
Symbolic time: 0.285	0.285	0 ms
Numeric time: 0.214	0.214	0 ms
Symbolic time: 0.281	0.281	0 ms
Numeric time: 0.218	0.215	0.003 ms
Symbolic time: 0.284	0.284	0 ms
Numeric time: 0.213	0.213	0 ms
Symbolic time: 0.284	0.284	0 ms
Numeric time: 0.216	0.216	0 ms
Symbolic time: 0.284	0.284	0 ms
Numeric time: 0.213	0.213	0 ms
Symbolic time: 0.283	0.283	0 ms
Numeric time: 0.215	0.215	0 ms
Symbolic time: 0.283	0.283	0 ms
Numeric time: 0.211	0.212	0 ms
Symbolic time: 0.282	0.282	0 ms
Numeric time: 0.214	0.214	0 ms
Symbolic time: 0.282	0.282	0 ms
Numeric time: 0.211	0.212	0 ms
Symbolic time: 0.286	0.286	0 ms
Numeric time: 0.213	0.213	0 ms
Symbolic time: 0.283	0.282	0 ms
Numeric time: 0.213	0.213	0 ms
Symbolic time: 0.287	0.287	0 ms
Numeric time: 0.213	0.213	0 ms
Symbolic time: 0.282	0.282	0 ms
Numeric time: 0.215	0.215	0 ms
Symbolic time: 0.284	0.284	0 ms
Numeric time: 0.215	0.215	0 ms
Symbolic time: 0.284	0.283	0 ms
Numeric time: 0.217	0.217	0 ms
Symbolic time: 0.282	0.283	0 ms
Numeric time: 0.213	0.214	0 ms
Symbolic time: 0.284	0.285	0 ms
Numeric time: 0.218	0.218	0 ms
Symbolic time: 0.282	0.281	0 ms
Numeric time: 0.214	0.213	0 ms
Symbolic time: 0.282	0.283	0 ms
Numeric time: 0.219	0.219	0 ms
Symbolic time: 0.282	0.282	0 ms
Numeric time: 0.215	0.215	0 ms
Symbolic time: 0.285	0.285	0 ms
Numeric time: 0.215	0.215	0 ms
Symbolic time: 0.283	0.283	0 ms
Numeric time: 0.213	0.213	0 ms
Symbolic time: 0.287	0.286	0 ms
Numeric time: 0.214	0.214	0 ms
Symbolic time: 0.282	0.282	0 ms
Numeric time: 0.211	0.212	0 ms
Symbolic time: 0.285	0.285	0 ms
Numeric time: 0.213	0.213	0 ms
Symbolic time: 0.282	0.282	0 ms
Numeric time: 0.212	0.212	0 ms
Symbolic time: 0.285	0.285	0 ms
Numeric time: 0.212	0.212	0 ms
Symbolic time: 0.283	0.283	0 ms
Numeric time: 0.213	0.213	0 ms
Symbolic time: 0.283	0.283	0 ms
Numeric time: 0.214	0.214	0 ms
Symbolic time: 0.281	0.281	0 ms
Numeric time: 0.212	0.212	0 ms
Symbolic time: 0.284	0.284	0 ms
Numeric time: 0.212	0.212	0 ms
Symbolic time: 0.285	0.286	0 ms
Numeric time: 0.213	0.213	0 ms
Symbolic time: 0.282	0.282	0 ms
Numeric time: 0.213	0.213	0 ms
Symbolic time: 0.286	0.286	0 ms
Numeric time: 0.214	0.214	0 ms
Symbolic time: 0.283	0.283	0 ms
Numeric time: 0.213	0.213	0 ms
Symbolic time: 0.285	0.286	0 ms
Numeric time: 0.215	0.214	0 ms
Symbolic time: 0.284	0.284	0 ms
Numeric time: 0.214	0.214	0 ms
Symbolic time: 0.283	0.283	0 ms
Numeric time: 0.213	0.213	0 ms
Symbolic time: 0.283	0.284	0 ms
Numeric time: 0.218	0.218	0 ms
Symbolic time: 0.282	0.282	0 ms
Numeric time: 0.214	0.214	0 ms
Symbolic time: 0.283	0.283	0 ms
Numeric time: 0.218	0.218	0 ms
Symbolic time: 0.284	0.284	0 ms
Numeric time: 0.214	0.214	0 ms
Symbolic time: 0.286	0.286	0 ms
Numeric time: 0.213	0.213	0 ms
Symbolic time: 0.283	0.282	0 ms
Numeric time: 0.215	0.215	0 ms
Symbolic time: 0.283	0.283	0 ms
Numeric time: 0.216	0.215	0 ms
Symbolic time: 0.282	0.282	0 ms
Numeric time: 0.215	0.216	0 ms
Symbolic time: 0.284	0.284	0 ms
Numeric time: 0.214	0.215	0 ms
Symbolic time: 0.283	0.284	0 ms
Numeric time: 0.212	0.212	0 ms
Symbolic time: 0.282	0	0.282 ms
Numeric time: 0.212	0	0.212 ms
Symbolic time: 0.282	0	0.282 ms
Numeric time: 0.214	0.137	0.077 ms
Symbolic time: 0.283	0.267	0.016 ms
Numeric time: 0.213	0.2	0.011 ms
Symbolic time: 0.282	0.266	0.016 ms
Numeric time: 0.213	0.213	0 ms
Symbolic time: 0.282	0.283	0 ms
Numeric time: 0.212	0.212	0 ms
Symbolic time: 0.286	0.287	0 ms
Numeric time: 0.215	0.214	0 ms
Symbolic time: 0.284	0.283	0 ms
Numeric time: 0.213	0.213	0 ms
Symbolic time: 0.285	0.285	0 ms
Numeric time: 0.212	0.213	0 ms
Symbolic time: 0.282	0.283	0 ms
Numeric time: 0.214	0.214	0 ms
Symbolic time: 0.285	0.285	0 ms
Numeric time: 0.214	0.214	0 ms
Symbolic time: 0.284	0.284	0 ms
Numeric time: 0.214	0.213	0.001 ms
Symbolic time: 0.285	0.285	0 ms
Numeric time: 0.213	0.213	0 ms
Symbolic time: 0.281	0.281	0 ms
Numeric time: 0.22	0.22	0 ms
Symbolic time: 0.282	0.282	0 ms
Numeric time: 0.212	0.212	0 ms
Symbolic time: 0.281	0.281	0 ms
Numeric time: 0.214	0.214	0 ms
Symbolic time: 0.283	0.283	0 ms
Numeric time: 0.214	0.214	0 ms
Symbolic time: 0.283	0.284	0 ms
Numeric time: 0.218	0.218	0 ms
Symbolic time: 0.282	0.283	0 ms
Numeric time: 0.213	0.213	0 ms
Symbolic time: 0.284	0.284	0 ms
Numeric time: 0.214	0.214	0 ms
Symbolic time: 0.283	0.283	0 ms
Numeric time: 0.212	0.212	0 ms
Symbolic time: 0.286	0.286	0 ms
Numeric time: 0.214	0.214	0 ms
Symbolic time: 0.282	0.282	0 ms
Numeric time: 0.211	0.211	0 ms
Symbolic time: 0.291	0.291	0 ms
Numeric time: 0.211	0.211	0 ms
Symbolic time: 0.282	0.282	0 ms
Numeric time: 0.217	0.217	0 ms
Symbolic time: 0.285	0.285	0 ms
Numeric time: 0.212	0.212	0 ms
Symbolic time: 0.283	0.283	0 ms
Numeric time: 0.216	0.216	0 ms
Symbolic time: 0.285	0.285	0 ms
Numeric time: 0.213	0.213	0 ms
Symbolic time: 0.283	0.283	0 ms
Numeric time: 0.217	0.217	0 ms
Symbolic time: 0.282	0.282	0 ms
Numeric time: 0.211	0.211	0 ms
Symbolic time: 0.287	0.287	0 ms
Numeric time: 0.215	0.215	0 ms
Symbolic time: 0.283	0.283	0 ms
Numeric time: 0.215	0.215	0 ms
Symbolic time: 0.286	0.286	0 ms
Numeric time: 0.213	0.215	0 ms
Symbolic time: 0.282	0.282	0 ms
Numeric time: 0.214	0.215	0 ms
Symbolic time: 0.284	0.284	0 ms
Numeric time: 0.214	0.214	0 ms
Symbolic time: 0.281	0.281	0 ms
Numeric time: 0.212	0.212	0 ms
Symbolic time: 0.283	0.283	0 ms
Numeric time: 0.213	0.213	0 ms
Symbolic time: 0.283	0.283	0 ms
Numeric time: 0.217	0.217	0 ms
Symbolic time: 0.28	0.28	0 ms
Numeric time: 0.214	0.214	0 ms
Symbolic time: 0.282	0.281	0 ms
Numeric time: 0.216	0.216	0 ms
Symbolic time: 0.282	0.282	0 ms
Numeric time: 0.215	0.215	0 ms
Symbolic time: 0.285	0.285	0 ms
Numeric time: 0.213	0.213	0 ms
Symbolic time: 0.283	0.282	0 ms
Numeric time: 0.213	0.213	0 ms
Symbolic time: 0.285	0.285	0 ms
Numeric time: 0.21	0.21	0 ms
Symbolic time: 0.283	0.283	0 ms
Numeric time: 0.211	0.211	0 ms
Symbolic time: 0.286	0.286	0 ms
Numeric time: 0.209	0.209	0 ms
Symbolic time: 0.283	0.283	0 ms
Numeric time: 0.211	0.211	0 ms
Symbolic time: 0.284	0.284	0 ms
Numeric time: 0.213	0.213	0 ms
Symbolic time: 0.282	0.282	0 ms
Numeric time: 0.215	0.215	0 ms
Symbolic time: 0.282	0.282	0 ms
Numeric time: 0.215	0.215	0 ms
Symbolic time: 0.283	0.283	0 ms
Numeric time: 0.22	0.22	0 ms
Symbolic time: 0.283	0.283	0 ms
Numeric time: 0.214	0.214	0 ms
Symbolic time: 0.285	0.285	0 ms
Numeric time: 0.214	0.214	0 ms
Symbolic time: 0.282	0.282	0 ms
Numeric time: 0.214	0.213	0 ms
Symbolic time: 0.287	0.287	0 ms
Numeric time: 0.214	0.214	0 ms
Symbolic time: 0.282	0.282	0 ms
Numeric time: 0.212	0.212	0 ms
Symbolic time: 0.283	0.283	0 ms
Numeric time: 0.213	0.213	0 ms
Symbolic time: 0.283	0.283	0 ms
Numeric time: 0.213	0.213	0 ms
Symbolic time: 0.346	0.346	0 ms
Numeric time: 0.215	0.215	0 ms
Symbolic time: 0.284	0.284	0 ms
Numeric time: 0.217	0.217	0 ms
Symbolic time: 0.281	0.281	0 ms
Numeric time: 0.214	0.214	0 ms
Symbolic time: 0.282	0.282	0 ms
Numeric time: 0.216	0.216	0 ms
Symbolic time: 0.284	0.284	0 ms
Numeric time: 0.217	0.217	0 ms
Symbolic time: 0.287	0.287	0 ms
Numeric time: 0.211	0.211	0 ms
Symbolic time: 0.281	0.281	0 ms
Numeric time: 0.212	0.212	0 ms
Symbolic time: 0.285	0.285	0 ms
Numeric time: 0.212	0.212	0 ms
Symbolic time: 0.286	0.286	0 ms
Numeric time: 0.212	0.212	0 ms
Symbolic time: 0.285	0.284	0 ms
Numeric time: 0.213	0.213	0 ms
Symbolic time: 0.285	0.285	0 ms
Numeric time: 0.21	0.21	0 ms
Symbolic time: 0.283	0.283	0 ms
Numeric time: 0.212	0.212	0 ms
Symbolic time: 0.282	0.282	0 ms
Numeric time: 0.218	0.218	0 ms
Symbolic time: 0.281	0.281	0 ms
Numeric time: 0.213	0.213	0 ms
Symbolic time: 0.282	0.282	0 ms
Numeric time: 0.218	0.218	0 ms
Symbolic time: 0.282	0.282	0 ms
Numeric time: 0.215	0.216	0 ms
Symbolic time: 0.286	0.286	0 ms
Numeric time: 0.215	0.215	0 ms
Symbolic time: 0.282	0.282	0 ms
Numeric time: 0.214	0.214	0 ms
Symbolic time: 0.286	0.286	0 ms
Numeric time: 0.213	0.213	0 ms
Symbolic time: 0.281	0.281	0 ms
Numeric time: 0.213	0.213	0 ms
Symbolic time: 0.282	0.282	0 ms
Numeric time: 0.214	0.214	0 ms
Symbolic time: 0.284	0.283	0 ms
Numeric time: 0.215	0.215	0 ms
Symbolic time: 0.286	0.286	0 ms
Numeric time: 0.216	0.216	0 ms
Symbolic time: 0.282	0.282	0 ms
Numeric time: 0.218	0.218	0 ms
Symbolic time: 0.283	0.283	0 ms
Numeric time: 0.212	0.211	0 ms
Symbolic time: 0.286	0.286	0 ms
Numeric time: 0.215	0	0.215 ms
Symbolic time: 0.282	0	0.283 ms
Numeric time: 0.212	0	0.212 ms
Symbolic time: 0.286	0.136	0.151 ms
Numeric time: 0.209	0.199	0.011 ms
Symbolic time: 0.282	0.267	0.015 ms
Numeric time: 0.212	0.201	0.011 ms
Symbolic time: 0.286	0.286	0 ms
Numeric time: 0.211	0.212	0 ms
Symbolic time: 0.284	0.285	0 ms
Numeric time: 0.212	0.21	0.002 ms
Symbolic time: 0.287	0.287	0 ms
Numeric time: 0.215	0.215	0 ms
Symbolic time: 0.28	0.28	0 ms
Numeric time: 0.213	0.21	0.002 ms
Symbolic time: 0.285	0.286	0 ms
Numeric time: 0.216	0.216	0 ms
Symbolic time: 0.28	0.281	0 ms
Numeric time: 0.215	0.214	0 ms
Symbolic time: 0.283	0.283	0 ms
Numeric time: 0.213	0.213	0 ms
Symbolic time: 0.281	0.282	0 ms
Numeric time: 0.214	0.214	0 ms
Symbolic time: 0.283	0.283	0 ms
Numeric time: 0.212	0.212	0 ms
Symbolic time: 0.281	0.281	0 ms
Numeric time: 0.22	0.22	0 ms
Symbolic time: 0.283	0.284	0 ms
Numeric time: 0.213	0.213	0 ms
Symbolic time: 0.285	0.284	0 ms
Numeric time: 0.213	0.213	0 ms
Symbolic time: 0.281	0.281	0 ms
Numeric time: 0.211	0.212	0 ms
Symbolic time: 0.29	0.289	0 ms
Numeric time: 0.213	0.213	0 ms
Symbolic time: 0.284	0.284	0 ms
Numeric time: 0.214	0.214	0 ms
Symbolic time: 0.287	0.287	0 ms
Numeric time: 0.21	0.21	0 ms
Symbolic time: 0.282	0.282	0 ms
Numeric time: 0.215	0.215	0 ms
Symbolic time: 0.283	0.282	0 ms
Numeric time: 0.212	0.212	0 ms
Symbolic time: 0.281	0.281	0 ms
Numeric time: 0.214	0.213	0 ms
Symbolic time: 0.284	0.284	0 ms
Numeric time: 0.213	0.213	0 ms
Symbolic time: 0.283	0.284	0 ms
Numeric time: 0.224	0.224	0 ms
Symbolic time: 0.283	0.283	0 ms
Numeric time: 0.212	0.212	0 ms
Symbolic time: 0.285	0.285	0 ms
Numeric time: 0.215	0.215	0 ms
Symbolic time: 0.286	0.286	0 ms
Numeric time: 0.212	0.212	0 ms
Symbolic time: 0.283	0.284	0 ms
Numeric time: 0.212	0.212	0 ms
Symbolic time: 0.284	0.284	0 ms
Numeric time: 0.214	0.214	0 ms
Symbolic time: 0.284	0.285	0 ms
Numeric time: 0.214	0.214	0 ms
Symbolic time: 0.284	0.284	0 ms
Numeric time: 0.215	0.216	0 ms
Symbolic time: 0.284	0.284	0 ms
Numeric time: 0.213	0.213	0 ms
Symbolic time: 0.281	0.281	0 ms
Numeric time: 0.218	0.218	0 ms
Symbolic time: 0.282	0.283	0 ms
Numeric time: 0.216	0.217	0 ms
Symbolic time: 0.28	0.28	0 ms
Numeric time: 0.218	0.218	0 ms
Symbolic time: 0.281	0.281	0 ms
Numeric time: 0.215	0.216	0 ms
Symbolic time: 0.286	0.286	0 ms
Numeric time: 0.215	0.215	0 ms
Symbolic time: 0.282	0.282	0 ms
Numeric time: 0.212	0.212	0 ms
Symbolic time: 0.286	0.286	0 ms
Numeric time: 0.216	0.215	0 ms
Symbolic time: 0.284	0.284	0 ms
Numeric time: 0.21	0.21	0 ms
Symbolic time: 0.284	0.284	0 ms
Numeric time: 0.214	0.214	0 ms
Symbolic time: 0.283	0.283	0 ms
Numeric time: 0.215	0.215	0 ms
Symbolic time: 0.283	0.284	0 ms
Numeric time: 0.214	0.214	0 ms
Symbolic time: 0.285	0.285	0 ms
Numeric time: 0.213	0.213	0 ms
Symbolic time: 0.283	0.283	0 ms
Numeric time: 0.211	0.212	0 ms
Symbolic time: 0.283	0.284	0 ms
Numeric time: 0.215	0.215	0 ms
Symbolic time: 0.283	0.283	0 ms
Numeric time: 0.213	0.213	0 ms
Symbolic time: 0.286	0.287	0 ms
Numeric time: 0.212	0.212	0 ms
Symbolic time: 0.282	0.282	0 ms
Numeric time: 0.213	0.214	0 ms
Symbolic time: 0.285	0.285	0 ms
Numeric time: 0.214	0.215	0 ms
Symbolic time: 0.283	0.282	0 ms
Numeric time: 0.214	0.214	0 ms
Symbolic time: 0.284	0.285	0 ms
Numeric time: 0.213	0.213	0 ms
Symbolic time: 0.281	0.282	0 ms
Numeric time: 0.213	0.213	0 ms
Symbolic time: 0.281	0.281	0 ms
Numeric time: 0.217	0.217	0 ms
Symbolic time: 0.282	0.283	0 ms
Numeric time: 0.215	0.215	0 ms
Symbolic time: 0.284	0.284	0 ms
Numeric time: 0.212	0.212	0 ms
Symbolic time: 0.282	0.282	0 ms
Numeric time: 0.216	0.216	0 ms
Symbolic time: 0.285	0.285	0 ms
Numeric time: 0.216	0.215	0 ms
Symbolic time: 0.286	0.286	0 ms
Numeric time: 0.214	0.214	0 ms
Symbolic time: 0.279	0.28	0 ms
Numeric time: 0.216	0.216	0 ms
Symbolic time: 0.284	0.284	0 ms
Numeric time: 0.213	0.213	0 ms
Symbolic time: 0.281	0.281	0 ms
Numeric time: 0.214	0.214	0 ms
Symbolic time: 0.287	0.287	0 ms
Numeric time: 0.212	0.212	0 ms
Symbolic time: 0.282	0.281	0 ms
Numeric time: 0.214	0.214	0 ms
Symbolic time: 0.283	0.283	0 ms
Numeric time: 0.212	0.213	0 ms
Symbolic time: 0.281	0.281	0 ms
Numeric time: 0.217	0.217	0 ms
Symbolic time: 0.283	0.283	0 ms
Numeric time: 0.211	0.211	0 ms
Symbolic time: 0.283	0.283	0 ms
Numeric time: 0.216	0.216	0 ms
Symbolic time: 0.284	0.284	0 ms
Numeric time: 0.211	0.211	0 ms
Symbolic time: 0.289	0.289	0 ms
Numeric time: 0.21	0.21	0 ms
Symbolic time: 0.284	0.284	0 ms
Numeric time: 0.212	0.212	0 ms
Symbolic time: 0.284	0.284	0 ms
Numeric time: 0.214	0.214	0 ms
Symbolic time: 0.282	0.282	0 ms
Numeric time: 0.212	0.213	0 ms
Symbolic time: 0.286	0.286	0 ms
Numeric time: 0.213	0.213	0 ms
Symbolic time: 0.284	0.284	0 ms
Numeric time: 0.213	0.212	0 ms
Symbolic time: 0.285	0.285	0 ms
Numeric time: 0.213	0.213	0 ms
Symbolic time: 0.282	0.282	0 ms
Numeric time: 0.216	0.216	0 ms
Symbolic time: 0.282	0.282	0 ms
Numeric time: 0.213	0.213	0 ms
Symbolic time: 0.283	0.283	0 ms
Numeric time: 0.217	0.217	0 ms
Symbolic time: 0.284	0.284	0 ms
Numeric time: 0.215	0.215	0 ms
Symbolic time: 0.289	0.289	0 ms
Numeric time: 0.215	0.215	0 ms
Symbolic time: 0.283	0.283	0 ms
Numeric time: 0.214	0.214	0 ms
Symbolic time: 0.289	0.289	0 ms
Numeric time: 0.214	0.214	0 ms
Symbolic time: 0.282	0.282	0 ms
Numeric time: 0.211	0.211	0 ms
Symbolic time: 0.287	0.287	0 ms
Numeric time: 0.215	0.215	0 ms
Symbolic time: 0.283	0.283	0 ms
Numeric time: 0.213	0.213	0 ms
Symbolic time: 0.285	0.285	0 ms
Numeric time: 0.215	0.215	0 ms
Symbolic time: 0.282	0.282	0 ms
Numeric time: 0.215	0.215	0 ms
Symbolic time: 0.283	0.282	0 ms
Numeric time: 0.211	0.211	0 ms
Symbolic time: 0.28	0.28	0 ms
Numeric time: 0.216	0.216	0 ms
Symbolic time: 0.283	0.283	0 ms
Numeric time: 0.216	0.216	0 ms
Symbolic time: 0.281	0.281	0 ms
Numeric time: 0.218	0.218	0 ms
Symbolic time: 0.283	0.283	0 ms
Numeric time: 0.212	0.212	0 ms
Symbolic time: 0.287	0.287	0 ms
Numeric time: 0.215	0.215	0 ms
Symbolic time: 0.283	0.283	0 ms
Numeric time: 0.213	0.213	0 ms
Symbolic time: 0.288	0.288	0 ms
Numeric time: 0.212	0.212	0 ms
Symbolic time: 0.282	0.282	0 ms
Numeric time: 0.212	0.212	0 ms
Symbolic time: 0.284	0.284	0 ms
Numeric time: 0.212	0.212	0 ms
Symbolic time: 0.283	0.283	0 ms
Numeric time: 0.215	0.215	0 ms
Symbolic time: 0.284	0.284	0 ms
Numeric time: 0.212	0.213	0 ms
Symbolic time: 0.283	0.283	0 ms
Numeric time: 0.214	0.214	0 ms
Symbolic time: 0.285	0.285	0 ms
Numeric time: 0.211	0.211	0 ms
Symbolic time: 0.285	0.285	0 ms
Numeric time: 0.214	0.213	0 ms
Symbolic time: 0.287	0.287	0 ms
Numeric time: 0.212	0.212	0 ms
Symbolic time: 0.284	0.284	0 ms
Numeric time: 0.214	0.214	0 ms
Symbolic time: 0.282	0.282	0 ms
Numeric time: 0.212	0.212	0 ms
Symbolic time: 0.283	0.284	0 ms
Numeric time: 0.215	0.215	0 ms
Symbolic time: 0.285	0.285	0 ms
Numeric time: 0.215	0.215	0 ms
Symbolic time: 0.284	0.284	0 ms
Numeric time: 0.215	0.215	0 ms
Symbolic time: 0.283	0.283	0 ms
Numeric time: 0.214	0.214	0 ms
Symbolic time: 0.282	0.282	0 ms
Numeric time: 0.214	0.214	0 ms
Symbolic time: 0.283	0.283	0 ms
Numeric time: 0.22	0.221	0 ms
Symbolic time: 0.282	0.282	0 ms
Numeric time: 0.215	0.216	0 ms
Symbolic time: 0.283	0.284	0 ms
Numeric time: 0.219	0.219	0 ms
Symbolic time: 0.284	0.284	0 ms
Numeric time: 0.213	0.213	0 ms
Symbolic time: 0.285	0.285	0 ms
Numeric time: 0.213	0.213	0 ms
Symbolic time: 0.283	0.282	0 ms
Numeric time: 0.213	0.213	0 ms
Symbolic time: 0.285	0.285	0 ms
Numeric time: 0.212	0.212	0 ms
Symbolic time: 0.281	0.281	0 ms
Numeric time: 0.215	0.215	0 ms
Symbolic time: 0.284	0.284	0 ms
Numeric time: 0.214	0.214	0 ms
Symbolic time: 0.283	0.283	0 ms
Numeric time: 0.216	0.216	0 ms
Symbolic time: 0.283	0.283	0 ms
Numeric time: 0.215	0.215	0 ms
Symbolic time: 0.281	0.281	0 ms
Numeric time: 0.22	0.222	0 ms
Symbolic time: 0.282	0.282	0 ms
Numeric time: 0.212	0.212	0 ms
Symbolic time: 0.283	0.283	0 ms
Numeric time: 0.218	0.22	0 ms
Symbolic time: 0.281	0.281	0 ms
Numeric time: 0.212	0.212	0 ms
Symbolic time: 0.286	0.286	0 ms
Numeric time: 0.211	0.211	0 ms
Symbolic time: 0.284	0.284	0 ms
Numeric time: 0.215	0.215	0 ms
Symbolic time: 0.289	0.289	0 ms
Numeric time: 0.212	0.212	0 ms
Symbolic time: 0.28	0.28	0 ms
Numeric time: 0.214	0.214	0 ms
Symbolic time: 0.284	0.284	0 ms
Numeric time: 0.212	0.212	0 ms
Symbolic time: 0.283	0.283	0 ms
Numeric time: 0.215	0.215	0 ms
Symbolic time: 0.284	0.284	0 ms
Numeric time: 0.213	0.213	0 ms
Symbolic time: 0.285	0.285	0 ms
Numeric time: 0.216	0.216	0 ms
Symbolic time: 0.285	0.285	0 ms
Numeric time: 0.216	0.216	0 ms
Symbolic time: 0.283	0.283	0 ms
Numeric time: 0.214	0	0.215 ms
Symbolic time: 0.282	0	0.282 ms
Numeric time: 0.214	0	0.215 ms
Symbolic time: 0.286	0.126	0.159 ms
Numeric time: 0.214	0.205	0.01 ms
Symbolic time: 0.284	0.272	0.013 ms
Numeric time: 0.215	0.205	0.01 ms
Symbolic time: 0.286	0.287	0 ms
Numeric time: 0.216	0.215	0 ms
Symbolic time: 0.283	0.283	0 ms
Numeric time: 0.215	0.213	0.002 ms
Symbolic time: 0.289	0.289	0 ms
Numeric time: 0.214	0.214	0 ms
Symbolic time: 0.282	0.282	0 ms
Numeric time: 0.214	0.211	0.002 ms
Symbolic time: 0.282	0	0.282 ms
Numeric time: 0.213	0	0.212 ms
Symbolic time: 0.282	0	0.282 ms
Numeric time: 0.218	0.135	0.084 ms
Symbolic time: 0.281	0.268	0.014 ms
Numeric time: 0.217	0.207	0.01 ms
Symbolic time: 0.283	0.27	0.013 ms
Numeric time: 0.218	0.219	0 ms
Symbolic time: 0.283	0.283	0 ms
Numeric time: 0.213	0.213	0 ms
Symbolic time: 0.285	0.284	0 ms
Numeric time: 0.215	0.214	0 ms
Symbolic time: 0.282	0.281	0 ms
Numeric time: 0.215	0.215	0 ms
Symbolic time: 0.284	0.284	0 ms
Numeric time: 0.213	0.214	0 ms
Symbolic time: 0.285	0.285	0 ms
Numeric time: 0.212	0.213	0 ms
Symbolic time: 0.283	0.284	0 ms
Numeric time: 0.211	0.212	0 ms
Symbolic time: 0.283	0.283	0 ms
Numeric time: 0.214	0.214	0.001 ms
Symbolic time: 0.286	0.286	0 ms
Numeric time: 0.213	0.213	0 ms
Symbolic time: 0.283	0.283	0 ms
Numeric time: 0.216	0.216	0 ms
Symbolic time: 0.283	0.283	0 ms
Numeric time: 0.213	0.214	0 ms
Symbolic time: 0.283	0.283	0 ms
Numeric time: 0.216	0.215	0 ms
Symbolic time: 0.282	0.281	0 ms
Numeric time: 0.211	0.212	0 ms
Symbolic time: 0.282	0.283	0 ms
Numeric time: 0.215	0	0.214 ms
Symbolic time: 0.283	0	0.283 ms
Numeric time: 0.215	0	0.215 ms
Symbolic time: 0.285	0.128	0.157 ms
Numeric time: 0.214	0.204	0.01 ms
Symbolic time: 0.282	0.268	0.014 ms
Numeric time: 0.213	0.203	0.011 ms
Symbolic time: 0.284	0.285	0 ms
Numeric time: 0.213	0.213	0 ms
Symbolic time: 0.283	0.283	0 ms
Numeric time: 0.21	0.208	0.003 ms
Symbolic time: 0.287	0.287	0 ms
Numeric time: 0.216	0.216	0 ms
Symbolic time: 0.284	0.284	0 ms
Numeric time: 0.22	0.22	0 ms
Symbolic time: 0.283	0.284	0 ms
Numeric time: 0.213	0.213	0 ms
Symbolic time: 0.283	0.283	0 ms
Numeric time: 0.216	0.216	0 ms
Symbolic time: 0.284	0.284	0 ms
Numeric time: 0.214	0.214	0 ms
Symbolic time: 0.283	0.282	0.001 ms
Numeric time: 0.214	0	0.215 ms
Symbolic time: 0.282	0	0.283 ms
Numeric time: 0.214	0	0.214 ms
Symbolic time: 0.284	0.136	0.147 ms
Numeric time: 0.212	0.202	0.01 ms
Symbolic time: 0.282	0.268	0.014 ms
Numeric time: 0.213	0.203	0.011 ms
Symbolic time: 0.288	0.288	0 ms
Numeric time: 0.214	0.215	0 ms
Symbolic time: 0.284	0.284	0 ms
Numeric time: 0.214	0.212	0.003 ms
Symbolic time: 0.288	0.288	0 ms
Numeric time: 0.214	0.213	0 ms
Symbolic time: 0.281	0.281	0 ms
Numeric time: 0.216	0.216	0 ms
Symbolic time: 0.284	0.283	0 ms
Numeric time: 0.213	0.212	0 ms
Symbolic time: 0.283	0.283	0 ms
Numeric time: 0.213	0.214	0 ms
Symbolic time: 0.285	0.284	0 ms
Numeric time: 0.211	0.211	0 ms
Symbolic time: 0.284	0.283	0 ms
Numeric time: 0.212	0	0.212 ms
Symbolic time: 0.282	0	0.282 ms
Numeric time: 0.213	0	0.213 ms
Symbolic time: 0.283	0.132	0.152 ms
Numeric time: 0.212	0.202	0.011 ms
Symbolic time: 0.284	0.269	0.014 ms
Numeric time: 0.213	0.202	0.011 ms
Symbolic time: 0.286	0.286	0 ms
Numeric time: 0.212	0.212	0 ms
Symbolic time: 0.282	0.282	0 ms
Numeric time: 0.211	0.209	0.003 ms
Symbolic time: 0.291	0.292	0 ms
Numeric time: 0.214	0.214	0 ms
Symbolic time: 0.282	0.283	0 ms
Numeric time: 0.216	0.216	0 ms
Symbolic time: 0.282	0.282	0 ms
Numeric time: 0.213	0.212	0 ms
Symbolic time: 0.284	0.283	0 ms
Numeric time: 0.216	0.215	0 ms
Symbolic time: 0.283	0.283	0 ms
Numeric time: 0.212	0.212	0 ms
Symbolic time: 0.283	0.282	0 ms
Numeric time: 0.217	0.217	0 ms
Symbolic time: 0.282	0.282	0 ms
Numeric time: 0.215	0.216	0 ms
Symbolic time: 0.285	0.286	0 ms
Numeric time: 0.212	0.212	0 ms
Symbolic time: 0.283	0.283	0 ms
Numeric time: 0.213	0.213	0 ms
Symbolic time: 0.283	0.283	0 ms
Numeric time: 0.212	0.212	0 ms
Symbolic time: 0.28	0.28	0 ms
Numeric time: 0.213	0.213	0 ms
Symbolic time: 0.283	0.283	0 ms
Numeric time: 0.213	0.213	0 ms
Symbolic time: 0.282	0.282	0 ms
Numeric time: 0.215	0.214	0 ms
Symbolic time: 0.285	0.285	0 ms
Numeric time: 0.214	0.215	0 ms
Symbolic time: 0.284	0.283	0 ms
Numeric time: 0.224	0.224	0 ms
Symbolic time: 0.286	0.285	0 ms
Numeric time: 0.213	0.213	0 ms
Symbolic time: 0.283	0.284	0 ms
Numeric time: 0.213	0.213	0 ms
Symbolic time: 0.285	0.285	0 ms
Numeric time: 0.212	0.212	0 ms
Symbolic time: 0.288	0.288	0 ms
Numeric time: 0.209	0.209	0 ms
Symbolic time: 0.283	0.284	0 ms
Numeric time: 0.212	0.211	0 ms
Symbolic time: 0.285	0.286	0 ms
Numeric time: 0.215	0.215	0 ms
Symbolic time: 0.283	0.283	0 ms
Numeric time: 0.212	0.213	0 ms
Symbolic time: 0.287	0.286	0 ms
Numeric time: 0.212	0.211	0 ms
Symbolic time: 0.282	0.282	0 ms
Numeric time: 0.215	0.216	0 ms
Symbolic time: 0.283	0	0.283 ms
Numeric time: 0.214	0	0.214 ms
Symbolic time: 0.283	0	0.283 ms
Numeric time: 0.216	0.137	0.079 ms
Symbolic time: 0.279	0.266	0.014 ms
Numeric time: 0.213	0.202	0.011 ms
Symbolic time: 0.285	0.27	0.014 ms
Numeric time: 0.215	0.215	0 ms
Symbolic time: 0.283	0.283	0 ms
Numeric time: 0.214	0.214	0 ms
Symbolic time: 0.287	0.287	0 ms
Numeric time: 0.213	0.214	0 ms
Symbolic time: 0.282	0.282	0 ms
Numeric time: 0.214	0.214	0 ms
Symbolic time: 0.284	0.285	0 ms
Numeric time: 0.214	0.214	0 ms
Symbolic time: 0.282	0.282	0 ms
Numeric time: 0.214	0.214	0 ms
Symbolic time: 0.287	0.287	0 ms
Numeric time: 0.213	0.214	0 ms
Symbolic time: 0.28	0.28	0 ms
Numeric time: 0.211	0.211	0 ms
Symbolic time: 0.285	0.285	0 ms
Numeric time: 0.211	0.211	0 ms
Symbolic time: 0.283	0.284	0 ms
Numeric time: 0.213	0.213	0 ms
Symbolic time: 0.283	0.283	0 ms
Numeric time: 0.211	0.212	0 ms
Symbolic time: 0.284	0.283	0 ms
Numeric time: 0.215	0.215	0 ms
Symbolic time: 0.283	0.283	0 ms
Numeric time: 0.213	0.213	0 ms
Symbolic time: 0.287	0.286	0 ms
Numeric time: 0.214	0.215	0 ms
Symbolic time: 0.283	0.283	0 ms
Numeric time: 0.214	0.214	0 ms
Symbolic time: 0.288	0.289	0 ms
Numeric time: 0.213	0.213	0 ms
Symbolic time: 0.284	0.284	0 ms
Numeric time: 0.214	0.214	0 ms
Symbolic time: 0.286	0.286	0 ms
Numeric time: 0.214	0.214	0 ms
Symbolic time: 0.283	0.283	0 ms
Numeric time: 0.214	0.214	0 ms
Symbolic time: 0.282	0.282	0 ms
Numeric time: 0.214	0.214	0 ms
Symbolic time: 0.282	0.282	0 ms
Numeric time: 0.219	0.219	0 ms
Symbolic time: 0.283	0.283	0 ms
Numeric time: 0.212	0.212	0 ms
Symbolic time: 0.282	0.282	0 ms
Numeric time: 0.219	0.219	0 ms
Symbolic time: 0.283	0.283	0 ms
Numeric time: 0.212	0.212	0 ms
Symbolic time: 0.287	0.287	0 ms
Numeric time: 0.214	0.214	0 ms
Symbolic time: 0.283	0.283	0 ms
Numeric time: 0.212	0.213	0 ms
Symbolic time: 0.285	0.285	0 ms
Numeric time: 0.215	0.215	0 ms
Symbolic time: 0.283	0.284	0 ms
Numeric time: 0.216	0.216	0 ms
Symbolic time: 0.285	0.285	0 ms
Numeric time: 0.211	0.211	0 ms
Symbolic time: 0.284	0.284	0 ms
Numeric time: 0.211	0.212	0 ms
Symbolic time: 0.287	0.287	0 ms
Numeric time: 0.211	0.212	0 ms
Symbolic time: 0.284	0.283	0 ms
Numeric time: 0.214	0.214	0 ms
Symbolic time: 0.283	0.282	0 ms
Numeric time: 0.212	0.212	0 ms
Symbolic time: 0.282	0.281	0 ms
Numeric time: 0.217	0.217	0 ms
Symbolic time: 0.282	0.281	0 ms
Numeric time: 0.21	0.21	0 ms
Symbolic time: 0.281	0.282	0 ms
Numeric time: 0.213	0	0.213 ms
Symbolic time: 0.282	0	0.282 ms
Numeric time: 0.212	0	0.212 ms
Symbolic time: 0.286	0.136	0.15 ms
Numeric time: 0.214	0.204	0.011 ms
Symbolic time: 0.284	0.27	0.015 ms
Numeric time: 0.213	0.202	0.011 ms
Symbolic time: 0.288	0.287	0 ms
Numeric time: 0.212	0.213	0 ms
Symbolic time: 0.282	0.282	0 ms
Numeric time: 0.214	0.211	0.003 ms
Symbolic time: 0.286	0.286	0 ms
Numeric time: 0.215	0.215	0 ms
Symbolic time: 0.282	0.282	0 ms
Numeric time: 0.216	0.217	0 ms
Symbolic time: 0.283	0.284	0 ms
Numeric time: 0.213	0.213	0 ms
Symbolic time: 0.282	0.282	0 ms
Numeric time: 0.217	0.217	0 ms
Symbolic time: 0.283	0.283	0 ms
Numeric time: 0.212	0.211	0 ms
Symbolic time: 0.281	0.281	0 ms
Numeric time: 0.215	0.215	0 ms
Symbolic time: 0.284	0.284	0 ms
Numeric time: 0.209	0.21	0 ms
Symbolic time: 0.286	0.286	0 ms
Numeric time: 0.21	0.211	0 ms
Symbolic time: 0.282	0.283	0 ms
Numeric time: 0.211	0.211	0 ms
Symbolic time: 0.284	0.284	0 ms
Numeric time: 0.212	0.212	0 ms
Symbolic time: 0.281	0.281	0 ms
Numeric time: 0.21	0.211	0 ms
Symbolic time: 0.286	0.286	0 ms
Numeric time: 0.214	0.215	0 ms
Symbolic time: 0.282	0.282	0 ms
Numeric time: 0.213	0.214	0 ms
Symbolic time: 0.283	0	0.283 ms
Numeric time: 0.214	0	0.215 ms
Symbolic time: 0.285	0	0.285 ms
Numeric time: 0.219	0.145	0.073 ms
Symbolic time: 0.283	0.267	0.015 ms
Numeric time: 0.215	0.204	0.012 ms
Symbolic time: 0.284	0.269	0.015 ms
Numeric time: 0.219	0	0.219 ms
Symbolic time: 0.285	0	0.285 ms
Numeric time: 0.21	0	0.211 ms
Symbolic time: 0.284	0.131	0.154 ms
Numeric time: 0.213	0.201	0.011 ms
Symbolic time: 0.284	0.269	0.016 ms
Numeric time: 0.211	0.199	0.012 ms
Symbolic time: 0.284	0.284	0 ms
Numeric time: 0.215	0.215	0 ms
Symbolic time: 0.281	0.281	0 ms
Numeric time: 0.214	0.211	0.002 ms
Symbolic time: 0.283	0.282	0 ms
Numeric time: 0.215	0.215	0 ms
Symbolic time: 0.283	0.282	0 ms
Numeric time: 0.212	0.21	0.003 ms
Symbolic time: 0.283	0.284	0 ms
Numeric time: 0.212	0.212	0 ms
Symbolic time: 0.281	0.281	0 ms
Numeric time: 0.216	0.216	0 ms
Symbolic time: 0.281	0.281	0 ms
Numeric time: 0.211	0.212	0 ms
Symbolic time: 0.281	0.282	0 ms
Numeric time: 0.222	0.222	0 ms
Symbolic time: 0.282	0.283	0 ms
Numeric time: 0.21	0.21	0 ms
Symbolic time: 0.285	0.286	0 ms
Numeric time: 0.212	0.213	0 ms
Symbolic time: 0.283	0.282	0 ms
Numeric time: 0.213	0.213	0 ms
Symbolic time: 0.283	0.283	0 ms
Numeric time: 0.213	0.212	0 ms
Symbolic time: 0.284	0.283	0 ms
Numeric time: 0.212	0.212	0 ms
Symbolic time: 0.288	0.288	0 ms
Numeric time: 0.214	0.214	0 ms
Symbolic time: 0.281	0.282	0 ms
Numeric time: 0.214	0.214	0 ms
Symbolic time: 0.282	0	0.282 ms
Numeric time: 0.213	0	0.214 ms
Symbolic time: 0.283	0	0.283 ms
Numeric time: 0.218	0.141	0.077 ms
Symbolic time: 0.281	0.266	0.015 ms
Numeric time: 0.216	0.204	0.012 ms
Symbolic time: 0.281	0.265	0.016 ms
Numeric time: 0.217	0	0.218 ms
Symbolic time: 0.283	0	0.284 ms
Numeric time: 0.218	0	0.217 ms
Symbolic time: 0.287	0.139	0.148 ms
Numeric time: 0.216	0.205	0.012 ms
Symbolic time: 0.28	0.264	0.016 ms
Numeric time: 0.213	0.201	0.012 ms
Symbolic time: 0.286	0.286	0 ms
Numeric time: 0.213	0.212	0 ms
Symbolic time: 0.28	0.28	0 ms
Numeric time: 0.214	0.211	0.002 ms
Symbolic time: 0.287	0.288	0 ms
Numeric time: 0.213	0.213	0 ms
Symbolic time: 0.283	0.283	0 ms
Numeric time: 0.215	0.211	0.003 ms
Symbolic time: 0.289	0.289	0 ms
Numeric time: 0.214	0.214	0 ms
Symbolic time: 0.282	0.282	0 ms
Numeric time: 0.216	0.216	0 ms
Symbolic time: 0.284	0.283	0 ms
Numeric time: 0.214	0.213	0 ms
Symbolic time: 0.283	0.282	0 ms
Numeric time: 0.214	0	0.215 ms
Symbolic time: 0.286	0	0.286 ms
Numeric time: 0.215	0	0.216 ms
Symbolic time: 0.283	0.079	0.205 ms
Numeric time: 0.217	0	0.217 ms
Symbolic time: 0.284	0	0.284 ms
Numeric time: 0.209	0	0.209 ms
Symbolic time: 0.286	0.14	0.145 ms
Numeric time: 0.212	0.199	0.012 ms
Symbolic time: 0.285	0.268	0.017 ms
Numeric time: 0.212	0.2	0.012 ms
Symbolic time: 0.288	0.287	0 ms
Numeric time: 0.212	0.213	0 ms
Symbolic time: 0.283	0.283	0 ms
Numeric time: 0.211	0.209	0.003 ms
Symbolic time: 0.286	0.286	0 ms
Numeric time: 0.21	0.21	0 ms
Symbolic time: 0.281	0.281	0 ms
Numeric time: 0.217	0.217	0 ms
Symbolic time: 0.282	0.282	0 ms
Numeric time: 0.217	0.217	0 ms
Symbolic time: 0.283	0.283	0 ms
Numeric time: 0.219	0.22	0 ms
Symbolic time: 0.285	0.285	0 ms
Numeric time: 0.212	0.213	0 ms
Symbolic time: 0.282	0.282	0 ms
Numeric time: 0.216	0.216	0 ms

Symbolic time: 0.293658 ms
Numeric time: 0.221259 ms
