Symbolic time: 0.55	0.436	0.109 ms
Numeric time: 0.439	0	0.443 ms
Symbolic time: 0.453	0.374	0.079 ms
Numeric time: 0.338	0.254	0.084 ms
Symbolic time: 0.464	0.463	0 ms
Numeric time: 0.312	0.313	0 ms
Symbolic time: 0.488	0.488	0 ms
Numeric time: 0.313	0.312	0 ms
Symbolic time: 0.308	0.285	0.024 ms
Numeric time: 0.216	0.216	0 ms
Symbolic time: 0.278	0.277	0 ms
Numeric time: 0.194	0.194	0 ms
Symbolic time: 0.288	0.268	0.02 ms
Numeric time: 0.22	0.219	0 ms
Symbolic time: 0.273	0.274	0 ms
Numeric time: 0.194	0.194	0 ms
Symbolic time: 0.295	0.296	0 ms
Numeric time: 0.211	0.211	0 ms
Symbolic time: 0.276	0.276	0 ms
Numeric time: 0.194	0.195	0 ms
Symbolic time: 0.303	0.304	0 ms
Numeric time: 0.197	0.196	0 ms
Symbolic time: 0.277	0.276	0 ms
Numeric time: 0.194	0.195	0 ms
Symbolic time: 0.303	0.303	0 ms
Numeric time: 0.198	0.197	0 ms
Symbolic time: 0.275	0.275	0 ms
Numeric time: 0.2	0.2	0 ms
Symbolic time: 0.292	0.293	0 ms
Numeric time: 0.197	0.197	0 ms
Symbolic time: 0.283	0.283	0 ms
Numeric time: 0.211	0.211	0 ms
Symbolic time: 0.289	0.288	0 ms
Numeric time: 0.197	0.197	0 ms
Symbolic time: 0.283	0.283	0 ms
Numeric time: 0.215	0.215	0 ms
Symbolic time: 0.289	0.289	0 ms
Numeric time: 0.194	0.194	0 ms
Symbolic time: 0.277	0.277	0 ms
Numeric time: 0.207	0.208	0 ms
Symbolic time: 0.285	0.285	0 ms
Numeric time: 0.203	0.202	0 ms
Symbolic time: 0.276	0.276	0 ms
Numeric time: 0.142	0.142	0 ms
Symbolic time: 0.194	0.195	0 ms
Numeric time: 0.133	0.132	0 ms
Symbolic time: 0.186	0.185	0 ms
Numeric time: 0.133	0.133	0 ms
Symbolic time: 0.196	0.196	0 ms
Numeric time: 0.135	0.134	0 ms
Symbolic time: 0.189	0.188	0 ms
Numeric time: 0.138	0.139	0 ms
Symbolic time: 0.187	0.188	0 ms
Numeric time: 0.132	0.132	0 ms
Symbolic time: 0.196	0.196	0 ms
Numeric time: 0.146	0.145	0 ms
Symbolic time: 0.194	0.195	0 ms
Numeric time: 0.134	0.135	0 ms
Symbolic time: 0.185	0.186	0 ms
Numeric time: 0.133	0.133	0 ms
Symbolic time: 0.188	0.188	0 ms
Numeric time: 0.144	0.144	0 ms
Symbolic time: 0.186	0.187	0 ms
Numeric time: 0.132	0.132	0 ms
Symbolic time: 0.187	0.187	0 ms
Numeric time: 0.144	0.145	0 ms
Symbolic time: 0.201	0.201	0 ms
Numeric time: 0.132	0.132	0 ms
Symbolic time: 0.188	0.187	0 ms
Numeric time: 0.132	0.132	0 ms
Symbolic time: 0.186	0.187	0 ms
Numeric time: 0.143	0.143	0 ms
Symbolic time: 0.202	0.202	0 ms
Numeric time: 0.132	0.132	0 ms
Symbolic time: 0.187	0.186	0 ms
Numeric time: 0.133	0.133	0 ms
Symbolic time: 0.197	0.196	0 ms
Numeric time: 0.135	0.135	0 ms
Symbolic time: 0.191	0.192	0 ms
Numeric time: 0.133	0.134	0 ms
Symbolic time: 0.188	0.187	0 ms
Numeric time: 0.133	0.134	0 ms
Symbolic time: 0.209	0.209	0 ms
Numeric time: 0.144	0.144	0 ms
Symbolic time: 0.188	0.189	0 ms
Numeric time: 0.132	0.132	0 ms
Symbolic time: 0.187	0.187	0 ms
Numeric time: 0.133	0.134	0 ms
Symbolic time: 0.196	0	0.195 ms
Numeric time: 0.144	0	0.144 ms
Symbolic time: 0.186	0	0.187 ms
Numeric time: 0.134	0	0.134 ms
Symbolic time: 0.186	0.02	0.167 ms
Numeric time: 0.136	0	0.137 ms
Symbolic time: 0.197	0	0.196 ms
Numeric time: 0.134	0	0.135 ms
Symbolic time: 0.177	0	0.177 ms
Numeric time: 0.102	0	0.102 ms
Symbolic time: 0.15	0.15	0 ms
Numeric time: 0.103	0.103	0 ms
Symbolic time: 0.153	0.143	0.009 ms
Numeric time: 0.112	0.096	0.016 ms
Symbolic time: 0.146	0.126	0.021 ms
Numeric time: 0.103	0.088	0.015 ms
Symbolic time: 0.146	0.125	0.02 ms
Numeric time: 0.107	0.107	0 ms
Symbolic time: 0.146	0.146	0 ms
Numeric time: 0.114	0.114	0 ms
Symbolic time: 0.152	0.152	0 ms
Numeric time: 0.104	0.104	0 ms
Symbolic time: 0.145	0.145	0 ms
Numeric time: 0.103	0.103	0 ms
Symbolic time: 0.148	0.147	0 ms
Numeric time: 0.103	0.102	0 ms
Symbolic time: 0.152	0.153	0 ms
Numeric time: 0.104	0.104	0 ms
Symbolic time: 0.147	0.146	0 ms
Numeric time: 0.103	0.103	0 ms
Symbolic time: 0.15	0.15	0 ms
Numeric time: 0.102	0.102	0 ms
Symbolic time: 0.146	0.146	0 ms
Numeric time: 0.102	0.102	0 ms
Symbolic time: 0.145	0.144	0 ms
Numeric time: 0.111	0.111	0 ms
Symbolic time: 0.146	0.146	0 ms
Numeric time: 0.108	0.109	0 ms
Symbolic time: 0.145	0.145	0 ms
Numeric time: 0.104	0.103	0 ms
Symbolic time: 0.145	0.146	0 ms
Numeric time: 0.111	0.112	0 ms
Symbolic time: 0.152	0.153	0 ms
Numeric time: 0.103	0.103	0 ms
Symbolic time: 0.151	0.151	0 ms
Numeric time: 0.102	0.102	0 ms
Symbolic time: 0.146	0.146	0 ms
Numeric time: 0.103	0.103	0 ms
Symbolic time: 0.152	0.151	0 ms
Numeric time: 0.111	0.111	0 ms
Symbolic time: 0.146	0.147	0 ms
Numeric time: 0.108	0.108	0 ms
Symbolic time: 0.147	0.147	0 ms
Numeric time: 0.103	0.103	0 ms
Symbolic time: 0.145	0.146	0 ms
Numeric time: 0.111	0.112	0 ms
Symbolic time: 0.153	0.152	0 ms
Numeric time: 0.105	0.105	0 ms
Symbolic time: 0.145	0.146	0 ms
Numeric time: 0.105	0.105	0 ms
Symbolic time: 0.147	0.146	0 ms
Numeric time: 0.103	0.103	0 ms
Symbolic time: 0.153	0.153	0 ms
Numeric time: 0.104	0.103	0 ms
Symbolic time: 0.151	0.151	0 ms
Numeric time: 0.104	0.103	0 ms
Symbolic time: 0.146	0.146	0 ms
Numeric time: 0.103	0.103	0 ms
Symbolic time: 0.145	0.144	0 ms
Numeric time: 0.103	0.103	0 ms
Symbolic time: 0.145	0.144	0 ms
Numeric time: 0.117	0.116	0 ms
Symbolic time: 0.146	0.146	0 ms
Numeric time: 0.103	0.103	0 ms
Symbolic time: 0.145	0.146	0 ms
Numeric time: 0.105	0.104	0 ms
Symbolic time: 0.145	0.145	0 ms
Numeric time: 0.116	0.115	0 ms
Symbolic time: 0.158	0.158	0 ms
Numeric time: 0.103	0.103	0 ms
Symbolic time: 0.147	0.146	0 ms
Numeric time: 0.103	0.103	0 ms
Symbolic time: 0.145	0.146	0 ms
Numeric time: 0.104	0.104	0 ms
Symbolic time: 0.158	0.157	0 ms
Numeric time: 0.114	0.115	0 ms
Symbolic time: 0.145	0.145	0 ms
Numeric time: 0.104	0.104	0 ms
Symbolic time: 0.146	0.145	0 ms
Numeric time: 0.104	0.103	0 ms
Symbolic time: 0.145	0.145	0 ms
Numeric time: 0.121	0.121	0 ms
Symbolic time: 0.153	0.154	0 ms
Numeric time: 0.105	0.105	0 ms
Symbolic time: 0.146	0.146	0 ms
Numeric time: 0.103	0.103	0 ms
Symbolic time: 0.146	0.145	0 ms
Numeric time: 0.103	0.103	0 ms
Symbolic time: 0.162	0.161	0 ms
Numeric time: 0.112	0.111	0 ms
Symbolic time: 0.146	0.146	0 ms
Numeric time: 0.104	0.103	0 ms
Symbolic time: 0.146	0.146	0 ms
Numeric time: 0.103	0.103	0 ms
Symbolic time: 0.151	0.151	0 ms
Numeric time: 0.115	0.115	0 ms
Symbolic time: 0.153	0.154	0 ms
Numeric time: 0.104	0.104	0 ms
Symbolic time: 0.145	0.145	0 ms
Numeric time: 0.102	0.102	0 ms
Symbolic time: 0.145	0.146	0 ms
Numeric time: 0.107	0.107	0 ms
Symbolic time: 0.155	0.155	0 ms
Numeric time: 0.103	0.103	0 ms
Symbolic time: 0.145	0.145	0 ms
Numeric time: 0.104	0.103	0 ms
Symbolic time: 0.145	0.146	0 ms
Numeric time: 0.104	0.103	0 ms
Symbolic time: 0.145	0.145	0 ms
Numeric time: 0.104	0.105	0 ms
Symbolic time: 0.153	0.153	0 ms
Numeric time: 0.104	0.103	0 ms
Symbolic time: 0.145	0.145	0 ms
Numeric time: 0.104	0.103	0 ms
Symbolic time: 0.149	0.15	0 ms
Numeric time: 0.103	0.103	0 ms
Symbolic time: 0.147	0.148	0 ms
Numeric time: 0.105	0.105	0 ms
Symbolic time: 0.153	0.153	0 ms
Numeric time: 0.105	0.104	0 ms
Symbolic time: 0.146	0.145	0 ms
Numeric time: 0.107	0.107	0 ms
Symbolic time: 0.147	0.146	0 ms
Numeric time: 0.102	0.103	0 ms
Symbolic time: 0.152	0.153	0 ms
Numeric time: 0.111	0.111	0 ms
Symbolic time: 0.144	0.144	0 ms
Numeric time: 0.104	0.104	0 ms
Symbolic time: 0.15	0.15	0 ms
Numeric time: 0.104	0.105	0 ms
Symbolic time: 0.144	0.144	0 ms
Numeric time: 0.115	0.115	0 ms
Symbolic time: 0.154	0.154	0 ms
Numeric time: 0.104	0.104	0 ms
Symbolic time: 0.151	0.151	0 ms
Numeric time: 0.104	0.103	0 ms
Symbolic time: 0.146	0.146	0 ms
Numeric time: 0.102	0.103	0 ms
Symbolic time: 0.153	0.153	0 ms
Numeric time: 0.112	0.113	0 ms
Symbolic time: 0.146	0.146	0 ms
Numeric time: 0.109	0.109	0 ms
Symbolic time: 0.147	0.147	0 ms
Numeric time: 0.104	0.104	0 ms
Symbolic time: 0.144	0.144	0 ms
Numeric time: 0.114	0.113	0 ms
Symbolic time: 0.154	0.153	0 ms
Numeric time: 0.105	0.106	0 ms
Symbolic time: 0.151	0.151	0 ms
Numeric time: 0.105	0.105	0 ms
Symbolic time: 0.146	0.146	0 ms
Numeric time: 0.103	0.104	0 ms
Symbolic time: 0.153	0.153	0 ms
Numeric time: 0.104	0.105	0 ms
Symbolic time: 0.148	0.148	0 ms
Numeric time: 0.103	0.104	0 ms
Symbolic time: 0.145	0.145	0 ms
Numeric time: 0.105	0.104	0 ms
Symbolic time: 0.146	0.145	0 ms
Numeric time: 0.103	0.103	0 ms
Symbolic time: 0.153	0.152	0 ms
Numeric time: 0.117	0.117	0 ms
Symbolic time: 0.147	0.147	0 ms
Numeric time: 0.105	0.105	0 ms
Symbolic time: 0.146	0.147	0 ms
Numeric time: 0.104	0.103	0 ms
Symbolic time: 0.146	0.145	0 ms
Numeric time: 0.112	0.112	0 ms
Symbolic time: 0.159	0.159	0 ms
Numeric time: 0.104	0.104	0 ms
Symbolic time: 0.146	0.146	0 ms
Numeric time: 0.103	0.103	0 ms
Symbolic time: 0.147	0.146	0 ms
Numeric time: 0.102	0.102	0 ms
Symbolic time: 0.157	0.157	0 ms
Numeric time: 0.115	0.115	0 ms
Symbolic time: 0.146	0.146	0 ms
Numeric time: 0.103	0.104	0 ms
Symbolic time: 0.145	0.145	0 ms
Numeric time: 0.104	0.104	0 ms
Symbolic time: 0.144	0.144	0 ms
Numeric time: 0.119	0.12	0 ms
Symbolic time: 0.154	0.154	0 ms
Numeric time: 0.105	0.105	0 ms
Symbolic time: 0.147	0.146	0 ms
Numeric time: 0.102	0.103	0 ms
Symbolic time: 0.143	0.144	0 ms
Numeric time: 0.102	0.102	0 ms
Symbolic time: 0.157	0.157	0 ms
Numeric time: 0.111	0.111	0 ms
Symbolic time: 0.145	0.146	0 ms
Numeric time: 0.104	0.103	0 ms
Symbolic time: 0.146	0.145	0 ms
Numeric time: 0.103	0.104	0 ms
Symbolic time: 0.145	0.145	0 ms
Numeric time: 0.108	0	0.108 ms
Symbolic time: 0.154	0	0.154 ms
Numeric time: 0.104	0	0.104 ms
Symbolic time: 0.146	0	0.145 ms
Numeric time: 0.103	0	0.103 ms
Symbolic time: 0.146	0	0.145 ms
Numeric time: 0.106	0.106	0 ms
Symbolic time: 0.151	0.148	0.003 ms
Numeric time: 0.103	0.094	0.009 ms
Symbolic time: 0.154	0.139	0.014 ms
Numeric time: 0.103	0.093	0.009 ms
Symbolic time: 0.144	0.131	0.014 ms
Numeric time: 0.104	0.093	0.01 ms
Symbolic time: 0.149	0.15	0 ms
Numeric time: 0.104	0.104	0 ms
Symbolic time: 0.153	0.153	0 ms
Numeric time: 0.112	0.112	0 ms
Symbolic time: 0.145	0.145	0 ms
Numeric time: 0.103	0.103	0 ms
Symbolic time: 0.145	0.142	0.003 ms
Numeric time: 0.108	0.108	0 ms
Symbolic time: 0.145	0.145	0 ms
Numeric time: 0.114	0.113	0 ms
Symbolic time: 0.154	0.155	0 ms
Numeric time: 0.103	0.104	0 ms
Symbolic time: 0.146	0.147	0 ms
Numeric time: 0.103	0.103	0.001 ms
Symbolic time: 0.145	0.145	0 ms
Numeric time: 0.102	0.102	0 ms
Symbolic time: 0.153	0.153	0 ms
Numeric time: 0.112	0.112	0 ms
Symbolic time: 0.144	0.144	0 ms
Numeric time: 0.104	0.104	0 ms
Symbolic time: 0.15	0.15	0 ms
Numeric time: 0.103	0.103	0 ms
Symbolic time: 0.145	0.144	0 ms
Numeric time: 0.11	0.11	0 ms
Symbolic time: 0.151	0.151	0 ms
Numeric time: 0.103	0.103	0 ms
Symbolic time: 0.145	0.145	0 ms
Numeric time: 0.105	0.106	0 ms
Symbolic time: 0.147	0.147	0 ms
Numeric time: 0.102	0.102	0 ms
Symbolic time: 0.153	0.153	0 ms
Numeric time: 0.103	0.103	0 ms
Symbolic time: 0.146	0.146	0 ms
Numeric time: 0.102	0.102	0 ms
Symbolic time: 0.146	0.146	0 ms
Numeric time: 0.102	0.102	0 ms
Symbolic time: 0.146	0.146	0 ms
Numeric time: 0.103	0.103	0 ms
Symbolic time: 0.147	0.147	0 ms
Numeric time: 0.105	0.105	0 ms
Symbolic time: 0.15	0.15	0 ms
Numeric time: 0.103	0.103	0 ms
Symbolic time: 0.145	0.145	0 ms
Numeric time: 0.102	0.102	0 ms
Symbolic time: 0.146	0.146	0 ms
Numeric time: 0.111	0.111	0 ms
Symbolic time: 0.154	0.154	0 ms
Numeric time: 0.11	0.11	0 ms
Symbolic time: 0.146	0.146	0 ms
Numeric time: 0.102	0.102	0 ms
Symbolic time: 0.146	0.146	0 ms
Numeric time: 0.103	0.103	0 ms
Symbolic time: 0.152	0.152	0 ms
Numeric time: 0.112	0.112	0 ms
Symbolic time: 0.146	0.146	0 ms
Numeric time: 0.104	0.104	0 ms
Symbolic time: 0.145	0.145	0 ms
Numeric time: 0.103	0.103	0 ms
Symbolic time: 0.144	0.144	0 ms
Numeric time: 0.114	0.114	0 ms
Symbolic time: 0.158	0.158	0 ms
Numeric time: 0.105	0.105	0 ms
Symbolic time: 0.145	0.145	0 ms
Numeric time: 0.103	0.104	0 ms
Symbolic time: 0.145	0.145	0 ms
Numeric time: 0.103	0.103	0 ms
Symbolic time: 0.154	0.154	0 ms
Numeric time: 0.117	0.117	0 ms
Symbolic time: 0.146	0.146	0 ms
Numeric time: 0.103	0.103	0 ms
Symbolic time: 0.145	0.145	0 ms
Numeric time: 0.103	0.104	0 ms
Symbolic time: 0.145	0.145	0 ms
Numeric time: 0.112	0.112	0 ms
Symbolic time: 0.154	0.154	0 ms
Numeric time: 0.103	0.103	0 ms
Symbolic time: 0.146	0.146	0 ms
Numeric time: 0.103	0.103	0 ms
Symbolic time: 0.145	0.145	0 ms
Numeric time: 0.103	0.103	0 ms
Symbolic time: 0.157	0.157	0 ms
Numeric time: 0.112	0.112	0 ms
Symbolic time: 0.147	0.147	0 ms
Numeric time: 0.105	0.105	0 ms
Symbolic time: 0.145	0.145	0 ms
Numeric time: 0.103	0.103	0 ms
Symbolic time: 0.147	0.147	0 ms
Numeric time: 0.111	0	0.111 ms
Symbolic time: 0.152	0	0.153 ms
Numeric time: 0.104	0	0.104 ms
Symbolic time: 0.145	0	0.145 ms
Numeric time: 0.103	0	0.104 ms
Symbolic time: 0.146	0	0.145 ms
Numeric time: 0.103	0.007	0.095 ms
Symbolic time: 0.154	0.156	0 ms
Numeric time: 0.105	0.105	0 ms
Symbolic time: 0.147	0.147	0 ms
Numeric time: 0.103	0.103	0 ms
Symbolic time: 0.146	0.146	0 ms
Numeric time: 0.102	0.103	0 ms
Symbolic time: 0.151	0.15	0 ms
Numeric time: 0.103	0.103	0 ms
Symbolic time: 0.154	0.154	0 ms
Numeric time: 0.103	0.103	0 ms
Symbolic time: 0.145	0.145	0 ms
Numeric time: 0.103	0.103	0 ms
Symbolic time: 0.145	0.145	0 ms
Numeric time: 0.108	0.108	0 ms
Symbolic time: 0.146	0.145	0 ms
Numeric time: 0.112	0.112	0 ms
Symbolic time: 0.154	0.154	0 ms
Numeric time: 0.104	0.103	0 ms
Symbolic time: 0.145	0.146	0 ms
Numeric time: 0.103	0.102	0 ms
Symbolic time: 0.145	0.146	0 ms
Numeric time: 0.105	0.104	0 ms
Symbolic time: 0.153	0.153	0 ms
Numeric time: 0.111	0.11	0 ms
Symbolic time: 0.146	0.146	0 ms
Numeric time: 0.103	0.102	0 ms
Symbolic time: 0.151	0.15	0 ms
Numeric time: 0.103	0.104	0 ms
Symbolic time: 0.145	0.146	0 ms
Numeric time: 0.114	0.114	0 ms
Symbolic time: 0.152	0.152	0 ms
Numeric time: 0.103	0.103	0 ms
Symbolic time: 0.146	0.145	0 ms
Numeric time: 0.108	0.107	0 ms
Symbolic time: 0.145	0.146	0 ms
Numeric time: 0.104	0.105	0 ms
Symbolic time: 0.153	0.153	0 ms
Numeric time: 0.113	0.112	0 ms
Symbolic time: 0.147	0.146	0 ms
Numeric time: 0.104	0.103	0 ms
Symbolic time: 0.145	0.145	0 ms
Numeric time: 0.104	0.103	0 ms
Symbolic time: 0.145	0.146	0 ms
Numeric time: 0.112	0.112	0 ms
Symbolic time: 0.153	0.152	0 ms
Numeric time: 0.104	0.104	0 ms
Symbolic time: 0.151	0.15	0 ms
Numeric time: 0.103	0.103	0 ms
Symbolic time: 0.144	0.144	0 ms
Numeric time: 0.104	0.104	0 ms
Symbolic time: 0.153	0.154	0 ms
Numeric time: 0.112	0.113	0 ms
Symbolic time: 0.147	0.147	0 ms
Numeric time: 0.109	0.108	0 ms
Symbolic time: 0.145	0.146	0 ms
Numeric time: 0.102	0.103	0 ms
Symbolic time: 0.146	0.146	0 ms
Numeric time: 0.102	0.102	0 ms
Symbolic time: 0.153	0.153	0 ms
Numeric time: 0.103	0.103	0 ms
Symbolic time: 0.145	0	0.145 ms
Numeric time: 0.102	0	0.102 ms
Symbolic time: 0.145	0	0.146 ms
Numeric time: 0.103	0	0.104 ms
Symbolic time: 0.145	0	0.145 ms
Numeric time: 0.11	0	0.109 ms
Symbolic time: 0.153	0.154	0 ms
Numeric time: 0.104	0.103	0.001 ms
Symbolic time: 0.145	0.132	0.013 ms
Numeric time: 0.105	0.096	0.01 ms
Symbolic time: 0.145	0.132	0.013 ms
Numeric time: 0.104	0.095	0.009 ms
Symbolic time: 0.153	0.139	0.013 ms
Numeric time: 0.118	0.119	0 ms
Symbolic time: 0.145	0.146	0 ms
Numeric time: 0.103	0.103	0 ms
Symbolic time: 0.145	0.145	0 ms
Numeric time: 0.103	0.103	0 ms
Symbolic time: 0.145	0.146	0 ms
Numeric time: 0.113	0.113	0.001 ms
Symbolic time: 0.154	0.154	0 ms
Numeric time: 0.104	0.104	0 ms
Symbolic time: 0.145	0.145	0 ms
Numeric time: 0.103	0.104	0 ms
Symbolic time: 0.146	0.146	0 ms
Numeric time: 0.105	0.104	0 ms
Symbolic time: 0.16	0.159	0 ms
Numeric time: 0.114	0.114	0 ms
Symbolic time: 0.146	0.146	0 ms
Numeric time: 0.103	0.103	0 ms
Symbolic time: 0.145	0.145	0 ms
Numeric time: 0.104	0.104	0 ms
Symbolic time: 0.145	0.145	0 ms
Numeric time: 0.117	0.116	0 ms
Symbolic time: 0.152	0.152	0 ms
Numeric time: 0.104	0.105	0 ms
Symbolic time: 0.144	0.144	0 ms
Numeric time: 0.105	0.105	0 ms
Symbolic time: 0.143	0.144	0 ms
Numeric time: 0.105	0.105	0 ms
Symbolic time: 0.151	0.152	0 ms
Numeric time: 0.112	0.112	0 ms
Symbolic time: 0.146	0.146	0 ms
Numeric time: 0.103	0.103	0 ms
Symbolic time: 0.145	0.145	0 ms
Numeric time: 0.103	0.103	0 ms
Symbolic time: 0.151	0.151	0 ms
Numeric time: 0.106	0.106	0 ms
Symbolic time: 0.153	0.153	0 ms
Numeric time: 0.104	0.104	0 ms
Symbolic time: 0.145	0.145	0 ms
Numeric time: 0.103	0.103	0 ms
Symbolic time: 0.145	0.145	0 ms
Numeric time: 0.108	0.108	0 ms
Symbolic time: 0.154	0.154	0 ms
Numeric time: 0.103	0.104	0 ms
Symbolic time: 0.145	0.145	0 ms
Numeric time: 0.104	0.104	0 ms
Symbolic time: 0.146	0.147	0 ms
Numeric time: 0.103	0.104	0 ms
Symbolic time: 0.147	0	0.147 ms
Numeric time: 0.102	0	0.102 ms
Symbolic time: 0.157	0	0.158 ms
Numeric time: 0.103	0	0.104 ms
Symbolic time: 0.144	0	0.144 ms
Numeric time: 0.104	0	0.103 ms
Symbolic time: 0.15	0.15	0 ms
Numeric time: 0.104	0.103	0 ms
Symbolic time: 0.146	0.134	0.011 ms
Numeric time: 0.11	0.101	0.01 ms
Symbolic time: 0.153	0.139	0.014 ms
Numeric time: 0.105	0.095	0.01 ms
Symbolic time: 0.145	0.133	0.013 ms
Numeric time: 0.108	0.109	0 ms
Symbolic time: 0.146	0.146	0 ms
Numeric time: 0.102	0.102	0 ms
Symbolic time: 0.154	0.153	0 ms
Numeric time: 0.112	0.112	0 ms
Symbolic time: 0.146	0.145	0 ms
Numeric time: 0.102	0.102	0 ms
Symbolic time: 0.145	0	0.145 ms
Numeric time: 0.103	0	0.103 ms
Symbolic time: 0.144	0	0.144 ms
Numeric time: 0.114	0	0.114 ms
Symbolic time: 0.153	0	0.154 ms
Numeric time: 0.104	0	0.106 ms
Symbolic time: 0.148	0.148	0 ms
Numeric time: 0.104	0.104	0 ms
Symbolic time: 0.146	0.139	0.006 ms
Numeric time: 0.103	0.093	0.01 ms
Symbolic time: 0.153	0.138	0.015 ms
Numeric time: 0.112	0.101	0.011 ms
Symbolic time: 0.147	0.132	0.014 ms
Numeric time: 0.105	0.106	0 ms
Symbolic time: 0.145	0.146	0 ms
Numeric time: 0.103	0.102	0 ms
Symbolic time: 0.145	0.146	0 ms
Numeric time: 0.104	0.104	0 ms
Symbolic time: 0.153	0.153	0 ms
Numeric time: 0.104	0.104	0 ms
Symbolic time: 0.147	0.146	0 ms
Numeric time: 0.104	0.104	0 ms
Symbolic time: 0.145	0.145	0 ms
Numeric time: 0.104	0.104	0 ms
Symbolic time: 0.146	0.146	0 ms
Numeric time: 0.105	0.105	0 ms
Symbolic time: 0.151	0.151	0 ms
Numeric time: 0.104	0.104	0 ms
Symbolic time: 0.146	0.145	0 ms
Numeric time: 0.103	0.103	0 ms
Symbolic time: 0.146	0.146	0 ms
Numeric time: 0.102	0.101	0 ms
Symbolic time: 0.151	0.152	0 ms
Numeric time: 0.116	0.115	0 ms
Symbolic time: 0.146	0.147	0 ms
Numeric time: 0.103	0.102	0 ms
Symbolic time: 0.145	0.144	0 ms
Numeric time: 0.102	0.103	0 ms
Symbolic time: 0.145	0.145	0 ms
Numeric time: 0.114	0.115	0 ms
Symbolic time: 0.155	0.156	0 ms
Numeric time: 0.103	0.104	0 ms
Symbolic time: 0.145	0.144	0 ms
Numeric time: 0.104	0.104	0 ms
Symbolic time: 0.145	0.145	0 ms
Numeric time: 0.103	0.104	0 ms
Symbolic time: 0.158	0.158	0 ms
Numeric time: 0.114	0.114	0 ms
Symbolic time: 0.148	0.147	0 ms
Numeric time: 0.102	0.102	0 ms
Symbolic time: 0.146	0.146	0 ms
Numeric time: 0.103	0.103	0 ms
Symbolic time: 0.145	0.145	0 ms
Numeric time: 0.121	0.12	0 ms
Symbolic time: 0.154	0.154	0 ms
Numeric time: 0.104	0.104	0 ms
Symbolic time: 0.145	0.145	0 ms
Numeric time: 0.103	0.103	0 ms
Symbolic time: 0.144	0.144	0 ms
Numeric time: 0.103	0.103	0 ms
Symbolic time: 0.16	0.16	0 ms
Numeric time: 0.105	0.105	0 ms
Symbolic time: 0.146	0.146	0 ms
Numeric time: 0.104	0.104	0 ms
Symbolic time: 0.145	0.145	0 ms
Numeric time: 0.104	0.103	0 ms
Symbolic time: 0.147	0.147	0 ms
Numeric time: 0.102	0	0.102 ms
Symbolic time: 0.159	0	0.159 ms
Numeric time: 0.104	0	0.104 ms
Symbolic time: 0.146	0	0.146 ms
Numeric time: 0.103	0	0.103 ms
Symbolic time: 0.145	0	0.145 ms
Numeric time: 0.109	0.107	0.002 ms
Symbolic time: 0.144	0.131	0.014 ms
Numeric time: 0.113	0.101	0.011 ms
Symbolic time: 0.152	0.137	0.015 ms
Numeric time: 0.102	0.092	0.01 ms
Symbolic time: 0.145	0.131	0.014 ms
Numeric time: 0.103	0.093	0.01 ms
Symbolic time: 0.15	0.15	0 ms
Numeric time: 0.103	0.102	0 ms
Symbolic time: 0.153	0.153	0 ms
Numeric time: 0.113	0.112	0 ms
Symbolic time: 0.147	0.147	0 ms
Numeric time: 0.103	0.103	0 ms
Symbolic time: 0.145	0.141	0.004 ms
Numeric time: 0.107	0.107	0 ms
Symbolic time: 0.146	0.146	0 ms
Numeric time: 0.111	0.112	0 ms
Symbolic time: 0.153	0.153	0 ms
Numeric time: 0.104	0.104	0 ms
Symbolic time: 0.145	0.145	0 ms
Numeric time: 0.104	0.104	0 ms
Symbolic time: 0.144	0.144	0 ms
Numeric time: 0.104	0.104	0 ms
Symbolic time: 0.153	0.153	0 ms
Numeric time: 0.113	0.112	0 ms
Symbolic time: 0.147	0.147	0 ms
Numeric time: 0.103	0.103	0 ms
Symbolic time: 0.149	0.149	0 ms
Numeric time: 0.102	0.103	0 ms
Symbolic time: 0.146	0.146	0 ms
Numeric time: 0.102	0.101	0 ms
Symbolic time: 0.161	0.161	0 ms
Numeric time: 0.103	0.103	0 ms
Symbolic time: 0.146	0.146	0 ms
Numeric time: 0.108	0.108	0 ms
Symbolic time: 0.145	0.145	0 ms
Numeric time: 0.103	0.103	0 ms
Symbolic time: 0.145	0.145	0 ms
Numeric time: 0.111	0.112	0 ms
Symbolic time: 0.146	0.146	0 ms
Numeric time: 0.103	0.104	0 ms
Symbolic time: 0.146	0.146	0 ms
Numeric time: 0.104	0.104	0 ms
Symbolic time: 0.146	0.146	0 ms
Numeric time: 0.103	0.103	0 ms
Symbolic time: 0.152	0.152	0 ms
Numeric time: 0.107	0.107	0 ms
Symbolic time: 0.151	0.15	0 ms
Numeric time: 0.101	0.101	0 ms
Symbolic time: 0.145	0.145	0 ms
Numeric time: 0.103	0.102	0 ms
Symbolic time: 0.146	0.146	0 ms
Numeric time: 0.112	0.112	0 ms
Symbolic time: 0.151	0.151	0 ms
Numeric time: 0.109	0.109	0 ms
Symbolic time: 0.145	0.145	0 ms
Numeric time: 0.104	0.104	0 ms
Symbolic time: 0.146	0.146	0 ms
Numeric time: 0.102	0.102	0 ms
Symbolic time: 0.152	0.152	0 ms
Numeric time: 0.113	0.113	0 ms
Symbolic time: 0.152	0.152	0 ms
Numeric time: 0.103	0.103	0 ms
Symbolic time: 0.146	0.146	0 ms
Numeric time: 0.101	0.102	0 ms
Symbolic time: 0.145	0.145	0 ms
Numeric time: 0.103	0.103	0 ms
Symbolic time: 0.159	0.159	0 ms
Numeric time: 0.103	0.103	0 ms
Symbolic time: 0.144	0.144	0 ms
Numeric time: 0.104	0.104	0 ms
Symbolic time: 0.144	0.144	0 ms
Numeric time: 0.104	0.104	0 ms
Symbolic time: 0.145	0.145	0 ms
Numeric time: 0.116	0.116	0 ms
Symbolic time: 0.145	0.145	0 ms
Numeric time: 0.103	0.104	0 ms
Symbolic time: 0.145	0.146	0 ms
Numeric time: 0.102	0.103	0 ms
Symbolic time: 0.145	0.145	0 ms
Numeric time: 0.103	0.103	0 ms
Symbolic time: 0.16	0.16	0 ms
Numeric time: 0.103	0.103	0 ms
Symbolic time: 0.146	0.146	0 ms
Numeric time: 0.103	0.103	0 ms
Symbolic time: 0.147	0.147	0 ms
Numeric time: 0.103	0.103	0 ms
Symbolic time: 0.146	0.146	0 ms
Numeric time: 0.114	0.115	0 ms
Symbolic time: 0.155	0.154	0 ms
Numeric time: 0.104	0.104	0 ms
Symbolic time: 0.145	0.145	0 ms
Numeric time: 0.103	0.104	0 ms
Symbolic time: 0.146	0.145	0 ms
Numeric time: 0.108	0.108	0 ms
Symbolic time: 0.153	0.153	0 ms
Numeric time: 0.111	0.111	0 ms
Symbolic time: 0.146	0.146	0 ms
Numeric time: 0.103	0.103	0 ms
Symbolic time: 0.146	0.147	0 ms
Numeric time: 0.102	0.102	0 ms
Symbolic time: 0.149	0.149	0 ms
Numeric time: 0.105	0.105	0 ms
Symbolic time: 0.153	0.153	0 ms
Numeric time: 0.103	0.103	0 ms
Symbolic time: 0.145	0.145	0 ms
Numeric time: 0.103	0.103	0 ms
Symbolic time: 0.146	0.146	0 ms
Numeric time: 0.111	0.111	0 ms
Symbolic time: 0.149	0.15	0 ms
Numeric time: 0.111	0.112	0 ms
Symbolic time: 0.146	0.146	0 ms
Numeric time: 0.103	0.103	0 ms
Symbolic time: 0.145	0.145	0 ms
Numeric time: 0.103	0.103	0 ms
Symbolic time: 0.146	0.147	0 ms
Numeric time: 0.104	0.104	0 ms
Symbolic time: 0.16	0.16	0 ms
Numeric time: 0.104	0.103	0 ms
Symbolic time: 0.146	0.146	0 ms
Numeric time: 0.103	0.103	0 ms
Symbolic time: 0.149	0.149	0 ms
Numeric time: 0.103	0.103	0 ms
Symbolic time: 0.146	0.146	0 ms
Numeric time: 0.115	0.114	0 ms
Symbolic time: 0.151	0.151	0 ms
Numeric time: 0.104	0.104	0 ms
Symbolic time: 0.145	0.145	0 ms
Numeric time: 0.108	0.108	0 ms
Symbolic time: 0.147	0.146	0 ms
Numeric time: 0.103	0.103	0 ms
Symbolic time: 0.153	0.153	0 ms
Numeric time: 0.112	0.111	0 ms
Symbolic time: 0.147	0.147	0 ms
Numeric time: 0.102	0.102	0 ms
Symbolic time: 0.146	0.145	0 ms
Numeric time: 0.102	0.103	0 ms
Symbolic time: 0.146	0.146	0 ms
Numeric time: 0.113	0.112	0 ms
Symbolic time: 0.153	0.154	0 ms
Numeric time: 0.103	0.103	0 ms
Symbolic time: 0.15	0.15	0 ms
Numeric time: 0.103	0.104	0 ms
Symbolic time: 0.146	0.146	0 ms
Numeric time: 0.104	0.104	0 ms
Symbolic time: 0.152	0.153	0 ms
Numeric time: 0.111	0.112	0 ms
Symbolic time: 0.146	0.145	0 ms
Numeric time: 0.109	0.11	0 ms
Symbolic time: 0.145	0.146	0 ms
Numeric time: 0.103	0.103	0 ms
Symbolic time: 0.147	0.147	0 ms
Numeric time: 0.102	0.103	0 ms
Symbolic time: 0.16	0.16	0 ms
Numeric time: 0.103	0.104	0 ms
Symbolic time: 0.152	0.151	0 ms
Numeric time: 0.104	0.104	0 ms
Symbolic time: 0.146	0.145	0 ms
Numeric time: 0.103	0.103	0 ms
Symbolic time: 0.144	0.144	0 ms
Numeric time: 0.112	0.112	0 ms
Symbolic time: 0.149	0.15	0 ms
Numeric time: 0.105	0.104	0 ms
Symbolic time: 0.145	0.145	0 ms
Numeric time: 0.105	0.105	0 ms
Symbolic time: 0.146	0.147	0 ms
Numeric time: 0.103	0.103	0 ms
Symbolic time: 0.16	0.16	0 ms
Numeric time: 0.11	0.11	0 ms
Symbolic time: 0.144	0.145	0 ms
Numeric time: 0.102	0.102	0 ms
Symbolic time: 0.145	0.146	0 ms
Numeric time: 0.103	0.103	0 ms
Symbolic time: 0.145	0.145	0 ms
Numeric time: 0.113	0.113	0 ms
Symbolic time: 0.159	0.159	0 ms
Numeric time: 0.103	0.103	0 ms
Symbolic time: 0.146	0.146	0 ms
Numeric time: 0.103	0.104	0 ms
Symbolic time: 0.146	0.146	0 ms
Numeric time: 0.102	0.103	0 ms
Symbolic time: 0.158	0.158	0 ms
Numeric time: 0.113	0.113	0 ms
Symbolic time: 0.146	0.146	0 ms
Numeric time: 0.103	0.104	0 ms
Symbolic time: 0.145	0.145	0 ms
Numeric time: 0.102	0.102	0 ms
Symbolic time: 0.143	0.143	0 ms
Numeric time: 0.113	0.112	0 ms
Symbolic time: 0.154	0.154	0 ms
Numeric time: 0.103	0.104	0 ms
Symbolic time: 0.145	0.145	0 ms
Numeric time: 0.103	0.103	0 ms
Symbolic time: 0.145	0.145	0 ms
Numeric time: 0.104	0.104	0 ms
Symbolic time: 0.158	0.159	0 ms
Numeric time: 0.112	0.112	0 ms
Symbolic time: 0.145	0.145	0 ms
Numeric time: 0.103	0.103	0 ms
Symbolic time: 0.146	0.145	0 ms
Numeric time: 0.103	0.103	0 ms
Symbolic time: 0.148	0.148	0 ms
Numeric time: 0.104	0.104	0 ms
Symbolic time: 0.162	0.162	0 ms
Numeric time: 0.104	0.103	0 ms
Symbolic time: 0.145	0.145	0 ms
Numeric time: 0.102	0.102	0 ms
Symbolic time: 0.145	0.146	0 ms
Numeric time: 0.107	0.107	0 ms
Symbolic time: 0.146	0.146	0 ms
Numeric time: 0.112	0.113	0 ms
Symbolic time: 0.148	0.149	0 ms
Numeric time: 0.103	0.104	0 ms
Symbolic time: 0.144	0.144	0 ms
Numeric time: 0.103	0.104	0 ms
Symbolic time: 0.151	0.151	0 ms
Numeric time: 0.103	0.104	0 ms
Symbolic time: 0.153	0.154	0 ms
Numeric time: 0.111	0.112	0 ms
Symbolic time: 0.147	0.147	0 ms
Numeric time: 0.103	0.103	0 ms
Symbolic time: 0.146	0.146	0 ms
Numeric time: 0.107	0.108	0 ms
Symbolic time: 0.146	0.145	0 ms
Numeric time: 0.104	0.105	0 ms
Symbolic time: 0.153	0.153	0 ms
Numeric time: 0.104	0.104	0 ms
Symbolic time: 0.145	0.145	0 ms
Numeric time: 0.103	0.103	0 ms
Symbolic time: 0.145	0.146	0 ms
Numeric time: 0.103	0.103	0 ms
Symbolic time: 0.146	0.145	0 ms
Numeric time: 0.117	0.117	0 ms
Symbolic time: 0.146	0.146	0 ms
Numeric time: 0.105	0.105	0 ms
Symbolic time: 0.15	0.15	0 ms
Numeric time: 0.103	0.104	0 ms
Symbolic time: 0.145	0.145	0 ms
Numeric time: 0.121	0.121	0 ms
Symbolic time: 0.162	0.163	0 ms
Numeric time: 0.104	0.104	0 ms
Symbolic time: 0.146	0.146	0 ms
Numeric time: 0.107	0.107	0 ms
Symbolic time: 0.144	0.144	0 ms
Numeric time: 0.103	0.102	0 ms
Symbolic time: 0.145	0.145	0 ms
Numeric time: 0.11	0.11	0 ms
Symbolic time: 0.146	0.146	0 ms
Numeric time: 0.103	0.103	0 ms
Symbolic time: 0.146	0	0.146 ms
Numeric time: 0.103	0	0.103 ms
Symbolic time: 0.145	0	0.144 ms
Numeric time: 0.102	0	0.102 ms
Symbolic time: 0.152	0	0.153 ms
Numeric time: 0.111	0	0.111 ms
Symbolic time: 0.15	0.151	0 ms
Numeric time: 0.103	0.101	0.003 ms
Symbolic time: 0.146	0.133	0.011 ms
Numeric time: 0.102	0.094	0.008 ms
Symbolic time: 0.146	0.134	0.011 ms
Numeric time: 0.112	0.103	0.009 ms
Symbolic time: 0.151	0.139	0.012 ms
Numeric time: 0.11	0.109	0 ms
Symbolic time: 0.146	0.146	0 ms
Numeric time: 0.104	0.105	0 ms
Symbolic time: 0.145	0.146	0 ms
Numeric time: 0.104	0.104	0 ms
Symbolic time: 0.154	0.153	0 ms
Numeric time: 0.111	0.112	0 ms
Symbolic time: 0.152	0.152	0 ms
Numeric time: 0.103	0.103	0 ms
Symbolic time: 0.147	0.147	0 ms
Numeric time: 0.103	0.103	0 ms
Symbolic time: 0.145	0.145	0 ms
Numeric time: 0.102	0.102	0 ms
Symbolic time: 0.166	0.166	0 ms
Numeric time: 0.104	0.104	0 ms
Symbolic time: 0.145	0.145	0 ms
Numeric time: 0.102	0.102	0 ms
Symbolic time: 0.145	0.145	0 ms
Numeric time: 0.103	0.103	0 ms
Symbolic time: 0.146	0.146	0 ms
Numeric time: 0.117	0.117	0 ms
Symbolic time: 0.146	0.145	0 ms
Numeric time: 0.103	0.104	0 ms
Symbolic time: 0.146	0.146	0 ms
Numeric time: 0.103	0.103	0 ms
Symbolic time: 0.145	0.145	0 ms
Numeric time: 0.102	0.102	0 ms
Symbolic time: 0.157	0.157	0 ms
Numeric time: 0.112	0.112	0 ms
Symbolic time: 0.146	0.146	0 ms
Numeric time: 0.103	0.103	0 ms
Symbolic time: 0.146	0.146	0 ms
Numeric time: 0.104	0.103	0 ms
Symbolic time: 0.145	0.146	0 ms
Numeric time: 0.117	0.118	0 ms
Symbolic time: 0.151	0.151	0 ms
Numeric time: 0.103	0.103	0 ms
Symbolic time: 0.145	0.145	0 ms
Numeric time: 0.104	0.104	0 ms
Symbolic time: 0.146	0.146	0 ms
Numeric time: 0.102	0.103	0 ms
Symbolic time: 0.152	0.153	0 ms
Numeric time: 0.114	0.113	0 ms
Symbolic time: 0.146	0.146	0 ms
Numeric time: 0.103	0.103	0 ms
Symbolic time: 0.144	0.145	0 ms
Numeric time: 0.102	0.102	0 ms
Symbolic time: 0.151	0.15	0 ms
Numeric time: 0.103	0.103	0 ms
Symbolic time: 0.152	0.152	0 ms
Numeric time: 0.103	0.104	0 ms
Symbolic time: 0.145	0.144	0 ms
Numeric time: 0.103	0.104	0 ms
Symbolic time: 0.146	0.145	0 ms
Numeric time: 0.107	0.107	0 ms
Symbolic time: 0.145	0.145	0 ms
Numeric time: 0.119	0.119	0 ms
Symbolic time: 0.145	0.146	0 ms
Numeric time: 0.103	0.103	0 ms
Symbolic time: 0.145	0.144	0 ms
Numeric time: 0.103	0.103	0 ms
Symbolic time: 0.145	0.145	0 ms
Numeric time: 0.104	0.104	0 ms
Symbolic time: 0.159	0.158	0 ms
Numeric time: 0.105	0.104	0 ms
Symbolic time: 0.146	0.145	0 ms
Numeric time: 0.103	0.103	0 ms
Symbolic time: 0.15	0.15	0 ms
Numeric time: 0.103	0.104	0 ms
Symbolic time: 0.146	0.146	0 ms
Numeric time: 0.115	0.114	0 ms
Symbolic time: 0.146	0.146	0 ms
Numeric time: 0.104	0.103	0 ms
Symbolic time: 0.146	0.147	0 ms
Numeric time: 0.107	0.107	0 ms
Symbolic time: 0.146	0.146	0 ms
Numeric time: 0.102	0.102	0 ms
Symbolic time: 0.152	0.152	0 ms
Numeric time: 0.106	0.107	0 ms
Symbolic time: 0.145	0.144	0 ms
Numeric time: 0.104	0.104	0 ms
Symbolic time: 0.145	0.145	0 ms
Numeric time: 0.104	0.104	0 ms
Symbolic time: 0.146	0.146	0 ms
Numeric time: 0.112	0.111	0 ms
Symbolic time: 0.153	0.154	0 ms
Numeric time: 0.105	0.104	0 ms
Symbolic time: 0.151	0.151	0 ms
Numeric time: 0.103	0.104	0 ms
Symbolic time: 0.146	0.145	0 ms
Numeric time: 0.103	0.102	0 ms
Symbolic time: 0.153	0.153	0 ms
Numeric time: 0.111	0.111	0 ms
Symbolic time: 0.146	0.146	0 ms
Numeric time: 0.108	0.108	0 ms
Symbolic time: 0.146	0.145	0 ms
Numeric time: 0.103	0.102	0 ms
Symbolic time: 0.146	0.146	0 ms
Numeric time: 0.103	0.104	0 ms
Symbolic time: 0.153	0.154	0 ms
Numeric time: 0.104	0.104	0 ms
Symbolic time: 0.145	0.145	0 ms
Numeric time: 0.103	0.104	0 ms
Symbolic time: 0.147	0.146	0 ms
Numeric time: 0.103	0.104	0 ms
Symbolic time: 0.146	0.146	0 ms
Numeric time: 0.12	0.119	0 ms
Symbolic time: 0.151	0.15	0 ms
Numeric time: 0.104	0.104	0 ms
Symbolic time: 0.145	0.145	0 ms
Numeric time: 0.104	0.103	0 ms
Symbolic time: 0.146	0.145	0 ms
Numeric time: 0.104	0.105	0 ms
Symbolic time: 0.158	0.158	0 ms
Numeric time: 0.108	0.109	0 ms
Symbolic time: 0.145	0.145	0 ms
Numeric time: 0.104	0.103	0 ms
Symbolic time: 0.144	0.144	0 ms
Numeric time: 0.103	0.103	0 ms
Symbolic time: 0.146	0.146	0 ms
Numeric time: 0.112	0.113	0 ms
Symbolic time: 0.147	0.146	0 ms
Numeric time: 0.103	0.102	0 ms
Symbolic time: 0.147	0.146	0 ms
Numeric time: 0.103	0.103	0 ms
Symbolic time: 0.146	0.147	0 ms
Numeric time: 0.104	0.104	0 ms
Symbolic time: 0.163	0.164	0 ms
Numeric time: 0.105	0.106	0 ms
Symbolic time: 0.146	0.146	0 ms
Numeric time: 0.103	0.103	0 ms
Symbolic time: 0.146	0.146	0 ms
Numeric time: 0.103	0.104	0 ms
Symbolic time: 0.146	0.145	0 ms
Numeric time: 0.115	0.116	0 ms
Symbolic time: 0.153	0.153	0 ms
Numeric time: 0.103	0.104	0 ms
Symbolic time: 0.146	0.146	0 ms
Numeric time: 0.102	0.103	0 ms
Symbolic time: 0.146	0.145	0 ms
Numeric time: 0.102	0.102	0 ms
Symbolic time: 0.158	0	0.159 ms
Numeric time: 0.112	0	0.112 ms
Symbolic time: 0.146	0	0.145 ms
Numeric time: 0.103	0	0.103 ms
Symbolic time: 0.145	0	0.145 ms
Numeric time: 0.103	0	0.103 ms
Symbolic time: 0.149	0.122	0.027 ms
Numeric time: 0.104	0.095	0.007 ms
Symbolic time: 0.152	0.14	0.011 ms
Numeric time: 0.104	0.096	0.008 ms
Symbolic time: 0.145	0.133	0.011 ms
Numeric time: 0.102	0.094	0.008 ms
Symbolic time: 0.146	0.134	0.011 ms
Numeric time: 0.108	0.108	0 ms
Symbolic time: 0.145	0.145	0 ms
Numeric time: 0.118	0.118	0 ms
Symbolic time: 0.146	0.146	0 ms
Numeric time: 0.104	0.104	0 ms
Symbolic time: 0.146	0.146	0 ms
Numeric time: 0.104	0.103	0 ms
Symbolic time: 0.146	0	0.145 ms
Numeric time: 0.103	0	0.103 ms
Symbolic time: 0.158	0	0.159 ms
Numeric time: 0.104	0	0.105 ms
Symbolic time: 0.146	0	0.146 ms
Numeric time: 0.103	0	0.103 ms
Symbolic time: 0.151	0.151	0 ms
Numeric time: 0.103	0.103	0 ms
Symbolic time: 0.145	0.134	0.011 ms
Numeric time: 0.119	0.11	0.009 ms
Symbolic time: 0.146	0.134	0.012 ms
Numeric time: 0.104	0.096	0.008 ms
Symbolic time: 0.146	0.135	0.011 ms
Numeric time: 0.108	0.108	0 ms
Symbolic time: 0.145	0.145	0 ms
Numeric time: 0.104	0.104	0 ms
Symbolic time: 0.16	0.16	0 ms
Numeric time: 0.104	0.105	0 ms
Symbolic time: 0.145	0.145	0 ms
Numeric time: 0.104	0.104	0 ms
Symbolic time: 0.145	0	0.145 ms
Numeric time: 0.103	0	0.103 ms
Symbolic time: 0.145	0	0.146 ms
Numeric time: 0.11	0	0.11 ms
Symbolic time: 0.146	0	0.146 ms
Numeric time: 0.103	0	0.104 ms
Symbolic time: 0.15	0.15	0 ms
Numeric time: 0.103	0.103	0 ms
Symbolic time: 0.146	0.133	0.012 ms
Numeric time: 0.103	0.094	0.009 ms
Symbolic time: 0.152	0.14	0.012 ms
Numeric time: 0.11	0.102	0.009 ms
Symbolic time: 0.146	0.133	0.013 ms
Numeric time: 0.108	0.108	0 ms
Symbolic time: 0.145	0.146	0 ms
Numeric time: 0.103	0.104	0 ms
Symbolic time: 0.146	0.147	0 ms
Numeric time: 0.104	0.104	0 ms
Symbolic time: 0.153	0.152	0 ms
Numeric time: 0.104	0.104	0.001 ms
Symbolic time: 0.149	0.149	0 ms
Numeric time: 0.104	0.104	0 ms
Symbolic time: 0.145	0.145	0 ms
Numeric time: 0.103	0.103	0 ms
Symbolic time: 0.145	0.145	0 ms
Numeric time: 0.117	0.117	0 ms
Symbolic time: 0.149	0.149	0 ms
Numeric time: 0.104	0.104	0 ms
Symbolic time: 0.144	0.144	0 ms
Numeric time: 0.104	0.104	0 ms
Symbolic time: 0.146	0.145	0 ms
Numeric time: 0.104	0.104	0 ms
Symbolic time: 0.161	0.162	0 ms
Numeric time: 0.108	0.108	0 ms
Symbolic time: 0.145	0.145	0 ms
Numeric time: 0.101	0.101	0 ms
Symbolic time: 0.146	0.145	0 ms
Numeric time: 0.103	0.103	0 ms
Symbolic time: 0.144	0.144	0 ms
Numeric time: 0.119	0.119	0 ms
Symbolic time: 0.151	0.151	0 ms
Numeric time: 0.105	0.104	0 ms
Symbolic time: 0.145	0.145	0 ms
Numeric time: 0.103	0.103	0 ms
Symbolic time: 0.145	0.145	0 ms
Numeric time: 0.104	0.104	0 ms
Symbolic time: 0.165	0.164	0 ms
Numeric time: 0.104	0.105	0 ms
Symbolic time: 0.147	0.147	0 ms
Numeric time: 0.102	0.102	0 ms
Symbolic time: 0.146	0.146	0 ms
Numeric time: 0.103	0.104	0 ms
Symbolic time: 0.146	0.146	0 ms
Numeric time: 0.116	0.116	0 ms
Symbolic time: 0.146	0.145	0 ms
Numeric time: 0.104	0.103	0 ms
Symbolic time: 0.145	0.146	0 ms
Numeric time: 0.104	0.104	0 ms
Symbolic time: 0.145	0.144	0 ms
Numeric time: 0.102	0.103	0 ms
Symbolic time: 0.156	0.156	0 ms
Numeric time: 0.107	0.107	0 ms
Symbolic time: 0.145	0.146	0 ms
Numeric time: 0.103	0.103	0 ms
Symbolic time: 0.145	0.144	0 ms
Numeric time: 0.103	0.103	0 ms
Symbolic time: 0.151	0.151	0 ms
Numeric time: 0.103	0.103	0 ms
Symbolic time: 0.153	0.154	0 ms
Numeric time: 0.103	0.104	0 ms
Symbolic time: 0.146	0.145	0 ms
Numeric time: 0.103	0.103	0 ms
Symbolic time: 0.147	0.147	0 ms
Numeric time: 0.109	0.109	0 ms
Symbolic time: 0.151	0.151	0 ms
Numeric time: 0.111	0.111	0 ms
Symbolic time: 0.145	0.145	0 ms
Numeric time: 0.103	0.104	0 ms
Symbolic time: 0.145	0.145	0 ms
Numeric time: 0.103	0.103	0 ms
Symbolic time: 0.15	0.151	0 ms
Numeric time: 0.103	0.104	0 ms
Symbolic time: 0.162	0.163	0 ms
Numeric time: 0.103	0.103	0 ms
Symbolic time: 0.145	0.146	0 ms
Numeric time: 0.103	0.103	0 ms
Symbolic time: 0.15	0.149	0 ms
Numeric time: 0.104	0.104	0 ms
Symbolic time: 0.146	0.146	0 ms
Numeric time: 0.119	0.119	0 ms
Symbolic time: 0.146	0.146	0 ms
Numeric time: 0.103	0.104	0 ms
Symbolic time: 0.145	0.145	0 ms
Numeric time: 0.109	0.109	0 ms
Symbolic time: 0.145	0.145	0 ms
Numeric time: 0.105	0.105	0 ms
Symbolic time: 0.16	0.16	0 ms
Numeric time: 0.104	0.104	0 ms
Symbolic time: 0.145	0.146	0 ms
Numeric time: 0.102	0.103	0 ms
Symbolic time: 0.149	0.15	0 ms
Numeric time: 0.104	0.103	0 ms
Symbolic time: 0.146	0.146	0 ms
Numeric time: 0.111	0.111	0 ms
Symbolic time: 0.145	0.145	0 ms
Numeric time: 0.104	0.104	0 ms
Symbolic time: 0.151	0.152	0 ms
Numeric time: 0.103	0.103	0 ms
Symbolic time: 0.145	0.145	0 ms
Numeric time: 0.105	0.105	0 ms
Symbolic time: 0.154	0.154	0 ms
Numeric time: 0.104	0.105	0 ms
Symbolic time: 0.146	0.146	0 ms
Numeric time: 0.107	0.107	0 ms
Symbolic time: 0.146	0.145	0 ms
Numeric time: 0.103	0.102	0 ms
Symbolic time: 0.146	0.146	0 ms
Numeric time: 0.102	0.102	0 ms
Symbolic time: 0.145	0.145	0 ms
Numeric time: 0.102	0.103	0 ms
Symbolic time: 0.149	0.149	0 ms
Numeric time: 0.104	0.103	0 ms
Symbolic time: 0.144	0.144	0 ms
Numeric time: 0.103	0.103	0 ms
Symbolic time: 0.145	0.145	0 ms
Numeric time: 0.113	0.112	0 ms
Symbolic time: 0.146	0.146	0 ms
Numeric time: 0.104	0	0.104 ms
Symbolic time: 0.145	0	0.146 ms
Numeric time: 0.104	0	0.104 ms
Symbolic time: 0.147	0	0.147 ms
Numeric time: 0.103	0	0.103 ms
Symbolic time: 0.152	0	0.152 ms
Numeric time: 0.103	0.007	0.096 ms
Symbolic time: 0.146	0.146	0 ms
Numeric time: 0.103	0.103	0 ms
Symbolic time: 0.145	0.145	0 ms
Numeric time: 0.104	0.104	0 ms
Symbolic time: 0.146	0.146	0 ms
Numeric time: 0.113	0.113	0 ms
Symbolic time: 0.151	0.151	0 ms
Numeric time: 0.103	0.103	0 ms
Symbolic time: 0.145	0.145	0 ms
Numeric time: 0.104	0.103	0 ms
Symbolic time: 0.145	0.144	0 ms
Numeric time: 0.103	0.103	0 ms
Symbolic time: 0.151	0.151	0 ms
Numeric time: 0.109	0.108	0 ms
Symbolic time: 0.145	0.145	0 ms
Numeric time: 0.102	0.102	0 ms
Symbolic time: 0.145	0.145	0 ms
Numeric time: 0.103	0.103	0 ms
Symbolic time: 0.147	0.147	0 ms
Numeric time: 0.103	0.102	0 ms
Symbolic time: 0.147	0.147	0 ms
Numeric time: 0.104	0.104	0 ms
Symbolic time: 0.144	0.145	0 ms
Numeric time: 0.103	0.104	0 ms
Symbolic time: 0.144	0.144	0 ms
Numeric time: 0.104	0.105	0 ms
Symbolic time: 0.15	0.15	0 ms
Numeric time: 0.106	0.106	0 ms
Symbolic time: 0.146	0.146	0 ms
Numeric time: 0.104	0.104	0 ms
Symbolic time: 0.146	0.146	0 ms
Numeric time: 0.103	0.103	0 ms
Symbolic time: 0.146	0.146	0 ms
Numeric time: 0.107	0.107	0 ms
Symbolic time: 0.152	0.151	0 ms
Numeric time: 0.103	0.104	0 ms
Symbolic time: 0.144	0.145	0 ms
Numeric time: 0.102	0.102	0 ms
Symbolic time: 0.145	0.145	0 ms
Numeric time: 0.102	0.103	0 ms
Symbolic time: 0.151	0.151	0 ms
Numeric time: 0.114	0.113	0 ms
Symbolic time: 0.146	0.147	0 ms
Numeric time: 0.103	0.103	0 ms
Symbolic time: 0.146	0.146	0 ms
Numeric time: 0.104	0.104	0 ms
Symbolic time: 0.15	0.15	0 ms
Numeric time: 0.105	0.104	0 ms
Symbolic time: 0.152	0.152	0 ms
Numeric time: 0.104	0.103	0 ms
Symbolic time: 0.145	0.146	0 ms
Numeric time: 0.102	0.103	0 ms
Symbolic time: 0.146	0.146	0 ms
Numeric time: 0.107	0.107	0 ms
Symbolic time: 0.146	0.146	0 ms
Numeric time: 0.102	0.103	0 ms
Symbolic time: 0.145	0.145	0 ms
Numeric time: 0.104	0.103	0 ms
Symbolic time: 0.145	0.145	0 ms
Numeric time: 0.103	0.103	0 ms
Symbolic time: 0.151	0.15	0 ms
Numeric time: 0.103	0.102	0 ms
Symbolic time: 0.143	0.144	0 ms
Numeric time: 0.105	0.106	0 ms
Symbolic time: 0.145	0.145	0 ms
Numeric time: 0.103	0.104	0 ms
Symbolic time: 0.144	0.143	0 ms
Numeric time: 0.108	0.109	0 ms
Symbolic time: 0.145	0.145	0 ms
Numeric time: 0.104	0.104	0 ms
Symbolic time: 0.151	0.151	0 ms
Numeric time: 0.105	0.105	0 ms
Symbolic time: 0.145	0.145	0 ms
Numeric time: 0.103	0.103	0 ms
Symbolic time: 0.146	0	0.146 ms
Numeric time: 0.104	0	0.104 ms
Symbolic time: 0.147	0	0.146 ms
Numeric time: 0.113	0	0.113 ms
Symbolic time: 0.145	0	0.145 ms
Numeric time: 0.104	0	0.105 ms
Symbolic time: 0.15	0.15	0 ms
Numeric time: 0.104	0.103	0 ms
Symbolic time: 0.145	0.133	0.012 ms
Numeric time: 0.104	0.096	0.008 ms
Symbolic time: 0.153	0.141	0.012 ms
Numeric time: 0.104	0.096	0.008 ms
Symbolic time: 0.146	0.134	0.012 ms
Numeric time: 0.107	0.107	0 ms
Symbolic time: 0.146	0.146	0 ms
Numeric time: 0.103	0.103	0 ms
Symbolic time: 0.146	0.146	0 ms
Numeric time: 0.107	0.108	0 ms
Symbolic time: 0.146	0.147	0 ms
Numeric time: 0.101	0.102	0 ms
Symbolic time: 0.151	0.151	0 ms
Numeric time: 0.103	0.103	0 ms
Symbolic time: 0.145	0.145	0 ms
Numeric time: 0.102	0.102	0 ms
Symbolic time: 0.148	0.148	0 ms
Numeric time: 0.104	0.104	0 ms
Symbolic time: 0.15	0.15	0 ms
Numeric time: 0.103	0.103	0 ms
Symbolic time: 0.146	0.146	0 ms
Numeric time: 0.104	0.104	0 ms
Symbolic time: 0.145	0.145	0 ms
Numeric time: 0.104	0.105	0 ms
Symbolic time: 0.153	0.153	0 ms
Numeric time: 0.106	0	0.106 ms
Symbolic time: 0.146	0	0.147 ms
Numeric time: 0.104	0	0.103 ms
Symbolic time: 0.145	0	0.145 ms
Numeric time: 0.102	0	0.103 ms
Symbolic time: 0.147	0	0.146 ms
Numeric time: 0.112	0	0.112 ms
Symbolic time: 0.152	0.152	0 ms
Numeric time: 0.103	0.103	0 ms
Symbolic time: 0.146	0.146	0 ms
Numeric time: 0.104	0.104	0 ms
Symbolic time: 0.145	0.145	0 ms
Numeric time: 0.103	0.104	0 ms
Symbolic time: 0.153	0.149	0.003 ms
Numeric time: 0.104	0	0.105 ms
Symbolic time: 0.146	0	0.145 ms
Numeric time: 0.104	0	0.104 ms
Symbolic time: 0.145	0	0.146 ms
Numeric time: 0.103	0	0.103 ms
Symbolic time: 0.147	0	0.146 ms
Numeric time: 0.112	0.006	0.106 ms
Symbolic time: 0.147	0.147	0 ms
Numeric time: 0.103	0.103	0 ms
Symbolic time: 0.146	0.146	0 ms
Numeric time: 0.103	0.103	0 ms
Symbolic time: 0.144	0.144	0 ms
Numeric time: 0.102	0.103	0 ms
Symbolic time: 0.157	0.156	0 ms
Numeric time: 0.104	0.104	0 ms
Symbolic time: 0.144	0.145	0 ms
Numeric time: 0.103	0.103	0 ms
Symbolic time: 0.145	0.145	0 ms
Numeric time: 0.104	0.104	0 ms
Symbolic time: 0.144	0.144	0 ms
Numeric time: 0.108	0.108	0 ms
Symbolic time: 0.153	0.153	0 ms
Numeric time: 0.103	0.103	0 ms
Symbolic time: 0.147	0.147	0 ms
Numeric time: 0.104	0.103	0 ms
Symbolic time: 0.146	0.147	0 ms
Numeric time: 0.103	0.102	0 ms
Symbolic time: 0.149	0.15	0 ms
Numeric time: 0.111	0.11	0 ms
Symbolic time: 0.146	0.146	0 ms
Numeric time: 0.103	0.103	0 ms
Symbolic time: 0.145	0.145	0 ms
Numeric time: 0.317	0.31	0 ms
Symbolic time: 0.456	0.456	0 ms
Numeric time: 0.327	0.327	0 ms
Symbolic time: 0.44	0.44	0 ms
Numeric time: 0.31	0.311	0 ms
Symbolic time: 0.442	0.442	0 ms
Numeric time: 0.316	0.317	0 ms
Symbolic time: 0.445	0.445	0 ms
Numeric time: 0.31	0.311	0 ms
Symbolic time: 0.441	0.441	0 ms
Numeric time: 0.31	0.31	0 ms
Symbolic time: 0.443	0.443	0 ms
Numeric time: 0.31	0.31	0 ms
Symbolic time: 0.436	0.436	0 ms
Numeric time: 0.318	0.318	0 ms
Symbolic time: 0.432	0.433	0 ms
Numeric time: 0.318	0.318	0 ms
Symbolic time: 0.436	0.436	0 ms
Numeric time: 0.306	0.306	0 ms
Symbolic time: 0.434	0.434	0 ms
Numeric time: 0.308	0.309	0 ms
Symbolic time: 0.446	0.446	0 ms
Numeric time: 0.309	0.309	0 ms
Symbolic time: 0.444	0.444	0 ms
Numeric time: 0.307	0.307	0 ms
Symbolic time: 0.444	0.443	0 ms
Numeric time: 0.306	0.306	0 ms
Symbolic time: 0.432	0.432	0 ms
Numeric time: 0.316	0.316	0 ms
Symbolic time: 0.437	0.437	0 ms
Numeric time: 0.321	0.321	0 ms
Symbolic time: 0.435	0.435	0 ms
Numeric time: 0.316	0.316	0 ms
Symbolic time: 0.437	0.437	0 ms
Numeric time: 0.308	0.308	0 ms
Symbolic time: 0.443	0.443	0 ms
Numeric time: 0.309	0.31	0 ms
Symbolic time: 0.443	0.443	0 ms
Numeric time: 0.274	0.273	0 ms
Symbolic time: 0.278	0.278	0 ms
Numeric time: 0.2	0.201	0 ms
Symbolic time: 0.275	0.275	0 ms
Numeric time: 0.197	0.197	0 ms
Symbolic time: 0.28	0.28	0 ms
Numeric time: 0.194	0.194	0 ms
Symbolic time: 0.275	0.274	0 ms
Numeric time: 0.194	0.195	0 ms
Symbolic time: 0.279	0.28	0 ms
Numeric time: 0.194	0.194	0 ms
Symbolic time: 0.278	0.278	0 ms
Numeric time: 0.199	0.199	0 ms
Symbolic time: 0.278	0.279	0 ms
Numeric time: 0.195	0.195	0 ms
Symbolic time: 0.276	0.276	0 ms
Numeric time: 0.194	0.194	0 ms
Symbolic time: 0.275	0	0.275 ms
Numeric time: 0.195	0	0.195 ms
Symbolic time: 0.275	0	0.274 ms
Numeric time: 0.201	0.181	0.02 ms
Symbolic time: 0.276	0.254	0.023 ms
Numeric time: 0.195	0.178	0.016 ms
Symbolic time: 0.277	0.254	0.023 ms
Numeric time: 0.203	0.203	0 ms
Symbolic time: 0.276	0.275	0 ms
Numeric time: 0.195	0.194	0 ms
Symbolic time: 0.281	0.281	0 ms
Numeric time: 0.193	0.194	0 ms
Symbolic time: 0.274	0.275	0 ms
Numeric time: 0.192	0.193	0 ms
Symbolic time: 0.28	0.279	0 ms
Numeric time: 0.197	0.197	0 ms
Symbolic time: 0.276	0.276	0 ms
Numeric time: 0.193	0.193	0 ms
Symbolic time: 0.251	0.251	0 ms
Numeric time: 0.132	0.131	0 ms
Symbolic time: 0.187	0.186	0 ms
Numeric time: 0.132	0.132	0 ms
Symbolic time: 0.186	0.187	0 ms
Numeric time: 0.139	0.139	0 ms
Symbolic time: 0.187	0.187	0 ms
Numeric time: 0.132	0.132	0 ms
Symbolic time: 0.187	0.186	0 ms
Numeric time: 0.133	0.134	0 ms
Symbolic time: 0.192	0.192	0 ms
Numeric time: 0.133	0.134	0 ms
Symbolic time: 0.187	0.187	0 ms
Numeric time: 0.133	0.133	0 ms
Symbolic time: 0.187	0.187	0 ms
Numeric time: 0.132	0.132	0 ms
Symbolic time: 0.189	0.189	0 ms
Numeric time: 0.133	0.134	0 ms
Symbolic time: 0.188	0.188	0 ms
Numeric time: 0.131	0.131	0 ms
Symbolic time: 0.188	0.188	0 ms
Numeric time: 0.137	0.138	0 ms
Symbolic time: 0.186	0.186	0 ms
Numeric time: 0.132	0.132	0 ms
Symbolic time: 0.187	0.186	0 ms
Numeric time: 0.132	0.131	0 ms
Symbolic time: 0.195	0.194	0 ms
Numeric time: 0.132	0.132	0 ms
Symbolic time: 0.186	0.186	0 ms
Numeric time: 0.131	0.132	0 ms
Symbolic time: 0.187	0.187	0 ms
Numeric time: 0.131	0.132	0 ms
Symbolic time: 0.192	0.191	0 ms
Numeric time: 0.133	0.133	0 ms
Symbolic time: 0.186	0.186	0 ms
Numeric time: 0.133	0.133	0 ms
Symbolic time: 0.186	0.187	0 ms
Numeric time: 0.139	0.14	0 ms
Symbolic time: 0.186	0.186	0 ms
Numeric time: 0.132	0.132	0 ms
Symbolic time: 0.186	0.186	0 ms
Numeric time: 0.133	0.134	0 ms
Symbolic time: 0.192	0.193	0 ms
Numeric time: 0.133	0.133	0 ms
Symbolic time: 0.187	0.187	0 ms
Numeric time: 0.131	0.131	0 ms
Symbolic time: 0.188	0.189	0 ms
Numeric time: 0.132	0.132	0 ms
Symbolic time: 0.191	0.192	0 ms
Numeric time: 0.132	0.132	0 ms
Symbolic time: 0.187	0.187	0 ms
Numeric time: 0.132	0.132	0 ms
Symbolic time: 0.187	0.187	0 ms
Numeric time: 0.137	0.138	0 ms
Symbolic time: 0.186	0.187	0 ms
Numeric time: 0.129	0.13	0 ms
Symbolic time: 0.144	0.144	0 ms
Numeric time: 0.103	0.103	0 ms
Symbolic time: 0.145	0.144	0 ms
Numeric time: 0.104	0.104	0 ms
Symbolic time: 0.144	0.144	0 ms
Numeric time: 0.103	0.103	0 ms
Symbolic time: 0.144	0.144	0 ms
Numeric time: 0.103	0.103	0 ms
Symbolic time: 0.144	0.145	0 ms
Numeric time: 0.102	0.102	0 ms
Symbolic time: 0.15	0.15	0 ms
Numeric time: 0.103	0.103	0 ms
Symbolic time: 0.145	0.145	0 ms
Numeric time: 0.103	0.103	0 ms
Symbolic time: 0.145	0.144	0 ms
Numeric time: 0.104	0.103	0 ms
Symbolic time: 0.145	0.146	0 ms
Numeric time: 0.104	0.103	0 ms
Symbolic time: 0.146	0.146	0 ms
Numeric time: 0.103	0.102	0 ms
Symbolic time: 0.145	0.146	0 ms
Numeric time: 0.103	0.104	0 ms
Symbolic time: 0.145	0.146	0 ms
Numeric time: 0.102	0.102	0 ms
Symbolic time: 0.148	0.149	0 ms
Numeric time: 0.102	0.103	0 ms
Symbolic time: 0.145	0.145	0 ms
Numeric time: 0.102	0.103	0 ms
Symbolic time: 0.145	0.145	0 ms
Numeric time: 0.103	0.103	0 ms
Symbolic time: 0.144	0.145	0 ms
Numeric time: 0.109	0.109	0 ms
Symbolic time: 0.145	0.145	0 ms
Numeric time: 0.103	0.104	0 ms
Symbolic time: 0.145	0.145	0 ms
Numeric time: 0.104	0.104	0 ms
Symbolic time: 0.145	0.144	0 ms
Numeric time: 0.103	0.104	0 ms
Symbolic time: 0.15	0.15	0 ms
Numeric time: 0.103	0.104	0 ms
Symbolic time: 0.145	0.146	0 ms
Numeric time: 0.103	0.104	0 ms
Symbolic time: 0.146	0.146	0 ms
Numeric time: 0.105	0.104	0 ms
Symbolic time: 0.145	0.145	0 ms
Numeric time: 0.106	0.107	0 ms
Symbolic time: 0.145	0.145	0 ms
Numeric time: 0.103	0.102	0 ms
Symbolic time: 0.145	0.145	0 ms
Numeric time: 0.103	0.102	0 ms
Symbolic time: 0.144	0.145	0 ms
Numeric time: 0.103	0.103	0 ms
Symbolic time: 0.158	0.158	0 ms
Numeric time: 0.102	0.102	0 ms
Symbolic time: 0.146	0.146	0 ms
Numeric time: 0.102	0.102	0 ms
Symbolic time: 0.146	0.145	0 ms
Numeric time: 0.102	0.103	0 ms
Symbolic time: 0.146	0.146	0 ms
Numeric time: 0.107	0.107	0 ms
Symbolic time: 0.146	0.147	0 ms
Numeric time: 0.102	0.103	0 ms
Symbolic time: 0.145	0.146	0 ms
Numeric time: 0.103	0.102	0 ms
Symbolic time: 0.144	0.145	0 ms
Numeric time: 0.103	0.102	0 ms
Symbolic time: 0.15	0.15	0 ms
Numeric time: 0.104	0.104	0 ms
Symbolic time: 0.145	0.145	0 ms
Numeric time: 0.104	0.104	0 ms
Symbolic time: 0.145	0.144	0 ms
Numeric time: 0.105	0.105	0 ms
Symbolic time: 0.144	0.145	0 ms
Numeric time: 0.108	0.109	0 ms
Symbolic time: 0.145	0.145	0 ms
Numeric time: 0.103	0.102	0 ms
Symbolic time: 0.146	0.146	0 ms
Numeric time: 0.103	0.103	0 ms
Symbolic time: 0.146	0.145	0 ms
Numeric time: 0.104	0.104	0 ms
Symbolic time: 0.149	0.149	0 ms
Numeric time: 0.103	0.103	0 ms
Symbolic time: 0.147	0.147	0 ms
Numeric time: 0.103	0.103	0 ms
Symbolic time: 0.145	0.146	0 ms
Numeric time: 0.101	0.102	0 ms
Symbolic time: 0.148	0.148	0 ms
Numeric time: 0.102	0.102	0 ms
Symbolic time: 0.146	0.146	0 ms
Numeric time: 0.104	0.103	0 ms
Symbolic time: 0.144	0.144	0 ms
Numeric time: 0.103	0.103	0 ms
Symbolic time: 0.145	0.145	0 ms
Numeric time: 0.102	0.103	0 ms
Symbolic time: 0.145	0.145	0 ms
Numeric time: 0.103	0.104	0 ms
Symbolic time: 0.145	0.146	0 ms
Numeric time: 0.103	0.104	0 ms
Symbolic time: 0.145	0.144	0 ms
Numeric time: 0.104	0.104	0 ms
Symbolic time: 0.149	0.149	0 ms
Numeric time: 0.103	0.103	0 ms
Symbolic time: 0.144	0.145	0 ms
Numeric time: 0.103	0.103	0 ms
Symbolic time: 0.144	0.145	0 ms
Numeric time: 0.103	0.103	0 ms
Symbolic time: 0.146	0.146	0 ms
Numeric time: 0.109	0.108	0 ms
Symbolic time: 0.146	0.145	0 ms
Numeric time: 0.103	0.103	0 ms
Symbolic time: 0.145	0.146	0 ms
Numeric time: 0.103	0.103	0 ms
Symbolic time: 0.145	0.144	0 ms
Numeric time: 0.102	0.101	0 ms
Symbolic time: 0.151	0.151	0 ms
Numeric time: 0.102	0.103	0 ms
Symbolic time: 0.145	0.145	0 ms
Numeric time: 0.102	0.103	0 ms
Symbolic time: 0.146	0.146	0 ms
Numeric time: 0.105	0.104	0 ms
Symbolic time: 0.144	0.144	0 ms
Numeric time: 0.107	0.107	0 ms
Symbolic time: 0.144	0.143	0 ms
Numeric time: 0.104	0.104	0 ms
Symbolic time: 0.144	0.143	0 ms
Numeric time: 0.103	0.104	0 ms
Symbolic time: 0.144	0.145	0 ms
Numeric time: 0.104	0.104	0 ms
Symbolic time: 0.15	0.149	0 ms
Numeric time: 0.103	0.103	0 ms
Symbolic time: 0.147	0.147	0 ms
Numeric time: 0.102	0.103	0 ms
Symbolic time: 0.146	0.146	0 ms
Numeric time: 0.102	0.102	0 ms
Symbolic time: 0.145	0.144	0 ms
Numeric time: 0.106	0.107	0 ms
Symbolic time: 0.145	0.145	0 ms
Numeric time: 0.101	0.102	0 ms
Symbolic time: 0.145	0.146	0 ms
Numeric time: 0.102	0.102	0 ms
Symbolic time: 0.145	0.145	0 ms
Numeric time: 0.102	0.102	0 ms
Symbolic time: 0.148	0.148	0 ms
Numeric time: 0.103	0.103	0 ms
Symbolic time: 0.146	0.145	0 ms
Numeric time: 0.103	0.103	0 ms
Symbolic time: 0.145	0.144	0 ms
Numeric time: 0.103	0.104	0 ms
Symbolic time: 0.145	0.146	0 ms
Numeric time: 0.103	0	0.103 ms
Symbolic time: 0.146	0	0.146 ms
Numeric time: 0.103	0	0.103 ms
Symbolic time: 0.145	0	0.145 ms
Numeric time: 0.103	0	0.103 ms
Symbolic time: 0.146	0	0.146 ms
Numeric time: 0.103	0	0.103 ms
Symbolic time: 0.145	0.145	0 ms
Numeric time: 0.102	0.102	0 ms
Symbolic time: 0.146	0.147	0 ms
Numeric time: 0.104	0.104	0 ms
Symbolic time: 0.147	0.147	0 ms
Numeric time: 0.103	0.101	0.002 ms
Symbolic time: 0.15	0.15	0 ms
Numeric time: 0.102	0.103	0 ms
Symbolic time: 0.146	0.145	0 ms
Numeric time: 0.103	0.103	0 ms
Symbolic time: 0.146	0.146	0 ms
Numeric time: 0.103	0.103	0 ms
Symbolic time: 0.146	0.146	0.001 ms
Numeric time: 0.107	0.107	0 ms
Symbolic time: 0.146	0.146	0 ms
Numeric time: 0.104	0.104	0 ms
Symbolic time: 0.144	0.144	0 ms
Numeric time: 0.104	0.104	0 ms
Symbolic time: 0.144	0.143	0 ms
Numeric time: 0.102	0.102	0 ms
Symbolic time: 0.149	0.15	0 ms
Numeric time: 0.103	0.104	0 ms
Symbolic time: 0.144	0.145	0 ms
Numeric time: 0.104	0.105	0 ms
Symbolic time: 0.146	0.146	0 ms
Numeric time: 0.103	0.103	0 ms
Symbolic time: 0.145	0.145	0.001 ms
Numeric time: 0.105	0.105	0 ms
Symbolic time: 0.145	0.145	0 ms
Numeric time: 0.102	0.102	0 ms
Symbolic time: 0.145	0.145	0 ms
Numeric time: 0.103	0.103	0 ms
Symbolic time: 0.145	0.144	0 ms
Numeric time: 0.102	0.103	0 ms
Symbolic time: 0.15	0.151	0 ms
Numeric time: 0.103	0.103	0 ms
Symbolic time: 0.145	0.145	0 ms
Numeric time: 0.101	0.101	0 ms
Symbolic time: 0.146	0.146	0 ms
Numeric time: 0.102	0.103	0 ms
Symbolic time: 0.145	0.144	0.001 ms
Numeric time: 0.105	0.105	0 ms
Symbolic time: 0.146	0.146	0 ms
Numeric time: 0.104	0.104	0 ms
Symbolic time: 0.145	0.146	0 ms
Numeric time: 0.104	0.104	0 ms
Symbolic time: 0.145	0.145	0 ms
Numeric time: 0.104	0.104	0 ms
Symbolic time: 0.148	0.148	0 ms
Numeric time: 0.103	0.104	0 ms
Symbolic time: 0.146	0.146	0 ms
Numeric time: 0.104	0.104	0 ms
Symbolic time: 0.146	0.146	0 ms
Numeric time: 0.103	0.104	0 ms
Symbolic time: 0.147	0.146	0.001 ms
Numeric time: 0.106	0	0.103 ms
Symbolic time: 0.146	0	0.146 ms
Numeric time: 0.103	0	0.103 ms
Symbolic time: 0.146	0	0.146 ms
Numeric time: 0.103	0	0.103 ms
Symbolic time: 0.145	0	0.144 ms
Numeric time: 0.103	0	0.103 ms
Symbolic time: 0.144	0.144	0 ms
Numeric time: 0.104	0.103	0 ms
Symbolic time: 0.145	0.144	0 ms
Numeric time: 0.103	0.104	0 ms
Symbolic time: 0.144	0.145	0 ms
Numeric time: 0.103	0.098	0.005 ms
Symbolic time: 0.15	0.15	0 ms
Numeric time: 0.103	0.103	0 ms
Symbolic time: 0.146	0.146	0 ms
Numeric time: 0.103	0.103	0 ms
Symbolic time: 0.145	0.145	0 ms
Numeric time: 0.103	0.103	0 ms
Symbolic time: 0.145	0.144	0.001 ms
Numeric time: 0.108	0.108	0 ms
Symbolic time: 0.145	0.145	0 ms
Numeric time: 0.102	0.102	0 ms
Symbolic time: 0.145	0.145	0 ms
Numeric time: 0.103	0.103	0 ms
Symbolic time: 0.146	0.146	0 ms
Numeric time: 0.102	0.102	0 ms
Symbolic time: 0.149	0.149	0 ms
Numeric time: 0.102	0.102	0 ms
Symbolic time: 0.144	0.144	0 ms
Numeric time: 0.103	0.104	0 ms
Symbolic time: 0.145	0.145	0 ms
Numeric time: 0.103	0.103	0 ms
Symbolic time: 0.145	0.144	0.001 ms
Numeric time: 0.11	0.109	0 ms
Symbolic time: 0.145	0.145	0 ms
Numeric time: 0.103	0.103	0 ms
Symbolic time: 0.144	0.144	0 ms
Numeric time: 0.103	0.103	0 ms
Symbolic time: 0.144	0.145	0 ms
Numeric time: 0.104	0.103	0 ms
Symbolic time: 0.149	0.148	0 ms
Numeric time: 0.103	0.103	0 ms
Symbolic time: 0.144	0.145	0 ms
Numeric time: 0.103	0.103	0 ms
Symbolic time: 0.145	0.145	0 ms
Numeric time: 0.102	0.102	0 ms
Symbolic time: 0.145	0.144	0.001 ms
Numeric time: 0.107	0.108	0 ms
Symbolic time: 0.146	0.146	0 ms
Numeric time: 0.102	0.102	0 ms
Symbolic time: 0.145	0.145	0 ms
Numeric time: 0.102	0.102	0 ms
Symbolic time: 0.145	0.145	0 ms
Numeric time: 0.102	0.102	0 ms
Symbolic time: 0.15	0.15	0 ms
Numeric time: 0.103	0.102	0 ms
Symbolic time: 0.146	0.145	0 ms
Numeric time: 0.103	0.103	0 ms
Symbolic time: 0.144	0.145	0 ms
Numeric time: 0.103	0.103	0 ms
Symbolic time: 0.145	0.144	0.001 ms
Numeric time: 0.108	0.109	0 ms
Symbolic time: 0.145	0.144	0 ms
Numeric time: 0.103	0.104	0 ms
Symbolic time: 0.145	0.144	0 ms
Numeric time: 0.104	0.103	0 ms
Symbolic time: 0.147	0.146	0 ms
Numeric time: 0.102	0.103	0 ms
Symbolic time: 0.15	0.149	0 ms
Numeric time: 0.103	0.103	0 ms
Symbolic time: 0.145	0.145	0 ms
Numeric time: 0.104	0.104	0 ms
Symbolic time: 0.146	0.146	0 ms
Numeric time: 0.102	0.103	0 ms
Symbolic time: 0.151	0.15	0 ms
Numeric time: 0.103	0.103	0 ms
Symbolic time: 0.145	0.144	0 ms
Numeric time: 0.102	0.102	0 ms
Symbolic time: 0.146	0.145	0 ms
Numeric time: 0.102	0.103	0 ms
Symbolic time: 0.145	0.146	0 ms
Numeric time: 0.104	0.103	0 ms
Symbolic time: 0.145	0.145	0 ms
Numeric time: 0.103	0.104	0 ms
Symbolic time: 0.145	0.145	0 ms
Numeric time: 0.102	0.103	0 ms
Symbolic time: 0.144	0.144	0 ms
Numeric time: 0.104	0.104	0 ms
Symbolic time: 0.149	0.148	0 ms
Numeric time: 0.104	0.104	0 ms
Symbolic time: 0.146	0.146	0 ms
Numeric time: 0.103	0.103	0 ms
Symbolic time: 0.146	0.146	0 ms
Numeric time: 0.104	0.104	0 ms
Symbolic time: 0.145	0.146	0 ms
Numeric time: 0.108	0.109	0 ms
Symbolic time: 0.145	0.146	0 ms
Numeric time: 0.104	0.103	0 ms
Symbolic time: 0.145	0.144	0 ms
Numeric time: 0.103	0.103	0 ms
Symbolic time: 0.145	0.145	0 ms
Numeric time: 0.103	0.103	0 ms
Symbolic time: 0.151	0.15	0 ms
Numeric time: 0.102	0.103	0 ms
Symbolic time: 0.145	0.145	0 ms
Numeric time: 0.103	0.103	0 ms
Symbolic time: 0.146	0.146	0 ms
Numeric time: 0.103	0.102	0 ms
Symbolic time: 0.146	0.146	0 ms
Numeric time: 0.107	0.108	0 ms
Symbolic time: 0.145	0.145	0 ms
Numeric time: 0.104	0.104	0 ms
Symbolic time: 0.146	0.146	0 ms
Numeric time: 0.103	0.103	0 ms
Symbolic time: 0.145	0.144	0 ms
Numeric time: 0.104	0.103	0 ms
Symbolic time: 0.15	0.15	0 ms
Numeric time: 0.103	0.104	0 ms
Symbolic time: 0.145	0.145	0 ms
Numeric time: 0.103	0.103	0 ms
Symbolic time: 0.145	0.145	0 ms
Numeric time: 0.102	0.103	0 ms
Symbolic time: 0.145	0.145	0 ms
Numeric time: 0.109	0.109	0 ms
Symbolic time: 0.146	0.145	0 ms
Numeric time: 0.103	0.104	0 ms
Symbolic time: 0.145	0.145	0 ms
Numeric time: 0.101	0.101	0 ms
Symbolic time: 0.144	0.145	0 ms
Numeric time: 0.103	0.103	0 ms
Symbolic time: 0.147	0.148	0 ms
Numeric time: 0.103	0.103	0 ms
Symbolic time: 0.146	0.146	0 ms
Numeric time: 0.102	0.102	0 ms
Symbolic time: 0.145	0.144	0 ms
Numeric time: 0.103	0.103	0 ms
Symbolic time: 0.151	0.151	0 ms
Numeric time: 0.104	0.103	0 ms
Symbolic time: 0.145	0.145	0 ms
Numeric time: 0.104	0.104	0 ms
Symbolic time: 0.146	0.145	0 ms
Numeric time: 0.103	0.103	0 ms
Symbolic time: 0.145	0.145	0 ms
Numeric time: 0.104	0.104	0 ms
Symbolic time: 0.147	0.147	0 ms
Numeric time: 0.104	0.104	0 ms
Symbolic time: 0.146	0.146	0 ms
Numeric time: 0.104	0.104	0 ms
Symbolic time: 0.145	0.145	0 ms
Numeric time: 0.104	0.104	0 ms
Symbolic time: 0.15	0.15	0 ms
Numeric time: 0.104	0.104	0 ms
Symbolic time: 0.145	0.146	0 ms
Numeric time: 0.103	0.103	0 ms
Symbolic time: 0.146	0.146	0 ms
Numeric time: 0.103	0.103	0 ms
Symbolic time: 0.146	0.147	0 ms
Numeric time: 0.108	0.107	0 ms
Symbolic time: 0.146	0.145	0 ms
Numeric time: 0.103	0.103	0 ms
Symbolic time: 0.145	0.145	0 ms
Numeric time: 0.103	0.103	0 ms
Symbolic time: 0.145	0.145	0 ms
Numeric time: 0.103	0.103	0 ms
Symbolic time: 0.148	0.149	0 ms
Numeric time: 0.104	0.103	0 ms
Symbolic time: 0.146	0.146	0 ms
Numeric time: 0.104	0.104	0 ms
Symbolic time: 0.146	0.145	0 ms
Numeric time: 0.104	0.104	0 ms
Symbolic time: 0.145	0.146	0 ms
Numeric time: 0.109	0.108	0 ms
Symbolic time: 0.146	0.146	0 ms
Numeric time: 0.104	0.104	0 ms
Symbolic time: 0.145	0.145	0 ms
Numeric time: 0.104	0.104	0 ms
Symbolic time: 0.145	0.145	0 ms
Numeric time: 0.104	0.104	0 ms
Symbolic time: 0.149	0.148	0 ms
Numeric time: 0.103	0.103	0 ms
Symbolic time: 0.146	0.145	0 ms
Numeric time: 0.102	0.102	0 ms
Symbolic time: 0.146	0.146	0 ms
Numeric time: 0.102	0.102	0 ms
Symbolic time: 0.144	0.143	0 ms
Numeric time: 0.107	0.106	0 ms
Symbolic time: 0.146	0.146	0 ms
Numeric time: 0.102	0.103	0 ms
Symbolic time: 0.145	0.145	0 ms
Numeric time: 0.102	0.103	0 ms
Symbolic time: 0.145	0.145	0 ms
Numeric time: 0.102	0.102	0 ms
Symbolic time: 0.15	0.15	0 ms
Numeric time: 0.103	0.104	0 ms
Symbolic time: 0.146	0.146	0 ms
Numeric time: 0.104	0.104	0 ms
Symbolic time: 0.146	0.146	0 ms
Numeric time: 0.104	0.103	0 ms
Symbolic time: 0.149	0.149	0 ms
Numeric time: 0.104	0.103	0 ms
Symbolic time: 0.144	0.145	0 ms
Numeric time: 0.103	0.103	0 ms
Symbolic time: 0.146	0.146	0 ms
Numeric time: 0.104	0.104	0 ms
Symbolic time: 0.145	0.145	0 ms
Numeric time: 0.108	0.108	0 ms
Symbolic time: 0.146	0.146	0 ms
Numeric time: 0.103	0.104	0 ms
Symbolic time: 0.146	0.146	0 ms
Numeric time: 0.102	0.102	0 ms
Symbolic time: 0.145	0.146	0 ms
Numeric time: 0.102	0.102	0 ms
Symbolic time: 0.15	0.15	0 ms
Numeric time: 0.102	0.103	0 ms
Symbolic time: 0.146	0.146	0 ms
Numeric time: 0.103	0.103	0 ms
Symbolic time: 0.144	0.144	0 ms
Numeric time: 0.102	0.103	0 ms
Symbolic time: 0.146	0.145	0 ms
Numeric time: 0.107	0.108	0 ms
Symbolic time: 0.146	0.145	0 ms
Numeric time: 0.104	0.104	0 ms
Symbolic time: 0.146	0.146	0 ms
Numeric time: 0.104	0.103	0 ms
Symbolic time: 0.145	0.145	0 ms
Numeric time: 0.104	0.104	0 ms
Symbolic time: 0.148	0.148	0 ms
Numeric time: 0.103	0.103	0 ms
Symbolic time: 0.145	0.145	0 ms
Numeric time: 0.103	0.104	0 ms
Symbolic time: 0.145	0.146	0 ms
Numeric time: 0.103	0.102	0 ms
Symbolic time: 0.147	0.147	0 ms
Numeric time: 0.107	0.107	0 ms
Symbolic time: 0.145	0.145	0 ms
Numeric time: 0.103	0.103	0 ms
Symbolic time: 0.146	0.146	0 ms
Numeric time: 0.102	0.103	0 ms
Symbolic time: 0.146	0.146	0 ms
Numeric time: 0.102	0.102	0 ms
Symbolic time: 0.152	0.152	0 ms
Numeric time: 0.103	0.103	0 ms
Symbolic time: 0.144	0.144	0 ms
Numeric time: 0.104	0.104	0 ms
Symbolic time: 0.145	0.145	0 ms
Numeric time: 0.103	0.104	0 ms
Symbolic time: 0.145	0.144	0 ms
Numeric time: 0.108	0.108	0 ms
Symbolic time: 0.145	0.145	0 ms
Numeric time: 0.103	0.103	0 ms
Symbolic time: 0.144	0.144	0 ms
Numeric time: 0.104	0.103	0 ms
Symbolic time: 0.144	0.145	0 ms
Numeric time: 0.103	0.104	0 ms
Symbolic time: 0.145	0.146	0 ms
Numeric time: 0.103	0.103	0 ms
Symbolic time: 0.145	0.145	0 ms
Numeric time: 0.104	0.103	0 ms
Symbolic time: 0.145	0.145	0 ms
Numeric time: 0.102	0.102	0 ms
Symbolic time: 0.148	0.147	0 ms
Numeric time: 0.102	0.103	0 ms
Symbolic time: 0.145	0.145	0 ms
Numeric time: 0.102	0.103	0 ms
Symbolic time: 0.145	0.145	0 ms
Numeric time: 0.102	0.102	0 ms
Symbolic time: 0.145	0.145	0 ms
Numeric time: 0.107	0.107	0 ms
Symbolic time: 0.145	0.145	0 ms
Numeric time: 0.103	0.103	0 ms
Symbolic time: 0.146	0.147	0 ms
Numeric time: 0.103	0.102	0 ms
Symbolic time: 0.146	0.145	0 ms
Numeric time: 0.103	0.102	0 ms
Symbolic time: 0.15	0.15	0 ms
Numeric time: 0.104	0.103	0 ms
Symbolic time: 0.145	0.145	0 ms
Numeric time: 0.103	0.103	0 ms
Symbolic time: 0.145	0.145	0 ms
Numeric time: 0.103	0.104	0 ms
Symbolic time: 0.145	0.145	0 ms
Numeric time: 0.105	0.106	0 ms
Symbolic time: 0.146	0.146	0 ms
Numeric time: 0.103	0.103	0 ms
Symbolic time: 0.145	0.145	0 ms
Numeric time: 0.104	0.103	0 ms
Symbolic time: 0.146	0.146	0 ms
Numeric time: 0.104	0.104	0 ms
Symbolic time: 0.151	0.151	0 ms
Numeric time: 0.104	0.104	0 ms
Symbolic time: 0.147	0.147	0 ms
Numeric time: 0.103	0.104	0 ms
Symbolic time: 0.144	0.144	0 ms
Numeric time: 0.103	0.102	0 ms
Symbolic time: 0.145	0.145	0 ms
Numeric time: 0.107	0.107	0 ms
Symbolic time: 0.145	0.145	0 ms
Numeric time: 0.103	0.103	0 ms
Symbolic time: 0.145	0.145	0 ms
Numeric time: 0.103	0.103	0 ms
Symbolic time: 0.145	0.144	0 ms
Numeric time: 0.104	0.104	0 ms
Symbolic time: 0.15	0.149	0 ms
Numeric time: 0.104	0.104	0 ms
Symbolic time: 0.144	0.144	0 ms
Numeric time: 0.103	0.103	0 ms
Symbolic time: 0.145	0.145	0 ms
Numeric time: 0.104	0.103	0 ms
Symbolic time: 0.145	0.144	0 ms
Numeric time: 0.108	0.109	0 ms
Symbolic time: 0.145	0.145	0 ms
Numeric time: 0.104	0.104	0 ms
Symbolic time: 0.145	0.145	0 ms
Numeric time: 0.103	0.104	0 ms
Symbolic time: 0.145	0.144	0 ms
Numeric time: 0.103	0.104	0 ms

Symbolic time: 0.161366 ms
Numeric time: 0.114822 ms
