Symbolic time: 0.602	0.599	0 ms
Numeric time: 0.094	0.098	0 ms
Symbolic time: 0.471	0.418	0.053 ms
Numeric time: 0.068	0.068	0 ms
Symbolic time: 0.465	0.465	0 ms
Numeric time: 0.059	0.059	0 ms
Symbolic time: 0.454	0.454	0 ms
Numeric time: 0.059	0.059	0 ms
Symbolic time: 0.451	0.451	0 ms
Numeric time: 0.059	0.06	0 ms
Symbolic time: 0.569	0.569	0 ms
Numeric time: 0.065	0.065	0 ms
Symbolic time: 0.456	0.456	0 ms
Numeric time: 0.059	0.058	0 ms
Symbolic time: 0.453	0.453	0 ms
Numeric time: 0.06	0.059	0 ms
Symbolic time: 0.461	0.461	0 ms
Numeric time: 0.059	0.058	0 ms
Symbolic time: 0.444	0	0.445 ms
Numeric time: 0.058	0	0.059 ms
Symbolic time: 0.443	0	0.449 ms
Numeric time: 0.059	0	0.058 ms
Symbolic time: 0.448	0	0.448 ms
Numeric time: 0.058	0	0.059 ms
Symbolic time: 0.45	0.276	0.176 ms
Numeric time: 0.059	0.045	0.014 ms
Symbolic time: 0.447	0.342	0.105 ms
Numeric time: 0.058	0.044	0.014 ms
Symbolic time: 0.331	0.331	0 ms
Numeric time: 0.037	0.037	0 ms
Symbolic time: 0.293	0.293	0 ms
Numeric time: 0.038	0.038	0 ms
Symbolic time: 0.281	0.281	0 ms
Numeric time: 0.037	0.03	0.009 ms
Symbolic time: 0.296	0.296	0 ms
Numeric time: 0.039	0.038	0 ms
Symbolic time: 0.281	0.282	0 ms
Numeric time: 0.037	0.038	0 ms
Symbolic time: 0.29	0.29	0 ms
Numeric time: 0.039	0.037	0.001 ms
Symbolic time: 0.29	0.29	0 ms
Numeric time: 0.038	0.038	0 ms
Symbolic time: 0.286	0.286	0 ms
Numeric time: 0.037	0.037	0 ms
Symbolic time: 0.287	0.287	0 ms
Numeric time: 0.039	0.039	0 ms
Symbolic time: 0.289	0.29	0 ms
Numeric time: 0.038	0.038	0 ms
Symbolic time: 0.289	0.288	0 ms
Numeric time: 0.037	0.037	0 ms
Symbolic time: 0.282	0.281	0 ms
Numeric time: 0.038	0.037	0 ms
Symbolic time: 0.295	0.296	0 ms
Numeric time: 0.039	0.038	0 ms
Symbolic time: 0.279	0.278	0 ms
Numeric time: 0.038	0.038	0 ms
Symbolic time: 0.289	0.289	0 ms
Numeric time: 0.038	0.037	0 ms
Symbolic time: 0.288	0.288	0 ms
Numeric time: 0.038	0.038	0 ms
Symbolic time: 0.285	0.286	0 ms
Numeric time: 0.036	0.037	0 ms
Symbolic time: 0.286	0.287	0 ms
Numeric time: 0.038	0.038	0 ms
Symbolic time: 0.29	0.291	0 ms
Numeric time: 0.038	0.038	0 ms
Symbolic time: 0.288	0.287	0 ms
Numeric time: 0.038	0.037	0 ms
Symbolic time: 0.283	0.283	0 ms
Numeric time: 0.037	0.037	0 ms
Symbolic time: 0.293	0.293	0 ms
Numeric time: 0.037	0.037	0 ms
Symbolic time: 0.282	0.282	0 ms
Numeric time: 0.038	0.038	0 ms
Symbolic time: 0.302	0.302	0 ms
Numeric time: 0.039	0.037	0.002 ms
Symbolic time: 0.286	0.286	0 ms
Numeric time: 0.039	0.038	0 ms
Symbolic time: 0.286	0.286	0 ms
Numeric time: 0.039	0.039	0 ms
Symbolic time: 0.29	0.29	0 ms
Numeric time: 0.043	0.043	0 ms
Symbolic time: 0.284	0.284	0 ms
Numeric time: 0.051	0.051	0 ms
Symbolic time: 0.295	0.295	0 ms
Numeric time: 0.038	0.038	0 ms
Symbolic time: 0.289	0.288	0 ms
Numeric time: 0.038	0.038	0 ms
Symbolic time: 0.257	0.257	0 ms
Numeric time: 0.029	0.029	0 ms
Symbolic time: 0.223	0.223	0 ms
Numeric time: 0.029	0.029	0 ms
Symbolic time: 0.221	0.221	0 ms
Numeric time: 0.029	0.03	0 ms
Symbolic time: 0.228	0.228	0 ms
Numeric time: 0.03	0.029	0 ms
Symbolic time: 0.219	0.219	0 ms
Numeric time: 0.029	0.029	0 ms
Symbolic time: 0.223	0.223	0 ms
Numeric time: 0.03	0.029	0 ms
Symbolic time: 0.219	0.219	0 ms
Numeric time: 0.03	0.03	0 ms
Symbolic time: 0.23	0.23	0 ms
Numeric time: 0.029	0.029	0 ms
Symbolic time: 0.22	0.22	0 ms
Numeric time: 0.029	0.029	0 ms
Symbolic time: 0.222	0.222	0 ms
Numeric time: 0.029	0.029	0 ms
Symbolic time: 0.219	0.219	0 ms
Numeric time: 0.032	0	0.032 ms
Symbolic time: 0.222	0	0.222 ms
Numeric time: 0.029	0	0.029 ms
Symbolic time: 0.222	0	0.222 ms
Numeric time: 0.029	0	0.029 ms
Symbolic time: 0.219	0	0.219 ms
Numeric time: 0.029	0	0.028 ms
Symbolic time: 0.233	0.215	0.02 ms
Numeric time: 0.03	0.025	0.005 ms
Symbolic time: 0.219	0.185	0.034 ms
Numeric time: 0.029	0.024	0.005 ms
Symbolic time: 0.222	0.188	0.035 ms
Numeric time: 0.029	0.024	0.004 ms
Symbolic time: 0.219	0.184	0.035 ms
Numeric time: 0.037	0.032	0.006 ms
Symbolic time: 0.229	0.229	0 ms
Numeric time: 0.03	0.03	0 ms
Symbolic time: 0.226	0.226	0 ms
Numeric time: 0.03	0.03	0 ms
Symbolic time: 0.222	0.221	0 ms
Numeric time: 0.03	0.03	0 ms
Symbolic time: 0.222	0.219	0.004 ms
Numeric time: 0.029	0.026	0.005 ms
Symbolic time: 0.233	0.233	0 ms
Numeric time: 0.029	0.029	0 ms
Symbolic time: 0.228	0.229	0 ms
Numeric time: 0.03	0.03	0 ms
Symbolic time: 0.223	0.223	0 ms
Numeric time: 0.029	0.029	0 ms
Symbolic time: 0.229	0.229	0 ms
Numeric time: 0.029	0.029	0 ms
Symbolic time: 0.224	0.224	0 ms
Numeric time: 0.03	0.03	0 ms
Symbolic time: 0.222	0.221	0 ms
Numeric time: 0.029	0.029	0 ms
Symbolic time: 0.221	0.221	0 ms
Numeric time: 0.029	0.029	0 ms
Symbolic time: 0.226	0.226	0 ms
Numeric time: 0.029	0.029	0 ms
Symbolic time: 0.221	0.221	0 ms
Numeric time: 0.028	0.028	0 ms
Symbolic time: 0.218	0.218	0 ms
Numeric time: 0.029	0.029	0 ms
Symbolic time: 0.221	0.221	0 ms
Numeric time: 0.029	0.029	0 ms
Symbolic time: 0.222	0.222	0 ms
Numeric time: 0.03	0.03	0 ms
Symbolic time: 0.227	0.227	0 ms
Numeric time: 0.029	0.029	0 ms
Symbolic time: 0.218	0.218	0 ms
Numeric time: 0.029	0.029	0 ms
Symbolic time: 0.226	0.226	0 ms
Numeric time: 0.03	0.03	0 ms
Symbolic time: 0.227	0.227	0 ms
Numeric time: 0.029	0.029	0 ms
Symbolic time: 0.222	0.222	0 ms
Numeric time: 0.031	0.031	0 ms
Symbolic time: 0.221	0.221	0 ms
Numeric time: 0.029	0.029	0 ms
Symbolic time: 0.224	0.225	0 ms
Numeric time: 0.029	0.029	0 ms
Symbolic time: 0.222	0.222	0 ms
Numeric time: 0.03	0.03	0 ms
Symbolic time: 0.217	0.217	0 ms
Numeric time: 0.029	0.029	0 ms
Symbolic time: 0.223	0.223	0 ms
Numeric time: 0.03	0.03	0 ms
Symbolic time: 0.222	0.222	0 ms
Numeric time: 0.029	0.029	0 ms
Symbolic time: 0.226	0.226	0 ms
Numeric time: 0.029	0.029	0 ms
Symbolic time: 0.235	0.235	0 ms
Numeric time: 0.03	0.031	0 ms
Symbolic time: 0.237	0.237	0 ms
Numeric time: 0.03	0.03	0 ms
Symbolic time: 0.228	0.228	0 ms
Numeric time: 0.03	0.03	0 ms
Symbolic time: 0.22	0.221	0 ms
Numeric time: 0.029	0.029	0 ms
Symbolic time: 0.222	0.222	0 ms
Numeric time: 0.029	0.03	0 ms
Symbolic time: 0.22	0.22	0 ms
Numeric time: 0.038	0.038	0 ms
Symbolic time: 0.226	0.226	0 ms
Numeric time: 0.03	0.03	0 ms
Symbolic time: 0.22	0.22	0 ms
Numeric time: 0.029	0.029	0 ms
Symbolic time: 0.225	0.225	0 ms
Numeric time: 0.029	0.03	0 ms
Symbolic time: 0.227	0.227	0 ms
Numeric time: 0.029	0.029	0 ms
Symbolic time: 0.221	0.221	0 ms
Numeric time: 0.029	0.029	0 ms
Symbolic time: 0.223	0.223	0 ms
Numeric time: 0.029	0.029	0 ms
Symbolic time: 0.22	0.22	0 ms
Numeric time: 0.029	0.029	0 ms
Symbolic time: 0.224	0.224	0 ms
Numeric time: 0.03	0.03	0 ms
Symbolic time: 0.218	0.218	0 ms
Numeric time: 0.029	0.029	0 ms
Symbolic time: 0.224	0.224	0 ms
Numeric time: 0.03	0.029	0 ms
Symbolic time: 0.22	0.22	0 ms
Numeric time: 0.033	0.034	0 ms
Symbolic time: 0.232	0.232	0 ms
Numeric time: 0.03	0.03	0 ms
Symbolic time: 0.219	0.219	0 ms
Numeric time: 0.029	0.029	0 ms
Symbolic time: 0.22	0.22	0 ms
Numeric time: 0.029	0.03	0 ms
Symbolic time: 0.219	0.219	0 ms
Numeric time: 0.03	0	0.03 ms
Symbolic time: 0.222	0	0.222 ms
Numeric time: 0.03	0	0.03 ms
Symbolic time: 0.223	0	0.222 ms
Numeric time: 0.029	0	0.028 ms
Symbolic time: 0.22	0	0.22 ms
Numeric time: 0.029	0	0.029 ms
Symbolic time: 0.225	0.212	0.014 ms
Numeric time: 0.029	0.025	0.003 ms
Symbolic time: 0.219	0.191	0.028 ms
Numeric time: 0.03	0.026	0.004 ms
Symbolic time: 0.224	0.195	0.029 ms
Numeric time: 0.03	0.026	0.003 ms
Symbolic time: 0.219	0.191	0.028 ms
Numeric time: 0.029	0.025	0.004 ms
Symbolic time: 0.228	0.228	0 ms
Numeric time: 0.03	0.03	0 ms
Symbolic time: 0.22	0.22	0 ms
Numeric time: 0.029	0.029	0 ms
Symbolic time: 0.224	0.224	0 ms
Numeric time: 0.03	0.03	0 ms
Symbolic time: 0.219	0.217	0.001 ms
Numeric time: 0.029	0.026	0.004 ms
Symbolic time: 0.228	0.229	0 ms
Numeric time: 0.03	0.03	0 ms
Symbolic time: 0.221	0.22	0 ms
Numeric time: 0.029	0.03	0 ms
Symbolic time: 0.222	0.222	0 ms
Numeric time: 0.029	0.03	0 ms
Symbolic time: 0.225	0.226	0 ms
Numeric time: 0.03	0.03	0 ms
Symbolic time: 0.221	0.221	0 ms
Numeric time: 0.029	0.03	0 ms
Symbolic time: 0.222	0.222	0 ms
Numeric time: 0.029	0.029	0 ms
Symbolic time: 0.219	0.219	0 ms
Numeric time: 0.029	0.029	0 ms
Symbolic time: 0.226	0.226	0 ms
Numeric time: 0.029	0.03	0 ms
Symbolic time: 0.221	0.221	0 ms
Numeric time: 0.03	0.032	0 ms
Symbolic time: 0.227	0.227	0 ms
Numeric time: 0.029	0.03	0 ms
Symbolic time: 0.218	0.218	0 ms
Numeric time: 0.029	0.028	0 ms
Symbolic time: 0.228	0.229	0 ms
Numeric time: 0.029	0.029	0 ms
Symbolic time: 0.219	0.22	0 ms
Numeric time: 0.029	0.029	0 ms
Symbolic time: 0.223	0.223	0 ms
Numeric time: 0.03	0.029	0 ms
Symbolic time: 0.221	0.221	0 ms
Numeric time: 0.029	0.029	0 ms
Symbolic time: 0.227	0.226	0 ms
Numeric time: 0.029	0.03	0 ms
Symbolic time: 0.22	0.221	0 ms
Numeric time: 0.03	0.029	0 ms
Symbolic time: 0.219	0.219	0 ms
Numeric time: 0.03	0.029	0 ms
Symbolic time: 0.224	0.225	0 ms
Numeric time: 0.03	0.03	0 ms
Symbolic time: 0.221	0.222	0 ms
Numeric time: 0.04	0.039	0 ms
Symbolic time: 0.28	0.28	0 ms
Numeric time: 0.033	0.034	0 ms
Symbolic time: 0.23	0.231	0 ms
Numeric time: 0.03	0.031	0 ms
Symbolic time: 0.238	0.237	0 ms
Numeric time: 0.031	0.03	0 ms
Symbolic time: 0.222	0.222	0 ms
Numeric time: 0.029	0.029	0 ms
Symbolic time: 0.228	0.229	0 ms
Numeric time: 0.029	0.029	0 ms
Symbolic time: 1.01	1.004	0 ms
Numeric time: 0.125	0.124	0 ms
Symbolic time: 0.714	0.714	0 ms
Numeric time: 0.093	0.093	0 ms
Symbolic time: 0.687	0.687	0 ms
Numeric time: 0.088	0.088	0 ms
Symbolic time: 0.695	0.696	0 ms
Numeric time: 0.09	0.09	0 ms
Symbolic time: 0.701	0.702	0 ms
Numeric time: 0.093	0.094	0 ms
Symbolic time: 0.694	0.694	0 ms
Numeric time: 0.088	0.089	0 ms
Symbolic time: 0.666	0.667	0 ms
Numeric time: 0.088	0.087	0 ms
Symbolic time: 0.668	0	0.668 ms
Numeric time: 0.09	0	0.09 ms
Symbolic time: 0.677	0.58	0.097 ms
Numeric time: 0.083	0.074	0.009 ms
Symbolic time: 0.616	0.616	0 ms
Numeric time: 0.083	0.083	0 ms
Symbolic time: 0.623	0.584	0.039 ms
Numeric time: 0.089	0.088	0 ms
Symbolic time: 0.602	0.602	0 ms
Numeric time: 0.081	0.081	0 ms
Symbolic time: 0.627	0.627	0 ms
Numeric time: 0.081	0.081	0 ms
Symbolic time: 0.617	0.617	0 ms
Numeric time: 0.082	0.082	0 ms
Symbolic time: 0.622	0.622	0 ms
Numeric time: 0.089	0.089	0 ms
Symbolic time: 0.619	0.618	0 ms
Numeric time: 0.084	0.083	0 ms
Symbolic time: 0.627	0.627	0 ms
Numeric time: 0.082	0.082	0 ms
Symbolic time: 0.637	0.636	0 ms
Numeric time: 0.083	0.083	0 ms
Symbolic time: 0.606	0.606	0 ms
Numeric time: 0.089	0.089	0 ms
Symbolic time: 0.632	0.632	0 ms
Numeric time: 0.081	0.081	0 ms
Symbolic time: 0.621	0.621	0 ms
Numeric time: 0.08	0.08	0 ms
Symbolic time: 0.622	0.623	0 ms
Numeric time: 0.083	0.082	0 ms
Symbolic time: 0.613	0.613	0 ms
Numeric time: 0.074	0.074	0 ms
Symbolic time: 0.397	0.397	0 ms
Numeric time: 0.054	0.054	0 ms
Symbolic time: 0.407	0.407	0 ms
Numeric time: 0.052	0.052	0 ms
Symbolic time: 0.402	0.402	0 ms
Numeric time: 0.053	0.053	0 ms
Symbolic time: 0.405	0.405	0 ms
Numeric time: 0.054	0.054	0 ms
Symbolic time: 0.405	0.405	0 ms
Numeric time: 0.054	0.054	0 ms
Symbolic time: 0.396	0.396	0 ms
Numeric time: 0.053	0.053	0 ms
Symbolic time: 0.404	0.404	0 ms
Numeric time: 0.053	0.053	0 ms
Symbolic time: 0.394	0.394	0 ms
Numeric time: 0.054	0.054	0 ms
Symbolic time: 0.423	0.423	0 ms
Numeric time: 0.055	0.055	0 ms
Symbolic time: 0.4	0.4	0 ms
Numeric time: 0.053	0.053	0 ms
Symbolic time: 0.41	0.41	0 ms
Numeric time: 0.052	0.052	0 ms
Symbolic time: 0.399	0.399	0 ms
Numeric time: 0.054	0.054	0 ms
Symbolic time: 0.403	0.403	0 ms
Numeric time: 0.054	0.054	0 ms
Symbolic time: 0.402	0.402	0 ms
Numeric time: 0.052	0.052	0 ms
Symbolic time: 0.4	0.4	0 ms
Numeric time: 0.055	0.055	0 ms
Symbolic time: 0.407	0.408	0 ms
Numeric time: 0.055	0.055	0 ms
Symbolic time: 0.413	0.413	0 ms
Numeric time: 0.054	0.054	0 ms
Symbolic time: 0.395	0.396	0 ms
Numeric time: 0.053	0.052	0 ms
Symbolic time: 0.406	0.406	0 ms
Numeric time: 0.054	0.054	0 ms
Symbolic time: 0.395	0.396	0 ms
Numeric time: 0.053	0.053	0 ms
Symbolic time: 0.414	0.414	0 ms
Numeric time: 0.054	0.054	0 ms
Symbolic time: 0.284	0.284	0 ms
Numeric time: 0.036	0.036	0 ms
Symbolic time: 0.273	0.273	0 ms
Numeric time: 0.036	0.036	0 ms
Symbolic time: 0.271	0.271	0 ms
Numeric time: 0.035	0.035	0 ms
Symbolic time: 0.268	0.268	0 ms
Numeric time: 0.035	0.035	0 ms
Symbolic time: 0.264	0.264	0 ms
Numeric time: 0.037	0.037	0 ms
Symbolic time: 0.28	0.28	0 ms
Numeric time: 0.038	0.038	0 ms
Symbolic time: 0.271	0.271	0 ms
Numeric time: 0.035	0.035	0 ms
Symbolic time: 0.262	0.262	0 ms
Numeric time: 0.035	0.035	0 ms
Symbolic time: 0.272	0.272	0 ms
Numeric time: 0.036	0.036	0 ms
Symbolic time: 0.265	0.265	0 ms
Numeric time: 0.036	0.036	0 ms
Symbolic time: 0.267	0.267	0 ms
Numeric time: 0.036	0.036	0 ms
Symbolic time: 0.266	0.266	0 ms
Numeric time: 0.041	0.041	0 ms
Symbolic time: 0.261	0.261	0 ms
Numeric time: 0.035	0.035	0 ms
Symbolic time: 0.268	0.268	0 ms
Numeric time: 0.037	0.037	0 ms
Symbolic time: 0.266	0.266	0 ms
Numeric time: 0.035	0.035	0 ms
Symbolic time: 0.274	0.274	0 ms
Numeric time: 0.036	0.036	0 ms
Symbolic time: 0.267	0.267	0 ms
Numeric time: 0.036	0.036	0 ms
Symbolic time: 0.266	0.266	0 ms
Numeric time: 0.036	0.036	0 ms
Symbolic time: 0.267	0.267	0 ms
Numeric time: 0.036	0.036	0 ms
Symbolic time: 0.263	0.263	0 ms
Numeric time: 0.036	0.036	0 ms
Symbolic time: 0.27	0.27	0 ms
Numeric time: 0.035	0.035	0 ms
Symbolic time: 0.283	0.283	0 ms
Numeric time: 0.037	0.037	0 ms
Symbolic time: 0.271	0.272	0 ms
Numeric time: 0.037	0.037	0 ms
Symbolic time: 0.265	0.265	0 ms
Numeric time: 0.036	0.036	0 ms
Symbolic time: 0.275	0.275	0 ms
Numeric time: 0.037	0.037	0 ms
Symbolic time: 0.266	0.266	0 ms
Numeric time: 0.035	0.035	0 ms
Symbolic time: 0.264	0.264	0 ms
Numeric time: 0.036	0.036	0 ms
Symbolic time: 0.279	0.279	0 ms
Numeric time: 0.036	0.036	0 ms
Symbolic time: 0.264	0.264	0 ms
Numeric time: 0.036	0.036	0 ms
Symbolic time: 0.272	0.272	0 ms
Numeric time: 0.035	0.035	0 ms
Symbolic time: 0.273	0.273	0 ms
Numeric time: 0.04	0.041	0 ms
Symbolic time: 0.252	0.252	0 ms
Numeric time: 0.031	0.031	0 ms
Symbolic time: 0.226	0.226	0 ms
Numeric time: 0.031	0.031	0 ms
Symbolic time: 0.227	0.227	0 ms
Numeric time: 0.029	0.029	0 ms
Symbolic time: 0.226	0.226	0 ms
Numeric time: 0.03	0.03	0 ms
Symbolic time: 0.225	0.225	0 ms
Numeric time: 0.03	0.03	0 ms
Symbolic time: 0.223	0.223	0 ms
Numeric time: 0.031	0.031	0 ms
Symbolic time: 0.234	0.234	0 ms
Numeric time: 0.03	0.03	0 ms
Symbolic time: 0.222	0.222	0 ms
Numeric time: 0.032	0.032	0 ms
Symbolic time: 0.225	0.225	0 ms
Numeric time: 0.029	0.029	0 ms
Symbolic time: 0.222	0.222	0 ms
Numeric time: 0.03	0.03	0 ms
Symbolic time: 0.225	0.225	0 ms
Numeric time: 0.031	0.031	0 ms
Symbolic time: 0.225	0.225	0 ms
Numeric time: 0.03	0.03	0 ms
Symbolic time: 0.218	0.218	0 ms
Numeric time: 0.03	0.03	0 ms
Symbolic time: 0.227	0.227	0 ms
Numeric time: 0.03	0.03	0 ms
Symbolic time: 0.226	0.226	0 ms
Numeric time: 0.03	0.03	0 ms
Symbolic time: 0.225	0.225	0 ms
Numeric time: 0.03	0.03	0 ms
Symbolic time: 0.22	0.22	0 ms
Numeric time: 0.029	0.029	0 ms
Symbolic time: 0.222	0.222	0 ms
Numeric time: 0.04	0	0.041 ms
Symbolic time: 0.249	0	0.25 ms
Numeric time: 0.033	0	0.033 ms
Symbolic time: 0.222	0	0.222 ms
Numeric time: 0.029	0	0.029 ms
Symbolic time: 0.224	0	0.225 ms
Numeric time: 0.031	0	0.031 ms
Symbolic time: 0.232	0.209	0.023 ms
Numeric time: 0.03	0.027	0.003 ms
Symbolic time: 0.22	0.202	0.017 ms
Numeric time: 0.029	0.028	0.002 ms
Symbolic time: 0.223	0.205	0.017 ms
Numeric time: 0.03	0.027	0.002 ms
Symbolic time: 0.217	0.2	0.018 ms
Numeric time: 0.029	0.027	0.002 ms
Symbolic time: 0.229	0.23	0 ms
Numeric time: 0.029	0.029	0 ms
Symbolic time: 0.218	0.218	0 ms
Numeric time: 0.03	0.03	0 ms
Symbolic time: 0.229	0.229	0 ms
Numeric time: 0.03	0.031	0 ms
Symbolic time: 0.221	0.219	0.002 ms
Numeric time: 0.034	0.035	0 ms
Symbolic time: 0.222	0.222	0 ms
Numeric time: 0.03	0.029	0 ms
Symbolic time: 0.223	0.223	0 ms
Numeric time: 0.029	0.029	0 ms
Symbolic time: 0.22	0.221	0 ms
Numeric time: 0.029	0.029	0 ms
Symbolic time: 0.23	0.23	0 ms
Numeric time: 0.029	0.029	0 ms
Symbolic time: 0.221	0.221	0 ms
Numeric time: 0.029	0.03	0 ms
Symbolic time: 0.225	0.225	0 ms
Numeric time: 0.03	0.029	0 ms
Symbolic time: 0.219	0.219	0 ms
Numeric time: 0.03	0.029	0 ms
Symbolic time: 0.233	0.232	0 ms
Numeric time: 0.03	0.03	0 ms
Symbolic time: 0.221	0.22	0 ms
Numeric time: 0.029	0.029	0 ms
Symbolic time: 0.227	0.227	0 ms
Numeric time: 0.031	0.031	0 ms
Symbolic time: 0.225	0.225	0 ms
Numeric time: 0.029	0.03	0 ms
Symbolic time: 0.229	0.229	0 ms
Numeric time: 0.03	0.029	0 ms
Symbolic time: 0.223	0.223	0 ms
Numeric time: 0.029	0.029	0 ms
Symbolic time: 0.222	0.222	0 ms
Numeric time: 0.03	0.029	0 ms
Symbolic time: 0.227	0.227	0 ms
Numeric time: 0.029	0.03	0 ms
Symbolic time: 0.221	0.222	0 ms
Numeric time: 0.029	0.03	0 ms
Symbolic time: 0.224	0.223	0 ms
Numeric time: 0.03	0.03	0 ms
Symbolic time: 0.22	0.22	0 ms
Numeric time: 0.029	0.029	0 ms
Symbolic time: 0.231	0.231	0 ms
Numeric time: 0.03	0.029	0 ms
Symbolic time: 0.219	0.219	0 ms
Numeric time: 0.029	0.029	0 ms
Symbolic time: 0.229	0.228	0 ms
Numeric time: 0.029	0.03	0 ms
Symbolic time: 0.223	0.224	0 ms
Numeric time: 0.03	0.029	0 ms
Symbolic time: 0.232	0.231	0 ms
Numeric time: 0.03	0.029	0 ms
Symbolic time: 0.221	0.221	0 ms
Numeric time: 0.028	0.029	0 ms
Symbolic time: 0.221	0.22	0 ms
Numeric time: 0.029	0.03	0 ms
Symbolic time: 0.223	0.224	0 ms
Numeric time: 0.035	0.035	0 ms
Symbolic time: 0.22	0.221	0 ms
Numeric time: 0.029	0.029	0 ms
Symbolic time: 0.224	0.224	0 ms
Numeric time: 0.03	0.03	0 ms
Symbolic time: 0.218	0.219	0 ms
Numeric time: 0.03	0.03	0 ms
Symbolic time: 0.233	0.233	0 ms
Numeric time: 0.03	0.031	0 ms
Symbolic time: 0.222	0.222	0 ms
Numeric time: 0.029	0.029	0 ms
Symbolic time: 0.224	0.224	0 ms
Numeric time: 0.031	0.03	0 ms
Symbolic time: 0.222	0.221	0 ms
Numeric time: 0.03	0.029	0 ms
Symbolic time: 0.227	0.228	0 ms
Numeric time: 0.03	0.03	0 ms
Symbolic time: 0.224	0.225	0 ms
Numeric time: 0.029	0.03	0 ms
Symbolic time: 0.219	0.219	0 ms
Numeric time: 0.03	0.029	0 ms
Symbolic time: 0.226	0.225	0 ms
Numeric time: 0.029	0.028	0 ms
Symbolic time: 0.226	0.226	0 ms
Numeric time: 0.03	0.029	0 ms
Symbolic time: 0.228	0.228	0 ms
Numeric time: 0.029	0.03	0 ms
Symbolic time: 0.219	0.219	0 ms
Numeric time: 0.029	0.028	0 ms
Symbolic time: 0.23	0.23	0 ms
Numeric time: 0.03	0.029	0 ms
Symbolic time: 0.217	0.217	0 ms
Numeric time: 0.029	0.03	0 ms
Symbolic time: 0.223	0.224	0 ms
Numeric time: 0.029	0.029	0 ms
Symbolic time: 0.228	0.229	0 ms
Numeric time: 0.03	0.03	0 ms
Symbolic time: 0.224	0.225	0 ms
Numeric time: 0.03	0.029	0 ms
Symbolic time: 0.227	0.227	0 ms
Numeric time: 0.029	0.03	0 ms
Symbolic time: 0.22	0.22	0 ms
Numeric time: 0.029	0.03	0 ms
Symbolic time: 0.224	0.224	0 ms
Numeric time: 0.029	0.029	0 ms
Symbolic time: 0.219	0	0.219 ms
Numeric time: 0.03	0	0.03 ms
Symbolic time: 0.224	0	0.224 ms
Numeric time: 0.03	0	0.031 ms
Symbolic time: 0.22	0	0.22 ms
Numeric time: 0.03	0	0.03 ms
Symbolic time: 0.226	0.181	0.045 ms
Numeric time: 0.029	0.027	0.002 ms
Symbolic time: 0.225	0.208	0.017 ms
Numeric time: 0.029	0.027	0.002 ms
Symbolic time: 0.219	0.203	0.017 ms
Numeric time: 0.029	0.027	0.002 ms
Symbolic time: 0.222	0.206	0.018 ms
Numeric time: 0.029	0.027	0.003 ms
Symbolic time: 0.226	0.226	0 ms
Numeric time: 0.03	0.03	0 ms
Symbolic time: 0.225	0.225	0 ms
Numeric time: 0.029	0.029	0 ms
Symbolic time: 0.217	0.217	0 ms
Numeric time: 0.03	0.03	0 ms
Symbolic time: 0.225	0.222	0.002 ms
Numeric time: 0.03	0.028	0.002 ms
Symbolic time: 0.225	0.225	0 ms
Numeric time: 0.029	0.029	0 ms
Symbolic time: 0.221	0.221	0 ms
Numeric time: 0.03	0.029	0 ms
Symbolic time: 0.221	0.222	0 ms
Numeric time: 0.03	0.029	0 ms
Symbolic time: 0.224	0.224	0 ms
Numeric time: 0.03	0.03	0 ms
Symbolic time: 0.221	0.221	0 ms
Numeric time: 0.029	0.029	0 ms
Symbolic time: 0.219	0.219	0 ms
Numeric time: 0.03	0.029	0 ms
Symbolic time: 0.223	0.223	0 ms
Numeric time: 0.029	0.03	0 ms
Symbolic time: 0.227	0.227	0 ms
Numeric time: 0.029	0.029	0 ms
Symbolic time: 0.227	0.226	0 ms
Numeric time: 0.029	0.03	0 ms
Symbolic time: 0.221	0.221	0 ms
Numeric time: 0.029	0.029	0 ms
Symbolic time: 0.226	0.226	0 ms
Numeric time: 0.029	0.03	0 ms
Symbolic time: 0.224	0.223	0 ms
Numeric time: 0.03	0.03	0 ms
Symbolic time: 0.223	0.222	0 ms
Numeric time: 0.029	0.03	0 ms
Symbolic time: 0.223	0.222	0 ms
Numeric time: 0.029	0.029	0 ms
Symbolic time: 0.22	0.221	0 ms
Numeric time: 0.03	0.03	0 ms
Symbolic time: 0.226	0	0.222 ms
Numeric time: 0.029	0	0.029 ms
Symbolic time: 0.221	0	0.222 ms
Numeric time: 0.03	0	0.03 ms
Symbolic time: 0.225	0	0.224 ms
Numeric time: 0.029	0	0.03 ms
Symbolic time: 0.222	0.119	0.103 ms
Numeric time: 0.029	0.027	0.002 ms
Symbolic time: 0.225	0.207	0.018 ms
Numeric time: 0.029	0.027	0.002 ms
Symbolic time: 0.219	0.202	0.018 ms
Numeric time: 0.03	0.027	0.003 ms
Symbolic time: 0.226	0.207	0.019 ms
Numeric time: 0.03	0.027	0.003 ms
Symbolic time: 0.227	0.227	0 ms
Numeric time: 0.029	0.029	0 ms
Symbolic time: 0.225	0.225	0 ms
Numeric time: 0.029	0.029	0 ms
Symbolic time: 0.224	0.223	0 ms
Numeric time: 0.028	0.029	0 ms
Symbolic time: 0.22	0.217	0.003 ms
Numeric time: 0.029	0.027	0.002 ms
Symbolic time: 0.223	0.224	0 ms
Numeric time: 0.03	0.029	0 ms
Symbolic time: 0.221	0.221	0 ms
Numeric time: 0.029	0.029	0 ms
Symbolic time: 0.225	0.224	0 ms
Numeric time: 0.029	0.029	0 ms
Symbolic time: 0.22	0.218	0.001 ms
Numeric time: 0.031	0	0.03 ms
Symbolic time: 0.228	0	0.228 ms
Numeric time: 0.029	0	0.029 ms
Symbolic time: 0.221	0	0.221 ms
Numeric time: 0.029	0	0.029 ms
Symbolic time: 0.222	0	0.223 ms
Numeric time: 0.03	0	0.029 ms
Symbolic time: 0.227	0.157	0.07 ms
Numeric time: 0.028	0.026	0.002 ms
Symbolic time: 0.222	0.204	0.019 ms
Numeric time: 0.029	0.026	0.002 ms
Symbolic time: 0.222	0.203	0.019 ms
Numeric time: 0.029	0.026	0.002 ms
Symbolic time: 0.22	0.201	0.019 ms
Numeric time: 0.03	0.027	0.002 ms
Symbolic time: 0.231	0.231	0 ms
Numeric time: 0.029	0.029	0 ms
Symbolic time: 0.218	0.219	0 ms
Numeric time: 0.029	0.029	0 ms
Symbolic time: 0.228	0.228	0 ms
Numeric time: 0.029	0.03	0 ms
Symbolic time: 0.218	0.216	0.002 ms
Numeric time: 0.03	0.027	0.002 ms
Symbolic time: 0.229	0.229	0 ms
Numeric time: 0.03	0.03	0 ms
Symbolic time: 0.223	0.223	0 ms
Numeric time: 0.029	0.029	0 ms
Symbolic time: 0.223	0.223	0 ms
Numeric time: 0.029	0.029	0 ms
Symbolic time: 0.228	0.228	0 ms
Numeric time: 0.03	0.03	0 ms
Symbolic time: 0.23	0.23	0 ms
Numeric time: 0.03	0.03	0 ms
Symbolic time: 0.226	0.226	0 ms
Numeric time: 0.03	0.03	0 ms
Symbolic time: 0.221	0.221	0 ms
Numeric time: 0.031	0.03	0 ms
Symbolic time: 0.231	0.231	0 ms
Numeric time: 0.03	0.03	0 ms
Symbolic time: 0.22	0.22	0 ms
Numeric time: 0.029	0.029	0 ms
Symbolic time: 0.22	0.22	0 ms
Numeric time: 0.029	0.029	0 ms
Symbolic time: 0.222	0.222	0 ms
Numeric time: 0.03	0.03	0 ms
Symbolic time: 0.231	0.232	0 ms
Numeric time: 0.029	0.03	0 ms
Symbolic time: 0.223	0.223	0 ms
Numeric time: 0.03	0.029	0 ms
Symbolic time: 0.219	0.22	0 ms
Numeric time: 0.03	0.03	0 ms
Symbolic time: 0.23	0.23	0 ms
Numeric time: 0.03	0.03	0 ms
Symbolic time: 0.22	0.22	0 ms
Numeric time: 0.029	0.029	0 ms
Symbolic time: 0.226	0.226	0 ms
Numeric time: 0.03	0.029	0 ms
Symbolic time: 0.222	0.221	0 ms
Numeric time: 0.03	0.029	0 ms
Symbolic time: 0.227	0.227	0 ms
Numeric time: 0.03	0.029	0 ms
Symbolic time: 0.221	0.221	0 ms
Numeric time: 0.029	0.029	0 ms
Symbolic time: 0.223	0.223	0 ms
Numeric time: 0.036	0.037	0 ms
Symbolic time: 0.226	0.226	0 ms
Numeric time: 0.029	0.029	0 ms
Symbolic time: 0.225	0.225	0 ms
Numeric time: 0.029	0.029	0 ms
Symbolic time: 0.226	0.226	0 ms
Numeric time: 0.029	0.03	0 ms
Symbolic time: 0.218	0.219	0 ms
Numeric time: 0.029	0.029	0 ms
Symbolic time: 0.223	0.222	0 ms
Numeric time: 0.035	0.035	0 ms
Symbolic time: 0.227	0.227	0 ms
Numeric time: 0.029	0.029	0 ms
Symbolic time: 0.221	0.221	0 ms
Numeric time: 0.029	0.03	0 ms
Symbolic time: 0.222	0.222	0 ms
Numeric time: 0.03	0.03	0 ms
Symbolic time: 0.227	0.227	0 ms
Numeric time: 0.029	0.029	0 ms
Symbolic time: 0.223	0.223	0 ms
Numeric time: 0.029	0.029	0 ms
Symbolic time: 0.22	0.22	0 ms
Numeric time: 0.029	0.03	0 ms
Symbolic time: 0.222	0.222	0 ms
Numeric time: 0.029	0.029	0 ms
Symbolic time: 0.225	0.225	0 ms
Numeric time: 0.03	0.03	0 ms
Symbolic time: 0.225	0.225	0 ms
Numeric time: 0.029	0.03	0 ms
Symbolic time: 0.221	0.221	0 ms
Numeric time: 0.03	0.03	0 ms
Symbolic time: 0.228	0.227	0 ms
Numeric time: 0.03	0.03	0 ms
Symbolic time: 0.227	0.227	0 ms
Numeric time: 0.029	0.029	0 ms
Symbolic time: 0.221	0.221	0 ms
Numeric time: 0.029	0.03	0 ms
Symbolic time: 0.223	0.223	0 ms
Numeric time: 0.031	0.03	0 ms
Symbolic time: 0.225	0.225	0 ms
Numeric time: 0.029	0.028	0 ms
Symbolic time: 0.225	0.225	0 ms
Numeric time: 0.029	0.029	0 ms
Symbolic time: 0.22	0.22	0 ms
Numeric time: 0.029	0.029	0 ms
Symbolic time: 0.222	0.223	0 ms
Numeric time: 0.03	0.03	0 ms
Symbolic time: 0.22	0.22	0 ms
Numeric time: 0.029	0.03	0 ms
Symbolic time: 0.226	0.226	0 ms
Numeric time: 0.029	0.029	0 ms
Symbolic time: 0.218	0.218	0 ms
Numeric time: 0.029	0.029	0 ms
Symbolic time: 0.225	0.226	0 ms
Numeric time: 0.03	0.03	0 ms
Symbolic time: 0.229	0.228	0 ms
Numeric time: 0.03	0.03	0 ms
Symbolic time: 0.221	0.221	0 ms
Numeric time: 0.029	0.029	0 ms
Symbolic time: 0.222	0.222	0 ms
Numeric time: 0.029	0.029	0 ms
Symbolic time: 0.221	0.221	0 ms
Numeric time: 0.033	0.033	0 ms
Symbolic time: 0.223	0.222	0 ms
Numeric time: 0.029	0.029	0 ms
Symbolic time: 0.221	0.221	0 ms
Numeric time: 0.03	0.029	0 ms
Symbolic time: 0.249	0.25	0 ms
Numeric time: 0.046	0.047	0 ms
Symbolic time: 0.243	0.243	0 ms
Numeric time: 0.031	0.031	0 ms
Symbolic time: 0.227	0.226	0 ms
Numeric time: 0.029	0.029	0 ms
Symbolic time: 0.22	0.22	0 ms
Numeric time: 0.03	0.03	0 ms
Symbolic time: 0.228	0.228	0 ms
Numeric time: 0.029	0.029	0 ms
Symbolic time: 0.224	0.224	0 ms
Numeric time: 0.03	0.03	0 ms
Symbolic time: 0.228	0.228	0 ms
Numeric time: 0.029	0.03	0 ms
Symbolic time: 0.221	0.221	0 ms
Numeric time: 0.03	0.029	0 ms
Symbolic time: 0.225	0.225	0 ms
Numeric time: 0.03	0.03	0 ms
Symbolic time: 0.233	0.233	0 ms
Numeric time: 0.03	0.03	0 ms
Symbolic time: 0.219	0.219	0 ms
Numeric time: 0.03	0.03	0 ms
Symbolic time: 0.227	0.227	0 ms
Numeric time: 0.029	0.029	0 ms
Symbolic time: 0.223	0.223	0 ms
Numeric time: 0.03	0.03	0 ms
Symbolic time: 0.263	0.263	0 ms
Numeric time: 0.032	0.033	0 ms
Symbolic time: 0.227	0.228	0 ms
Numeric time: 0.03	0.03	0 ms
Symbolic time: 0.222	0.222	0 ms
Numeric time: 0.03	0.03	0 ms
Symbolic time: 0.231	0.23	0 ms
Numeric time: 0.03	0.03	0 ms
Symbolic time: 0.224	0.224	0 ms
Numeric time: 0.029	0.029	0 ms
Symbolic time: 0.221	0.221	0 ms
Numeric time: 0.029	0.029	0 ms
Symbolic time: 0.226	0.226	0 ms
Numeric time: 0.03	0.03	0 ms
Symbolic time: 0.221	0.22	0 ms
Numeric time: 0.03	0.029	0 ms
Symbolic time: 0.261	0.262	0 ms
Numeric time: 0.032	0.032	0 ms
Symbolic time: 0.228	0.227	0 ms
Numeric time: 0.03	0.03	0 ms
Symbolic time: 0.228	0.229	0 ms
Numeric time: 0.03	0.031	0 ms
Symbolic time: 0.226	0.226	0 ms
Numeric time: 0.03	0.03	0 ms
Symbolic time: 0.218	0.218	0 ms
Numeric time: 0.029	0.029	0 ms
Symbolic time: 0.227	0.227	0 ms
Numeric time: 0.041	0	0.041 ms
Symbolic time: 0.221	0	0.22 ms
Numeric time: 0.029	0	0.03 ms
Symbolic time: 0.223	0	0.223 ms
Numeric time: 0.03	0	0.029 ms
Symbolic time: 0.222	0	0.222 ms
Numeric time: 0.029	0	0.03 ms
Symbolic time: 0.228	0.155	0.072 ms
Numeric time: 0.03	0.027	0.002 ms
Symbolic time: 0.224	0.206	0.018 ms
Numeric time: 0.03	0.027	0.003 ms
Symbolic time: 0.244	0.225	0.019 ms
Numeric time: 0.032	0.029	0.003 ms
Symbolic time: 0.228	0.21	0.018 ms
Numeric time: 0.03	0.027	0.003 ms
Symbolic time: 0.229	0.23	0 ms
Numeric time: 0.031	0.031	0 ms
Symbolic time: 0.223	0.222	0 ms
Numeric time: 0.03	0.03	0 ms
Symbolic time: 0.222	0.222	0 ms
Numeric time: 0.029	0.029	0 ms
Symbolic time: 0.218	0.217	0.002 ms
Numeric time: 0.03	0.027	0.002 ms
Symbolic time: 0.223	0	0.224 ms
Numeric time: 0.029	0	0.029 ms
Symbolic time: 0.218	0	0.219 ms
Numeric time: 0.029	0	0.029 ms
Symbolic time: 0.251	0	0.252 ms
Numeric time: 0.032	0	0.031 ms
Symbolic time: 0.23	0.149	0.081 ms
Numeric time: 0.029	0.028	0.002 ms
Symbolic time: 0.221	0.203	0.018 ms
Numeric time: 0.03	0.028	0.002 ms
Symbolic time: 0.226	0.206	0.019 ms
Numeric time: 0.03	0.027	0.002 ms
Symbolic time: 0.221	0.202	0.018 ms
Numeric time: 0.029	0.027	0.002 ms
Symbolic time: 0.231	0.231	0 ms
Numeric time: 0.031	0.03	0 ms
Symbolic time: 0.219	0.219	0 ms
Numeric time: 0.03	0.029	0 ms
Symbolic time: 0.228	0.228	0 ms
Numeric time: 0.03	0.029	0 ms
Symbolic time: 0.222	0.22	0.003 ms
Numeric time: 0.029	0.026	0.002 ms
Symbolic time: 0.226	0.226	0 ms
Numeric time: 0.03	0.031	0 ms
Symbolic time: 0.225	0.225	0 ms
Numeric time: 0.03	0.03	0 ms
Symbolic time: 0.22	0.22	0 ms
Numeric time: 0.03	0.03	0 ms
Symbolic time: 0.231	0.231	0 ms
Numeric time: 0.03	0.03	0 ms
Symbolic time: 0.22	0.221	0 ms
Numeric time: 0.03	0.029	0 ms
Symbolic time: 0.226	0.227	0 ms
Numeric time: 0.029	0.028	0 ms
Symbolic time: 0.22	0.219	0 ms
Numeric time: 0.029	0.029	0 ms
Symbolic time: 0.231	0.232	0 ms
Numeric time: 0.03	0.029	0 ms
Symbolic time: 0.22	0.221	0 ms
Numeric time: 0.029	0.03	0 ms
Symbolic time: 0.218	0.219	0 ms
Numeric time: 0.028	0.029	0 ms
Symbolic time: 0.221	0.222	0 ms
Numeric time: 0.029	0.029	0 ms
Symbolic time: 0.226	0.227	0 ms
Numeric time: 0.03	0.03	0 ms
Symbolic time: 0.223	0.223	0 ms
Numeric time: 0.03	0.029	0 ms
Symbolic time: 0.216	0.216	0 ms
Numeric time: 0.032	0.032	0 ms
Symbolic time: 0.226	0.227	0 ms
Numeric time: 0.036	0	0.036 ms
Symbolic time: 0.22	0	0.221 ms
Numeric time: 0.03	0	0.029 ms
Symbolic time: 0.227	0	0.228 ms
Numeric time: 0.031	0	0.03 ms
Symbolic time: 0.216	0	0.217 ms
Numeric time: 0.03	0	0.03 ms
Symbolic time: 0.231	0.156	0.076 ms
Numeric time: 0.03	0.027	0.002 ms
Symbolic time: 0.22	0.201	0.019 ms
Numeric time: 0.029	0.026	0.002 ms
Symbolic time: 0.223	0.204	0.019 ms
Numeric time: 0.03	0.028	0.002 ms
Symbolic time: 0.222	0.203	0.019 ms
Numeric time: 0.029	0.026	0.003 ms
Symbolic time: 0.227	0.227	0 ms
Numeric time: 0.03	0.029	0 ms
Symbolic time: 0.222	0.223	0 ms
Numeric time: 0.029	0.029	0 ms
Symbolic time: 0.223	0.224	0 ms
Numeric time: 0.03	0.031	0 ms
Symbolic time: 0.224	0.221	0.003 ms
Numeric time: 0.03	0.027	0.003 ms
Symbolic time: 0.239	0	0.234 ms
Numeric time: 0.031	0	0.031 ms
Symbolic time: 0.221	0	0.221 ms
Numeric time: 0.03	0	0.029 ms
Symbolic time: 0.222	0	0.223 ms
Numeric time: 0.029	0	0.029 ms
Symbolic time: 0.234	0.149	0.084 ms
Numeric time: 0.031	0.027	0.003 ms
Symbolic time: 0.225	0.205	0.02 ms
Numeric time: 0.03	0.027	0.002 ms
Symbolic time: 0.218	0.199	0.02 ms
Numeric time: 0.03	0.027	0.003 ms
Symbolic time: 0.229	0.207	0.021 ms
Numeric time: 0.03	0.027	0.002 ms
Symbolic time: 0.23	0.23	0 ms
Numeric time: 0.029	0.03	0 ms
Symbolic time: 0.225	0.226	0 ms
Numeric time: 0.03	0.03	0 ms
Symbolic time: 0.222	0.221	0 ms
Numeric time: 0.03	0.03	0 ms
Symbolic time: 0.221	0.219	0.003 ms
Numeric time: 0.03	0.027	0.003 ms
Symbolic time: 0.231	0	0.231 ms
Numeric time: 0.03	0	0.03 ms
Symbolic time: 0.223	0	0.223 ms
Numeric time: 0.029	0	0.029 ms
Symbolic time: 0.223	0	0.224 ms
Numeric time: 0.03	0	0.03 ms
Symbolic time: 0.225	0.126	0.098 ms
Numeric time: 0.03	0.026	0.003 ms
Symbolic time: 0.224	0.203	0.021 ms
Numeric time: 0.03	0.027	0.003 ms
Symbolic time: 0.22	0.2	0.021 ms
Numeric time: 0.029	0.026	0.003 ms
Symbolic time: 0.227	0.206	0.022 ms
Numeric time: 0.03	0.027	0.003 ms
Symbolic time: 0.23	0.231	0 ms
Numeric time: 0.03	0.031	0 ms
Symbolic time: 0.22	0.221	0 ms
Numeric time: 0.03	0.029	0 ms
Symbolic time: 0.221	0.221	0 ms
Numeric time: 0.029	0.03	0 ms
Symbolic time: 0.22	0.218	0.003 ms
Numeric time: 0.03	0.027	0.003 ms
Symbolic time: 0.23	0.23	0 ms
Numeric time: 0.03	0.03	0 ms
Symbolic time: 0.217	0.217	0 ms
Numeric time: 0.03	0.03	0 ms
Symbolic time: 0.227	0.227	0 ms
Numeric time: 0.029	0.029	0 ms
Symbolic time: 0.217	0.216	0.002 ms
Numeric time: 0.034	0.034	0 ms
Symbolic time: 0.225	0.226	0 ms
Numeric time: 0.03	0.03	0 ms
Symbolic time: 0.22	0.22	0 ms
Numeric time: 0.029	0.029	0 ms
Symbolic time: 0.223	0.224	0 ms
Numeric time: 0.029	0.029	0 ms
Symbolic time: 0.23	0.229	0 ms
Numeric time: 0.029	0.029	0 ms
Symbolic time: 0.22	0.22	0 ms
Numeric time: 0.029	0.029	0 ms
Symbolic time: 0.223	0.224	0 ms
Numeric time: 0.029	0.03	0 ms
Symbolic time: 0.217	0.217	0 ms
Numeric time: 0.03	0.03	0 ms
Symbolic time: 0.23	0.229	0 ms
Numeric time: 0.029	0.03	0 ms
Symbolic time: 0.219	0.22	0 ms
Numeric time: 0.029	0.03	0 ms
Symbolic time: 0.227	0.228	0 ms
Numeric time: 0.031	0.03	0 ms
Symbolic time: 0.22	0.219	0 ms
Numeric time: 0.029	0.029	0 ms
Symbolic time: 0.227	0.226	0 ms
Numeric time: 0.029	0.029	0 ms
Symbolic time: 0.223	0.223	0 ms
Numeric time: 0.03	0.03	0 ms
Symbolic time: 0.221	0.221	0 ms
Numeric time: 0.031	0.03	0 ms
Symbolic time: 0.224	0.224	0 ms
Numeric time: 0.03	0.029	0 ms
Symbolic time: 0.219	0.218	0 ms
Numeric time: 0.029	0.029	0 ms
Symbolic time: 0.222	0.223	0 ms
Numeric time: 0.029	0.029	0 ms
Symbolic time: 0.218	0.218	0 ms
Numeric time: 0.03	0.029	0 ms
Symbolic time: 0.232	0.231	0 ms
Numeric time: 0.029	0.03	0 ms
Symbolic time: 0.217	0.217	0 ms
Numeric time: 0.029	0.029	0 ms
Symbolic time: 0.225	0.225	0 ms
Numeric time: 0.029	0.03	0 ms
Symbolic time: 0.221	0.221	0 ms
Numeric time: 0.029	0.029	0 ms
Symbolic time: 0.227	0.227	0 ms
Numeric time: 0.029	0.029	0 ms
Symbolic time: 0.217	0.218	0 ms
Numeric time: 0.028	0.029	0 ms
Symbolic time: 0.219	0.219	0 ms
Numeric time: 0.029	0.029	0 ms
Symbolic time: 0.221	0.22	0 ms
Numeric time: 0.03	0.029	0 ms
Symbolic time: 0.224	0.224	0 ms
Numeric time: 0.03	0.03	0 ms
Symbolic time: 0.222	0.223	0 ms
Numeric time: 0.03	0.03	0 ms
Symbolic time: 0.217	0.217	0 ms
Numeric time: 0.03	0.029	0 ms
Symbolic time: 0.222	0.222	0 ms
Numeric time: 0.029	0.029	0 ms
Symbolic time: 0.217	0.216	0 ms
Numeric time: 0.029	0.029	0 ms
Symbolic time: 0.226	0.227	0 ms
Numeric time: 0.029	0.029	0 ms
Symbolic time: 0.258	0.258	0 ms
Numeric time: 0.032	0.032	0 ms
Symbolic time: 0.222	0.221	0 ms
Numeric time: 0.03	0.029	0 ms
Symbolic time: 0.282	0.284	0 ms
Numeric time: 0.046	0.046	0 ms
Symbolic time: 0.251	0.252	0 ms
Numeric time: 0.032	0.033	0 ms
Symbolic time: 0.239	0.24	0 ms
Numeric time: 0.031	0.03	0 ms
Symbolic time: 0.226	0.225	0 ms
Numeric time: 0.03	0.03	0 ms
Symbolic time: 0.219	0.219	0 ms
Numeric time: 0.029	0.029	0 ms
Symbolic time: 0.227	0.228	0 ms
Numeric time: 0.03	0.029	0 ms
Symbolic time: 0.224	0.224	0 ms
Numeric time: 0.029	0.03	0 ms
Symbolic time: 0.222	0.223	0 ms
Numeric time: 0.03	0.029	0 ms
Symbolic time: 0.229	0.23	0 ms
Numeric time: 0.03	0.029	0 ms
Symbolic time: 0.222	0.222	0 ms
Numeric time: 0.031	0.03	0 ms
Symbolic time: 0.23	0.23	0 ms
Numeric time: 0.03	0.031	0 ms
Symbolic time: 0.219	0.219	0 ms
Numeric time: 0.029	0.03	0 ms
Symbolic time: 0.222	0.222	0 ms
Numeric time: 0.029	0.03	0 ms
Symbolic time: 0.223	0.223	0 ms
Numeric time: 0.03	0.03	0 ms
Symbolic time: 0.225	0.224	0 ms
Numeric time: 0.029	0.03	0 ms
Symbolic time: 0.222	0.222	0 ms
Numeric time: 0.03	0.029	0 ms
Symbolic time: 0.225	0.225	0 ms
Numeric time: 0.029	0.029	0 ms
Symbolic time: 0.227	0.227	0 ms
Numeric time: 0.03	0.029	0 ms
Symbolic time: 0.22	0.219	0 ms
Numeric time: 0.029	0.03	0 ms
Symbolic time: 0.221	0.222	0 ms
Numeric time: 0.029	0.029	0 ms
Symbolic time: 0.219	0.219	0 ms
Numeric time: 0.03	0.03	0 ms
Symbolic time: 0.241	0.242	0 ms
Numeric time: 0.03	0.029	0 ms
Symbolic time: 0.218	0.219	0 ms
Numeric time: 0.03	0.029	0 ms
Symbolic time: 0.223	0.223	0 ms
Numeric time: 0.029	0.03	0 ms
Symbolic time: 0.221	0.221	0 ms
Numeric time: 0.029	0	0.029 ms
Symbolic time: 0.226	0	0.225 ms
Numeric time: 0.029	0	0.029 ms
Symbolic time: 0.224	0	0.224 ms
Numeric time: 0.029	0	0.029 ms
Symbolic time: 0.222	0	0.221 ms
Numeric time: 0.029	0	0.029 ms
Symbolic time: 0.226	0.165	0.061 ms
Numeric time: 0.03	0.027	0.003 ms
Symbolic time: 0.218	0.199	0.02 ms
Numeric time: 0.029	0.028	0.003 ms
Symbolic time: 0.224	0.204	0.021 ms
Numeric time: 0.029	0.026	0.003 ms
Symbolic time: 0.218	0.199	0.019 ms
Numeric time: 0.029	0.026	0.003 ms
Symbolic time: 0.235	0.234	0 ms
Numeric time: 0.03	0.029	0 ms
Symbolic time: 0.223	0.223	0 ms
Numeric time: 0.029	0.029	0 ms
Symbolic time: 0.223	0.224	0 ms
Numeric time: 0.03	0.03	0 ms
Symbolic time: 0.222	0.22	0.004 ms
Numeric time: 0.029	0.027	0.003 ms
Symbolic time: 0.221	0	0.221 ms
Numeric time: 0.029	0	0.029 ms
Symbolic time: 0.221	0	0.222 ms
Numeric time: 0.03	0	0.029 ms
Symbolic time: 0.219	0	0.219 ms
Numeric time: 0.029	0	0.029 ms
Symbolic time: 0.226	0.123	0.103 ms
Numeric time: 0.03	0.026	0.002 ms
Symbolic time: 0.218	0.197	0.021 ms
Numeric time: 0.029	0.027	0.003 ms
Symbolic time: 0.226	0.204	0.021 ms
Numeric time: 0.029	0.026	0.003 ms
Symbolic time: 0.219	0.198	0.021 ms
Numeric time: 0.029	0.027	0.002 ms
Symbolic time: 0.233	0.233	0 ms
Numeric time: 0.03	0.03	0 ms
Symbolic time: 0.222	0.222	0 ms
Numeric time: 0.03	0.03	0 ms
Symbolic time: 0.225	0.225	0 ms
Numeric time: 0.03	0.029	0 ms
Symbolic time: 0.22	0.217	0.004 ms
Numeric time: 0.03	0.027	0.003 ms
Symbolic time: 0.228	0.228	0 ms
Numeric time: 0.029	0.029	0 ms
Symbolic time: 0.223	0.223	0 ms
Numeric time: 0.029	0.03	0 ms
Symbolic time: 0.222	0.222	0 ms
Numeric time: 0.029	0.029	0 ms
Symbolic time: 0.225	0.221	0.002 ms
Numeric time: 0.03	0	0.03 ms
Symbolic time: 0.222	0	0.222 ms
Numeric time: 0.03	0	0.03 ms
Symbolic time: 0.226	0	0.226 ms
Numeric time: 0.029	0	0.029 ms
Symbolic time: 0.219	0	0.219 ms
Numeric time: 0.029	0	0.028 ms
Symbolic time: 0.229	0.171	0.059 ms
Numeric time: 0.029	0.027	0.002 ms
Symbolic time: 0.22	0.199	0.022 ms
Numeric time: 0.029	0.026	0.003 ms
Symbolic time: 0.222	0.2	0.022 ms
Numeric time: 0.03	0.026	0.003 ms
Symbolic time: 0.222	0.201	0.022 ms
Numeric time: 0.029	0.026	0.003 ms
Symbolic time: 0.229	0.229	0 ms
Numeric time: 0.029	0.029	0 ms
Symbolic time: 0.224	0.225	0 ms
Numeric time: 0.03	0.03	0 ms
Symbolic time: 0.221	0.221	0 ms
Numeric time: 0.03	0.03	0 ms
Symbolic time: 0.225	0.222	0.003 ms
Numeric time: 0.029	0.026	0.003 ms
Symbolic time: 0.22	0	0.22 ms
Numeric time: 0.029	0	0.03 ms
Symbolic time: 0.226	0	0.227 ms
Numeric time: 0.03	0	0.029 ms
Symbolic time: 0.223	0	0.224 ms
Numeric time: 0.029	0	0.029 ms
Symbolic time: 0.23	0.141	0.09 ms
Numeric time: 0.029	0.026	0.003 ms
Symbolic time: 0.23	0.208	0.023 ms
Numeric time: 0.03	0.027	0.003 ms
Symbolic time: 0.225	0.203	0.022 ms
Numeric time: 0.029	0.026	0.003 ms
Symbolic time: 0.224	0.202	0.023 ms
Numeric time: 0.029	0.027	0.003 ms
Symbolic time: 0.223	0.223	0 ms
Numeric time: 0.03	0.03	0 ms
Symbolic time: 0.227	0.227	0 ms
Numeric time: 0.03	0.03	0 ms
Symbolic time: 0.22	0.22	0 ms
Numeric time: 0.03	0.03	0 ms
Symbolic time: 0.226	0.222	0.003 ms
Numeric time: 0.03	0.027	0.003 ms
Symbolic time: 0.225	0.224	0 ms
Numeric time: 0.03	0.03	0 ms
Symbolic time: 0.221	0.221	0 ms
Numeric time: 0.03	0.03	0 ms
Symbolic time: 0.22	0.22	0 ms
Numeric time: 0.029	0.029	0 ms
Symbolic time: 0.223	0.223	0 ms
Numeric time: 0.03	0.029	0 ms
Symbolic time: 0.222	0.223	0 ms
Numeric time: 0.029	0.03	0 ms
Symbolic time: 0.222	0.222	0 ms
Numeric time: 0.029	0.029	0 ms
Symbolic time: 0.223	0.224	0 ms
Numeric time: 0.029	0.03	0 ms
Symbolic time: 0.22	0.221	0 ms
Numeric time: 0.03	0.03	0 ms
Symbolic time: 0.225	0.226	0 ms
Numeric time: 0.029	0.03	0 ms
Symbolic time: 0.22	0.22	0 ms
Numeric time: 0.029	0.029	0 ms
Symbolic time: 0.226	0.226	0 ms
Numeric time: 0.03	0.029	0 ms
Symbolic time: 0.223	0.224	0 ms
Numeric time: 0.03	0.03	0 ms
Symbolic time: 0.221	0.222	0 ms
Numeric time: 0.029	0.029	0 ms
Symbolic time: 0.221	0.22	0 ms
Numeric time: 0.029	0.029	0 ms
Symbolic time: 0.218	0.219	0 ms
Numeric time: 0.03	0.029	0 ms
Symbolic time: 0.226	0.225	0 ms
Numeric time: 0.029	0.029	0 ms
Symbolic time: 0.219	0.219	0 ms
Numeric time: 0.03	0.03	0 ms
Symbolic time: 0.223	0.224	0 ms
Numeric time: 0.029	0.029	0 ms
Symbolic time: 0.226	0.227	0 ms
Numeric time: 0.03	0.029	0 ms
Symbolic time: 0.223	0.224	0 ms
Numeric time: 0.03	0.03	0 ms
Symbolic time: 0.222	0.222	0 ms
Numeric time: 0.03	0.03	0 ms
Symbolic time: 0.225	0.225	0 ms
Numeric time: 0.03	0.03	0 ms
Symbolic time: 0.223	0.223	0 ms
Numeric time: 0.03	0.029	0 ms
Symbolic time: 0.226	0.225	0 ms
Numeric time: 0.03	0.029	0 ms
Symbolic time: 0.221	0.222	0 ms
Numeric time: 0.029	0.03	0 ms
Symbolic time: 0.226	0.226	0 ms
Numeric time: 0.028	0.029	0 ms
Symbolic time: 0.226	0.225	0 ms
Numeric time: 0.029	0.028	0 ms
Symbolic time: 0.22	0.22	0 ms
Numeric time: 0.029	0.03	0 ms
Symbolic time: 0.222	0.222	0 ms
Numeric time: 0.029	0.03	0 ms
Symbolic time: 0.219	0.219	0 ms
Numeric time: 0.029	0.029	0 ms
Symbolic time: 0.228	0.228	0 ms
Numeric time: 0.03	0.029	0 ms
Symbolic time: 0.221	0.221	0 ms
Numeric time: 0.03	0.029	0 ms
Symbolic time: 0.226	0.226	0 ms
Numeric time: 0.029	0.029	0 ms
Symbolic time: 0.223	0.222	0 ms
Numeric time: 0.029	0.029	0 ms
Symbolic time: 0.228	0.228	0 ms
Numeric time: 0.029	0.029	0 ms
Symbolic time: 0.221	0.222	0 ms
Numeric time: 0.029	0.03	0 ms
Symbolic time: 0.223	0.223	0 ms
Numeric time: 0.03	0.03	0 ms
Symbolic time: 0.229	0.229	0 ms
Numeric time: 0.029	0.029	0 ms
Symbolic time: 0.221	0.221	0 ms
Numeric time: 0.029	0.029	0 ms
Symbolic time: 0.221	0.221	0 ms
Numeric time: 0.029	0.029	0 ms
Symbolic time: 0.219	0.22	0 ms
Numeric time: 0.029	0.028	0 ms
Symbolic time: 0.23	0.23	0 ms
Numeric time: 0.029	0.028	0 ms
Symbolic time: 0.218	0.218	0 ms
Numeric time: 0.029	0.028	0 ms
Symbolic time: 0.224	0.223	0 ms
Numeric time: 0.028	0.028	0 ms
Symbolic time: 0.216	0.216	0 ms
Numeric time: 0.034	0	0.034 ms
Symbolic time: 0.229	0	0.229 ms
Numeric time: 0.03	0	0.03 ms
Symbolic time: 0.223	0	0.224 ms
Numeric time: 0.03	0	0.03 ms
Symbolic time: 0.223	0	0.223 ms
Numeric time: 0.029	0	0.029 ms
Symbolic time: 0.224	0.17	0.054 ms
Numeric time: 0.029	0.026	0.003 ms
Symbolic time: 0.222	0.2	0.022 ms
Numeric time: 0.029	0.026	0.003 ms
Symbolic time: 0.224	0.202	0.022 ms
Numeric time: 0.029	0.027	0.003 ms
Symbolic time: 0.221	0.199	0.021 ms
Numeric time: 0.029	0.026	0.003 ms
Symbolic time: 0.226	0.225	0 ms
Numeric time: 0.03	0.029	0 ms
Symbolic time: 0.217	0.217	0 ms
Numeric time: 0.03	0.029	0 ms
Symbolic time: 0.223	0.223	0 ms
Numeric time: 0.029	0.029	0 ms
Symbolic time: 0.219	0.217	0.002 ms
Numeric time: 0.03	0.026	0.003 ms
Symbolic time: 0.23	0.231	0 ms
Numeric time: 0.03	0.03	0 ms
Symbolic time: 0.217	0.217	0 ms
Numeric time: 0.03	0.03	0 ms
Symbolic time: 0.226	0.226	0 ms
Numeric time: 0.03	0.029	0 ms
Symbolic time: 0.222	0.219	0.003 ms
Numeric time: 0.033	0	0.034 ms
Symbolic time: 0.22	0	0.221 ms
Numeric time: 0.029	0	0.029 ms
Symbolic time: 0.219	0	0.219 ms
Numeric time: 0.03	0	0.029 ms
Symbolic time: 0.22	0	0.219 ms
Numeric time: 0.029	0	0.03 ms
Symbolic time: 0.233	0.164	0.07 ms
Numeric time: 0.03	0.027	0.003 ms
Symbolic time: 0.22	0.198	0.022 ms
Numeric time: 0.03	0.027	0.003 ms
Symbolic time: 0.227	0.204	0.023 ms
Numeric time: 0.03	0.026	0.003 ms
Symbolic time: 0.218	0.197	0.022 ms
Numeric time: 0.03	0.027	0.003 ms
Symbolic time: 0.234	0.234	0 ms
Numeric time: 0.03	0.03	0 ms
Symbolic time: 0.22	0.22	0 ms
Numeric time: 0.029	0.03	0 ms
Symbolic time: 0.224	0.225	0 ms
Numeric time: 0.029	0.029	0 ms
Symbolic time: 0.221	0.217	0.003 ms
Numeric time: 0.029	0.026	0.003 ms
Symbolic time: 0.222	0.221	0 ms
Numeric time: 0.03	0.03	0 ms
Symbolic time: 0.223	0.223	0 ms
Numeric time: 0.03	0.03	0 ms
Symbolic time: 0.22	0.22	0 ms
Numeric time: 0.028	0.028	0 ms
Symbolic time: 0.232	0.232	0 ms
Numeric time: 0.03	0.03	0 ms
Symbolic time: 0.219	0.22	0 ms
Numeric time: 0.029	0.029	0 ms
Symbolic time: 0.226	0.226	0 ms
Numeric time: 0.029	0.029	0 ms
Symbolic time: 0.22	0.22	0 ms
Numeric time: 0.029	0.028	0 ms
Symbolic time: 0.23	0.23	0 ms
Numeric time: 0.03	0.03	0 ms
Symbolic time: 0.219	0.219	0 ms
Numeric time: 0.029	0.029	0 ms
Symbolic time: 0.222	0.222	0 ms
Numeric time: 0.03	0.03	0 ms
Symbolic time: 0.221	0.221	0 ms
Numeric time: 0.029	0.029	0 ms
Symbolic time: 0.227	0.228	0 ms
Numeric time: 0.029	0.029	0 ms
Symbolic time: 0.219	0.22	0 ms
Numeric time: 0.029	0.029	0 ms
Symbolic time: 0.219	0.219	0 ms
Numeric time: 0.029	0.029	0 ms
Symbolic time: 0.224	0.225	0 ms
Numeric time: 0.036	0.036	0 ms
Symbolic time: 0.22	0.221	0 ms
Numeric time: 0.029	0.03	0 ms
Symbolic time: 0.224	0.224	0 ms
Numeric time: 0.029	0.029	0 ms
Symbolic time: 0.218	0.219	0 ms
Numeric time: 0.029	0.029	0 ms
Symbolic time: 0.224	0.225	0 ms
Numeric time: 0.029	0.029	0 ms
Symbolic time: 0.221	0.221	0 ms
Numeric time: 0.029	0.029	0 ms
Symbolic time: 0.22	0.22	0 ms
Numeric time: 0.029	0.029	0 ms
Symbolic time: 0.222	0.222	0 ms
Numeric time: 0.029	0.029	0 ms
Symbolic time: 0.226	0.226	0 ms
Numeric time: 0.03	0.03	0 ms
Symbolic time: 0.223	0.223	0 ms
Numeric time: 0.029	0.028	0 ms
Symbolic time: 0.218	0.218	0 ms
Numeric time: 0.029	0.029	0 ms
Symbolic time: 0.227	0.227	0 ms
Numeric time: 0.029	0.029	0 ms
Symbolic time: 0.225	0.225	0 ms
Numeric time: 0.03	0.029	0 ms
Symbolic time: 0.224	0.224	0 ms
Numeric time: 0.03	0.03	0 ms
Symbolic time: 0.223	0.223	0 ms
Numeric time: 0.029	0.029	0 ms
Symbolic time: 0.227	0.228	0 ms
Numeric time: 0.03	0.029	0 ms
Symbolic time: 0.221	0.221	0 ms
Numeric time: 0.029	0.029	0 ms
Symbolic time: 0.218	0.218	0 ms
Numeric time: 0.029	0.029	0 ms
Symbolic time: 0.221	0.221	0 ms
Numeric time: 0.029	0.029	0 ms
Symbolic time: 0.222	0.222	0 ms
Numeric time: 0.029	0.029	0 ms
Symbolic time: 0.226	0.226	0 ms
Numeric time: 0.029	0.029	0 ms
Symbolic time: 0.218	0.218	0 ms
Numeric time: 0.029	0.029	0 ms
Symbolic time: 0.225	0.225	0 ms
Numeric time: 0.029	0.03	0 ms
Symbolic time: 0.225	0.225	0 ms
Numeric time: 0.029	0.029	0 ms
Symbolic time: 0.228	0.229	0 ms
Numeric time: 0.029	0.029	0 ms
Symbolic time: 0.221	0.222	0 ms
Numeric time: 0.029	0.028	0 ms
Symbolic time: 0.221	0.222	0 ms
Numeric time: 0.03	0.03	0 ms
Symbolic time: 0.225	0.226	0 ms
Numeric time: 0.029	0.029	0 ms
Symbolic time: 0.223	0.223	0 ms
Numeric time: 0.029	0.029	0 ms
Symbolic time: 0.225	0.225	0 ms
Numeric time: 0.029	0.03	0 ms
Symbolic time: 0.223	0.224	0 ms
Numeric time: 0.03	0.03	0 ms
Symbolic time: 0.226	0.226	0 ms
Numeric time: 0.031	0.031	0 ms
Symbolic time: 0.219	0.22	0 ms
Numeric time: 0.03	0.03	0 ms
Symbolic time: 0.227	0.227	0 ms
Numeric time: 0.03	0.029	0 ms
Symbolic time: 0.224	0.224	0 ms
Numeric time: 0.029	0.029	0 ms
Symbolic time: 0.225	0.225	0 ms
Numeric time: 0.029	0.029	0 ms
Symbolic time: 0.221	0.221	0 ms
Numeric time: 0.03	0.03	0 ms
Symbolic time: 0.222	0.222	0 ms
Numeric time: 0.029	0.028	0 ms
Symbolic time: 0.225	0.226	0 ms
Numeric time: 0.029	0.029	0 ms
Symbolic time: 0.221	0.221	0 ms
Numeric time: 0.03	0.03	0 ms
Symbolic time: 0.224	0.223	0 ms
Numeric time: 0.029	0.029	0 ms
Symbolic time: 0.249	0.25	0 ms
Numeric time: 0.031	0.031	0 ms
Symbolic time: 0.22	0.22	0 ms
Numeric time: 0.029	0.029	0 ms
Symbolic time: 0.224	0.224	0 ms
Numeric time: 0.029	0.03	0 ms
Symbolic time: 0.219	0.219	0 ms
Numeric time: 0.03	0.03	0 ms
Symbolic time: 0.23	0.23	0 ms
Numeric time: 0.029	0.029	0 ms
Symbolic time: 0.219	0.218	0 ms
Numeric time: 0.029	0.029	0 ms
Symbolic time: 0.231	0.231	0 ms
Numeric time: 0.03	0.03	0 ms
Symbolic time: 0.22	0.219	0 ms
Numeric time: 0.03	0.029	0 ms
Symbolic time: 0.23	0.23	0 ms
Numeric time: 0.037	0.037	0 ms
Symbolic time: 0.224	0.224	0 ms
Numeric time: 0.029	0.029	0 ms
Symbolic time: 0.218	0.218	0 ms
Numeric time: 0.029	0.03	0 ms
Symbolic time: 0.224	0.224	0 ms
Numeric time: 0.029	0	0.029 ms
Symbolic time: 0.22	0	0.22 ms
Numeric time: 0.03	0	0.03 ms
Symbolic time: 0.229	0	0.229 ms
Numeric time: 0.03	0	0.03 ms
Symbolic time: 0.221	0	0.221 ms
Numeric time: 0.03	0	0.03 ms
Symbolic time: 0.238	0.184	0.054 ms
Numeric time: 0.03	0.027	0.003 ms
Symbolic time: 0.221	0.2	0.021 ms
Numeric time: 0.029	0.026	0.002 ms
Symbolic time: 0.222	0.2	0.022 ms
Numeric time: 0.029	0.026	0.003 ms
Symbolic time: 0.224	0.203	0.022 ms
Numeric time: 0.03	0.027	0.003 ms
Symbolic time: 0.225	0.225	0 ms
Numeric time: 0.03	0.03	0 ms
Symbolic time: 0.224	0.224	0 ms
Numeric time: 0.029	0.029	0 ms
Symbolic time: 0.219	0.218	0 ms
Numeric time: 0.029	0.029	0 ms
Symbolic time: 0.226	0.223	0.003 ms
Numeric time: 0.034	0.034	0 ms
Symbolic time: 0.222	0.222	0 ms
Numeric time: 0.03	0.03	0 ms
Symbolic time: 0.227	0.226	0 ms
Numeric time: 0.03	0.03	0 ms
Symbolic time: 0.223	0.223	0 ms
Numeric time: 0.03	0.03	0 ms
Symbolic time: 0.23	0.231	0 ms
Numeric time: 0.029	0.029	0 ms
Symbolic time: 0.222	0.222	0 ms
Numeric time: 0.029	0.029	0 ms
Symbolic time: 0.222	0.222	0 ms
Numeric time: 0.029	0.029	0 ms
Symbolic time: 0.224	0.224	0 ms
Numeric time: 0.029	0.03	0 ms
Symbolic time: 0.227	0.227	0 ms
Numeric time: 0.029	0.029	0 ms
Symbolic time: 0.225	0.226	0 ms
Numeric time: 0.029	0.029	0 ms
Symbolic time: 0.218	0.218	0 ms
Numeric time: 0.029	0.029	0 ms
Symbolic time: 0.226	0.227	0 ms
Numeric time: 0.029	0.029	0 ms
Symbolic time: 0.232	0.232	0 ms
Numeric time: 0.03	0.03	0 ms
Symbolic time: 0.222	0.222	0 ms
Numeric time: 0.03	0.03	0 ms
Symbolic time: 0.22	0.22	0 ms
Numeric time: 0.029	0.029	0 ms
Symbolic time: 0.223	0.223	0 ms
Numeric time: 0.029	0.029	0 ms
Symbolic time: 0.222	0.222	0 ms
Numeric time: 0.029	0.029	0 ms
Symbolic time: 0.218	0.218	0 ms
Numeric time: 0.029	0.029	0 ms
Symbolic time: 0.224	0.225	0 ms
Numeric time: 0.029	0.029	0 ms
Symbolic time: 0.222	0.221	0 ms
Numeric time: 0.03	0.03	0 ms
Symbolic time: 0.225	0.224	0 ms
Numeric time: 0.029	0.029	0 ms
Symbolic time: 0.217	0.218	0 ms
Numeric time: 0.03	0.029	0 ms
Symbolic time: 0.227	0.226	0 ms
Numeric time: 0.03	0.03	0 ms
Symbolic time: 0.224	0.224	0 ms
Numeric time: 0.029	0.029	0 ms
Symbolic time: 0.224	0.225	0 ms
Numeric time: 0.029	0.029	0 ms
Symbolic time: 0.221	0.221	0 ms
Numeric time: 0.03	0.03	0 ms
Symbolic time: 0.22	0.221	0 ms
Numeric time: 0.029	0.029	0.001 ms
Symbolic time: 0.224	0.225	0 ms
Numeric time: 0.03	0.029	0 ms
Symbolic time: 0.219	0.219	0 ms
Numeric time: 0.029	0.029	0 ms
Symbolic time: 0.223	0.224	0 ms
Numeric time: 0.029	0.029	0 ms
Symbolic time: 0.226	0.226	0 ms
Numeric time: 0.03	0.029	0 ms
Symbolic time: 0.225	0.225	0 ms
Numeric time: 0.029	0.03	0 ms
Symbolic time: 0.219	0.219	0 ms
Numeric time: 0.03	0.029	0 ms
Symbolic time: 0.226	0.225	0 ms
Numeric time: 0.03	0.029	0 ms
Symbolic time: 0.224	0.225	0 ms
Numeric time: 0.029	0.03	0 ms
Symbolic time: 0.224	0.225	0 ms
Numeric time: 0.03	0.03	0 ms
Symbolic time: 0.222	0.223	0 ms
Numeric time: 0.03	0.029	0 ms
Symbolic time: 0.22	0.221	0 ms
Numeric time: 0.029	0.029	0 ms
Symbolic time: 0.228	0.229	0 ms
Numeric time: 0.03	0.03	0 ms
Symbolic time: 0.22	0.22	0 ms
Numeric time: 0.03	0.029	0 ms
Symbolic time: 0.225	0.225	0 ms
Numeric time: 0.03	0.029	0 ms
Symbolic time: 0.22	0.22	0 ms
Numeric time: 0.03	0	0.03 ms
Symbolic time: 0.226	0	0.226 ms
Numeric time: 0.029	0	0.029 ms
Symbolic time: 0.22	0	0.22 ms
Numeric time: 0.029	0	0.029 ms
Symbolic time: 0.227	0	0.227 ms
Numeric time: 0.029	0	0.03 ms
Symbolic time: 0.228	0.171	0.058 ms
Numeric time: 0.029	0.027	0.002 ms
Symbolic time: 0.221	0.2	0.021 ms
Numeric time: 0.03	0.027	0.003 ms
Symbolic time: 0.222	0.202	0.021 ms
Numeric time: 0.029	0.026	0.002 ms
Symbolic time: 0.222	0.201	0.021 ms
Numeric time: 0.029	0.026	0.003 ms
Symbolic time: 0.226	0.226	0 ms
Numeric time: 0.029	0.029	0 ms
Symbolic time: 0.225	0.226	0 ms
Numeric time: 0.029	0.03	0 ms
Symbolic time: 0.227	0.227	0 ms
Numeric time: 0.03	0.03	0 ms
Symbolic time: 0.218	0.215	0.003 ms
Numeric time: 0.036	0.036	0 ms
Symbolic time: 0.224	0.224	0 ms
Numeric time: 0.03	0.029	0 ms
Symbolic time: 0.219	0.219	0 ms
Numeric time: 0.03	0.03	0 ms
Symbolic time: 0.223	0.222	0 ms
Numeric time: 0.03	0.03	0 ms
Symbolic time: 0.227	0.228	0 ms
Numeric time: 0.03	0.03	0 ms
Symbolic time: 0.222	0.223	0 ms
Numeric time: 0.029	0.03	0 ms
Symbolic time: 0.223	0.223	0 ms
Numeric time: 0.03	0.03	0 ms
Symbolic time: 0.22	0.22	0 ms
Numeric time: 0.029	0.03	0 ms
Symbolic time: 0.229	0.229	0 ms
Numeric time: 0.03	0.029	0 ms
Symbolic time: 0.22	0.22	0 ms
Numeric time: 0.03	0.03	0 ms
Symbolic time: 0.226	0.227	0 ms
Numeric time: 0.029	0.03	0 ms
Symbolic time: 0.219	0.219	0 ms
Numeric time: 0.029	0.03	0 ms
Symbolic time: 0.237	0.238	0 ms
Numeric time: 0.031	0.03	0 ms
Symbolic time: 0.223	0.223	0 ms
Numeric time: 0.029	0.029	0 ms
Symbolic time: 0.224	0.224	0 ms
Numeric time: 0.03	0.03	0 ms
Symbolic time: 0.228	0.228	0 ms
Numeric time: 0.029	0.029	0 ms
Symbolic time: 0.22	0.22	0 ms
Numeric time: 0.029	0.03	0 ms
Symbolic time: 0.224	0.225	0 ms
Numeric time: 0.03	0.029	0 ms
Symbolic time: 0.221	0.221	0 ms
Numeric time: 0.03	0.03	0 ms
Symbolic time: 0.234	0.235	0 ms
Numeric time: 0.03	0.029	0 ms
Symbolic time: 0.222	0.222	0 ms
Numeric time: 0.029	0.029	0 ms
Symbolic time: 0.229	0.228	0 ms
Numeric time: 0.03	0.03	0 ms
Symbolic time: 0.22	0.22	0 ms
Numeric time: 0.029	0.029	0 ms
Symbolic time: 0.23	0.229	0 ms
Numeric time: 0.029	0.029	0 ms
Symbolic time: 0.223	0.223	0 ms
Numeric time: 0.03	0.03	0 ms
Symbolic time: 0.221	0.221	0 ms
Numeric time: 0.029	0.03	0 ms
Symbolic time: 0.222	0.221	0 ms
Numeric time: 0.036	0.036	0 ms
Symbolic time: 0.219	0.219	0 ms
Numeric time: 0.029	0.029	0 ms
Symbolic time: 0.225	0.225	0 ms
Numeric time: 0.028	0.028	0 ms
Symbolic time: 0.217	0.217	0 ms
Numeric time: 0.029	0.029	0 ms
Symbolic time: 0.229	0.23	0 ms
Numeric time: 0.03	0.029	0 ms
Symbolic time: 0.218	0.218	0 ms
Numeric time: 0.029	0.029	0 ms
Symbolic time: 0.224	0.224	0 ms
Numeric time: 0.029	0.029	0 ms
Symbolic time: 0.221	0.22	0 ms
Numeric time: 0.029	0.029	0 ms
Symbolic time: 0.225	0.225	0 ms
Numeric time: 0.029	0.029	0 ms
Symbolic time: 0.22	0.22	0 ms
Numeric time: 0.029	0.028	0 ms
Symbolic time: 0.219	0.218	0 ms
Numeric time: 0.03	0.029	0 ms
Symbolic time: 0.224	0.224	0 ms
Numeric time: 0.029	0.029	0 ms
Symbolic time: 0.226	0.227	0 ms
Numeric time: 0.029	0.029	0 ms
Symbolic time: 0.228	0.228	0 ms
Numeric time: 0.03	0.03	0 ms
Symbolic time: 0.218	0.218	0 ms
Numeric time: 0.03	0.031	0 ms
Symbolic time: 0.23	0.23	0 ms
Numeric time: 0.031	0.031	0 ms
Symbolic time: 0.221	0.221	0 ms
Numeric time: 0.029	0.029	0 ms
Symbolic time: 0.226	0.226	0 ms
Numeric time: 0.029	0.03	0 ms
Symbolic time: 0.221	0.221	0 ms
Numeric time: 0.029	0.029	0 ms
Symbolic time: 0.225	0.226	0 ms
Numeric time: 0.03	0.03	0 ms
Symbolic time: 0.222	0.223	0 ms
Numeric time: 0.029	0.029	0 ms
Symbolic time: 0.22	0.22	0 ms
Numeric time: 0.03	0.03	0 ms
Symbolic time: 0.225	0.226	0 ms
Numeric time: 0.029	0.03	0 ms
Symbolic time: 0.226	0.226	0 ms
Numeric time: 0.03	0.029	0 ms
Symbolic time: 0.229	0.229	0 ms
Numeric time: 0.029	0.029	0 ms
Symbolic time: 0.22	0.22	0 ms
Numeric time: 0.03	0.029	0 ms
Symbolic time: 0.226	0.225	0 ms
Numeric time: 0.029	0	0.034 ms
Symbolic time: 0.219	0	0.219 ms
Numeric time: 0.028	0	0.028 ms
Symbolic time: 0.221	0	0.221 ms
Numeric time: 0.029	0	0.029 ms
Symbolic time: 0.221	0	0.221 ms
Numeric time: 0.035	0	0.035 ms
Symbolic time: 0.224	0.156	0.068 ms
Numeric time: 0.029	0.027	0.003 ms
Symbolic time: 0.225	0.204	0.021 ms
Numeric time: 0.03	0.027	0.003 ms
Symbolic time: 0.22	0.199	0.02 ms
Numeric time: 0.03	0.026	0.002 ms
Symbolic time: 0.226	0.205	0.021 ms
Numeric time: 0.029	0.027	0.003 ms
Symbolic time: 0.223	0.223	0 ms
Numeric time: 0.03	0.03	0 ms
Symbolic time: 0.223	0.223	0 ms
Numeric time: 0.03	0.029	0 ms
Symbolic time: 0.218	0.218	0 ms
Numeric time: 0.029	0.03	0 ms
Symbolic time: 0.222	0.22	0.002 ms
Numeric time: 0.03	0.027	0.003 ms
Symbolic time: 0.229	0.229	0 ms
Numeric time: 0.03	0.029	0 ms
Symbolic time: 0.22	0.22	0 ms
Numeric time: 0.03	0.029	0 ms
Symbolic time: 0.225	0.224	0 ms
Numeric time: 0.03	0.029	0 ms
Symbolic time: 0.222	0.219	0.002 ms
Numeric time: 0.035	0	0.035 ms
Symbolic time: 0.226	0	0.226 ms
Numeric time: 0.029	0	0.03 ms
Symbolic time: 0.219	0	0.219 ms
Numeric time: 0.03	0	0.03 ms
Symbolic time: 0.225	0	0.226 ms
Numeric time: 0.031	0	0.03 ms
Symbolic time: 0.224	0.16	0.064 ms
Numeric time: 0.029	0.026	0.002 ms
Symbolic time: 0.224	0.203	0.022 ms
Numeric time: 0.03	0.027	0.003 ms
Symbolic time: 0.223	0.201	0.021 ms
Numeric time: 0.03	0.026	0.003 ms
Symbolic time: 0.218	0.197	0.021 ms
Numeric time: 0.029	0.026	0.003 ms
Symbolic time: 0.228	0.228	0 ms
Numeric time: 0.029	0.03	0 ms
Symbolic time: 0.218	0.217	0 ms
Numeric time: 0.029	0.03	0 ms
Symbolic time: 0.226	0.227	0 ms
Numeric time: 0.03	0.029	0 ms
Symbolic time: 0.22	0.218	0.002 ms
Numeric time: 0.029	0.027	0.003 ms
Symbolic time: 0.231	0.231	0 ms
Numeric time: 0.029	0.03	0 ms
Symbolic time: 0.219	0.219	0 ms
Numeric time: 0.029	0.029	0 ms
Symbolic time: 0.224	0.224	0 ms
Numeric time: 0.029	0.029	0 ms
Symbolic time: 0.224	0.224	0 ms
Numeric time: 0.03	0.029	0 ms
Symbolic time: 0.222	0.222	0 ms
Numeric time: 0.029	0.029	0 ms
Symbolic time: 0.221	0.221	0 ms
Numeric time: 0.028	0.029	0 ms
Symbolic time: 0.219	0.219	0 ms
Numeric time: 0.029	0.029	0 ms
Symbolic time: 0.226	0.226	0 ms
Numeric time: 0.029	0.029	0 ms
Symbolic time: 0.215	0.215	0 ms
Numeric time: 0.03	0.03	0 ms
Symbolic time: 0.225	0.225	0 ms
Numeric time: 0.029	0.029	0 ms
Symbolic time: 0.217	0.217	0 ms
Numeric time: 0.029	0.029	0 ms
Symbolic time: 0.228	0.228	0 ms
Numeric time: 0.03	0.03	0 ms
Symbolic time: 0.218	0.218	0 ms
Numeric time: 0.029	0.029	0 ms
Symbolic time: 0.223	0.223	0 ms
Numeric time: 0.029	0.03	0 ms
Symbolic time: 0.221	0.221	0 ms
Numeric time: 0.029	0.029	0 ms
Symbolic time: 0.22	0	0.22 ms
Numeric time: 0.029	0	0.029 ms
Symbolic time: 0.221	0	0.22 ms
Numeric time: 0.029	0	0.029 ms
Symbolic time: 0.221	0	0.22 ms
Numeric time: 0.035	0	0.035 ms
Symbolic time: 0.244	0.154	0.091 ms
Numeric time: 0.03	0.028	0.003 ms
Symbolic time: 0.219	0.199	0.021 ms
Numeric time: 0.03	0.027	0.003 ms
Symbolic time: 0.223	0.201	0.022 ms
Numeric time: 0.029	0.027	0.002 ms
Symbolic time: 0.222	0.201	0.022 ms
Numeric time: 0.029	0.026	0.003 ms
Symbolic time: 0.227	0.227	0 ms
Numeric time: 0.03	0.029	0 ms
Symbolic time: 0.222	0.222	0 ms
Numeric time: 0.03	0.029	0 ms
Symbolic time: 0.22	0.22	0 ms
Numeric time: 0.029	0.03	0 ms
Symbolic time: 0.224	0.222	0.002 ms
Numeric time: 0.03	0.027	0.003 ms
Symbolic time: 0.225	0.225	0 ms
Numeric time: 0.029	0.03	0 ms
Symbolic time: 0.225	0.226	0 ms
Numeric time: 0.03	0.03	0 ms
Symbolic time: 0.221	0.22	0 ms
Numeric time: 0.029	0.03	0 ms
Symbolic time: 0.23	0.23	0 ms
Numeric time: 0.029	0.029	0 ms
Symbolic time: 0.221	0.222	0 ms
Numeric time: 0.029	0.029	0 ms
Symbolic time: 0.221	0.221	0 ms
Numeric time: 0.029	0.029	0 ms
Symbolic time: 0.224	0.224	0 ms
Numeric time: 0.029	0.029	0 ms
Symbolic time: 0.226	0.226	0 ms
Numeric time: 0.029	0.029	0 ms
Symbolic time: 0.222	0.222	0 ms
Numeric time: 0.03	0.029	0 ms
Symbolic time: 0.217	0.217	0 ms
Numeric time: 0.03	0.029	0 ms
Symbolic time: 0.223	0.223	0 ms
Numeric time: 0.03	0.029	0 ms
Symbolic time: 0.226	0.225	0 ms
Numeric time: 0.029	0.029	0 ms
Symbolic time: 0.226	0.225	0 ms
Numeric time: 0.029	0.03	0 ms
Symbolic time: 0.22	0.219	0 ms
Numeric time: 0.029	0.029	0 ms
Symbolic time: 0.221	0.221	0 ms
Numeric time: 0.03	0.029	0 ms
Symbolic time: 0.222	0	0.221 ms
Numeric time: 0.03	0	0.031 ms
Symbolic time: 0.226	0	0.226 ms
Numeric time: 0.029	0	0.03 ms
Symbolic time: 0.229	0	0.23 ms
Numeric time: 0.03	0	0.03 ms
Symbolic time: 0.221	0.142	0.08 ms
Numeric time: 0.03	0.028	0.003 ms
Symbolic time: 0.227	0.205	0.022 ms
Numeric time: 0.03	0.027	0.003 ms
Symbolic time: 0.219	0.198	0.021 ms
Numeric time: 0.03	0.027	0.003 ms
Symbolic time: 0.226	0.205	0.022 ms
Numeric time: 0.03	0.027	0.003 ms
Symbolic time: 0.227	0.227	0 ms
Numeric time: 0.03	0.03	0 ms
Symbolic time: 0.22	0.22	0 ms
Numeric time: 0.029	0.029	0 ms
Symbolic time: 0.223	0.223	0 ms
Numeric time: 0.03	0.03	0 ms
Symbolic time: 0.219	0.217	0.002 ms
Numeric time: 0.029	0.026	0.003 ms
Symbolic time: 0.229	0.23	0 ms
Numeric time: 0.03	0.029	0 ms
Symbolic time: 0.219	0.22	0 ms
Numeric time: 0.029	0.029	0 ms
Symbolic time: 0.223	0.224	0 ms
Numeric time: 0.03	0.03	0 ms
Symbolic time: 0.225	0.225	0 ms
Numeric time: 0.031	0.03	0 ms
Symbolic time: 0.222	0.223	0 ms
Numeric time: 0.029	0.03	0 ms
Symbolic time: 0.221	0.22	0 ms
Numeric time: 0.035	0.034	0 ms
Symbolic time: 0.222	0.222	0 ms
Numeric time: 0.031	0.03	0 ms
Symbolic time: 0.234	0.233	0 ms
Numeric time: 0.03	0.031	0 ms
Symbolic time: 0.219	0.219	0 ms
Numeric time: 0.03	0.03	0 ms
Symbolic time: 0.224	0.224	0 ms
Numeric time: 0.03	0.031	0 ms
Symbolic time: 0.222	0.223	0 ms
Numeric time: 0.029	0.03	0 ms
Symbolic time: 0.225	0.224	0 ms
Numeric time: 0.03	0.031	0 ms
Symbolic time: 0.224	0.223	0 ms
Numeric time: 0.03	0.03	0 ms
Symbolic time: 0.218	0.219	0 ms
Numeric time: 0.029	0.03	0 ms
Symbolic time: 0.228	0.229	0 ms
Numeric time: 0.035	0.035	0 ms
Symbolic time: 0.222	0.221	0 ms
Numeric time: 0.029	0.029	0 ms
Symbolic time: 0.221	0.221	0 ms
Numeric time: 0.03	0.03	0 ms
Symbolic time: 0.222	0.222	0 ms
Numeric time: 0.03	0.029	0 ms
Symbolic time: 0.223	0.224	0 ms
Numeric time: 0.03	0.03	0 ms
Symbolic time: 0.225	0.224	0 ms
Numeric time: 0.029	0.03	0 ms
Symbolic time: 0.218	0.219	0 ms
Numeric time: 0.029	0.029	0 ms
Symbolic time: 0.226	0.226	0 ms
Numeric time: 0.03	0.03	0 ms
Symbolic time: 0.226	0.227	0 ms
Numeric time: 0.03	0.03	0 ms
Symbolic time: 0.223	0.223	0 ms
Numeric time: 0.03	0.03	0 ms
Symbolic time: 0.221	0.22	0 ms
Numeric time: 0.03	0.03	0 ms
Symbolic time: 0.219	0.219	0 ms
Numeric time: 0.029	0.029	0 ms
Symbolic time: 0.23	0.23	0 ms
Numeric time: 0.03	0.029	0 ms
Symbolic time: 0.219	0.218	0 ms
Numeric time: 0.029	0.029	0 ms
Symbolic time: 0.224	0.225	0 ms
Numeric time: 0.031	0.031	0 ms
Symbolic time: 0.225	0.225	0 ms
Numeric time: 0.029	0.03	0 ms
Symbolic time: 0.225	0.225	0 ms
Numeric time: 0.031	0.031	0 ms
Symbolic time: 0.221	0.221	0 ms
Numeric time: 0.029	0.03	0 ms
Symbolic time: 0.219	0.219	0 ms
Numeric time: 0.029	0.029	0 ms
Symbolic time: 0.227	0.227	0 ms
Numeric time: 0.03	0.03	0 ms
Symbolic time: 0.218	0.218	0 ms
Numeric time: 0.03	0.03	0 ms
Symbolic time: 0.224	0.224	0 ms
Numeric time: 0.03	0.03	0 ms
Symbolic time: 0.219	0.219	0 ms
Numeric time: 0.029	0.029	0 ms
Symbolic time: 0.235	0.236	0 ms
Numeric time: 0.031	0.031	0 ms
Symbolic time: 0.224	0.224	0 ms
Numeric time: 0.03	0.029	0 ms
Symbolic time: 0.222	0.222	0 ms
Numeric time: 0.03	0.03	0 ms
Symbolic time: 0.264	0.264	0 ms
Numeric time: 0.033	0.032	0 ms
Symbolic time: 0.229	0.228	0 ms
Numeric time: 0.03	0.029	0 ms
Symbolic time: 0.219	0.22	0 ms
Numeric time: 0.032	0.031	0 ms
Symbolic time: 0.229	0.229	0 ms
Numeric time: 0.03	0.03	0 ms
Symbolic time: 0.23	0.229	0 ms
Numeric time: 0.029	0.029	0 ms
Symbolic time: 0.222	0.223	0 ms
Numeric time: 0.029	0.029	0 ms
Symbolic time: 0.22	0.22	0 ms
Numeric time: 0.029	0.029	0 ms
Symbolic time: 0.219	0.219	0 ms
Numeric time: 0.029	0.03	0 ms
Symbolic time: 0.231	0.232	0 ms
Numeric time: 0.029	0.029	0 ms
Symbolic time: 0.219	0.219	0 ms
Numeric time: 0.029	0.03	0 ms
Symbolic time: 0.227	0.227	0 ms
Numeric time: 0.029	0.03	0 ms
Symbolic time: 0.218	0.219	0 ms
Numeric time: 0.036	0.035	0 ms
Symbolic time: 0.224	0.224	0 ms
Numeric time: 0.03	0.03	0 ms
Symbolic time: 0.224	0.224	0 ms
Numeric time: 0.029	0.029	0 ms
Symbolic time: 0.217	0.218	0 ms
Numeric time: 0.029	0.029	0 ms
Symbolic time: 0.227	0.226	0 ms
Numeric time: 0.03	0.03	0 ms

Symbolic time: 0.244711 ms
Numeric time: 0.032487 ms
