Symbolic time: 1.567	1.565	0 ms
Numeric time: 0.914	0.916	0 ms
Symbolic time: 1.365	1.362	0.002 ms
Numeric time: 0.865	0	0.865 ms
Symbolic time: 1.263	1.194	0.068 ms
Numeric time: 0.571	0.572	0 ms
Symbolic time: 0.905	0.905	0 ms
Numeric time: 0.573	0.574	0 ms
Symbolic time: 0.907	0.906	0 ms
Numeric time: 0.569	0.57	0 ms
Symbolic time: 0.907	0.908	0 ms
Numeric time: 0.61	0.61	0 ms
Symbolic time: 0.908	0.907	0 ms
Numeric time: 0.569	0.57	0 ms
Symbolic time: 0.908	0.908	0 ms
Numeric time: 0.575	0.576	0 ms
Symbolic time: 0.919	0.918	0 ms
Numeric time: 0.58	0.58	0 ms
Symbolic time: 0.858	0.858	0 ms
Numeric time: 0.544	0	0.544 ms
Symbolic time: 0.858	0.508	0.349 ms
Numeric time: 0.54	0.5	0.041 ms
Symbolic time: 0.855	0.855	0 ms
Numeric time: 0.546	0.546	0 ms
Symbolic time: 0.856	0.856	0 ms
Numeric time: 0.542	0.542	0 ms
Symbolic time: 0.857	0.858	0 ms
Numeric time: 0.542	0.542	0 ms
Symbolic time: 0.858	0.858	0 ms
Numeric time: 0.538	0.538	0 ms
Symbolic time: 0.857	0.857	0 ms
Numeric time: 0.541	0.542	0 ms
Symbolic time: 0.851	0.842	0.009 ms
Numeric time: 0.54	0.54	0 ms
Symbolic time: 0.858	0.857	0 ms
Numeric time: 0.546	0.546	0 ms
Symbolic time: 0.853	0.853	0 ms
Numeric time: 0.543	0	0.543 ms
Symbolic time: 0.855	0.494	0.361 ms
Numeric time: 0.538	0.498	0.041 ms
Symbolic time: 0.859	0.859	0 ms
Numeric time: 0.542	0.542	0 ms
Symbolic time: 0.858	0.858	0 ms
Numeric time: 0.537	0.537	0 ms
Symbolic time: 0.857	0.857	0 ms
Numeric time: 0.555	0.555	0 ms
Symbolic time: 0.857	0.858	0 ms
Numeric time: 0.54	0.54	0 ms
Symbolic time: 0.856	0.856	0 ms
Numeric time: 0.545	0.545	0 ms
Symbolic time: 0.859	0.859	0 ms
Numeric time: 0.538	0.538	0 ms
Symbolic time: 0.857	0.857	0 ms
Numeric time: 0.544	0.544	0 ms
Symbolic time: 0.858	0.858	0 ms
Numeric time: 0.535	0.536	0 ms
Symbolic time: 0.857	0.857	0 ms
Numeric time: 0.543	0	0.542 ms
Symbolic time: 0.857	0.523	0.334 ms
Numeric time: 0.535	0.495	0.039 ms
Symbolic time: 0.857	0.856	0 ms
Numeric time: 0.543	0.543	0 ms
Symbolic time: 0.853	0.83	0.023 ms
Numeric time: 0.542	0.542	0 ms
Symbolic time: 0.856	0.855	0 ms
Numeric time: 0.537	0.537	0 ms
Symbolic time: 0.852	0	0.852 ms
Numeric time: 0.543	0.506	0.038 ms
Symbolic time: 0.858	0.858	0 ms
Numeric time: 0.537	0.504	0.033 ms
Symbolic time: 0.856	0.856	0 ms
Numeric time: 0.543	0	0.542 ms
Symbolic time: 0.856	0.512	0.344 ms
Numeric time: 0.54	0.492	0.049 ms
Symbolic time: 0.854	0.854	0 ms
Numeric time: 0.54	0.54	0 ms
Symbolic time: 0.855	0.855	0 ms
Numeric time: 0.536	0.537	0 ms
Symbolic time: 0.859	0.859	0 ms
Numeric time: 0.55	0.55	0 ms
Symbolic time: 0.858	0.858	0 ms
Numeric time: 0.538	0.539	0 ms
Symbolic time: 0.858	0.859	0 ms
Numeric time: 0.544	0.544	0 ms
Symbolic time: 0.857	0.857	0 ms
Numeric time: 0.538	0.538	0 ms
Symbolic time: 0.857	0.858	0 ms
Numeric time: 0.542	0.543	0 ms
Symbolic time: 0.855	0.848	0.006 ms
Numeric time: 0.545	0.546	0 ms
Symbolic time: 0.86	0.86	0 ms
Numeric time: 0.557	0.555	0.002 ms
Symbolic time: 0.855	0.855	0 ms
Numeric time: 0.546	0.547	0 ms
Symbolic time: 0.86	0.861	0 ms
Numeric time: 0.537	0.538	0 ms
Symbolic time: 0.857	0.856	0 ms
Numeric time: 0.542	0.542	0 ms
Symbolic time: 0.856	0.856	0 ms
Numeric time: 0.537	0.538	0 ms
Symbolic time: 0.856	0.856	0 ms
Numeric time: 0.54	0.541	0 ms
Symbolic time: 0.851	0.851	0 ms
Numeric time: 0.582	0.581	0 ms
Symbolic time: 0.928	0.929	0 ms
Numeric time: 0.597	0	0.596 ms
Symbolic time: 0.858	0.577	0.28 ms
Numeric time: 0.545	0.502	0.042 ms
Symbolic time: 0.858	0.858	0 ms
Numeric time: 0.544	0.544	0 ms
Symbolic time: 0.857	0.857	0 ms
Numeric time: 0.54	0.541	0 ms
Symbolic time: 0.854	0.854	0 ms
Numeric time: 0.552	0.552	0 ms
Symbolic time: 0.857	0.858	0 ms
Numeric time: 0.539	0.538	0 ms
Symbolic time: 0.87	0.87	0 ms
Numeric time: 0.548	0	0.548 ms
Symbolic time: 0.857	0.522	0.335 ms
Numeric time: 0.542	0.497	0.043 ms
Symbolic time: 0.859	0.858	0 ms
Numeric time: 0.543	0.543	0 ms
Symbolic time: 0.867	0.868	0 ms
Numeric time: 0.543	0.542	0 ms
Symbolic time: 0.859	0.858	0 ms
Numeric time: 0.541	0.54	0 ms
Symbolic time: 0.86	0.859	0 ms
Numeric time: 0.537	0.537	0 ms
Symbolic time: 0.859	0.86	0 ms
Numeric time: 0.547	0	0.546 ms
Symbolic time: 0.85	0.433	0.416 ms
Numeric time: 0.545	0.545	0 ms
Symbolic time: 0.858	0.858	0 ms
Numeric time: 0.539	0.539	0 ms
Symbolic time: 0.853	0.853	0 ms
Numeric time: 0.543	0	0.543 ms
Symbolic time: 0.853	0.504	0.349 ms
Numeric time: 0.537	0.49	0.047 ms
Symbolic time: 0.854	0.854	0 ms
Numeric time: 0.543	0.544	0 ms
Symbolic time: 0.863	0.863	0 ms
Numeric time: 0.534	0.534	0 ms
Symbolic time: 0.855	0.855	0 ms
Numeric time: 0.543	0.542	0 ms
Symbolic time: 0.856	0.857	0 ms
Numeric time: 0.542	0.543	0 ms
Symbolic time: 0.855	0.855	0 ms
Numeric time: 0.542	0	0.542 ms
Symbolic time: 0.866	0.536	0.331 ms
Numeric time: 0.544	0.495	0.049 ms
Symbolic time: 0.857	0.857	0 ms
Numeric time: 0.541	0.541	0 ms
Symbolic time: 0.86	0.859	0 ms
Numeric time: 0.538	0.538	0 ms
Symbolic time: 0.854	0.854	0 ms
Numeric time: 0.551	0.55	0 ms
Symbolic time: 0.852	0.831	0.021 ms
Numeric time: 0.54	0	0.54 ms
Symbolic time: 0.858	0.513	0.345 ms
Numeric time: 0.544	0.543	0 ms
Symbolic time: 0.854	0.814	0.041 ms
Numeric time: 0.542	0.541	0 ms
Symbolic time: 0.861	0.862	0 ms
Numeric time: 0.539	0.539	0 ms
Symbolic time: 0.856	0.856	0 ms
Numeric time: 0.544	0	0.544 ms
Symbolic time: 0.858	0.517	0.34 ms
Numeric time: 0.543	0.492	0.051 ms
Symbolic time: 0.859	0.858	0 ms
Numeric time: 0.545	0.545	0 ms
Symbolic time: 0.856	0.856	0 ms
Numeric time: 0.537	0.537	0 ms
Symbolic time: 0.861	0.86	0 ms
Numeric time: 0.542	0.542	0 ms
Symbolic time: 0.858	0.858	0 ms
Numeric time: 0.534	0.534	0 ms
Symbolic time: 0.856	0.856	0 ms
Numeric time: 0.545	0	0.544 ms
Symbolic time: 0.857	0.534	0.323 ms
Numeric time: 0.538	0.486	0.052 ms
Symbolic time: 0.858	0.859	0 ms
Numeric time: 0.543	0.543	0 ms
Symbolic time: 0.865	0.866	0 ms
Numeric time: 0.545	0.545	0 ms
Symbolic time: 0.86	0.86	0 ms
Numeric time: 0.542	0.542	0 ms
Symbolic time: 0.853	0.828	0.026 ms
Numeric time: 0.54	0.539	0 ms
Symbolic time: 0.858	0.857	0 ms
Numeric time: 0.536	0.536	0 ms
Symbolic time: 0.855	0.854	0 ms
Numeric time: 0.542	0.542	0 ms
Symbolic time: 0.857	0.857	0 ms
Numeric time: 0.537	0.537	0 ms
Symbolic time: 0.856	0.857	0 ms
Numeric time: 0.543	0.543	0 ms
Symbolic time: 0.858	0.857	0 ms
Numeric time: 0.536	0.536	0 ms
Symbolic time: 0.855	0.855	0 ms
Numeric time: 0.54	0.541	0 ms
Symbolic time: 0.857	0.856	0 ms
Numeric time: 0.535	0.535	0 ms
Symbolic time: 0.859	0.86	0 ms
Numeric time: 0.54	0.541	0 ms
Symbolic time: 0.859	0.859	0 ms
Numeric time: 0.538	0.538	0 ms
Symbolic time: 0.857	0.856	0 ms
Numeric time: 0.54	0.541	0 ms
Symbolic time: 0.855	0.855	0 ms
Numeric time: 0.538	0.538	0 ms
Symbolic time: 0.857	0.857	0 ms
Numeric time: 0.541	0.541	0 ms
Symbolic time: 0.853	0.853	0 ms
Numeric time: 0.543	0.544	0 ms
Symbolic time: 0.869	0.869	0 ms
Numeric time: 0.542	0.542	0 ms
Symbolic time: 0.86	0.86	0 ms
Numeric time: 0.548	0.548	0 ms
Symbolic time: 0.857	0.858	0 ms
Numeric time: 0.539	0.54	0 ms
Symbolic time: 0.858	0.859	0 ms
Numeric time: 0.571	0.572	0 ms
Symbolic time: 0.856	0.856	0 ms
Numeric time: 0.54	0.54	0 ms
Symbolic time: 0.856	0.856	0 ms
Numeric time: 0.539	0.539	0 ms
Symbolic time: 0.857	0.857	0 ms
Numeric time: 0.535	0.536	0 ms
Symbolic time: 0.857	0.857	0 ms
Numeric time: 0.542	0.542	0 ms
Symbolic time: 0.858	0.859	0 ms
Numeric time: 0.537	0.537	0 ms
Symbolic time: 0.859	0.859	0 ms
Numeric time: 0.543	0	0.543 ms
Symbolic time: 0.857	0.529	0.329 ms
Numeric time: 0.537	0.493	0.044 ms
Symbolic time: 0.856	0.856	0 ms
Numeric time: 0.543	0.543	0 ms
Symbolic time: 0.861	0.861	0 ms
Numeric time: 0.536	0.536	0 ms
Symbolic time: 0.855	0.855	0 ms
Numeric time: 0.539	0.54	0 ms
Symbolic time: 0.852	0.833	0.019 ms
Numeric time: 0.544	0.543	0 ms
Symbolic time: 0.873	0.874	0 ms
Numeric time: 0.547	0.544	0.002 ms
Symbolic time: 0.85	0.851	0 ms
Numeric time: 0.543	0.543	0 ms
Symbolic time: 0.855	0.855	0 ms
Numeric time: 0.537	0.537	0 ms
Symbolic time: 0.868	0.868	0 ms
Numeric time: 0.55	0.55	0 ms
Symbolic time: 0.856	0.856	0 ms
Numeric time: 0.537	0.537	0 ms
Symbolic time: 0.858	0.858	0 ms
Numeric time: 0.546	0.546	0 ms
Symbolic time: 0.858	0.858	0 ms
Numeric time: 0.537	0.537	0 ms
Symbolic time: 0.855	0.855	0 ms
Numeric time: 0.543	0.543	0 ms
Symbolic time: 0.857	0.856	0 ms
Numeric time: 0.539	0.539	0 ms
Symbolic time: 0.856	0.856	0 ms
Numeric time: 0.544	0.544	0 ms
Symbolic time: 0.858	0.858	0 ms
Numeric time: 0.538	0.539	0 ms
Symbolic time: 0.859	0.859	0 ms
Numeric time: 0.543	0.543	0 ms
Symbolic time: 0.859	0.859	0 ms
Numeric time: 0.538	0.538	0 ms
Symbolic time: 0.856	0.856	0 ms
Numeric time: 0.544	0.544	0 ms
Symbolic time: 0.852	0.852	0 ms
Numeric time: 0.544	0.544	0 ms
Symbolic time: 0.856	0.856	0 ms
Numeric time: 0.541	0.542	0 ms
Symbolic time: 0.85	0.85	0 ms
Numeric time: 0.543	0.543	0 ms
Symbolic time: 0.858	0.858	0 ms
Numeric time: 0.539	0.539	0 ms
Symbolic time: 0.859	0.859	0 ms
Numeric time: 0.542	0.542	0 ms
Symbolic time: 0.857	0.857	0 ms
Numeric time: 0.535	0.535	0 ms
Symbolic time: 0.866	0.866	0 ms
Numeric time: 0.545	0.545	0 ms
Symbolic time: 0.853	0.853	0 ms
Numeric time: 0.539	0.539	0 ms
Symbolic time: 0.856	0.855	0 ms
Numeric time: 0.543	0.543	0 ms
Symbolic time: 0.856	0.855	0 ms
Numeric time: 0.538	0.538	0 ms
Symbolic time: 0.856	0.855	0 ms
Numeric time: 0.543	0.543	0 ms
Symbolic time: 0.857	0.857	0 ms
Numeric time: 0.537	0.538	0 ms
Symbolic time: 0.857	0.857	0 ms
Numeric time: 0.543	0.544	0 ms
Symbolic time: 0.85	0.85	0 ms
Numeric time: 0.544	0.544	0 ms
Symbolic time: 0.973	0.974	0 ms
Numeric time: 0.56	0.561	0 ms
Symbolic time: 0.858	0.857	0 ms
Numeric time: 0.541	0.541	0 ms
Symbolic time: 0.856	0.855	0 ms
Numeric time: 0.541	0	0.541 ms
Symbolic time: 0.853	0.451	0.402 ms
Numeric time: 0.545	0.545	0 ms
Symbolic time: 0.86	0.861	0 ms
Numeric time: 0.536	0.535	0 ms
Symbolic time: 0.851	0.85	0 ms
Numeric time: 0.541	0.54	0 ms
Symbolic time: 0.856	0.857	0 ms
Numeric time: 0.537	0.537	0 ms
Symbolic time: 0.857	0.856	0 ms
Numeric time: 0.541	0.54	0 ms
Symbolic time: 0.859	0.86	0 ms
Numeric time: 0.539	0.54	0 ms
Symbolic time: 0.866	0.866	0 ms
Numeric time: 0.547	0.547	0 ms
Symbolic time: 0.859	0.859	0 ms
Numeric time: 0.536	0.537	0 ms
Symbolic time: 0.854	0.855	0 ms
Numeric time: 0.542	0	0.543 ms
Symbolic time: 0.854	0.51	0.344 ms
Numeric time: 0.536	0.5	0.036 ms
Symbolic time: 0.855	0.856	0 ms
Numeric time: 0.542	0.543	0 ms
Symbolic time: 0.859	0.86	0 ms
Numeric time: 0.537	0.537	0 ms
Symbolic time: 0.859	0.859	0 ms
Numeric time: 0.544	0.545	0 ms
Symbolic time: 0.851	0.835	0.017 ms
Numeric time: 0.536	0	0.537 ms
Symbolic time: 0.858	0.505	0.354 ms
Numeric time: 0.542	0.542	0 ms
Symbolic time: 0.851	0.82	0.031 ms
Numeric time: 0.543	0.543	0 ms
Symbolic time: 0.856	0.857	0 ms
Numeric time: 0.537	0.537	0 ms
Symbolic time: 0.858	0.859	0 ms
Numeric time: 0.545	0.546	0 ms
Symbolic time: 0.858	0.858	0 ms
Numeric time: 0.538	0.538	0 ms
Symbolic time: 0.857	0.857	0 ms
Numeric time: 0.544	0.544	0 ms
Symbolic time: 0.857	0.857	0 ms
Numeric time: 0.538	0.538	0 ms
Symbolic time: 0.858	0.858	0 ms
Numeric time: 0.544	0.544	0 ms
Symbolic time: 0.856	0.856	0 ms
Numeric time: 0.537	0.537	0 ms
Symbolic time: 0.856	0.856	0 ms
Numeric time: 0.55	0.55	0 ms
Symbolic time: 0.857	0.857	0 ms
Numeric time: 0.541	0.54	0 ms
Symbolic time: 0.854	0.854	0 ms
Numeric time: 0.544	0.544	0 ms
Symbolic time: 0.859	0.859	0 ms
Numeric time: 0.54	0.54	0 ms
Symbolic time: 0.853	0.853	0 ms
Numeric time: 0.538	0.538	0 ms
Symbolic time: 0.849	0.85	0 ms
Numeric time: 0.544	0.545	0 ms
Symbolic time: 0.857	0.856	0 ms
Numeric time: 0.537	0.537	0 ms
Symbolic time: 0.852	0	0.852 ms
Numeric time: 0.544	0.504	0.04 ms
Symbolic time: 0.861	0.861	0 ms
Numeric time: 0.535	0.508	0.027 ms
Symbolic time: 0.857	0.857	0 ms
Numeric time: 0.544	0.544	0 ms
Symbolic time: 0.85	0.851	0 ms
Numeric time: 0.54	0.54	0 ms
Symbolic time: 0.852	0.851	0 ms
Numeric time: 0.542	0.543	0 ms
Symbolic time: 0.859	0.859	0 ms
Numeric time: 0.57	0.569	0 ms
Symbolic time: 0.949	0.949	0 ms
Numeric time: 0.555	0.555	0 ms
Symbolic time: 0.856	0.856	0 ms
Numeric time: 0.538	0.538	0 ms
Symbolic time: 0.86	0.86	0 ms
Numeric time: 0.542	0.542	0 ms
Symbolic time: 0.86	0.861	0 ms
Numeric time: 0.538	0.539	0 ms
Symbolic time: 0.856	0.856	0 ms
Numeric time: 0.556	0.557	0 ms
Symbolic time: 0.857	0.856	0 ms
Numeric time: 0.538	0.538	0 ms
Symbolic time: 0.855	0.855	0 ms
Numeric time: 0.544	0.544	0 ms
Symbolic time: 0.854	0.855	0 ms
Numeric time: 0.539	0.54	0 ms
Symbolic time: 0.86	0.859	0 ms
Numeric time: 0.543	0.543	0 ms
Symbolic time: 0.853	0.851	0.003 ms
Numeric time: 0.541	0.541	0 ms
Symbolic time: 0.855	0.855	0 ms
Numeric time: 0.537	0.537	0 ms
Symbolic time: 0.852	0	0.853 ms
Numeric time: 0.544	0.502	0.042 ms
Symbolic time: 0.858	0.858	0 ms
Numeric time: 0.535	0.509	0.027 ms
Symbolic time: 0.861	0.861	0 ms
Numeric time: 0.547	0.547	0 ms
Symbolic time: 0.858	0.858	0 ms
Numeric time: 0.538	0.539	0 ms
Symbolic time: 0.856	0.856	0 ms
Numeric time: 0.542	0.541	0 ms
Symbolic time: 0.856	0.856	0 ms
Numeric time: 0.538	0.537	0 ms
Symbolic time: 0.857	0.857	0 ms
Numeric time: 0.542	0.542	0 ms
Symbolic time: 0.858	0.858	0 ms
Numeric time: 0.562	0.563	0 ms
Symbolic time: 0.856	0.856	0 ms
Numeric time: 0.559	0.559	0 ms
Symbolic time: 0.855	0.855	0 ms
Numeric time: 0.654	0.654	0 ms
Symbolic time: 0.859	0.86	0 ms
Numeric time: 0.557	0.557	0 ms
Symbolic time: 0.861	0.861	0 ms
Numeric time: 0.539	0.539	0 ms
Symbolic time: 0.857	0.858	0 ms
Numeric time: 0.546	0	0.546 ms
Symbolic time: 0.86	0.515	0.345 ms
Numeric time: 0.537	0.502	0.035 ms
Symbolic time: 0.858	0.857	0 ms
Numeric time: 0.55	0.551	0 ms
Symbolic time: 0.857	0.857	0 ms
Numeric time: 0.538	0.538	0 ms
Symbolic time: 0.858	0.857	0 ms
Numeric time: 0.54	0.541	0 ms
Symbolic time: 0.851	0.835	0.016 ms
Numeric time: 0.537	0	0.537 ms
Symbolic time: 0.855	0.496	0.359 ms
Numeric time: 0.543	0.543	0 ms
Symbolic time: 0.855	0.825	0.03 ms
Numeric time: 0.542	0.543	0 ms
Symbolic time: 0.86	0.861	0 ms
Numeric time: 0.542	0.541	0.001 ms
Symbolic time: 0.858	0.859	0 ms
Numeric time: 0.545	0.545	0 ms
Symbolic time: 0.854	0.855	0 ms
Numeric time: 0.538	0.538	0 ms
Symbolic time: 0.863	0.862	0 ms
Numeric time: 0.543	0.542	0 ms
Symbolic time: 0.859	0.86	0 ms
Numeric time: 0.534	0.534	0 ms
Symbolic time: 0.855	0.855	0 ms
Numeric time: 0.54	0.541	0 ms
Symbolic time: 0.863	0.863	0 ms
Numeric time: 0.54	0.54	0 ms
Symbolic time: 0.858	0.858	0 ms
Numeric time: 0.557	0.557	0 ms
Symbolic time: 0.86	0.86	0 ms
Numeric time: 0.542	0.541	0 ms
Symbolic time: 0.855	0.856	0 ms
Numeric time: 0.54	0.541	0 ms
Symbolic time: 0.858	0.857	0 ms
Numeric time: 0.644	0.645	0 ms
Symbolic time: 1.01	1.01	0 ms
Numeric time: 0.557	0.558	0 ms
Symbolic time: 0.909	0.909	0 ms
Numeric time: 0.551	0.551	0 ms
Symbolic time: 0.86	0.86	0 ms
Numeric time: 0.542	0	0.543 ms
Symbolic time: 0.856	0.498	0.358 ms
Numeric time: 0.538	0.503	0.035 ms
Symbolic time: 0.857	0.856	0 ms
Numeric time: 0.543	0.544	0 ms
Symbolic time: 0.856	0.856	0 ms
Numeric time: 0.538	0.537	0 ms
Symbolic time: 0.86	0.859	0 ms
Numeric time: 0.54	0.541	0 ms
Symbolic time: 0.855	0.856	0 ms
Numeric time: 0.538	0.538	0 ms
Symbolic time: 0.858	0.858	0 ms
Numeric time: 0.539	0.54	0 ms
Symbolic time: 0.859	0.858	0 ms
Numeric time: 0.538	0.538	0 ms
Symbolic time: 0.858	0.858	0 ms
Numeric time: 0.541	0.541	0 ms
Symbolic time: 0.856	0.857	0 ms
Numeric time: 0.54	0.54	0 ms
Symbolic time: 0.857	0.858	0 ms
Numeric time: 0.543	0.543	0 ms
Symbolic time: 0.853	0.852	0.001 ms
Numeric time: 0.555	0.555	0 ms
Symbolic time: 0.857	0.857	0 ms
Numeric time: 0.556	0.554	0.003 ms
Symbolic time: 0.854	0.855	0 ms
Numeric time: 0.545	0.545	0 ms
Symbolic time: 0.856	0.855	0 ms
Numeric time: 0.539	0.539	0 ms
Symbolic time: 0.858	0.857	0 ms
Numeric time: 0.546	0	0.545 ms
Symbolic time: 0.86	0.504	0.357 ms
Numeric time: 0.54	0.505	0.035 ms
Symbolic time: 0.857	0.858	0 ms
Numeric time: 0.55	0.551	0 ms
Symbolic time: 0.855	0.855	0 ms
Numeric time: 0.537	0.538	0 ms
Symbolic time: 0.856	0.856	0 ms
Numeric time: 0.539	0.539	0 ms
Symbolic time: 0.864	0.864	0 ms
Numeric time: 0.543	0.543	0 ms
Symbolic time: 0.859	0.859	0 ms
Numeric time: 0.542	0.542	0 ms
Symbolic time: 0.855	0.855	0 ms
Numeric time: 0.537	0.537	0 ms
Symbolic time: 0.854	0.854	0 ms
Numeric time: 0.545	0.545	0 ms
Symbolic time: 0.857	0.857	0 ms
Numeric time: 0.537	0.537	0 ms
Symbolic time: 0.857	0.857	0 ms
Numeric time: 0.544	0.544	0 ms
Symbolic time: 0.85	0.849	0.002 ms
Numeric time: 0.542	0	0.541 ms
Symbolic time: 0.856	0.486	0.37 ms
Numeric time: 0.539	0.505	0.034 ms
Symbolic time: 0.852	0.851	0 ms
Numeric time: 0.553	0.554	0 ms
Symbolic time: 0.86	0.86	0 ms
Numeric time: 0.537	0.537	0 ms
Symbolic time: 0.859	0.86	0 ms
Numeric time: 0.545	0.545	0 ms
Symbolic time: 0.861	0.861	0 ms
Numeric time: 0.539	0.538	0 ms
Symbolic time: 0.856	0.856	0 ms
Numeric time: 0.545	0.544	0 ms
Symbolic time: 0.857	0.857	0 ms
Numeric time: 0.537	0.537	0 ms
Symbolic time: 0.856	0.856	0 ms
Numeric time: 0.542	0.542	0 ms
Symbolic time: 0.862	0.862	0 ms
Numeric time: 0.538	0.538	0 ms
Symbolic time: 0.857	0.857	0 ms
Numeric time: 0.543	0.543	0 ms
Symbolic time: 0.857	0.857	0 ms
Numeric time: 0.538	0.538	0 ms
Symbolic time: 0.853	0.853	0 ms
Numeric time: 0.543	0.543	0 ms
Symbolic time: 0.852	0.851	0.001 ms
Numeric time: 0.544	0.544	0 ms
Symbolic time: 0.857	0.857	0 ms
Numeric time: 0.535	0.534	0 ms
Symbolic time: 0.855	0.855	0 ms
Numeric time: 0.546	0.546	0 ms
Symbolic time: 0.857	0.858	0 ms
Numeric time: 0.537	0.536	0 ms
Symbolic time: 0.86	0.86	0 ms
Numeric time: 0.543	0.544	0 ms
Symbolic time: 0.857	0.857	0 ms
Numeric time: 0.539	0.539	0 ms
Symbolic time: 0.854	0.854	0 ms
Numeric time: 0.551	0.551	0 ms
Symbolic time: 0.86	0.859	0 ms
Numeric time: 0.543	0.544	0 ms
Symbolic time: 0.854	0.853	0 ms
Numeric time: 0.547	0.548	0 ms
Symbolic time: 0.858	0.858	0 ms
Numeric time: 0.54	0.539	0 ms
Symbolic time: 0.856	0.858	0 ms
Numeric time: 0.545	0.545	0 ms
Symbolic time: 0.856	0.856	0 ms
Numeric time: 0.534	0.534	0 ms
Symbolic time: 0.857	0.858	0 ms
Numeric time: 0.543	0.543	0 ms
Symbolic time: 0.859	0.859	0 ms
Numeric time: 0.538	0.538	0 ms
Symbolic time: 0.857	0.857	0 ms
Numeric time: 0.545	0.546	0 ms
Symbolic time: 0.854	0.853	0 ms
Numeric time: 0.541	0.541	0 ms
Symbolic time: 0.86	0.861	0 ms
Numeric time: 0.535	0.535	0 ms
Symbolic time: 0.853	0.852	0 ms
Numeric time: 0.54	0.54	0 ms
Symbolic time: 0.859	0.859	0 ms
Numeric time: 0.535	0.535	0 ms
Symbolic time: 0.853	0.854	0 ms
Numeric time: 0.537	0.537	0 ms
Symbolic time: 0.858	0.858	0 ms
Numeric time: 0.536	0.535	0 ms
Symbolic time: 0.858	0.857	0 ms
Numeric time: 0.54	0	0.54 ms
Symbolic time: 0.857	0.501	0.356 ms
Numeric time: 0.538	0.506	0.032 ms
Symbolic time: 0.86	0.859	0 ms
Numeric time: 0.54	0.539	0 ms
Symbolic time: 0.864	0.863	0 ms
Numeric time: 0.542	0.542	0 ms
Symbolic time: 0.857	0.857	0 ms
Numeric time: 0.545	0.546	0 ms
Symbolic time: 0.857	0.858	0 ms
Numeric time: 0.539	0.539	0 ms
Symbolic time: 0.858	0.858	0 ms
Numeric time: 0.544	0	0.544 ms
Symbolic time: 0.851	0.438	0.413 ms
Numeric time: 0.544	0.545	0 ms
Symbolic time: 0.858	0.858	0 ms
Numeric time: 0.539	0.538	0 ms
Symbolic time: 0.854	0.854	0 ms
Numeric time: 0.541	0.542	0 ms
Symbolic time: 0.859	0.859	0 ms
Numeric time: 0.539	0.54	0 ms
Symbolic time: 0.859	0.858	0 ms
Numeric time: 0.542	0.542	0 ms
Symbolic time: 0.854	0.854	0 ms
Numeric time: 0.539	0.539	0 ms
Symbolic time: 0.859	0.859	0 ms
Numeric time: 0.544	0.544	0 ms
Symbolic time: 0.858	0.857	0 ms
Numeric time: 0.542	0.542	0 ms
Symbolic time: 0.86	0.861	0 ms
Numeric time: 0.542	0.542	0 ms
Symbolic time: 0.855	0.855	0 ms
Numeric time: 0.537	0.538	0 ms
Symbolic time: 0.856	0.856	0 ms
Numeric time: 0.542	0.543	0 ms
Symbolic time: 0.854	0.854	0 ms
Numeric time: 0.539	0.539	0 ms
Symbolic time: 0.856	0.856	0 ms
Numeric time: 0.539	0.539	0 ms
Symbolic time: 0.869	0.869	0 ms
Numeric time: 0.546	0.546	0 ms
Symbolic time: 0.86	0.86	0 ms
Numeric time: 0.545	0	0.545 ms
Symbolic time: 0.851	0.453	0.398 ms
Numeric time: 0.543	0.544	0 ms
Symbolic time: 0.857	0.857	0 ms
Numeric time: 0.537	0.537	0 ms
Symbolic time: 0.852	0.852	0 ms
Numeric time: 0.543	0.543	0 ms
Symbolic time: 0.859	0.859	0 ms
Numeric time: 0.537	0.537	0 ms
Symbolic time: 0.856	0.856	0 ms
Numeric time: 0.541	0.541	0 ms
Symbolic time: 0.859	0.859	0 ms
Numeric time: 0.54	0.54	0 ms
Symbolic time: 0.855	0.855	0 ms
Numeric time: 0.54	0.54	0 ms
Symbolic time: 0.853	0.853	0 ms
Numeric time: 0.537	0.537	0 ms
Symbolic time: 0.861	0.861	0 ms
Numeric time: 0.543	0.543	0 ms
Symbolic time: 0.855	0.855	0 ms
Numeric time: 0.537	0.537	0 ms
Symbolic time: 0.857	0.857	0 ms
Numeric time: 0.542	0	0.543 ms
Symbolic time: 0.853	0.504	0.35 ms
Numeric time: 0.536	0.505	0.032 ms
Symbolic time: 0.855	0.855	0 ms
Numeric time: 0.546	0.545	0 ms
Symbolic time: 0.852	0.833	0.019 ms
Numeric time: 0.543	0.543	0 ms
Symbolic time: 0.857	0.858	0 ms
Numeric time: 0.54	0.54	0.001 ms
Symbolic time: 0.86	0.86	0 ms
Numeric time: 0.55	0.55	0 ms
Symbolic time: 0.856	0.857	0 ms
Numeric time: 0.538	0.539	0 ms
Symbolic time: 0.855	0.854	0 ms
Numeric time: 0.549	0.55	0 ms
Symbolic time: 0.858	0.858	0 ms
Numeric time: 0.537	0.537	0 ms
Symbolic time: 0.859	0.859	0 ms
Numeric time: 0.542	0.542	0 ms
Symbolic time: 0.858	0.857	0 ms
Numeric time: 0.539	0.538	0 ms
Symbolic time: 0.859	0.859	0 ms
Numeric time: 0.544	0.544	0 ms
Symbolic time: 0.853	0.853	0 ms
Numeric time: 0.541	0.541	0 ms
Symbolic time: 0.857	0.858	0 ms
Numeric time: 0.544	0.544	0 ms
Symbolic time: 0.856	0.856	0 ms
Numeric time: 0.536	0.536	0 ms
Symbolic time: 0.857	0.857	0 ms
Numeric time: 0.541	0.541	0 ms
Symbolic time: 0.857	0.857	0 ms
Numeric time: 0.537	0.537	0 ms
Symbolic time: 0.858	0.858	0 ms
Numeric time: 0.542	0.543	0 ms
Symbolic time: 0.852	0.852	0 ms
Numeric time: 0.539	0.539	0 ms
Symbolic time: 0.857	0.858	0 ms
Numeric time: 0.537	0.537	0 ms
Symbolic time: 0.855	0	0.856 ms
Numeric time: 0.544	0.503	0.042 ms
Symbolic time: 0.858	0.858	0 ms
Numeric time: 0.539	0.515	0.024 ms
Symbolic time: 0.865	0.864	0 ms
Numeric time: 0.55	0.55	0 ms
Symbolic time: 0.86	0.86	0 ms
Numeric time: 0.538	0.537	0 ms
Symbolic time: 0.856	0.857	0 ms
Numeric time: 0.544	0.544	0 ms
Symbolic time: 0.856	0.856	0 ms
Numeric time: 0.538	0.537	0 ms
Symbolic time: 0.859	0.859	0 ms
Numeric time: 0.542	0	0.542 ms
Symbolic time: 0.859	0.503	0.356 ms
Numeric time: 0.541	0.509	0.032 ms
Symbolic time: 0.855	0.855	0 ms
Numeric time: 0.544	0.544	0 ms
Symbolic time: 0.857	0.856	0 ms
Numeric time: 0.54	0.542	0 ms
Symbolic time: 0.86	0.86	0 ms
Numeric time: 0.545	0.544	0 ms
Symbolic time: 0.899	0.9	0 ms
Numeric time: 0.547	0.548	0 ms
Symbolic time: 0.859	0.86	0 ms
Numeric time: 0.542	0.542	0 ms
Symbolic time: 0.851	0.838	0.014 ms
Numeric time: 0.543	0.543	0 ms
Symbolic time: 0.856	0.855	0 ms
Numeric time: 0.54	0.54	0 ms
Symbolic time: 0.851	0	0.851 ms
Numeric time: 0.545	0.499	0.046 ms
Symbolic time: 0.856	0.856	0 ms
Numeric time: 0.535	0.511	0.024 ms
Symbolic time: 0.857	0.856	0 ms
Numeric time: 0.545	0.544	0 ms
Symbolic time: 0.857	0.857	0 ms
Numeric time: 0.539	0.54	0 ms
Symbolic time: 0.867	0.867	0 ms
Numeric time: 0.547	0.546	0 ms
Symbolic time: 0.858	0.857	0 ms
Numeric time: 0.539	0.54	0 ms
Symbolic time: 0.853	0.853	0 ms
Numeric time: 0.545	0.546	0 ms
Symbolic time: 0.852	0.852	0 ms
Numeric time: 0.537	0.537	0 ms
Symbolic time: 0.859	0.859	0 ms
Numeric time: 0.543	0.542	0 ms
Symbolic time: 0.856	0.856	0 ms
Numeric time: 0.538	0.539	0 ms
Symbolic time: 0.857	0.858	0 ms
Numeric time: 0.544	0.545	0 ms
Symbolic time: 0.853	0.853	0 ms
Numeric time: 0.539	0.539	0 ms
Symbolic time: 0.859	0.859	0 ms
Numeric time: 0.542	0.542	0 ms
Symbolic time: 0.852	0.852	0 ms
Numeric time: 0.542	0.543	0 ms
Symbolic time: 0.855	0.856	0 ms
Numeric time: 0.536	0.536	0 ms
Symbolic time: 0.854	0.853	0 ms
Numeric time: 0.542	0	0.543 ms
Symbolic time: 0.854	0.489	0.365 ms
Numeric time: 0.54	0.508	0.032 ms
Symbolic time: 0.855	0.854	0 ms
Numeric time: 0.545	0.546	0 ms
Symbolic time: 0.858	0.858	0 ms
Numeric time: 0.536	0.537	0 ms
Symbolic time: 0.859	0.858	0 ms
Numeric time: 0.544	0.544	0 ms
Symbolic time: 0.859	0.859	0 ms
Numeric time: 0.537	0.538	0 ms
Symbolic time: 0.857	0.857	0 ms
Numeric time: 0.553	0.553	0 ms
Symbolic time: 0.858	0.857	0 ms
Numeric time: 0.538	0.538	0 ms
Symbolic time: 0.857	0.856	0 ms
Numeric time: 0.544	0.544	0 ms
Symbolic time: 0.862	0.863	0 ms
Numeric time: 0.537	0.537	0 ms
Symbolic time: 0.857	0.856	0 ms
Numeric time: 0.544	0.545	0 ms
Symbolic time: 0.85	0.847	0.003 ms
Numeric time: 0.541	0.542	0 ms
Symbolic time: 0.858	0.859	0 ms
Numeric time: 0.538	0.538	0.001 ms
Symbolic time: 0.855	0	0.854 ms
Numeric time: 0.542	0.503	0.04 ms
Symbolic time: 0.857	0.856	0 ms
Numeric time: 0.536	0.513	0.024 ms
Symbolic time: 0.85	0.85	0 ms
Numeric time: 0.545	0.544	0 ms
Symbolic time: 0.853	0.853	0 ms
Numeric time: 0.539	0.538	0 ms
Symbolic time: 0.858	0.858	0 ms
Numeric time: 0.54	0.539	0 ms
Symbolic time: 0.857	0.857	0 ms
Numeric time: 0.538	0.537	0 ms
Symbolic time: 0.854	0.855	0 ms
Numeric time: 0.543	0	0.543 ms
Symbolic time: 0.857	0.504	0.352 ms
Numeric time: 0.538	0.506	0.032 ms
Symbolic time: 0.857	0.857	0 ms
Numeric time: 0.542	0.542	0 ms
Symbolic time: 0.855	0.855	0 ms
Numeric time: 0.54	0.54	0 ms
Symbolic time: 0.854	0.854	0 ms
Numeric time: 0.551	0.552	0 ms
Symbolic time: 0.852	0.839	0.014 ms
Numeric time: 0.541	0.541	0 ms
Symbolic time: 0.855	0.855	0 ms
Numeric time: 0.537	0.538	0 ms
Symbolic time: 0.852	0.852	0 ms
Numeric time: 0.543	0.543	0 ms
Symbolic time: 0.856	0.856	0 ms
Numeric time: 0.538	0.538	0 ms
Symbolic time: 0.858	0.858	0 ms
Numeric time: 0.543	0.543	0 ms
Symbolic time: 0.857	0.857	0 ms
Numeric time: 0.538	0.537	0 ms
Symbolic time: 0.856	0.857	0 ms
Numeric time: 0.543	0.543	0 ms
Symbolic time: 0.857	0.857	0 ms
Numeric time: 0.536	0.536	0 ms
Symbolic time: 0.856	0.856	0 ms
Numeric time: 0.542	0.542	0 ms
Symbolic time: 0.857	0.857	0 ms
Numeric time: 0.538	0.538	0 ms
Symbolic time: 0.854	0.854	0 ms
Numeric time: 0.543	0.543	0 ms
Symbolic time: 0.857	0.857	0 ms
Numeric time: 0.537	0.537	0 ms
Symbolic time: 0.857	0.857	0 ms
Numeric time: 0.542	0.542	0 ms
Symbolic time: 0.849	0.85	0 ms
Numeric time: 0.539	0.539	0 ms
Symbolic time: 0.858	0.858	0 ms
Numeric time: 0.537	0.537	0 ms
Symbolic time: 0.852	0.852	0 ms
Numeric time: 0.544	0.544	0 ms
Symbolic time: 0.859	0.859	0 ms
Numeric time: 0.549	0.549	0 ms
Symbolic time: 0.856	0.856	0 ms
Numeric time: 0.545	0.545	0 ms
Symbolic time: 0.861	0.861	0 ms
Numeric time: 0.537	0.537	0 ms
Symbolic time: 0.855	0.855	0 ms
Numeric time: 0.542	0.543	0 ms
Symbolic time: 0.86	0.86	0 ms
Numeric time: 0.538	0.538	0 ms
Symbolic time: 0.857	0.857	0 ms
Numeric time: 0.541	0	0.541 ms
Symbolic time: 0.856	0.499	0.356 ms
Numeric time: 0.539	0.509	0.031 ms
Symbolic time: 0.855	0.855	0 ms
Numeric time: 0.54	0.539	0 ms
Symbolic time: 0.858	0.857	0 ms
Numeric time: 0.539	0.54	0 ms
Symbolic time: 0.859	0.86	0 ms
Numeric time: 0.539	0.539	0 ms
Symbolic time: 0.849	0.837	0.014 ms
Numeric time: 0.547	0.547	0 ms
Symbolic time: 0.86	0.861	0 ms
Numeric time: 0.539	0.538	0.001 ms
Symbolic time: 0.854	0.854	0 ms
Numeric time: 0.542	0.542	0 ms
Symbolic time: 0.86	0.86	0 ms
Numeric time: 0.537	0.537	0 ms
Symbolic time: 0.859	0.858	0 ms
Numeric time: 0.544	0.544	0 ms
Symbolic time: 0.852	0.853	0 ms
Numeric time: 0.564	0.564	0 ms
Symbolic time: 0.907	0.908	0 ms
Numeric time: 0.604	0.605	0 ms
Symbolic time: 0.858	0.858	0 ms
Numeric time: 0.548	0.549	0 ms
Symbolic time: 0.853	0.853	0 ms
Numeric time: 0.545	0.545	0 ms
Symbolic time: 0.856	0.856	0 ms
Numeric time: 0.538	0.538	0 ms
Symbolic time: 0.85	0.851	0 ms
Numeric time: 0.542	0.542	0 ms
Symbolic time: 0.859	0.86	0 ms
Numeric time: 0.539	0.539	0 ms
Symbolic time: 0.857	0.858	0 ms
Numeric time: 0.54	0.54	0 ms
Symbolic time: 0.86	0.86	0 ms
Numeric time: 0.539	0.539	0 ms
Symbolic time: 0.856	0.856	0 ms
Numeric time: 0.543	0.543	0 ms
Symbolic time: 0.856	0.856	0 ms
Numeric time: 0.538	0.538	0 ms
Symbolic time: 0.857	0.858	0 ms
Numeric time: 0.542	0.542	0 ms
Symbolic time: 0.851	0.852	0 ms
Numeric time: 0.539	0.538	0 ms
Symbolic time: 0.857	0.858	0 ms
Numeric time: 0.538	0.538	0 ms
Symbolic time: 0.853	0.853	0 ms
Numeric time: 0.54	0.541	0 ms
Symbolic time: 0.857	0.857	0 ms
Numeric time: 0.539	0.538	0 ms
Symbolic time: 0.856	0.855	0 ms
Numeric time: 0.544	0.543	0 ms
Symbolic time: 0.855	0.855	0 ms
Numeric time: 0.538	0.539	0 ms
Symbolic time: 0.86	0.859	0 ms
Numeric time: 0.542	0.541	0 ms
Symbolic time: 0.858	0.858	0 ms
Numeric time: 0.536	0.536	0 ms
Symbolic time: 0.862	0.862	0 ms
Numeric time: 0.553	0.552	0 ms
Symbolic time: 0.859	0.859	0 ms
Numeric time: 0.541	0.541	0 ms
Symbolic time: 0.855	0.855	0 ms
Numeric time: 0.545	0.545	0 ms
Symbolic time: 0.86	0.86	0 ms
Numeric time: 0.537	0.538	0 ms
Symbolic time: 0.857	0.856	0 ms
Numeric time: 0.543	0.542	0 ms
Symbolic time: 0.858	0.857	0 ms
Numeric time: 0.536	0.535	0 ms
Symbolic time: 0.859	0.859	0 ms
Numeric time: 0.542	0.541	0 ms
Symbolic time: 0.858	0.858	0 ms
Numeric time: 0.537	0.537	0 ms
Symbolic time: 0.86	0.86	0 ms
Numeric time: 0.54	0.541	0 ms
Symbolic time: 0.853	0.852	0 ms
Numeric time: 0.541	0.541	0 ms
Symbolic time: 0.86	0.86	0 ms
Numeric time: 0.537	0.537	0 ms
Symbolic time: 0.856	0.856	0 ms
Numeric time: 0.544	0.544	0 ms
Symbolic time: 0.858	0.857	0 ms
Numeric time: 0.538	0.538	0 ms
Symbolic time: 0.856	0.855	0 ms
Numeric time: 0.542	0.542	0 ms
Symbolic time: 0.854	0.854	0 ms
Numeric time: 0.536	0.536	0 ms
Symbolic time: 0.855	0.855	0 ms
Numeric time: 0.547	0.547	0 ms
Symbolic time: 0.867	0.866	0 ms
Numeric time: 0.538	0.538	0 ms
Symbolic time: 0.868	0.868	0 ms
Numeric time: 0.548	0.548	0 ms
Symbolic time: 0.859	0.859	0 ms
Numeric time: 0.538	0.539	0 ms
Symbolic time: 0.858	0.858	0 ms
Numeric time: 0.544	0.545	0 ms
Symbolic time: 0.853	0.853	0 ms
Numeric time: 0.537	0.538	0 ms
Symbolic time: 0.86	0.859	0 ms
Numeric time: 0.544	0.544	0 ms
Symbolic time: 0.852	0.851	0 ms
Numeric time: 0.541	0.541	0 ms
Symbolic time: 0.856	0.856	0 ms
Numeric time: 0.537	0.537	0 ms
Symbolic time: 0.954	0.955	0 ms
Numeric time: 0.553	0.553	0 ms
Symbolic time: 0.941	0.941	0 ms
Numeric time: 0.561	0	0.561 ms
Symbolic time: 0.856	0.525	0.331 ms
Numeric time: 0.542	0.514	0.028 ms
Symbolic time: 0.856	0.857	0 ms
Numeric time: 0.54	0.541	0 ms
Symbolic time: 0.852	0.835	0.016 ms
Numeric time: 0.542	0.542	0 ms
Symbolic time: 0.858	0.859	0 ms
Numeric time: 0.544	0.544	0 ms
Symbolic time: 0.852	0.853	0 ms
Numeric time: 0.544	0.545	0 ms
Symbolic time: 0.856	0.856	0 ms
Numeric time: 0.542	0.541	0 ms
Symbolic time: 0.856	0.857	0 ms
Numeric time: 0.545	0	0.544 ms
Symbolic time: 0.858	0.492	0.366 ms
Numeric time: 0.538	0.51	0.028 ms
Symbolic time: 0.883	0.883	0 ms
Numeric time: 0.554	0	0.555 ms
Symbolic time: 0.854	0.498	0.357 ms
Numeric time: 0.536	0.507	0.029 ms
Symbolic time: 0.859	0.858	0 ms
Numeric time: 0.542	0.542	0 ms
Symbolic time: 0.853	0.853	0 ms
Numeric time: 0.537	0.536	0 ms
Symbolic time: 0.859	0.859	0 ms
Numeric time: 0.543	0	0.543 ms
Symbolic time: 0.856	0.494	0.363 ms
Numeric time: 0.537	0.507	0.03 ms
Symbolic time: 0.86	0.86	0 ms
Numeric time: 0.546	0.546	0 ms
Symbolic time: 0.859	0.858	0 ms
Numeric time: 0.542	0.541	0 ms
Symbolic time: 0.859	0.859	0 ms
Numeric time: 0.544	0.543	0 ms
Symbolic time: 0.854	0.84	0.014 ms
Numeric time: 0.539	0.538	0 ms
Symbolic time: 0.858	0.857	0 ms
Numeric time: 0.537	0.536	0 ms
Symbolic time: 0.854	0.854	0 ms
Numeric time: 0.544	0.545	0 ms
Symbolic time: 0.858	0.858	0 ms
Numeric time: 0.536	0.536	0 ms
Symbolic time: 0.857	0.857	0 ms
Numeric time: 0.547	0.547	0 ms
Symbolic time: 0.857	0.858	0 ms
Numeric time: 0.537	0.536	0 ms
Symbolic time: 0.858	0.858	0 ms
Numeric time: 0.544	0.544	0 ms
Symbolic time: 0.856	0.857	0 ms
Numeric time: 0.537	0.536	0 ms
Symbolic time: 0.865	0.864	0 ms
Numeric time: 0.55	0.551	0 ms
Symbolic time: 0.859	0.858	0 ms
Numeric time: 0.537	0.537	0 ms
Symbolic time: 0.858	0.859	0 ms
Numeric time: 0.544	0	0.544 ms
Symbolic time: 0.854	0.504	0.351 ms
Numeric time: 0.536	0.506	0.029 ms
Symbolic time: 0.858	0.859	0 ms
Numeric time: 0.543	0.543	0 ms
Symbolic time: 0.858	0.859	0 ms
Numeric time: 0.536	0.537	0 ms
Symbolic time: 0.856	0.857	0 ms
Numeric time: 0.542	0.542	0 ms
Symbolic time: 0.854	0.84	0.013 ms
Numeric time: 0.541	0.541	0 ms
Symbolic time: 0.855	0.855	0 ms
Numeric time: 0.538	0.538	0 ms
Symbolic time: 0.851	0	0.852 ms
Numeric time: 0.543	0.494	0.049 ms
Symbolic time: 0.856	0.856	0 ms
Numeric time: 0.537	0.514	0.023 ms
Symbolic time: 0.858	0.859	0 ms
Numeric time: 0.546	0.546	0 ms
Symbolic time: 0.855	0.855	0 ms
Numeric time: 0.535	0.535	0 ms
Symbolic time: 0.856	0.856	0 ms
Numeric time: 0.542	0	0.541 ms
Symbolic time: 0.858	0.495	0.362 ms
Numeric time: 0.54	0.51	0.03 ms
Symbolic time: 0.858	0.858	0 ms
Numeric time: 0.541	0.541	0 ms
Symbolic time: 0.855	0.855	0 ms
Numeric time: 0.54	0.54	0 ms
Symbolic time: 0.864	0.864	0 ms
Numeric time: 0.546	0.546	0 ms
Symbolic time: 0.855	0.855	0 ms
Numeric time: 0.537	0.538	0 ms
Symbolic time: 0.855	0.856	0 ms
Numeric time: 0.55	0	0.55 ms
Symbolic time: 0.852	0.446	0.405 ms
Numeric time: 0.546	0.545	0 ms
Symbolic time: 0.855	0.855	0 ms
Numeric time: 0.537	0.536	0 ms
Symbolic time: 0.851	0.851	0 ms
Numeric time: 0.541	0.541	0 ms
Symbolic time: 0.853	0.852	0 ms
Numeric time: 0.536	0.536	0 ms
Symbolic time: 0.858	0.859	0 ms
Numeric time: 0.54	0.541	0 ms
Symbolic time: 0.855	0.855	0 ms
Numeric time: 0.537	0.537	0 ms
Symbolic time: 0.856	0.856	0 ms
Numeric time: 0.542	0.543	0 ms
Symbolic time: 0.857	0.857	0 ms
Numeric time: 0.536	0.536	0 ms
Symbolic time: 0.856	0.857	0 ms
Numeric time: 0.543	0.544	0 ms
Symbolic time: 0.86	0.859	0 ms
Numeric time: 0.537	0.538	0 ms
Symbolic time: 0.856	0.856	0 ms
Numeric time: 0.542	0.542	0 ms
Symbolic time: 0.857	0.857	0 ms
Numeric time: 0.539	0.539	0 ms
Symbolic time: 0.856	0.855	0 ms
Numeric time: 0.542	0.542	0 ms
Symbolic time: 0.851	0.851	0 ms
Numeric time: 0.544	0.545	0 ms
Symbolic time: 0.863	0.863	0 ms
Numeric time: 0.543	0.543	0 ms
Symbolic time: 0.853	0.852	0 ms
Numeric time: 0.541	0.542	0 ms
Symbolic time: 0.856	0.856	0 ms
Numeric time: 0.538	0.539	0 ms
Symbolic time: 0.855	0.855	0 ms
Numeric time: 0.542	0.543	0 ms
Symbolic time: 0.858	0.858	0 ms
Numeric time: 0.54	0.54	0 ms
Symbolic time: 0.859	0.858	0 ms
Numeric time: 0.544	0.544	0 ms
Symbolic time: 0.859	0.858	0 ms
Numeric time: 0.54	0.539	0 ms
Symbolic time: 0.858	0.859	0 ms
Numeric time: 0.542	0.542	0 ms
Symbolic time: 0.855	0.856	0 ms
Numeric time: 0.632	0.632	0 ms
Symbolic time: 1.055	1.055	0 ms
Numeric time: 0.558	0.559	0 ms
Symbolic time: 0.929	0.93	0 ms
Numeric time: 0.556	0.555	0 ms
Symbolic time: 0.854	0.855	0 ms
Numeric time: 0.544	0.544	0 ms
Symbolic time: 0.86	0.861	0 ms
Numeric time: 0.543	0.544	0 ms
Symbolic time: 0.853	0.853	0 ms
Numeric time: 0.544	0.544	0 ms
Symbolic time: 0.856	0.856	0 ms
Numeric time: 0.551	0.551	0 ms
Symbolic time: 0.858	0.858	0 ms
Numeric time: 0.54	0.54	0 ms
Symbolic time: 0.857	0.858	0 ms
Numeric time: 0.541	0.541	0 ms
Symbolic time: 0.869	0.869	0 ms
Numeric time: 0.545	0.546	0 ms
Symbolic time: 0.856	0.857	0 ms
Numeric time: 0.538	0.538	0 ms
Symbolic time: 0.858	0.858	0 ms
Numeric time: 0.541	0.541	0 ms
Symbolic time: 0.856	0.855	0 ms
Numeric time: 0.541	0.541	0 ms
Symbolic time: 0.86	0.86	0 ms
Numeric time: 0.541	0.541	0 ms
Symbolic time: 0.853	0.853	0 ms
Numeric time: 0.537	0.537	0 ms
Symbolic time: 0.86	0.86	0 ms
Numeric time: 0.542	0.542	0 ms
Symbolic time: 0.858	0.857	0 ms
Numeric time: 0.539	0.539	0 ms
Symbolic time: 0.869	0.868	0 ms
Numeric time: 0.546	0.545	0 ms
Symbolic time: 0.852	0.853	0 ms
Numeric time: 0.543	0.543	0 ms
Symbolic time: 0.858	0.858	0 ms
Numeric time: 0.537	0.537	0 ms
Symbolic time: 0.852	0.852	0 ms
Numeric time: 0.543	0.543	0 ms
Symbolic time: 0.856	0.856	0 ms
Numeric time: 0.537	0.536	0 ms
Symbolic time: 0.856	0.856	0 ms
Numeric time: 0.544	0.544	0 ms
Symbolic time: 0.856	0.856	0 ms
Numeric time: 0.536	0.536	0 ms
Symbolic time: 0.852	0.852	0 ms
Numeric time: 0.543	0.543	0 ms
Symbolic time: 0.861	0.86	0 ms
Numeric time: 0.537	0.537	0 ms
Symbolic time: 0.863	0.864	0 ms
Numeric time: 0.548	0.548	0 ms
Symbolic time: 0.86	0.86	0 ms
Numeric time: 0.54	0.541	0 ms
Symbolic time: 0.853	0.854	0 ms
Numeric time: 0.541	0.542	0 ms
Symbolic time: 0.857	0.857	0 ms
Numeric time: 0.534	0.534	0 ms
Symbolic time: 0.86	0.86	0 ms
Numeric time: 0.543	0.543	0 ms
Symbolic time: 0.848	0.847	0 ms
Numeric time: 0.544	0.545	0 ms
Symbolic time: 0.856	0.855	0 ms
Numeric time: 0.541	0.543	0 ms
Symbolic time: 0.854	0.854	0 ms
Numeric time: 0.542	0.542	0 ms
Symbolic time: 0.857	0.856	0 ms
Numeric time: 0.538	0.539	0 ms
Symbolic time: 0.857	0.857	0 ms
Numeric time: 0.544	0.544	0 ms
Symbolic time: 0.861	0.861	0 ms
Numeric time: 0.537	0.536	0 ms
Symbolic time: 0.854	0.853	0 ms
Numeric time: 0.542	0.543	0 ms
Symbolic time: 0.854	0.855	0 ms
Numeric time: 0.535	0.536	0 ms
Symbolic time: 0.859	0.86	0 ms
Numeric time: 0.542	0.542	0 ms
Symbolic time: 0.865	0.864	0 ms
Numeric time: 0.541	0.541	0 ms
Symbolic time: 0.854	0.855	0 ms
Numeric time: 0.542	0.542	0 ms
Symbolic time: 0.855	0.855	0 ms
Numeric time: 0.538	0.539	0 ms
Symbolic time: 0.862	0.863	0 ms
Numeric time: 0.554	0.554	0 ms
Symbolic time: 0.854	0.854	0 ms
Numeric time: 0.537	0.537	0 ms
Symbolic time: 0.862	0.862	0 ms
Numeric time: 0.54	0.539	0 ms
Symbolic time: 0.854	0.854	0 ms
Numeric time: 0.546	0.545	0 ms
Symbolic time: 1.186	1.187	0 ms
Numeric time: 0.756	0.755	0 ms
Symbolic time: 1.113	1.114	0 ms
Numeric time: 0.762	0.762	0 ms
Symbolic time: 1.13	1.131	0 ms
Numeric time: 0.758	0.759	0 ms
Symbolic time: 1.135	1.135	0 ms
Numeric time: 0.761	0.761	0 ms
Symbolic time: 1.132	1.132	0 ms
Numeric time: 0.758	0.759	0 ms
Symbolic time: 1.126	1.126	0 ms
Numeric time: 0.761	0.761	0 ms
Symbolic time: 1.129	1.128	0 ms
Numeric time: 0.76	0.759	0 ms
Symbolic time: 1.131	1.132	0 ms
Numeric time: 0.761	0.761	0 ms
Symbolic time: 1.133	1.133	0 ms
Numeric time: 0.761	0.761	0 ms
Symbolic time: 1.133	1.134	0 ms
Numeric time: 0.759	0.76	0 ms
Symbolic time: 1.188	1.188	0 ms
Numeric time: 0.841	0.841	0 ms
Symbolic time: 1.267	1.268	0 ms
Numeric time: 0.825	0.825	0 ms
Symbolic time: 1.271	1.271	0 ms
Numeric time: 0.826	0.826	0 ms
Symbolic time: 1.267	1.267	0 ms
Numeric time: 0.829	0.829	0 ms
Symbolic time: 1.27	1.271	0 ms
Numeric time: 0.831	0	0.831 ms
Symbolic time: 1.266	1.195	0.071 ms
Numeric time: 0.831	0.831	0 ms
Symbolic time: 1.268	1.259	0.009 ms
Numeric time: 0.825	0.825	0 ms
Symbolic time: 1.266	1.266	0 ms
Numeric time: 0.821	0.821	0 ms
Symbolic time: 1.275	1.275	0 ms
Numeric time: 0.83	0.829	0 ms
Symbolic time: 1.281	1.271	0 ms
Numeric time: 0.826	0.826	0 ms
Symbolic time: 1.264	1.264	0 ms
Numeric time: 0.829	0.83	0 ms
Symbolic time: 1.264	1.264	0 ms
Numeric time: 0.83	0.83	0 ms
Symbolic time: 1.27	1.271	0 ms
Numeric time: 0.822	0.822	0 ms
Symbolic time: 1.276	1.275	0 ms
Numeric time: 0.828	0.828	0 ms
Symbolic time: 1.274	1.274	0 ms
Numeric time: 0.828	0.829	0 ms
Symbolic time: 1.265	1.265	0 ms
Numeric time: 0.824	0.825	0 ms
Symbolic time: 1.267	1.266	0 ms
Numeric time: 0.828	0.828	0 ms
Symbolic time: 1.266	1.266	0 ms
Numeric time: 0.823	0	0.823 ms
Symbolic time: 1.27	1.23	0.041 ms
Numeric time: 0.829	0.829	0 ms
Symbolic time: 1.266	1.257	0.009 ms
Numeric time: 0.828	0.828	0 ms
Symbolic time: 1.268	1.259	0.008 ms
Numeric time: 0.823	0.824	0 ms
Symbolic time: 0.856	0.857	0 ms
Numeric time: 0.542	0.527	0.015 ms
Symbolic time: 0.86	0.86	0 ms
Numeric time: 0.544	0.544	0 ms
Symbolic time: 0.857	0.857	0 ms
Numeric time: 0.539	0.539	0 ms
Symbolic time: 0.877	0.877	0 ms
Numeric time: 0.573	0.574	0 ms
Symbolic time: 0.878	0.878	0 ms
Numeric time: 0.552	0.552	0 ms
Symbolic time: 0.856	0.856	0 ms
Numeric time: 0.542	0.542	0 ms
Symbolic time: 0.856	0.856	0 ms
Numeric time: 0.538	0.538	0 ms
Symbolic time: 0.858	0.858	0 ms
Numeric time: 0.541	0.541	0 ms
Symbolic time: 0.86	0.86	0 ms
Numeric time: 0.537	0.537	0 ms
Symbolic time: 0.856	0.856	0 ms
Numeric time: 0.542	0.543	0 ms
Symbolic time: 0.855	0.855	0 ms
Numeric time: 0.538	0.538	0 ms
Symbolic time: 0.855	0.855	0 ms
Numeric time: 0.543	0.543	0 ms
Symbolic time: 0.852	0.849	0.002 ms
Numeric time: 0.539	0	0.538 ms
Symbolic time: 0.853	0.487	0.366 ms
Numeric time: 0.536	0.509	0.027 ms
Symbolic time: 0.851	0.85	0 ms
Numeric time: 0.542	0.543	0 ms
Symbolic time: 0.86	0.859	0 ms
Numeric time: 0.537	0.537	0 ms
Symbolic time: 0.853	0.853	0 ms
Numeric time: 0.541	0	0.541 ms
Symbolic time: 0.852	0.483	0.369 ms
Numeric time: 0.537	0.51	0.027 ms
Symbolic time: 0.855	0.855	0 ms
Numeric time: 0.542	0.543	0 ms
Symbolic time: 0.86	0.859	0 ms
Numeric time: 0.539	0.538	0 ms
Symbolic time: 0.852	0.851	0 ms
Numeric time: 0.539	0.539	0 ms
Symbolic time: 0.86	0.861	0 ms
Numeric time: 0.536	0.536	0 ms
Symbolic time: 0.857	0.857	0 ms
Numeric time: 0.555	0.556	0 ms
Symbolic time: 0.867	0.867	0 ms
Numeric time: 0.538	0.538	0 ms
Symbolic time: 0.858	0.857	0 ms
Numeric time: 0.548	0.548	0 ms
Symbolic time: 0.857	0.858	0 ms
Numeric time: 0.539	0.538	0 ms
Symbolic time: 0.854	0.854	0 ms
Numeric time: 0.543	0.544	0 ms
Symbolic time: 0.851	0.85	0.003 ms
Numeric time: 0.547	0.547	0 ms
Symbolic time: 0.856	0.856	0 ms
Numeric time: 0.539	0.539	0.001 ms
Symbolic time: 0.852	0	0.851 ms
Numeric time: 0.542	0.49	0.052 ms
Symbolic time: 0.855	0.855	0 ms
Numeric time: 0.537	0.517	0.02 ms
Symbolic time: 0.858	0.858	0 ms
Numeric time: 0.542	0.543	0 ms
Symbolic time: 0.856	0.856	0 ms
Numeric time: 0.538	0.538	0 ms
Symbolic time: 0.86	0.859	0 ms
Numeric time: 0.543	0.544	0 ms
Symbolic time: 0.858	0.857	0 ms
Numeric time: 0.538	0.538	0 ms
Symbolic time: 0.859	0.859	0 ms
Numeric time: 0.542	0.542	0 ms
Symbolic time: 0.857	0.856	0 ms
Numeric time: 0.539	0.539	0 ms
Symbolic time: 0.857	0.857	0 ms
Numeric time: 0.54	0.54	0 ms
Symbolic time: 0.857	0.858	0 ms
Numeric time: 0.536	0.536	0 ms
Symbolic time: 0.858	0.859	0 ms
Numeric time: 0.541	0.541	0 ms
Symbolic time: 0.851	0.85	0.001 ms
Numeric time: 0.543	0.543	0 ms
Symbolic time: 0.859	0.858	0 ms
Numeric time: 0.538	0.537	0 ms
Symbolic time: 0.975	0.03	0.946 ms
Numeric time: 0.716	0	0.716 ms
Symbolic time: 1.055	0.879	0.176 ms
Numeric time: 0.763	0.763	0 ms
Symbolic time: 1.256	1.251	0.006 ms
Numeric time: 0.84	0	0.84 ms
Symbolic time: 1.281	1.276	0.006 ms
Numeric time: 0.845	0.846	0 ms
Symbolic time: 1.152	1.148	0.004 ms
Numeric time: 0.55	0.522	0.028 ms
Symbolic time: 0.861	0.861	0 ms
Numeric time: 0.549	0.549	0 ms
Symbolic time: 0.857	0.857	0 ms
Numeric time: 0.537	0.537	0 ms
Symbolic time: 0.857	0.857	0 ms
Numeric time: 0.545	0.545	0 ms
Symbolic time: 0.859	0.858	0 ms
Numeric time: 0.538	0.538	0 ms
Symbolic time: 0.86	0.86	0 ms
Numeric time: 0.549	0.55	0 ms
Symbolic time: 0.859	0.859	0 ms
Numeric time: 0.545	0.546	0 ms
Symbolic time: 0.857	0.857	0 ms
Numeric time: 0.547	0.547	0 ms
Symbolic time: 0.859	0.859	0 ms
Numeric time: 0.543	0.544	0 ms
Symbolic time: 0.86	0.86	0 ms
Numeric time: 0.566	0.566	0 ms
Symbolic time: 0.86	0.86	0 ms
Numeric time: 0.539	0.539	0 ms
Symbolic time: 0.857	0.857	0 ms
Numeric time: 0.544	0.544	0 ms
Symbolic time: 0.853	0.852	0.002 ms
Numeric time: 0.538	0	0.538 ms
Symbolic time: 0.858	0.493	0.365 ms
Numeric time: 0.544	0	0.544 ms
Symbolic time: 0.851	0.426	0.425 ms
Numeric time: 0.546	0.545	0 ms
Symbolic time: 0.857	0.857	0 ms
Numeric time: 0.538	0.537	0 ms
Symbolic time: 0.856	0.857	0 ms
Numeric time: 0.541	0.541	0 ms
Symbolic time: 0.86	0.859	0 ms
Numeric time: 0.537	0.537	0 ms
Symbolic time: 0.857	0.857	0 ms
Numeric time: 0.542	0.543	0 ms
Symbolic time: 0.855	0.855	0 ms
Numeric time: 0.54	0.54	0 ms
Symbolic time: 0.859	0.859	0 ms
Numeric time: 0.543	0.543	0 ms
Symbolic time: 0.858	0.858	0 ms
Numeric time: 0.539	0.538	0 ms
Symbolic time: 0.856	0.855	0 ms
Numeric time: 0.547	0.548	0 ms
Symbolic time: 0.855	0.855	0 ms
Numeric time: 0.538	0.538	0 ms
Symbolic time: 0.857	0.857	0 ms
Numeric time: 0.543	0.543	0 ms
Symbolic time: 0.858	0.858	0 ms
Numeric time: 0.539	0.539	0 ms
Symbolic time: 0.858	0.859	0 ms
Numeric time: 0.543	0.543	0 ms
Symbolic time: 0.851	0.851	0 ms
Numeric time: 0.544	0.544	0 ms
Symbolic time: 0.859	0.859	0 ms
Numeric time: 0.539	0.539	0 ms
Symbolic time: 0.853	0.853	0 ms
Numeric time: 0.543	0.544	0 ms
Symbolic time: 0.856	0.857	0 ms
Numeric time: 0.538	0.538	0 ms
Symbolic time: 0.856	0.856	0 ms
Numeric time: 0.541	0.54	0 ms
Symbolic time: 0.855	0.855	0 ms
Numeric time: 0.535	0.536	0 ms
Symbolic time: 0.857	0.857	0 ms
Numeric time: 0.543	0.543	0 ms
Symbolic time: 0.856	0.856	0 ms
Numeric time: 0.539	0.54	0 ms
Symbolic time: 0.859	0.859	0 ms
Numeric time: 0.541	0.541	0 ms
Symbolic time: 0.858	0.858	0 ms
Numeric time: 0.541	0.541	0 ms
Symbolic time: 0.858	0.858	0 ms
Numeric time: 0.543	0.543	0 ms
Symbolic time: 0.858	0.858	0 ms
Numeric time: 0.537	0.537	0 ms
Symbolic time: 0.859	0.859	0 ms
Numeric time: 0.543	0.543	0 ms
Symbolic time: 0.852	0.852	0 ms
Numeric time: 0.543	0.543	0 ms
Symbolic time: 0.857	0.856	0 ms
Numeric time: 0.538	0.537	0 ms
Symbolic time: 0.854	0.854	0 ms
Numeric time: 0.542	0.542	0 ms
Symbolic time: 0.858	0.857	0 ms
Numeric time: 0.54	0.54	0 ms
Symbolic time: 0.859	0.858	0 ms
Numeric time: 0.545	0	0.546 ms
Symbolic time: 0.858	0.496	0.363 ms
Numeric time: 0.535	0.509	0.028 ms
Symbolic time: 0.857	0.857	0 ms
Numeric time: 0.542	0.542	0 ms
Symbolic time: 0.856	0.856	0 ms
Numeric time: 0.537	0.536	0 ms
Symbolic time: 0.854	0.855	0 ms
Numeric time: 0.541	0	0.541 ms
Symbolic time: 0.859	0.494	0.366 ms
Numeric time: 0.536	0.509	0.028 ms
Symbolic time: 0.856	0.856	0 ms
Numeric time: 0.545	0.545	0 ms
Symbolic time: 0.864	0.864	0 ms
Numeric time: 0.535	0.536	0 ms
Symbolic time: 0.853	0.853	0 ms
Numeric time: 0.543	0	0.543 ms
Symbolic time: 0.855	0.445	0.41 ms
Numeric time: 0.537	0	0.537 ms
Symbolic time: 0.856	0.495	0.362 ms
Numeric time: 0.54	0.541	0 ms
Symbolic time: 0.849	0.825	0.023 ms
Numeric time: 0.543	0.543	0 ms
Symbolic time: 0.855	0.855	0 ms
Numeric time: 0.537	0.537	0 ms
Symbolic time: 0.858	0.858	0 ms
Numeric time: 0.541	0.541	0 ms
Symbolic time: 0.855	0.855	0 ms
Numeric time: 0.537	0.536	0 ms
Symbolic time: 0.857	0.857	0 ms
Numeric time: 0.543	0.542	0 ms
Symbolic time: 0.877	0.878	0 ms
Numeric time: 0.546	0.547	0 ms
Symbolic time: 0.858	0.857	0 ms
Numeric time: 0.539	0.54	0 ms
Symbolic time: 0.856	0.856	0 ms
Numeric time: 0.605	0.605	0 ms
Symbolic time: 0.877	0.876	0 ms
Numeric time: 0.609	0.609	0 ms
Symbolic time: 0.859	0.859	0 ms
Numeric time: 0.545	0.544	0 ms
Symbolic time: 0.861	0.86	0 ms
Numeric time: 0.541	0.542	0 ms
Symbolic time: 0.854	0.853	0 ms
Numeric time: 0.536	0.536	0 ms
Symbolic time: 0.919	0.919	0 ms
Numeric time: 0.561	0.56	0 ms
Symbolic time: 0.941	0.941	0 ms
Numeric time: 0.552	0.551	0 ms
Symbolic time: 0.859	0.859	0 ms
Numeric time: 0.543	0.543	0 ms
Symbolic time: 0.857	0.858	0 ms
Numeric time: 0.541	0.541	0 ms
Symbolic time: 0.857	0.857	0 ms
Numeric time: 0.548	0.548	0 ms
Symbolic time: 0.86	0.861	0 ms
Numeric time: 0.537	0.537	0 ms
Symbolic time: 0.857	0.856	0 ms
Numeric time: 0.542	0.543	0 ms
Symbolic time: 0.855	0.855	0 ms
Numeric time: 0.537	0.537	0 ms
Symbolic time: 0.858	0.857	0 ms
Numeric time: 0.543	0.543	0 ms
Symbolic time: 0.858	0.858	0 ms
Numeric time: 0.538	0.537	0 ms
Symbolic time: 0.856	0.856	0 ms
Numeric time: 0.542	0	0.543 ms
Symbolic time: 0.859	0.507	0.352 ms
Numeric time: 0.54	0.512	0.028 ms
Symbolic time: 0.884	0.884	0 ms
Numeric time: 0.552	0.552	0 ms
Symbolic time: 0.903	0.904	0 ms
Numeric time: 0.55	0.549	0 ms
Symbolic time: 0.868	0.867	0 ms
Numeric time: 0.564	0.564	0 ms
Symbolic time: 0.872	0.872	0 ms
Numeric time: 0.543	0.543	0 ms
Symbolic time: 0.865	0.865	0 ms
Numeric time: 0.55	0.55	0 ms
Symbolic time: 0.852	0.835	0.017 ms
Numeric time: 0.563	0.563	0 ms
Symbolic time: 0.863	0.862	0 ms
Numeric time: 0.55	0.55	0 ms
Symbolic time: 0.854	0.854	0 ms
Numeric time: 0.549	0.55	0 ms
Symbolic time: 0.871	0.871	0 ms
Numeric time: 0.538	0.538	0 ms
Symbolic time: 0.855	0.856	0 ms
Numeric time: 0.549	0	0.549 ms
Symbolic time: 0.86	0.498	0.363 ms
Numeric time: 0.539	0.511	0.029 ms
Symbolic time: 0.872	0.872	0 ms
Numeric time: 0.55	0.549	0 ms
Symbolic time: 0.861	0.861	0 ms
Numeric time: 0.539	0.539	0 ms
Symbolic time: 0.857	0.857	0 ms
Numeric time: 0.561	0.561	0 ms
Symbolic time: 0.861	0.861	0 ms
Numeric time: 0.538	0.538	0 ms
Symbolic time: 0.875	0.875	0 ms
Numeric time: 0.557	0.557	0 ms
Symbolic time: 0.88	0.88	0 ms
Numeric time: 0.544	0.544	0 ms
Symbolic time: 0.862	0.862	0 ms
Numeric time: 0.548	0.548	0 ms
Symbolic time: 0.863	0.863	0 ms
Numeric time: 0.538	0.538	0 ms
Symbolic time: 0.877	0.876	0 ms
Numeric time: 0.545	0	0.545 ms
Symbolic time: 0.86	0.502	0.357 ms
Numeric time: 0.541	0.513	0.028 ms
Symbolic time: 0.862	0.863	0 ms
Numeric time: 0.559	0.559	0 ms
Symbolic time: 0.858	0.859	0 ms
Numeric time: 0.535	0.535	0 ms
Symbolic time: 0.861	0.861	0 ms
Numeric time: 0.548	0.548	0 ms
Symbolic time: 0.868	0.869	0 ms
Numeric time: 0.539	0.54	0 ms
Symbolic time: 0.863	0.863	0 ms
Numeric time: 0.545	0.546	0 ms
Symbolic time: 0.859	0.858	0 ms
Numeric time: 0.55	0.551	0 ms
Symbolic time: 0.872	0.871	0 ms
Numeric time: 0.553	0.553	0 ms
Symbolic time: 0.853	0.842	0.011 ms
Numeric time: 0.546	0.546	0 ms
Symbolic time: 0.863	0.863	0 ms
Numeric time: 0.55	0.55	0 ms
Symbolic time: 0.851	0.852	0 ms
Numeric time: 0.547	0.548	0 ms
Symbolic time: 0.859	0.859	0 ms
Numeric time: 0.54	0.541	0 ms
Symbolic time: 0.853	0.853	0 ms
Numeric time: 0.554	0.554	0 ms
Symbolic time: 0.86	0.861	0 ms
Numeric time: 0.542	0.543	0 ms
Symbolic time: 0.858	0.857	0 ms
Numeric time: 0.55	0.549	0 ms
Symbolic time: 0.87	0.869	0 ms
Numeric time: 0.542	0.542	0 ms
Symbolic time: 0.856	0.855	0 ms
Numeric time: 0.546	0.546	0 ms
Symbolic time: 0.86	0.859	0 ms
Numeric time: 0.539	0.539	0 ms
Symbolic time: 0.855	0.855	0 ms
Numeric time: 0.546	0.546	0 ms
Symbolic time: 0.856	0.855	0 ms
Numeric time: 0.54	0.54	0 ms
Symbolic time: 0.858	0.858	0 ms
Numeric time: 0.541	0.542	0 ms
Symbolic time: 0.855	0.855	0 ms
Numeric time: 0.537	0.537	0 ms
Symbolic time: 0.86	0.86	0 ms
Numeric time: 0.542	0	0.543 ms
Symbolic time: 0.856	0.503	0.352 ms
Numeric time: 0.537	0.51	0.028 ms
Symbolic time: 0.859	0.859	0 ms
Numeric time: 0.54	0.54	0 ms
Symbolic time: 0.852	0.835	0.016 ms
Numeric time: 0.544	0.544	0 ms
Symbolic time: 0.858	0.858	0 ms
Numeric time: 0.537	0.537	0 ms
Symbolic time: 0.852	0.852	0 ms
Numeric time: 0.541	0.541	0 ms
Symbolic time: 0.859	0.859	0 ms
Numeric time: 0.536	0.536	0 ms
Symbolic time: 0.859	0.859	0 ms
Numeric time: 0.545	0.546	0 ms
Symbolic time: 0.86	0.86	0 ms
Numeric time: 0.536	0.537	0 ms
Symbolic time: 0.861	0.861	0 ms
Numeric time: 0.656	0.656	0 ms
Symbolic time: 0.993	0.993	0 ms
Numeric time: 0.581	0.582	0 ms
Symbolic time: 0.921	0.921	0 ms
Numeric time: 0.552	0.553	0 ms
Symbolic time: 0.859	0.858	0 ms
Numeric time: 0.542	0.542	0 ms
Symbolic time: 0.855	0.856	0 ms
Numeric time: 0.538	0.538	0 ms
Symbolic time: 0.858	0.859	0 ms
Numeric time: 0.545	0.545	0 ms
Symbolic time: 0.853	0.853	0 ms
Numeric time: 0.541	0.541	0 ms
Symbolic time: 0.858	0.858	0 ms
Numeric time: 0.538	0.537	0 ms
Symbolic time: 0.85	0.851	0 ms
Numeric time: 0.618	0.617	0 ms
Symbolic time: 0.86	0.861	0 ms
Numeric time: 0.539	0.539	0.001 ms
Symbolic time: 0.851	0	0.852 ms
Numeric time: 0.546	0.5	0.048 ms
Symbolic time: 0.859	0.86	0 ms
Numeric time: 0.537	0.517	0.021 ms
Symbolic time: 0.858	0.858	0 ms
Numeric time: 0.546	0.546	0 ms
Symbolic time: 0.86	0.86	0 ms
Numeric time: 0.539	0.539	0 ms
Symbolic time: 0.854	0.853	0 ms
Numeric time: 0.544	0.544	0 ms
Symbolic time: 0.855	0.854	0 ms
Numeric time: 0.537	0.538	0 ms
Symbolic time: 0.854	0.855	0 ms
Numeric time: 0.545	0.546	0 ms
Symbolic time: 0.855	0.855	0 ms
Numeric time: 0.538	0.538	0 ms
Symbolic time: 0.855	0.855	0 ms
Numeric time: 0.544	0.544	0 ms
Symbolic time: 0.856	0.856	0 ms
Numeric time: 0.54	0.54	0 ms
Symbolic time: 0.859	0.859	0 ms
Numeric time: 0.539	0.539	0 ms
Symbolic time: 0.859	0.859	0 ms
Numeric time: 0.537	0.537	0 ms
Symbolic time: 0.856	0.856	0 ms
Numeric time: 0.541	0.541	0 ms
Symbolic time: 0.852	0.852	0 ms
Numeric time: 0.541	0.541	0 ms
Symbolic time: 0.857	0.858	0 ms
Numeric time: 0.538	0.538	0 ms
Symbolic time: 0.852	0	0.852 ms
Numeric time: 0.541	0.435	0.106 ms
Symbolic time: 0.858	0.859	0 ms
Numeric time: 0.538	0.516	0.022 ms
Symbolic time: 0.856	0.856	0 ms
Numeric time: 0.541	0.541	0 ms
Symbolic time: 0.857	0.857	0 ms
Numeric time: 0.536	0.536	0 ms
Symbolic time: 0.866	0.865	0 ms
Numeric time: 0.548	0.549	0 ms
Symbolic time: 0.858	0.859	0 ms
Numeric time: 0.54	0.541	0 ms
Symbolic time: 0.855	0.856	0 ms
Numeric time: 0.542	0.541	0 ms
Symbolic time: 0.857	0.858	0 ms
Numeric time: 0.54	0.54	0 ms
Symbolic time: 0.864	0.865	0 ms
Numeric time: 0.549	0.549	0 ms
Symbolic time: 0.857	0.856	0 ms
Numeric time: 0.538	0.537	0 ms
Symbolic time: 0.856	0.857	0 ms
Numeric time: 0.54	0.541	0 ms
Symbolic time: 0.853	0.85	0.003 ms
Numeric time: 0.544	0.545	0 ms
Symbolic time: 0.853	0.854	0 ms
Numeric time: 0.539	0.539	0 ms
Symbolic time: 0.85	0.85	0 ms
Numeric time: 0.543	0.543	0 ms
Symbolic time: 0.856	0.857	0 ms
Numeric time: 0.536	0.535	0 ms
Symbolic time: 0.858	0.858	0 ms
Numeric time: 0.546	0.546	0 ms
Symbolic time: 0.857	0.857	0 ms
Numeric time: 0.537	0.537	0 ms
Symbolic time: 0.861	0.861	0 ms
Numeric time: 0.541	0.541	0 ms
Symbolic time: 0.857	0.857	0 ms
Numeric time: 0.539	0.539	0 ms
Symbolic time: 0.855	0.854	0 ms
Numeric time: 0.544	0.545	0 ms
Symbolic time: 0.858	0.858	0 ms
Numeric time: 0.539	0.538	0 ms
Symbolic time: 0.853	0.853	0 ms
Numeric time: 0.546	0.547	0 ms
Symbolic time: 0.865	0.865	0 ms
Numeric time: 0.539	0.538	0 ms
Symbolic time: 0.862	0.862	0 ms
Numeric time: 0.541	0.541	0 ms
Symbolic time: 0.857	0.856	0 ms
Numeric time: 0.54	0.539	0 ms
Symbolic time: 0.857	0.858	0 ms
Numeric time: 0.54	0.54	0 ms
Symbolic time: 0.854	0.854	0 ms
Numeric time: 0.546	0.546	0 ms
Symbolic time: 0.859	0.858	0 ms
Numeric time: 0.538	0.538	0 ms
Symbolic time: 0.852	0.852	0 ms
Numeric time: 0.541	0.541	0 ms
Symbolic time: 0.858	0.858	0 ms
Numeric time: 0.537	0.538	0 ms
Symbolic time: 0.858	0.857	0 ms
Numeric time: 0.543	0.543	0 ms
Symbolic time: 0.858	0.859	0 ms
Numeric time: 0.536	0.535	0 ms
Symbolic time: 0.854	0.854	0 ms
Numeric time: 0.571	0.572	0 ms
Symbolic time: 0.945	0.945	0 ms
Numeric time: 0.55	0.55	0 ms
Symbolic time: 0.857	0.858	0 ms
Numeric time: 0.54	0.54	0 ms
Symbolic time: 0.854	0.854	0 ms
Numeric time: 0.538	0.538	0 ms
Symbolic time: 0.854	0.855	0 ms
Numeric time: 0.541	0.541	0 ms
Symbolic time: 0.857	0.856	0 ms
Numeric time: 0.538	0.538	0 ms
Symbolic time: 0.856	0.856	0 ms
Numeric time: 0.538	0.539	0 ms
Symbolic time: 0.858	0.858	0 ms
Numeric time: 0.537	0.536	0 ms
Symbolic time: 0.857	0.858	0 ms
Numeric time: 0.542	0.542	0 ms
Symbolic time: 0.854	0.855	0 ms
Numeric time: 0.539	0.538	0 ms
Symbolic time: 0.861	0.861	0 ms
Numeric time: 0.539	0.54	0 ms
Symbolic time: 0.852	0.852	0 ms
Numeric time: 0.542	0.542	0 ms
Symbolic time: 0.857	0.857	0 ms
Numeric time: 0.536	0.536	0 ms
Symbolic time: 0.874	0.874	0 ms
Numeric time: 0.547	0.547	0 ms
Symbolic time: 0.863	0.863	0 ms
Numeric time: 0.576	0.576	0 ms
Symbolic time: 0.858	0.858	0 ms
Numeric time: 0.565	0.565	0 ms
Symbolic time: 0.86	0.861	0 ms
Numeric time: 0.539	0.539	0 ms
Symbolic time: 0.86	0.859	0 ms
Numeric time: 0.542	0.543	0 ms
Symbolic time: 0.859	0.858	0 ms
Numeric time: 0.538	0.539	0 ms
Symbolic time: 0.861	0.86	0 ms
Numeric time: 0.544	0.545	0 ms
Symbolic time: 0.867	0.867	0 ms
Numeric time: 0.551	0.552	0 ms
Symbolic time: 0.927	0.927	0 ms
Numeric time: 0.554	0.555	0 ms
Symbolic time: 0.857	0.857	0 ms
Numeric time: 0.54	0.541	0 ms
Symbolic time: 0.856	0.857	0 ms
Numeric time: 0.54	0.541	0 ms
Symbolic time: 0.857	0.857	0 ms
Numeric time: 0.538	0.538	0 ms
Symbolic time: 0.858	0.858	0 ms
Numeric time: 0.543	0.543	0 ms
Symbolic time: 0.861	0.86	0 ms
Numeric time: 0.539	0.539	0 ms
Symbolic time: 0.856	0.857	0 ms
Numeric time: 0.541	0	0.541 ms
Symbolic time: 0.853	0.496	0.358 ms
Numeric time: 0.538	0.511	0.027 ms
Symbolic time: 0.853	0.853	0 ms
Numeric time: 0.544	0.545	0 ms
Symbolic time: 0.85	0.836	0.016 ms
Numeric time: 0.543	0.544	0 ms
Symbolic time: 0.858	0.857	0 ms
Numeric time: 0.538	0.537	0 ms
Symbolic time: 0.853	0.853	0 ms
Numeric time: 0.543	0.543	0 ms
Symbolic time: 0.859	0.858	0 ms
Numeric time: 0.537	0.537	0 ms
Symbolic time: 0.859	0.859	0 ms
Numeric time: 0.543	0.543	0 ms
Symbolic time: 0.862	0.863	0 ms
Numeric time: 0.544	0.545	0 ms
Symbolic time: 0.869	0.87	0 ms
Numeric time: 0.548	0.548	0 ms
Symbolic time: 0.857	0.857	0 ms
Numeric time: 0.567	0.568	0 ms
Symbolic time: 1.043	1.043	0 ms
Numeric time: 0.765	0.764	0 ms
Symbolic time: 0.859	0.859	0 ms
Numeric time: 0.545	0.545	0 ms
Symbolic time: 0.859	0.859	0 ms
Numeric time: 0.537	0.537	0 ms
Symbolic time: 0.859	0.859	0 ms
Numeric time: 0.544	0.543	0 ms
Symbolic time: 0.858	0.857	0 ms
Numeric time: 0.539	0.538	0 ms
Symbolic time: 0.86	0.86	0 ms
Numeric time: 0.544	0.544	0 ms
Symbolic time: 0.852	0.852	0 ms
Numeric time: 0.542	0	0.541 ms
Symbolic time: 0.857	0.48	0.377 ms
Numeric time: 0.538	0.512	0.026 ms
Symbolic time: 0.853	0.854	0 ms
Numeric time: 0.54	0.54	0 ms
Symbolic time: 0.859	0.858	0 ms
Numeric time: 0.539	0.538	0 ms
Symbolic time: 0.855	0.855	0 ms
Numeric time: 0.542	0.541	0 ms
Symbolic time: 0.859	0.859	0 ms
Numeric time: 0.536	0.536	0 ms
Symbolic time: 0.857	0.856	0 ms
Numeric time: 0.545	0.544	0 ms
Symbolic time: 0.856	0.855	0 ms
Numeric time: 0.54	0.54	0 ms
Symbolic time: 0.855	0.854	0 ms
Numeric time: 0.541	0.542	0 ms
Symbolic time: 0.857	0.857	0 ms
Numeric time: 0.538	0.538	0 ms
Symbolic time: 0.854	0.855	0 ms
Numeric time: 0.542	0.542	0 ms
Symbolic time: 0.856	0.856	0 ms
Numeric time: 0.54	0.541	0 ms
Symbolic time: 0.855	0.854	0 ms
Numeric time: 0.542	0.543	0 ms
Symbolic time: 0.852	0.853	0 ms
Numeric time: 0.543	0.542	0 ms
Symbolic time: 0.856	0.856	0 ms
Numeric time: 0.538	0.538	0 ms
Symbolic time: 0.853	0.853	0 ms
Numeric time: 0.544	0.545	0 ms
Symbolic time: 0.857	0.858	0 ms
Numeric time: 0.535	0.536	0 ms
Symbolic time: 0.858	0.858	0 ms
Numeric time: 0.546	0.546	0 ms
Symbolic time: 0.868	0.869	0 ms
Numeric time: 0.551	0.55	0 ms
Symbolic time: 0.856	0.856	0 ms
Numeric time: 0.541	0.541	0 ms
Symbolic time: 0.86	0.86	0 ms
Numeric time: 0.543	0.543	0 ms
Symbolic time: 0.873	0.872	0 ms
Numeric time: 0.556	0.556	0 ms
Symbolic time: 0.861	0.861	0 ms
Numeric time: 0.54	0.541	0 ms
Symbolic time: 0.858	0.859	0 ms
Numeric time: 0.562	0.562	0 ms
Symbolic time: 0.87	0.869	0 ms
Numeric time: 0.539	0.539	0 ms
Symbolic time: 0.864	0.863	0 ms
Numeric time: 0.556	0.556	0 ms
Symbolic time: 0.853	0.854	0 ms
Numeric time: 0.54	0.54	0 ms
Symbolic time: 0.857	0.858	0 ms
Numeric time: 0.544	0.544	0 ms
Symbolic time: 0.857	0.857	0 ms
Numeric time: 0.54	0.54	0 ms
Symbolic time: 0.857	0.857	0 ms
Numeric time: 0.545	0.545	0 ms
Symbolic time: 0.852	0.853	0 ms
Numeric time: 0.547	0.547	0 ms
Symbolic time: 0.855	0.855	0 ms
Numeric time: 0.537	0.537	0.001 ms
Symbolic time: 0.851	0.85	0 ms
Numeric time: 0.544	0.544	0 ms
Symbolic time: 0.859	0.859	0 ms
Numeric time: 0.539	0.54	0 ms
Symbolic time: 0.857	0.857	0 ms
Numeric time: 0.545	0.544	0 ms
Symbolic time: 0.857	0.858	0 ms
Numeric time: 0.536	0.536	0 ms
Symbolic time: 0.857	0.857	0 ms
Numeric time: 0.541	0.541	0 ms
Symbolic time: 0.854	0.853	0 ms
Numeric time: 0.538	0.538	0 ms
Symbolic time: 0.857	0.857	0 ms
Numeric time: 0.54	0.541	0 ms
Symbolic time: 0.856	0.855	0 ms
Numeric time: 0.542	0.543	0 ms
Symbolic time: 0.859	0.859	0 ms
Numeric time: 0.561	0.56	0 ms
Symbolic time: 0.862	0.862	0 ms
Numeric time: 0.54	0.54	0 ms
Symbolic time: 0.86	0.86	0 ms
Numeric time: 0.544	0.545	0 ms
Symbolic time: 0.87	0.871	0 ms
Numeric time: 0.539	0.539	0 ms
Symbolic time: 0.86	0.86	0 ms
Numeric time: 0.546	0.547	0 ms
Symbolic time: 0.852	0.851	0 ms
Numeric time: 0.548	0.547	0 ms
Symbolic time: 0.871	0.872	0 ms
Numeric time: 0.55	0.55	0 ms
Symbolic time: 0.852	0.851	0 ms
Numeric time: 0.545	0.545	0 ms
Symbolic time: 0.861	0.862	0 ms
Numeric time: 0.538	0.537	0 ms
Symbolic time: 0.862	0	0.862 ms
Numeric time: 0.558	0.518	0.04 ms
Symbolic time: 0.866	0.866	0 ms
Numeric time: 0.542	0.522	0.02 ms
Symbolic time: 0.863	0.864	0 ms
Numeric time: 0.551	0.551	0 ms
Symbolic time: 0.866	0.865	0 ms
Numeric time: 0.539	0.538	0 ms
Symbolic time: 0.863	0.862	0 ms
Numeric time: 0.545	0.545	0 ms
Symbolic time: 0.856	0.856	0 ms
Numeric time: 0.559	0.559	0 ms
Symbolic time: 0.859	0.859	0 ms
Numeric time: 0.548	0.548	0 ms
Symbolic time: 0.858	0.858	0 ms
Numeric time: 0.537	0.538	0 ms
Symbolic time: 0.855	0.855	0 ms
Numeric time: 0.541	0.54	0 ms
Symbolic time: 0.853	0.852	0 ms
Numeric time: 0.537	0.538	0 ms
Symbolic time: 1.257	1.257	0.001 ms
Numeric time: 0.6	0.6	0 ms
Symbolic time: 0.859	0.86	0 ms
Numeric time: 0.543	0.543	0 ms
Symbolic time: 0.852	0.851	0 ms
Numeric time: 0.538	0.537	0 ms
Symbolic time: 0.858	0.857	0 ms
Numeric time: 0.543	0.543	0 ms
Symbolic time: 0.855	0.854	0 ms
Numeric time: 0.538	0.537	0 ms
Symbolic time: 0.855	0.856	0 ms
Numeric time: 0.537	0.537	0 ms
Symbolic time: 0.856	0.856	0 ms
Numeric time: 0.542	0.541	0 ms
Symbolic time: 0.858	0.858	0 ms
Numeric time: 0.537	0.537	0 ms
Symbolic time: 0.857	0.857	0 ms
Numeric time: 0.543	0.542	0 ms
Symbolic time: 0.85	0.85	0 ms
Numeric time: 0.539	0.54	0 ms
Symbolic time: 0.857	0.856	0 ms
Numeric time: 0.543	0.544	0 ms
Symbolic time: 0.855	0.854	0 ms
Numeric time: 0.539	0.539	0 ms
Symbolic time: 0.856	0.855	0 ms
Numeric time: 0.547	0.547	0 ms
Symbolic time: 0.86	0.86	0 ms
Numeric time: 0.538	0.538	0 ms
Symbolic time: 0.857	0.858	0 ms
Numeric time: 0.542	0.542	0 ms
Symbolic time: 0.856	0.856	0 ms
Numeric time: 0.539	0.539	0 ms
Symbolic time: 0.852	0.853	0 ms
Numeric time: 0.549	0.549	0 ms
Symbolic time: 0.851	0.851	0 ms
Numeric time: 0.544	0.543	0 ms
Symbolic time: 0.863	0.862	0 ms
Numeric time: 0.542	0.541	0 ms
Symbolic time: 0.851	0.851	0 ms
Numeric time: 0.543	0.542	0 ms
Symbolic time: 0.856	0.855	0 ms
Numeric time: 0.538	0.538	0 ms
Symbolic time: 0.858	0.858	0 ms
Numeric time: 0.543	0.543	0 ms
Symbolic time: 0.852	0.852	0 ms
Numeric time: 0.54	0.541	0 ms
Symbolic time: 0.856	0.855	0 ms
Numeric time: 0.541	0.541	0 ms
Symbolic time: 0.857	0.857	0 ms
Numeric time: 0.539	0.539	0 ms
Symbolic time: 0.857	0.857	0 ms
Numeric time: 0.542	0.542	0 ms
Symbolic time: 0.858	0.858	0 ms
Numeric time: 0.537	0.537	0 ms
Symbolic time: 0.857	0.857	0 ms
Numeric time: 0.543	0.542	0 ms
Symbolic time: 1.085	1.085	0 ms
Numeric time: 0.601	0.601	0 ms
Symbolic time: 0.857	0.857	0 ms
Numeric time: 0.548	0.548	0 ms
Symbolic time: 0.855	0.856	0 ms
Numeric time: 0.541	0.541	0 ms
Symbolic time: 0.857	0.857	0 ms
Numeric time: 0.541	0.542	0 ms
Symbolic time: 0.86	0.859	0 ms
Numeric time: 0.541	0.541	0 ms
Symbolic time: 0.857	0.857	0 ms
Numeric time: 0.54	0.54	0 ms
Symbolic time: 0.853	0.852	0 ms
Numeric time: 0.537	0.537	0 ms
Symbolic time: 0.855	0.855	0 ms
Numeric time: 0.542	0.542	0 ms
Symbolic time: 0.86	0.86	0 ms
Numeric time: 0.537	0.538	0 ms
Symbolic time: 0.855	0.855	0 ms
Numeric time: 0.544	0	0.545 ms
Symbolic time: 0.853	0.452	0.4 ms
Numeric time: 0.547	0.548	0 ms
Symbolic time: 0.857	0.857	0 ms
Numeric time: 0.539	0.538	0.001 ms
Symbolic time: 0.85	0	0.85 ms
Numeric time: 0.543	0.485	0.058 ms
Symbolic time: 0.855	0.855	0 ms
Numeric time: 0.536	0.518	0.018 ms
Symbolic time: 0.859	0.859	0 ms
Numeric time: 0.541	0.541	0 ms

Symbolic time: 0.874382 ms
Numeric time: 0.553336 ms
