Symbolic time: 1.363	1.361	0 ms
Numeric time: 0.897	0	0.9 ms
Symbolic time: 1.27	1.236	0.034 ms
Numeric time: 0.868	0.868	0 ms
Symbolic time: 1.21	0.19	1.021 ms
Numeric time: 0.669	0.67	0 ms
Symbolic time: 0.963	0.964	0 ms
Numeric time: 0.668	0.669	0 ms
Symbolic time: 0.957	0.958	0 ms
Numeric time: 0.68	0.68	0 ms
Symbolic time: 0.99	0.99	0 ms
Numeric time: 0.657	0.657	0 ms
Symbolic time: 0.964	0	0.964 ms
Numeric time: 0.675	0	0.675 ms
Symbolic time: 0.972	0.769	0.203 ms
Numeric time: 0.677	0.678	0 ms
Symbolic time: 0.963	0.964	0 ms
Numeric time: 0.662	0.661	0 ms
Symbolic time: 0.962	0.962	0 ms
Numeric time: 0.667	0.642	0.026 ms
Symbolic time: 0.968	0.968	0 ms
Numeric time: 0.662	0	0.663 ms
Symbolic time: 0.942	0.759	0.184 ms
Numeric time: 0.681	0.682	0 ms
Symbolic time: 0.982	0.983	0 ms
Numeric time: 0.68	0.68	0 ms
Symbolic time: 0.977	0.977	0 ms
Numeric time: 0.699	0.657	0.042 ms
Symbolic time: 0.956	0.1	0.858 ms
Numeric time: 0.684	0.579	0.106 ms
Symbolic time: 0.98	0.98	0 ms
Numeric time: 0.671	0.672	0 ms
Symbolic time: 0.959	0.959	0 ms
Numeric time: 0.663	0.663	0 ms
Symbolic time: 0.961	0.961	0 ms
Numeric time: 0.658	0.634	0.024 ms
Symbolic time: 0.952	0.952	0 ms
Numeric time: 0.655	0.655	0 ms
Symbolic time: 0.958	0.958	0 ms
Numeric time: 0.666	0.666	0 ms
Symbolic time: 0.952	0.952	0 ms
Numeric time: 0.667	0.667	0 ms
Symbolic time: 0.95	0.951	0 ms
Numeric time: 0.646	0.647	0 ms
Symbolic time: 0.947	0.947	0 ms
Numeric time: 0.671	0.671	0 ms
Symbolic time: 0.959	0.002	0.957 ms
Numeric time: 0.651	0.652	0 ms
Symbolic time: 0.951	0.951	0 ms
Numeric time: 0.662	0.662	0 ms
Symbolic time: 0.955	0.955	0 ms
Numeric time: 0.663	0.647	0.016 ms
Symbolic time: 0.975	0.975	0 ms
Numeric time: 0.662	0	0.663 ms
Symbolic time: 0.953	0	0.954 ms
Numeric time: 0.663	0	0.664 ms
Symbolic time: 0.959	0.538	0.422 ms
Numeric time: 0.657	0.658	0 ms
Symbolic time: 0.94	0.941	0 ms
Numeric time: 0.651	0.592	0.059 ms
Symbolic time: 0.953	0.953	0 ms
Numeric time: 0.665	0.665	0 ms
Symbolic time: 0.952	0.952	0 ms
Numeric time: 0.664	0.665	0 ms
Symbolic time: 0.955	0.955	0 ms
Numeric time: 0.659	0.643	0.016 ms
Symbolic time: 0.949	0.041	0.907 ms
Numeric time: 0.669	0.669	0 ms
Symbolic time: 0.96	0.96	0 ms
Numeric time: 0.662	0.664	0 ms
Symbolic time: 0.948	0.948	0 ms
Numeric time: 0.672	0.672	0 ms
Symbolic time: 0.964	0.964	0 ms
Numeric time: 0.706	0.706	0 ms
Symbolic time: 0.975	0	0.976 ms
Numeric time: 0.695	0	0.695 ms
Symbolic time: 0.976	0.9	0.076 ms
Numeric time: 0.678	0.677	0 ms
Symbolic time: 1.032	0.063	0.968 ms
Numeric time: 0.664	0.664	0 ms
Symbolic time: 0.933	0.933	0 ms
Numeric time: 0.648	0.649	0 ms
Symbolic time: 0.944	0.944	0 ms
Numeric time: 0.647	0.633	0.013 ms
Symbolic time: 0.932	0.932	0 ms
Numeric time: 0.641	0.641	0 ms
Symbolic time: 0.931	0.932	0 ms
Numeric time: 0.666	0.666	0 ms
Symbolic time: 0.938	0.939	0 ms
Numeric time: 0.637	0.636	0.001 ms
Symbolic time: 0.935	0.935	0 ms
Numeric time: 0.679	0	0.68 ms
Symbolic time: 0.95	0.776	0.174 ms
Numeric time: 0.676	0.676	0 ms
Symbolic time: 0.933	0.933	0 ms
Numeric time: 0.628	0.571	0.057 ms
Symbolic time: 0.926	0.921	0.005 ms
Numeric time: 0.651	0	0.652 ms
Symbolic time: 0.939	0.751	0.188 ms
Numeric time: 0.643	0.643	0 ms
Symbolic time: 0.937	0.937	0 ms
Numeric time: 0.65	0.651	0 ms
Symbolic time: 0.939	0.939	0 ms
Numeric time: 0.634	0.63	0.005 ms
Symbolic time: 0.926	0.927	0 ms
Numeric time: 0.649	0.649	0 ms
Symbolic time: 0.937	0.938	0 ms
Numeric time: 0.659	0.66	0 ms
Symbolic time: 0.932	0.932	0 ms
Numeric time: 0.632	0.632	0 ms
Symbolic time: 0.935	0.935	0 ms
Numeric time: 0.657	0.659	0 ms
Symbolic time: 0.94	0.94	0 ms
Numeric time: 0.638	0.64	0 ms
Symbolic time: 0.937	0.938	0 ms
Numeric time: 0.644	0.644	0 ms
Symbolic time: 0.945	0.946	0 ms
Numeric time: 0.639	0.639	0 ms
Symbolic time: 0.917	0.917	0 ms
Numeric time: 0.646	0.646	0 ms
Symbolic time: 0.939	0.939	0 ms
Numeric time: 0.654	0.654	0 ms
Symbolic time: 0.946	0.084	0.861 ms
Numeric time: 0.623	0.535	0.09 ms
Symbolic time: 0.926	0.926	0 ms
Numeric time: 0.662	0.662	0 ms
Symbolic time: 0.938	0.939	0 ms
Numeric time: 0.645	0.646	0 ms
Symbolic time: 0.943	0.943	0 ms
Numeric time: 0.644	0.643	0.001 ms
Symbolic time: 0.935	0.935	0 ms
Numeric time: 0.648	0.649	0 ms
Symbolic time: 0.92	0.921	0 ms
Numeric time: 0.626	0	0.626 ms
Symbolic time: 0.926	0.745	0.182 ms
Numeric time: 0.644	0.554	0.091 ms
Symbolic time: 0.936	0.936	0 ms
Numeric time: 0.625	0.625	0 ms
Symbolic time: 0.915	0.916	0 ms
Numeric time: 0.646	0.647	0 ms
Symbolic time: 0.931	0.931	0 ms
Numeric time: 0.629	0.629	0 ms
Symbolic time: 0.913	0	0.913 ms
Numeric time: 0.646	0.635	0.01 ms
Symbolic time: 0.924	0.924	0 ms
Numeric time: 0.638	0.639	0 ms
Symbolic time: 0.917	0.918	0 ms
Numeric time: 0.629	0.595	0.035 ms
Symbolic time: 0.93	0.931	0 ms
Numeric time: 0.648	0.648	0 ms
Symbolic time: 0.921	0.922	0 ms
Numeric time: 0.627	0.627	0 ms
Symbolic time: 0.92	0.92	0 ms
Numeric time: 0.642	0.641	0 ms
Symbolic time: 0.93	0.93	0 ms
Numeric time: 0.627	0.627	0 ms
Symbolic time: 0.926	0.926	0 ms
Numeric time: 0.651	0.651	0 ms
Symbolic time: 0.93	0.931	0 ms
Numeric time: 0.622	0.622	0 ms
Symbolic time: 0.918	0.918	0 ms
Numeric time: 0.651	0.651	0 ms
Symbolic time: 0.926	0	0.927 ms
Numeric time: 0.648	0.648	0 ms
Symbolic time: 0.915	0.915	0 ms
Numeric time: 0.629	0.582	0.047 ms
Symbolic time: 0.931	0.932	0 ms
Numeric time: 0.646	0.646	0 ms
Symbolic time: 0.935	0.935	0 ms
Numeric time: 0.626	0.626	0 ms
Symbolic time: 0.926	0.926	0 ms
Numeric time: 0.641	0.641	0 ms
Symbolic time: 0.931	0	0.931 ms
Numeric time: 0.626	0.627	0 ms
Symbolic time: 0.931	0.931	0 ms
Numeric time: 0.651	0.651	0 ms
Symbolic time: 0.92	0.919	0 ms
Numeric time: 0.617	0.584	0.032 ms
Symbolic time: 0.922	0.922	0 ms
Numeric time: 0.652	0.653	0 ms
Symbolic time: 0.924	0.924	0 ms
Numeric time: 0.639	0	0.639 ms
Symbolic time: 0.919	0.75	0.168 ms
Numeric time: 0.631	0.548	0.084 ms
Symbolic time: 0.93	0.931	0 ms
Numeric time: 0.647	0	0.647 ms
Symbolic time: 0.923	0	0.923 ms
Numeric time: 0.626	0.408	0.219 ms
Symbolic time: 0.924	0.925	0 ms
Numeric time: 0.645	0.563	0.082 ms
Symbolic time: 0.931	0.931	0 ms
Numeric time: 0.622	0	0.623 ms
Symbolic time: 0.933	0.701	0.232 ms
Numeric time: 0.65	0.65	0 ms
Symbolic time: 0.929	0.928	0 ms
Numeric time: 0.619	0.576	0.044 ms
Symbolic time: 0.924	0.924	0 ms
Numeric time: 0.647	0.648	0 ms
Symbolic time: 0.927	0	0.927 ms
Numeric time: 0.646	0.646	0 ms
Symbolic time: 0.917	0.917	0 ms
Numeric time: 0.632	0.588	0.045 ms
Symbolic time: 0.924	0.017	0.907 ms
Numeric time: 0.655	0.656	0 ms
Symbolic time: 0.925	0.925	0 ms
Numeric time: 0.624	0	0.625 ms
Symbolic time: 0.915	0.73	0.186 ms
Numeric time: 0.629	0.536	0.094 ms
Symbolic time: 0.917	0.013	0.905 ms
Numeric time: 0.631	0.63	0 ms
Symbolic time: 0.916	0.915	0 ms
Numeric time: 0.634	0	0.634 ms
Symbolic time: 0.917	0.75	0.167 ms
Numeric time: 0.62	0.525	0.096 ms
Symbolic time: 0.921	0.922	0 ms
Numeric time: 0.646	0	0.646 ms
Symbolic time: 0.914	0.715	0.199 ms
Numeric time: 0.628	0.628	0 ms
Symbolic time: 0.908	0.909	0 ms
Numeric time: 0.639	0.594	0.045 ms
Symbolic time: 0.915	0.915	0 ms
Numeric time: 0.635	0.635	0 ms
Symbolic time: 0.91	0	0.91 ms
Numeric time: 0.627	0.627	0 ms
Symbolic time: 0.914	0.914	0 ms
Numeric time: 0.628	0.577	0.052 ms
Symbolic time: 0.913	0.914	0 ms
Numeric time: 0.626	0.626	0 ms
Symbolic time: 0.915	0.916	0 ms
Numeric time: 0.635	0.636	0 ms
Symbolic time: 0.918	0.919	0 ms
Numeric time: 0.618	0.619	0 ms
Symbolic time: 0.914	0.914	0 ms
Numeric time: 0.635	0.636	0 ms
Symbolic time: 0.915	0	0.915 ms
Numeric time: 0.626	0.625	0 ms
Symbolic time: 0.908	0.909	0 ms
Numeric time: 0.63	0.588	0.042 ms
Symbolic time: 0.914	0.915	0 ms
Numeric time: 0.622	0.623	0 ms
Symbolic time: 0.9	0.9	0 ms
Numeric time: 0.628	0.598	0.029 ms
Symbolic time: 0.913	0.911	0.001 ms
Numeric time: 0.632	0	0.633 ms
Symbolic time: 0.902	0.703	0.199 ms
Numeric time: 0.64	0	0.641 ms
Symbolic time: 0.918	0.704	0.214 ms
Numeric time: 0.629	0.53	0.099 ms
Symbolic time: 0.911	0.91	0.001 ms
Numeric time: 0.622	0.622	0 ms
Symbolic time: 0.919	0	0.919 ms
Numeric time: 0.637	0.637	0 ms
Symbolic time: 0.915	0.915	0 ms
Numeric time: 0.62	0.569	0.052 ms
Symbolic time: 0.918	0.918	0 ms
Numeric time: 0.639	0.64	0 ms
Symbolic time: 0.913	0	0.913 ms
Numeric time: 0.628	0.628	0 ms
Symbolic time: 0.915	0.915	0 ms
Numeric time: 0.629	0.579	0.051 ms
Symbolic time: 0.917	0.917	0 ms
Numeric time: 0.627	0.627	0 ms
Symbolic time: 0.917	0.917	0 ms
Numeric time: 0.64	0.64	0 ms
Symbolic time: 0.914	0.914	0 ms
Numeric time: 0.619	0.62	0 ms
Symbolic time: 0.914	0.916	0 ms
Numeric time: 0.639	0.639	0 ms
Symbolic time: 0.914	0.914	0 ms
Numeric time: 0.635	0.635	0 ms
Symbolic time: 0.916	0.916	0 ms
Numeric time: 0.619	0.62	0 ms
Symbolic time: 0.914	0.914	0 ms
Numeric time: 0.634	0.634	0 ms
Symbolic time: 0.915	0.915	0 ms
Numeric time: 0.623	0.623	0 ms
Symbolic time: 0.914	0.914	0 ms
Numeric time: 0.629	0.629	0 ms
Symbolic time: 0.913	0.912	0 ms
Numeric time: 0.626	0.627	0 ms
Symbolic time: 0.914	0.914	0 ms
Numeric time: 0.635	0.636	0 ms
Symbolic time: 0.92	0.92	0 ms
Numeric time: 0.624	0.624	0 ms
Symbolic time: 0.922	0.922	0 ms
Numeric time: 0.638	0.638	0 ms
Symbolic time: 0.913	0.914	0 ms
Numeric time: 0.617	0.614	0.003 ms
Symbolic time: 0.9	0.9	0 ms
Numeric time: 0.633	0	0.633 ms
Symbolic time: 0.915	0.692	0.224 ms
Numeric time: 0.634	0.635	0 ms
Symbolic time: 0.906	0.906	0 ms
Numeric time: 0.629	0.589	0.041 ms
Symbolic time: 0.915	0.914	0 ms
Numeric time: 0.637	0	0.637 ms
Symbolic time: 0.913	0.704	0.21 ms
Numeric time: 0.625	0	0.626 ms
Symbolic time: 0.916	0.687	0.229 ms
Numeric time: 0.626	0.532	0.095 ms
Symbolic time: 0.924	0.924	0 ms
Numeric time: 0.625	0.624	0 ms
Symbolic time: 0.912	0	0.912 ms
Numeric time: 0.632	0	0.632 ms
Symbolic time: 0.915	0.685	0.23 ms
Numeric time: 0.621	0.525	0.096 ms
Symbolic time: 0.915	0.916	0 ms
Numeric time: 0.637	0.638	0 ms
Symbolic time: 0.915	0.915	0 ms
Numeric time: 0.625	0.625	0 ms
Symbolic time: 0.912	0.913	0 ms
Numeric time: 0.629	0.629	0 ms
Symbolic time: 0.915	0.915	0 ms
Numeric time: 0.624	0.625	0 ms
Symbolic time: 0.914	0.914	0 ms
Numeric time: 0.634	0.635	0 ms
Symbolic time: 0.914	0.914	0 ms
Numeric time: 0.629	0.629	0 ms
Symbolic time: 0.902	0.902	0 ms
Numeric time: 0.634	0	0.635 ms
Symbolic time: 0.917	0.722	0.195 ms
Numeric time: 0.631	0.535	0.096 ms
Symbolic time: 0.902	0.902	0 ms
Numeric time: 0.62	0	0.62 ms
Symbolic time: 0.913	0.697	0.217 ms
Numeric time: 0.637	0.637	0 ms
Symbolic time: 0.913	0.913	0 ms
Numeric time: 0.618	0.576	0.042 ms
Symbolic time: 0.906	0	0.906 ms
Numeric time: 0.635	0.636	0 ms
Symbolic time: 0.918	0.918	0 ms
Numeric time: 0.623	0.624	0 ms
Symbolic time: 0.907	0.907	0 ms
Numeric time: 0.628	0.629	0 ms
Symbolic time: 0.921	0.921	0 ms
Numeric time: 0.624	0.624	0 ms
Symbolic time: 0.916	0.917	0 ms
Numeric time: 0.637	0.637	0 ms
Symbolic time: 0.915	0.915	0 ms
Numeric time: 0.62	0.62	0 ms
Symbolic time: 0.907	0.906	0 ms
Numeric time: 0.635	0.636	0 ms
Symbolic time: 0.911	0.912	0 ms
Numeric time: 0.635	0.635	0 ms
Symbolic time: 0.9	0.9	0 ms
Numeric time: 0.632	0.632	0 ms
Symbolic time: 0.917	0.917	0 ms
Numeric time: 0.634	0.633	0 ms
Symbolic time: 0.915	0.915	0 ms
Numeric time: 0.625	0.625	0 ms
Symbolic time: 0.915	0.915	0 ms
Numeric time: 0.628	0.628	0 ms
Symbolic time: 0.918	0.918	0 ms
Numeric time: 0.625	0.625	0 ms
Symbolic time: 0.918	0.917	0 ms
Numeric time: 0.636	0.636	0 ms
Symbolic time: 0.919	0.919	0 ms
Numeric time: 0.618	0.618	0 ms
Symbolic time: 0.918	0.918	0 ms
Numeric time: 0.636	0.637	0 ms
Symbolic time: 0.915	0.914	0 ms
Numeric time: 0.617	0.616	0 ms
Symbolic time: 0.909	0.907	0.002 ms
Numeric time: 0.636	0.637	0 ms
Symbolic time: 0.917	0.917	0 ms
Numeric time: 0.625	0.625	0 ms
Symbolic time: 0.903	0.903	0 ms
Numeric time: 0.63	0.63	0 ms
Symbolic time: 0.914	0.914	0 ms
Numeric time: 0.636	0.636	0 ms
Symbolic time: 0.905	0.905	0 ms
Numeric time: 0.631	0.631	0 ms
Symbolic time: 0.918	0.918	0 ms
Numeric time: 0.631	0.632	0 ms
Symbolic time: 0.914	0	0.915 ms
Numeric time: 0.625	0.625	0 ms
Symbolic time: 0.917	0.917	0 ms
Numeric time: 0.636	0.637	0 ms
Symbolic time: 0.922	0.922	0 ms
Numeric time: 0.62	0.588	0.031 ms
Symbolic time: 0.914	0.915	0 ms
Numeric time: 0.64	0.64	0 ms
Symbolic time: 0.921	0.921	0 ms
Numeric time: 0.626	0	0.627 ms
Symbolic time: 0.918	0	0.919 ms
Numeric time: 0.632	0.307	0.325 ms
Symbolic time: 0.918	0.918	0 ms
Numeric time: 0.627	0.627	0 ms
Symbolic time: 0.909	0.909	0 ms
Numeric time: 0.638	0.638	0 ms
Symbolic time: 0.912	0.913	0 ms
Numeric time: 0.629	0.63	0 ms
Symbolic time: 0.91	0.91	0 ms
Numeric time: 0.632	0.632	0 ms
Symbolic time: 0.916	0.917	0 ms
Numeric time: 0.638	0.638	0 ms
Symbolic time: 0.912	0.912	0 ms
Numeric time: 0.617	0.617	0 ms
Symbolic time: 0.918	0	0.918 ms
Numeric time: 0.636	0.636	0 ms
Symbolic time: 0.913	0.913	0 ms
Numeric time: 0.629	0	0.629 ms
Symbolic time: 0.915	0.696	0.219 ms
Numeric time: 0.629	0.54	0.09 ms
Symbolic time: 0.918	0.918	0 ms
Numeric time: 0.627	0	0.627 ms
Symbolic time: 0.911	0.691	0.221 ms
Numeric time: 0.63	0.539	0.091 ms
Symbolic time: 0.91	0.909	0.001 ms
Numeric time: 0.629	0.629	0 ms
Symbolic time: 0.919	0.918	0 ms
Numeric time: 0.637	0.637	0 ms
Symbolic time: 0.911	0.91	0 ms
Numeric time: 0.619	0.62	0 ms
Symbolic time: 0.902	0.016	0.885 ms
Numeric time: 0.64	0.64	0 ms
Symbolic time: 0.918	0	0.918 ms
Numeric time: 0.637	0.638	0 ms
Symbolic time: 0.923	0.923	0 ms
Numeric time: 0.622	0.562	0.06 ms
Symbolic time: 0.915	0.915	0 ms
Numeric time: 0.641	0.641	0 ms
Symbolic time: 0.92	0.92	0 ms
Numeric time: 0.628	0.629	0 ms
Symbolic time: 0.915	0.915	0 ms
Numeric time: 0.629	0.63	0 ms
Symbolic time: 0.917	0.917	0 ms
Numeric time: 0.625	0.625	0 ms
Symbolic time: 0.913	0.914	0 ms
Numeric time: 0.638	0.639	0 ms
Symbolic time: 0.914	0.914	0 ms
Numeric time: 0.619	0.62	0 ms
Symbolic time: 0.922	0.921	0 ms
Numeric time: 0.634	0.634	0 ms
Symbolic time: 0.911	0.911	0 ms
Numeric time: 0.624	0.623	0 ms
Symbolic time: 0.908	0.909	0 ms
Numeric time: 0.63	0.63	0 ms
Symbolic time: 0.92	0.921	0 ms
Numeric time: 0.634	0.635	0 ms
Symbolic time: 0.903	0.903	0 ms
Numeric time: 0.635	0.635	0 ms
Symbolic time: 0.913	0.914	0 ms
Numeric time: 0.631	0.631	0 ms
Symbolic time: 0.914	0.913	0 ms
Numeric time: 0.625	0.625	0 ms
Symbolic time: 0.91	0.91	0 ms
Numeric time: 0.628	0.626	0.003 ms
Symbolic time: 0.905	0.05	0.862 ms
Numeric time: 0.617	0.531	0.086 ms
Symbolic time: 0.911	0.911	0 ms
Numeric time: 0.66	0.66	0 ms
Symbolic time: 0.93	0.931	0 ms
Numeric time: 0.62	0.585	0.034 ms
Symbolic time: 0.911	0.91	0.001 ms
Numeric time: 0.633	0.633	0 ms
Symbolic time: 0.919	0.919	0 ms
Numeric time: 0.625	0.625	0 ms
Symbolic time: 0.913	0.914	0 ms
Numeric time: 0.626	0.626	0 ms
Symbolic time: 0.906	0.011	0.894 ms
Numeric time: 0.628	0.628	0 ms
Symbolic time: 0.9	0.9	0 ms
Numeric time: 0.631	0.632	0 ms
Symbolic time: 0.91	0.91	0 ms
Numeric time: 0.631	0.631	0 ms
Symbolic time: 0.905	0.905	0 ms
Numeric time: 0.638	0.639	0 ms
Symbolic time: 0.913	0	0.914 ms
Numeric time: 0.636	0.636	0 ms
Symbolic time: 0.915	0.914	0 ms
Numeric time: 0.619	0.569	0.049 ms
Symbolic time: 0.919	0	0.92 ms
Numeric time: 0.633	0.63	0.003 ms
Symbolic time: 0.915	0.915	0 ms
Numeric time: 0.624	0.624	0 ms
Symbolic time: 0.908	0.909	0 ms
Numeric time: 0.628	0.601	0.027 ms
Symbolic time: 0.917	0.918	0 ms
Numeric time: 0.624	0.623	0 ms
Symbolic time: 0.911	0.911	0 ms
Numeric time: 0.635	0.636	0 ms
Symbolic time: 0.922	0.922	0 ms
Numeric time: 0.62	0.621	0 ms
Symbolic time: 0.918	0.919	0 ms
Numeric time: 0.636	0	0.636 ms
Symbolic time: 0.909	0.702	0.207 ms
Numeric time: 0.619	0.534	0.085 ms
Symbolic time: 0.896	0	0.896 ms
Numeric time: 0.629	0	0.63 ms
Symbolic time: 0.92	0.711	0.211 ms
Numeric time: 0.637	0.638	0 ms
Symbolic time: 0.907	0.907	0 ms
Numeric time: 0.623	0.584	0.04 ms
Symbolic time: 0.908	0.908	0 ms
Numeric time: 0.634	0.634	0 ms
Symbolic time: 0.916	0.916	0 ms
Numeric time: 0.625	0.624	0 ms
Symbolic time: 0.916	0.917	0 ms
Numeric time: 0.629	0.629	0 ms
Symbolic time: 0.914	0.915	0 ms
Numeric time: 0.624	0.625	0 ms
Symbolic time: 0.913	0.913	0 ms
Numeric time: 0.637	0.637	0 ms
Symbolic time: 0.915	0.916	0 ms
Numeric time: 0.618	0.618	0 ms
Symbolic time: 0.922	0.922	0 ms
Numeric time: 0.639	0.64	0 ms
Symbolic time: 0.92	0.92	0 ms
Numeric time: 0.627	0.628	0 ms
Symbolic time: 0.907	0.907	0 ms
Numeric time: 0.63	0.63	0 ms
Symbolic time: 0.919	0.918	0 ms
Numeric time: 0.633	0.633	0 ms
Symbolic time: 0.908	0.909	0 ms
Numeric time: 0.636	0.637	0 ms
Symbolic time: 0.922	0.922	0 ms
Numeric time: 0.629	0.629	0 ms
Symbolic time: 0.917	0.918	0 ms
Numeric time: 0.626	0.626	0 ms
Symbolic time: 0.914	0.914	0 ms
Numeric time: 0.635	0.635	0 ms
Symbolic time: 0.912	0.913	0 ms
Numeric time: 0.617	0.618	0 ms
Symbolic time: 0.921	0.921	0 ms
Numeric time: 0.635	0.636	0 ms
Symbolic time: 0.928	0.919	0 ms
Numeric time: 0.626	0.626	0 ms
Symbolic time: 0.913	0.912	0 ms
Numeric time: 0.63	0.63	0 ms
Symbolic time: 0.916	0.917	0 ms
Numeric time: 0.625	0.625	0 ms
Symbolic time: 0.92	0.919	0 ms
Numeric time: 0.628	0.629	0 ms
Symbolic time: 0.905	0.904	0 ms
Numeric time: 0.619	0	0.619 ms
Symbolic time: 0.907	0.695	0.212 ms
Numeric time: 0.633	0.634	0 ms
Symbolic time: 0.915	0.915	0 ms
Numeric time: 0.629	0.591	0.038 ms
Symbolic time: 0.9	0	0.9 ms
Numeric time: 0.628	0.628	0 ms
Symbolic time: 0.918	0.918	0 ms
Numeric time: 0.634	0.635	0 ms
Symbolic time: 0.913	0.914	0 ms
Numeric time: 0.619	0.62	0 ms
Symbolic time: 0.91	0	0.911 ms
Numeric time: 0.632	0.619	0.013 ms
Symbolic time: 0.914	0	0.914 ms
Numeric time: 0.626	0	0.627 ms
Symbolic time: 0.905	0.614	0.292 ms
Numeric time: 0.628	0.541	0.087 ms
Symbolic time: 0.915	0.916	0 ms
Numeric time: 0.623	0.623	0 ms
Symbolic time: 0.91	0.91	0 ms
Numeric time: 0.633	0.634	0 ms
Symbolic time: 0.916	0.916	0 ms
Numeric time: 0.617	0.617	0 ms
Symbolic time: 0.917	0.918	0 ms
Numeric time: 0.634	0.634	0 ms
Symbolic time: 0.917	0.918	0 ms
Numeric time: 0.624	0.625	0 ms
Symbolic time: 0.911	0.91	0 ms
Numeric time: 0.629	0.63	0 ms
Symbolic time: 0.918	0.918	0 ms
Numeric time: 0.631	0.632	0 ms
Symbolic time: 0.901	0.902	0 ms
Numeric time: 0.628	0.616	0.012 ms
Symbolic time: 0.908	0.908	0.001 ms
Numeric time: 0.638	0	0.638 ms
Symbolic time: 0.915	0	0.915 ms
Numeric time: 0.625	0.382	0.243 ms
Symbolic time: 0.922	0.921	0 ms
Numeric time: 0.627	0.55	0.077 ms
Symbolic time: 0.91	0.003	0.906 ms
Numeric time: 0.625	0.626	0 ms
Symbolic time: 0.912	0.913	0 ms
Numeric time: 0.638	0.639	0 ms
Symbolic time: 0.915	0.916	0 ms
Numeric time: 0.617	0.617	0 ms
Symbolic time: 0.92	0.921	0 ms
Numeric time: 0.635	0.635	0 ms
Symbolic time: 0.919	0.918	0 ms
Numeric time: 0.623	0.624	0 ms
Symbolic time: 0.915	0.915	0 ms
Numeric time: 0.628	0.628	0 ms
Symbolic time: 0.918	0.918	0 ms
Numeric time: 0.621	0.621	0 ms
Symbolic time: 0.901	0.902	0 ms
Numeric time: 0.635	0.635	0 ms
Symbolic time: 0.916	0.916	0 ms
Numeric time: 0.627	0.626	0 ms
Symbolic time: 0.904	0.903	0 ms
Numeric time: 0.632	0.633	0 ms
Symbolic time: 0.908	0.909	0 ms
Numeric time: 0.632	0	0.631 ms
Symbolic time: 0.916	0.758	0.158 ms
Numeric time: 0.618	0.534	0.084 ms
Symbolic time: 0.917	0	0.917 ms
Numeric time: 0.636	0.628	0.007 ms
Symbolic time: 0.918	0.918	0 ms
Numeric time: 0.617	0.541	0.075 ms
Symbolic time: 0.903	0	0.904 ms
Numeric time: 0.629	0	0.629 ms
Symbolic time: 0.915	0	0.916 ms
Numeric time: 0.623	0.391	0.233 ms
Symbolic time: 0.911	0.911	0 ms
Numeric time: 0.629	0.55	0.079 ms
Symbolic time: 0.906	0.003	0.903 ms
Numeric time: 0.624	0.625	0 ms
Symbolic time: 0.913	0.914	0 ms
Numeric time: 0.636	0.636	0 ms
Symbolic time: 0.913	0.912	0 ms
Numeric time: 0.62	0.62	0 ms
Symbolic time: 0.904	0	0.904 ms
Numeric time: 0.634	0.618	0.015 ms
Symbolic time: 0.912	0	0.913 ms
Numeric time: 0.631	0.624	0.007 ms
Symbolic time: 0.91	0.91	0 ms
Numeric time: 0.629	0.549	0.08 ms
Symbolic time: 0.916	0.915	0 ms
Numeric time: 0.636	0.636	0 ms
Symbolic time: 0.907	0.908	0 ms
Numeric time: 0.622	0.622	0 ms
Symbolic time: 0.909	0.909	0 ms
Numeric time: 0.632	0.633	0 ms
Symbolic time: 0.919	0.919	0 ms
Numeric time: 0.625	0.625	0 ms
Symbolic time: 0.912	0.913	0 ms
Numeric time: 0.638	0.639	0 ms
Symbolic time: 0.913	0.913	0 ms
Numeric time: 0.618	0.618	0 ms
Symbolic time: 0.912	0.912	0 ms
Numeric time: 0.635	0	0.636 ms
Symbolic time: 0.923	0.726	0.198 ms
Numeric time: 0.618	0.529	0.088 ms
Symbolic time: 0.909	0.908	0 ms
Numeric time: 0.635	0.636	0 ms
Symbolic time: 0.913	0.914	0 ms
Numeric time: 0.621	0	0.622 ms
Symbolic time: 0.911	0.724	0.187 ms
Numeric time: 0.63	0.54	0.09 ms
Symbolic time: 0.907	0.001	0.906 ms
Numeric time: 0.622	0.622	0 ms
Symbolic time: 0.903	0	0.903 ms
Numeric time: 0.633	0.633	0 ms
Symbolic time: 0.914	0.914	0 ms
Numeric time: 0.629	0.56	0.069 ms
Symbolic time: 0.899	0.9	0 ms
Numeric time: 0.63	0.63	0 ms
Symbolic time: 0.913	0.914	0 ms
Numeric time: 0.643	0.643	0 ms
Symbolic time: 0.914	0.914	0 ms
Numeric time: 0.619	0.619	0 ms
Symbolic time: 0.919	0.919	0 ms
Numeric time: 0.631	0.631	0 ms
Symbolic time: 0.914	0.915	0 ms
Numeric time: 0.626	0.627	0 ms
Symbolic time: 0.916	0.915	0 ms
Numeric time: 0.636	0.636	0 ms
Symbolic time: 0.921	0.92	0 ms
Numeric time: 0.627	0.626	0 ms
Symbolic time: 0.91	0.91	0 ms
Numeric time: 0.635	0.636	0 ms
Symbolic time: 0.914	0.915	0 ms
Numeric time: 0.621	0.621	0 ms
Symbolic time: 0.919	0.919	0 ms
Numeric time: 0.635	0.635	0 ms
Symbolic time: 0.908	0.908	0 ms
Numeric time: 0.62	0.614	0.006 ms
Symbolic time: 0.901	0.004	0.896 ms
Numeric time: 0.628	0	0.629 ms
Symbolic time: 0.919	0.706	0.213 ms
Numeric time: 0.634	0.635	0 ms
Symbolic time: 0.905	0.906	0 ms
Numeric time: 0.621	0.583	0.039 ms
Symbolic time: 0.912	0.002	0.91 ms
Numeric time: 0.634	0.635	0 ms
Symbolic time: 0.912	0	0.911 ms
Numeric time: 0.625	0.626	0 ms
Symbolic time: 0.92	0.92	0 ms
Numeric time: 0.628	0.567	0.062 ms
Symbolic time: 0.914	0.914	0 ms
Numeric time: 0.621	0	0.621 ms
Symbolic time: 0.904	0.678	0.225 ms
Numeric time: 0.635	0.635	0 ms
Symbolic time: 0.916	0.916	0 ms
Numeric time: 0.616	0.577	0.04 ms
Symbolic time: 0.915	0.914	0 ms
Numeric time: 0.635	0.635	0 ms
Symbolic time: 0.916	0.917	0 ms
Numeric time: 0.624	0.625	0 ms
Symbolic time: 0.913	0.913	0 ms
Numeric time: 0.628	0.627	0 ms
Symbolic time: 0.91	0.91	0 ms
Numeric time: 0.623	0.623	0 ms
Symbolic time: 0.904	0.904	0 ms
Numeric time: 0.632	0.632	0 ms
Symbolic time: 0.913	0.913	0 ms
Numeric time: 0.623	0.623	0 ms
Symbolic time: 0.91	0.91	0 ms
Numeric time: 0.639	0.639	0 ms
Symbolic time: 0.913	0.913	0 ms
Numeric time: 0.625	0.613	0.012 ms
Symbolic time: 0.912	0.911	0 ms
Numeric time: 0.625	0	0.624 ms
Symbolic time: 0.916	0.681	0.235 ms
Numeric time: 0.634	0.634	0 ms
Symbolic time: 0.917	0.917	0 ms
Numeric time: 0.618	0.579	0.04 ms
Symbolic time: 0.918	0.918	0 ms
Numeric time: 0.634	0	0.635 ms
Symbolic time: 0.917	0.702	0.216 ms
Numeric time: 0.626	0.626	0 ms
Symbolic time: 0.915	0.915	0 ms
Numeric time: 0.63	0.59	0.039 ms
Symbolic time: 0.916	0.916	0 ms
Numeric time: 0.624	0.625	0 ms
Symbolic time: 0.919	0	0.919 ms
Numeric time: 0.633	0.633	0 ms
Symbolic time: 0.916	0.917	0 ms
Numeric time: 0.619	0.575	0.044 ms
Symbolic time: 0.904	0.904	0 ms
Numeric time: 0.635	0.634	0 ms
Symbolic time: 0.918	0.917	0 ms
Numeric time: 0.632	0.632	0 ms
Symbolic time: 0.907	0.906	0 ms
Numeric time: 0.631	0.631	0 ms
Symbolic time: 0.908	0.908	0 ms
Numeric time: 0.636	0.637	0 ms
Symbolic time: 0.912	0.913	0 ms
Numeric time: 0.625	0.625	0 ms
Symbolic time: 0.909	0.909	0 ms
Numeric time: 0.628	0.629	0 ms
Symbolic time: 0.911	0.911	0 ms
Numeric time: 0.623	0.623	0 ms
Symbolic time: 0.916	0.916	0 ms
Numeric time: 0.627	0.616	0.01 ms
Symbolic time: 0.904	0.904	0 ms
Numeric time: 0.624	0.625	0 ms
Symbolic time: 0.916	0.917	0 ms
Numeric time: 0.637	0.637	0 ms
Symbolic time: 0.918	0.918	0 ms
Numeric time: 0.618	0.619	0 ms
Symbolic time: 0.91	0.91	0 ms
Numeric time: 0.639	0	0.638 ms
Symbolic time: 0.913	0.702	0.212 ms
Numeric time: 0.626	0.626	0 ms
Symbolic time: 0.924	0.923	0 ms
Numeric time: 0.628	0.589	0.039 ms
Symbolic time: 0.912	0.911	0 ms
Numeric time: 0.623	0.624	0 ms
Symbolic time: 0.906	0.905	0 ms
Numeric time: 0.635	0.635	0 ms
Symbolic time: 0.915	0.915	0 ms
Numeric time: 0.631	0.632	0 ms
Symbolic time: 0.906	0.907	0 ms
Numeric time: 0.628	0.629	0 ms
Symbolic time: 0.914	0.915	0 ms
Numeric time: 0.636	0.637	0 ms
Symbolic time: 0.915	0.915	0 ms
Numeric time: 0.618	0.617	0 ms
Symbolic time: 0.913	0.913	0 ms
Numeric time: 0.633	0.634	0 ms
Symbolic time: 0.918	0.917	0 ms
Numeric time: 0.621	0.622	0 ms
Symbolic time: 0.914	0.041	0.873 ms
Numeric time: 0.629	0.542	0.087 ms
Symbolic time: 0.92	0.92	0 ms
Numeric time: 0.624	0.625	0 ms
Symbolic time: 0.913	0.913	0 ms
Numeric time: 0.626	0.598	0.029 ms
Symbolic time: 0.911	0.91	0.001 ms
Numeric time: 0.627	0.627	0 ms
Symbolic time: 0.914	0.915	0 ms
Numeric time: 0.635	0	0.634 ms
Symbolic time: 0.914	0.737	0.176 ms
Numeric time: 0.621	0.534	0.086 ms
Symbolic time: 0.904	0.904	0 ms
Numeric time: 0.632	0.632	0 ms
Symbolic time: 0.912	0.912	0 ms
Numeric time: 0.634	0	0.634 ms
Symbolic time: 0.899	0.734	0.164 ms
Numeric time: 0.627	0.541	0.087 ms
Symbolic time: 0.913	0.913	0 ms
Numeric time: 0.634	0	0.634 ms
Symbolic time: 0.914	0.698	0.216 ms
Numeric time: 0.623	0.624	0 ms
Symbolic time: 0.916	0.916	0 ms
Numeric time: 0.627	0.59	0.038 ms
Symbolic time: 0.913	0.913	0 ms
Numeric time: 0.622	0.623	0 ms
Symbolic time: 0.912	0.912	0 ms
Numeric time: 0.636	0.637	0 ms
Symbolic time: 0.911	0.912	0 ms
Numeric time: 0.617	0.617	0 ms
Symbolic time: 0.916	0.916	0 ms
Numeric time: 0.635	0.636	0 ms
Symbolic time: 0.915	0.916	0 ms
Numeric time: 0.618	0.601	0.019 ms
Symbolic time: 0.905	0.905	0 ms
Numeric time: 0.637	0	0.638 ms
Symbolic time: 0.919	0.694	0.225 ms
Numeric time: 0.623	0.623	0 ms
Symbolic time: 0.916	0.916	0 ms
Numeric time: 0.634	0.595	0.039 ms
Symbolic time: 0.912	0.005	0.906 ms
Numeric time: 0.627	0.627	0 ms
Symbolic time: 0.906	0	0.906 ms
Numeric time: 0.636	0	0.636 ms
Symbolic time: 0.908	0.658	0.251 ms
Numeric time: 0.628	0.54	0.089 ms
Symbolic time: 0.917	0.918	0 ms
Numeric time: 0.624	0.625	0 ms
Symbolic time: 0.912	0	0.913 ms
Numeric time: 0.637	0.638	0 ms
Symbolic time: 0.917	0.917	0 ms
Numeric time: 0.618	0.57	0.049 ms
Symbolic time: 0.916	0.916	0 ms
Numeric time: 0.632	0.633	0 ms
Symbolic time: 0.91	0.91	0 ms
Numeric time: 0.623	0.623	0 ms
Symbolic time: 0.909	0.91	0 ms
Numeric time: 0.629	0.629	0 ms
Symbolic time: 0.916	0.916	0 ms
Numeric time: 0.623	0.622	0 ms
Symbolic time: 0.911	0.911	0 ms
Numeric time: 0.637	0.637	0 ms
Symbolic time: 0.913	0.912	0 ms
Numeric time: 0.619	0.619	0 ms
Symbolic time: 0.91	0	0.91 ms
Numeric time: 0.633	0.634	0 ms
Symbolic time: 0.915	0.917	0 ms
Numeric time: 0.626	0.548	0.079 ms
Symbolic time: 0.899	0.898	0 ms
Numeric time: 0.634	0	0.634 ms
Symbolic time: 0.919	0.693	0.226 ms
Numeric time: 0.634	0.634	0 ms
Symbolic time: 0.903	0.903	0 ms
Numeric time: 0.627	0.59	0.038 ms
Symbolic time: 0.915	0.915	0 ms
Numeric time: 0.638	0.639	0 ms
Symbolic time: 0.916	0.916	0 ms
Numeric time: 0.625	0.625	0 ms
Symbolic time: 0.917	0.917	0 ms
Numeric time: 0.628	0.629	0 ms
Symbolic time: 0.916	0.917	0 ms
Numeric time: 0.625	0.625	0 ms
Symbolic time: 0.914	0.914	0 ms
Numeric time: 0.638	0.637	0 ms
Symbolic time: 0.915	0.915	0 ms
Numeric time: 0.62	0.62	0 ms
Symbolic time: 0.91	0.911	0 ms
Numeric time: 0.639	0.64	0 ms
Symbolic time: 0.916	0.916	0 ms
Numeric time: 0.626	0.625	0 ms
Symbolic time: 0.915	0.915	0 ms
Numeric time: 0.632	0.632	0 ms
Symbolic time: 0.923	0.922	0 ms
Numeric time: 0.625	0.625	0 ms
Symbolic time: 0.908	0.908	0 ms
Numeric time: 0.63	0.631	0 ms
Symbolic time: 0.914	0.915	0 ms
Numeric time: 0.629	0.629	0 ms
Symbolic time: 0.902	0.903	0 ms
Numeric time: 0.63	0.631	0 ms
Symbolic time: 0.912	0.912	0 ms
Numeric time: 0.63	0.629	0 ms
Symbolic time: 0.908	0.908	0 ms
Numeric time: 0.619	0	0.619 ms
Symbolic time: 0.914	0.69	0.224 ms
Numeric time: 0.633	0.634	0 ms
Symbolic time: 0.912	0.912	0 ms
Numeric time: 0.617	0.581	0.037 ms
Symbolic time: 0.914	0.914	0 ms
Numeric time: 0.636	0	0.637 ms
Symbolic time: 0.911	0.697	0.214 ms
Numeric time: 0.624	0	0.624 ms
Symbolic time: 0.91	0.673	0.237 ms
Numeric time: 0.63	0.543	0.088 ms
Symbolic time: 0.912	0.912	0 ms
Numeric time: 0.625	0.625	0 ms
Symbolic time: 0.916	0.916	0 ms
Numeric time: 0.633	0.633	0 ms
Symbolic time: 0.911	0.912	0 ms
Numeric time: 0.619	0.619	0 ms
Symbolic time: 0.911	0.911	0 ms
Numeric time: 0.633	0.633	0 ms
Symbolic time: 0.92	0.92	0 ms
Numeric time: 0.625	0.625	0 ms
Symbolic time: 0.907	0.907	0 ms
Numeric time: 0.627	0.628	0 ms
Symbolic time: 0.912	0.912	0 ms
Numeric time: 0.633	0.633	0 ms
Symbolic time: 0.901	0.902	0 ms
Numeric time: 0.623	0.614	0.009 ms
Symbolic time: 0.916	0.053	0.864 ms
Numeric time: 0.632	0.546	0.087 ms
Symbolic time: 0.92	0.92	0 ms
Numeric time: 0.622	0.622	0 ms
Symbolic time: 0.914	0.914	0 ms
Numeric time: 0.63	0.602	0.028 ms
Symbolic time: 0.908	0.908	0 ms
Numeric time: 0.627	0.627	0 ms
Symbolic time: 0.908	0	0.908 ms
Numeric time: 0.631	0	0.631 ms
Symbolic time: 0.914	0.658	0.256 ms
Numeric time: 0.623	0.537	0.086 ms
Symbolic time: 0.915	0.915	0 ms
Numeric time: 0.636	0	0.636 ms
Symbolic time: 0.913	0	0.912 ms
Numeric time: 0.625	0.39	0.236 ms
Symbolic time: 0.914	0.915	0 ms
Numeric time: 0.633	0.554	0.08 ms
Symbolic time: 0.911	0.911	0 ms
Numeric time: 0.626	0.627	0 ms
Symbolic time: 0.903	0.904	0 ms
Numeric time: 0.633	0.633	0 ms
Symbolic time: 0.916	0.916	0 ms
Numeric time: 0.626	0.626	0 ms
Symbolic time: 0.905	0.905	0 ms
Numeric time: 0.635	0.636	0 ms
Symbolic time: 0.913	0.913	0 ms
Numeric time: 0.632	0.633	0 ms
Symbolic time: 0.914	0.914	0 ms
Numeric time: 0.621	0.621	0 ms
Symbolic time: 0.916	0.915	0 ms
Numeric time: 0.635	0.636	0 ms
Symbolic time: 0.915	0.915	0 ms
Numeric time: 0.618	0.608	0.01 ms
Symbolic time: 0.905	0	0.905 ms
Numeric time: 0.627	0	0.628 ms
Symbolic time: 0.913	0.697	0.217 ms
Numeric time: 0.621	0.621	0 ms
Symbolic time: 0.908	0.908	0 ms
Numeric time: 0.629	0.593	0.036 ms
Symbolic time: 0.906	0.002	0.904 ms
Numeric time: 0.623	0	0.623 ms
Symbolic time: 0.91	0.676	0.235 ms
Numeric time: 0.632	0.632	0 ms
Symbolic time: 0.918	0.918	0 ms
Numeric time: 0.619	0.58	0.039 ms
Symbolic time: 0.913	0.913	0 ms
Numeric time: 0.635	0.635	0 ms
Symbolic time: 0.913	0.913	0 ms
Numeric time: 0.624	0.625	0 ms
Symbolic time: 0.905	0.905	0 ms
Numeric time: 0.627	0.627	0 ms
Symbolic time: 0.915	0.917	0 ms
Numeric time: 0.637	0.637	0 ms
Symbolic time: 0.903	0.903	0 ms
Numeric time: 0.625	0.624	0 ms
Symbolic time: 0.911	0.911	0 ms
Numeric time: 0.63	0.63	0 ms
Symbolic time: 0.92	0.921	0 ms
Numeric time: 0.624	0.624	0 ms
Symbolic time: 0.926	0.926	0 ms
Numeric time: 0.633	0.633	0 ms
Symbolic time: 0.91	0.91	0 ms
Numeric time: 0.619	0.619	0 ms
Symbolic time: 0.911	0.911	0 ms
Numeric time: 0.64	0.64	0 ms
Symbolic time: 0.918	0.918	0 ms
Numeric time: 0.617	0.613	0.003 ms
Symbolic time: 0.91	0.909	0.001 ms
Numeric time: 0.633	0.633	0 ms
Symbolic time: 0.917	0.917	0 ms
Numeric time: 0.623	0.624	0 ms
Symbolic time: 0.913	0.913	0 ms
Numeric time: 0.628	0.628	0 ms
Symbolic time: 0.913	0.914	0 ms
Numeric time: 0.63	0.631	0 ms
Symbolic time: 0.904	0.904	0 ms
Numeric time: 0.637	0.637	0 ms
Symbolic time: 0.914	0.914	0 ms
Numeric time: 0.628	0.628	0 ms
Symbolic time: 0.906	0.906	0 ms
Numeric time: 0.634	0.635	0 ms
Symbolic time: 0.915	0.916	0 ms
Numeric time: 0.636	0.636	0 ms
Symbolic time: 0.911	0.911	0 ms
Numeric time: 0.62	0.621	0 ms
Symbolic time: 0.915	0.915	0 ms
Numeric time: 0.635	0.635	0 ms
Symbolic time: 0.913	0.914	0 ms
Numeric time: 0.626	0	0.626 ms
Symbolic time: 0.914	0.75	0.165 ms
Numeric time: 0.627	0.542	0.085 ms
Symbolic time: 0.916	0.915	0 ms
Numeric time: 0.624	0.625	0 ms
Symbolic time: 0.913	0.913	0 ms
Numeric time: 0.636	0.637	0 ms
Symbolic time: 0.921	0.92	0 ms
Numeric time: 0.618	0.618	0 ms
Symbolic time: 0.914	0	0.914 ms
Numeric time: 0.64	0.637	0.003 ms
Symbolic time: 0.912	0.912	0 ms
Numeric time: 0.616	0.542	0.074 ms
Symbolic time: 0.902	0.901	0.001 ms
Numeric time: 0.636	0	0.636 ms
Symbolic time: 0.913	0.689	0.225 ms
Numeric time: 0.633	0.633	0 ms
Symbolic time: 0.9	0.901	0 ms
Numeric time: 0.629	0.593	0.037 ms
Symbolic time: 0.92	0.921	0 ms
Numeric time: 0.637	0	0.637 ms
Symbolic time: 0.915	0.7	0.215 ms
Numeric time: 0.621	0.622	0 ms
Symbolic time: 0.917	0.917	0 ms
Numeric time: 0.629	0.592	0.037 ms
Symbolic time: 0.914	0.914	0 ms
Numeric time: 0.622	0.623	0 ms
Symbolic time: 0.916	0	0.917 ms
Numeric time: 0.635	0.636	0 ms
Symbolic time: 0.912	0.912	0 ms
Numeric time: 0.618	0.572	0.047 ms
Symbolic time: 0.917	0.917	0 ms
Numeric time: 0.637	0.637	0 ms
Symbolic time: 0.923	0.923	0 ms
Numeric time: 0.625	0.625	0 ms
Symbolic time: 0.915	0.916	0 ms
Numeric time: 0.629	0.63	0 ms
Symbolic time: 0.917	0.918	0 ms
Numeric time: 0.624	0.625	0 ms
Symbolic time: 0.908	0.908	0 ms
Numeric time: 0.632	0.633	0 ms
Symbolic time: 0.911	0.912	0 ms
Numeric time: 0.626	0.627	0 ms
Symbolic time: 0.903	0.903	0 ms
Numeric time: 0.634	0.634	0 ms
Symbolic time: 0.911	0.911	0 ms
Numeric time: 0.628	0.613	0.014 ms
Symbolic time: 0.911	0.91	0.001 ms
Numeric time: 0.624	0	0.624 ms
Symbolic time: 0.919	0.679	0.24 ms
Numeric time: 0.633	0.633	0 ms
Symbolic time: 0.916	0.916	0 ms
Numeric time: 0.62	0.582	0.037 ms
Symbolic time: 0.909	0.001	0.908 ms
Numeric time: 0.64	0.639	0 ms
Symbolic time: 0.919	0.919	0 ms
Numeric time: 0.622	0.622	0 ms
Symbolic time: 0.915	0.914	0 ms
Numeric time: 0.629	0.629	0 ms
Symbolic time: 0.914	0.914	0 ms
Numeric time: 0.626	0.626	0 ms
Symbolic time: 0.916	0	0.917 ms
Numeric time: 0.636	0.636	0 ms
Symbolic time: 0.91	0.911	0 ms
Numeric time: 0.616	0.571	0.046 ms
Symbolic time: 0.9	0.9	0 ms
Numeric time: 0.633	0.634	0 ms
Symbolic time: 0.912	0.912	0 ms
Numeric time: 0.637	0.637	0 ms
Symbolic time: 0.9	0.9	0 ms
Numeric time: 0.63	0.631	0 ms
Symbolic time: 0.906	0.907	0 ms
Numeric time: 0.639	0.641	0 ms
Symbolic time: 0.914	0.915	0 ms
Numeric time: 0.624	0.625	0 ms
Symbolic time: 0.908	0.909	0 ms
Numeric time: 0.629	0.63	0 ms
Symbolic time: 0.908	0	0.909 ms
Numeric time: 0.625	0.625	0 ms
Symbolic time: 0.911	0.911	0 ms
Numeric time: 0.627	0.553	0.075 ms
Symbolic time: 0.904	0.905	0 ms
Numeric time: 0.621	0.621	0 ms
Symbolic time: 0.911	0.911	0 ms
Numeric time: 0.637	0.638	0 ms
Symbolic time: 0.912	0.912	0 ms
Numeric time: 0.619	0.618	0 ms
Symbolic time: 0.917	0.916	0 ms
Numeric time: 0.634	0.635	0 ms
Symbolic time: 0.912	0.913	0 ms
Numeric time: 0.624	0.624	0 ms
Symbolic time: 0.915	0.916	0 ms
Numeric time: 0.629	0.63	0 ms
Symbolic time: 0.913	0.913	0 ms
Numeric time: 0.625	0.625	0 ms
Symbolic time: 0.904	0.905	0 ms
Numeric time: 0.632	0.633	0 ms
Symbolic time: 0.91	0.911	0 ms
Numeric time: 0.629	0.63	0 ms
Symbolic time: 0.9	0.9	0 ms
Numeric time: 0.632	0.633	0 ms
Symbolic time: 0.912	0.913	0 ms
Numeric time: 0.637	0.638	0 ms
Symbolic time: 0.913	0.913	0 ms
Numeric time: 0.619	0.62	0 ms
Symbolic time: 0.916	0.917	0 ms
Numeric time: 0.633	0.633	0 ms
Symbolic time: 0.917	0.918	0 ms
Numeric time: 0.619	0.617	0.002 ms
Symbolic time: 0.906	0.906	0 ms
Numeric time: 0.633	0.633	0 ms
Symbolic time: 0.914	0.914	0 ms
Numeric time: 0.622	0.622	0 ms
Symbolic time: 0.91	0.911	0 ms
Numeric time: 0.628	0.628	0 ms
Symbolic time: 0.907	0.908	0 ms
Numeric time: 0.624	0	0.625 ms
Symbolic time: 0.912	0.682	0.231 ms
Numeric time: 0.635	0.635	0 ms
Symbolic time: 0.916	0.916	0 ms
Numeric time: 0.619	0.583	0.036 ms
Symbolic time: 0.908	0.908	0 ms
Numeric time: 0.637	0.638	0 ms
Symbolic time: 0.919	0.918	0 ms
Numeric time: 0.625	0.625	0 ms
Symbolic time: 0.904	0.904	0 ms
Numeric time: 0.631	0.631	0 ms
Symbolic time: 0.91	0.909	0 ms
Numeric time: 0.636	0.636	0 ms
Symbolic time: 0.903	0.904	0 ms
Numeric time: 0.623	0.623	0 ms
Symbolic time: 0.913	0.913	0 ms
Numeric time: 0.629	0.63	0 ms
Symbolic time: 0.915	0.915	0 ms
Numeric time: 0.626	0.626	0 ms
Symbolic time: 0.917	0.917	0 ms
Numeric time: 0.632	0.632	0 ms
Symbolic time: 0.911	0.031	0.88 ms
Numeric time: 0.617	0.537	0.081 ms
Symbolic time: 0.911	0.911	0 ms
Numeric time: 0.635	0.636	0 ms
Symbolic time: 0.913	0.913	0 ms
Numeric time: 0.617	0.591	0.026 ms
Symbolic time: 0.908	0.005	0.903 ms
Numeric time: 0.638	0.638	0 ms
Symbolic time: 0.912	0	0.912 ms
Numeric time: 0.622	0.622	0 ms
Symbolic time: 0.912	0	0.912 ms
Numeric time: 0.632	0.499	0.133 ms
Symbolic time: 0.915	0.915	0 ms
Numeric time: 0.62	0	0.621 ms
Symbolic time: 0.903	0.68	0.224 ms
Numeric time: 0.633	0	0.632 ms
Symbolic time: 0.913	0.683	0.229 ms
Numeric time: 0.628	0.543	0.085 ms
Symbolic time: 0.905	0.906	0 ms
Numeric time: 0.637	0.637	0 ms
Symbolic time: 0.91	0.909	0 ms
Numeric time: 0.634	0.634	0 ms
Symbolic time: 0.917	0.917	0 ms
Numeric time: 0.618	0.619	0 ms
Symbolic time: 0.912	0.913	0 ms
Numeric time: 0.636	0.637	0 ms
Symbolic time: 0.911	0.911	0 ms
Numeric time: 0.628	0.628	0 ms
Symbolic time: 0.915	0.916	0 ms
Numeric time: 0.628	0.628	0 ms
Symbolic time: 0.916	0.916	0 ms
Numeric time: 0.63	0.631	0 ms
Symbolic time: 0.912	0.912	0 ms
Numeric time: 0.629	0.617	0.013 ms
Symbolic time: 0.914	0.914	0 ms
Numeric time: 0.619	0.619	0 ms
Symbolic time: 0.915	0.915	0 ms
Numeric time: 0.639	0	0.639 ms
Symbolic time: 0.916	0.737	0.179 ms
Numeric time: 0.62	0.538	0.083 ms
Symbolic time: 0.907	0.905	0.001 ms
Numeric time: 0.643	0.643	0 ms
Symbolic time: 0.916	0.917	0 ms
Numeric time: 0.634	0.634	0 ms
Symbolic time: 0.905	0.906	0 ms
Numeric time: 0.627	0.628	0 ms
Symbolic time: 0.913	0.913	0 ms
Numeric time: 0.642	0.643	0 ms
Symbolic time: 0.916	0.915	0 ms
Numeric time: 0.628	0.627	0 ms
Symbolic time: 0.916	0.916	0 ms
Numeric time: 0.63	0.629	0 ms
Symbolic time: 0.915	0.915	0 ms
Numeric time: 0.626	0	0.627 ms
Symbolic time: 0.913	0.692	0.221 ms
Numeric time: 0.638	0.639	0 ms
Symbolic time: 0.918	0.918	0 ms
Numeric time: 0.618	0.582	0.037 ms
Symbolic time: 0.911	0.911	0 ms
Numeric time: 0.643	0.643	0 ms
Symbolic time: 0.916	0.917	0 ms
Numeric time: 0.628	0.628	0 ms
Symbolic time: 0.914	0.914	0 ms
Numeric time: 0.629	0.629	0 ms
Symbolic time: 0.912	0.912	0 ms
Numeric time: 0.623	0.623	0 ms
Symbolic time: 0.903	0.904	0 ms
Numeric time: 0.631	0.632	0 ms
Symbolic time: 0.914	0.915	0 ms
Numeric time: 0.633	0.633	0 ms
Symbolic time: 0.904	0.904	0 ms
Numeric time: 0.629	0.629	0 ms
Symbolic time: 0.914	0.914	0 ms
Numeric time: 0.639	0.639	0 ms
Symbolic time: 0.915	0.03	0.885 ms
Numeric time: 0.62	0.539	0.081 ms
Symbolic time: 0.918	0.918	0 ms
Numeric time: 0.638	0.638	0 ms
Symbolic time: 0.914	0.914	0 ms
Numeric time: 0.618	0.591	0.028 ms
Symbolic time: 0.9	0.901	0 ms
Numeric time: 0.64	0.64	0 ms
Symbolic time: 0.918	0.918	0 ms
Numeric time: 0.626	0.626	0 ms
Symbolic time: 0.916	0.916	0 ms
Numeric time: 0.631	0.631	0 ms
Symbolic time: 0.913	0.914	0 ms
Numeric time: 0.628	0	0.628 ms
Symbolic time: 0.912	0.687	0.227 ms
Numeric time: 0.637	0.638	0 ms
Symbolic time: 0.908	0.909	0 ms
Numeric time: 0.618	0.583	0.035 ms
Symbolic time: 0.912	0.912	0 ms
Numeric time: 0.638	0.638	0 ms
Symbolic time: 0.914	0.914	0 ms
Numeric time: 0.642	0.643	0 ms
Symbolic time: 0.91	0.91	0 ms
Numeric time: 0.623	0.623	0 ms
Symbolic time: 0.909	0.909	0 ms
Numeric time: 0.634	0.635	0 ms
Symbolic time: 0.917	0.917	0 ms
Numeric time: 0.624	0.625	0 ms
Symbolic time: 0.915	0.915	0 ms
Numeric time: 0.63	0.63	0 ms
Symbolic time: 0.912	0.912	0 ms
Numeric time: 0.628	0.628	0 ms
Symbolic time: 0.916	0.917	0 ms
Numeric time: 0.635	0.635	0 ms
Symbolic time: 0.913	0.913	0 ms
Numeric time: 0.621	0.621	0 ms
Symbolic time: 0.908	0.908	0 ms
Numeric time: 0.636	0.636	0 ms
Symbolic time: 0.921	0.921	0 ms
Numeric time: 0.621	0.614	0.007 ms
Symbolic time: 0.903	0.902	0 ms
Numeric time: 0.637	0.638	0 ms
Symbolic time: 0.91	0.91	0 ms
Numeric time: 0.624	0.625	0 ms
Symbolic time: 0.908	0.907	0 ms
Numeric time: 0.63	0.629	0 ms
Symbolic time: 0.908	0.013	0.895 ms
Numeric time: 0.636	0.637	0 ms
Symbolic time: 0.903	0.903	0 ms
Numeric time: 0.625	0	0.626 ms
Symbolic time: 0.915	0.721	0.194 ms
Numeric time: 0.631	0.55	0.081 ms
Symbolic time: 0.915	0	0.915 ms
Numeric time: 0.628	0.617	0.012 ms
Symbolic time: 0.915	0.915	0 ms
Numeric time: 0.636	0.635	0 ms
Symbolic time: 0.919	0.918	0 ms
Numeric time: 0.622	0.594	0.027 ms
Symbolic time: 0.912	0.912	0 ms
Numeric time: 0.632	0.633	0 ms
Symbolic time: 0.915	0.916	0 ms
Numeric time: 0.629	0.63	0 ms
Symbolic time: 0.913	0.913	0 ms
Numeric time: 0.63	0.631	0 ms
Symbolic time: 0.916	0.916	0 ms
Numeric time: 0.628	0.629	0 ms
Symbolic time: 0.909	0.91	0 ms
Numeric time: 0.635	0	0.635 ms
Symbolic time: 0.912	0.743	0.168 ms
Numeric time: 0.619	0.539	0.079 ms
Symbolic time: 0.907	0	0.907 ms
Numeric time: 0.634	0.615	0.02 ms
Symbolic time: 0.911	0.912	0 ms
Numeric time: 0.634	0.634	0 ms
Symbolic time: 0.895	0.823	0.07 ms
Numeric time: 0.623	0	0.623 ms
Symbolic time: 0.922	0.704	0.219 ms
Numeric time: 0.635	0.636	0 ms
Symbolic time: 0.913	0.913	0 ms
Numeric time: 0.618	0.582	0.036 ms
Symbolic time: 0.907	0.001	0.907 ms
Numeric time: 0.635	0.636	0 ms
Symbolic time: 0.912	0.912	0 ms
Numeric time: 0.621	0.622	0 ms
Symbolic time: 0.908	0.909	0 ms
Numeric time: 0.631	0.631	0 ms
Symbolic time: 0.917	0	0.918 ms
Numeric time: 0.624	0	0.625 ms
Symbolic time: 0.912	0.616	0.296 ms
Numeric time: 0.636	0.637	0 ms
Symbolic time: 0.916	0.917	0 ms
Numeric time: 0.62	0.583	0.037 ms
Symbolic time: 0.917	0.917	0 ms
Numeric time: 0.644	0.645	0 ms
Symbolic time: 0.909	0.909	0 ms
Numeric time: 0.625	0.626	0 ms
Symbolic time: 0.903	0.904	0 ms
Numeric time: 0.628	0.628	0 ms
Symbolic time: 0.924	0.924	0 ms
Numeric time: 0.637	0.638	0 ms
Symbolic time: 0.913	0.913	0 ms
Numeric time: 0.631	0.631	0 ms
Symbolic time: 0.91	0.91	0 ms
Numeric time: 0.629	0.629	0 ms
Symbolic time: 0.919	0.92	0 ms
Numeric time: 0.627	0.628	0 ms
Symbolic time: 0.911	0.911	0 ms
Numeric time: 0.636	0.636	0 ms
Symbolic time: 0.915	0.915	0 ms
Numeric time: 0.619	0.619	0 ms
Symbolic time: 0.913	0.913	0 ms
Numeric time: 0.635	0.635	0 ms
Symbolic time: 0.919	0.919	0 ms
Numeric time: 0.622	0.613	0.009 ms
Symbolic time: 0.904	0.903	0 ms
Numeric time: 0.638	0	0.639 ms
Symbolic time: 0.916	0.694	0.222 ms
Numeric time: 0.625	0.625	0 ms
Symbolic time: 0.905	0.905	0 ms
Numeric time: 0.631	0.596	0.035 ms
Symbolic time: 0.908	0.004	0.904 ms
Numeric time: 0.635	0.636	0 ms
Symbolic time: 0.9	0	0.9 ms
Numeric time: 0.638	0.639	0 ms
Symbolic time: 0.911	0	0.911 ms
Numeric time: 0.631	0.486	0.145 ms
Symbolic time: 0.911	0.91	0 ms
Numeric time: 0.629	0.63	0 ms
Symbolic time: 0.912	0.913	0 ms
Numeric time: 0.644	0.643	0 ms
Symbolic time: 0.908	0.909	0 ms
Numeric time: 0.622	0.621	0 ms
Symbolic time: 0.913	0.913	0 ms
Numeric time: 0.637	0.636	0 ms
Symbolic time: 0.912	0.913	0 ms
Numeric time: 0.633	0.632	0 ms
Symbolic time: 0.917	0.917	0 ms
Numeric time: 0.634	0.633	0 ms
Symbolic time: 0.917	0.917	0 ms
Numeric time: 0.814	0.815	0 ms
Symbolic time: 1.406	1.405	0 ms
Numeric time: 0.979	0.98	0 ms
Symbolic time: 1.395	1.396	0 ms
Numeric time: 0.905	0.906	0 ms
Symbolic time: 0.91	0.91	0 ms
Numeric time: 0.627	0.627	0 ms
Symbolic time: 0.906	0.905	0 ms
Numeric time: 0.715	0.713	0.003 ms
Symbolic time: 1.385	1.386	0 ms
Numeric time: 0.975	0.974	0 ms
Symbolic time: 1.369	0.495	0.875 ms
Numeric time: 0.979	0	0.98 ms
Symbolic time: 0.917	0.917	0 ms
Numeric time: 0.626	0.553	0.072 ms
Symbolic time: 0.905	0.905	0 ms
Numeric time: 0.625	0.625	0 ms
Symbolic time: 0.912	0.911	0 ms
Numeric time: 0.634	0.634	0 ms
Symbolic time: 0.902	0.007	0.894 ms
Numeric time: 0.649	0.565	0.085 ms
Symbolic time: 0.978	0.978	0 ms
Numeric time: 0.711	0.712	0 ms
Symbolic time: 0.908	0.908	0 ms
Numeric time: 0.625	0.625	0 ms
Symbolic time: 0.904	0.904	0 ms
Numeric time: 0.617	0.617	0 ms
Symbolic time: 0.91	0.91	0 ms
Numeric time: 0.623	0.624	0 ms
Symbolic time: 0.901	0.901	0 ms
Numeric time: 0.616	0.594	0.022 ms
Symbolic time: 0.894	0	0.893 ms
Numeric time: 0.619	0	0.619 ms
Symbolic time: 0.91	0.666	0.244 ms
Numeric time: 0.622	0.622	0 ms
Symbolic time: 0.905	0.905	0 ms
Numeric time: 0.612	0.582	0.031 ms
Symbolic time: 0.9	0.9	0 ms
Numeric time: 0.62	0.621	0 ms
Symbolic time: 0.9	0.9	0 ms
Numeric time: 0.619	0.619	0 ms
Symbolic time: 0.902	0.902	0 ms
Numeric time: 0.616	0.616	0 ms
Symbolic time: 0.897	0.897	0 ms
Numeric time: 0.622	0.622	0 ms
Symbolic time: 0.903	0.903	0 ms
Numeric time: 0.617	0.614	0.003 ms
Symbolic time: 0.898	0.898	0 ms
Numeric time: 0.624	0.624	0 ms
Symbolic time: 0.904	0	0.904 ms
Numeric time: 0.618	0.619	0 ms
Symbolic time: 0.901	0.902	0 ms
Numeric time: 0.616	0.551	0.064 ms
Symbolic time: 0.901	0.901	0 ms
Numeric time: 0.624	0.624	0 ms
Symbolic time: 0.907	0.905	0.002 ms
Numeric time: 0.624	0.623	0 ms
Symbolic time: 0.902	0.902	0 ms
Numeric time: 0.621	0.621	0 ms
Symbolic time: 0.91	0.911	0 ms
Numeric time: 0.625	0.625	0 ms
Symbolic time: 0.908	0.909	0 ms
Numeric time: 0.624	0.624	0 ms
Symbolic time: 0.897	0.894	0.004 ms
Numeric time: 0.614	0	0.614 ms
Symbolic time: 0.907	0.677	0.23 ms
Numeric time: 0.623	0.622	0 ms
Symbolic time: 0.905	0.905	0 ms
Numeric time: 0.615	0.584	0.032 ms
Symbolic time: 0.898	0	0.899 ms
Numeric time: 0.62	0.595	0.026 ms
Symbolic time: 0.9	0.9	0 ms
Numeric time: 0.62	0.62	0 ms
Symbolic time: 0.901	0.901	0 ms
Numeric time: 0.617	0.596	0.021 ms
Symbolic time: 0.903	0.904	0 ms
Numeric time: 0.623	0	0.623 ms
Symbolic time: 0.905	0.675	0.229 ms
Numeric time: 0.615	0.535	0.08 ms
Symbolic time: 0.9	0.899	0 ms
Numeric time: 0.616	0	0.617 ms
Symbolic time: 0.902	0.676	0.226 ms
Numeric time: 0.629	0.63	0 ms
Symbolic time: 0.904	0.904	0 ms
Numeric time: 0.613	0.582	0.033 ms
Symbolic time: 0.901	0	0.901 ms
Numeric time: 0.623	0.6	0.023 ms
Symbolic time: 0.898	0.898	0 ms
Numeric time: 0.621	0.621	0 ms
Symbolic time: 0.9	0.9	0 ms
Numeric time: 0.615	0.596	0.019 ms
Symbolic time: 0.908	0.908	0 ms
Numeric time: 0.628	0.629	0 ms
Symbolic time: 0.902	0.903	0 ms
Numeric time: 0.616	0.593	0.022 ms
Symbolic time: 0.896	0.897	0 ms
Numeric time: 0.621	0	0.621 ms
Symbolic time: 0.903	0.663	0.241 ms
Numeric time: 0.623	0.623	0 ms
Symbolic time: 0.904	0.904	0 ms
Numeric time: 0.616	0.584	0.032 ms
Symbolic time: 0.902	0.902	0 ms
Numeric time: 0.622	0.623	0 ms
Symbolic time: 0.899	0.898	0 ms
Numeric time: 0.626	0	0.627 ms
Symbolic time: 0.899	0.725	0.174 ms
Numeric time: 0.617	0.536	0.08 ms
Symbolic time: 0.901	0.902	0 ms
Numeric time: 0.625	0.626	0 ms
Symbolic time: 0.902	0.902	0 ms
Numeric time: 0.617	0.595	0.021 ms
Symbolic time: 0.902	0.901	0 ms
Numeric time: 0.616	0	0.616 ms
Symbolic time: 0.903	0.677	0.227 ms
Numeric time: 0.632	0.631	0 ms
Symbolic time: 0.898	0.899	0 ms
Numeric time: 0.619	0.586	0.032 ms
Symbolic time: 0.9	0.9	0 ms
Numeric time: 0.625	0.625	0 ms
Symbolic time: 0.898	0	0.898 ms
Numeric time: 0.621	0.621	0 ms
Symbolic time: 0.897	0.898	0 ms
Numeric time: 0.616	0.559	0.058 ms
Symbolic time: 0.9	0.901	0 ms
Numeric time: 0.62	0.621	0 ms
Symbolic time: 0.9	0.9	0 ms
Numeric time: 0.618	0.598	0.02 ms
Symbolic time: 0.893	0	0.894 ms
Numeric time: 0.622	0	0.622 ms
Symbolic time: 0.905	0.664	0.24 ms
Numeric time: 0.625	0.625	0 ms
Symbolic time: 0.897	0.898	0 ms
Numeric time: 0.619	0.586	0.032 ms
Symbolic time: 0.904	0.905	0 ms
Numeric time: 0.62	0.621	0 ms
Symbolic time: 0.904	0.904	0 ms
Numeric time: 0.618	0.618	0 ms
Symbolic time: 0.898	0.898	0 ms
Numeric time: 0.617	0.617	0 ms
Symbolic time: 0.903	0.903	0 ms
Numeric time: 0.622	0.623	0 ms
Symbolic time: 0.901	0.901	0 ms
Numeric time: 0.614	0.611	0.003 ms
Symbolic time: 0.897	0.898	0 ms
Numeric time: 0.62	0	0.62 ms
Symbolic time: 0.898	0	0.898 ms
Numeric time: 0.62	0.341	0.279 ms
Symbolic time: 0.905	0.905	0 ms
Numeric time: 0.614	0.544	0.071 ms
Symbolic time: 0.903	0.903	0 ms
Numeric time: 0.621	0.621	0 ms
Symbolic time: 0.896	0.897	0 ms
Numeric time: 0.62	0.621	0 ms
Symbolic time: 0.901	0.9	0 ms
Numeric time: 0.615	0.615	0 ms
Symbolic time: 0.898	0.899	0 ms
Numeric time: 0.621	0	0.621 ms
Symbolic time: 0.9	0.689	0.211 ms
Numeric time: 0.615	0.534	0.081 ms
Symbolic time: 0.896	0.896	0 ms
Numeric time: 0.621	0.622	0 ms
Symbolic time: 0.903	0.903	0 ms
Numeric time: 0.623	0.623	0 ms
Symbolic time: 0.907	0.908	0 ms
Numeric time: 0.614	0.615	0 ms
Symbolic time: 0.9	0.9	0 ms
Numeric time: 0.623	0.623	0 ms
Symbolic time: 0.901	0.901	0 ms
Numeric time: 0.623	0	0.623 ms
Symbolic time: 0.901	0.728	0.173 ms
Numeric time: 0.618	0.537	0.081 ms
Symbolic time: 0.903	0	0.903 ms
Numeric time: 0.622	0.6	0.022 ms
Symbolic time: 0.901	0.901	0 ms
Numeric time: 0.619	0.548	0.071 ms
Symbolic time: 0.894	0	0.894 ms
Numeric time: 0.624	0.624	0 ms
Symbolic time: 1.044	0.077	0.968 ms
Numeric time: 0.629	0.629	0 ms
Symbolic time: 0.902	0.902	0 ms
Numeric time: 0.62	0.586	0.034 ms
Symbolic time: 0.892	0.893	0 ms
Numeric time: 0.624	0.624	0 ms
Symbolic time: 0.905	0	0.905 ms
Numeric time: 0.623	0.624	0 ms
Symbolic time: 0.906	0.906	0 ms
Numeric time: 0.616	0.552	0.064 ms
Symbolic time: 0.906	0.906	0 ms
Numeric time: 0.621	0.621	0 ms
Symbolic time: 0.903	0.903	0 ms
Numeric time: 0.624	0.624	0 ms
Symbolic time: 0.904	0.903	0 ms
Numeric time: 0.619	0.619	0 ms
Symbolic time: 0.9	0.899	0 ms
Numeric time: 0.621	0.622	0 ms
Symbolic time: 0.903	0.903	0 ms
Numeric time: 0.616	0.609	0.007 ms
Symbolic time: 0.896	0.897	0 ms
Numeric time: 0.621	0.62	0 ms
Symbolic time: 0.9	0	0.901 ms
Numeric time: 0.624	0.625	0 ms
Symbolic time: 0.902	0.902	0 ms
Numeric time: 0.618	0.549	0.068 ms
Symbolic time: 0.899	0.899	0 ms
Numeric time: 0.624	0.625	0 ms
Symbolic time: 0.902	0.903	0 ms
Numeric time: 0.623	0.622	0 ms
Symbolic time: 0.9	0.9	0 ms
Numeric time: 0.617	0.617	0 ms
Symbolic time: 0.907	0.907	0 ms
Numeric time: 0.623	0.624	0 ms
Symbolic time: 0.9	0.899	0 ms
Numeric time: 0.615	0.611	0.005 ms
Symbolic time: 0.896	0.895	0 ms
Numeric time: 0.621	0	0.621 ms
Symbolic time: 0.907	0.665	0.241 ms
Numeric time: 0.622	0	0.622 ms
Symbolic time: 0.905	0.664	0.241 ms
Numeric time: 0.616	0.534	0.082 ms
Symbolic time: 0.902	0.902	0 ms
Numeric time: 0.622	0.621	0 ms
Symbolic time: 0.906	0.905	0 ms
Numeric time: 0.621	0.621	0 ms
Symbolic time: 0.909	0.91	0 ms
Numeric time: 0.616	0.616	0 ms
Symbolic time: 0.901	0.902	0 ms
Numeric time: 0.623	0	0.623 ms
Symbolic time: 0.903	0.692	0.212 ms
Numeric time: 0.614	0.533	0.082 ms
Symbolic time: 0.902	0.902	0 ms
Numeric time: 0.621	0	0.621 ms
Symbolic time: 0.899	0.659	0.24 ms
Numeric time: 0.619	0.619	0 ms
Symbolic time: 0.901	0.902	0 ms
Numeric time: 0.615	0.584	0.032 ms
Symbolic time: 0.904	0.904	0 ms
Numeric time: 0.623	0.623	0 ms
Symbolic time: 0.901	0.901	0 ms
Numeric time: 0.623	0	0.624 ms
Symbolic time: 0.898	0.721	0.177 ms
Numeric time: 0.616	0.534	0.082 ms
Symbolic time: 0.902	0.902	0 ms
Numeric time: 0.623	0.623	0 ms
Symbolic time: 0.901	0.901	0 ms
Numeric time: 0.616	0.594	0.021 ms
Symbolic time: 0.9	0.901	0 ms
Numeric time: 0.62	0.62	0 ms
Symbolic time: 0.903	0	0.903 ms
Numeric time: 0.624	0.624	0 ms
Symbolic time: 0.908	0.908	0 ms
Numeric time: 0.617	0.551	0.065 ms
Symbolic time: 0.9	0.9	0 ms
Numeric time: 0.623	0.624	0 ms
Symbolic time: 0.905	0.905	0 ms
Numeric time: 0.626	0.626	0 ms
Symbolic time: 0.899	0.899	0 ms
Numeric time: 0.615	0.615	0 ms
Symbolic time: 0.908	0	0.908 ms
Numeric time: 0.618	0.619	0 ms
Symbolic time: 0.9	0.9	0 ms
Numeric time: 0.615	0.544	0.071 ms
Symbolic time: 0.897	0.897	0 ms
Numeric time: 0.621	0.621	0 ms
Symbolic time: 0.9	0.9	0 ms
Numeric time: 0.623	0.624	0 ms
Symbolic time: 0.903	0.903	0 ms
Numeric time: 0.615	0.616	0 ms
Symbolic time: 0.904	0.903	0 ms
Numeric time: 0.626	0	0.626 ms
Symbolic time: 0.899	0.682	0.218 ms
Numeric time: 0.623	0.623	0 ms
Symbolic time: 0.899	0.899	0 ms
Numeric time: 0.616	0.584	0.032 ms
Symbolic time: 0.9	0	0.901 ms
Numeric time: 0.62	0.598	0.023 ms
Symbolic time: 0.902	0.902	0 ms
Numeric time: 0.614	0.544	0.071 ms
Symbolic time: 0.901	0	0.901 ms
Numeric time: 0.622	0.621	0 ms
Symbolic time: 0.902	0	0.902 ms
Numeric time: 0.62	0	0.62 ms
Symbolic time: 0.902	0.63	0.273 ms
Numeric time: 0.614	0.531	0.083 ms
Symbolic time: 0.903	0	0.903 ms
Numeric time: 0.625	0.606	0.02 ms
Symbolic time: 0.899	0.899	0 ms
Numeric time: 0.621	0.621	0 ms
Symbolic time: 0.899	0.899	0 ms
Numeric time: 0.617	0.596	0.021 ms
Symbolic time: 0.902	0.902	0 ms
Numeric time: 0.622	0.622	0 ms
Symbolic time: 0.902	0.902	0 ms
Numeric time: 0.616	0.595	0.022 ms
Symbolic time: 0.892	0	0.892 ms
Numeric time: 0.623	0	0.623 ms
Symbolic time: 0.902	0.661	0.241 ms
Numeric time: 0.619	0.62	0 ms
Symbolic time: 0.903	0.903	0 ms
Numeric time: 0.615	0.583	0.032 ms
Symbolic time: 0.899	0.899	0 ms
Numeric time: 0.622	0	0.622 ms
Symbolic time: 0.901	0.674	0.226 ms
Numeric time: 0.62	0.62	0 ms
Symbolic time: 0.901	0	0.901 ms
Numeric time: 0.614	0.497	0.117 ms
Symbolic time: 0.898	0.898	0 ms
Numeric time: 0.619	0.619	0 ms
Symbolic time: 0.901	0.901	0 ms
Numeric time: 0.614	0.594	0.02 ms
Symbolic time: 0.899	0	0.899 ms
Numeric time: 0.62	0.598	0.022 ms
Symbolic time: 0.901	0.902	0 ms
Numeric time: 0.621	0	0.622 ms
Symbolic time: 0.9	0.674	0.226 ms
Numeric time: 0.617	0.533	0.085 ms
Symbolic time: 0.903	0.903	0 ms
Numeric time: 0.62	0.62	0 ms
Symbolic time: 0.904	0.905	0 ms
Numeric time: 0.618	0.595	0.023 ms
Symbolic time: 0.9	0.9	0 ms
Numeric time: 0.622	0	0.622 ms
Symbolic time: 0.9	0	0.9 ms
Numeric time: 0.622	0.35	0.273 ms
Symbolic time: 0.902	0.902	0 ms
Numeric time: 0.613	0.54	0.074 ms
Symbolic time: 0.901	0.902	0 ms
Numeric time: 0.625	0.624	0 ms
Symbolic time: 0.903	0.902	0 ms
Numeric time: 0.621	0	0.621 ms
Symbolic time: 0.902	0.734	0.169 ms
Numeric time: 0.617	0.532	0.086 ms
Symbolic time: 0.901	0.901	0 ms
Numeric time: 0.62	0.62	0 ms
Symbolic time: 0.899	0.899	0 ms
Numeric time: 0.617	0.596	0.021 ms
Symbolic time: 0.894	0.895	0 ms
Numeric time: 0.623	0.623	0 ms
Symbolic time: 0.901	0	0.901 ms
Numeric time: 0.624	0.624	0 ms
Symbolic time: 0.899	0.899	0 ms
Numeric time: 0.615	0.55	0.066 ms
Symbolic time: 0.9	0.9	0 ms
Numeric time: 0.625	0.626	0 ms
Symbolic time: 0.898	0.899	0 ms
Numeric time: 0.62	0.621	0 ms
Symbolic time: 0.898	0.899	0 ms
Numeric time: 0.615	0.615	0 ms
Symbolic time: 0.901	0.901	0 ms
Numeric time: 0.619	0.62	0 ms
Symbolic time: 0.903	0.903	0 ms
Numeric time: 0.622	0.619	0.003 ms
Symbolic time: 0.894	0	0.894 ms
Numeric time: 0.619	0.62	0 ms
Symbolic time: 0.902	0.902	0 ms
Numeric time: 0.622	0.622	0 ms
Symbolic time: 0.901	0.9	0 ms
Numeric time: 0.616	0.616	0 ms
Symbolic time: 0.901	0.901	0 ms
Numeric time: 0.622	0.621	0 ms
Symbolic time: 0.899	0.898	0 ms
Numeric time: 0.618	0.617	0 ms
Symbolic time: 0.899	0.898	0 ms
Numeric time: 0.617	0.618	0 ms
Symbolic time: 0.901	0.902	0 ms
Numeric time: 0.618	0.619	0 ms
Symbolic time: 0.899	0.9	0 ms
Numeric time: 0.615	0.615	0 ms
Symbolic time: 0.901	0.901	0 ms
Numeric time: 0.62	0.62	0 ms
Symbolic time: 0.901	0	0.901 ms
Numeric time: 0.621	0.621	0 ms
Symbolic time: 0.905	0.905	0 ms
Numeric time: 0.617	0.563	0.054 ms
Symbolic time: 0.901	0.9	0 ms
Numeric time: 0.62	0.621	0 ms
Symbolic time: 0.9	0.9	0 ms
Numeric time: 0.615	0.594	0.021 ms
Symbolic time: 0.895	0	0.895 ms
Numeric time: 0.621	0.621	0 ms
Symbolic time: 0.901	0.902	0 ms
Numeric time: 0.619	0	0.62 ms
Symbolic time: 0.901	0.714	0.188 ms
Numeric time: 0.617	0.532	0.085 ms
Symbolic time: 0.902	0.901	0 ms
Numeric time: 0.619	0.618	0 ms
Symbolic time: 0.903	0.903	0 ms
Numeric time: 0.621	0.621	0 ms
Symbolic time: 0.904	0.905	0 ms
Numeric time: 0.613	0.613	0 ms
Symbolic time: 0.897	0	0.897 ms
Numeric time: 0.622	0	0.622 ms
Symbolic time: 0.901	0.607	0.294 ms
Numeric time: 0.616	0.531	0.085 ms
Symbolic time: 0.891	0.891	0 ms
Numeric time: 0.628	0.629	0 ms
Symbolic time: 0.902	0.902	0 ms
Numeric time: 0.621	0	0.621 ms
Symbolic time: 0.899	0.712	0.187 ms
Numeric time: 0.616	0.53	0.085 ms
Symbolic time: 0.903	0.904	0 ms
Numeric time: 0.621	0.621	0 ms
Symbolic time: 0.899	0.9	0 ms
Numeric time: 0.621	0.621	0 ms
Symbolic time: 0.899	0.899	0 ms
Numeric time: 0.618	0.618	0 ms
Symbolic time: 0.898	0.897	0 ms
Numeric time: 0.621	0.621	0 ms
Symbolic time: 0.904	0.905	0 ms
Numeric time: 0.616	0.614	0.003 ms
Symbolic time: 0.895	0	0.896 ms
Numeric time: 0.62	0	0.62 ms
Symbolic time: 0.901	0	0.901 ms
Numeric time: 0.621	0.348	0.272 ms
Symbolic time: 0.903	0.904	0 ms
Numeric time: 0.616	0.542	0.075 ms
Symbolic time: 0.905	0.905	0 ms
Numeric time: 0.623	0.623	0 ms
Symbolic time: 0.904	0.904	0 ms
Numeric time: 0.619	0.62	0 ms
Symbolic time: 0.9	0.9	0 ms
Numeric time: 0.615	0.615	0 ms
Symbolic time: 0.899	0.898	0 ms
Numeric time: 0.62	0.62	0 ms
Symbolic time: 0.904	0.903	0 ms
Numeric time: 0.617	0.613	0.003 ms
Symbolic time: 0.901	0.901	0 ms
Numeric time: 0.618	0.618	0 ms
Symbolic time: 0.898	0	0.898 ms
Numeric time: 0.62	0.619	0 ms
Symbolic time: 0.899	0.899	0 ms
Numeric time: 0.617	0.562	0.056 ms
Symbolic time: 0.9	0.9	0 ms
Numeric time: 0.62	0.621	0 ms
Symbolic time: 0.901	0.901	0 ms
Numeric time: 0.613	0.593	0.021 ms
Symbolic time: 0.894	0.894	0 ms
Numeric time: 0.617	0.618	0 ms
Symbolic time: 0.9	0	0.9 ms
Numeric time: 0.622	0.623	0 ms
Symbolic time: 0.908	0.909	0 ms
Numeric time: 0.615	0.549	0.067 ms
Symbolic time: 0.907	0.907	0 ms
Numeric time: 0.62	0.62	0 ms
Symbolic time: 0.898	0.899	0 ms
Numeric time: 0.619	0.619	0 ms
Symbolic time: 0.904	0.904	0 ms
Numeric time: 0.614	0.614	0 ms
Symbolic time: 0.901	0	0.901 ms
Numeric time: 0.621	0.621	0.001 ms
Symbolic time: 0.901	0.901	0 ms
Numeric time: 0.613	0.54	0.074 ms
Symbolic time: 0.895	0.896	0 ms
Numeric time: 0.62	0.62	0 ms
Symbolic time: 0.915	0.915	0 ms
Numeric time: 0.619	0.62	0 ms
Symbolic time: 0.9	0.9	0 ms
Numeric time: 0.617	0.618	0 ms
Symbolic time: 0.901	0.9	0 ms
Numeric time: 0.626	0.626	0 ms
Symbolic time: 0.9	0.9	0 ms
Numeric time: 0.619	0.619	0 ms
Symbolic time: 0.897	0.897	0 ms
Numeric time: 0.615	0.615	0 ms
Symbolic time: 0.902	0.902	0 ms
Numeric time: 0.621	0.621	0 ms
Symbolic time: 0.899	0.899	0 ms
Numeric time: 0.616	0.617	0 ms
Symbolic time: 0.895	0	0.895 ms
Numeric time: 0.62	0.621	0 ms
Symbolic time: 0.902	0	0.902 ms
Numeric time: 0.619	0.62	0 ms
Symbolic time: 0.898	0.898	0 ms
Numeric time: 0.617	0.554	0.063 ms
Symbolic time: 0.898	0.899	0 ms
Numeric time: 0.62	0.621	0 ms
Symbolic time: 0.901	0.902	0 ms
Numeric time: 0.62	0.62	0 ms
Symbolic time: 0.899	0.898	0 ms
Numeric time: 0.616	0.616	0 ms
Symbolic time: 0.906	0.906	0 ms
Numeric time: 0.619	0.618	0 ms
Symbolic time: 0.904	0.904	0 ms
Numeric time: 0.615	0.612	0.002 ms
Symbolic time: 0.902	0.903	0 ms
Numeric time: 0.623	0	0.624 ms
Symbolic time: 0.898	0	0.898 ms
Numeric time: 0.622	0.361	0.261 ms
Symbolic time: 0.899	0.9	0 ms
Numeric time: 0.615	0.541	0.073 ms
Symbolic time: 0.901	0.901	0 ms
Numeric time: 0.622	0.622	0 ms
Symbolic time: 0.9	0.9	0 ms
Numeric time: 0.62	0.621	0 ms
Symbolic time: 0.895	0.875	0.02 ms
Numeric time: 0.615	0	0.616 ms
Symbolic time: 0.904	0.679	0.225 ms
Numeric time: 0.62	0.62	0 ms
Symbolic time: 0.9	0.9	0 ms
Numeric time: 0.617	0.583	0.033 ms
Symbolic time: 0.901	0.9	0 ms
Numeric time: 0.618	0.618	0 ms
Symbolic time: 0.899	0.899	0 ms
Numeric time: 0.617	0.619	0 ms
Symbolic time: 0.899	0.899	0 ms
Numeric time: 0.615	0.615	0 ms
Symbolic time: 0.895	0.896	0 ms
Numeric time: 0.619	0.619	0 ms
Symbolic time: 0.903	0.904	0 ms
Numeric time: 0.614	0.614	0 ms
Symbolic time: 0.893	0.893	0 ms
Numeric time: 0.627	0.628	0 ms
Symbolic time: 0.899	0.899	0 ms
Numeric time: 0.617	0.619	0 ms
Symbolic time: 0.895	0.895	0 ms
Numeric time: 0.615	0.616	0 ms
Symbolic time: 0.905	0.905	0 ms
Numeric time: 0.622	0.622	0 ms
Symbolic time: 0.9	0.9	0 ms
Numeric time: 0.621	0.621	0 ms
Symbolic time: 0.902	0.902	0 ms
Numeric time: 0.615	0.615	0 ms
Symbolic time: 0.896	0.897	0 ms
Numeric time: 0.622	0.622	0 ms
Symbolic time: 0.902	0.902	0 ms
Numeric time: 0.617	0.617	0 ms
Symbolic time: 0.894	0	0.894 ms
Numeric time: 0.62	0	0.62 ms
Symbolic time: 0.902	0.662	0.24 ms
Numeric time: 0.622	0.622	0 ms
Symbolic time: 0.901	0	0.902 ms
Numeric time: 0.617	0.499	0.118 ms
Symbolic time: 0.904	0.904	0 ms
Numeric time: 0.627	0.627	0 ms
Symbolic time: 0.901	0.901	0 ms
Numeric time: 0.617	0.617	0 ms
Symbolic time: 0.902	0.901	0 ms
Numeric time: 0.617	0.616	0 ms
Symbolic time: 0.898	0.898	0 ms
Numeric time: 0.621	0.621	0 ms
Symbolic time: 0.899	0.898	0 ms
Numeric time: 0.614	0.611	0.002 ms
Symbolic time: 0.9	0.9	0 ms
Numeric time: 0.621	0.622	0 ms
Symbolic time: 0.9	0	0.901 ms
Numeric time: 0.622	0.622	0 ms
Symbolic time: 0.903	0.903	0 ms
Numeric time: 0.617	0.562	0.055 ms
Symbolic time: 0.902	0.902	0 ms
Numeric time: 0.624	0.625	0 ms
Symbolic time: 0.897	0.897	0 ms
Numeric time: 0.618	0.595	0.021 ms
Symbolic time: 0.893	0.893	0 ms
Numeric time: 0.624	0.624	0 ms
Symbolic time: 0.9	0.9	0 ms
Numeric time: 0.62	0	0.621 ms
Symbolic time: 0.9	0.713	0.187 ms
Numeric time: 0.616	0.531	0.085 ms
Symbolic time: 0.897	0.898	0 ms
Numeric time: 0.622	0.621	0 ms
Symbolic time: 0.899	0.9	0 ms
Numeric time: 0.622	0.623	0 ms
Symbolic time: 0.9	0.9	0 ms
Numeric time: 0.615	0.614	0 ms
Symbolic time: 0.901	0.901	0 ms
Numeric time: 0.62	0.62	0 ms
Symbolic time: 0.896	0.895	0 ms
Numeric time: 0.618	0.617	0.001 ms
Symbolic time: 0.892	0.892	0 ms
Numeric time: 0.622	0.623	0 ms
Symbolic time: 0.895	0.896	0 ms
Numeric time: 0.618	0.618	0 ms
Symbolic time: 0.9	0.9	0 ms
Numeric time: 0.619	0.618	0 ms
Symbolic time: 0.899	0.899	0 ms
Numeric time: 0.622	0.623	0 ms
Symbolic time: 0.902	0.902	0 ms
Numeric time: 0.619	0.62	0 ms
Symbolic time: 0.904	0.904	0 ms
Numeric time: 0.614	0.614	0 ms
Symbolic time: 0.9	0.901	0 ms
Numeric time: 0.621	0.622	0 ms
Symbolic time: 0.899	0.899	0 ms
Numeric time: 0.617	0.617	0 ms
Symbolic time: 0.897	0.897	0 ms
Numeric time: 0.622	0	0.623 ms
Symbolic time: 0.902	0	0.902 ms
Numeric time: 0.62	0.361	0.26 ms
Symbolic time: 0.9	0.899	0 ms
Numeric time: 0.62	0.546	0.074 ms
Symbolic time: 0.9	0.9	0 ms
Numeric time: 0.621	0.622	0 ms
Symbolic time: 0.898	0.898	0 ms
Numeric time: 0.618	0.619	0 ms
Symbolic time: 0.904	0.905	0 ms
Numeric time: 0.614	0.615	0 ms
Symbolic time: 0.9	0.9	0 ms
Numeric time: 0.618	0.618	0 ms
Symbolic time: 0.898	0.898	0 ms
Numeric time: 0.616	0.613	0.002 ms
Symbolic time: 0.895	0	0.895 ms
Numeric time: 0.62	0.62	0 ms
Symbolic time: 0.901	0	0.9 ms
Numeric time: 0.623	0.624	0 ms
Symbolic time: 0.902	0.902	0 ms
Numeric time: 0.616	0.549	0.066 ms
Symbolic time: 0.898	0.898	0 ms
Numeric time: 0.618	0.618	0 ms
Symbolic time: 0.898	0.898	0 ms
Numeric time: 0.621	0.621	0 ms
Symbolic time: 0.904	0.903	0 ms
Numeric time: 0.615	0.616	0 ms
Symbolic time: 0.898	0.898	0 ms
Numeric time: 0.624	0	0.624 ms
Symbolic time: 0.901	0.697	0.204 ms
Numeric time: 0.615	0.531	0.084 ms
Symbolic time: 0.903	0.903	0 ms
Numeric time: 0.62	0	0.621 ms
Symbolic time: 0.897	0.67	0.228 ms
Numeric time: 0.621	0.622	0 ms
Symbolic time: 0.902	0.902	0 ms
Numeric time: 0.616	0.584	0.034 ms
Symbolic time: 0.9	0.899	0 ms
Numeric time: 0.619	0	0.62 ms
Symbolic time: 0.9	0.673	0.229 ms
Numeric time: 0.625	0.624	0 ms
Symbolic time: 0.892	0.81	0.083 ms
Numeric time: 0.611	0	0.612 ms
Symbolic time: 0.899	0.67	0.229 ms
Numeric time: 0.621	0.621	0 ms
Symbolic time: 0.901	0.901	0 ms
Numeric time: 0.614	0.581	0.033 ms
Symbolic time: 0.901	0.902	0 ms
Numeric time: 0.621	0.621	0 ms
Symbolic time: 0.9	0.899	0 ms
Numeric time: 0.62	0.62	0 ms
Symbolic time: 0.902	0.902	0 ms
Numeric time: 0.616	0.616	0 ms
Symbolic time: 0.901	0.901	0 ms
Numeric time: 0.619	0.62	0 ms
Symbolic time: 0.9	0.899	0 ms
Numeric time: 0.613	0.612	0.002 ms
Symbolic time: 0.892	0.891	0 ms
Numeric time: 0.622	0.622	0 ms
Symbolic time: 0.902	0	0.901 ms
Numeric time: 0.621	0.622	0 ms
Symbolic time: 0.901	0.901	0 ms
Numeric time: 0.614	0.551	0.063 ms
Symbolic time: 0.907	0.907	0 ms
Numeric time: 0.622	0.622	0 ms
Symbolic time: 0.896	0.896	0 ms
Numeric time: 0.619	0.619	0 ms
Symbolic time: 0.896	0.896	0 ms
Numeric time: 0.613	0.614	0 ms
Symbolic time: 0.896	0	0.896 ms
Numeric time: 0.622	0.617	0.005 ms
Symbolic time: 0.9	0.899	0 ms
Numeric time: 0.616	0.543	0.073 ms
Symbolic time: 0.892	0	0.893 ms
Numeric time: 0.621	0	0.621 ms
Symbolic time: 0.9	0.659	0.241 ms
Numeric time: 0.621	0	0.622 ms
Symbolic time: 0.903	0.666	0.237 ms
Numeric time: 0.614	0.529	0.085 ms
Symbolic time: 0.902	0.902	0 ms
Numeric time: 0.617	0	0.618 ms

Symbolic time: 0.914893 ms
Numeric time: 0.630354 ms
