Symbolic time: 0.671	0.585	0.084 ms
Numeric time: 0.455	0.458	0 ms
Symbolic time: 0.541	0.54	0 ms
Numeric time: 0.417	0.418	0 ms
Symbolic time: 0.551	0.552	0 ms
Numeric time: 0.41	0.41	0 ms
Symbolic time: 0.558	0.557	0 ms
Numeric time: 0.41	0.41	0 ms
Symbolic time: 0.555	0.555	0 ms
Numeric time: 0.406	0.407	0 ms
Symbolic time: 0.554	0.555	0 ms
Numeric time: 0.41	0.409	0 ms
Symbolic time: 0.553	0.553	0 ms
Numeric time: 0.402	0.402	0 ms
Symbolic time: 0.457	0.457	0 ms
Numeric time: 0.274	0.274	0 ms
Symbolic time: 0.371	0.371	0 ms
Numeric time: 0.284	0.285	0 ms
Symbolic time: 0.366	0.366	0 ms
Numeric time: 0.281	0.281	0 ms
Symbolic time: 0.377	0.377	0 ms
Numeric time: 0.274	0.274	0 ms
Symbolic time: 0.37	0.371	0 ms
Numeric time: 0.283	0.284	0 ms
Symbolic time: 0.363	0.363	0 ms
Numeric time: 0.28	0.28	0 ms
Symbolic time: 0.373	0.374	0 ms
Numeric time: 0.275	0.275	0 ms
Symbolic time: 0.371	0.371	0 ms
Numeric time: 0.283	0.284	0 ms
Symbolic time: 0.368	0.368	0 ms
Numeric time: 0.274	0.274	0 ms
Symbolic time: 0.375	0.375	0 ms
Numeric time: 0.28	0.281	0 ms
Symbolic time: 0.364	0.364	0 ms
Numeric time: 0.285	0.285	0 ms
Symbolic time: 0.369	0.368	0 ms
Numeric time: 0.271	0.271	0 ms
Symbolic time: 0.372	0.372	0 ms
Numeric time: 0.278	0.278	0 ms
Symbolic time: 0.365	0.364	0 ms
Numeric time: 0.284	0.283	0 ms
Symbolic time: 0.343	0.342	0 ms
Numeric time: 0.215	0.214	0 ms
Symbolic time: 0.284	0.284	0 ms
Numeric time: 0.219	0.218	0 ms
Symbolic time: 0.284	0.284	0 ms
Numeric time: 0.212	0.212	0 ms
Symbolic time: 0.282	0.283	0 ms
Numeric time: 0.215	0.216	0 ms
Symbolic time: 0.283	0.283	0 ms
Numeric time: 0.213	0.214	0 ms
Symbolic time: 0.283	0.283	0 ms
Numeric time: 0.221	0.221	0 ms
Symbolic time: 0.281	0.281	0 ms
Numeric time: 0.215	0.215	0 ms
Symbolic time: 0.286	0.287	0 ms
Numeric time: 0.215	0.215	0 ms
Symbolic time: 0.282	0.282	0 ms
Numeric time: 0.214	0.214	0 ms
Symbolic time: 0.284	0.285	0 ms
Numeric time: 0.217	0.217	0 ms
Symbolic time: 0.283	0.282	0 ms
Numeric time: 0.215	0.215	0 ms
Symbolic time: 0.287	0.286	0 ms
Numeric time: 0.219	0.219	0 ms
Symbolic time: 0.282	0.281	0 ms
Numeric time: 0.219	0.22	0 ms
Symbolic time: 0.282	0.283	0 ms
Numeric time: 0.215	0.216	0 ms
Symbolic time: 0.283	0.282	0 ms
Numeric time: 0.217	0.217	0 ms
Symbolic time: 0.282	0.282	0 ms
Numeric time: 0.21	0.21	0 ms
Symbolic time: 0.283	0.282	0 ms
Numeric time: 0.22	0	0.219 ms
Symbolic time: 0.282	0	0.282 ms
Numeric time: 0.214	0	0.214 ms
Symbolic time: 0.288	0.167	0.121 ms
Numeric time: 0.213	0.198	0.015 ms
Symbolic time: 0.282	0.262	0.019 ms
Numeric time: 0.211	0.197	0.014 ms
Symbolic time: 0.287	0.287	0 ms
Numeric time: 0.212	0.213	0 ms
Symbolic time: 0.283	0.283	0 ms
Numeric time: 0.213	0.21	0.003 ms
Symbolic time: 0.285	0.285	0 ms
Numeric time: 0.213	0.214	0 ms
Symbolic time: 0.282	0.281	0 ms
Numeric time: 0.218	0.217	0 ms
Symbolic time: 0.282	0.283	0 ms
Numeric time: 0.213	0.213	0 ms
Symbolic time: 0.283	0.282	0 ms
Numeric time: 0.219	0.218	0 ms
Symbolic time: 0.283	0.283	0 ms
Numeric time: 0.214	0.214	0 ms
Symbolic time: 0.283	0.283	0 ms
Numeric time: 0.219	0.22	0 ms
Symbolic time: 0.28	0.281	0 ms
Numeric time: 0.216	0.216	0 ms
Symbolic time: 0.287	0.287	0 ms
Numeric time: 0.211	0.212	0 ms
Symbolic time: 0.282	0.282	0 ms
Numeric time: 0.213	0.213	0 ms
Symbolic time: 0.289	0.288	0 ms
Numeric time: 0.215	0.215	0 ms
Symbolic time: 0.283	0.284	0 ms
Numeric time: 0.214	0.214	0 ms
Symbolic time: 0.285	0.285	0 ms
Numeric time: 0.215	0.216	0 ms
Symbolic time: 0.284	0.284	0 ms
Numeric time: 0.218	0.218	0 ms
Symbolic time: 0.284	0.284	0 ms
Numeric time: 0.216	0.216	0 ms
Symbolic time: 0.282	0.282	0 ms
Numeric time: 0.219	0.219	0 ms
Symbolic time: 0.284	0.283	0 ms
Numeric time: 0.215	0.215	0 ms
Symbolic time: 0.287	0.287	0 ms
Numeric time: 0.218	0.218	0 ms
Symbolic time: 0.281	0.281	0 ms
Numeric time: 0.215	0.216	0 ms
Symbolic time: 0.286	0.286	0 ms
Numeric time: 0.216	0.215	0 ms
Symbolic time: 0.282	0.283	0 ms
Numeric time: 0.215	0.215	0 ms
Symbolic time: 0.288	0.288	0 ms
Numeric time: 0.215	0.215	0 ms
Symbolic time: 0.282	0.282	0 ms
Numeric time: 0.215	0.215	0 ms
Symbolic time: 0.29	0.29	0 ms
Numeric time: 0.214	0.214	0 ms
Symbolic time: 0.284	0.283	0 ms
Numeric time: 0.218	0	0.219 ms
Symbolic time: 0.282	0	0.281 ms
Numeric time: 0.214	0	0.214 ms
Symbolic time: 0.28	0.081	0.198 ms
Numeric time: 0.219	0.221	0 ms
Symbolic time: 0.281	0.28	0 ms
Numeric time: 0.215	0.215	0 ms
Symbolic time: 0.285	0.285	0 ms
Numeric time: 0.215	0.214	0 ms
Symbolic time: 0.283	0.283	0 ms
Numeric time: 0.216	0.216	0 ms
Symbolic time: 0.285	0.284	0 ms
Numeric time: 0.217	0.216	0 ms
Symbolic time: 0.281	0.282	0 ms
Numeric time: 0.215	0.215	0 ms
Symbolic time: 0.287	0.286	0 ms
Numeric time: 0.215	0.215	0 ms
Symbolic time: 0.284	0.283	0 ms
Numeric time: 0.213	0.212	0.001 ms
Symbolic time: 0.287	0.287	0 ms
Numeric time: 0.214	0.214	0 ms
Symbolic time: 0.281	0.281	0 ms
Numeric time: 0.215	0.215	0 ms
Symbolic time: 0.283	0.283	0 ms
Numeric time: 0.213	0.213	0 ms
Symbolic time: 0.282	0.281	0 ms
Numeric time: 0.216	0.217	0 ms
Symbolic time: 0.283	0.283	0 ms
Numeric time: 0.216	0.216	0 ms
Symbolic time: 0.286	0.286	0 ms
Numeric time: 0.215	0.215	0 ms
Symbolic time: 0.282	0.282	0 ms
Numeric time: 0.213	0.213	0 ms
Symbolic time: 0.288	0.288	0 ms
Numeric time: 0.212	0.212	0 ms
Symbolic time: 0.28	0.28	0 ms
Numeric time: 0.214	0.214	0 ms
Symbolic time: 0.286	0.287	0 ms
Numeric time: 0.215	0.215	0 ms
Symbolic time: 0.283	0.283	0 ms
Numeric time: 0.213	0.214	0 ms
Symbolic time: 0.289	0.289	0 ms
Numeric time: 0.215	0.215	0 ms
Symbolic time: 0.283	0.283	0 ms
Numeric time: 0.217	0.218	0 ms
Symbolic time: 0.281	0.281	0 ms
Numeric time: 0.21	0.21	0 ms
Symbolic time: 0.285	0.285	0 ms
Numeric time: 0.219	0.22	0 ms
Symbolic time: 0.281	0.281	0 ms
Numeric time: 0.216	0.216	0 ms
Symbolic time: 0.282	0.282	0 ms
Numeric time: 0.218	0.218	0 ms
Symbolic time: 0.286	0.285	0 ms
Numeric time: 0.216	0.216	0 ms
Symbolic time: 0.282	0.283	0 ms
Numeric time: 0.215	0.214	0 ms
Symbolic time: 0.283	0.283	0 ms
Numeric time: 0.213	0.213	0 ms
Symbolic time: 0.288	0.288	0 ms
Numeric time: 0.216	0.216	0 ms
Symbolic time: 0.284	0.284	0 ms
Numeric time: 0.22	0.22	0 ms
Symbolic time: 0.289	0.289	0 ms
Numeric time: 0.216	0.215	0 ms
Symbolic time: 0.282	0.283	0 ms
Numeric time: 0.22	0.22	0 ms
Symbolic time: 0.284	0.284	0 ms
Numeric time: 0.215	0.215	0 ms
Symbolic time: 0.283	0.283	0 ms
Numeric time: 0.218	0.218	0 ms
Symbolic time: 0.283	0.283	0 ms
Numeric time: 0.214	0.214	0 ms
Symbolic time: 0.282	0.282	0 ms
Numeric time: 0.218	0.218	0 ms
Symbolic time: 0.283	0.283	0 ms
Numeric time: 0.215	0.215	0 ms
Symbolic time: 0.287	0.287	0 ms
Numeric time: 0.214	0.214	0 ms
Symbolic time: 0.281	0.282	0 ms
Numeric time: 0.214	0.214	0 ms
Symbolic time: 0.288	0.288	0 ms
Numeric time: 0.215	0.215	0 ms
Symbolic time: 0.283	0.283	0 ms
Numeric time: 0.215	0.215	0 ms
Symbolic time: 0.283	0	0.279 ms
Numeric time: 0.214	0	0.214 ms
Symbolic time: 0.281	0	0.282 ms
Numeric time: 0.219	0.147	0.072 ms
Symbolic time: 0.282	0.265	0.017 ms
Numeric time: 0.213	0.2	0.013 ms
Symbolic time: 0.284	0.268	0.018 ms
Numeric time: 0.22	0.22	0 ms
Symbolic time: 0.282	0.282	0 ms
Numeric time: 0.213	0.213	0 ms
Symbolic time: 0.284	0.284	0 ms
Numeric time: 0.212	0.212	0 ms
Symbolic time: 0.282	0.282	0 ms
Numeric time: 0.213	0.213	0 ms
Symbolic time: 0.288	0.288	0 ms
Numeric time: 0.214	0.214	0 ms
Symbolic time: 0.281	0.281	0 ms
Numeric time: 0.212	0.212	0 ms
Symbolic time: 0.287	0.287	0 ms
Numeric time: 0.212	0.212	0 ms
Symbolic time: 0.285	0.285	0 ms
Numeric time: 0.211	0.211	0 ms
Symbolic time: 0.288	0.289	0 ms
Numeric time: 0.215	0.215	0 ms
Symbolic time: 0.284	0.284	0 ms
Numeric time: 0.215	0.215	0 ms
Symbolic time: 0.284	0.284	0 ms
Numeric time: 0.209	0.21	0 ms
Symbolic time: 0.282	0.282	0 ms
Numeric time: 0.219	0.219	0 ms
Symbolic time: 0.282	0.283	0 ms
Numeric time: 0.213	0.214	0 ms
Symbolic time: 0.281	0.282	0 ms
Numeric time: 0.218	0.218	0 ms
Symbolic time: 0.283	0.282	0 ms
Numeric time: 0.216	0.217	0 ms
Symbolic time: 0.286	0.286	0 ms
Numeric time: 0.217	0.217	0 ms
Symbolic time: 0.282	0.282	0 ms
Numeric time: 0.215	0.215	0 ms
Symbolic time: 0.286	0.286	0 ms
Numeric time: 0.215	0.215	0 ms
Symbolic time: 0.28	0.28	0 ms
Numeric time: 0.214	0.213	0 ms
Symbolic time: 0.287	0.287	0 ms
Numeric time: 0.216	0.216	0 ms
Symbolic time: 0.28	0.28	0 ms
Numeric time: 0.216	0.216	0 ms
Symbolic time: 0.284	0.284	0 ms
Numeric time: 0.216	0.216	0 ms
Symbolic time: 0.281	0.281	0 ms
Numeric time: 0.22	0.221	0 ms
Symbolic time: 0.285	0.285	0 ms
Numeric time: 0.213	0.213	0 ms
Symbolic time: 0.293	0.292	0 ms
Numeric time: 0.216	0.216	0 ms
Symbolic time: 0.283	0.284	0 ms
Numeric time: 0.217	0.217	0 ms
Symbolic time: 0.284	0.284	0 ms
Numeric time: 0.215	0.215	0 ms
Symbolic time: 0.281	0.281	0 ms
Numeric time: 0.215	0.215	0 ms
Symbolic time: 0.287	0.287	0 ms
Numeric time: 0.214	0.215	0 ms
Symbolic time: 0.281	0.282	0 ms
Numeric time: 0.214	0.214	0 ms
Symbolic time: 0.284	0.284	0 ms
Numeric time: 0.212	0.212	0 ms
Symbolic time: 0.284	0.284	0 ms
Numeric time: 0.217	0.216	0 ms
Symbolic time: 0.284	0.284	0 ms
Numeric time: 0.213	0.214	0 ms
Symbolic time: 0.281	0.281	0 ms
Numeric time: 0.215	0.215	0 ms
Symbolic time: 0.282	0.283	0 ms
Numeric time: 0.215	0.214	0 ms
Symbolic time: 0.283	0.283	0 ms
Numeric time: 0.216	0	0.216 ms
Symbolic time: 0.283	0	0.283 ms
Numeric time: 0.216	0	0.216 ms
Symbolic time: 0.285	0.147	0.138 ms
Numeric time: 0.213	0.201	0.012 ms
Symbolic time: 0.283	0.266	0.017 ms
Numeric time: 0.214	0.202	0.013 ms
Symbolic time: 0.287	0.287	0 ms
Numeric time: 0.215	0.215	0 ms
Symbolic time: 0.284	0.284	0 ms
Numeric time: 0.215	0.211	0.003 ms
Symbolic time: 0.283	0.283	0 ms
Numeric time: 0.215	0.215	0 ms
Symbolic time: 0.281	0.282	0 ms
Numeric time: 0.226	0	0.226 ms
Symbolic time: 0.284	0	0.284 ms
Numeric time: 0.214	0	0.215 ms
Symbolic time: 0.284	0.094	0.19 ms
Numeric time: 0.219	0.219	0 ms
Symbolic time: 0.438	0.318	0 ms
Numeric time: 0.239	0.24	0 ms
Symbolic time: 0.292	0.291	0 ms
Numeric time: 0.214	0.213	0 ms
Symbolic time: 0.283	0.282	0 ms
Numeric time: 0.236	0.236	0 ms
Symbolic time: 0.288	0.287	0 ms
Numeric time: 0.224	0.225	0 ms
Symbolic time: 0.284	0.283	0 ms
Numeric time: 0.236	0.236	0 ms
Symbolic time: 0.283	0.284	0 ms
Numeric time: 0.214	0.214	0 ms
Symbolic time: 0.29	0.29	0 ms
Numeric time: 0.216	0.216	0 ms
Symbolic time: 0.282	0.281	0 ms
Numeric time: 0.223	0.223	0 ms
Symbolic time: 0.29	0.29	0 ms
Numeric time: 0.216	0.216	0 ms
Symbolic time: 0.283	0.283	0 ms
Numeric time: 0.215	0.215	0 ms
Symbolic time: 0.285	0.286	0 ms
Numeric time: 0.215	0.215	0 ms
Symbolic time: 0.283	0.283	0 ms
Numeric time: 0.219	0.219	0 ms
Symbolic time: 0.281	0.281	0 ms
Numeric time: 0.216	0.215	0 ms
Symbolic time: 0.282	0.282	0 ms
Numeric time: 0.218	0.218	0 ms
Symbolic time: 0.282	0.282	0 ms
Numeric time: 0.217	0.218	0 ms
Symbolic time: 0.283	0.283	0 ms
Numeric time: 0.222	0.222	0 ms
Symbolic time: 0.281	0.281	0 ms
Numeric time: 0.217	0.216	0 ms
Symbolic time: 0.295	0.295	0 ms
Numeric time: 0.213	0.213	0 ms
Symbolic time: 0.282	0.282	0 ms
Numeric time: 0.216	0.216	0 ms
Symbolic time: 0.289	0.289	0 ms
Numeric time: 0.214	0.214	0 ms
Symbolic time: 0.285	0.284	0 ms
Numeric time: 0.219	0.219	0 ms
Symbolic time: 0.29	0.29	0 ms
Numeric time: 0.216	0.216	0 ms
Symbolic time: 0.283	0.282	0 ms
Numeric time: 0.221	0.221	0 ms
Symbolic time: 0.31	0.31	0 ms
Numeric time: 0.22	0.219	0 ms
Symbolic time: 0.281	0.281	0 ms
Numeric time: 0.221	0.221	0 ms
Symbolic time: 0.281	0.28	0 ms
Numeric time: 0.214	0.214	0 ms
Symbolic time: 0.287	0.288	0 ms
Numeric time: 0.22	0.22	0 ms
Symbolic time: 0.281	0.281	0 ms
Numeric time: 0.213	0.214	0 ms
Symbolic time: 0.289	0.29	0 ms
Numeric time: 0.222	0.221	0 ms
Symbolic time: 0.283	0.283	0 ms
Numeric time: 0.227	0.227	0 ms
Symbolic time: 0.29	0.289	0 ms
Numeric time: 0.214	0.213	0 ms
Symbolic time: 0.282	0.282	0 ms
Numeric time: 0.213	0.214	0 ms
Symbolic time: 0.281	0	0.282 ms
Numeric time: 0.214	0	0.215 ms
Symbolic time: 0.282	0	0.282 ms
Numeric time: 0.221	0.158	0.064 ms
Symbolic time: 0.282	0.264	0.018 ms
Numeric time: 0.214	0.2	0.013 ms
Symbolic time: 0.283	0.265	0.017 ms
Numeric time: 0.22	0.221	0 ms
Symbolic time: 0.284	0.284	0 ms
Numeric time: 0.216	0.215	0 ms
Symbolic time: 0.289	0.288	0 ms
Numeric time: 0.217	0.216	0 ms
Symbolic time: 0.282	0.283	0 ms
Numeric time: 0.216	0.216	0 ms
Symbolic time: 0.289	0.289	0 ms
Numeric time: 0.216	0.215	0 ms
Symbolic time: 0.282	0.281	0 ms
Numeric time: 0.216	0.216	0 ms
Symbolic time: 0.286	0.286	0 ms
Numeric time: 0.216	0.216	0 ms
Symbolic time: 0.282	0.283	0 ms
Numeric time: 0.219	0.218	0 ms
Symbolic time: 0.282	0.282	0 ms
Numeric time: 0.214	0.213	0 ms
Symbolic time: 0.281	0.281	0 ms
Numeric time: 0.219	0.219	0 ms
Symbolic time: 0.283	0.283	0 ms
Numeric time: 0.217	0.216	0 ms
Symbolic time: 0.282	0.282	0 ms
Numeric time: 0.22	0.22	0 ms
Symbolic time: 0.283	0.283	0 ms
Numeric time: 0.212	0.213	0 ms
Symbolic time: 0.289	0.289	0 ms
Numeric time: 0.212	0.213	0 ms
Symbolic time: 0.283	0.283	0 ms
Numeric time: 0.214	0.215	0 ms
Symbolic time: 0.289	0.289	0 ms
Numeric time: 0.212	0.211	0 ms
Symbolic time: 0.283	0.283	0 ms
Numeric time: 0.213	0.213	0 ms
Symbolic time: 0.289	0.288	0 ms
Numeric time: 0.211	0.211	0 ms
Symbolic time: 0.296	0.295	0 ms
Numeric time: 0.225	0.225	0 ms
Symbolic time: 0.283	0.283	0 ms
Numeric time: 0.231	0.231	0 ms
Symbolic time: 0.285	0.284	0 ms
Numeric time: 0.228	0.228	0 ms
Symbolic time: 0.285	0.285	0 ms
Numeric time: 0.216	0.217	0 ms
Symbolic time: 0.287	0.287	0 ms
Numeric time: 0.216	0.217	0 ms
Symbolic time: 0.283	0.283	0 ms
Numeric time: 0.217	0.217	0 ms
Symbolic time: 0.315	0.316	0 ms
Numeric time: 0.22	0.22	0 ms
Symbolic time: 0.283	0.282	0 ms
Numeric time: 0.217	0.217	0 ms
Symbolic time: 0.288	0.288	0 ms
Numeric time: 0.214	0.213	0 ms
Symbolic time: 0.282	0.282	0 ms
Numeric time: 0.227	0.228	0 ms
Symbolic time: 0.283	0.283	0 ms
Numeric time: 0.215	0.215	0 ms
Symbolic time: 0.282	0.283	0 ms
Numeric time: 0.221	0.222	0 ms
Symbolic time: 0.284	0.283	0 ms
Numeric time: 0.216	0.216	0 ms
Symbolic time: 0.288	0.288	0 ms
Numeric time: 0.216	0.216	0 ms
Symbolic time: 0.281	0.28	0 ms
Numeric time: 0.215	0.215	0 ms
Symbolic time: 0.287	0.287	0 ms
Numeric time: 0.215	0.214	0 ms
Symbolic time: 0.283	0.283	0 ms
Numeric time: 0.213	0.214	0 ms
Symbolic time: 0.29	0.29	0 ms
Numeric time: 0.213	0.214	0 ms
Symbolic time: 0.283	0.283	0 ms
Numeric time: 0.214	0.214	0 ms
Symbolic time: 0.29	0.29	0 ms
Numeric time: 0.215	0.215	0 ms
Symbolic time: 0.282	0.283	0 ms
Numeric time: 0.219	0.219	0 ms
Symbolic time: 0.285	0.284	0 ms
Numeric time: 0.215	0.215	0 ms
Symbolic time: 0.404	0.404	0 ms
Numeric time: 0.264	0.264	0 ms
Symbolic time: 0.283	0.282	0 ms
Numeric time: 0.214	0.214	0 ms
Symbolic time: 0.289	0.289	0 ms
Numeric time: 0.215	0.215	0 ms
Symbolic time: 0.283	0.283	0 ms
Numeric time: 0.222	0.222	0 ms
Symbolic time: 0.282	0.282	0 ms
Numeric time: 0.216	0.215	0 ms
Symbolic time: 0.283	0.282	0 ms
Numeric time: 0.221	0.221	0 ms
Symbolic time: 0.283	0.283	0 ms
Numeric time: 0.214	0.213	0 ms
Symbolic time: 0.279	0.279	0 ms
Numeric time: 0.213	0	0.213 ms
Symbolic time: 0.284	0	0.284 ms
Numeric time: 0.21	0	0.21 ms
Symbolic time: 0.288	0.145	0.144 ms
Numeric time: 0.215	0.202	0.013 ms
Symbolic time: 0.282	0.266	0.016 ms
Numeric time: 0.213	0.2	0.012 ms
Symbolic time: 0.288	0.288	0 ms
Numeric time: 0.213	0.213	0 ms
Symbolic time: 0.282	0.282	0 ms
Numeric time: 0.213	0.21	0.004 ms
Symbolic time: 0.288	0.289	0 ms
Numeric time: 0.211	0.211	0 ms
Symbolic time: 0.282	0.282	0 ms
Numeric time: 0.219	0.219	0 ms
Symbolic time: 0.283	0.283	0 ms
Numeric time: 0.214	0.214	0 ms
Symbolic time: 0.285	0.285	0 ms
Numeric time: 0.215	0.215	0 ms
Symbolic time: 0.283	0.283	0 ms
Numeric time: 0.212	0.212	0 ms
Symbolic time: 0.282	0.282	0 ms
Numeric time: 0.223	0.223	0 ms
Symbolic time: 0.283	0.284	0 ms
Numeric time: 0.211	0.212	0 ms
Symbolic time: 0.287	0.286	0 ms
Numeric time: 0.212	0.212	0 ms
Symbolic time: 0.379	0.378	0 ms
Numeric time: 0.222	0.223	0 ms
Symbolic time: 0.284	0	0.284 ms
Numeric time: 0.219	0	0.22 ms
Symbolic time: 0.282	0	0.281 ms
Numeric time: 0.219	0.165	0.054 ms
Symbolic time: 0.282	0.265	0.017 ms
Numeric time: 0.213	0.2	0.014 ms
Symbolic time: 0.281	0.264	0.017 ms
Numeric time: 0.219	0.219	0 ms
Symbolic time: 0.28	0.28	0 ms
Numeric time: 0.214	0.214	0 ms
Symbolic time: 0.289	0.289	0 ms
Numeric time: 0.215	0.215	0 ms
Symbolic time: 0.282	0.282	0 ms
Numeric time: 0.213	0.213	0 ms
Symbolic time: 0.284	0.284	0 ms
Numeric time: 0.213	0.213	0 ms
Symbolic time: 0.284	0.284	0 ms
Numeric time: 0.216	0.216	0 ms
Symbolic time: 0.287	0.287	0 ms
Numeric time: 0.214	0.214	0 ms
Symbolic time: 0.281	0.281	0 ms
Numeric time: 0.214	0.212	0.001 ms
Symbolic time: 0.283	0.283	0 ms
Numeric time: 0.214	0.213	0 ms
Symbolic time: 0.283	0.282	0 ms
Numeric time: 0.219	0.218	0 ms
Symbolic time: 0.282	0.282	0 ms
Numeric time: 0.211	0.211	0 ms
Symbolic time: 0.283	0.283	0 ms
Numeric time: 0.22	0.219	0 ms
Symbolic time: 0.282	0.282	0 ms
Numeric time: 0.213	0.214	0 ms
Symbolic time: 0.289	0.288	0 ms
Numeric time: 0.212	0.213	0 ms
Symbolic time: 0.282	0.281	0 ms
Numeric time: 0.214	0.214	0 ms
Symbolic time: 0.286	0.287	0 ms
Numeric time: 0.212	0.212	0 ms
Symbolic time: 0.282	0.283	0 ms
Numeric time: 0.212	0.212	0 ms
Symbolic time: 0.283	0.284	0 ms
Numeric time: 0.213	0.213	0 ms
Symbolic time: 0.282	0.281	0 ms
Numeric time: 0.215	0.214	0 ms
Symbolic time: 0.284	0	0.284 ms
Numeric time: 0.214	0	0.215 ms
Symbolic time: 0.284	0	0.283 ms
Numeric time: 0.217	0.152	0.065 ms
Symbolic time: 0.287	0.268	0.018 ms
Numeric time: 0.216	0.201	0.014 ms
Symbolic time: 0.282	0.265	0.018 ms
Numeric time: 0.23	0.23	0 ms
Symbolic time: 0.283	0.283	0 ms
Numeric time: 0.212	0.213	0 ms
Symbolic time: 0.288	0.288	0 ms
Numeric time: 0.214	0.214	0 ms
Symbolic time: 0.286	0.286	0 ms
Numeric time: 0.213	0.214	0 ms
Symbolic time: 0.292	0.292	0 ms
Numeric time: 0.224	0.225	0 ms
Symbolic time: 0.281	0.282	0 ms
Numeric time: 0.214	0.214	0 ms
Symbolic time: 0.287	0.287	0 ms
Numeric time: 0.213	0.213	0 ms
Symbolic time: 0.284	0.284	0 ms
Numeric time: 0.218	0.218	0 ms
Symbolic time: 0.282	0.282	0 ms
Numeric time: 0.213	0.213	0 ms
Symbolic time: 0.285	0.285	0 ms
Numeric time: 0.22	0.22	0 ms
Symbolic time: 0.285	0.286	0 ms
Numeric time: 0.216	0.216	0 ms
Symbolic time: 0.284	0.283	0.001 ms
Numeric time: 0.218	0.218	0 ms
Symbolic time: 0.286	0.286	0 ms
Numeric time: 0.214	0.214	0 ms
Symbolic time: 0.29	0.29	0 ms
Numeric time: 0.215	0.215	0 ms
Symbolic time: 0.283	0.283	0 ms
Numeric time: 0.213	0.212	0 ms
Symbolic time: 0.288	0.288	0 ms
Numeric time: 0.214	0.215	0 ms
Symbolic time: 0.284	0.284	0 ms
Numeric time: 0.213	0.214	0 ms
Symbolic time: 0.29	0.29	0 ms
Numeric time: 0.216	0.216	0 ms
Symbolic time: 0.282	0.281	0 ms
Numeric time: 0.218	0.218	0 ms
Symbolic time: 0.281	0.28	0 ms
Numeric time: 0.216	0.216	0 ms
Symbolic time: 0.282	0.282	0 ms
Numeric time: 0.221	0.221	0 ms
Symbolic time: 0.283	0.282	0 ms
Numeric time: 0.215	0.216	0 ms
Symbolic time: 0.284	0.284	0 ms
Numeric time: 0.22	0.219	0 ms
Symbolic time: 0.281	0.281	0 ms
Numeric time: 0.213	0.213	0 ms
Symbolic time: 0.288	0.288	0 ms
Numeric time: 0.216	0.216	0 ms
Symbolic time: 0.284	0.284	0 ms
Numeric time: 0.215	0.214	0 ms
Symbolic time: 0.288	0.287	0 ms
Numeric time: 0.213	0.213	0 ms
Symbolic time: 0.286	0.286	0 ms
Numeric time: 0.215	0.215	0 ms
Symbolic time: 0.285	0.285	0 ms
Numeric time: 0.213	0.213	0 ms
Symbolic time: 0.283	0.284	0 ms
Numeric time: 0.215	0	0.215 ms
Symbolic time: 0.284	0	0.284 ms
Numeric time: 0.211	0	0.212 ms
Symbolic time: 0.283	0.083	0.201 ms
Numeric time: 0.222	0.223	0 ms
Symbolic time: 0.282	0.282	0 ms
Numeric time: 0.213	0.213	0 ms
Symbolic time: 0.283	0.278	0.005 ms
Numeric time: 0.218	0.218	0 ms
Symbolic time: 0.289	0.289	0 ms
Numeric time: 0.231	0.231	0 ms
Symbolic time: 0.288	0.288	0 ms
Numeric time: 0.215	0.215	0 ms
Symbolic time: 0.281	0.281	0 ms
Numeric time: 0.215	0.215	0 ms
Symbolic time: 0.285	0.284	0 ms
Numeric time: 0.213	0.213	0 ms
Symbolic time: 0.285	0.285	0 ms
Numeric time: 0.214	0.214	0 ms
Symbolic time: 0.286	0.287	0 ms
Numeric time: 0.212	0.212	0 ms
Symbolic time: 0.28	0.28	0 ms
Numeric time: 0.216	0.217	0 ms
Symbolic time: 0.282	0.282	0 ms
Numeric time: 0.213	0.213	0 ms
Symbolic time: 0.282	0.282	0 ms
Numeric time: 0.217	0.217	0 ms
Symbolic time: 0.284	0.284	0 ms
Numeric time: 0.213	0.213	0 ms
Symbolic time: 0.283	0.283	0 ms
Numeric time: 0.216	0.216	0 ms
Symbolic time: 0.282	0.282	0 ms
Numeric time: 0.219	0.219	0 ms
Symbolic time: 0.288	0.288	0 ms
Numeric time: 0.213	0.213	0 ms
Symbolic time: 0.284	0.284	0 ms
Numeric time: 0.213	0.213	0 ms
Symbolic time: 0.29	0.291	0 ms
Numeric time: 0.219	0.219	0 ms
Symbolic time: 0.282	0.282	0 ms
Numeric time: 0.216	0.216	0 ms
Symbolic time: 0.285	0.285	0 ms
Numeric time: 0.213	0.213	0 ms
Symbolic time: 0.282	0.282	0 ms
Numeric time: 0.217	0.217	0 ms
Symbolic time: 0.282	0.282	0 ms
Numeric time: 0.213	0.213	0 ms
Symbolic time: 0.282	0.282	0 ms
Numeric time: 0.217	0.217	0 ms
Symbolic time: 0.285	0.285	0 ms
Numeric time: 0.214	0.214	0 ms
Symbolic time: 0.283	0.283	0 ms
Numeric time: 0.222	0.222	0 ms
Symbolic time: 0.286	0.286	0 ms
Numeric time: 0.215	0.215	0 ms
Symbolic time: 0.288	0.288	0 ms
Numeric time: 0.215	0.215	0 ms
Symbolic time: 0.28	0.28	0 ms
Numeric time: 0.214	0.214	0 ms
Symbolic time: 0.286	0.287	0 ms
Numeric time: 0.216	0.216	0 ms
Symbolic time: 0.281	0.281	0 ms
Numeric time: 0.216	0.216	0 ms
Symbolic time: 0.282	0.282	0 ms
Numeric time: 0.212	0.212	0 ms
Symbolic time: 0.281	0.281	0 ms
Numeric time: 0.219	0.219	0 ms
Symbolic time: 0.282	0.282	0 ms
Numeric time: 0.216	0.216	0 ms
Symbolic time: 0.28	0.281	0 ms
Numeric time: 0.218	0.218	0 ms
Symbolic time: 0.28	0.28	0 ms
Numeric time: 0.216	0.216	0 ms
Symbolic time: 0.281	0.281	0 ms
Numeric time: 0.221	0.221	0 ms
Symbolic time: 0.281	0.281	0 ms
Numeric time: 0.215	0.215	0 ms
Symbolic time: 0.287	0.287	0 ms
Numeric time: 0.216	0.216	0 ms
Symbolic time: 0.284	0.284	0 ms
Numeric time: 0.215	0.215	0 ms
Symbolic time: 0.288	0.287	0 ms
Numeric time: 0.214	0.214	0 ms
Symbolic time: 0.283	0.283	0 ms
Numeric time: 0.215	0.215	0 ms
Symbolic time: 0.286	0.286	0 ms
Numeric time: 0.215	0.215	0 ms
Symbolic time: 0.283	0.283	0 ms
Numeric time: 0.219	0.22	0 ms
Symbolic time: 0.281	0.281	0 ms
Numeric time: 0.214	0.214	0 ms
Symbolic time: 0.283	0.283	0 ms
Numeric time: 0.216	0.216	0 ms
Symbolic time: 0.282	0.282	0 ms
Numeric time: 0.211	0.212	0 ms
Symbolic time: 0.282	0.281	0 ms
Numeric time: 0.217	0	0.217 ms
Symbolic time: 0.282	0	0.282 ms
Numeric time: 0.212	0	0.212 ms
Symbolic time: 0.287	0.137	0.15 ms
Numeric time: 0.213	0.2	0.013 ms
Symbolic time: 0.284	0.267	0.017 ms
Numeric time: 0.213	0.201	0.012 ms
Symbolic time: 0.285	0.285	0 ms
Numeric time: 0.211	0.212	0 ms
Symbolic time: 0.281	0.28	0 ms
Numeric time: 0.212	0.21	0.003 ms
Symbolic time: 0.286	0.286	0 ms
Numeric time: 0.214	0.214	0 ms
Symbolic time: 0.283	0.283	0 ms
Numeric time: 0.214	0.212	0.003 ms
Symbolic time: 0.283	0.283	0 ms
Numeric time: 0.216	0.216	0 ms
Symbolic time: 0.283	0.284	0 ms
Numeric time: 0.219	0.218	0 ms
Symbolic time: 0.289	0.29	0 ms
Numeric time: 0.214	0.214	0 ms
Symbolic time: 0.284	0.285	0 ms
Numeric time: 0.219	0.218	0 ms
Symbolic time: 0.284	0.283	0 ms
Numeric time: 0.215	0.216	0 ms
Symbolic time: 0.289	0.29	0 ms
Numeric time: 0.214	0.214	0 ms
Symbolic time: 0.283	0.283	0 ms
Numeric time: 0.216	0.215	0 ms
Symbolic time: 0.285	0.285	0 ms
Numeric time: 0.217	0.216	0 ms
Symbolic time: 0.282	0.283	0 ms
Numeric time: 0.216	0.216	0 ms
Symbolic time: 0.287	0.288	0 ms
Numeric time: 0.215	0.215	0 ms
Symbolic time: 0.281	0.282	0 ms
Numeric time: 0.217	0.217	0 ms
Symbolic time: 0.282	0.281	0 ms
Numeric time: 0.215	0.214	0 ms
Symbolic time: 0.282	0.282	0 ms
Numeric time: 0.218	0.219	0 ms
Symbolic time: 0.282	0.282	0 ms
Numeric time: 0.216	0.216	0 ms
Symbolic time: 0.282	0.282	0 ms
Numeric time: 0.218	0.218	0 ms
Symbolic time: 0.283	0.283	0 ms
Numeric time: 0.215	0.214	0 ms
Symbolic time: 0.288	0.288	0 ms
Numeric time: 0.213	0.214	0 ms
Symbolic time: 0.282	0.281	0 ms
Numeric time: 0.211	0.211	0 ms
Symbolic time: 0.288	0.289	0 ms
Numeric time: 0.215	0.214	0 ms
Symbolic time: 0.285	0.286	0 ms
Numeric time: 0.214	0.213	0 ms
Symbolic time: 0.286	0.286	0 ms
Numeric time: 0.213	0.212	0 ms
Symbolic time: 0.282	0.282	0 ms
Numeric time: 0.212	0.213	0 ms
Symbolic time: 0.285	0.285	0 ms
Numeric time: 0.214	0.214	0 ms
Symbolic time: 0.282	0.283	0 ms
Numeric time: 0.214	0.214	0 ms
Symbolic time: 0.285	0.284	0 ms
Numeric time: 0.213	0.214	0 ms
Symbolic time: 0.283	0.282	0 ms
Numeric time: 0.218	0.218	0 ms
Symbolic time: 0.285	0.284	0 ms
Numeric time: 0.215	0.215	0 ms
Symbolic time: 0.288	0.288	0 ms
Numeric time: 0.213	0.214	0 ms
Symbolic time: 0.284	0.283	0 ms
Numeric time: 0.212	0.211	0 ms
Symbolic time: 0.289	0.288	0 ms
Numeric time: 0.216	0.216	0 ms
Symbolic time: 0.283	0.284	0 ms
Numeric time: 0.217	0.217	0 ms
Symbolic time: 0.285	0.284	0 ms
Numeric time: 0.214	0.214	0 ms
Symbolic time: 0.284	0.284	0 ms
Numeric time: 0.215	0.216	0 ms
Symbolic time: 0.284	0	0.284 ms
Numeric time: 0.213	0	0.213 ms
Symbolic time: 0.281	0	0.281 ms
Numeric time: 0.217	0.142	0.075 ms
Symbolic time: 0.282	0.266	0.016 ms
Numeric time: 0.216	0.204	0.012 ms
Symbolic time: 0.282	0.266	0.017 ms
Numeric time: 0.22	0.22	0 ms
Symbolic time: 0.282	0.282	0 ms
Numeric time: 0.216	0.216	0 ms
Symbolic time: 0.285	0.285	0 ms
Numeric time: 0.215	0.216	0 ms
Symbolic time: 0.281	0.281	0 ms
Numeric time: 0.214	0.214	0 ms
Symbolic time: 0.285	0.284	0 ms
Numeric time: 0.215	0.216	0 ms
Symbolic time: 0.283	0.284	0 ms
Numeric time: 0.215	0.214	0 ms
Symbolic time: 0.287	0.287	0 ms
Numeric time: 0.212	0.213	0 ms
Symbolic time: 0.283	0.284	0 ms
Numeric time: 0.213	0.211	0.002 ms
Symbolic time: 0.286	0.286	0 ms
Numeric time: 0.217	0.217	0 ms
Symbolic time: 0.283	0.283	0 ms
Numeric time: 0.219	0.219	0 ms
Symbolic time: 0.283	0.283	0 ms
Numeric time: 0.215	0.215	0 ms
Symbolic time: 0.283	0.284	0 ms
Numeric time: 0.217	0.216	0 ms
Symbolic time: 0.281	0.281	0 ms
Numeric time: 0.215	0.215	0 ms
Symbolic time: 0.287	0.287	0 ms
Numeric time: 0.215	0.215	0 ms
Symbolic time: 0.284	0.284	0 ms
Numeric time: 0.216	0.217	0 ms
Symbolic time: 0.288	0.289	0 ms
Numeric time: 0.217	0.217	0 ms
Symbolic time: 0.281	0.281	0 ms
Numeric time: 0.215	0.215	0 ms
Symbolic time: 0.284	0.284	0 ms
Numeric time: 0.217	0.217	0 ms
Symbolic time: 0.284	0.284	0 ms
Numeric time: 0.215	0.215	0 ms
Symbolic time: 0.281	0.281	0 ms
Numeric time: 0.216	0.216	0 ms
Symbolic time: 0.467	0.467	0 ms
Numeric time: 0.333	0.333	0 ms
Symbolic time: 0.282	0.282	0 ms
Numeric time: 0.213	0.213	0 ms
Symbolic time: 0.284	0.284	0 ms
Numeric time: 0.215	0.215	0 ms
Symbolic time: 0.282	0.282	0 ms
Numeric time: 0.216	0.217	0 ms
Symbolic time: 0.284	0.283	0 ms
Numeric time: 0.215	0.215	0 ms
Symbolic time: 0.282	0.283	0 ms
Numeric time: 0.223	0.223	0 ms
Symbolic time: 0.285	0.285	0 ms
Numeric time: 0.214	0.214	0 ms
Symbolic time: 0.283	0.283	0 ms
Numeric time: 0.215	0.216	0 ms
Symbolic time: 0.282	0.282	0 ms
Numeric time: 0.213	0.213	0 ms
Symbolic time: 0.284	0.284	0 ms
Numeric time: 0.212	0.212	0 ms
Symbolic time: 0.282	0.282	0 ms
Numeric time: 0.211	0.211	0 ms
Symbolic time: 0.288	0.288	0 ms
Numeric time: 0.211	0.211	0 ms
Symbolic time: 0.282	0.282	0 ms
Numeric time: 0.212	0.212	0 ms
Symbolic time: 0.284	0.284	0 ms
Numeric time: 0.213	0.213	0 ms
Symbolic time: 0.284	0.284	0 ms
Numeric time: 0.213	0.213	0 ms
Symbolic time: 0.282	0.282	0 ms
Numeric time: 0.214	0.214	0 ms
Symbolic time: 0.283	0.283	0 ms
Numeric time: 0.22	0.219	0 ms
Symbolic time: 0.285	0.285	0 ms
Numeric time: 0.213	0.213	0 ms
Symbolic time: 0.284	0.284	0 ms
Numeric time: 0.22	0.22	0 ms
Symbolic time: 0.285	0.284	0 ms
Numeric time: 0.213	0.213	0 ms
Symbolic time: 0.289	0.289	0 ms
Numeric time: 0.216	0.216	0 ms
Symbolic time: 0.284	0.284	0 ms
Numeric time: 0.216	0.216	0 ms
Symbolic time: 0.287	0.287	0 ms
Numeric time: 0.219	0.218	0 ms
Symbolic time: 0.282	0.282	0 ms
Numeric time: 0.215	0.215	0 ms
Symbolic time: 0.288	0.288	0 ms
Numeric time: 0.214	0.215	0 ms
Symbolic time: 0.285	0.284	0 ms
Numeric time: 0.218	0.218	0 ms
Symbolic time: 0.283	0.283	0 ms
Numeric time: 0.214	0.214	0 ms
Symbolic time: 0.283	0.283	0 ms
Numeric time: 0.219	0.219	0 ms
Symbolic time: 0.284	0.284	0 ms
Numeric time: 0.214	0.214	0 ms
Symbolic time: 0.282	0.282	0 ms
Numeric time: 0.22	0.22	0 ms
Symbolic time: 0.282	0.283	0 ms
Numeric time: 0.215	0.215	0 ms
Symbolic time: 0.285	0.285	0 ms
Numeric time: 0.217	0.217	0 ms
Symbolic time: 0.285	0.286	0 ms
Numeric time: 0.214	0.213	0 ms
Symbolic time: 0.288	0.288	0 ms
Numeric time: 0.212	0.212	0 ms
Symbolic time: 0.283	0.283	0 ms
Numeric time: 0.21	0.21	0 ms
Symbolic time: 0.288	0.288	0 ms
Numeric time: 0.213	0.214	0 ms
Symbolic time: 0.283	0.283	0 ms
Numeric time: 0.218	0.218	0 ms
Symbolic time: 0.282	0.282	0 ms
Numeric time: 0.213	0.213	0 ms
Symbolic time: 0.283	0.282	0 ms
Numeric time: 0.219	0.22	0 ms
Symbolic time: 0.284	0.284	0 ms
Numeric time: 0.215	0.215	0 ms
Symbolic time: 0.282	0.282	0 ms
Numeric time: 0.216	0.216	0 ms
Symbolic time: 0.281	0.281	0 ms
Numeric time: 0.215	0.215	0 ms
Symbolic time: 0.286	0.286	0 ms
Numeric time: 0.214	0.214	0 ms
Symbolic time: 0.281	0.282	0 ms
Numeric time: 0.215	0.215	0 ms
Symbolic time: 0.285	0.285	0 ms
Numeric time: 0.214	0.214	0 ms
Symbolic time: 0.283	0.283	0 ms
Numeric time: 0.212	0.212	0 ms
Symbolic time: 0.287	0.287	0 ms
Numeric time: 0.213	0.213	0 ms
Symbolic time: 0.283	0.283	0 ms
Numeric time: 0.215	0.214	0 ms
Symbolic time: 0.283	0.283	0 ms
Numeric time: 0.214	0.214	0 ms
Symbolic time: 0.282	0.282	0 ms
Numeric time: 0.215	0.215	0 ms
Symbolic time: 0.282	0.282	0 ms
Numeric time: 0.211	0.212	0 ms
Symbolic time: 0.282	0.282	0 ms
Numeric time: 0.219	0.219	0 ms
Symbolic time: 0.283	0.283	0 ms
Numeric time: 0.214	0.213	0 ms
Symbolic time: 0.284	0.284	0 ms
Numeric time: 0.214	0.214	0 ms
Symbolic time: 0.284	0.284	0 ms
Numeric time: 0.216	0.216	0 ms
Symbolic time: 0.285	0.285	0 ms
Numeric time: 0.215	0.214	0 ms
Symbolic time: 0.282	0.282	0 ms
Numeric time: 0.215	0.215	0 ms
Symbolic time: 0.286	0.287	0 ms
Numeric time: 0.216	0.216	0 ms
Symbolic time: 0.283	0.282	0 ms
Numeric time: 0.216	0.216	0 ms
Symbolic time: 0.282	0.282	0 ms
Numeric time: 0.213	0.212	0 ms
Symbolic time: 0.283	0.284	0 ms
Numeric time: 0.722	0.715	0 ms
Symbolic time: 0.868	0.868	0 ms
Numeric time: 0.659	0.659	0 ms
Symbolic time: 0.861	0.862	0 ms
Numeric time: 0.644	0.644	0 ms
Symbolic time: 0.845	0.845	0 ms
Numeric time: 0.648	0.648	0 ms
Symbolic time: 0.859	0.86	0 ms
Numeric time: 0.651	0.651	0 ms
Symbolic time: 0.855	0.855	0 ms
Numeric time: 0.644	0.645	0 ms
Symbolic time: 0.855	0.855	0 ms
Numeric time: 0.651	0.651	0 ms
Symbolic time: 0.856	0.856	0 ms
Numeric time: 0.651	0.652	0 ms
Symbolic time: 0.858	0.858	0 ms
Numeric time: 0.642	0.643	0 ms
Symbolic time: 0.688	0.687	0 ms
Numeric time: 0.408	0.408	0 ms
Symbolic time: 0.538	0	0.538 ms
Numeric time: 0.405	0	0.405 ms
Symbolic time: 0.537	0.52	0.018 ms
Numeric time: 0.408	0.388	0.021 ms
Symbolic time: 0.535	0	0.535 ms
Numeric time: 0.412	0.087	0.326 ms
Symbolic time: 0.536	0.507	0.029 ms
Numeric time: 0.409	0.409	0 ms
Symbolic time: 0.54	0.539	0.001 ms
Numeric time: 0.414	0	0.415 ms
Symbolic time: 0.533	0.015	0.518 ms
Numeric time: 0.412	0.412	0 ms
Symbolic time: 0.534	0.533	0 ms
Numeric time: 0.412	0	0.412 ms
Symbolic time: 0.538	0.015	0.522 ms
Numeric time: 0.41	0.41	0 ms
Symbolic time: 0.539	0.538	0.001 ms
Numeric time: 0.408	0	0.409 ms
Symbolic time: 0.534	0.008	0.525 ms
Numeric time: 0.269	0.269	0 ms
Symbolic time: 0.35	0.35	0 ms
Numeric time: 0.267	0.267	0 ms
Symbolic time: 0.354	0.354	0 ms
Numeric time: 0.268	0.268	0 ms
Symbolic time: 0.349	0.349	0.001 ms
Numeric time: 0.273	0.273	0 ms
Symbolic time: 0.35	0.351	0 ms
Numeric time: 0.266	0.267	0 ms
Symbolic time: 0.353	0.354	0 ms
Numeric time: 0.264	0.264	0 ms
Symbolic time: 0.352	0.351	0.002 ms
Numeric time: 0.27	0.27	0 ms
Symbolic time: 0.353	0.352	0 ms
Numeric time: 0.267	0.267	0 ms
Symbolic time: 0.355	0.356	0 ms
Numeric time: 0.265	0.265	0 ms
Symbolic time: 0.353	0.351	0.002 ms
Numeric time: 0.267	0.268	0 ms
Symbolic time: 0.351	0.351	0 ms
Numeric time: 0.265	0.266	0 ms
Symbolic time: 0.358	0.359	0 ms
Numeric time: 0.266	0.266	0 ms
Symbolic time: 0.352	0.35	0.001 ms
Numeric time: 0.268	0.267	0 ms
Symbolic time: 0.351	0.351	0 ms
Numeric time: 0.266	0.265	0 ms
Symbolic time: 0.353	0.354	0 ms
Numeric time: 0.262	0.262	0 ms
Symbolic time: 0.351	0.35	0.001 ms
Numeric time: 0.275	0.275	0 ms
Symbolic time: 0.281	0.281	0 ms
Numeric time: 0.214	0.215	0 ms
Symbolic time: 0.288	0.287	0 ms
Numeric time: 0.212	0.212	0 ms
Symbolic time: 0.281	0.281	0 ms
Numeric time: 0.214	0.214	0 ms
Symbolic time: 0.289	0.288	0 ms
Numeric time: 0.214	0.215	0 ms
Symbolic time: 0.284	0.284	0 ms
Numeric time: 0.213	0.213	0.001 ms
Symbolic time: 0.282	0.282	0 ms
Numeric time: 0.213	0.213	0 ms
Symbolic time: 0.284	0.284	0 ms
Numeric time: 0.218	0.218	0 ms
Symbolic time: 0.283	0.283	0 ms
Numeric time: 0.213	0.213	0 ms
Symbolic time: 0.282	0.282	0 ms
Numeric time: 0.216	0.216	0 ms
Symbolic time: 0.283	0.282	0 ms
Numeric time: 0.213	0.214	0 ms
Symbolic time: 0.285	0.285	0 ms
Numeric time: 0.212	0.212	0 ms
Symbolic time: 0.284	0.284	0 ms
Numeric time: 0.214	0.215	0 ms
Symbolic time: 0.286	0.287	0 ms
Numeric time: 0.213	0.212	0 ms
Symbolic time: 0.281	0.281	0 ms
Numeric time: 0.213	0.213	0 ms
Symbolic time: 0.287	0.288	0 ms
Numeric time: 0.212	0.212	0 ms
Symbolic time: 0.283	0.283	0 ms
Numeric time: 0.213	0.213	0 ms
Symbolic time: 0.282	0.283	0 ms
Numeric time: 0.212	0.212	0 ms
Symbolic time: 0.283	0.282	0 ms
Numeric time: 0.218	0.219	0 ms
Symbolic time: 0.281	0.281	0 ms
Numeric time: 0.213	0.213	0 ms
Symbolic time: 0.281	0.281	0 ms
Numeric time: 0.216	0.216	0 ms
Symbolic time: 0.282	0.283	0 ms
Numeric time: 0.212	0.212	0 ms
Symbolic time: 0.288	0.288	0 ms
Numeric time: 0.213	0.213	0 ms
Symbolic time: 0.284	0.284	0 ms
Numeric time: 0.214	0.214	0 ms
Symbolic time: 0.291	0.291	0 ms
Numeric time: 0.216	0.216	0 ms
Symbolic time: 0.284	0.284	0 ms
Numeric time: 0.217	0.217	0 ms
Symbolic time: 0.289	0.289	0 ms
Numeric time: 0.215	0.215	0 ms
Symbolic time: 0.282	0.282	0 ms
Numeric time: 0.215	0.215	0 ms
Symbolic time: 0.283	0.283	0 ms
Numeric time: 0.214	0.214	0 ms
Symbolic time: 0.282	0.281	0 ms
Numeric time: 0.218	0.217	0 ms
Symbolic time: 0.283	0.282	0 ms
Numeric time: 0.215	0.214	0 ms
Symbolic time: 0.283	0.283	0 ms
Numeric time: 0.217	0.218	0 ms
Symbolic time: 0.282	0.282	0 ms
Numeric time: 0.214	0.214	0 ms
Symbolic time: 0.286	0.286	0 ms
Numeric time: 0.213	0.214	0 ms
Symbolic time: 0.283	0.284	0 ms
Numeric time: 0.214	0.214	0 ms
Symbolic time: 0.288	0.288	0 ms
Numeric time: 0.216	0.216	0 ms
Symbolic time: 0.285	0.284	0 ms
Numeric time: 0.214	0.215	0 ms
Symbolic time: 0.287	0.288	0 ms
Numeric time: 0.214	0.215	0 ms
Symbolic time: 0.282	0.283	0 ms
Numeric time: 0.221	0.22	0 ms
Symbolic time: 0.283	0.282	0 ms
Numeric time: 0.215	0.216	0 ms
Symbolic time: 0.284	0.283	0 ms
Numeric time: 0.22	0.22	0 ms
Symbolic time: 0.283	0.282	0 ms
Numeric time: 0.217	0.216	0 ms
Symbolic time: 0.282	0.282	0 ms
Numeric time: 0.218	0.218	0 ms
Symbolic time: 0.284	0.283	0 ms
Numeric time: 0.215	0.215	0 ms
Symbolic time: 0.291	0.291	0 ms
Numeric time: 0.214	0.215	0 ms
Symbolic time: 0.279	0.279	0 ms
Numeric time: 0.214	0.215	0 ms
Symbolic time: 0.287	0.287	0 ms
Numeric time: 0.213	0.214	0 ms
Symbolic time: 0.281	0.282	0 ms
Numeric time: 0.216	0.215	0 ms
Symbolic time: 0.288	0.287	0 ms
Numeric time: 0.215	0.215	0 ms
Symbolic time: 0.284	0.284	0 ms
Numeric time: 0.222	0.223	0 ms
Symbolic time: 0.283	0.282	0 ms
Numeric time: 0.217	0.216	0 ms
Symbolic time: 0.281	0.282	0 ms
Numeric time: 0.216	0.217	0 ms
Symbolic time: 0.281	0.282	0 ms
Numeric time: 0.215	0.215	0 ms
Symbolic time: 0.279	0.279	0 ms
Numeric time: 0.249	0.249	0 ms
Symbolic time: 0.283	0.283	0 ms
Numeric time: 0.215	0.216	0 ms
Symbolic time: 0.293	0.292	0 ms
Numeric time: 0.215	0.215	0 ms
Symbolic time: 0.284	0.283	0 ms
Numeric time: 0.214	0.214	0 ms
Symbolic time: 0.289	0.289	0 ms
Numeric time: 0.213	0.213	0 ms
Symbolic time: 0.282	0.283	0 ms
Numeric time: 0.214	0.214	0 ms
Symbolic time: 0.282	0.283	0 ms
Numeric time: 0.215	0.215	0 ms
Symbolic time: 0.28	0.281	0 ms
Numeric time: 0.22	0.221	0 ms
Symbolic time: 0.282	0.283	0 ms
Numeric time: 0.215	0.216	0 ms
Symbolic time: 0.283	0.282	0 ms
Numeric time: 0.222	0.222	0 ms
Symbolic time: 0.283	0.284	0 ms
Numeric time: 0.212	0.213	0 ms
Symbolic time: 0.286	0.285	0 ms
Numeric time: 0.213	0.214	0 ms
Symbolic time: 0.281	0.28	0 ms
Numeric time: 0.215	0.214	0 ms
Symbolic time: 0.292	0.292	0 ms
Numeric time: 0.215	0.216	0 ms
Symbolic time: 0.282	0.283	0 ms
Numeric time: 0.215	0.215	0 ms
Symbolic time: 0.289	0.289	0 ms
Numeric time: 0.215	0.216	0 ms
Symbolic time: 0.283	0.284	0 ms
Numeric time: 0.218	0.218	0 ms
Symbolic time: 0.284	0.284	0 ms
Numeric time: 0.212	0.212	0 ms
Symbolic time: 0.283	0.282	0 ms
Numeric time: 0.221	0.222	0 ms
Symbolic time: 0.281	0.282	0 ms
Numeric time: 0.211	0.21	0 ms
Symbolic time: 0.282	0.283	0 ms
Numeric time: 0.215	0	0.215 ms
Symbolic time: 0.285	0	0.285 ms
Numeric time: 0.212	0	0.212 ms
Symbolic time: 0.287	0.135	0.152 ms
Numeric time: 0.211	0.2	0.012 ms
Symbolic time: 0.285	0.269	0.015 ms
Numeric time: 0.213	0.201	0.012 ms
Symbolic time: 0.29	0.29	0 ms
Numeric time: 0.212	0.213	0 ms
Symbolic time: 0.282	0.282	0 ms
Numeric time: 0.211	0.208	0.003 ms
Symbolic time: 0.287	0.288	0 ms
Numeric time: 0.212	0.212	0 ms
Symbolic time: 0.283	0.283	0 ms
Numeric time: 0.217	0.217	0 ms
Symbolic time: 0.283	0.283	0 ms
Numeric time: 0.211	0.211	0 ms
Symbolic time: 0.283	0.283	0 ms
Numeric time: 0.22	0.22	0 ms
Symbolic time: 0.282	0.282	0 ms
Numeric time: 0.212	0.212	0 ms
Symbolic time: 0.282	0.282	0.001 ms
Numeric time: 0.218	0.219	0 ms
Symbolic time: 0.282	0.281	0 ms
Numeric time: 0.214	0.213	0 ms
Symbolic time: 0.288	0.289	0 ms
Numeric time: 0.215	0.216	0 ms
Symbolic time: 0.284	0.284	0 ms
Numeric time: 0.216	0.216	0 ms
Symbolic time: 0.291	0.291	0 ms
Numeric time: 0.217	0.217	0 ms
Symbolic time: 0.283	0.283	0 ms
Numeric time: 0.215	0.215	0 ms
Symbolic time: 0.289	0.288	0 ms
Numeric time: 0.215	0.214	0 ms
Symbolic time: 0.282	0.283	0 ms
Numeric time: 0.218	0.217	0 ms
Symbolic time: 0.283	0.282	0 ms
Numeric time: 0.214	0.213	0 ms
Symbolic time: 0.283	0.284	0 ms
Numeric time: 0.233	0.233	0 ms
Symbolic time: 0.283	0.284	0 ms
Numeric time: 0.215	0.215	0 ms
Symbolic time: 0.289	0.288	0 ms
Numeric time: 0.213	0.213	0 ms
Symbolic time: 0.283	0.283	0 ms
Numeric time: 0.216	0.216	0 ms
Symbolic time: 0.287	0.287	0 ms
Numeric time: 0.214	0.214	0 ms
Symbolic time: 0.285	0.284	0 ms
Numeric time: 0.215	0.215	0 ms
Symbolic time: 0.291	0.291	0 ms
Numeric time: 0.215	0.216	0 ms
Symbolic time: 0.282	0.281	0 ms
Numeric time: 0.216	0.215	0 ms
Symbolic time: 0.283	0.283	0 ms
Numeric time: 0.215	0.215	0 ms
Symbolic time: 0.282	0.282	0 ms
Numeric time: 0.217	0	0.217 ms
Symbolic time: 0.318	0	0.318 ms
Numeric time: 0.221	0	0.22 ms
Symbolic time: 0.283	0.129	0.155 ms
Numeric time: 0.222	0.223	0 ms
Symbolic time: 0.284	0.284	0 ms
Numeric time: 0.21	0.21	0 ms
Symbolic time: 0.286	0.287	0 ms
Numeric time: 0.213	0.213	0 ms
Symbolic time: 0.282	0.282	0 ms
Numeric time: 0.212	0.212	0 ms
Symbolic time: 0.289	0.288	0 ms
Numeric time: 0.214	0.214	0 ms
Symbolic time: 0.283	0.284	0 ms
Numeric time: 0.211	0.211	0 ms
Symbolic time: 0.287	0.287	0 ms
Numeric time: 0.233	0.233	0 ms
Symbolic time: 0.285	0.284	0 ms
Numeric time: 0.222	0	0.222 ms
Symbolic time: 0.284	0	0.284 ms
Numeric time: 0.211	0	0.212 ms
Symbolic time: 0.284	0.09	0.193 ms
Numeric time: 0.219	0.22	0 ms
Symbolic time: 0.28	0.28	0 ms
Numeric time: 0.214	0.214	0 ms
Symbolic time: 0.292	0.292	0 ms
Numeric time: 0.215	0.215	0 ms
Symbolic time: 0.282	0.282	0 ms
Numeric time: 0.213	0.213	0 ms
Symbolic time: 0.288	0.288	0 ms
Numeric time: 0.214	0.214	0 ms
Symbolic time: 0.283	0.283	0 ms
Numeric time: 0.215	0.215	0 ms
Symbolic time: 0.288	0.288	0 ms
Numeric time: 0.214	0.214	0 ms
Symbolic time: 0.285	0.285	0 ms
Numeric time: 0.219	0.215	0.003 ms
Symbolic time: 0.284	0	0.285 ms
Numeric time: 0.215	0	0.215 ms
Symbolic time: 0.284	0	0.283 ms
Numeric time: 0.221	0.156	0.065 ms
Symbolic time: 0.284	0.267	0.016 ms
Numeric time: 0.239	0.224	0.014 ms
Symbolic time: 0.285	0.268	0.017 ms
Numeric time: 0.217	0	0.217 ms
Symbolic time: 0.284	0	0.284 ms
Numeric time: 0.213	0	0.214 ms
Symbolic time: 0.293	0.164	0.128 ms
Numeric time: 0.216	0.202	0.013 ms
Symbolic time: 0.283	0.266	0.017 ms
Numeric time: 0.215	0.202	0.013 ms
Symbolic time: 0.287	0.287	0 ms
Numeric time: 0.216	0.215	0 ms
Symbolic time: 0.284	0.284	0 ms
Numeric time: 0.215	0.212	0.004 ms
Symbolic time: 0.283	0.283	0 ms
Numeric time: 0.217	0.217	0 ms
Symbolic time: 0.281	0.281	0 ms
Numeric time: 0.221	0.222	0 ms
Symbolic time: 0.282	0.282	0 ms
Numeric time: 0.215	0.215	0 ms
Symbolic time: 0.283	0.283	0 ms
Numeric time: 0.222	0.222	0 ms
Symbolic time: 0.284	0.283	0 ms
Numeric time: 0.213	0.213	0 ms
Symbolic time: 0.289	0.289	0 ms
Numeric time: 0.215	0.216	0 ms
Symbolic time: 0.283	0.283	0 ms
Numeric time: 0.211	0.212	0 ms
Symbolic time: 0.289	0.289	0 ms
Numeric time: 0.214	0.214	0 ms
Symbolic time: 0.28	0.28	0 ms
Numeric time: 0.216	0.216	0 ms
Symbolic time: 0.285	0.285	0 ms
Numeric time: 0.216	0.216	0 ms
Symbolic time: 0.282	0.282	0 ms
Numeric time: 0.217	0.217	0 ms
Symbolic time: 0.284	0.284	0 ms
Numeric time: 0.216	0.215	0 ms
Symbolic time: 0.284	0.284	0 ms
Numeric time: 0.223	0.223	0 ms
Symbolic time: 0.284	0.284	0 ms
Numeric time: 0.232	0.233	0 ms
Symbolic time: 0.284	0.282	0.001 ms
Numeric time: 0.218	0.218	0 ms
Symbolic time: 0.284	0.284	0 ms
Numeric time: 0.217	0.217	0 ms
Symbolic time: 0.289	0.29	0 ms
Numeric time: 0.216	0.216	0 ms
Symbolic time: 0.284	0.283	0 ms
Numeric time: 0.213	0.213	0 ms
Symbolic time: 0.29	0.29	0 ms
Numeric time: 0.215	0.215	0 ms
Symbolic time: 0.281	0.281	0 ms
Numeric time: 0.214	0.214	0 ms
Symbolic time: 0.285	0.285	0 ms
Numeric time: 0.213	0.214	0 ms
Symbolic time: 0.283	0.282	0 ms
Numeric time: 0.217	0.217	0 ms
Symbolic time: 0.281	0.281	0 ms
Numeric time: 0.213	0.213	0 ms
Symbolic time: 0.283	0.282	0 ms
Numeric time: 0.22	0.22	0 ms
Symbolic time: 0.284	0.285	0 ms
Numeric time: 0.222	0.222	0 ms
Symbolic time: 0.289	0.289	0 ms
Numeric time: 0.217	0.216	0 ms
Symbolic time: 0.282	0.282	0 ms
Numeric time: 0.211	0.212	0 ms
Symbolic time: 0.288	0.289	0 ms
Numeric time: 0.215	0.216	0 ms
Symbolic time: 0.283	0.283	0 ms
Numeric time: 0.215	0.216	0 ms
Symbolic time: 0.289	0.288	0 ms
Numeric time: 0.214	0.215	0 ms
Symbolic time: 0.282	0.281	0 ms
Numeric time: 0.221	0.222	0 ms
Symbolic time: 0.283	0.282	0 ms
Numeric time: 0.213	0.214	0 ms
Symbolic time: 0.282	0.282	0 ms
Numeric time: 0.221	0.221	0 ms
Symbolic time: 0.281	0.282	0 ms
Numeric time: 0.215	0.215	0 ms
Symbolic time: 0.284	0.284	0 ms
Numeric time: 0.221	0	0.219 ms
Symbolic time: 0.284	0	0.285 ms
Numeric time: 0.214	0	0.213 ms
Symbolic time: 0.289	0.159	0.13 ms
Numeric time: 0.214	0.201	0.013 ms
Symbolic time: 0.281	0.264	0.017 ms
Numeric time: 0.231	0.217	0.014 ms
Symbolic time: 0.29	0.289	0 ms
Numeric time: 0.217	0.216	0 ms
Symbolic time: 0.284	0.283	0 ms
Numeric time: 0.213	0.21	0.004 ms
Symbolic time: 0.283	0.282	0 ms
Numeric time: 0.213	0.213	0 ms
Symbolic time: 0.283	0.282	0 ms
Numeric time: 0.222	0.222	0 ms
Symbolic time: 0.286	0.286	0 ms
Numeric time: 0.215	0.216	0 ms
Symbolic time: 0.285	0.285	0 ms
Numeric time: 0.22	0	0.22 ms
Symbolic time: 0.283	0	0.283 ms
Numeric time: 0.216	0	0.216 ms
Symbolic time: 0.293	0.155	0.138 ms
Numeric time: 0.217	0.203	0.014 ms
Symbolic time: 0.284	0.266	0.018 ms
Numeric time: 0.214	0.2	0.013 ms
Symbolic time: 0.289	0.29	0 ms
Numeric time: 0.215	0.216	0 ms
Symbolic time: 0.283	0.284	0 ms
Numeric time: 0.215	0.211	0.004 ms
Symbolic time: 0.289	0.29	0 ms
Numeric time: 0.217	0.218	0 ms
Symbolic time: 0.285	0.284	0 ms
Numeric time: 0.222	0.223	0 ms
Symbolic time: 0.284	0.284	0 ms
Numeric time: 0.217	0.216	0 ms
Symbolic time: 0.282	0.283	0 ms
Numeric time: 0.221	0.222	0 ms
Symbolic time: 0.283	0.283	0 ms
Numeric time: 0.215	0.216	0 ms
Symbolic time: 0.286	0.286	0 ms
Numeric time: 0.213	0.213	0 ms
Symbolic time: 0.282	0.283	0 ms
Numeric time: 0.213	0.214	0 ms
Symbolic time: 0.291	0.292	0 ms
Numeric time: 0.214	0.213	0 ms
Symbolic time: 0.282	0.281	0 ms
Numeric time: 0.215	0.214	0 ms
Symbolic time: 0.291	0.291	0 ms
Numeric time: 0.216	0.217	0 ms
Symbolic time: 0.281	0.282	0 ms
Numeric time: 0.216	0.216	0.001 ms
Symbolic time: 0.285	0.284	0 ms
Numeric time: 0.217	0.217	0 ms
Symbolic time: 0.28	0.28	0 ms
Numeric time: 0.223	0.224	0 ms
Symbolic time: 0.282	0.283	0 ms
Numeric time: 0.216	0.216	0 ms
Symbolic time: 0.282	0.281	0 ms
Numeric time: 0.22	0.22	0 ms
Symbolic time: 0.282	0.282	0 ms
Numeric time: 0.214	0.215	0 ms
Symbolic time: 0.285	0.286	0 ms
Numeric time: 0.214	0.214	0 ms
Symbolic time: 0.281	0.281	0 ms
Numeric time: 0.215	0.215	0 ms
Symbolic time: 0.29	0.291	0 ms
Numeric time: 0.218	0.219	0 ms
Symbolic time: 0.283	0.282	0 ms
Numeric time: 0.217	0.218	0 ms
Symbolic time: 0.289	0.289	0 ms
Numeric time: 0.216	0.216	0 ms
Symbolic time: 0.283	0.283	0 ms
Numeric time: 0.222	0.222	0 ms
Symbolic time: 0.283	0.283	0 ms
Numeric time: 0.216	0.215	0 ms
Symbolic time: 0.283	0.282	0 ms
Numeric time: 0.224	0.224	0 ms
Symbolic time: 0.283	0.282	0 ms
Numeric time: 0.213	0.213	0 ms
Symbolic time: 0.289	0.289	0 ms
Numeric time: 0.214	0.214	0 ms
Symbolic time: 0.282	0.282	0 ms
Numeric time: 0.213	0.213	0 ms
Symbolic time: 0.287	0.286	0 ms
Numeric time: 0.215	0.215	0 ms
Symbolic time: 0.284	0.283	0 ms
Numeric time: 0.214	0.214	0 ms
Symbolic time: 0.29	0.291	0 ms
Numeric time: 0.218	0.218	0 ms
Symbolic time: 0.282	0.282	0 ms
Numeric time: 0.217	0.216	0 ms
Symbolic time: 0.284	0.284	0 ms
Numeric time: 0.215	0.215	0 ms
Symbolic time: 0.282	0.282	0 ms
Numeric time: 0.219	0.219	0 ms
Symbolic time: 0.282	0.282	0 ms
Numeric time: 0.212	0.211	0 ms
Symbolic time: 0.284	0.284	0 ms
Numeric time: 0.222	0.223	0 ms
Symbolic time: 0.284	0.284	0 ms
Numeric time: 0.214	0.215	0 ms
Symbolic time: 0.29	0.291	0 ms
Numeric time: 0.212	0.212	0 ms
Symbolic time: 0.283	0.283	0 ms
Numeric time: 0.213	0.214	0 ms
Symbolic time: 0.288	0.289	0 ms
Numeric time: 0.213	0.213	0 ms
Symbolic time: 0.281	0.282	0 ms
Numeric time: 0.211	0.211	0 ms
Symbolic time: 0.289	0.289	0 ms
Numeric time: 0.214	0.214	0 ms
Symbolic time: 0.285	0.284	0 ms
Numeric time: 0.213	0.214	0 ms
Symbolic time: 0.284	0	0.284 ms
Numeric time: 0.212	0	0.211 ms
Symbolic time: 0.282	0	0.282 ms
Numeric time: 0.218	0.149	0.069 ms
Symbolic time: 0.284	0.266	0.018 ms
Numeric time: 0.215	0.202	0.013 ms
Symbolic time: 0.282	0.265	0.017 ms
Numeric time: 0.221	0	0.221 ms
Symbolic time: 0.283	0	0.283 ms
Numeric time: 0.213	0	0.214 ms
Symbolic time: 0.284	0.144	0.14 ms
Numeric time: 0.214	0.201	0.014 ms
Symbolic time: 0.282	0.263	0.018 ms
Numeric time: 0.213	0.199	0.014 ms
Symbolic time: 0.309	0.309	0 ms
Numeric time: 0.217	0.217	0 ms
Symbolic time: 0.282	0.282	0 ms
Numeric time: 0.212	0.207	0.005 ms
Symbolic time: 0.288	0.288	0 ms
Numeric time: 0.213	0.214	0 ms
Symbolic time: 0.283	0.282	0 ms
Numeric time: 0.22	0.22	0 ms
Symbolic time: 0.283	0.284	0 ms
Numeric time: 0.212	0.212	0 ms
Symbolic time: 0.283	0.282	0 ms
Numeric time: 0.22	0.22	0 ms
Symbolic time: 0.284	0.283	0 ms
Numeric time: 0.215	0.215	0 ms
Symbolic time: 0.285	0.283	0.002 ms
Numeric time: 0.216	0	0.217 ms
Symbolic time: 0.285	0	0.285 ms
Numeric time: 0.212	0	0.213 ms
Symbolic time: 0.288	0.159	0.129 ms
Numeric time: 0.213	0.199	0.014 ms
Symbolic time: 0.279	0.261	0.018 ms
Numeric time: 0.212	0.198	0.013 ms
Symbolic time: 0.287	0.287	0 ms
Numeric time: 0.214	0.214	0 ms
Symbolic time: 0.281	0.281	0 ms
Numeric time: 0.214	0.211	0.003 ms
Symbolic time: 0.293	0.293	0 ms
Numeric time: 0.215	0.215	0 ms
Symbolic time: 0.282	0.281	0 ms
Numeric time: 0.22	0.22	0 ms
Symbolic time: 0.282	0.282	0 ms
Numeric time: 0.212	0.213	0 ms
Symbolic time: 0.283	0.283	0 ms
Numeric time: 0.223	0.222	0 ms
Symbolic time: 0.285	0.284	0 ms
Numeric time: 0.215	0.216	0 ms
Symbolic time: 0.291	0.291	0 ms
Numeric time: 0.217	0.217	0 ms
Symbolic time: 0.284	0.283	0 ms
Numeric time: 0.216	0.217	0 ms
Symbolic time: 0.287	0.287	0 ms
Numeric time: 0.218	0.217	0 ms
Symbolic time: 0.284	0.284	0 ms
Numeric time: 0.217	0.216	0 ms
Symbolic time: 0.286	0.287	0 ms
Numeric time: 0.217	0.218	0 ms
Symbolic time: 0.28	0.28	0 ms
Numeric time: 0.215	0.215	0 ms
Symbolic time: 0.285	0.285	0 ms
Numeric time: 0.217	0.218	0 ms
Symbolic time: 0.283	0.282	0 ms
Numeric time: 0.217	0.218	0 ms
Symbolic time: 0.281	0.28	0 ms
Numeric time: 0.217	0.218	0 ms
Symbolic time: 0.282	0.281	0 ms
Numeric time: 0.216	0.216	0 ms
Symbolic time: 0.282	0.283	0 ms
Numeric time: 0.215	0.214	0 ms
Symbolic time: 0.287	0.287	0 ms
Numeric time: 0.216	0.217	0 ms
Symbolic time: 0.282	0.282	0 ms
Numeric time: 0.214	0.214	0 ms
Symbolic time: 0.288	0.288	0 ms
Numeric time: 0.213	0.214	0 ms
Symbolic time: 0.281	0.28	0 ms
Numeric time: 0.214	0.215	0 ms
Symbolic time: 0.285	0.285	0 ms
Numeric time: 0.213	0.214	0 ms
Symbolic time: 0.281	0.282	0 ms
Numeric time: 0.222	0.221	0 ms
Symbolic time: 0.285	0.285	0 ms
Numeric time: 0.217	0.216	0 ms
Symbolic time: 0.282	0.282	0 ms
Numeric time: 0.219	0.218	0 ms
Symbolic time: 0.283	0.282	0 ms
Numeric time: 0.213	0.212	0 ms
Symbolic time: 0.281	0.281	0 ms
Numeric time: 0.22	0.22	0 ms
Symbolic time: 0.283	0.284	0 ms
Numeric time: 0.213	0.214	0 ms
Symbolic time: 0.286	0.286	0 ms
Numeric time: 0.212	0.213	0 ms
Symbolic time: 0.281	0.281	0 ms
Numeric time: 0.213	0.213	0 ms
Symbolic time: 0.289	0.289	0 ms
Numeric time: 0.215	0.214	0 ms
Symbolic time: 0.283	0.283	0 ms
Numeric time: 0.212	0.212	0 ms
Symbolic time: 0.286	0.285	0 ms
Numeric time: 0.213	0.214	0 ms
Symbolic time: 0.282	0.281	0 ms
Numeric time: 0.216	0.215	0 ms
Symbolic time: 0.281	0.282	0 ms
Numeric time: 0.212	0.212	0 ms
Symbolic time: 0.283	0.283	0 ms
Numeric time: 0.218	0.219	0 ms
Symbolic time: 0.284	0.285	0 ms
Numeric time: 0.213	0.214	0 ms
Symbolic time: 0.283	0.282	0 ms
Numeric time: 0.215	0.216	0 ms
Symbolic time: 0.281	0.28	0 ms
Numeric time: 0.214	0.214	0 ms
Symbolic time: 0.289	0.288	0 ms
Numeric time: 0.213	0.214	0 ms
Symbolic time: 0.283	0.284	0 ms
Numeric time: 0.214	0.214	0 ms
Symbolic time: 0.289	0.289	0 ms
Numeric time: 0.215	0.216	0 ms
Symbolic time: 0.283	0.283	0 ms
Numeric time: 0.215	0.215	0 ms
Symbolic time: 0.289	0.289	0 ms
Numeric time: 0.213	0.213	0 ms
Symbolic time: 0.282	0.283	0 ms
Numeric time: 0.218	0.219	0 ms
Symbolic time: 0.284	0.284	0 ms
Numeric time: 0.216	0.217	0 ms
Symbolic time: 0.283	0.283	0 ms
Numeric time: 0.22	0.22	0 ms
Symbolic time: 0.278	0.278	0 ms
Numeric time: 0.213	0.212	0 ms
Symbolic time: 0.282	0.282	0 ms
Numeric time: 0.218	0.219	0 ms
Symbolic time: 0.284	0.284	0 ms
Numeric time: 0.214	0.214	0 ms
Symbolic time: 0.286	0.287	0 ms
Numeric time: 0.212	0.212	0 ms
Symbolic time: 0.281	0.281	0 ms
Numeric time: 0.214	0.214	0 ms
Symbolic time: 0.286	0.287	0 ms
Numeric time: 0.215	0.215	0 ms
Symbolic time: 0.281	0.281	0 ms
Numeric time: 0.215	0.214	0 ms
Symbolic time: 0.289	0.288	0 ms
Numeric time: 0.215	0.214	0 ms
Symbolic time: 0.283	0.284	0 ms
Numeric time: 0.223	0.223	0 ms
Symbolic time: 0.282	0.282	0 ms
Numeric time: 0.216	0.216	0 ms
Symbolic time: 0.283	0.282	0 ms
Numeric time: 0.219	0.219	0 ms
Symbolic time: 0.281	0.281	0 ms
Numeric time: 0.216	0.215	0 ms
Symbolic time: 0.282	0.282	0 ms
Numeric time: 0.219	0.219	0 ms
Symbolic time: 0.283	0.284	0 ms
Numeric time: 0.212	0.212	0 ms
Symbolic time: 0.298	0.291	0 ms
Numeric time: 0.217	0.218	0 ms
Symbolic time: 0.283	0.283	0 ms
Numeric time: 0.215	0.215	0 ms
Symbolic time: 0.286	0.286	0 ms
Numeric time: 0.213	0.214	0 ms
Symbolic time: 0.283	0.283	0 ms
Numeric time: 0.213	0.214	0 ms
Symbolic time: 0.287	0.287	0 ms
Numeric time: 0.216	0.215	0 ms
Symbolic time: 0.282	0.283	0 ms
Numeric time: 0.22	0	0.22 ms
Symbolic time: 0.281	0	0.281 ms
Numeric time: 0.215	0	0.215 ms
Symbolic time: 0.283	0.089	0.193 ms
Numeric time: 0.217	0.217	0 ms
Symbolic time: 0.281	0.281	0 ms
Numeric time: 0.212	0.212	0 ms
Symbolic time: 0.283	0.278	0.005 ms
Numeric time: 0.214	0.213	0 ms
Symbolic time: 0.283	0.283	0 ms
Numeric time: 0.212	0.212	0 ms
Symbolic time: 0.286	0.286	0 ms
Numeric time: 0.212	0.212	0 ms
Symbolic time: 0.283	0.284	0 ms
Numeric time: 0.213	0.214	0 ms
Symbolic time: 0.287	0.287	0 ms
Numeric time: 0.213	0.213	0 ms
Symbolic time: 0.282	0.282	0 ms
Numeric time: 0.213	0.214	0 ms
Symbolic time: 0.288	0.288	0 ms
Numeric time: 0.214	0.214	0 ms
Symbolic time: 0.283	0.283	0 ms
Numeric time: 0.218	0.218	0 ms
Symbolic time: 0.283	0.283	0 ms
Numeric time: 0.212	0.213	0 ms
Symbolic time: 0.283	0.283	0 ms
Numeric time: 0.221	0.221	0 ms
Symbolic time: 0.283	0.283	0 ms
Numeric time: 0.213	0.214	0 ms
Symbolic time: 0.286	0.286	0 ms
Numeric time: 0.217	0.217	0 ms
Symbolic time: 0.282	0.282	0 ms
Numeric time: 0.215	0.216	0 ms
Symbolic time: 0.287	0.288	0 ms
Numeric time: 0.215	0.214	0 ms
Symbolic time: 0.281	0.281	0 ms
Numeric time: 0.215	0.216	0 ms
Symbolic time: 0.288	0.288	0 ms
Numeric time: 0.214	0.214	0 ms
Symbolic time: 0.283	0.283	0 ms
Numeric time: 0.217	0.217	0 ms
Symbolic time: 0.28	0	0.28 ms
Numeric time: 0.218	0	0.218 ms
Symbolic time: 0.281	0	0.281 ms
Numeric time: 0.22	0.159	0.06 ms
Symbolic time: 0.28	0.263	0.017 ms
Numeric time: 0.215	0.202	0.013 ms
Symbolic time: 0.282	0.265	0.017 ms
Numeric time: 0.22	0.22	0 ms
Symbolic time: 0.282	0.282	0 ms
Numeric time: 0.215	0.215	0 ms
Symbolic time: 0.286	0.286	0 ms
Numeric time: 0.216	0.216	0 ms
Symbolic time: 0.283	0.283	0 ms
Numeric time: 0.215	0.214	0 ms
Symbolic time: 0.287	0.287	0 ms
Numeric time: 0.217	0.217	0 ms
Symbolic time: 0.283	0.283	0 ms
Numeric time: 0.214	0.214	0 ms
Symbolic time: 0.285	0.286	0 ms
Numeric time: 0.215	0.215	0 ms
Symbolic time: 0.281	0.281	0 ms
Numeric time: 0.215	0.213	0.002 ms
Symbolic time: 0.281	0.282	0 ms
Numeric time: 0.216	0.216	0 ms
Symbolic time: 0.283	0.282	0 ms
Numeric time: 0.221	0.222	0 ms
Symbolic time: 0.28	0.281	0 ms
Numeric time: 0.215	0.216	0 ms
Symbolic time: 0.282	0.282	0 ms
Numeric time: 0.218	0.219	0 ms
Symbolic time: 0.281	0.281	0 ms
Numeric time: 0.214	0.214	0 ms
Symbolic time: 0.287	0.287	0 ms
Numeric time: 0.216	0.216	0 ms
Symbolic time: 0.281	0.281	0 ms
Numeric time: 0.218	0.218	0 ms
Symbolic time: 0.286	0.287	0 ms
Numeric time: 0.215	0.215	0 ms
Symbolic time: 0.281	0.281	0 ms
Numeric time: 0.213	0.213	0 ms
Symbolic time: 0.285	0.285	0 ms
Numeric time: 0.216	0.216	0 ms
Symbolic time: 0.282	0.282	0 ms
Numeric time: 0.213	0.213	0 ms
Symbolic time: 0.283	0.283	0 ms
Numeric time: 0.215	0.215	0 ms
Symbolic time: 0.28	0.28	0 ms
Numeric time: 0.22	0.22	0 ms
Symbolic time: 0.282	0.282	0 ms
Numeric time: 0.216	0.216	0 ms
Symbolic time: 0.28	0.279	0 ms
Numeric time: 0.218	0.218	0 ms
Symbolic time: 0.282	0.282	0 ms
Numeric time: 0.213	0.213	0 ms
Symbolic time: 0.287	0.287	0 ms
Numeric time: 0.213	0.213	0 ms
Symbolic time: 0.283	0.284	0 ms
Numeric time: 0.213	0.213	0 ms
Symbolic time: 0.287	0.287	0 ms
Numeric time: 0.213	0.213	0 ms
Symbolic time: 0.28	0.281	0 ms
Numeric time: 0.212	0.212	0 ms
Symbolic time: 0.289	0.288	0 ms
Numeric time: 0.212	0.212	0 ms
Symbolic time: 0.283	0.283	0 ms
Numeric time: 0.216	0.215	0 ms
Symbolic time: 0.281	0.281	0 ms
Numeric time: 0.215	0.215	0 ms
Symbolic time: 0.283	0.282	0 ms
Numeric time: 0.219	0.219	0 ms
Symbolic time: 0.281	0.281	0 ms
Numeric time: 0.215	0.215	0 ms
Symbolic time: 0.282	0.283	0 ms
Numeric time: 0.22	0.22	0 ms
Symbolic time: 0.284	0.283	0 ms
Numeric time: 0.213	0.213	0 ms
Symbolic time: 0.287	0.287	0 ms
Numeric time: 0.215	0.216	0 ms
Symbolic time: 0.282	0.282	0 ms
Numeric time: 0.214	0.214	0 ms
Symbolic time: 0.286	0.286	0 ms
Numeric time: 0.216	0.216	0 ms
Symbolic time: 0.281	0.281	0 ms
Numeric time: 0.212	0.213	0 ms
Symbolic time: 0.289	0.29	0 ms
Numeric time: 0.222	0.222	0 ms
Symbolic time: 0.282	0.282	0 ms
Numeric time: 0.215	0.215	0 ms
Symbolic time: 0.284	0	0.284 ms
Numeric time: 0.213	0	0.213 ms
Symbolic time: 0.282	0	0.283 ms
Numeric time: 0.219	0	0.219 ms
Symbolic time: 0.283	0	0.282 ms
Numeric time: 0.214	0	0.214 ms
Symbolic time: 0.284	0	0.284 ms
Numeric time: 0.221	0.222	0 ms
Symbolic time: 0.282	0.282	0 ms
Numeric time: 0.213	0.2	0.013 ms
Symbolic time: 0.287	0.287	0 ms
Numeric time: 0.215	0.215	0 ms
Symbolic time: 0.284	0.285	0 ms
Numeric time: 0.216	0.212	0.004 ms
Symbolic time: 0.285	0.286	0 ms
Numeric time: 0.216	0.216	0 ms
Symbolic time: 0.283	0.283	0 ms
Numeric time: 0.215	0.211	0.004 ms
Symbolic time: 0.288	0.288	0 ms
Numeric time: 0.218	0.218	0 ms
Symbolic time: 0.284	0.284	0 ms
Numeric time: 0.218	0.218	0 ms
Symbolic time: 0.282	0.282	0 ms
Numeric time: 0.213	0.213	0 ms
Symbolic time: 0.28	0.28	0 ms
Numeric time: 0.218	0	0.218 ms
Symbolic time: 0.281	0	0.281 ms
Numeric time: 0.215	0	0.216 ms
Symbolic time: 0.282	0.076	0.206 ms
Numeric time: 0.219	0.219	0 ms
Symbolic time: 0.283	0.283	0 ms
Numeric time: 0.215	0.215	0 ms
Symbolic time: 0.286	0.286	0 ms
Numeric time: 0.217	0.216	0 ms
Symbolic time: 0.282	0.283	0 ms
Numeric time: 0.214	0.214	0 ms
Symbolic time: 0.287	0.286	0 ms
Numeric time: 0.214	0.214	0 ms
Symbolic time: 0.281	0.282	0 ms
Numeric time: 0.214	0.214	0 ms
Symbolic time: 0.288	0.287	0 ms
Numeric time: 0.217	0.217	0 ms
Symbolic time: 0.28	0.28	0 ms
Numeric time: 0.22	0.22	0 ms
Symbolic time: 0.28	0.28	0 ms
Numeric time: 0.214	0.214	0 ms
Symbolic time: 0.283	0.282	0 ms
Numeric time: 0.218	0.217	0 ms
Symbolic time: 0.282	0.281	0 ms
Numeric time: 0.215	0.215	0 ms
Symbolic time: 0.281	0.28	0 ms
Numeric time: 0.224	0.224	0 ms
Symbolic time: 0.284	0.284	0 ms
Numeric time: 0.217	0.217	0 ms
Symbolic time: 0.287	0.287	0 ms
Numeric time: 0.217	0.216	0 ms
Symbolic time: 0.28	0.28	0 ms
Numeric time: 0.217	0.217	0 ms
Symbolic time: 0.289	0.289	0 ms
Numeric time: 0.215	0.216	0 ms
Symbolic time: 0.282	0.282	0 ms
Numeric time: 0.218	0.218	0 ms
Symbolic time: 0.289	0.289	0 ms
Numeric time: 0.215	0.215	0 ms
Symbolic time: 0.282	0.283	0 ms
Numeric time: 0.218	0.218	0 ms
Symbolic time: 0.282	0.282	0 ms
Numeric time: 0.215	0.215	0 ms
Symbolic time: 0.281	0.281	0 ms
Numeric time: 0.219	0.22	0 ms
Symbolic time: 0.284	0.284	0 ms
Numeric time: 0.212	0.212	0 ms
Symbolic time: 0.286	0.286	0 ms
Numeric time: 0.214	0.214	0 ms
Symbolic time: 0.282	0.282	0 ms
Numeric time: 0.212	0.212	0 ms
Symbolic time: 0.285	0.285	0 ms
Numeric time: 0.212	0.212	0 ms
Symbolic time: 0.283	0.283	0 ms
Numeric time: 0.213	0.213	0 ms
Symbolic time: 0.289	0.289	0 ms
Numeric time: 0.213	0.212	0 ms
Symbolic time: 0.283	0.283	0 ms
Numeric time: 0.214	0.214	0 ms
Symbolic time: 0.286	0.285	0 ms
Numeric time: 0.214	0.214	0 ms
Symbolic time: 0.282	0.282	0 ms
Numeric time: 0.217	0.217	0 ms
Symbolic time: 0.282	0.283	0 ms
Numeric time: 0.214	0.214	0 ms
Symbolic time: 0.283	0.283	0 ms
Numeric time: 0.22	0	0.22 ms
Symbolic time: 0.282	0	0.282 ms
Numeric time: 0.216	0	0.217 ms
Symbolic time: 0.282	0.083	0.199 ms
Numeric time: 0.215	0	0.215 ms
Symbolic time: 0.284	0	0.283 ms
Numeric time: 0.216	0	0.216 ms
Symbolic time: 0.288	0.155	0.133 ms
Numeric time: 0.234	0.219	0.015 ms
Symbolic time: 0.283	0.264	0.018 ms
Numeric time: 0.215	0.201	0.014 ms
Symbolic time: 0.288	0.288	0 ms
Numeric time: 0.215	0.215	0 ms
Symbolic time: 0.284	0.284	0 ms
Numeric time: 0.213	0.21	0.004 ms
Symbolic time: 0.283	0.283	0 ms
Numeric time: 0.213	0.213	0 ms
Symbolic time: 0.284	0.285	0 ms
Numeric time: 0.218	0.219	0 ms
Symbolic time: 0.282	0.282	0 ms
Numeric time: 0.213	0.214	0 ms
Symbolic time: 0.282	0.281	0 ms
Numeric time: 0.223	0.223	0 ms
Symbolic time: 0.283	0.284	0 ms
Numeric time: 0.214	0.214	0 ms
Symbolic time: 0.288	0.288	0 ms
Numeric time: 0.213	0.213	0 ms
Symbolic time: 0.282	0.282	0 ms
Numeric time: 0.213	0.213	0 ms
Symbolic time: 0.291	0.291	0 ms
Numeric time: 0.213	0.214	0 ms
Symbolic time: 0.28	0.281	0 ms
Numeric time: 0.214	0.213	0 ms
Symbolic time: 0.288	0.288	0 ms
Numeric time: 0.215	0.214	0 ms
Symbolic time: 0.282	0.283	0 ms
Numeric time: 0.223	0.223	0 ms
Symbolic time: 0.282	0.282	0 ms
Numeric time: 0.213	0.213	0 ms
Symbolic time: 0.285	0.285	0 ms
Numeric time: 0.215	0	0.215 ms
Symbolic time: 0.281	0	0.281 ms
Numeric time: 0.213	0	0.213 ms
Symbolic time: 0.284	0.079	0.205 ms
Numeric time: 0.223	0.223	0 ms
Symbolic time: 0.282	0.282	0 ms
Numeric time: 0.213	0.213	0 ms
Symbolic time: 0.287	0.286	0 ms
Numeric time: 0.217	0.216	0 ms
Symbolic time: 0.282	0.282	0 ms
Numeric time: 0.215	0.214	0 ms
Symbolic time: 0.285	0.285	0 ms
Numeric time: 0.214	0.214	0 ms
Symbolic time: 0.283	0.284	0 ms
Numeric time: 0.215	0.214	0 ms
Symbolic time: 0.293	0.294	0 ms
Numeric time: 0.213	0.213	0 ms
Symbolic time: 0.284	0.284	0 ms
Numeric time: 0.22	0.22	0 ms
Symbolic time: 0.282	0.283	0 ms
Numeric time: 0.212	0.212	0 ms
Symbolic time: 0.283	0.283	0 ms
Numeric time: 0.221	0.221	0 ms
Symbolic time: 0.283	0.283	0 ms
Numeric time: 0.214	0.214	0 ms
Symbolic time: 0.282	0.282	0 ms
Numeric time: 0.225	0.226	0 ms
Symbolic time: 0.283	0.284	0 ms
Numeric time: 0.217	0.217	0 ms
Symbolic time: 0.289	0.289	0 ms
Numeric time: 0.213	0.214	0 ms
Symbolic time: 0.282	0.282	0 ms
Numeric time: 0.214	0.214	0 ms
Symbolic time: 0.286	0.287	0 ms
Numeric time: 0.214	0.214	0 ms
Symbolic time: 0.283	0.283	0 ms
Numeric time: 0.214	0.215	0 ms
Symbolic time: 0.29	0.291	0 ms
Numeric time: 0.214	0.214	0 ms
Symbolic time: 0.282	0.282	0 ms
Numeric time: 0.219	0.22	0 ms
Symbolic time: 0.284	0.284	0 ms
Numeric time: 0.216	0.216	0 ms
Symbolic time: 0.281	0.281	0 ms
Numeric time: 0.223	0.224	0 ms
Symbolic time: 0.282	0.282	0 ms
Numeric time: 0.214	0.214	0 ms
Symbolic time: 0.288	0.288	0 ms
Numeric time: 0.216	0.216	0 ms
Symbolic time: 0.281	0.281	0 ms
Numeric time: 0.217	0.218	0 ms
Symbolic time: 0.287	0.287	0 ms
Numeric time: 0.214	0.214	0 ms
Symbolic time: 0.283	0.283	0 ms
Numeric time: 0.214	0.213	0 ms
Symbolic time: 0.286	0.286	0 ms
Numeric time: 0.217	0.216	0 ms
Symbolic time: 0.283	0.283	0 ms
Numeric time: 0.214	0.214	0 ms
Symbolic time: 0.282	0.282	0 ms
Numeric time: 0.215	0.215	0 ms
Symbolic time: 0.282	0.282	0 ms
Numeric time: 0.222	0.222	0 ms
Symbolic time: 0.315	0.315	0 ms
Numeric time: 0.221	0.222	0 ms
Symbolic time: 0.282	0.282	0 ms
Numeric time: 0.224	0.223	0 ms
Symbolic time: 0.282	0.282	0 ms
Numeric time: 0.214	0.214	0 ms
Symbolic time: 0.289	0.29	0 ms
Numeric time: 0.216	0.216	0 ms
Symbolic time: 0.284	0.284	0 ms
Numeric time: 0.217	0.217	0 ms
Symbolic time: 0.29	0.29	0 ms
Numeric time: 0.215	0.214	0 ms
Symbolic time: 0.28	0.28	0 ms
Numeric time: 0.213	0.213	0 ms
Symbolic time: 0.286	0.286	0 ms
Numeric time: 0.23	0.23	0 ms
Symbolic time: 0.284	0.283	0 ms
Numeric time: 0.224	0.224	0 ms
Symbolic time: 0.282	0.282	0 ms
Numeric time: 0.215	0.215	0 ms
Symbolic time: 0.283	0.283	0 ms
Numeric time: 0.221	0.22	0 ms
Symbolic time: 0.285	0.285	0 ms
Numeric time: 0.216	0.216	0 ms
Symbolic time: 0.29	0.291	0 ms
Numeric time: 0.217	0.217	0 ms
Symbolic time: 0.283	0.282	0 ms
Numeric time: 0.217	0.217	0 ms
Symbolic time: 0.288	0.288	0 ms
Numeric time: 0.216	0.216	0 ms
Symbolic time: 0.282	0.283	0 ms
Numeric time: 0.214	0.215	0 ms
Symbolic time: 0.287	0.288	0 ms
Numeric time: 0.217	0.217	0 ms
Symbolic time: 0.283	0.283	0 ms
Numeric time: 0.222	0.222	0 ms

Symbolic time: 0.296622 ms
Numeric time: 0.225009 ms
