Symbolic time: 2.93	2.928	0 ms
Numeric time: 2.091	2.087	0.005 ms
Symbolic time: 2.673	1.69	0.983 ms
Numeric time: 1.864	1.864	0 ms
Symbolic time: 2.661	2.662	0 ms
Numeric time: 1.861	1.862	0 ms
Symbolic time: 2.673	2.673	0 ms
Numeric time: 1.86	1.84	0.02 ms
Symbolic time: 2.657	2.657	0 ms
Numeric time: 1.858	1.859	0 ms
Symbolic time: 2.667	1.958	0.711 ms
Numeric time: 1.863	1.863	0 ms
Symbolic time: 2.664	2.664	0 ms
Numeric time: 1.856	1.857	0 ms
Symbolic time: 2.672	2.672	0 ms
Numeric time: 1.858	1.858	0 ms
Symbolic time: 2.675	2.676	0 ms
Numeric time: 1.863	1.863	0 ms
Symbolic time: 2.664	2.664	0.001 ms
Numeric time: 1.855	1.855	0 ms
Symbolic time: 2.666	2.666	0 ms
Numeric time: 1.851	1.851	0 ms
Symbolic time: 2.669	2.669	0 ms
Numeric time: 1.865	1.865	0 ms
Symbolic time: 2.68	2.679	0 ms
Numeric time: 1.876	1.878	0 ms
Symbolic time: 2.684	2.684	0 ms
Numeric time: 1.878	0.92	0.958 ms
Symbolic time: 3.258	3.246	0.013 ms
Numeric time: 2.648	2.649	0 ms
Symbolic time: 3.771	2.781	0.991 ms
Numeric time: 2.721	1.736	0.985 ms
Symbolic time: 3.764	3.764	0 ms
Numeric time: 2.712	1.744	0.968 ms
Symbolic time: 3.758	3.758	0 ms
Numeric time: 2.398	2.389	0.01 ms
Symbolic time: 2.64	2.641	0 ms
Numeric time: 1.837	0	1.837 ms
Symbolic time: 2.658	0.681	1.978 ms
Numeric time: 1.841	1.841	0 ms
Symbolic time: 2.658	2.658	0 ms
Numeric time: 1.833	1.833	0 ms
Symbolic time: 2.652	2.652	0 ms
Numeric time: 1.837	1.817	0.02 ms
Symbolic time: 2.648	2.648	0 ms
Numeric time: 1.834	1.835	0 ms
Symbolic time: 2.664	2.664	0 ms
Numeric time: 1.838	1.839	0 ms
Symbolic time: 2.652	1.695	0.957 ms
Numeric time: 1.836	1.836	0 ms
Symbolic time: 2.659	2.66	0 ms
Numeric time: 1.833	1.834	0 ms
Symbolic time: 2.639	2.607	0.032 ms
Numeric time: 1.834	1.834	0 ms
Symbolic time: 2.65	1.667	0.983 ms
Numeric time: 1.836	1.836	0 ms
Symbolic time: 2.647	1.675	0.973 ms
Numeric time: 1.836	1.836	0 ms
Symbolic time: 2.652	2.652	0 ms
Numeric time: 1.829	1.829	0 ms
Symbolic time: 2.644	2.644	0 ms
Numeric time: 1.827	1.808	0.019 ms
Symbolic time: 2.642	2.641	0 ms
Numeric time: 1.832	1.833	0 ms
Symbolic time: 2.643	2.644	0 ms
Numeric time: 1.837	1.838	0 ms
Symbolic time: 2.647	2.647	0 ms
Numeric time: 1.833	0.89	0.943 ms
Symbolic time: 2.654	2.654	0 ms
Numeric time: 1.82	0.781	1.04 ms
Symbolic time: 2.647	2.646	0 ms
Numeric time: 1.832	1.833	0 ms
Symbolic time: 2.651	2.652	0 ms
Numeric time: 1.829	1.829	0 ms
Symbolic time: 2.645	2.645	0 ms
Numeric time: 1.829	1.829	0 ms
Symbolic time: 2.652	2.652	0 ms
Numeric time: 1.827	1.828	0 ms
Symbolic time: 2.648	1.926	0.722 ms
Numeric time: 1.827	1.827	0 ms
Symbolic time: 2.645	1.939	0.706 ms
Numeric time: 1.838	1.838	0 ms
Symbolic time: 2.703	2.704	0 ms
Numeric time: 1.935	1.935	0 ms
Symbolic time: 2.644	1.677	0.968 ms
Numeric time: 1.845	1.845	0 ms
Symbolic time: 2.647	2.647	0 ms
Numeric time: 1.826	1.788	0.038 ms
Symbolic time: 2.639	2.64	0 ms
Numeric time: 1.829	1.83	0 ms
Symbolic time: 2.651	1.951	0.699 ms
Numeric time: 1.84	1.84	0 ms
Symbolic time: 2.655	2.655	0 ms
Numeric time: 1.831	1.83	0 ms
Symbolic time: 2.648	2.647	0 ms
Numeric time: 1.835	1.835	0 ms
Symbolic time: 2.645	2.632	0.011 ms
Numeric time: 1.824	1.825	0 ms
Symbolic time: 2.64	1.659	0.981 ms
Numeric time: 1.833	0.845	0.987 ms
Symbolic time: 2.643	0.67	1.973 ms
Numeric time: 1.829	1.83	0 ms
Symbolic time: 2.654	2.654	0 ms
Numeric time: 1.828	1.828	0 ms
Symbolic time: 2.656	2.656	0 ms
Numeric time: 1.829	1.808	0.022 ms
Symbolic time: 2.633	2.633	0 ms
Numeric time: 1.83	1.83	0 ms
Symbolic time: 2.646	2.647	0 ms
Numeric time: 1.888	0.925	0.963 ms
Symbolic time: 2.654	2.654	0 ms
Numeric time: 1.861	0.901	0.961 ms
Symbolic time: 2.648	2.648	0 ms
Numeric time: 1.829	1.829	0 ms
Symbolic time: 2.645	2.611	0.035 ms
Numeric time: 1.833	1.833	0 ms
Symbolic time: 2.651	1.942	0.71 ms
Numeric time: 1.831	0.846	0.987 ms
Symbolic time: 2.648	2.649	0 ms
Numeric time: 1.842	0.886	0.956 ms
Symbolic time: 4.127	4.11	0.01 ms
Numeric time: 5.713	3.739	1.975 ms
Symbolic time: 6.208	6.201	0.007 ms
Numeric time: 3.643	3.644	0 ms
Symbolic time: 4.178	4.163	0.016 ms
Numeric time: 2.371	2.372	0 ms
Symbolic time: 3.332	3.332	0 ms
Numeric time: 2.299	1.351	0.949 ms
Symbolic time: 2.719	1.744	0.975 ms
Numeric time: 1.964	0.967	0.997 ms
Symbolic time: 2.687	1.717	0.97 ms
Numeric time: 1.97	0.973	0.997 ms
Symbolic time: 2.701	1.73	0.971 ms
Numeric time: 1.963	0.967	0.996 ms
Symbolic time: 2.698	2.698	0 ms
Numeric time: 1.917	1.918	0 ms
Symbolic time: 2.698	2.698	0 ms
Numeric time: 1.941	1.941	0 ms
Symbolic time: 2.684	2.683	0 ms
Numeric time: 1.881	0.935	0.947 ms
Symbolic time: 2.689	2.688	0 ms
Numeric time: 1.865	1.865	0 ms
Symbolic time: 2.694	1.74	0.954 ms
Numeric time: 1.864	1.777	0.087 ms
Symbolic time: 2.7	2.699	0 ms
Numeric time: 1.944	1.944	0 ms
Symbolic time: 2.679	2.679	0 ms
Numeric time: 1.898	1.898	0 ms
Symbolic time: 2.693	2.015	0.68 ms
Numeric time: 1.881	1.881	0 ms
Symbolic time: 2.686	2.686	0 ms
Numeric time: 1.883	1.884	0 ms
Symbolic time: 2.731	2.731	0 ms
Numeric time: 2.066	2.067	0 ms
Symbolic time: 2.694	2.695	0 ms
Numeric time: 1.943	1.944	0 ms
Symbolic time: 2.694	1.73	0.964 ms
Numeric time: 1.88	1.882	0 ms
Symbolic time: 2.685	1.716	0.969 ms
Numeric time: 1.863	1.863	0 ms
Symbolic time: 2.688	2.688	0 ms
Numeric time: 1.872	1.872	0 ms
Symbolic time: 2.699	2.699	0 ms
Numeric time: 1.876	1.876	0 ms
Symbolic time: 2.717	0.772	1.945 ms
Numeric time: 2.049	2.043	0.005 ms
Symbolic time: 2.699	2.698	0 ms
Numeric time: 1.899	1.9	0 ms
Symbolic time: 2.68	1.622	1.058 ms
Numeric time: 1.873	0.905	0.968 ms
Symbolic time: 2.68	2.681	0 ms
Numeric time: 1.872	1.872	0 ms
Symbolic time: 2.681	2.681	0 ms
Numeric time: 1.882	1.882	0 ms
Symbolic time: 2.689	1.72	0.969 ms
Numeric time: 1.901	1.902	0 ms
Symbolic time: 2.715	2.715	0 ms
Numeric time: 1.964	1.965	0 ms
Symbolic time: 2.7	1.73	0.97 ms
Numeric time: 2.068	2.062	0.007 ms
Symbolic time: 2.71	2.71	0 ms
Numeric time: 1.926	1.926	0 ms
Symbolic time: 2.755	1.784	0.971 ms
Numeric time: 1.937	0	1.937 ms
Symbolic time: 2.738	2.738	0 ms
Numeric time: 1.905	1.905	0 ms
Symbolic time: 2.703	2.703	0 ms
Numeric time: 1.923	1.924	0 ms
Symbolic time: 2.701	1.744	0.958 ms
Numeric time: 1.895	0.907	0.99 ms
Symbolic time: 2.692	2.693	0 ms
Numeric time: 1.889	1.889	0 ms
Symbolic time: 2.696	2.696	0 ms
Numeric time: 1.888	1.889	0 ms
Symbolic time: 2.695	2.694	0 ms
Numeric time: 1.894	1.894	0 ms
Symbolic time: 2.685	2.685	0 ms
Numeric time: 1.884	1.884	0 ms
Symbolic time: 2.685	1.661	1.024 ms
Numeric time: 1.878	0.912	0.967 ms
Symbolic time: 2.682	2.682	0 ms
Numeric time: 1.883	1.884	0 ms
Symbolic time: 2.682	2.682	0 ms
Numeric time: 1.872	0.9	0.973 ms
Symbolic time: 2.706	2.7	0.006 ms
Numeric time: 1.9	1.9	0 ms
Symbolic time: 2.693	1.741	0.953 ms
Numeric time: 1.879	1.88	0 ms
Symbolic time: 2.686	2.685	0 ms
Numeric time: 1.879	1.88	0 ms
Symbolic time: 2.689	2.688	0 ms
Numeric time: 1.886	1.887	0 ms
Symbolic time: 2.689	2.689	0 ms
Numeric time: 1.879	0.949	0.931 ms
Symbolic time: 2.692	2.692	0 ms
Numeric time: 1.885	1.824	0.061 ms
Symbolic time: 2.684	2.686	0 ms
Numeric time: 1.877	1.877	0 ms
Symbolic time: 2.681	2.681	0 ms
Numeric time: 1.887	0.913	0.974 ms
Symbolic time: 2.696	2.696	0 ms
Numeric time: 1.908	0.947	0.961 ms
Symbolic time: 2.688	1.721	0.968 ms
Numeric time: 1.882	1.882	0 ms
Symbolic time: 2.697	2.697	0 ms
Numeric time: 1.876	1.878	0 ms
Symbolic time: 2.703	2.703	0 ms
Numeric time: 1.889	1.889	0 ms
Symbolic time: 2.697	2.697	0 ms
Numeric time: 1.878	1.878	0 ms
Symbolic time: 2.687	2.687	0 ms
Numeric time: 1.889	0.969	0.921 ms
Symbolic time: 2.691	2.621	0.071 ms
Numeric time: 1.887	0	1.888 ms
Symbolic time: 2.699	2.626	0.073 ms
Numeric time: 1.911	1.911	0 ms
Symbolic time: 2.69	2.69	0 ms
Numeric time: 1.892	1.893	0 ms
Symbolic time: 2.687	2.004	0.683 ms
Numeric time: 1.88	1.88	0 ms
Symbolic time: 2.688	1.72	0.967 ms
Numeric time: 1.886	1.887	0 ms
Symbolic time: 2.696	1.729	0.968 ms
Numeric time: 1.9	1.901	0 ms
Symbolic time: 2.697	2.697	0 ms
Numeric time: 1.884	1.884	0 ms
Symbolic time: 2.687	1.732	0.956 ms
Numeric time: 1.882	1.882	0 ms
Symbolic time: 2.696	2.697	0 ms
Numeric time: 1.881	0.924	0.957 ms
Symbolic time: 2.691	2.692	0 ms
Numeric time: 1.87	1.809	0.061 ms
Symbolic time: 2.694	2.694	0 ms
Numeric time: 1.879	1.88	0 ms
Symbolic time: 2.684	2.684	0 ms
Numeric time: 1.875	1.875	0 ms
Symbolic time: 2.692	2.691	0 ms
Numeric time: 1.876	1.876	0 ms
Symbolic time: 2.697	1.743	0.954 ms
Numeric time: 1.889	1.89	0 ms
Symbolic time: 2.689	2.688	0 ms
Numeric time: 1.887	1.886	0 ms
Symbolic time: 2.681	2.682	0 ms
Numeric time: 1.874	1.875	0 ms
Symbolic time: 2.686	2.685	0 ms
Numeric time: 1.867	1.868	0 ms
Symbolic time: 2.696	2.696	0 ms
Numeric time: 1.868	1.851	0.017 ms
Symbolic time: 2.688	2.688	0 ms
Numeric time: 1.878	1.879	0 ms
Symbolic time: 2.692	1.992	0.7 ms
Numeric time: 1.868	1.868	0 ms
Symbolic time: 2.696	1.726	0.97 ms
Numeric time: 1.899	1.899	0 ms
Symbolic time: 2.693	1.724	0.969 ms
Numeric time: 1.877	1.878	0 ms
Symbolic time: 2.694	2.694	0 ms
Numeric time: 1.878	1.879	0 ms
Symbolic time: 2.698	2.698	0 ms
Numeric time: 1.875	1.875	0 ms
Symbolic time: 2.683	2.684	0 ms
Numeric time: 1.871	1.871	0 ms
Symbolic time: 2.692	1.763	0.929 ms
Numeric time: 1.872	1.784	0.089 ms
Symbolic time: 2.68	2.681	0 ms
Numeric time: 1.875	1.876	0 ms
Symbolic time: 2.688	1.702	0.985 ms
Numeric time: 1.881	0.893	0.988 ms
Symbolic time: 2.724	2.724	0 ms
Numeric time: 1.891	1.892	0 ms
Symbolic time: 2.703	1.742	0.962 ms
Numeric time: 1.885	1.886	0 ms
Symbolic time: 2.686	2.686	0 ms
Numeric time: 1.872	0.917	0.956 ms
Symbolic time: 2.689	2.689	0 ms
Numeric time: 1.882	1.882	0 ms
Symbolic time: 2.693	2.693	0 ms
Numeric time: 1.886	1.887	0 ms
Symbolic time: 2.691	2.691	0 ms
Numeric time: 1.884	1.849	0.035 ms
Symbolic time: 2.68	2.68	0 ms
Numeric time: 1.876	1.877	0 ms
Symbolic time: 2.681	2.681	0 ms
Numeric time: 1.885	1.885	0 ms
Symbolic time: 2.679	1.995	0.684 ms
Numeric time: 1.88	1.881	0 ms
Symbolic time: 2.692	1.723	0.969 ms
Numeric time: 1.884	1.884	0 ms
Symbolic time: 2.689	2.689	0 ms
Numeric time: 1.884	1.884	0 ms
Symbolic time: 2.688	2.689	0 ms
Numeric time: 1.878	1.878	0 ms
Symbolic time: 2.69	2.69	0 ms
Numeric time: 1.879	1.88	0 ms
Symbolic time: 2.683	2.683	0 ms
Numeric time: 1.872	1.854	0.018 ms
Symbolic time: 2.688	2.688	0 ms
Numeric time: 1.884	1.884	0 ms
Symbolic time: 2.684	2.684	0 ms
Numeric time: 1.879	1.88	0 ms
Symbolic time: 2.684	1.009	1.675 ms
Numeric time: 1.886	0.897	0.989 ms
Symbolic time: 2.684	1.716	0.969 ms
Numeric time: 1.879	1.88	0 ms
Symbolic time: 2.691	1.722	0.969 ms
Numeric time: 1.884	1.879	0 ms
Symbolic time: 2.678	2.677	0 ms
Numeric time: 1.885	1.886	0 ms
Symbolic time: 2.684	2.684	0 ms
Numeric time: 1.882	1.882	0 ms
Symbolic time: 2.683	2.684	0 ms
Numeric time: 1.872	1.843	0.03 ms
Symbolic time: 2.699	2.699	0 ms
Numeric time: 1.879	1.88	0 ms
Symbolic time: 2.688	2.688	0 ms
Numeric time: 1.874	1.875	0 ms
Symbolic time: 2.687	2.686	0 ms
Numeric time: 1.894	1.894	0 ms
Symbolic time: 2.688	1.73	0.958 ms
Numeric time: 1.884	1.885	0 ms
Symbolic time: 2.691	2.691	0 ms
Numeric time: 1.877	1.878	0 ms
Symbolic time: 2.689	2.69	0 ms
Numeric time: 1.878	1.879	0 ms
Symbolic time: 2.694	2.694	0 ms
Numeric time: 1.869	1.869	0 ms
Symbolic time: 2.691	2.691	0 ms
Numeric time: 1.868	1.85	0.017 ms
Symbolic time: 2.685	2.686	0 ms
Numeric time: 1.879	1.879	0 ms
Symbolic time: 2.687	1.993	0.694 ms
Numeric time: 1.888	1.888	0 ms
Symbolic time: 2.702	2.703	0 ms
Numeric time: 1.875	1.876	0 ms
Symbolic time: 2.686	1.729	0.958 ms
Numeric time: 1.872	1.872	0 ms
Symbolic time: 2.684	1.716	0.969 ms
Numeric time: 1.88	1.879	0 ms
Symbolic time: 2.696	2.696	0 ms
Numeric time: 1.879	0.92	0.96 ms
Symbolic time: 2.696	2.696	0 ms
Numeric time: 1.881	1.885	0 ms
Symbolic time: 2.689	2.688	0 ms
Numeric time: 1.872	1.826	0.046 ms
Symbolic time: 2.684	1.686	0.998 ms
Numeric time: 1.873	1.874	0 ms
Symbolic time: 2.68	1.985	0.695 ms
Numeric time: 1.88	0.892	0.988 ms
Symbolic time: 2.69	1.72	0.969 ms
Numeric time: 1.878	1.878	0 ms
Symbolic time: 2.703	2.703	0 ms
Numeric time: 1.903	1.902	0 ms
Symbolic time: 2.694	1.734	0.961 ms
Numeric time: 1.885	1.885	0 ms
Symbolic time: 2.69	2.691	0 ms
Numeric time: 1.876	1.876	0 ms
Symbolic time: 2.689	2.689	0 ms
Numeric time: 1.874	1.874	0 ms
Symbolic time: 2.695	2.695	0 ms
Numeric time: 1.875	1.844	0.032 ms
Symbolic time: 2.692	2.691	0 ms
Numeric time: 1.908	1.909	0 ms
Symbolic time: 2.684	1.693	0.99 ms
Numeric time: 1.886	1.886	0 ms
Symbolic time: 2.696	2.018	0.679 ms
Numeric time: 1.946	0.952	0.995 ms
Symbolic time: 2.748	2.052	0.696 ms
Numeric time: 2.036	2.033	0.003 ms
Symbolic time: 2.696	1.693	1.003 ms
Numeric time: 2.006	1.004	1.001 ms
Symbolic time: 2.706	2.705	0.002 ms
Numeric time: 2.013	2.013	0.001 ms
Symbolic time: 2.709	2.706	0.004 ms
Numeric time: 1.939	1.939	0 ms
Symbolic time: 2.705	2.705	0 ms
Numeric time: 1.983	1.983	0 ms
Symbolic time: 2.692	2.692	0 ms
Numeric time: 1.886	0.901	0.985 ms
Symbolic time: 2.691	2.691	0 ms
Numeric time: 1.88	1.88	0 ms
Symbolic time: 2.714	2.023	0.692 ms
Numeric time: 2.026	1.024	1.003 ms
Symbolic time: 2.699	2.013	0.684 ms
Numeric time: 1.906	1.906	0 ms
Symbolic time: 2.694	2.004	0.69 ms
Numeric time: 1.885	1.886	0 ms
Symbolic time: 2.698	2.698	0 ms
Numeric time: 1.884	1.885	0 ms
Symbolic time: 2.693	2.694	0 ms
Numeric time: 1.884	1.884	0 ms
Symbolic time: 2.691	2.692	0 ms
Numeric time: 1.884	1.884	0 ms
Symbolic time: 2.7	2.701	0 ms
Numeric time: 1.888	0.965	0.924 ms
Symbolic time: 2.702	2.702	0 ms
Numeric time: 2.104	2.104	0 ms
Symbolic time: 2.709	2.709	0 ms
Numeric time: 1.948	0.982	0.967 ms
Symbolic time: 2.701	2.7	0 ms
Numeric time: 1.913	1.913	0 ms
Symbolic time: 2.733	2.732	0 ms
Numeric time: 1.898	1.898	0 ms
Symbolic time: 2.697	2.697	0 ms
Numeric time: 1.892	1.891	0 ms
Symbolic time: 2.693	2.692	0 ms
Numeric time: 1.9	1.863	0.037 ms
Symbolic time: 2.688	2.687	0 ms
Numeric time: 1.905	1.905	0 ms
Symbolic time: 2.685	2.685	0 ms
Numeric time: 1.906	1.907	0 ms
Symbolic time: 2.689	2.015	0.673 ms
Numeric time: 1.891	1.892	0 ms
Symbolic time: 2.699	2.699	0 ms
Numeric time: 1.895	0.934	0.961 ms
Symbolic time: 2.694	2.695	0 ms
Numeric time: 1.89	1.891	0 ms
Symbolic time: 2.698	2.698	0 ms
Numeric time: 1.885	1.886	0 ms
Symbolic time: 2.691	2.692	0 ms
Numeric time: 1.887	1.887	0 ms
Symbolic time: 2.696	2.696	0 ms
Numeric time: 1.886	0.959	0.927 ms
Symbolic time: 2.693	2.693	0 ms
Numeric time: 1.879	1.879	0 ms
Symbolic time: 2.698	2.697	0 ms
Numeric time: 1.904	1.855	0.049 ms
Symbolic time: 2.688	2.688	0 ms
Numeric time: 1.908	1.909	0 ms
Symbolic time: 2.688	1.699	0.989 ms
Numeric time: 1.889	1.888	0 ms
Symbolic time: 2.706	2.029	0.678 ms
Numeric time: 2.061	2.056	0.006 ms
Symbolic time: 2.702	2.697	0.004 ms
Numeric time: 2.086	1.078	1.009 ms
Symbolic time: 2.699	1.796	0.903 ms
Numeric time: 1.954	1.858	0.095 ms
Symbolic time: 2.695	2.694	0.002 ms
Numeric time: 1.924	0.95	0.975 ms
Symbolic time: 2.7	2.699	0 ms
Numeric time: 1.912	1.913	0 ms
Symbolic time: 2.7	2.7	0 ms
Numeric time: 1.902	1.901	0 ms
Symbolic time: 2.694	2.694	0 ms
Numeric time: 1.892	0.918	0.975 ms
Symbolic time: 2.683	1.989	0.693 ms
Numeric time: 1.905	0.914	0.991 ms
Symbolic time: 2.691	2.692	0 ms
Numeric time: 1.911	0.95	0.962 ms
Symbolic time: 2.697	1.728	0.97 ms
Numeric time: 1.882	1.883	0 ms
Symbolic time: 2.694	2.695	0 ms
Numeric time: 1.884	1.884	0 ms
Symbolic time: 2.696	2.696	0 ms
Numeric time: 1.888	1.888	0 ms
Symbolic time: 2.686	2.686	0 ms
Numeric time: 1.889	1.889	0 ms
Symbolic time: 2.689	2.689	0 ms
Numeric time: 1.873	0.849	1.024 ms
Symbolic time: 2.685	2.685	0 ms
Numeric time: 1.884	1.884	0 ms
Symbolic time: 2.683	2.683	0 ms
Numeric time: 1.882	1.882	0 ms
Symbolic time: 2.692	2.692	0 ms
Numeric time: 1.883	1.884	0 ms
Symbolic time: 2.688	1.73	0.957 ms
Numeric time: 1.883	1.884	0 ms
Symbolic time: 2.693	2.692	0 ms
Numeric time: 1.88	1.88	0 ms
Symbolic time: 2.704	2.704	0 ms
Numeric time: 1.89	1.89	0 ms
Symbolic time: 2.691	2.691	0 ms
Numeric time: 1.897	1.898	0 ms
Symbolic time: 2.694	2.695	0 ms
Numeric time: 1.882	1.882	0 ms
Symbolic time: 2.701	1.776	0.925 ms
Numeric time: 1.951	0.856	1.095 ms
Symbolic time: 2.689	2.688	0 ms
Numeric time: 1.896	1.896	0 ms
Symbolic time: 2.689	2.689	0 ms
Numeric time: 1.884	1.884	0 ms
Symbolic time: 2.69	1.004	1.685 ms
Numeric time: 1.879	1.879	0 ms
Symbolic time: 2.693	1.724	0.97 ms
Numeric time: 1.877	1.878	0 ms
Symbolic time: 2.688	2.689	0 ms
Numeric time: 1.878	1.879	0 ms
Symbolic time: 2.691	1.733	0.958 ms
Numeric time: 1.877	1.878	0 ms
Symbolic time: 2.69	2.69	0 ms
Numeric time: 1.871	1.873	0 ms
Symbolic time: 2.692	2.692	0 ms
Numeric time: 1.879	1.879	0 ms
Symbolic time: 2.685	2.643	0.041 ms
Numeric time: 1.878	0.908	0.971 ms
Symbolic time: 2.68	2.68	0 ms
Numeric time: 1.872	1.873	0 ms
Symbolic time: 2.692	2.01	0.682 ms
Numeric time: 1.879	1.878	0 ms
Symbolic time: 2.691	1.722	0.969 ms
Numeric time: 1.879	1.88	0 ms
Symbolic time: 2.693	2.693	0 ms
Numeric time: 1.879	0.921	0.959 ms
Symbolic time: 2.686	2.686	0 ms
Numeric time: 1.882	0.925	0.958 ms
Symbolic time: 2.69	2.69	0 ms
Numeric time: 1.878	1.878	0 ms
Symbolic time: 2.69	2.69	0 ms
Numeric time: 1.867	1.824	0.045 ms
Symbolic time: 2.683	2.683	0 ms
Numeric time: 1.876	1.876	0 ms
Symbolic time: 2.685	1.7	0.986 ms
Numeric time: 1.874	1.874	0 ms
Symbolic time: 2.688	2	0.688 ms
Numeric time: 1.881	0.893	0.988 ms
Symbolic time: 2.69	2.69	0 ms
Numeric time: 1.882	0.924	0.958 ms
Symbolic time: 2.687	2.687	0 ms
Numeric time: 1.88	1.88	0 ms
Symbolic time: 2.696	2.696	0 ms
Numeric time: 1.875	1.876	0 ms
Symbolic time: 2.689	2.69	0 ms
Numeric time: 1.879	1.879	0 ms
Symbolic time: 2.689	2.689	0 ms
Numeric time: 1.87	1.85	0.02 ms
Symbolic time: 2.685	2.685	0 ms
Numeric time: 1.876	1.876	0 ms
Symbolic time: 2.689	2.689	0 ms
Numeric time: 1.88	1.881	0 ms
Symbolic time: 2.69	2.02	0.67 ms
Numeric time: 1.873	0.886	0.988 ms
Symbolic time: 2.69	2.691	0 ms
Numeric time: 1.878	0	1.878 ms
Symbolic time: 2.69	2.69	0 ms
Numeric time: 1.869	1.87	0 ms
Symbolic time: 2.688	2.689	0 ms
Numeric time: 1.883	1.882	0 ms
Symbolic time: 2.702	2.701	0 ms
Numeric time: 1.878	1.879	0 ms
Symbolic time: 2.701	2.702	0 ms
Numeric time: 1.876	1.856	0.021 ms
Symbolic time: 2.693	2.693	0 ms
Numeric time: 1.89	1.89	0 ms
Symbolic time: 2.694	1.706	0.987 ms
Numeric time: 1.879	0.892	0.988 ms
Symbolic time: 2.696	1.986	0.71 ms
Numeric time: 1.882	0.894	0.988 ms
Symbolic time: 2.705	1.736	0.97 ms
Numeric time: 1.887	1.888	0 ms
Symbolic time: 2.687	1.72	0.968 ms
Numeric time: 1.877	1.877	0 ms
Symbolic time: 2.691	2.69	0 ms
Numeric time: 1.91	1.91	0 ms
Symbolic time: 2.688	2.689	0 ms
Numeric time: 1.882	1.882	0 ms
Symbolic time: 2.69	2.69	0 ms
Numeric time: 1.884	1.884	0 ms
Symbolic time: 2.689	2.69	0 ms
Numeric time: 1.875	1.851	0.025 ms
Symbolic time: 2.692	2.693	0 ms
Numeric time: 1.877	1.878	0 ms
Symbolic time: 2.687	2.687	0 ms
Numeric time: 1.883	1.883	0 ms
Symbolic time: 2.694	1.725	0.969 ms
Numeric time: 1.878	1.879	0 ms
Symbolic time: 2.697	0.727	1.969 ms
Numeric time: 1.883	0.896	0.988 ms
Symbolic time: 2.69	2.689	0 ms
Numeric time: 1.876	1.876	0 ms
Symbolic time: 2.687	2.686	0 ms
Numeric time: 1.871	1.872	0 ms
Symbolic time: 2.693	2.692	0 ms
Numeric time: 1.871	1.87	0 ms
Symbolic time: 2.689	2.689	0 ms
Numeric time: 1.884	1.864	0.02 ms
Symbolic time: 2.695	2.695	0 ms
Numeric time: 1.881	1.881	0 ms
Symbolic time: 2.687	2.688	0 ms
Numeric time: 1.877	1.878	0 ms
Symbolic time: 2.682	2.012	0.669 ms
Numeric time: 1.873	0.886	0.987 ms
Symbolic time: 2.69	2.69	0 ms
Numeric time: 1.87	0.914	0.957 ms
Symbolic time: 2.687	1.719	0.968 ms
Numeric time: 1.878	0.89	0.987 ms
Symbolic time: 2.691	2.691	0 ms
Numeric time: 1.883	1.883	0 ms
Symbolic time: 2.692	2.692	0 ms
Numeric time: 1.874	1.875	0 ms
Symbolic time: 2.686	2.686	0 ms
Numeric time: 1.874	1.842	0.032 ms
Symbolic time: 2.692	2.691	0 ms
Numeric time: 1.871	1.872	0 ms
Symbolic time: 2.681	2.681	0 ms
Numeric time: 1.886	1.886	0 ms
Symbolic time: 2.691	2.691	0 ms
Numeric time: 1.891	1.892	0 ms
Symbolic time: 2.698	1.741	0.957 ms
Numeric time: 1.876	1.875	0 ms
Symbolic time: 2.698	1.727	0.969 ms
Numeric time: 1.88	1.881	0 ms
Symbolic time: 2.703	2.703	0 ms
Numeric time: 1.921	1.922	0 ms
Symbolic time: 2.705	2.706	0 ms
Numeric time: 2.054	2.054	0 ms
Symbolic time: 2.701	2.7	0 ms
Numeric time: 1.899	1.9	0 ms
Symbolic time: 2.689	2.689	0 ms
Numeric time: 1.872	1.872	0 ms
Symbolic time: 2.689	2.69	0 ms
Numeric time: 1.871	1.838	0.035 ms
Symbolic time: 2.682	2.682	0 ms
Numeric time: 1.862	1.863	0 ms
Symbolic time: 2.687	2.687	0 ms
Numeric time: 1.869	1.869	0 ms
Symbolic time: 2.694	2.018	0.676 ms
Numeric time: 2.034	2.031	0.004 ms
Symbolic time: 2.688	2.688	0 ms
Numeric time: 1.91	0.92	0.991 ms
Symbolic time: 2.691	2.692	0 ms
Numeric time: 1.866	1.867	0 ms
Symbolic time: 2.695	1.741	0.956 ms
Numeric time: 1.87	1.871	0 ms
Symbolic time: 2.693	2.693	0 ms
Numeric time: 1.862	0.905	0.957 ms
Symbolic time: 2.691	2.69	0 ms
Numeric time: 1.867	1.868	0 ms
Symbolic time: 2.681	2.682	0 ms
Numeric time: 1.862	1.82	0.042 ms
Symbolic time: 2.686	0.979	1.706 ms
Numeric time: 2.102	2.102	0 ms
Symbolic time: 2.696	2.697	0 ms
Numeric time: 1.934	1.934	0 ms
Symbolic time: 2.734	2.734	0 ms
Numeric time: 1.905	1.905	0 ms
Symbolic time: 2.695	2.695	0 ms
Numeric time: 1.887	1.887	0 ms
Symbolic time: 2.69	2.69	0 ms
Numeric time: 1.913	1.913	0 ms
Symbolic time: 2.688	1.704	0.984 ms
Numeric time: 1.901	1.902	0 ms
Symbolic time: 2.684	1.993	0.691 ms
Numeric time: 1.891	1.891	0 ms
Symbolic time: 2.69	1.721	0.969 ms
Numeric time: 1.902	1.901	0 ms
Symbolic time: 2.698	1.728	0.97 ms
Numeric time: 1.885	0.898	0.989 ms
Symbolic time: 2.687	1.719	0.968 ms
Numeric time: 1.888	1.888	0 ms
Symbolic time: 2.69	2.69	0 ms
Numeric time: 1.885	1.885	0 ms
Symbolic time: 2.694	2.694	0 ms
Numeric time: 1.89	1.891	0 ms
Symbolic time: 2.69	2.69	0 ms
Numeric time: 1.875	1.839	0.036 ms
Symbolic time: 2.685	2.685	0 ms
Numeric time: 1.885	1.885	0 ms
Symbolic time: 2.685	2.685	0 ms
Numeric time: 1.887	1.888	0 ms
Symbolic time: 2.684	2.004	0.68 ms
Numeric time: 1.885	0.896	0.988 ms
Symbolic time: 2.695	2.695	0 ms
Numeric time: 1.881	1.882	0 ms
Symbolic time: 2.693	2.693	0 ms
Numeric time: 1.926	1.927	0 ms
Symbolic time: 2.691	2.692	0 ms
Numeric time: 1.9	1.901	0 ms
Symbolic time: 2.691	2.691	0 ms
Numeric time: 1.888	1.889	0 ms
Symbolic time: 2.691	2.692	0 ms
Numeric time: 1.887	0.967	0.919 ms
Symbolic time: 2.694	2.695	0 ms
Numeric time: 1.881	1.881	0 ms
Symbolic time: 2.694	2.637	0.058 ms
Numeric time: 1.877	0.888	0.99 ms
Symbolic time: 2.686	2.687	0 ms
Numeric time: 1.871	1.872	0 ms
Symbolic time: 2.687	2.687	0 ms
Numeric time: 1.878	0.904	0.975 ms
Symbolic time: 2.697	1.728	0.97 ms
Numeric time: 1.878	0.89	0.988 ms
Symbolic time: 2.691	1.722	0.969 ms
Numeric time: 1.887	1.888	0 ms
Symbolic time: 2.685	1.717	0.968 ms
Numeric time: 1.885	1.885	0 ms
Symbolic time: 2.689	2.689	0 ms
Numeric time: 2.196	2.193	0 ms
Symbolic time: 3.964	3.964	0 ms
Numeric time: 2.89	2.891	0 ms
Symbolic time: 3.839	3.839	0 ms
Numeric time: 2.784	2.785	0 ms
Symbolic time: 3.832	3.832	0 ms
Numeric time: 2.767	2.767	0 ms
Symbolic time: 3.833	3.834	0 ms
Numeric time: 2.775	2.775	0 ms
Symbolic time: 3.828	3.829	0 ms
Numeric time: 2.772	1.811	0.962 ms
Symbolic time: 3.83	3.83	0 ms
Numeric time: 2.778	2.778	0 ms
Symbolic time: 3.834	2.85	0.983 ms
Numeric time: 2.774	2.774	0 ms
Symbolic time: 3.827	2.845	0.983 ms
Numeric time: 2.769	2.769	0 ms
Symbolic time: 3.833	3.833	0 ms
Numeric time: 2.774	1.812	0.962 ms
Symbolic time: 3.842	3.842	0 ms
Numeric time: 2.765	2.766	0 ms
Symbolic time: 3.838	3.838	0 ms
Numeric time: 2.777	2.776	0 ms
Symbolic time: 3.83	3.831	0 ms
Numeric time: 2.773	2.774	0 ms
Symbolic time: 3.827	3.26	0.566 ms
Numeric time: 2.764	2.765	0 ms
Symbolic time: 3.818	3.234	0.583 ms
Numeric time: 2.778	2.779	0 ms
Symbolic time: 2.934	2.443	0.49 ms
Numeric time: 1.855	1.769	0.085 ms
Symbolic time: 2.659	2.659	0 ms
Numeric time: 1.849	1.849	0 ms
Symbolic time: 2.675	2.674	0 ms
Numeric time: 1.853	1.853	0 ms
Symbolic time: 2.662	1.714	0.949 ms
Numeric time: 1.846	0.861	0.984 ms
Symbolic time: 2.669	2.669	0 ms
Numeric time: 1.863	1.864	0 ms
Symbolic time: 2.674	2.674	0 ms
Numeric time: 1.85	1.814	0.037 ms
Symbolic time: 2.662	2.663	0 ms
Numeric time: 1.849	1.849	0 ms
Symbolic time: 2.663	1.973	0.689 ms
Numeric time: 1.855	1.855	0 ms
Symbolic time: 2.828	1.704	0.968 ms
Numeric time: 1.937	0.872	0.986 ms
Symbolic time: 2.674	2.675	0 ms
Numeric time: 1.851	0.898	0.954 ms
Symbolic time: 2.663	2.663	0 ms
Numeric time: 1.855	0.902	0.953 ms
Symbolic time: 2.661	2.661	0 ms
Numeric time: 1.857	1.858	0 ms
Symbolic time: 2.69	2.69	0 ms
Numeric time: 1.848	1.81	0.037 ms
Symbolic time: 2.654	2.653	0 ms
Numeric time: 1.852	1.853	0 ms
Symbolic time: 2.662	2.662	0 ms
Numeric time: 1.853	0.891	0.963 ms
Symbolic time: 2.667	2.667	0 ms
Numeric time: 1.858	1.859	0 ms
Symbolic time: 2.68	2.673	0 ms
Numeric time: 1.851	1.851	0 ms
Symbolic time: 2.668	2.668	0 ms
Numeric time: 1.854	1.854	0 ms
Symbolic time: 2.662	2.652	0.011 ms
Numeric time: 1.849	0.882	0.968 ms
Symbolic time: 2.658	2.658	0 ms
Numeric time: 1.851	0.87	0.981 ms
Symbolic time: 2.67	2.67	0 ms
Numeric time: 1.856	1.855	0 ms
Symbolic time: 2.664	2.665	0 ms
Numeric time: 1.851	1.852	0 ms
Symbolic time: 2.854	2.855	0 ms
Numeric time: 1.977	1.978	0 ms
Symbolic time: 2.665	1.72	0.944 ms
Numeric time: 1.858	0.872	0.985 ms
Symbolic time: 2.668	2.669	0 ms
Numeric time: 1.852	1.852	0 ms
Symbolic time: 2.66	2.66	0 ms
Numeric time: 1.847	1.814	0.033 ms
Symbolic time: 2.656	2.657	0 ms
Numeric time: 1.856	0.875	0.981 ms
Symbolic time: 2.667	2.668	0 ms
Numeric time: 1.856	1.857	0 ms
Symbolic time: 2.669	2.67	0 ms
Numeric time: 1.857	1.858	0 ms
Symbolic time: 2.669	2.669	0 ms
Numeric time: 1.849	1.849	0 ms
Symbolic time: 2.668	2.668	0 ms
Numeric time: 1.844	1.844	0 ms
Symbolic time: 2.656	2.656	0 ms
Numeric time: 1.852	1.853	0 ms
Symbolic time: 2.661	1.97	0.691 ms
Numeric time: 1.855	1.856	0 ms
Symbolic time: 2.668	1.701	0.967 ms
Numeric time: 1.852	1.853	0 ms
Symbolic time: 2.672	2.671	0 ms
Numeric time: 1.849	0.896	0.954 ms
Symbolic time: 2.667	2.667	0 ms
Numeric time: 1.849	1.849	0 ms
Symbolic time: 2.661	2.615	0.046 ms
Numeric time: 1.856	1.857	0 ms
Symbolic time: 2.655	2.655	0 ms
Numeric time: 1.856	1.857	0 ms
Symbolic time: 2.66	2.66	0 ms
Numeric time: 1.859	1.859	0 ms
Symbolic time: 2.664	2.664	0 ms
Numeric time: 1.857	1.857	0 ms
Symbolic time: 2.667	2.667	0 ms
Numeric time: 1.851	1.851	0 ms
Symbolic time: 2.668	2.667	0 ms
Numeric time: 1.851	1.851	0 ms
Symbolic time: 2.657	2.657	0 ms
Numeric time: 1.857	1.857	0 ms
Symbolic time: 2.662	2.661	0 ms
Numeric time: 1.848	1.849	0 ms
Symbolic time: 2.672	2.672	0 ms
Numeric time: 1.861	1.862	0 ms
Symbolic time: 2.666	2.666	0 ms
Numeric time: 1.853	1.853	0 ms
Symbolic time: 2.671	2.672	0 ms
Numeric time: 1.848	1.849	0 ms
Symbolic time: 2.657	2.657	0 ms
Numeric time: 1.849	0.87	0.979 ms
Symbolic time: 2.664	1.956	0.708 ms
Numeric time: 1.857	0.871	0.986 ms
Symbolic time: 2.669	2.669	0 ms
Numeric time: 1.851	1.851	0 ms
Symbolic time: 2.666	1.717	0.949 ms
Numeric time: 1.848	1.849	0 ms
Symbolic time: 2.669	2.668	0 ms
Numeric time: 1.855	1.856	0 ms
Symbolic time: 2.65	2.605	0.045 ms
Numeric time: 1.853	1.854	0 ms
Symbolic time: 2.658	2.658	0 ms
Numeric time: 1.851	1.851	0 ms
Symbolic time: 2.657	2.656	0 ms
Numeric time: 1.851	1.852	0 ms
Symbolic time: 2.671	1.728	0.943 ms
Numeric time: 1.885	1.885	0 ms
Symbolic time: 2.699	2.699	0 ms
Numeric time: 1.945	0.979	0.966 ms
Symbolic time: 2.662	2.663	0 ms
Numeric time: 1.87	1.87	0 ms
Symbolic time: 2.668	2.669	0 ms
Numeric time: 1.838	1.804	0.034 ms
Symbolic time: 2.652	1.66	0.994 ms
Numeric time: 1.846	1.846	0 ms
Symbolic time: 2.669	2.67	0 ms
Numeric time: 1.843	1.843	0 ms
Symbolic time: 2.665	1.717	0.948 ms
Numeric time: 1.844	1.845	0 ms
Symbolic time: 2.672	2.672	0 ms
Numeric time: 1.863	1.863	0 ms
Symbolic time: 2.678	2.678	0 ms
Numeric time: 1.845	1.81	0.036 ms
Symbolic time: 2.66	2.66	0 ms
Numeric time: 1.845	1.845	0 ms
Symbolic time: 2.651	1.967	0.683 ms
Numeric time: 1.843	1.843	0 ms
Symbolic time: 2.658	2.658	0 ms
Numeric time: 1.839	1.84	0 ms
Symbolic time: 2.662	2.662	0 ms
Numeric time: 1.841	1.842	0 ms
Symbolic time: 2.66	2.66	0 ms
Numeric time: 1.834	1.825	0.009 ms
Symbolic time: 2.653	2.654	0 ms
Numeric time: 1.931	1.931	0 ms
Symbolic time: 2.655	2.655	0 ms
Numeric time: 1.874	1.874	0 ms
Symbolic time: 2.668	2.668	0 ms
Numeric time: 1.854	1.854	0 ms
Symbolic time: 2.67	2.67	0 ms
Numeric time: 1.856	1.856	0 ms
Symbolic time: 2.668	2.669	0 ms
Numeric time: 1.857	1.856	0 ms
Symbolic time: 2.656	2.656	0 ms
Numeric time: 1.851	1.851	0 ms
Symbolic time: 2.657	2.657	0 ms
Numeric time: 1.856	1.857	0 ms
Symbolic time: 2.658	1.966	0.691 ms
Numeric time: 1.852	0.867	0.986 ms
Symbolic time: 2.669	2.669	0 ms
Numeric time: 1.861	0.906	0.957 ms
Symbolic time: 2.664	2.663	0 ms
Numeric time: 1.859	1.859	0 ms
Symbolic time: 2.665	2.665	0 ms
Numeric time: 1.855	1.855	0 ms
Symbolic time: 2.65	2.625	0.026 ms
Numeric time: 1.849	1.849	0 ms
Symbolic time: 2.656	1.676	0.98 ms
Numeric time: 1.851	1.852	0 ms
Symbolic time: 2.666	1.698	0.968 ms
Numeric time: 1.851	1.85	0 ms
Symbolic time: 2.66	2.659	0 ms
Numeric time: 1.845	1.845	0 ms
Symbolic time: 2.663	2.662	0 ms
Numeric time: 1.851	1.852	0 ms
Symbolic time: 2.859	2.675	0 ms
Numeric time: 1.861	1.861	0 ms
Symbolic time: 2.67	1.659	1.01 ms
Numeric time: 1.846	0.881	0.965 ms
Symbolic time: 2.658	2.658	0 ms
Numeric time: 1.857	1.857	0 ms
Symbolic time: 2.666	2.667	0 ms
Numeric time: 1.858	1.859	0 ms
Symbolic time: 2.669	2.669	0 ms
Numeric time: 1.858	1.858	0 ms
Symbolic time: 2.67	2.671	0 ms
Numeric time: 1.856	1.856	0 ms
Symbolic time: 2.663	2.664	0 ms
Numeric time: 1.859	1.86	0 ms
Symbolic time: 2.651	2.651	0 ms
Numeric time: 1.869	1.869	0 ms
Symbolic time: 2.662	1.97	0.692 ms
Numeric time: 1.859	0.872	0.987 ms
Symbolic time: 2.666	1.698	0.969 ms
Numeric time: 1.857	1.857	0 ms
Symbolic time: 2.672	2.672	0 ms
Numeric time: 1.851	1.851	0 ms
Symbolic time: 2.67	2.67	0 ms
Numeric time: 1.85	1.85	0 ms
Symbolic time: 2.659	2.632	0.027 ms
Numeric time: 1.852	1.852	0 ms
Symbolic time: 2.662	2.662	0 ms
Numeric time: 1.846	1.848	0 ms
Symbolic time: 2.665	2.665	0 ms
Numeric time: 1.854	1.854	0 ms
Symbolic time: 2.666	2.666	0 ms
Numeric time: 1.85	1.85	0 ms
Symbolic time: 2.67	2.67	0 ms
Numeric time: 1.857	1.857	0 ms
Symbolic time: 2.662	2.662	0 ms
Numeric time: 1.844	1.845	0 ms
Symbolic time: 2.662	2.662	0 ms
Numeric time: 1.851	1.851	0 ms
Symbolic time: 2.665	2.666	0 ms
Numeric time: 1.853	1.854	0 ms
Symbolic time: 2.666	2.666	0 ms
Numeric time: 1.847	1.847	0 ms
Symbolic time: 2.665	2.665	0 ms
Numeric time: 1.853	1.854	0 ms
Symbolic time: 2.663	2.663	0 ms
Numeric time: 1.851	1.851	0 ms
Symbolic time: 2.658	1.668	0.989 ms
Numeric time: 1.859	1.859	0 ms
Symbolic time: 2.66	1.961	0.7 ms
Numeric time: 1.856	1.857	0 ms
Symbolic time: 2.665	2.665	0 ms
Numeric time: 1.857	1.856	0 ms
Symbolic time: 2.673	2.673	0 ms
Numeric time: 1.855	1.855	0 ms
Symbolic time: 2.674	2.674	0 ms
Numeric time: 1.846	1.831	0.016 ms
Symbolic time: 2.66	2.661	0 ms
Numeric time: 1.853	1.854	0 ms
Symbolic time: 2.665	2.665	0 ms
Numeric time: 1.852	0.887	0.966 ms
Symbolic time: 2.659	2.658	0 ms
Numeric time: 1.85	1.851	0 ms
Symbolic time: 2.661	2.661	0 ms
Numeric time: 1.849	1.849	0 ms
Symbolic time: 2.667	2.667	0 ms
Numeric time: 1.855	1.855	0 ms
Symbolic time: 2.652	2.646	0.007 ms
Numeric time: 1.854	0.867	0.986 ms
Symbolic time: 2.666	2.667	0 ms
Numeric time: 1.86	1.86	0 ms
Symbolic time: 2.662	1.694	0.968 ms
Numeric time: 1.852	1.853	0 ms
Symbolic time: 2.66	2.66	0 ms
Numeric time: 1.854	1.854	0 ms
Symbolic time: 2.671	2.672	0 ms
Numeric time: 1.851	1.851	0 ms
Symbolic time: 2.657	2.657	0 ms
Numeric time: 1.849	1.835	0.014 ms
Symbolic time: 2.657	2.657	0 ms
Numeric time: 1.855	1.855	0 ms
Symbolic time: 2.661	1.965	0.696 ms
Numeric time: 1.856	1.857	0 ms
Symbolic time: 2.666	1.697	0.969 ms
Numeric time: 1.853	1.853	0 ms
Symbolic time: 2.666	2.667	0 ms
Numeric time: 1.85	0.893	0.956 ms
Symbolic time: 2.662	2.662	0 ms
Numeric time: 1.845	1.797	0.049 ms
Symbolic time: 2.658	2.658	0 ms
Numeric time: 1.851	0.869	0.982 ms
Symbolic time: 2.66	1.949	0.711 ms
Numeric time: 1.852	0.865	0.987 ms
Symbolic time: 2.662	1.694	0.968 ms
Numeric time: 1.861	1.861	0 ms
Symbolic time: 2.668	1.7	0.969 ms
Numeric time: 1.854	1.855	0 ms
Symbolic time: 2.666	2.667	0 ms
Numeric time: 1.848	1.848	0 ms
Symbolic time: 2.664	1.619	1.044 ms
Numeric time: 1.858	1.858	0 ms
Symbolic time: 2.656	2.657	0 ms
Numeric time: 1.855	1.855	0 ms
Symbolic time: 2.664	2.664	0 ms
Numeric time: 1.846	1.846	0 ms
Symbolic time: 2.661	1.716	0.945 ms
Numeric time: 1.853	1.854	0 ms
Symbolic time: 2.67	2.67	0 ms
Numeric time: 1.848	1.848	0 ms
Symbolic time: 2.666	2.666	0 ms
Numeric time: 1.855	1.822	0.034 ms
Symbolic time: 2.656	2.655	0 ms
Numeric time: 1.852	1.853	0 ms
Symbolic time: 2.659	1.691	0.968 ms
Numeric time: 1.855	1.856	0 ms
Symbolic time: 2.667	2.668	0 ms
Numeric time: 1.853	1.853	0 ms
Symbolic time: 2.661	2.662	0 ms
Numeric time: 1.853	1.852	0 ms
Symbolic time: 2.665	2.666	0 ms
Numeric time: 1.85	1.836	0.015 ms
Symbolic time: 2.654	2.654	0 ms
Numeric time: 1.86	1.861	0 ms
Symbolic time: 2.665	1.968	0.697 ms
Numeric time: 1.855	0.869	0.986 ms
Symbolic time: 2.661	0.693	1.969 ms
Numeric time: 1.848	1.849	0 ms
Symbolic time: 2.666	1.697	0.969 ms
Numeric time: 1.908	0.916	0.992 ms
Symbolic time: 2.667	2.667	0 ms
Numeric time: 1.863	1.863	0 ms
Symbolic time: 2.678	2.677	0 ms
Numeric time: 1.843	0.809	1.034 ms
Symbolic time: 2.658	1.662	0.995 ms
Numeric time: 1.851	1.851	0 ms
Symbolic time: 2.654	1.962	0.691 ms
Numeric time: 1.851	1.852	0 ms
Symbolic time: 2.661	2.66	0 ms
Numeric time: 1.855	1.856	0 ms
Symbolic time: 2.668	2.668	0 ms
Numeric time: 1.854	1.854	0 ms
Symbolic time: 2.669	2.669	0 ms
Numeric time: 1.854	0.933	0.921 ms
Symbolic time: 2.662	2.599	0.063 ms
Numeric time: 1.855	1.856	0 ms
Symbolic time: 2.656	2.656	0 ms
Numeric time: 1.847	1.847	0 ms
Symbolic time: 2.666	2.667	0 ms
Numeric time: 1.853	1.853	0 ms
Symbolic time: 2.664	1.719	0.945 ms
Numeric time: 1.852	1.852	0 ms
Symbolic time: 2.668	2.667	0 ms
Numeric time: 1.854	1.855	0 ms
Symbolic time: 2.667	2.668	0 ms
Numeric time: 1.847	1.815	0.032 ms
Symbolic time: 2.661	2.661	0 ms
Numeric time: 1.852	0.87	0.983 ms
Symbolic time: 2.665	2.665	0 ms
Numeric time: 1.845	1.845	0 ms
Symbolic time: 2.66	2.66	0 ms
Numeric time: 1.85	1.851	0 ms
Symbolic time: 2.665	2.666	0 ms
Numeric time: 1.856	1.857	0 ms
Symbolic time: 2.658	2.659	0 ms
Numeric time: 1.848	1.848	0 ms
Symbolic time: 2.667	1.676	0.991 ms
Numeric time: 1.856	1.856	0 ms
Symbolic time: 2.653	1.959	0.695 ms
Numeric time: 1.851	0.866	0.986 ms
Symbolic time: 2.661	1.693	0.968 ms
Numeric time: 1.849	1.849	0 ms
Symbolic time: 2.661	2.661	0 ms
Numeric time: 1.85	1.85	0 ms
Symbolic time: 2.67	2.67	0 ms
Numeric time: 1.853	1.821	0.032 ms
Symbolic time: 2.665	2.666	0 ms
Numeric time: 1.848	1.849	0 ms
Symbolic time: 2.658	2.657	0 ms
Numeric time: 1.884	0.916	0.968 ms
Symbolic time: 2.672	2.672	0 ms
Numeric time: 1.858	1.858	0 ms
Symbolic time: 2.699	1.744	0.956 ms
Numeric time: 1.946	1.946	0 ms
Symbolic time: 2.675	2.675	0 ms
Numeric time: 1.849	0.894	0.957 ms
Symbolic time: 2.662	2.662	0 ms
Numeric time: 1.85	1.85	0 ms
Symbolic time: 2.66	2.616	0.044 ms
Numeric time: 1.845	1.846	0 ms
Symbolic time: 2.663	2.663	0 ms
Numeric time: 1.843	1.843	0 ms
Symbolic time: 2.669	2.669	0 ms
Numeric time: 1.849	1.849	0 ms
Symbolic time: 2.673	1.727	0.946 ms
Numeric time: 1.926	1.926	0 ms
Symbolic time: 2.671	2.671	0 ms
Numeric time: 1.857	0.9	0.957 ms
Symbolic time: 2.659	2.659	0 ms
Numeric time: 1.848	0.893	0.955 ms
Symbolic time: 2.661	2.599	0.063 ms
Numeric time: 1.839	1.839	0 ms
Symbolic time: 2.661	2.661	0 ms
Numeric time: 1.855	1.856	0 ms
Symbolic time: 2.663	2.663	0 ms
Numeric time: 1.845	1.845	0 ms
Symbolic time: 2.663	1.719	0.945 ms
Numeric time: 1.84	0.855	0.985 ms
Symbolic time: 2.665	1.697	0.968 ms
Numeric time: 1.84	1.841	0 ms
Symbolic time: 2.669	2.668	0 ms
Numeric time: 1.998	1.998	0 ms
Symbolic time: 2.657	2.596	0.061 ms
Numeric time: 1.867	0.9	0.968 ms
Symbolic time: 2.667	2.666	0 ms
Numeric time: 1.858	1.858	0 ms
Symbolic time: 2.662	2.662	0 ms
Numeric time: 1.857	0.902	0.956 ms
Symbolic time: 2.67	2.67	0 ms
Numeric time: 1.98	1.981	0 ms
Symbolic time: 2.714	2.714	0 ms
Numeric time: 1.927	1.926	0 ms
Symbolic time: 2.695	2.695	0 ms
Numeric time: 1.909	1.909	0 ms
Symbolic time: 2.67	2.669	0 ms
Numeric time: 1.905	0.951	0.954 ms
Symbolic time: 2.666	2.667	0 ms
Numeric time: 1.891	1.892	0 ms
Symbolic time: 2.666	2.666	0 ms
Numeric time: 1.895	1.895	0 ms
Symbolic time: 2.67	2.67	0 ms
Numeric time: 1.891	1.891	0 ms
Symbolic time: 2.665	2.632	0.033 ms
Numeric time: 1.898	0.929	0.97 ms
Symbolic time: 2.66	2.659	0 ms
Numeric time: 1.897	0.908	0.99 ms
Symbolic time: 2.666	2.666	0 ms
Numeric time: 1.899	1.898	0 ms
Symbolic time: 2.659	2.659	0 ms
Numeric time: 1.9	1.9	0 ms
Symbolic time: 2.669	2.669	0 ms
Numeric time: 1.897	0.936	0.961 ms
Symbolic time: 2.665	1.696	0.969 ms
Numeric time: 1.892	0.903	0.99 ms
Symbolic time: 2.673	1.704	0.969 ms
Numeric time: 1.903	0.912	0.99 ms
Symbolic time: 2.669	2.668	0 ms
Numeric time: 1.897	1.898	0 ms
Symbolic time: 2.661	2.661	0 ms
Numeric time: 1.896	0.946	0.95 ms
Symbolic time: 2.668	2.668	0 ms
Numeric time: 1.896	1.897	0 ms
Symbolic time: 2.674	2.674	0 ms
Numeric time: 1.887	1.841	0.045 ms
Symbolic time: 2.663	2.663	0 ms
Numeric time: 1.892	1.893	0 ms
Symbolic time: 2.663	2.663	0 ms
Numeric time: 1.903	1.903	0 ms
Symbolic time: 2.667	2.011	0.657 ms
Numeric time: 1.898	0.908	0.991 ms
Symbolic time: 2.669	2.669	0 ms
Numeric time: 1.894	1.895	0 ms
Symbolic time: 2.832	1.713	0.96 ms
Numeric time: 1.893	0.904	0.99 ms
Symbolic time: 2.67	2.67	0 ms
Numeric time: 1.887	1.887	0 ms
Symbolic time: 2.669	1.711	0.958 ms
Numeric time: 1.898	1.898	0 ms
Symbolic time: 2.669	2.67	0 ms
Numeric time: 1.895	1.895	0 ms
Symbolic time: 2.704	2.703	0 ms
Numeric time: 1.896	1.895	0 ms
Symbolic time: 2.673	2.673	0 ms
Numeric time: 1.888	1.889	0 ms
Symbolic time: 2.667	2.667	0 ms
Numeric time: 1.888	0.955	0.933 ms
Symbolic time: 2.661	2.598	0.063 ms
Numeric time: 1.891	0.922	0.969 ms
Symbolic time: 2.665	2.665	0 ms
Numeric time: 1.892	1.893	0 ms
Symbolic time: 2.663	2.663	0 ms
Numeric time: 1.895	1.894	0 ms
Symbolic time: 2.662	2.003	0.659 ms
Numeric time: 1.896	1.896	0 ms
Symbolic time: 2.662	1.694	0.967 ms
Numeric time: 1.894	1.895	0 ms
Symbolic time: 2.665	2.665	0 ms
Numeric time: 1.896	1.896	0 ms
Symbolic time: 2.669	2.669	0 ms
Numeric time: 1.901	1.901	0 ms
Symbolic time: 2.669	2.669	0 ms
Numeric time: 1.901	1.901	0 ms
Symbolic time: 2.67	2.67	0 ms
Numeric time: 1.896	1.897	0 ms
Symbolic time: 2.664	2.664	0 ms
Numeric time: 1.884	1.869	0.016 ms
Symbolic time: 2.67	2.67	0 ms
Numeric time: 1.895	0.905	0.99 ms
Symbolic time: 2.659	2.658	0 ms
Numeric time: 1.893	0.904	0.99 ms
Symbolic time: 2.673	2.673	0 ms
Numeric time: 1.891	1.892	0 ms
Symbolic time: 2.663	2.663	0 ms
Numeric time: 1.896	1.896	0 ms
Symbolic time: 2.668	1.699	0.969 ms
Numeric time: 1.902	1.903	0 ms
Symbolic time: 2.668	1.7	0.968 ms
Numeric time: 1.9	1.9	0 ms
Symbolic time: 2.663	2.663	0 ms
Numeric time: 1.891	1.891	0 ms
Symbolic time: 2.668	2.668	0 ms
Numeric time: 1.897	1.897	0 ms
Symbolic time: 2.665	2.664	0 ms
Numeric time: 1.894	1.894	0 ms
Symbolic time: 2.668	2.669	0 ms
Numeric time: 1.889	1.865	0.025 ms
Symbolic time: 2.67	2.67	0 ms
Numeric time: 1.896	1.896	0 ms
Symbolic time: 2.666	2.666	0 ms
Numeric time: 1.902	1.903	0 ms
Symbolic time: 2.659	2.659	0 ms
Numeric time: 1.893	1.893	0 ms
Symbolic time: 2.655	2.007	0.649 ms
Numeric time: 1.898	1.898	0 ms
Symbolic time: 2.671	2.671	0 ms
Numeric time: 1.899	1.899	0 ms
Symbolic time: 2.666	2.665	0 ms
Numeric time: 1.899	1.9	0 ms
Symbolic time: 2.674	2.674	0 ms
Numeric time: 1.896	1.896	0 ms
Symbolic time: 2.67	2.67	0 ms
Numeric time: 1.904	1.904	0 ms
Symbolic time: 2.672	2.672	0 ms
Numeric time: 1.951	1.951	0 ms
Symbolic time: 2.673	2.672	0 ms
Numeric time: 1.921	1.922	0 ms
Symbolic time: 2.687	2.688	0 ms
Numeric time: 1.903	1.903	0 ms
Symbolic time: 2.666	2.668	0 ms
Numeric time: 1.894	1.891	0.003 ms
Symbolic time: 2.662	2.661	0 ms
Numeric time: 1.894	1.894	0 ms
Symbolic time: 2.655	1.666	0.989 ms
Numeric time: 1.899	1.9	0 ms
Symbolic time: 2.667	2.009	0.658 ms
Numeric time: 1.904	1.905	0 ms
Symbolic time: 2.662	2.663	0 ms
Numeric time: 1.896	0.936	0.96 ms
Symbolic time: 2.667	2.667	0 ms
Numeric time: 1.889	0.93	0.96 ms
Symbolic time: 2.663	2.663	0 ms
Numeric time: 1.894	1.895	0 ms
Symbolic time: 2.666	1.707	0.959 ms
Numeric time: 1.893	1.893	0 ms
Symbolic time: 2.677	2.677	0 ms
Numeric time: 1.897	1.897	0 ms
Symbolic time: 2.669	2.669	0 ms
Numeric time: 1.892	1.892	0 ms
Symbolic time: 2.674	2.673	0 ms
Numeric time: 1.885	1.849	0.036 ms
Symbolic time: 2.665	1.666	0.999 ms
Numeric time: 1.901	1.901	0 ms
Symbolic time: 2.662	2.662	0 ms
Numeric time: 1.897	1.897	0 ms
Symbolic time: 2.66	2.66	0 ms
Numeric time: 1.904	1.904	0 ms
Symbolic time: 2.667	2.017	0.649 ms
Numeric time: 1.891	0.901	0.99 ms
Symbolic time: 2.667	1.698	0.969 ms
Numeric time: 1.898	1.899	0 ms
Symbolic time: 2.668	2.668	0 ms
Numeric time: 1.898	1.899	0 ms
Symbolic time: 2.668	2.667	0 ms
Numeric time: 1.894	1.894	0 ms
Symbolic time: 2.655	2.655	0 ms
Numeric time: 1.902	1.902	0 ms
Symbolic time: 2.671	2.671	0 ms
Numeric time: 1.896	1.897	0 ms
Symbolic time: 2.664	2.664	0 ms
Numeric time: 1.89	0.875	1.015 ms
Symbolic time: 2.66	2.66	0 ms
Numeric time: 1.901	1.901	0 ms
Symbolic time: 2.665	2.665	0 ms
Numeric time: 1.894	1.894	0 ms
Symbolic time: 2.661	2.661	0 ms
Numeric time: 1.892	1.892	0 ms
Symbolic time: 2.666	2.666	0 ms
Numeric time: 1.899	1.9	0 ms
Symbolic time: 2.663	1.703	0.959 ms
Numeric time: 1.893	1.894	0 ms
Symbolic time: 2.666	2.666	0 ms
Numeric time: 1.898	0.937	0.961 ms
Symbolic time: 2.668	1.699	0.969 ms
Numeric time: 1.901	1.9	0 ms
Symbolic time: 2.665	2.665	0 ms
Numeric time: 1.887	1.888	0 ms
Symbolic time: 2.664	2.664	0 ms
Numeric time: 1.896	0.946	0.95 ms
Symbolic time: 2.665	2.664	0 ms
Numeric time: 1.884	1.831	0.053 ms
Symbolic time: 2.663	2.662	0 ms
Numeric time: 1.892	1.892	0 ms
Symbolic time: 2.659	2.659	0 ms
Numeric time: 1.893	1.893	0 ms
Symbolic time: 2.661	2.661	0 ms
Numeric time: 1.891	0.921	0.97 ms
Symbolic time: 2.666	1.698	0.969 ms
Numeric time: 1.899	0.909	0.991 ms
Symbolic time: 2.664	2.663	0 ms
Numeric time: 1.888	1.888	0 ms
Symbolic time: 2.664	2.664	0 ms
Numeric time: 1.894	0.944	0.949 ms
Symbolic time: 2.666	2.666	0 ms
Numeric time: 1.898	1.899	0 ms
Symbolic time: 2.861	1.717	0.96 ms
Numeric time: 1.889	1.889	0 ms
Symbolic time: 2.667	2.667	0 ms
Numeric time: 1.964	1.963	0 ms
Symbolic time: 2.67	2.669	0 ms
Numeric time: 1.955	1.956	0 ms
Symbolic time: 2.671	2.672	0 ms
Numeric time: 1.888	1.889	0 ms
Symbolic time: 2.674	2.673	0 ms
Numeric time: 1.875	1.876	0 ms
Symbolic time: 2.664	2.665	0 ms
Numeric time: 1.881	1.852	0.028 ms
Symbolic time: 2.658	2.659	0 ms
Numeric time: 1.886	1.886	0 ms
Symbolic time: 2.665	2.665	0 ms
Numeric time: 1.921	1.921	0 ms
Symbolic time: 2.666	2.021	0.644 ms
Numeric time: 1.894	1.894	0 ms
Symbolic time: 2.665	2.665	0 ms
Numeric time: 1.882	0.923	0.96 ms
Symbolic time: 2.663	2.663	0 ms
Numeric time: 1.894	1.894	0 ms
Symbolic time: 2.675	2.675	0 ms
Numeric time: 1.928	1.928	0 ms
Symbolic time: 2.665	2.665	0 ms
Numeric time: 1.907	1.907	0 ms
Symbolic time: 2.672	2.673	0 ms
Numeric time: 1.911	1.911	0 ms
Symbolic time: 2.678	2.678	0 ms
Numeric time: 1.939	1.939	0 ms
Symbolic time: 2.676	2.676	0 ms
Numeric time: 1.928	1.928	0 ms
Symbolic time: 2.669	2.669	0 ms
Numeric time: 1.898	1.899	0 ms
Symbolic time: 2.673	2.674	0 ms
Numeric time: 1.91	1.91	0 ms
Symbolic time: 2.661	2.661	0 ms
Numeric time: 1.897	1.891	0.007 ms
Symbolic time: 2.7	2.697	0.003 ms
Numeric time: 1.93	1.931	0 ms
Symbolic time: 2.675	2.675	0 ms
Numeric time: 1.903	1.904	0 ms
Symbolic time: 2.663	2.663	0 ms
Numeric time: 1.909	1.909	0 ms
Symbolic time: 2.668	2.013	0.656 ms
Numeric time: 1.897	1.898	0 ms
Symbolic time: 2.669	2.67	0 ms
Numeric time: 1.892	1.893	0 ms
Symbolic time: 2.67	0.709	1.961 ms
Numeric time: 1.893	0.903	0.99 ms
Symbolic time: 2.66	2.659	0 ms
Numeric time: 1.897	0.937	0.961 ms
Symbolic time: 2.675	1.706	0.97 ms
Numeric time: 1.891	1.891	0 ms
Symbolic time: 2.669	2.67	0 ms
Numeric time: 1.901	1.902	0 ms
Symbolic time: 2.667	2.667	0 ms
Numeric time: 1.898	1.898	0 ms
Symbolic time: 2.676	2.676	0 ms
Numeric time: 1.892	1.856	0.037 ms
Symbolic time: 2.675	2.675	0 ms
Numeric time: 1.897	0.907	0.991 ms
Symbolic time: 2.672	2.672	0 ms
Numeric time: 1.905	1.905	0 ms
Symbolic time: 2.669	2.669	0 ms
Numeric time: 1.902	1.902	0 ms
Symbolic time: 2.659	2.002	0.657 ms
Numeric time: 1.896	0.906	0.99 ms
Symbolic time: 2.672	2.673	0 ms
Numeric time: 1.894	1.897	0 ms
Symbolic time: 2.671	2.67	0 ms
Numeric time: 1.91	1.91	0 ms
Symbolic time: 2.672	2.672	0 ms
Numeric time: 1.904	1.905	0 ms
Symbolic time: 2.671	2.67	0 ms
Numeric time: 1.904	1.904	0 ms
Symbolic time: 2.669	2.669	0 ms
Numeric time: 1.899	1.9	0 ms
Symbolic time: 2.67	2.669	0 ms
Numeric time: 1.903	1.903	0 ms
Symbolic time: 2.666	2.667	0 ms
Numeric time: 1.893	0.887	1.006 ms
Symbolic time: 2.666	1.668	0.999 ms
Numeric time: 1.949	0.974	0.975 ms
Symbolic time: 2.72	1.806	0.914 ms
Numeric time: 1.972	0.975	0.997 ms
Symbolic time: 2.679	2.678	0 ms
Numeric time: 1.988	1.989	0 ms
Symbolic time: 2.689	2.688	0 ms
Numeric time: 1.93	1.931	0 ms
Symbolic time: 2.676	2.676	0 ms
Numeric time: 1.896	1.845	0.053 ms
Symbolic time: 2.671	2.671	0 ms
Numeric time: 1.908	0.917	0.991 ms
Symbolic time: 2.661	1.663	0.999 ms
Numeric time: 1.894	1.895	0 ms
Symbolic time: 2.66	2.659	0 ms
Numeric time: 1.9	1.9	0 ms
Symbolic time: 2.663	2.02	0.643 ms
Numeric time: 1.884	0.895	0.989 ms
Symbolic time: 2.665	2.665	0 ms
Numeric time: 1.888	0	1.888 ms
Symbolic time: 2.663	2.664	0 ms
Numeric time: 1.894	1.894	0 ms
Symbolic time: 2.67	2.67	0 ms
Numeric time: 1.901	1.902	0 ms
Symbolic time: 2.667	2.667	0 ms
Numeric time: 1.896	1.896	0 ms
Symbolic time: 2.668	2.668	0 ms
Numeric time: 1.889	1.89	0 ms
Symbolic time: 2.671	2.671	0 ms
Numeric time: 1.891	1.874	0.017 ms
Symbolic time: 2.662	0.989	1.675 ms
Numeric time: 1.89	1.891	0 ms
Symbolic time: 2.665	2.664	0 ms
Numeric time: 1.896	1.895	0 ms
Symbolic time: 2.66	2.66	0 ms
Numeric time: 1.891	1.892	0 ms
Symbolic time: 2.669	1.7	0.969 ms
Numeric time: 1.886	1.887	0 ms
Symbolic time: 2.678	2.678	0 ms
Numeric time: 1.893	1.894	0 ms
Symbolic time: 2.67	2.67	0 ms
Numeric time: 1.894	1.894	0 ms
Symbolic time: 2.674	2.675	0 ms
Numeric time: 1.885	1.887	0 ms
Symbolic time: 2.664	2.664	0 ms
Numeric time: 1.89	1.89	0 ms
Symbolic time: 2.671	2.67	0 ms
Numeric time: 1.905	1.905	0 ms
Symbolic time: 2.667	2.667	0 ms
Numeric time: 1.903	1.894	0.009 ms
Symbolic time: 2.661	1.99	0.671 ms
Numeric time: 1.924	0.955	0.968 ms
Symbolic time: 2.661	2.661	0 ms
Numeric time: 1.9	1.901	0 ms
Symbolic time: 2.664	1.674	0.99 ms
Numeric time: 1.9	1.9	0 ms
Symbolic time: 2.672	1.009	1.663 ms
Numeric time: 1.892	1.892	0 ms
Symbolic time: 2.667	2.667	0 ms
Numeric time: 1.892	1.892	0 ms
Symbolic time: 2.668	1.71	0.959 ms
Numeric time: 1.895	0.905	0.99 ms
Symbolic time: 2.666	2.667	0 ms
Numeric time: 1.895	1.896	0 ms
Symbolic time: 2.666	2.665	0 ms
Numeric time: 1.895	1.895	0 ms
Symbolic time: 2.668	2.667	0 ms
Numeric time: 1.891	1.892	0 ms
Symbolic time: 2.667	2.667	0 ms
Numeric time: 1.896	1.896	0 ms
Symbolic time: 2.667	2.667	0 ms
Numeric time: 1.886	1.872	0.015 ms
Symbolic time: 2.656	2.656	0 ms
Numeric time: 1.895	1.896	0 ms
Symbolic time: 2.658	2.658	0 ms
Numeric time: 1.898	1.898	0 ms
Symbolic time: 2.669	2.014	0.654 ms
Numeric time: 1.892	0.903	0.99 ms
Symbolic time: 2.674	1.704	0.97 ms
Numeric time: 1.892	1.892	0 ms
Symbolic time: 2.66	1.692	0.968 ms
Numeric time: 1.89	1.89	0 ms
Symbolic time: 2.673	1.704	0.969 ms
Numeric time: 1.892	1.893	0 ms
Symbolic time: 2.663	2.664	0 ms
Numeric time: 1.901	1.901	0 ms
Symbolic time: 2.662	2.662	0 ms
Numeric time: 1.885	1.885	0 ms
Symbolic time: 2.668	2.668	0 ms
Numeric time: 1.891	1.859	0.033 ms
Symbolic time: 2.657	2.657	0 ms
Numeric time: 1.891	1.892	0 ms
Symbolic time: 2.66	2.661	0 ms
Numeric time: 1.889	1.89	0 ms
Symbolic time: 2.662	1.006	1.656 ms
Numeric time: 4.276	4.268	0 ms
Symbolic time: 8.111	8.112	0 ms
Numeric time: 3.903	3.904	0 ms
Symbolic time: 5.078	4.106	0.972 ms
Numeric time: 2.833	1.849	0.985 ms
Symbolic time: 3.329	3.33	0 ms
Numeric time: 2.326	2.326	0 ms
Symbolic time: 3.04	3.037	0.004 ms
Numeric time: 1.875	0.908	0.968 ms
Symbolic time: 2.682	2.682	0 ms
Numeric time: 1.879	0.892	0.988 ms
Symbolic time: 2.678	1.969	0.709 ms
Numeric time: 1.876	0.888	0.988 ms
Symbolic time: 2.684	2.685	0 ms
Numeric time: 1.878	1.879	0 ms
Symbolic time: 2.689	2.689	0 ms
Numeric time: 1.876	1.877	0 ms
Symbolic time: 2.685	2.684	0 ms
Numeric time: 1.884	1.884	0 ms
Symbolic time: 2.695	2.695	0 ms
Numeric time: 1.874	1.874	0 ms
Symbolic time: 2.69	2.689	0 ms
Numeric time: 1.869	1.864	0.005 ms
Symbolic time: 2.688	2.688	0 ms
Numeric time: 1.869	1.87	0 ms
Symbolic time: 2.682	2.682	0 ms
Numeric time: 1.877	1.877	0 ms
Symbolic time: 2.688	2.688	0 ms
Numeric time: 1.879	1.879	0 ms
Symbolic time: 2.694	2.694	0 ms
Numeric time: 1.88	1.88	0 ms
Symbolic time: 2.688	1.741	0.948 ms
Numeric time: 1.877	1.876	0 ms
Symbolic time: 2.682	2.683	0 ms
Numeric time: 1.876	0.916	0.96 ms
Symbolic time: 2.685	2.686	0 ms
Numeric time: 1.878	1.879	0 ms
Symbolic time: 2.689	1.73	0.958 ms
Numeric time: 1.878	1.797	0.082 ms
Symbolic time: 2.688	2.689	0 ms
Numeric time: 1.871	1.87	0 ms
Symbolic time: 2.679	1.993	0.685 ms
Numeric time: 1.879	1.879	0 ms
Symbolic time: 2.688	2.688	0 ms
Numeric time: 1.875	0.914	0.961 ms
Symbolic time: 2.692	2.693	0 ms
Numeric time: 1.875	1.875	0 ms
Symbolic time: 2.689	2.69	0 ms
Numeric time: 1.878	1.879	0 ms
Symbolic time: 2.692	2.693	0 ms
Numeric time: 1.872	1.873	0 ms
Symbolic time: 2.691	2.691	0 ms
Numeric time: 1.883	1.883	0 ms
Symbolic time: 2.695	1.675	1.019 ms
Numeric time: 2.075	2.076	0 ms
Symbolic time: 2.696	2.696	0 ms
Numeric time: 1.894	1.894	0 ms
Symbolic time: 2.689	1.69	1 ms
Numeric time: 1.887	1.888	0 ms
Symbolic time: 2.682	2.682	0 ms
Numeric time: 1.878	1.879	0 ms
Symbolic time: 2.678	0.995	1.684 ms
Numeric time: 1.87	0.883	0.988 ms
Symbolic time: 2.687	2.687	0 ms
Numeric time: 1.861	1.861	0 ms
Symbolic time: 2.689	2.69	0 ms
Numeric time: 2.054	1.091	0.964 ms
Symbolic time: 2.691	1.72	0.971 ms
Numeric time: 1.894	1.894	0 ms
Symbolic time: 2.685	2.685	0 ms
Numeric time: 1.868	1.869	0 ms
Symbolic time: 2.692	2.691	0 ms
Numeric time: 1.871	1.872	0 ms
Symbolic time: 2.689	2.689	0 ms
Numeric time: 1.865	1.865	0 ms
Symbolic time: 2.681	2.682	0 ms
Numeric time: 1.87	1.855	0.015 ms
Symbolic time: 2.683	2.684	0 ms
Numeric time: 1.875	1.875	0 ms
Symbolic time: 2.674	1.986	0.689 ms
Numeric time: 1.886	1.886	0 ms
Symbolic time: 2.692	2.692	0 ms
Numeric time: 2.011	2.011	0 ms
Symbolic time: 2.699	2.036	0.655 ms
Numeric time: 1.949	1.949	0 ms
Symbolic time: 2.692	2.692	0 ms
Numeric time: 1.92	1.92	0 ms
Symbolic time: 2.689	2.689	0 ms
Numeric time: 1.883	1.883	0 ms
Symbolic time: 2.69	2.69	0 ms
Numeric time: 1.89	1.891	0 ms
Symbolic time: 2.686	1.743	0.943 ms
Numeric time: 1.885	1.885	0 ms
Symbolic time: 2.69	2.69	0 ms
Numeric time: 1.882	1.882	0 ms
Symbolic time: 2.687	2.687	0 ms
Numeric time: 1.883	1.883	0 ms
Symbolic time: 2.691	2.692	0 ms
Numeric time: 1.876	1.846	0.031 ms
Symbolic time: 2.683	2.684	0 ms
Numeric time: 1.88	0.892	0.989 ms
Symbolic time: 3.241	2.575	0.659 ms
Numeric time: 2.263	1.239	1.025 ms
Symbolic time: 2.695	2.083	0.613 ms
Numeric time: 1.883	1.883	0 ms
Symbolic time: 2.664	2.664	0 ms
Numeric time: 1.848	0.892	0.956 ms
Symbolic time: 2.668	2.668	0 ms
Numeric time: 1.846	1.846	0 ms
Symbolic time: 2.666	2.666	0 ms
Numeric time: 1.886	0.944	0.941 ms
Symbolic time: 2.661	2.661	0 ms
Numeric time: 1.843	1.795	0.049 ms
Symbolic time: 2.655	2.655	0 ms
Numeric time: 1.854	1.855	0 ms
Symbolic time: 2.654	1.967	0.687 ms
Numeric time: 1.851	1.851	0 ms
Symbolic time: 2.659	1.692	0.968 ms
Numeric time: 1.849	1.85	0 ms
Symbolic time: 2.657	2.657	0 ms
Numeric time: 1.848	1.847	0 ms
Symbolic time: 2.656	2.656	0 ms
Numeric time: 1.861	1.83	0.031 ms
Symbolic time: 2.652	2.652	0 ms
Numeric time: 1.851	1.851	0 ms
Symbolic time: 2.651	1.963	0.688 ms
Numeric time: 1.846	1.846	0 ms
Symbolic time: 2.656	1.689	0.967 ms
Numeric time: 1.865	1.864	0 ms
Symbolic time: 2.654	2.655	0 ms
Numeric time: 1.853	1.853	0 ms
Symbolic time: 2.662	2.661	0 ms
Numeric time: 1.844	1.815	0.03 ms
Symbolic time: 2.655	2.654	0 ms
Numeric time: 1.845	1.845	0 ms
Symbolic time: 2.652	1.958	0.695 ms
Numeric time: 1.85	1.85	0 ms
Symbolic time: 2.658	0.69	1.968 ms
Numeric time: 1.851	1.852	0 ms
Symbolic time: 2.656	2.657	0 ms
Numeric time: 1.848	1.848	0 ms
Symbolic time: 2.66	2.66	0 ms
Numeric time: 1.844	1.816	0.029 ms
Symbolic time: 2.645	2.644	0 ms
Numeric time: 1.845	1.845	0 ms
Symbolic time: 2.652	1.957	0.694 ms
Numeric time: 1.847	1.847	0 ms
Symbolic time: 2.658	2.659	0 ms
Numeric time: 1.847	1.847	0 ms
Symbolic time: 2.665	2.666	0 ms
Numeric time: 1.852	1.852	0 ms
Symbolic time: 2.664	2.664	0 ms
Numeric time: 1.837	1.825	0.012 ms
Symbolic time: 2.654	2.654	0 ms
Numeric time: 1.85	1.85	0 ms
Symbolic time: 2.649	1.957	0.693 ms
Numeric time: 1.853	1.853	0 ms
Symbolic time: 2.653	2.654	0 ms
Numeric time: 1.871	1.872	0 ms
Symbolic time: 2.668	2.668	0 ms
Numeric time: 1.854	1.855	0 ms
Symbolic time: 2.662	2.662	0 ms
Numeric time: 1.84	1.827	0.015 ms
Symbolic time: 2.647	2.648	0 ms
Numeric time: 1.851	1.851	0 ms
Symbolic time: 2.649	2.649	0 ms
Numeric time: 1.849	1.849	0 ms
Symbolic time: 2.656	2.656	0 ms
Numeric time: 1.84	1.84	0 ms
Symbolic time: 2.664	2.664	0 ms
Numeric time: 1.842	1.842	0 ms
Symbolic time: 2.66	2.66	0 ms
Numeric time: 1.837	0.842	0.996 ms
Symbolic time: 2.652	2.651	0 ms
Numeric time: 1.852	1.852	0 ms
Symbolic time: 2.66	1.964	0.697 ms
Numeric time: 1.848	0.863	0.986 ms
Symbolic time: 2.651	2.651	0 ms
Numeric time: 1.843	1.843	0 ms
Symbolic time: 2.661	2.66	0 ms
Numeric time: 1.844	0.909	0.936 ms
Symbolic time: 2.657	2.657	0 ms
Numeric time: 1.842	1.795	0.047 ms
Symbolic time: 2.65	2.65	0 ms
Numeric time: 1.848	1.849	0 ms
Symbolic time: 2.658	2.659	0 ms
Numeric time: 1.844	1.843	0 ms
Symbolic time: 2.653	2.652	0 ms
Numeric time: 1.838	1.838	0 ms
Symbolic time: 2.661	2.662	0 ms
Numeric time: 1.846	1.846	0 ms
Symbolic time: 2.659	2.66	0 ms
Numeric time: 1.854	1.854	0 ms
Symbolic time: 2.66	2.661	0 ms
Numeric time: 1.872	1.873	0 ms
Symbolic time: 2.657	2.657	0 ms
Numeric time: 1.848	1.848	0 ms
Symbolic time: 2.656	2.656	0 ms
Numeric time: 1.846	1.846	0 ms
Symbolic time: 2.658	2.658	0 ms
Numeric time: 1.843	1.843	0 ms
Symbolic time: 2.66	2.66	0 ms
Numeric time: 1.841	1.842	0 ms
Symbolic time: 2.656	1.672	0.985 ms
Numeric time: 1.851	1.851	0 ms
Symbolic time: 2.658	2.658	0 ms
Numeric time: 1.841	1.841	0 ms
Symbolic time: 2.661	2.66	0 ms
Numeric time: 1.848	1.849	0 ms
Symbolic time: 2.658	2.658	0 ms
Numeric time: 1.846	1.847	0 ms
Symbolic time: 2.66	1.747	0.913 ms
Numeric time: 1.836	1.76	0.077 ms
Symbolic time: 2.65	2.65	0 ms
Numeric time: 1.852	1.853	0 ms
Symbolic time: 2.646	1.679	0.967 ms
Numeric time: 1.847	1.848	0 ms
Symbolic time: 2.651	2.652	0 ms
Numeric time: 1.843	1.843	0 ms
Symbolic time: 2.658	2.659	0 ms
Numeric time: 1.844	1.845	0 ms
Symbolic time: 2.662	1.64	1.022 ms
Numeric time: 1.845	1.845	0 ms
Symbolic time: 2.651	2.65	0 ms
Numeric time: 1.851	0.884	0.967 ms
Symbolic time: 2.652	1.684	0.968 ms
Numeric time: 1.891	1.892	0 ms
Symbolic time: 2.67	2.671	0 ms
Numeric time: 1.843	0.887	0.957 ms
Symbolic time: 2.65	2.651	0 ms
Numeric time: 1.837	0.883	0.954 ms
Symbolic time: 2.653	2.593	0.06 ms
Numeric time: 1.85	1.85	0 ms
Symbolic time: 2.647	2.648	0 ms
Numeric time: 1.854	1.854	0 ms
Symbolic time: 2.667	1.703	0.964 ms
Numeric time: 1.845	1.846	0 ms
Symbolic time: 2.659	2.659	0 ms
Numeric time: 1.838	1.839	0 ms
Symbolic time: 2.652	2.652	0 ms
Numeric time: 1.847	1.847	0 ms
Symbolic time: 2.653	2.632	0.021 ms
Numeric time: 1.845	1.846	0 ms
Symbolic time: 2.661	2.662	0 ms
Numeric time: 1.848	1.848	0 ms
Symbolic time: 2.659	2.659	0 ms
Numeric time: 1.839	1.841	0 ms
Symbolic time: 2.66	2.66	0 ms
Numeric time: 1.845	1.845	0 ms
Symbolic time: 2.663	2.663	0 ms
Numeric time: 1.845	1.846	0 ms
Symbolic time: 2.651	1.654	0.997 ms
Numeric time: 1.843	1.844	0 ms
Symbolic time: 2.655	2.655	0 ms
Numeric time: 1.84	1.841	0 ms
Symbolic time: 2.654	1.694	0.961 ms
Numeric time: 1.852	1.852	0 ms
Symbolic time: 2.665	2.665	0 ms
Numeric time: 1.845	1.846	0 ms
Symbolic time: 2.66	2.66	0 ms
Numeric time: 1.843	1.844	0 ms
Symbolic time: 2.65	2.627	0.022 ms
Numeric time: 1.853	1.854	0 ms
Symbolic time: 2.65	2.65	0 ms
Numeric time: 1.847	0.88	0.968 ms
Symbolic time: 2.656	0.688	1.968 ms
Numeric time: 1.846	1.847	0 ms
Symbolic time: 2.655	2.655	0 ms
Numeric time: 1.858	1.858	0 ms
Symbolic time: 2.655	2.656	0 ms
Numeric time: 1.865	1.865	0 ms
Symbolic time: 2.655	2.63	0.025 ms
Numeric time: 1.871	1.871	0 ms
Symbolic time: 2.656	2.655	0 ms
Numeric time: 1.898	1.898	0 ms
Symbolic time: 2.664	2.664	0 ms
Numeric time: 1.915	0.951	0.963 ms
Symbolic time: 2.659	1.69	0.969 ms
Numeric time: 1.938	1.939	0 ms
Symbolic time: 2.668	2.667	0 ms
Numeric time: 1.96	1.96	0 ms
Symbolic time: 2.657	2.658	0 ms
Numeric time: 1.942	1.943	0 ms
Symbolic time: 2.669	2.669	0 ms
Numeric time: 1.938	1.939	0 ms
Symbolic time: 2.655	2.655	0 ms
Numeric time: 1.939	1.939	0 ms
Symbolic time: 2.649	2.65	0 ms
Numeric time: 1.856	1.842	0.014 ms
Symbolic time: 2.655	2.655	0 ms
Numeric time: 1.872	0.888	0.984 ms
Symbolic time: 2.667	2.667	0 ms
Numeric time: 1.952	1.953	0 ms
Symbolic time: 2.688	1.717	0.971 ms
Numeric time: 1.902	0.912	0.991 ms
Symbolic time: 2.657	1.688	0.969 ms
Numeric time: 1.872	0.884	0.988 ms
Symbolic time: 2.663	2.663	0 ms
Numeric time: 1.861	1.862	0 ms
Symbolic time: 2.656	2.655	0 ms
Numeric time: 1.845	1.815	0.03 ms
Symbolic time: 2.658	2.658	0 ms
Numeric time: 1.843	0.861	0.982 ms
Symbolic time: 2.656	2.656	0 ms
Numeric time: 1.894	0.907	0.986 ms
Symbolic time: 2.661	2.661	0 ms
Numeric time: 1.856	1.856	0 ms
Symbolic time: 2.655	2.655	0 ms
Numeric time: 1.845	1.845	0 ms
Symbolic time: 2.654	2.654	0 ms
Numeric time: 1.838	1.839	0 ms
Symbolic time: 2.65	2.647	0.004 ms
Numeric time: 1.835	1.835	0 ms
Symbolic time: 2.648	1.951	0.698 ms
Numeric time: 1.843	1.843	0 ms
Symbolic time: 2.651	1.683	0.968 ms
Numeric time: 1.842	0.858	0.986 ms
Symbolic time: 2.654	2.653	0 ms
Numeric time: 1.862	1.863	0 ms
Symbolic time: 2.655	2.655	0 ms
Numeric time: 1.887	1.888	0 ms
Symbolic time: 2.661	2.631	0.03 ms
Numeric time: 1.858	1.858	0 ms
Symbolic time: 2.648	2.647	0 ms
Numeric time: 1.871	1.871	0 ms
Symbolic time: 2.666	1.701	0.965 ms
Numeric time: 1.857	1.857	0 ms
Symbolic time: 2.658	2.658	0 ms
Numeric time: 1.845	1.845	0 ms
Symbolic time: 2.692	2.692	0 ms
Numeric time: 1.856	1.856	0 ms
Symbolic time: 2.665	2.665	0 ms
Numeric time: 1.841	1.828	0.015 ms
Symbolic time: 2.651	2.651	0 ms
Numeric time: 1.852	1.852	0 ms
Symbolic time: 2.656	2.656	0 ms
Numeric time: 1.844	1.845	0 ms
Symbolic time: 2.659	2.659	0 ms
Numeric time: 1.842	1.843	0 ms
Symbolic time: 2.664	2.664	0 ms
Numeric time: 1.848	1.848	0 ms
Symbolic time: 2.656	2.655	0 ms
Numeric time: 1.842	1.842	0 ms
Symbolic time: 2.66	2.659	0 ms
Numeric time: 1.843	1.843	0 ms
Symbolic time: 2.658	2.658	0 ms
Numeric time: 1.843	1.843	0 ms
Symbolic time: 2.651	1.705	0.947 ms
Numeric time: 1.845	1.847	0 ms
Symbolic time: 2.663	2.662	0 ms
Numeric time: 1.849	1.848	0 ms
Symbolic time: 2.661	2.66	0 ms
Numeric time: 1.839	1.81	0.028 ms
Symbolic time: 2.651	2.651	0 ms
Numeric time: 1.847	1.847	0 ms
Symbolic time: 2.664	1.695	0.97 ms
Numeric time: 1.844	1.844	0 ms
Symbolic time: 2.658	1.69	0.969 ms
Numeric time: 1.85	1.85	0 ms
Symbolic time: 2.668	2.668	0 ms
Numeric time: 1.848	0.891	0.957 ms
Symbolic time: 2.658	1.599	1.06 ms
Numeric time: 1.847	0.878	0.969 ms
Symbolic time: 2.665	2.665	0 ms
Numeric time: 1.857	1.857	0 ms
Symbolic time: 2.659	1.689	0.969 ms
Numeric time: 1.853	1.854	0 ms
Symbolic time: 2.657	1.689	0.969 ms
Numeric time: 1.85	1.85	0 ms
Symbolic time: 2.676	2.675	0 ms
Numeric time: 1.847	1.847	0 ms
Symbolic time: 2.679	2.678	0 ms
Numeric time: 1.857	1.824	0.034 ms
Symbolic time: 2.659	2.659	0 ms
Numeric time: 1.848	1.848	0 ms
Symbolic time: 2.655	1.959	0.695 ms
Numeric time: 1.86	1.86	0 ms
Symbolic time: 2.661	2.661	0 ms
Numeric time: 1.848	1.848	0 ms
Symbolic time: 2.66	2.66	0 ms
Numeric time: 1.866	1.867	0 ms
Symbolic time: 2.661	2.662	0 ms
Numeric time: 1.855	1.84	0.014 ms
Symbolic time: 2.656	2.655	0 ms
Numeric time: 1.858	1.858	0 ms
Symbolic time: 2.663	1.967	0.697 ms
Numeric time: 1.856	1.857	0 ms
Symbolic time: 2.67	0.7	1.97 ms
Numeric time: 1.85	0.864	0.986 ms
Symbolic time: 2.665	2.665	0 ms
Numeric time: 1.845	1.846	0 ms
Symbolic time: 2.661	2.661	0 ms
Numeric time: 1.844	0.906	0.938 ms
Symbolic time: 2.655	2.595	0.059 ms
Numeric time: 1.842	0.857	0.985 ms
Symbolic time: 2.655	2.654	0 ms
Numeric time: 1.848	0.867	0.982 ms
Symbolic time: 2.648	2.648	0 ms
Numeric time: 1.852	1.852	0 ms
Symbolic time: 2.664	1.714	0.95 ms
Numeric time: 1.84	1.84	0 ms
Symbolic time: 2.679	2.679	0 ms
Numeric time: 1.884	1.884	0 ms
Symbolic time: 2.65	2.603	0.047 ms
Numeric time: 1.841	0.873	0.968 ms
Symbolic time: 2.646	2.646	0 ms
Numeric time: 1.841	1.842	0 ms
Symbolic time: 2.66	2.66	0 ms
Numeric time: 1.845	1.845	0 ms
Symbolic time: 2.657	1.707	0.95 ms
Numeric time: 1.849	1.849	0 ms
Symbolic time: 2.663	2.664	0 ms
Numeric time: 1.846	1.847	0 ms
Symbolic time: 2.653	1.611	1.042 ms
Numeric time: 1.848	1.849	0 ms
Symbolic time: 2.654	2.655	0 ms
Numeric time: 1.854	1.854	0 ms
Symbolic time: 2.656	2.657	0 ms
Numeric time: 1.852	1.852	0 ms
Symbolic time: 2.663	1.719	0.945 ms
Numeric time: 1.848	1.848	0 ms
Symbolic time: 2.663	2.663	0 ms
Numeric time: 1.854	1.854	0 ms
Symbolic time: 2.658	2.615	0.043 ms
Numeric time: 1.848	0.878	0.97 ms
Symbolic time: 2.663	2.662	0 ms
Numeric time: 1.86	1.86	0 ms
Symbolic time: 2.656	2.656	0 ms
Numeric time: 1.853	1.853	0 ms
Symbolic time: 2.656	1.706	0.951 ms
Numeric time: 1.846	1.846	0 ms
Symbolic time: 2.66	2.66	0 ms
Numeric time: 1.845	1.845	0 ms
Symbolic time: 2.661	2.662	0 ms
Numeric time: 1.842	1.814	0.029 ms
Symbolic time: 2.657	2.657	0 ms
Numeric time: 1.847	1.847	0 ms
Symbolic time: 2.664	2.664	0 ms
Numeric time: 1.849	1.85	0 ms
Symbolic time: 2.662	2.661	0 ms
Numeric time: 1.85	1.851	0 ms
Symbolic time: 2.651	2.652	0 ms
Numeric time: 1.848	1.848	0 ms
Symbolic time: 2.66	1.746	0.914 ms
Numeric time: 1.843	1.766	0.076 ms
Symbolic time: 2.662	1.667	0.996 ms
Numeric time: 1.846	1.846	0 ms
Symbolic time: 2.667	1.698	0.97 ms
Numeric time: 1.845	1.845	0 ms
Symbolic time: 2.66	1.692	0.969 ms
Numeric time: 1.846	1.846	0 ms
Symbolic time: 2.663	2.663	0 ms
Numeric time: 1.854	0.897	0.957 ms
Symbolic time: 2.655	2.655	0 ms
Numeric time: 1.836	1.79	0.047 ms
Symbolic time: 2.664	2.664	0 ms
Numeric time: 1.851	1.851	0 ms
Symbolic time: 2.657	2.658	0 ms
Numeric time: 1.843	1.843	0 ms
Symbolic time: 2.656	1.707	0.949 ms
Numeric time: 1.855	1.856	0 ms
Symbolic time: 2.663	2.663	0 ms
Numeric time: 1.846	1.846	0 ms
Symbolic time: 2.657	2.657	0 ms
Numeric time: 1.841	1.813	0.028 ms
Symbolic time: 2.658	2.659	0 ms
Numeric time: 1.845	1.846	0 ms
Symbolic time: 2.659	2.659	0 ms
Numeric time: 1.84	1.84	0 ms
Symbolic time: 2.657	2.657	0 ms
Numeric time: 1.846	1.846	0 ms
Symbolic time: 2.667	2.668	0 ms
Numeric time: 1.847	1.847	0 ms
Symbolic time: 2.654	2.65	0.004 ms
Numeric time: 1.846	0.879	0.967 ms
Symbolic time: 2.651	2.651	0 ms
Numeric time: 1.853	1.853	0 ms
Symbolic time: 2.665	1.696	0.969 ms
Numeric time: 1.841	1.841	0 ms
Symbolic time: 2.663	2.662	0 ms
Numeric time: 1.845	1.845	0 ms
Symbolic time: 2.66	2.66	0 ms
Numeric time: 1.846	1.847	0 ms
Symbolic time: 2.661	2.637	0.024 ms
Numeric time: 1.848	1.848	0 ms
Symbolic time: 2.651	2.651	0 ms
Numeric time: 1.847	1.847	0 ms
Symbolic time: 2.675	1.694	0.965 ms
Numeric time: 1.849	1.85	0 ms
Symbolic time: 2.656	1.687	0.968 ms
Numeric time: 1.84	1.84	0 ms
Symbolic time: 2.658	2.658	0 ms
Numeric time: 1.844	1.845	0 ms
Symbolic time: 2.651	2.611	0.04 ms
Numeric time: 1.842	1.842	0 ms
Symbolic time: 2.655	2.654	0 ms
Numeric time: 1.843	1.844	0 ms
Symbolic time: 2.652	2.651	0 ms
Numeric time: 1.844	1.845	0 ms
Symbolic time: 2.657	2.658	0 ms
Numeric time: 1.846	1.846	0 ms
Symbolic time: 2.651	2.651	0 ms
Numeric time: 1.843	1.843	0 ms
Symbolic time: 2.657	2.657	0 ms
Numeric time: 1.845	1.845	0 ms
Symbolic time: 2.654	2.654	0 ms
Numeric time: 1.843	0.879	0.965 ms

Symbolic time: 2.71102 ms
Numeric time: 1.90524 ms
