Symbolic time: 1.323	1.289	0.032 ms
Numeric time: 1.205	0	1.207 ms
Symbolic time: 1.124	0.578	0.546 ms
Numeric time: 1.056	1.047	0.009 ms
Symbolic time: 1.109	1.094	0.015 ms
Numeric time: 1.04	1.036	0.006 ms
Symbolic time: 1.111	1.097	0.014 ms
Numeric time: 1.045	0.194	0.849 ms
Symbolic time: 1.099	1.083	0.016 ms
Numeric time: 1.036	1.03	0.006 ms
Symbolic time: 1.102	1.087	0.015 ms
Numeric time: 1.038	1.032	0.006 ms
Symbolic time: 1.101	1.087	0.014 ms
Numeric time: 1.034	1.03	0.004 ms
Symbolic time: 1.097	1.085	0.012 ms
Numeric time: 1.034	1.03	0.004 ms
Symbolic time: 1.105	1.106	0 ms
Numeric time: 1.041	1.042	0 ms
Symbolic time: 1.098	1.098	0 ms
Numeric time: 1.04	1.04	0 ms
Symbolic time: 1.1	1.099	0 ms
Numeric time: 1.044	1.044	0 ms
Symbolic time: 1.107	1.106	0 ms
Numeric time: 1.035	1.036	0 ms
Symbolic time: 1.101	1.101	0 ms
Numeric time: 1.04	1.039	0 ms
Symbolic time: 1.099	1.099	0 ms
Numeric time: 1.038	0.101	0.937 ms
Symbolic time: 1.101	1.089	0.012 ms
Numeric time: 1.038	1.033	0.005 ms
Symbolic time: 1.11	1.098	0.012 ms
Numeric time: 1.053	1.048	0.006 ms
Symbolic time: 1.108	0.29	0.819 ms
Numeric time: 1.041	1.034	0.006 ms
Symbolic time: 1.109	1.096	0.013 ms
Numeric time: 1.04	1.035	0.005 ms
Symbolic time: 1.102	1.09	0.012 ms
Numeric time: 1.037	1.033	0.005 ms
Symbolic time: 1.1	1.09	0.011 ms
Numeric time: 1.043	1.039	0.005 ms
Symbolic time: 1.105	1.105	0 ms
Numeric time: 1.037	0.132	0.905 ms
Symbolic time: 1.103	1.09	0.013 ms
Numeric time: 1.047	1.041	0.006 ms
Symbolic time: 1.097	1.087	0.012 ms
Numeric time: 1.041	1.037	0.005 ms
Symbolic time: 1.104	1.092	0.012 ms
Numeric time: 1.054	1.048	0.006 ms
Symbolic time: 1.113	1.114	0 ms
Numeric time: 1.046	0.139	0.907 ms
Symbolic time: 1.097	1.086	0.012 ms
Numeric time: 1.04	1.035	0.005 ms
Symbolic time: 1.096	1.085	0.011 ms
Numeric time: 1.041	1.037	0.005 ms
Symbolic time: 1.105	1.094	0.011 ms
Numeric time: 1.042	1.038	0.005 ms
Symbolic time: 1.104	1.104	0 ms
Numeric time: 1.056	1.056	0 ms
Symbolic time: 1.106	1.106	0 ms
Numeric time: 1.045	1.045	0 ms
Symbolic time: 1.098	1.098	0 ms
Numeric time: 1.041	1.042	0 ms
Symbolic time: 1.109	1.11	0 ms
Numeric time: 1.035	1.036	0 ms
Symbolic time: 1.101	1.1	0 ms
Numeric time: 1.038	1.038	0 ms
Symbolic time: 1.103	1.104	0 ms
Numeric time: 1.039	1.04	0 ms
Symbolic time: 1.106	1.106	0 ms
Numeric time: 1.045	1.046	0 ms
Symbolic time: 1.11	1.11	0 ms
Numeric time: 1.042	1.041	0 ms
Symbolic time: 1.101	1.101	0 ms
Numeric time: 1.039	1.039	0 ms
Symbolic time: 1.096	1.096	0 ms
Numeric time: 1.058	1.058	0 ms
Symbolic time: 1.106	1.106	0 ms
Numeric time: 1.042	1.042	0 ms
Symbolic time: 1.102	1.102	0 ms
Numeric time: 1.036	1.036	0 ms
Symbolic time: 1.097	1.096	0.003 ms
Numeric time: 1.049	1.05	0 ms
Symbolic time: 1.102	1.102	0 ms
Numeric time: 1.051	0.111	0.94 ms
Symbolic time: 1.099	1.09	0.009 ms
Numeric time: 1.043	1.039	0.004 ms
Symbolic time: 1.101	1.093	0.009 ms
Numeric time: 1.043	1.039	0.004 ms
Symbolic time: 1.099	1.091	0.009 ms
Numeric time: 1.058	0.157	0.898 ms
Symbolic time: 1.098	1.089	0.009 ms
Numeric time: 1.037	1.033	0.004 ms
Symbolic time: 1.099	1.089	0.009 ms
Numeric time: 1.041	1.038	0.003 ms
Symbolic time: 1.099	1.09	0.009 ms
Numeric time: 1.041	1.037	0.004 ms
Symbolic time: 1.1	1.091	0.009 ms
Numeric time: 1.043	1.043	0 ms
Symbolic time: 1.102	1.103	0 ms
Numeric time: 1.046	1.046	0 ms
Symbolic time: 1.102	1.102	0 ms
Numeric time: 1.047	1.047	0 ms
Symbolic time: 1.11	1.111	0 ms
Numeric time: 1.046	0.065	0.982 ms
Symbolic time: 1.098	1.091	0.009 ms
Numeric time: 1.037	1.033	0.003 ms
Symbolic time: 1.107	0.27	0.837 ms
Numeric time: 1.056	1.051	0.005 ms
Symbolic time: 1.105	1.095	0.01 ms
Numeric time: 1.042	1.039	0.004 ms
Symbolic time: 1.112	1.102	0.011 ms
Numeric time: 1.045	1.042	0.005 ms
Symbolic time: 1.11	1.1	0.01 ms
Numeric time: 1.044	1.045	0 ms
Symbolic time: 1.101	1.101	0 ms
Numeric time: 1.037	1.039	0 ms
Symbolic time: 1.1	1.1	0 ms
Numeric time: 1.046	1.046	0 ms
Symbolic time: 1.103	1.104	0 ms
Numeric time: 1.049	1.049	0 ms
Symbolic time: 1.099	1.099	0 ms
Numeric time: 1.036	1.036	0.001 ms
Symbolic time: 1.112	0.271	0.841 ms
Numeric time: 1.044	0.043	1 ms
Symbolic time: 1.094	1.085	0.009 ms
Numeric time: 1.04	1.037	0.004 ms
Symbolic time: 1.099	1.089	0.009 ms
Numeric time: 1.046	1.043	0.004 ms
Symbolic time: 1.107	1.097	0.01 ms
Numeric time: 1.043	1.039	0.004 ms
Symbolic time: 1.096	0.26	0.836 ms
Numeric time: 1.05	1.046	0.005 ms
Symbolic time: 1.108	1.097	0.01 ms
Numeric time: 1.041	1.037	0.004 ms
Symbolic time: 1.096	1.087	0.009 ms
Numeric time: 1.043	1.04	0.004 ms
Symbolic time: 1.104	1.094	0.01 ms
Numeric time: 1.039	1.035	0.004 ms
Symbolic time: 1.1	1.1	0 ms
Numeric time: 1.046	1.046	0 ms
Symbolic time: 1.106	1.106	0 ms
Numeric time: 1.037	1.037	0 ms
Symbolic time: 1.098	1.099	0 ms
Numeric time: 1.034	1.035	0 ms
Symbolic time: 1.107	1.107	0 ms
Numeric time: 1.036	1.036	0 ms
Symbolic time: 1.112	0.278	0.835 ms
Numeric time: 1.037	1.034	0.004 ms
Symbolic time: 1.106	1.096	0.01 ms
Numeric time: 1.041	1.037	0.004 ms
Symbolic time: 1.098	1.089	0.009 ms
Numeric time: 1.041	1.038	0.003 ms
Symbolic time: 1.099	1.09	0.009 ms
Numeric time: 1.037	1.034	0.003 ms
Symbolic time: 1.106	1.106	0 ms
Numeric time: 1.054	1.055	0 ms
Symbolic time: 1.103	1.102	0 ms
Numeric time: 1.038	1.037	0 ms
Symbolic time: 1.099	1.099	0 ms
Numeric time: 1.041	1.041	0 ms
Symbolic time: 1.101	1.101	0 ms
Numeric time: 1.036	1.036	0 ms
Symbolic time: 1.108	1.109	0 ms
Numeric time: 1.043	1.042	0 ms
Symbolic time: 1.104	1.105	0 ms
Numeric time: 1.044	0.099	0.945 ms
Symbolic time: 1.101	1.092	0.01 ms
Numeric time: 1.036	1.034	0.003 ms
Symbolic time: 1.097	1.088	0.008 ms
Numeric time: 1.046	1.042	0.005 ms
Symbolic time: 1.1	1.1	0 ms
Numeric time: 1.042	1.042	0 ms
Symbolic time: 1.096	1.096	0 ms
Numeric time: 1.039	1.039	0 ms
Symbolic time: 1.097	1.097	0 ms
Numeric time: 1.038	1.038	0 ms
Symbolic time: 1.102	1.102	0 ms
Numeric time: 1.051	1.051	0 ms
Symbolic time: 1.103	1.098	0.005 ms
Numeric time: 1.037	0	1.035 ms
Symbolic time: 1.099	0.305	0.793 ms
Numeric time: 1.049	1.045	0.005 ms
Symbolic time: 1.102	1.092	0.009 ms
Numeric time: 1.052	1.048	0.004 ms
Symbolic time: 1.096	1.088	0.009 ms
Numeric time: 1.036	1.034	0.003 ms
Symbolic time: 1.11	1.1	0.009 ms
Numeric time: 1.05	1.051	0 ms
Symbolic time: 1.101	1.101	0 ms
Numeric time: 1.035	1.035	0 ms
Symbolic time: 1.102	1.102	0 ms
Numeric time: 1.038	1.038	0 ms
Symbolic time: 1.101	1.101	0 ms
Numeric time: 1.039	1.038	0 ms
Symbolic time: 1.101	1.101	0 ms
Numeric time: 1.043	1.043	0 ms
Symbolic time: 1.101	0.259	0.842 ms
Numeric time: 1.04	1.037	0.003 ms
Symbolic time: 1.099	1.09	0.008 ms
Numeric time: 1.039	0.038	1.002 ms
Symbolic time: 1.101	1.092	0.01 ms
Numeric time: 1.058	0.054	1.005 ms
Symbolic time: 1.108	1.098	0.01 ms
Numeric time: 1.047	1.043	0.005 ms
Symbolic time: 1.104	0.27	0.833 ms
Numeric time: 1.047	1.042	0.005 ms
Symbolic time: 1.104	1.094	0.01 ms
Numeric time: 1.052	1.048	0.005 ms
Symbolic time: 1.102	1.092	0.01 ms
Numeric time: 1.046	1.042	0.005 ms
Symbolic time: 1.098	1.089	0.009 ms
Numeric time: 1.041	1.037	0.004 ms
Symbolic time: 1.098	1.098	0 ms
Numeric time: 1.042	1.042	0 ms
Symbolic time: 1.102	1.102	0 ms
Numeric time: 1.053	1.053	0 ms
Symbolic time: 1.101	1.101	0 ms
Numeric time: 1.039	1.039	0 ms
Symbolic time: 1.111	1.112	0 ms
Numeric time: 1.04	0.042	0.999 ms
Symbolic time: 2.277	2.271	0 ms
Numeric time: 3.191	3.192	0 ms
Symbolic time: 3.292	3.292	0 ms
Numeric time: 2.698	2.698	0 ms
Symbolic time: 2.614	2.614	0 ms
Numeric time: 2.461	2.462	0 ms
Symbolic time: 2.621	2.621	0 ms
Numeric time: 1.832	1.832	0 ms
Symbolic time: 1.729	1.729	0 ms
Numeric time: 1.609	1.609	0 ms
Symbolic time: 1.71	1.709	0 ms
Numeric time: 1.6	1.6	0 ms
Symbolic time: 1.577	1.576	0 ms
Numeric time: 1.099	1.099	0 ms
Symbolic time: 1.155	1.156	0 ms
Numeric time: 1.098	1.098	0 ms
Symbolic time: 1.161	1.161	0 ms
Numeric time: 1.095	1.095	0 ms
Symbolic time: 1.153	1.153	0 ms
Numeric time: 1.097	1.098	0 ms
Symbolic time: 1.169	1.169	0 ms
Numeric time: 1.083	1.083	0 ms
Symbolic time: 1.093	1.093	0 ms
Numeric time: 1.036	1.036	0 ms
Symbolic time: 1.103	1.103	0 ms
Numeric time: 1.039	1.04	0 ms
Symbolic time: 1.096	1.096	0 ms
Numeric time: 1.041	1.041	0 ms
Symbolic time: 1.103	1.103	0 ms
Numeric time: 1.043	1.043	0 ms
Symbolic time: 1.1	0.26	0.841 ms
Numeric time: 1.042	0.04	1.002 ms
Symbolic time: 1.093	1.085	0.008 ms
Numeric time: 1.041	0.039	1.002 ms
Symbolic time: 1.094	1.086	0.008 ms
Numeric time: 1.037	0.036	1.003 ms
Symbolic time: 1.092	1.084	0.009 ms
Numeric time: 1.037	1.034	0.003 ms
Symbolic time: 1.108	1.109	0 ms
Numeric time: 1.039	1.039	0 ms
Symbolic time: 1.095	1.094	0 ms
Numeric time: 1.036	1.037	0 ms
Symbolic time: 1.095	1.095	0 ms
Numeric time: 1.035	1.035	0 ms
Symbolic time: 1.097	1.096	0 ms
Numeric time: 1.038	1.037	0 ms
Symbolic time: 1.097	1.095	0.002 ms
Numeric time: 1.041	1.042	0 ms
Symbolic time: 1.094	1.094	0 ms
Numeric time: 1.173	1.173	0 ms
Symbolic time: 1.401	1.401	0 ms
Numeric time: 1.043	1.042	0.001 ms
Symbolic time: 1.094	1.094	0 ms
Numeric time: 1.042	1.043	0 ms
Symbolic time: 1.096	1.096	0 ms
Numeric time: 1.032	1.032	0 ms
Symbolic time: 1.092	1.093	0 ms
Numeric time: 1.038	0.065	0.974 ms
Symbolic time: 1.098	1.089	0.009 ms
Numeric time: 1.034	1.032	0.003 ms
Symbolic time: 1.096	0.255	0.841 ms
Numeric time: 1.035	1.032	0.003 ms
Symbolic time: 1.098	1.089	0.009 ms
Numeric time: 1.034	1.031	0.004 ms
Symbolic time: 1.091	1.084	0.008 ms
Numeric time: 1.037	1.034	0.004 ms
Symbolic time: 1.096	1.087	0.008 ms
Numeric time: 1.036	1.033	0.003 ms
Symbolic time: 1.101	1.101	0 ms
Numeric time: 1.039	0.115	0.925 ms
Symbolic time: 1.096	1.088	0.009 ms
Numeric time: 1.038	1.035	0.003 ms
Symbolic time: 1.095	1.087	0.008 ms
Numeric time: 1.04	1.036	0.004 ms
Symbolic time: 1.091	1.083	0.008 ms
Numeric time: 1.033	1.03	0.003 ms
Symbolic time: 1.095	1.087	0.008 ms
Numeric time: 1.046	1.042	0.004 ms
Symbolic time: 1.098	1.098	0 ms
Numeric time: 1.038	1.039	0 ms
Symbolic time: 1.094	1.094	0 ms
Numeric time: 1.033	1.034	0 ms
Symbolic time: 1.093	1.093	0 ms
Numeric time: 1.034	1.034	0 ms
Symbolic time: 1.095	1.095	0 ms
Numeric time: 1.033	1.033	0 ms
Symbolic time: 1.105	1.105	0 ms
Numeric time: 1.035	1.035	0 ms
Symbolic time: 1.095	1.095	0 ms
Numeric time: 1.035	1.036	0 ms
Symbolic time: 1.096	1.096	0 ms
Numeric time: 1.053	0.086	0.967 ms
Symbolic time: 1.096	1.088	0.009 ms
Numeric time: 1.034	1.031	0.003 ms
Symbolic time: 1.099	1.099	0 ms
Numeric time: 1.04	1.04	0 ms
Symbolic time: 1.097	1.097	0 ms
Numeric time: 1.036	1.037	0 ms
Symbolic time: 1.098	1.097	0 ms
Numeric time: 1.034	1.034	0 ms
Symbolic time: 1.104	1.104	0 ms
Numeric time: 1.035	1.036	0 ms
Symbolic time: 1.106	1.104	0.003 ms
Numeric time: 1.036	1.036	0 ms
Symbolic time: 1.096	1.097	0 ms
Numeric time: 1.038	1.038	0 ms
Symbolic time: 1.099	1.098	0 ms
Numeric time: 1.036	1.036	0 ms
Symbolic time: 1.094	1.094	0 ms
Numeric time: 1.04	1.04	0 ms
Symbolic time: 1.106	1.105	0 ms
Numeric time: 1.037	1.037	0 ms
Symbolic time: 1.095	1.095	0 ms
Numeric time: 1.035	1.035	0 ms
Symbolic time: 1.094	1.095	0 ms
Numeric time: 1.044	1.044	0 ms
Symbolic time: 1.095	1.095	0 ms
Numeric time: 1.036	0.064	0.971 ms
Symbolic time: 1.099	1.091	0.008 ms
Numeric time: 1.038	1.035	0.003 ms
Symbolic time: 1.099	1.099	0 ms
Numeric time: 1.033	1.033	0 ms
Symbolic time: 1.107	1.107	0 ms
Numeric time: 1.033	1.033	0 ms
Symbolic time: 1.094	1.094	0 ms
Numeric time: 1.036	1.036	0 ms
Symbolic time: 1.095	1.095	0 ms
Numeric time: 1.046	1.046	0 ms
Symbolic time: 1.105	1.103	0.002 ms
Numeric time: 1.042	1.042	0 ms
Symbolic time: 1.1	1.1	0 ms
Numeric time: 1.038	1.038	0 ms
Symbolic time: 1.096	1.096	0 ms
Numeric time: 1.035	1.036	0 ms
Symbolic time: 1.094	1.094	0 ms
Numeric time: 1.036	1.036	0 ms
Symbolic time: 1.097	1.097	0 ms
Numeric time: 1.034	1.034	0 ms
Symbolic time: 1.096	1.096	0 ms
Numeric time: 1.036	1.036	0 ms
Symbolic time: 1.1	1.1	0 ms
Numeric time: 1.057	1.057	0 ms
Symbolic time: 1.093	1.093	0 ms
Numeric time: 1.035	1.036	0 ms
Symbolic time: 1.107	1.107	0 ms
Numeric time: 1.043	1.043	0 ms
Symbolic time: 1.097	1.097	0 ms
Numeric time: 1.037	1.037	0 ms
Symbolic time: 1.101	1.101	0 ms
Numeric time: 1.038	1.038	0 ms
Symbolic time: 1.097	1.097	0 ms
Numeric time: 1.038	1.038	0 ms
Symbolic time: 1.106	1.106	0 ms
Numeric time: 1.078	1.078	0 ms
Symbolic time: 1.111	1.111	0 ms
Numeric time: 1.037	1.038	0 ms
Symbolic time: 1.096	1.095	0 ms
Numeric time: 1.043	1.042	0 ms
Symbolic time: 1.101	1.101	0 ms
Numeric time: 1.039	1.039	0 ms
Symbolic time: 1.096	1.096	0 ms
Numeric time: 1.045	1.046	0 ms
Symbolic time: 1.113	1.114	0 ms
Numeric time: 1.424	1.425	0 ms
Symbolic time: 1.095	1.096	0 ms
Numeric time: 1.049	1.05	0 ms
Symbolic time: 1.41	1.41	0 ms
Numeric time: 1.069	1.069	0 ms
Symbolic time: 1.092	1.092	0 ms
Numeric time: 1.039	1.039	0 ms
Symbolic time: 1.094	1.094	0 ms
Numeric time: 1.033	1.033	0 ms
Symbolic time: 1.106	1.107	0 ms
Numeric time: 1.043	1.043	0 ms
Symbolic time: 1.174	1.175	0 ms
Numeric time: 1.314	1.313	0 ms
Symbolic time: 1.097	1.098	0 ms
Numeric time: 1.038	1.039	0 ms
Symbolic time: 1.339	1.339	0 ms
Numeric time: 1.151	1.152	0 ms
Symbolic time: 1.095	1.096	0 ms
Numeric time: 1.037	1.037	0 ms
Symbolic time: 1.1	1.1	0 ms
Numeric time: 1.053	1.054	0 ms
Symbolic time: 1.112	1.111	0 ms
Numeric time: 1.403	1.404	0 ms
Symbolic time: 1.094	1.095	0 ms
Numeric time: 1.037	1.038	0 ms
Symbolic time: 1.1	1.1	0 ms
Numeric time: 1.036	1.036	0 ms
Symbolic time: 1.1	1.1	0 ms
Numeric time: 1.055	1.056	0 ms
Symbolic time: 1.381	1.38	0 ms
Numeric time: 1.043	1.043	0 ms
Symbolic time: 1.107	1.107	0 ms
Numeric time: 1.409	1.409	0 ms
Symbolic time: 1.093	1.093	0 ms
Numeric time: 1.049	1.049	0 ms
Symbolic time: 1.099	1.1	0 ms
Numeric time: 1.045	0.114	0.932 ms
Symbolic time: 1.098	1.091	0.007 ms
Numeric time: 1.041	1.038	0.003 ms
Symbolic time: 1.096	1.089	0.006 ms
Numeric time: 1.045	1.041	0.004 ms
Symbolic time: 1.098	1.092	0.007 ms
Numeric time: 1.348	1.348	0 ms
Symbolic time: 1.108	1.108	0 ms
Numeric time: 1.048	1.048	0 ms
Symbolic time: 1.093	1.093	0 ms
Numeric time: 1.034	1.035	0 ms
Symbolic time: 1.098	1.096	0.002 ms
Numeric time: 1.038	1.035	0.002 ms
Symbolic time: 1.098	1.09	0.006 ms
Numeric time: 1.04	1.04	0 ms
Symbolic time: 1.098	1.098	0 ms
Numeric time: 1.04	1.04	0 ms
Symbolic time: 1.092	1.091	0 ms
Numeric time: 1.033	1.034	0 ms
Symbolic time: 1.108	1.107	0 ms
Numeric time: 1.036	1.036	0 ms
Symbolic time: 1.097	1.098	0 ms
Numeric time: 1.036	1.036	0 ms
Symbolic time: 1.094	0.237	0.857 ms
Numeric time: 1.039	1.038	0.003 ms
Symbolic time: 1.107	1.102	0.008 ms
Numeric time: 1.034	1.032	0.002 ms
Symbolic time: 1.096	1.089	0.006 ms
Numeric time: 1.035	1.032	0.003 ms
Symbolic time: 1.093	1.087	0.007 ms
Numeric time: 1.037	1.035	0.002 ms
Symbolic time: 1.107	1.107	0 ms
Numeric time: 1.055	1.055	0 ms
Symbolic time: 1.096	1.095	0 ms
Numeric time: 1.04	1.04	0 ms
Symbolic time: 1.094	1.093	0 ms
Numeric time: 1.042	1.042	0 ms
Symbolic time: 1.094	1.094	0 ms
Numeric time: 1.036	1.036	0 ms
Symbolic time: 1.098	1.095	0.003 ms
Numeric time: 1.035	0.118	0.917 ms
Symbolic time: 1.092	1.085	0.007 ms
Numeric time: 1.039	1.037	0.002 ms
Symbolic time: 1.105	1.097	0.007 ms
Numeric time: 1.036	1.034	0.003 ms
Symbolic time: 1.096	1.09	0.007 ms
Numeric time: 1.034	1.032	0.002 ms
Symbolic time: 1.091	1.085	0.006 ms
Numeric time: 1.033	1.031	0.002 ms
Symbolic time: 1.097	1.097	0 ms
Numeric time: 1.046	1.046	0 ms
Symbolic time: 1.095	1.095	0 ms
Numeric time: 1.038	1.038	0 ms
Symbolic time: 1.093	1.094	0 ms
Numeric time: 1.038	1.038	0 ms
Symbolic time: 1.096	1.096	0 ms
Numeric time: 1.044	1.044	0 ms
Symbolic time: 1.106	1.105	0 ms
Numeric time: 1.035	1.034	0 ms
Symbolic time: 1.102	1.103	0 ms
Numeric time: 1.048	1.048	0 ms
Symbolic time: 1.1	1.1	0 ms
Numeric time: 1.041	1.041	0 ms
Symbolic time: 1.095	1.094	0 ms
Numeric time: 1.036	1.037	0 ms
Symbolic time: 1.104	1.104	0 ms
Numeric time: 1.037	1.038	0 ms
Symbolic time: 1.105	1.105	0 ms
Numeric time: 1.034	1.034	0 ms
Symbolic time: 1.102	1.101	0 ms
Numeric time: 1.035	1.035	0 ms
Symbolic time: 1.093	1.093	0 ms
Numeric time: 1.036	1.037	0 ms
Symbolic time: 1.094	1.094	0 ms
Numeric time: 1.044	1.045	0 ms
Symbolic time: 1.096	1.096	0 ms
Numeric time: 1.043	1.043	0 ms
Symbolic time: 1.1	1.101	0 ms
Numeric time: 1.035	1.035	0 ms
Symbolic time: 1.094	1.094	0 ms
Numeric time: 1.043	1.043	0 ms
Symbolic time: 1.106	1.107	0 ms
Numeric time: 1.04	0.041	0.998 ms
Symbolic time: 1.096	1.096	0 ms
Numeric time: 1.037	1.037	0 ms
Symbolic time: 1.095	1.096	0 ms
Numeric time: 1.036	1.037	0 ms
Symbolic time: 1.092	1.092	0 ms
Numeric time: 1.035	1.034	0 ms
Symbolic time: 1.106	1.105	0 ms
Numeric time: 1.033	1.034	0 ms
Symbolic time: 1.111	1.11	0 ms
Numeric time: 1.035	1.034	0 ms
Symbolic time: 1.093	1.093	0 ms
Numeric time: 1.057	1.057	0 ms
Symbolic time: 1.098	1.097	0 ms
Numeric time: 1.034	1.035	0 ms
Symbolic time: 1.092	1.092	0 ms
Numeric time: 1.037	0.047	0.991 ms
Symbolic time: 1.105	1.105	0 ms
Numeric time: 1.036	1.036	0 ms
Symbolic time: 1.091	1.092	0 ms
Numeric time: 1.04	1.04	0 ms
Symbolic time: 1.098	1.098	0 ms
Numeric time: 1.037	1.037	0 ms
Symbolic time: 1.103	1.103	0 ms
Numeric time: 1.038	1.039	0 ms
Symbolic time: 1.106	1.104	0.003 ms
Numeric time: 1.043	1.043	0 ms
Symbolic time: 1.094	1.094	0 ms
Numeric time: 1.039	1.04	0 ms
Symbolic time: 1.097	1.097	0 ms
Numeric time: 1.097	1.097	0 ms
Symbolic time: 1.098	1.098	0 ms
Numeric time: 1.04	1.04	0 ms
Symbolic time: 1.104	1.104	0 ms
Numeric time: 1.038	1.039	0 ms
Symbolic time: 1.098	1.099	0 ms
Numeric time: 1.041	1.041	0 ms
Symbolic time: 1.1	1.1	0 ms
Numeric time: 1.038	1.039	0 ms
Symbolic time: 1.093	1.093	0 ms
Numeric time: 1.038	1.038	0 ms
Symbolic time: 1.099	1.1	0 ms
Numeric time: 1.033	1.033	0 ms
Symbolic time: 1.093	1.093	0 ms
Numeric time: 1.041	1.04	0 ms
Symbolic time: 1.095	1.095	0 ms
Numeric time: 1.038	1.039	0 ms
Symbolic time: 1.093	1.094	0 ms
Numeric time: 1.039	1.039	0 ms
Symbolic time: 1.43	1.43	0 ms
Numeric time: 1.427	1.427	0 ms
Symbolic time: 1.482	1.483	0 ms
Numeric time: 1.575	1.575	0 ms
Symbolic time: 1.656	1.656	0 ms
Numeric time: 1.667	1.667	0 ms
Symbolic time: 1.705	1.705	0 ms
Numeric time: 1.719	1.72	0 ms
Symbolic time: 1.621	1.621	0 ms
Numeric time: 1.675	1.663	0 ms
Symbolic time: 1.666	1.667	0 ms
Numeric time: 1.725	1.725	0 ms
Symbolic time: 1.703	1.702	0 ms
Numeric time: 1.646	1.646	0 ms
Symbolic time: 1.713	1.713	0 ms
Numeric time: 1.641	1.641	0 ms
Symbolic time: 1.705	1.705	0 ms
Numeric time: 1.65	1.651	0 ms
Symbolic time: 1.698	1.698	0 ms
Numeric time: 1.63	0.634	0.996 ms
Symbolic time: 1.707	1.707	0 ms
Numeric time: 1.663	1.663	0 ms
Symbolic time: 1.714	1.714	0 ms
Numeric time: 1.685	1.686	0 ms
Symbolic time: 1.702	1.702	0 ms
Numeric time: 1.69	1.691	0 ms
Symbolic time: 1.657	1.657	0 ms
Numeric time: 1.838	0.88	0.958 ms
Symbolic time: 1.745	1.746	0 ms
Numeric time: 1.668	1.643	0.025 ms
Symbolic time: 1.736	1.736	0 ms
Numeric time: 1.669	0.704	0.965 ms
Symbolic time: 1.742	1.742	0 ms
Numeric time: 1.664	1.64	0.026 ms
Symbolic time: 1.724	0.87	0.853 ms
Numeric time: 1.668	1.669	0 ms
Symbolic time: 1.107	1.108	0 ms
Numeric time: 1.046	1.046	0 ms
Symbolic time: 1.101	1.095	0.006 ms
Numeric time: 1.043	1.043	0.003 ms
Symbolic time: 1.103	1.104	0 ms
Numeric time: 1.038	1.038	0 ms
Symbolic time: 1.097	1.097	0 ms
Numeric time: 1.04	1.039	0 ms
Symbolic time: 1.103	1.104	0 ms
Numeric time: 1.038	1.037	0 ms
Symbolic time: 1.095	1.096	0 ms
Numeric time: 1.043	1.044	0 ms
Symbolic time: 1.095	1.095	0 ms
Numeric time: 1.039	1.04	0 ms
Symbolic time: 1.097	1.097	0 ms
Numeric time: 1.042	1.042	0 ms
Symbolic time: 1.096	1.096	0 ms
Numeric time: 1.04	1.04	0 ms
Symbolic time: 1.096	1.097	0 ms
Numeric time: 1.035	1.034	0 ms
Symbolic time: 1.11	1.111	0 ms
Numeric time: 1.038	1.039	0 ms
Symbolic time: 1.095	1.095	0 ms
Numeric time: 1.035	1.036	0 ms
Symbolic time: 1.098	1.097	0 ms
Numeric time: 1.039	1.04	0 ms
Symbolic time: 1.098	1.097	0 ms
Numeric time: 1.036	1.037	0 ms
Symbolic time: 1.097	1.097	0 ms
Numeric time: 1.045	0	1.045 ms
Symbolic time: 1.094	0.286	0.807 ms
Numeric time: 1.041	1.039	0.002 ms
Symbolic time: 1.094	1.088	0.005 ms
Numeric time: 1.034	1.033	0.002 ms
Symbolic time: 1.092	1.086	0.006 ms
Numeric time: 1.033	0.032	1.002 ms
Symbolic time: 1.096	1.091	0.006 ms
Numeric time: 1.04	1.038	0.003 ms
Symbolic time: 1.093	1.094	0 ms
Numeric time: 1.041	1.041	0 ms
Symbolic time: 1.103	1.103	0 ms
Numeric time: 1.042	1.043	0 ms
Symbolic time: 1.096	1.097	0 ms
Numeric time: 1.052	0.069	0.983 ms
Symbolic time: 1.108	1.101	0.007 ms
Numeric time: 1.04	1.038	0.003 ms
Symbolic time: 1.095	1.095	0 ms
Numeric time: 1.046	1.046	0 ms
Symbolic time: 1.102	1.102	0 ms
Numeric time: 1.037	1.036	0 ms
Symbolic time: 1.1	1.1	0 ms
Numeric time: 1.033	1.033	0 ms
Symbolic time: 1.099	1.099	0 ms
Numeric time: 1.038	1.038	0 ms
Symbolic time: 1.098	1.098	0 ms
Numeric time: 1.036	1.036	0 ms
Symbolic time: 1.097	1.097	0 ms
Numeric time: 1.037	1.037	0 ms
Symbolic time: 1.091	1.091	0 ms
Numeric time: 1.039	1.039	0 ms
Symbolic time: 1.104	1.104	0 ms
Numeric time: 1.048	0.058	0.991 ms
Symbolic time: 1.116	1.116	0 ms
Numeric time: 1.042	1.042	0 ms
Symbolic time: 1.098	1.098	0 ms
Numeric time: 1.051	1.051	0 ms
Symbolic time: 1.096	1.096	0 ms
Numeric time: 1.049	1.05	0 ms
Symbolic time: 1.105	1.105	0 ms
Numeric time: 1.057	1.058	0 ms
Symbolic time: 1.105	1.105	0 ms
Numeric time: 1.047	1.047	0 ms
Symbolic time: 1.101	1.101	0 ms
Numeric time: 1.039	1.039	0 ms
Symbolic time: 1.098	1.098	0 ms
Numeric time: 1.033	1.033	0 ms
Symbolic time: 1.095	1.095	0 ms
Numeric time: 1.042	1.043	0 ms
Symbolic time: 1.098	1.095	0.003 ms
Numeric time: 1.049	1.049	0 ms
Symbolic time: 1.094	1.094	0 ms
Numeric time: 1.037	1.038	0 ms
Symbolic time: 1.095	1.095	0 ms
Numeric time: 1.054	0.084	0.971 ms
Symbolic time: 1.096	1.09	0.006 ms
Numeric time: 1.04	1.038	0.002 ms
Symbolic time: 1.1	1.094	0.007 ms
Numeric time: 1.038	1.036	0.003 ms
Symbolic time: 1.099	0.24	0.859 ms
Numeric time: 1.041	1.038	0.002 ms
Symbolic time: 1.101	1.095	0.007 ms
Numeric time: 1.056	1.053	0.003 ms
Symbolic time: 1.095	1.089	0.006 ms
Numeric time: 1.043	1.041	0.003 ms
Symbolic time: 1.103	1.097	0.006 ms
Numeric time: 1.044	1.042	0.003 ms
Symbolic time: 1.105	1.105	0 ms
Numeric time: 1.035	1.036	0 ms
Symbolic time: 1.1	1.099	0 ms
Numeric time: 1.037	1.037	0 ms
Symbolic time: 1.191	1.191	0 ms
Numeric time: 1.046	1.047	0 ms
Symbolic time: 1.108	1.107	0.001 ms
Numeric time: 1.043	0.121	0.921 ms
Symbolic time: 1.096	1.09	0.006 ms
Numeric time: 1.042	1.04	0.003 ms
Symbolic time: 1.099	1.091	0.006 ms
Numeric time: 1.043	1.041	0.003 ms
Symbolic time: 1.103	1.097	0.007 ms
Numeric time: 1.051	1.048	0.004 ms
Symbolic time: 1.22	1.221	0 ms
Numeric time: 1.047	1.048	0 ms
Symbolic time: 1.101	1.101	0 ms
Numeric time: 1.04	1.041	0 ms
Symbolic time: 1.098	1.099	0 ms
Numeric time: 1.049	1.049	0 ms
Symbolic time: 1.102	1.101	0 ms
Numeric time: 1.042	1.041	0.001 ms
Symbolic time: 1.328	1.329	0 ms
Numeric time: 1.755	0.809	0.945 ms
Symbolic time: 1.148	1.14	0.009 ms
Numeric time: 1.047	1.045	0.003 ms
Symbolic time: 1.201	1.189	0.013 ms
Numeric time: 1.047	1.044	0.003 ms
Symbolic time: 1.384	1.384	0 ms
Numeric time: 1.606	1.605	0.001 ms
Symbolic time: 1.664	1.664	0 ms
Numeric time: 1.671	1.672	0 ms
Symbolic time: 1.729	1.729	0 ms
Numeric time: 1.654	1.651	0.002 ms
Symbolic time: 1.717	1.718	0 ms
Numeric time: 1.659	1.66	0 ms
Symbolic time: 1.726	1.726	0 ms
Numeric time: 1.663	1.663	0 ms
Symbolic time: 1.727	1.727	0 ms
Numeric time: 1.655	1.656	0 ms
Symbolic time: 1.733	1.732	0 ms
Numeric time: 1.652	1.651	0 ms
Symbolic time: 1.597	1.598	0 ms
Numeric time: 1.157	1.155	0.003 ms
Symbolic time: 1.158	1.158	0 ms
Numeric time: 1.669	1.67	0 ms
Symbolic time: 1.298	1.299	0 ms
Numeric time: 1.061	1.062	0 ms
Symbolic time: 1.093	1.093	0 ms
Numeric time: 1.038	0.055	0.982 ms
Symbolic time: 1.105	1.098	0.006 ms
Numeric time: 1.045	1.043	0.003 ms
Symbolic time: 1.106	1.106	0 ms
Numeric time: 1.04	1.04	0 ms
Symbolic time: 1.095	1.096	0 ms
Numeric time: 1.039	1.04	0 ms
Symbolic time: 1.097	1.096	0 ms
Numeric time: 1.04	1.04	0 ms
Symbolic time: 1.104	1.105	0 ms
Numeric time: 1.039	1.039	0 ms
Symbolic time: 1.102	1.102	0 ms
Numeric time: 1.039	1.039	0 ms
Symbolic time: 1.095	1.095	0 ms
Numeric time: 1.035	1.035	0 ms
Symbolic time: 1.108	1.108	0 ms
Numeric time: 1.047	0.069	0.977 ms
Symbolic time: 1.103	1.097	0.006 ms
Numeric time: 1.038	1.036	0.002 ms
Symbolic time: 1.114	1.115	0 ms
Numeric time: 1.036	1.036	0 ms
Symbolic time: 1.097	1.098	0 ms
Numeric time: 1.049	1.049	0 ms
Symbolic time: 1.102	1.102	0 ms
Numeric time: 1.044	0.064	0.979 ms
Symbolic time: 1.104	1.097	0.006 ms
Numeric time: 1.049	1.046	0.003 ms
Symbolic time: 1.108	1.108	0 ms
Numeric time: 1.037	1.038	0 ms
Symbolic time: 1.101	1.102	0 ms
Numeric time: 1.049	1.05	0 ms
Symbolic time: 1.097	1.097	0 ms
Numeric time: 1.037	0.06	0.978 ms
Symbolic time: 1.099	1.093	0.007 ms
Numeric time: 1.037	1.034	0.003 ms
Symbolic time: 1.097	1.091	0.006 ms
Numeric time: 1.054	0.131	0.925 ms
Symbolic time: 1.094	1.088	0.006 ms
Numeric time: 1.038	1.036	0.003 ms
Symbolic time: 1.098	1.093	0.006 ms
Numeric time: 1.046	1.044	0.003 ms
Symbolic time: 1.093	1.088	0.006 ms
Numeric time: 1.04	1.038	0.003 ms
Symbolic time: 1.099	1.093	0.006 ms
Numeric time: 1.035	1.033	0.002 ms
Symbolic time: 1.099	0.238	0.861 ms
Numeric time: 1.039	1.037	0.003 ms
Symbolic time: 1.099	1.092	0.006 ms
Numeric time: 1.04	1.038	0.003 ms
Symbolic time: 1.092	1.087	0.006 ms
Numeric time: 1.036	1.034	0.003 ms
Symbolic time: 1.111	1.104	0.007 ms
Numeric time: 1.037	1.035	0.003 ms
Symbolic time: 1.103	1.103	0 ms
Numeric time: 1.05	1.051	0 ms
Symbolic time: 1.096	1.096	0 ms
Numeric time: 1.047	1.047	0 ms
Symbolic time: 1.107	1.107	0 ms
Numeric time: 1.036	0.054	0.983 ms
Symbolic time: 1.104	1.098	0.006 ms
Numeric time: 1.039	1.038	0.002 ms
Symbolic time: 1.104	1.105	0 ms
Numeric time: 1.038	1.038	0 ms
Symbolic time: 1.095	1.094	0 ms
Numeric time: 1.045	1.045	0 ms
Symbolic time: 1.1	1.1	0 ms
Numeric time: 1.035	1.034	0 ms
Symbolic time: 1.098	1.098	0 ms
Numeric time: 1.039	1.04	0 ms
Symbolic time: 1.105	1.105	0 ms
Numeric time: 1.035	1.034	0 ms
Symbolic time: 1.107	1.108	0 ms
Numeric time: 1.041	1.042	0 ms
Symbolic time: 1.099	1.099	0 ms
Numeric time: 1.037	1.037	0 ms
Symbolic time: 1.093	1.093	0 ms
Numeric time: 1.046	1.047	0 ms
Symbolic time: 1.099	1.1	0 ms
Numeric time: 1.041	0.12	0.922 ms
Symbolic time: 1.101	1.095	0.006 ms
Numeric time: 1.042	1.04	0.003 ms
Symbolic time: 1.096	1.09	0.006 ms
Numeric time: 1.038	1.036	0.002 ms
Symbolic time: 1.094	1.089	0.006 ms
Numeric time: 1.042	1.04	0.003 ms
Symbolic time: 1.098	1.092	0.006 ms
Numeric time: 1.048	1.049	0 ms
Symbolic time: 1.102	1.102	0 ms
Numeric time: 1.039	0.083	0.956 ms
Symbolic time: 1.096	1.091	0.006 ms
Numeric time: 1.063	1.059	0.004 ms
Symbolic time: 1.096	1.091	0.006 ms
Numeric time: 1.04	1.038	0.002 ms
Symbolic time: 1.096	1.091	0.006 ms
Numeric time: 1.043	1.04	0.003 ms
Symbolic time: 1.104	1.103	0 ms
Numeric time: 1.044	1.044	0 ms
Symbolic time: 1.105	1.105	0 ms
Numeric time: 1.039	1.039	0 ms
Symbolic time: 1.095	1.095	0 ms
Numeric time: 1.033	1.034	0 ms
Symbolic time: 1.099	1.098	0 ms
Numeric time: 1.041	1.041	0 ms
Symbolic time: 1.095	0.237	0.859 ms
Numeric time: 1.05	1.048	0.003 ms
Symbolic time: 1.096	1.091	0.006 ms
Numeric time: 1.038	0.036	1.002 ms
Symbolic time: 1.098	1.092	0.007 ms
Numeric time: 1.047	1.045	0.003 ms
Symbolic time: 1.096	1.09	0.006 ms
Numeric time: 1.041	1.038	0.002 ms
Symbolic time: 1.107	1.107	0 ms
Numeric time: 1.033	1.034	0 ms
Symbolic time: 1.099	1.099	0 ms
Numeric time: 1.042	1.042	0 ms
Symbolic time: 1.094	1.095	0 ms
Numeric time: 1.037	1.037	0 ms
Symbolic time: 1.094	1.094	0 ms
Numeric time: 1.044	1.044	0 ms
Symbolic time: 1.112	1.112	0 ms
Numeric time: 1.041	1.042	0 ms
Symbolic time: 1.096	1.096	0 ms
Numeric time: 1.046	1.047	0 ms
Symbolic time: 1.104	1.105	0 ms
Numeric time: 1.041	1.041	0 ms
Symbolic time: 1.099	1.1	0 ms
Numeric time: 1.039	1.039	0 ms
Symbolic time: 1.098	1.099	0 ms
Numeric time: 1.052	0.111	0.941 ms
Symbolic time: 1.104	1.097	0.007 ms
Numeric time: 1.041	1.039	0.002 ms
Symbolic time: 1.1	1.093	0.007 ms
Numeric time: 1.047	0.045	1.003 ms
Symbolic time: 1.098	1.092	0.007 ms
Numeric time: 1.039	1.038	0.003 ms
Symbolic time: 1.099	1.093	0.006 ms
Numeric time: 1.037	1.035	0.003 ms
Symbolic time: 1.098	1.098	0 ms
Numeric time: 1.04	1.04	0 ms
Symbolic time: 1.103	1.104	0 ms
Numeric time: 1.041	1.042	0 ms
Symbolic time: 1.094	1.094	0 ms
Numeric time: 1.039	1.038	0 ms
Symbolic time: 1.098	1.099	0 ms
Numeric time: 1.038	1.037	0 ms
Symbolic time: 1.095	0.238	0.858 ms
Numeric time: 1.038	1.036	0.003 ms
Symbolic time: 1.098	1.091	0.006 ms
Numeric time: 1.045	1.042	0.003 ms
Symbolic time: 1.101	1.095	0.006 ms
Numeric time: 1.036	1.034	0.002 ms
Symbolic time: 1.099	1.092	0.006 ms
Numeric time: 1.038	0.036	1.002 ms
Symbolic time: 1.102	1.102	0 ms
Numeric time: 1.043	1.043	0 ms
Symbolic time: 1.102	1.102	0 ms
Numeric time: 1.037	1.037	0 ms
Symbolic time: 1.098	1.098	0 ms
Numeric time: 1.041	1.042	0 ms
Symbolic time: 1.098	1.098	0 ms
Numeric time: 1.037	1.037	0 ms
Symbolic time: 1.115	1.115	0 ms
Numeric time: 1.038	1.04	0 ms
Symbolic time: 1.107	1.107	0 ms
Numeric time: 1.04	1.041	0 ms
Symbolic time: 1.099	1.099	0 ms
Numeric time: 1.048	1.048	0 ms
Symbolic time: 1.098	1.099	0 ms
Numeric time: 1.041	1.041	0 ms
Symbolic time: 1.097	1.096	0.001 ms
Numeric time: 1.046	1.047	0 ms
Symbolic time: 1.105	1.106	0 ms
Numeric time: 1.037	1.037	0 ms
Symbolic time: 1.099	1.099	0 ms
Numeric time: 1.036	0.067	0.97 ms
Symbolic time: 1.095	1.089	0.006 ms
Numeric time: 1.035	1.033	0.002 ms
Symbolic time: 1.096	1.09	0.006 ms
Numeric time: 1.039	1.037	0.002 ms
Symbolic time: 1.097	1.098	0 ms
Numeric time: 1.053	1.052	0 ms
Symbolic time: 1.103	1.103	0 ms
Numeric time: 1.037	1.038	0 ms
Symbolic time: 1.094	1.094	0 ms
Numeric time: 1.044	1.044	0 ms
Symbolic time: 1.104	1.104	0 ms
Numeric time: 1.043	0.045	0.998 ms
Symbolic time: 1.106	1.106	0 ms
Numeric time: 1.04	1.041	0 ms
Symbolic time: 1.1	1.1	0 ms
Numeric time: 1.037	1.038	0 ms
Symbolic time: 1.099	1.099	0 ms
Numeric time: 1.042	1.042	0 ms
Symbolic time: 1.105	1.106	0 ms
Numeric time: 1.038	1.038	0 ms
Symbolic time: 1.097	1.098	0 ms
Numeric time: 1.039	1.039	0 ms
Symbolic time: 1.098	1.098	0 ms
Numeric time: 1.047	1.048	0 ms
Symbolic time: 1.095	1.094	0 ms
Numeric time: 1.049	1.05	0 ms
Symbolic time: 1.105	1.105	0 ms
Numeric time: 1.038	1.038	0 ms
Symbolic time: 1.106	1.107	0 ms
Numeric time: 1.041	1.041	0 ms
Symbolic time: 1.105	1.105	0 ms
Numeric time: 1.039	1.04	0 ms
Symbolic time: 1.099	1.1	0 ms
Numeric time: 1.048	1.049	0 ms
Symbolic time: 1.099	1.099	0 ms
Numeric time: 1.039	1.039	0 ms
Symbolic time: 1.104	1.105	0 ms
Numeric time: 1.038	1.038	0 ms
Symbolic time: 1.102	1.102	0 ms
Numeric time: 1.059	1.06	0 ms
Symbolic time: 1.103	1.103	0 ms
Numeric time: 1.039	1.04	0 ms
Symbolic time: 1.096	1.097	0 ms
Numeric time: 1.048	1.048	0 ms
Symbolic time: 1.108	1.107	0 ms
Numeric time: 1.034	0.112	0.922 ms
Symbolic time: 1.098	1.092	0.006 ms
Numeric time: 1.037	1.036	0.002 ms
Symbolic time: 1.097	1.091	0.006 ms
Numeric time: 1.042	1.039	0.003 ms
Symbolic time: 1.097	1.09	0.006 ms
Numeric time: 1.036	1.034	0.002 ms
Symbolic time: 1.097	1.091	0.006 ms
Numeric time: 1.039	1.037	0.003 ms
Symbolic time: 1.104	1.104	0 ms
Numeric time: 1.045	1.046	0 ms
Symbolic time: 1.099	1.098	0 ms
Numeric time: 1.051	1.051	0 ms
Symbolic time: 1.096	1.097	0 ms
Numeric time: 1.039	1.039	0 ms
Symbolic time: 1.099	1.099	0 ms
Numeric time: 1.036	1.035	0 ms
Symbolic time: 1.107	1.107	0 ms
Numeric time: 1.045	1.045	0 ms
Symbolic time: 1.099	1.099	0 ms
Numeric time: 1.04	1.04	0 ms
Symbolic time: 1.095	1.095	0 ms
Numeric time: 1.045	1.046	0 ms
Symbolic time: 1.094	1.094	0 ms
Numeric time: 1.032	1.033	0 ms
Symbolic time: 1.102	1.103	0 ms
Numeric time: 1.04	1.04	0 ms
Symbolic time: 1.104	1.104	0 ms
Numeric time: 1.034	1.034	0 ms
Symbolic time: 1.098	1.097	0 ms
Numeric time: 1.036	1.037	0 ms
Symbolic time: 1.099	1.099	0 ms
Numeric time: 1.036	1.037	0 ms
Symbolic time: 1.101	1.101	0 ms
Numeric time: 1.046	1.046	0 ms
Symbolic time: 1.096	1.096	0 ms
Numeric time: 1.039	1.04	0 ms
Symbolic time: 1.097	1.096	0 ms
Numeric time: 1.036	1.035	0 ms
Symbolic time: 1.094	1.094	0 ms
Numeric time: 1.039	1.039	0 ms
Symbolic time: 1.095	1.096	0 ms
Numeric time: 1.043	1.043	0 ms
Symbolic time: 1.088	1.088	0 ms
Numeric time: 1.042	1.042	0 ms
Symbolic time: 1.096	1.096	0 ms
Numeric time: 1.04	0.07	0.97 ms
Symbolic time: 1.095	1.09	0.005 ms
Numeric time: 1.06	1.056	0.004 ms
Symbolic time: 1.096	1.09	0.006 ms
Numeric time: 1.043	1.041	0.003 ms
Symbolic time: 1.1	1.099	0 ms
Numeric time: 1.042	1.042	0 ms
Symbolic time: 1.095	1.096	0 ms
Numeric time: 1.038	1.038	0 ms
Symbolic time: 1.101	1.101	0 ms
Numeric time: 1.036	1.036	0 ms
Symbolic time: 1.095	1.095	0 ms
Numeric time: 1.038	1.038	0 ms
Symbolic time: 1.097	1.098	0 ms
Numeric time: 1.037	1.037	0 ms
Symbolic time: 1.098	1.098	0 ms
Numeric time: 1.055	1.055	0 ms
Symbolic time: 1.095	1.095	0 ms
Numeric time: 1.041	1.041	0 ms
Symbolic time: 1.094	1.095	0 ms
Numeric time: 1.045	1.046	0 ms
Symbolic time: 1.11	1.11	0 ms
Numeric time: 1.04	1.04	0 ms
Symbolic time: 1.105	1.105	0 ms
Numeric time: 1.036	1.037	0 ms
Symbolic time: 1.104	1.104	0 ms
Numeric time: 1.045	1.046	0 ms
Symbolic time: 1.103	1.102	0 ms
Numeric time: 1.039	1.04	0 ms
Symbolic time: 1.099	1.099	0 ms
Numeric time: 1.041	1.04	0 ms
Symbolic time: 1.102	1.102	0 ms
Numeric time: 1.038	1.038	0 ms
Symbolic time: 1.092	1.093	0 ms
Numeric time: 1.044	1.044	0 ms
Symbolic time: 1.104	1.103	0 ms
Numeric time: 1.044	1.044	0 ms
Symbolic time: 1.096	1.096	0 ms
Numeric time: 1.045	1.045	0 ms
Symbolic time: 1.101	1.101	0 ms
Numeric time: 1.044	1.044	0 ms
Symbolic time: 1.101	1.101	0 ms
Numeric time: 1.039	1.039	0 ms
Symbolic time: 1.103	1.102	0 ms
Numeric time: 1.046	0.059	0.986 ms
Symbolic time: 1.098	1.092	0.006 ms
Numeric time: 1.037	1.036	0.003 ms
Symbolic time: 1.097	1.097	0 ms
Numeric time: 1.048	1.048	0 ms
Symbolic time: 1.106	1.106	0 ms
Numeric time: 1.038	1.039	0 ms
Symbolic time: 1.098	1.098	0 ms
Numeric time: 1.041	1.041	0 ms
Symbolic time: 1.098	1.098	0 ms
Numeric time: 1.04	1.04	0 ms
Symbolic time: 1.096	1.096	0 ms
Numeric time: 1.039	1.039	0 ms
Symbolic time: 1.104	1.104	0 ms
Numeric time: 1.039	1.039	0 ms
Symbolic time: 1.099	1.099	0 ms
Numeric time: 1.037	1.037	0 ms
Symbolic time: 1.098	1.098	0 ms
Numeric time: 1.037	1.038	0 ms
Symbolic time: 1.103	1.102	0 ms
Numeric time: 1.034	1.035	0 ms
Symbolic time: 1.094	1.094	0 ms
Numeric time: 1.043	1.044	0 ms
Symbolic time: 1.097	1.097	0 ms
Numeric time: 1.038	1.039	0 ms
Symbolic time: 1.091	1.092	0 ms
Numeric time: 1.033	1.033	0 ms
Symbolic time: 1.093	1.093	0 ms
Numeric time: 1.034	0.112	0.922 ms
Symbolic time: 1.096	1.09	0.006 ms
Numeric time: 1.033	1.031	0.002 ms
Symbolic time: 1.094	1.089	0.006 ms
Numeric time: 1.041	1.039	0.002 ms
Symbolic time: 1.094	1.088	0.005 ms
Numeric time: 1.042	1.04	0.002 ms
Symbolic time: 1.098	1.092	0.006 ms
Numeric time: 1.043	1.04	0.002 ms
Symbolic time: 1.104	1.103	0 ms
Numeric time: 1.036	1.036	0 ms
Symbolic time: 1.096	1.096	0 ms
Numeric time: 1.039	1.039	0 ms
Symbolic time: 1.102	1.101	0 ms
Numeric time: 1.037	0.055	0.984 ms
Symbolic time: 1.102	1.096	0.006 ms
Numeric time: 1.048	1.045	0.003 ms
Symbolic time: 1.101	1.101	0 ms
Numeric time: 1.036	1.036	0 ms
Symbolic time: 1.094	1.093	0 ms
Numeric time: 1.051	1.051	0 ms
Symbolic time: 1.098	1.098	0 ms
Numeric time: 1.036	1.036	0 ms
Symbolic time: 1.096	1.096	0 ms
Numeric time: 1.043	1.043	0 ms
Symbolic time: 1.112	1.111	0 ms
Numeric time: 1.035	1.034	0 ms
Symbolic time: 1.095	1.095	0 ms
Numeric time: 1.038	1.038	0 ms
Symbolic time: 1.107	1.107	0 ms
Numeric time: 1.04	1.04	0 ms
Symbolic time: 1.099	1.099	0 ms
Numeric time: 1.039	1.039	0 ms
Symbolic time: 1.102	1.103	0 ms
Numeric time: 1.037	1.037	0 ms
Symbolic time: 1.103	1.103	0 ms
Numeric time: 1.04	1.04	0 ms
Symbolic time: 1.107	1.106	0 ms
Numeric time: 1.044	1.044	0 ms
Symbolic time: 1.099	1.099	0 ms
Numeric time: 1.053	1.054	0 ms
Symbolic time: 1.1	1.101	0 ms
Numeric time: 1.046	1.046	0 ms
Symbolic time: 1.1	1.099	0 ms
Numeric time: 1.048	1.048	0 ms
Symbolic time: 1.098	1.098	0 ms
Numeric time: 1.043	1.043	0 ms
Symbolic time: 1.093	1.093	0 ms
Numeric time: 1.045	1.045	0 ms
Symbolic time: 1.097	1.098	0 ms
Numeric time: 1.044	1.045	0 ms
Symbolic time: 1.097	1.097	0 ms
Numeric time: 1.046	1.046	0 ms
Symbolic time: 1.096	1.096	0 ms
Numeric time: 1.057	1.058	0 ms
Symbolic time: 1.097	1.097	0 ms
Numeric time: 1.038	1.039	0 ms
Symbolic time: 1.63	1.366	0 ms
Numeric time: 1.193	1.193	0 ms
Symbolic time: 1.108	1.108	0 ms
Numeric time: 1.044	1.044	0 ms
Symbolic time: 2.5	2.493	0 ms
Numeric time: 2.774	1.825	0.95 ms
Symbolic time: 2.727	2.727	0 ms
Numeric time: 1.815	1.815	0 ms
Symbolic time: 1.88	1.88	0 ms
Numeric time: 1.813	1.814	0 ms
Symbolic time: 1.883	1.883	0 ms
Numeric time: 1.82	1.805	0.016 ms
Symbolic time: 1.331	0.513	0.818 ms
Numeric time: 1.212	1.2	0.013 ms
Symbolic time: 1.272	1.257	0.016 ms
Numeric time: 1.206	1.207	0 ms
Symbolic time: 1.269	1.269	0 ms
Numeric time: 1.206	1.207	0 ms
Symbolic time: 1.281	1.281	0 ms
Numeric time: 1.172	1.172	0 ms
Symbolic time: 1.097	1.096	0 ms
Numeric time: 1.037	1.037	0 ms
Symbolic time: 1.1	1.1	0 ms
Numeric time: 1.034	1.034	0 ms
Symbolic time: 1.091	1.091	0 ms
Numeric time: 1.034	0.089	0.945 ms
Symbolic time: 1.105	1.099	0.006 ms
Numeric time: 1.039	1.036	0.002 ms
Symbolic time: 1.102	1.095	0.006 ms
Numeric time: 1.042	1.04	0.003 ms
Symbolic time: 1.095	1.089	0.006 ms
Numeric time: 1.053	1.051	0.003 ms
Symbolic time: 1.103	1.097	0.006 ms
Numeric time: 1.032	1.031	0.002 ms
Symbolic time: 1.093	1.092	0 ms
Numeric time: 1.051	1.052	0 ms
Symbolic time: 1.095	1.095	0 ms
Numeric time: 1.034	1.035	0 ms
Symbolic time: 1.095	1.095	0 ms
Numeric time: 1.045	1.046	0 ms
Symbolic time: 1.099	1.099	0 ms
Numeric time: 1.037	1.037	0 ms
Symbolic time: 1.093	1.092	0 ms
Numeric time: 1.04	1.04	0 ms
Symbolic time: 1.1	1.101	0 ms
Numeric time: 1.035	1.036	0 ms
Symbolic time: 1.095	1.095	0 ms
Numeric time: 1.035	1.036	0 ms
Symbolic time: 1.097	1.096	0 ms
Numeric time: 1.039	1.039	0 ms
Symbolic time: 1.104	1.104	0 ms
Numeric time: 1.036	1.037	0 ms
Symbolic time: 1.093	1.093	0 ms
Numeric time: 1.052	0.089	0.963 ms
Symbolic time: 1.099	1.093	0.005 ms
Numeric time: 1.039	1.037	0.002 ms
Symbolic time: 1.094	1.088	0.005 ms
Numeric time: 1.041	1.04	0.002 ms
Symbolic time: 1.099	1.093	0.005 ms
Numeric time: 1.045	1.045	0 ms
Symbolic time: 1.097	1.097	0 ms
Numeric time: 1.039	1.04	0 ms
Symbolic time: 1.094	1.095	0 ms
Numeric time: 1.038	1.038	0 ms
Symbolic time: 1.095	1.095	0 ms
Numeric time: 1.04	1.04	0 ms
Symbolic time: 1.092	1.092	0 ms
Numeric time: 1.032	1.032	0 ms
Symbolic time: 1.094	1.094	0 ms
Numeric time: 1.046	1.046	0 ms
Symbolic time: 1.095	1.095	0 ms
Numeric time: 1.055	1.055	0 ms
Symbolic time: 1.095	1.095	0 ms
Numeric time: 1.037	1.038	0 ms
Symbolic time: 1.096	1.096	0 ms
Numeric time: 1.034	1.034	0 ms
Symbolic time: 1.096	1.096	0 ms
Numeric time: 1.056	1.056	0 ms
Symbolic time: 1.094	1.095	0 ms
Numeric time: 1.033	0.068	0.966 ms
Symbolic time: 1.094	1.089	0.006 ms
Numeric time: 1.051	1.048	0.002 ms
Symbolic time: 1.093	1.089	0.005 ms
Numeric time: 1.048	1.045	0.003 ms
Symbolic time: 1.103	1.103	0 ms
Numeric time: 1.048	1.049	0 ms
Symbolic time: 1.095	1.096	0 ms
Numeric time: 1.036	1.037	0 ms
Symbolic time: 1.094	1.095	0 ms
Numeric time: 1.039	1.039	0 ms
Symbolic time: 1.096	1.096	0 ms
Numeric time: 1.03	1.031	0 ms
Symbolic time: 1.096	1.094	0.002 ms
Numeric time: 1.035	1.035	0 ms
Symbolic time: 1.095	1.095	0 ms
Numeric time: 1.038	1.038	0 ms
Symbolic time: 1.097	1.097	0 ms
Numeric time: 1.037	1.036	0 ms
Symbolic time: 1.095	1.095	0 ms
Numeric time: 1.033	1.034	0 ms
Symbolic time: 1.093	1.092	0 ms
Numeric time: 1.046	1.047	0 ms
Symbolic time: 1.093	0.227	0.866 ms
Numeric time: 1.048	1.047	0.002 ms
Symbolic time: 1.105	1.098	0.006 ms
Numeric time: 1.055	1.052	0.003 ms
Symbolic time: 1.094	1.089	0.005 ms
Numeric time: 1.051	1.048	0.003 ms
Symbolic time: 1.091	1.086	0.005 ms
Numeric time: 1.042	1.04	0.002 ms
Symbolic time: 1.1	1.1	0 ms
Numeric time: 1.042	1.042	0 ms
Symbolic time: 1.094	1.094	0 ms
Numeric time: 1.039	1.039	0 ms
Symbolic time: 1.095	1.095	0 ms
Numeric time: 1.033	1.033	0 ms
Symbolic time: 1.095	1.095	0 ms
Numeric time: 1.041	1.041	0 ms
Symbolic time: 1.099	1.099	0 ms
Numeric time: 1.053	1.054	0 ms
Symbolic time: 1.094	1.094	0 ms
Numeric time: 1.049	1.049	0 ms
Symbolic time: 1.096	1.096	0 ms
Numeric time: 1.04	1.04	0 ms
Symbolic time: 1.097	1.097	0 ms
Numeric time: 1.042	1.043	0 ms
Symbolic time: 1.096	1.096	0 ms
Numeric time: 1.041	1.041	0 ms
Symbolic time: 1.103	1.104	0 ms
Numeric time: 1.032	1.032	0 ms
Symbolic time: 1.096	1.095	0 ms
Numeric time: 1.046	1.046	0 ms
Symbolic time: 1.094	1.095	0 ms
Numeric time: 1.038	1.038	0 ms
Symbolic time: 1.101	1.101	0 ms
Numeric time: 1.036	1.036	0 ms
Symbolic time: 1.096	1.095	0 ms
Numeric time: 1.034	1.034	0 ms
Symbolic time: 1.096	1.096	0 ms
Numeric time: 1.04	1.04	0 ms
Symbolic time: 1.096	1.096	0 ms
Numeric time: 1.034	0.053	0.982 ms
Symbolic time: 1.095	1.09	0.005 ms
Numeric time: 1.054	1.051	0.003 ms
Symbolic time: 1.099	1.1	0 ms
Numeric time: 1.045	1.046	0 ms
Symbolic time: 1.097	1.096	0 ms
Numeric time: 1.039	1.04	0 ms
Symbolic time: 1.096	1.096	0 ms
Numeric time: 1.036	1.036	0 ms
Symbolic time: 1.092	1.091	0 ms
Numeric time: 1.034	1.034	0 ms
Symbolic time: 1.11	1.11	0 ms
Numeric time: 1.035	1.036	0 ms
Symbolic time: 1.095	1.095	0 ms
Numeric time: 1.039	1.04	0 ms
Symbolic time: 1.1	1.099	0 ms
Numeric time: 1.049	1.05	0 ms
Symbolic time: 1.092	1.093	0 ms
Numeric time: 1.052	1.052	0 ms
Symbolic time: 1.104	1.103	0 ms
Numeric time: 1.052	1.052	0 ms
Symbolic time: 1.099	1.1	0 ms
Numeric time: 1.044	1.044	0 ms
Symbolic time: 1.095	1.095	0 ms
Numeric time: 1.05	1.05	0 ms
Symbolic time: 1.096	1.097	0 ms
Numeric time: 1.034	1.034	0 ms
Symbolic time: 1.096	1.096	0 ms
Numeric time: 1.056	1.056	0 ms
Symbolic time: 1.096	1.096	0 ms
Numeric time: 1.035	1.035	0 ms
Symbolic time: 1.094	1.094	0 ms
Numeric time: 1.039	1.039	0 ms
Symbolic time: 1.097	1.097	0 ms
Numeric time: 1.04	1.04	0 ms
Symbolic time: 1.107	1.108	0 ms
Numeric time: 1.06	1.06	0 ms
Symbolic time: 1.095	1.095	0 ms
Numeric time: 1.051	1.051	0 ms
Symbolic time: 1.094	1.094	0 ms
Numeric time: 1.044	1.044	0 ms
Symbolic time: 1.093	1.093	0 ms
Numeric time: 1.048	1.048	0 ms
Symbolic time: 1.107	1.107	0 ms
Numeric time: 1.041	1.041	0 ms
Symbolic time: 1.104	0.236	0.868 ms
Numeric time: 1.045	1.043	0.003 ms
Symbolic time: 1.103	1.098	0.006 ms
Numeric time: 1.035	1.033	0.001 ms
Symbolic time: 1.097	1.093	0.005 ms
Numeric time: 1.033	1.031	0.002 ms
Symbolic time: 1.106	1.101	0.006 ms
Numeric time: 1.046	1.043	0.003 ms
Symbolic time: 1.099	1.1	0 ms
Numeric time: 1.04	1.039	0 ms
Symbolic time: 1.1	1.1	0 ms
Numeric time: 1.059	1.059	0 ms
Symbolic time: 1.094	1.094	0 ms
Numeric time: 1.04	1.041	0 ms
Symbolic time: 1.098	1.099	0 ms
Numeric time: 1.042	1.042	0 ms
Symbolic time: 1.102	1.102	0 ms
Numeric time: 1.044	1.044	0 ms
Symbolic time: 1.096	1.095	0 ms
Numeric time: 1.039	1.04	0 ms
Symbolic time: 1.094	1.094	0 ms
Numeric time: 1.045	1.045	0 ms
Symbolic time: 1.099	1.1	0 ms
Numeric time: 1.036	1.036	0 ms
Symbolic time: 1.098	1.097	0.001 ms
Numeric time: 1.053	0.104	0.949 ms
Symbolic time: 1.103	1.097	0.005 ms
Numeric time: 1.033	0.033	1.001 ms
Symbolic time: 1.096	1.091	0.005 ms
Numeric time: 1.046	1.039	0.002 ms
Symbolic time: 1.094	1.09	0.005 ms
Numeric time: 1.034	1.033	0.002 ms
Symbolic time: 1.103	1.097	0.005 ms
Numeric time: 1.04	1.037	0.002 ms
Symbolic time: 1.097	1.097	0 ms
Numeric time: 1.036	1.037	0 ms
Symbolic time: 1.103	1.103	0 ms
Numeric time: 1.034	1.034	0 ms
Symbolic time: 1.095	1.095	0 ms
Numeric time: 1.033	1.033	0 ms
Symbolic time: 1.094	1.094	0 ms
Numeric time: 1.033	1.034	0 ms
Symbolic time: 1.109	1.109	0 ms
Numeric time: 1.045	1.045	0 ms
Symbolic time: 1.102	1.101	0 ms
Numeric time: 1.032	1.032	0 ms
Symbolic time: 1.107	1.108	0 ms
Numeric time: 1.033	1.033	0 ms
Symbolic time: 1.099	1.099	0 ms
Numeric time: 1.039	1.04	0 ms
Symbolic time: 1.109	1.109	0 ms
Numeric time: 1.032	1.032	0 ms
Symbolic time: 1.096	1.096	0 ms
Numeric time: 1.046	1.046	0 ms
Symbolic time: 1.094	1.094	0 ms
Numeric time: 1.037	1.038	0 ms
Symbolic time: 1.094	1.095	0 ms
Numeric time: 1.035	1.036	0 ms
Symbolic time: 1.1	1.101	0 ms
Numeric time: 1.046	1.046	0 ms
Symbolic time: 1.097	1.097	0 ms
Numeric time: 1.034	1.034	0 ms
Symbolic time: 1.098	1.097	0 ms
Numeric time: 1.031	1.031	0 ms
Symbolic time: 1.105	1.105	0 ms
Numeric time: 1.032	1.032	0 ms
Symbolic time: 1.092	1.092	0 ms
Numeric time: 1.048	1.048	0 ms
Symbolic time: 1.098	1.097	0 ms
Numeric time: 1.034	1.035	0 ms
Symbolic time: 1.096	1.096	0 ms
Numeric time: 1.04	1.04	0 ms
Symbolic time: 1.099	1.099	0 ms
Numeric time: 1.038	1.038	0 ms
Symbolic time: 1.097	1.097	0 ms
Numeric time: 1.037	0.043	0.995 ms
Symbolic time: 1.103	1.103	0 ms
Numeric time: 1.033	1.033	0 ms
Symbolic time: 1.097	1.097	0 ms
Numeric time: 1.036	1.037	0 ms
Symbolic time: 1.095	1.095	0 ms
Numeric time: 1.036	1.036	0 ms
Symbolic time: 1.095	1.095	0 ms
Numeric time: 1.035	1.037	0 ms
Symbolic time: 1.102	1.102	0 ms
Numeric time: 1.039	1.039	0 ms
Symbolic time: 1.096	1.096	0 ms
Numeric time: 1.035	1.035	0 ms
Symbolic time: 1.094	1.095	0 ms
Numeric time: 1.033	1.034	0 ms
Symbolic time: 1.098	1.098	0 ms
Numeric time: 1.04	1.041	0 ms
Symbolic time: 1.097	1.097	0 ms
Numeric time: 1.041	1.041	0 ms
Symbolic time: 1.1	1.1	0 ms
Numeric time: 1.04	1.041	0 ms
Symbolic time: 1.098	1.097	0 ms
Numeric time: 1.034	1.034	0 ms
Symbolic time: 1.096	1.096	0 ms
Numeric time: 1.037	1.038	0 ms
Symbolic time: 1.098	1.098	0 ms
Numeric time: 1.035	1.036	0 ms
Symbolic time: 1.101	1.101	0 ms
Numeric time: 1.029	0.074	0.955 ms
Symbolic time: 1.102	1.096	0.005 ms
Numeric time: 1.033	0.032	1.001 ms
Symbolic time: 1.098	1.092	0.006 ms
Numeric time: 1.05	1.048	0.003 ms
Symbolic time: 1.099	1.095	0.006 ms
Numeric time: 1.03	1.03	0.002 ms
Symbolic time: 1.101	1.101	0 ms
Numeric time: 1.04	1.041	0 ms
Symbolic time: 1.096	1.096	0 ms
Numeric time: 1.032	1.032	0 ms
Symbolic time: 1.098	1.098	0 ms
Numeric time: 1.033	1.033	0 ms
Symbolic time: 1.093	1.093	0 ms
Numeric time: 1.036	1.036	0 ms
Symbolic time: 1.09	1.089	0.001 ms
Numeric time: 1.032	1.03	0.001 ms
Symbolic time: 1.094	1.094	0 ms
Numeric time: 1.033	1.033	0 ms
Symbolic time: 1.094	1.093	0 ms
Numeric time: 1.03	1.031	0 ms
Symbolic time: 1.096	1.097	0 ms
Numeric time: 1.039	1.039	0 ms
Symbolic time: 1.098	1.097	0 ms
Numeric time: 1.032	0.037	0.995 ms
Symbolic time: 1.095	1.096	0 ms
Numeric time: 1.032	1.033	0 ms
Symbolic time: 1.096	1.097	0 ms
Numeric time: 1.04	1.04	0 ms
Symbolic time: 1.096	1.095	0 ms
Numeric time: 1.031	1.032	0 ms
Symbolic time: 1.099	1.098	0 ms
Numeric time: 1.045	1.046	0 ms
Symbolic time: 1.095	1.095	0.001 ms
Numeric time: 1.04	0.108	0.931 ms
Symbolic time: 1.101	1.095	0.005 ms
Numeric time: 1.038	1.037	0.002 ms
Symbolic time: 1.098	1.093	0.005 ms
Numeric time: 1.033	1.032	0.002 ms
Symbolic time: 1.098	1.093	0.005 ms
Numeric time: 1.034	1.033	0.002 ms
Symbolic time: 1.1	1.095	0.005 ms
Numeric time: 1.032	1.03	0.002 ms
Symbolic time: 1.104	1.103	0 ms
Numeric time: 1.038	1.039	0 ms
Symbolic time: 1.094	1.095	0 ms
Numeric time: 1.051	1.052	0 ms
Symbolic time: 1.104	1.104	0 ms
Numeric time: 1.05	1.05	0 ms
Symbolic time: 1.097	1.098	0 ms
Numeric time: 1.045	1.045	0 ms
Symbolic time: 1.1	1.101	0 ms
Numeric time: 1.047	1.047	0 ms
Symbolic time: 1.098	1.098	0 ms
Numeric time: 1.052	1.053	0 ms
Symbolic time: 1.097	1.096	0 ms
Numeric time: 1.036	1.037	0 ms
Symbolic time: 1.095	1.095	0 ms
Numeric time: 1.05	1.051	0 ms
Symbolic time: 1.096	1.096	0 ms
Numeric time: 1.03	0.076	0.955 ms
Symbolic time: 1.105	1.099	0.006 ms
Numeric time: 1.037	1.036	0.002 ms
Symbolic time: 1.096	1.092	0.005 ms
Numeric time: 1.042	1.04	0.002 ms
Symbolic time: 1.099	1.094	0.006 ms
Numeric time: 1.063	1.059	0.004 ms
Symbolic time: 1.102	1.102	0 ms
Numeric time: 1.049	1.049	0 ms
Symbolic time: 1.1	1.101	0 ms
Numeric time: 1.043	1.044	0 ms
Symbolic time: 1.093	1.092	0 ms
Numeric time: 1.044	1.043	0 ms
Symbolic time: 1.102	1.103	0 ms
Numeric time: 1.042	1.042	0 ms
Symbolic time: 1.1	1.099	0 ms
Numeric time: 1.046	1.047	0 ms
Symbolic time: 1.094	1.094	0 ms
Numeric time: 1.036	0.071	0.966 ms
Symbolic time: 1.094	1.089	0.005 ms
Numeric time: 1.034	1.033	0.002 ms
Symbolic time: 1.094	1.089	0.005 ms
Numeric time: 1.042	0.04	1.002 ms
Symbolic time: 1.094	1.09	0.005 ms
Numeric time: 1.042	1.039	0.002 ms
Symbolic time: 1.094	0.225	0.868 ms
Numeric time: 1.058	1.056	0.003 ms
Symbolic time: 1.094	1.09	0.005 ms
Numeric time: 1.04	1.038	0.003 ms
Symbolic time: 1.092	1.086	0.005 ms
Numeric time: 1.039	1.038	0.002 ms
Symbolic time: 1.097	1.092	0.005 ms
Numeric time: 1.041	1.039	0.002 ms
Symbolic time: 1.099	1.099	0 ms
Numeric time: 1.037	1.037	0 ms
Symbolic time: 1.103	1.103	0 ms
Numeric time: 1.046	1.047	0 ms
Symbolic time: 1.096	1.096	0 ms
Numeric time: 1.036	1.036	0 ms
Symbolic time: 1.106	1.107	0 ms
Numeric time: 1.038	1.039	0 ms
Symbolic time: 1.095	1.095	0 ms
Numeric time: 1.037	1.037	0 ms
Symbolic time: 1.1	1.1	0 ms
Numeric time: 1.032	1.032	0 ms
Symbolic time: 1.095	1.094	0 ms
Numeric time: 1.041	1.042	0 ms
Symbolic time: 1.095	1.095	0 ms
Numeric time: 1.035	1.035	0 ms
Symbolic time: 1.095	1.094	0 ms
Numeric time: 1.04	0.09	0.95 ms
Symbolic time: 1.096	1.09	0.005 ms
Numeric time: 1.035	1.033	0.001 ms
Symbolic time: 1.097	1.092	0.005 ms
Numeric time: 1.03	1.03	0.001 ms
Symbolic time: 1.094	1.089	0.005 ms
Numeric time: 1.031	1.03	0.001 ms
Symbolic time: 1.096	1.091	0.005 ms
Numeric time: 1.035	0.034	1.002 ms
Symbolic time: 1.098	1.099	0 ms
Numeric time: 1.033	1.033	0 ms
Symbolic time: 1.095	1.095	0 ms
Numeric time: 1.032	1.033	0 ms
Symbolic time: 1.095	1.095	0 ms
Numeric time: 1.034	0.052	0.983 ms
Symbolic time: 1.096	1.091	0.005 ms
Numeric time: 1.039	1.037	0.003 ms
Symbolic time: 1.101	1.1	0 ms
Numeric time: 1.042	1.042	0 ms
Symbolic time: 1.098	1.098	0 ms
Numeric time: 1.037	1.036	0 ms
Symbolic time: 1.095	1.096	0 ms
Numeric time: 1.039	1.039	0 ms
Symbolic time: 1.091	1.09	0 ms
Numeric time: 1.039	1.04	0 ms
Symbolic time: 1.094	1.093	0.001 ms
Numeric time: 1.036	1.035	0 ms
Symbolic time: 1.094	1.095	0 ms
Numeric time: 1.046	1.046	0 ms
Symbolic time: 1.1	1.1	0 ms
Numeric time: 1.051	1.051	0 ms
Symbolic time: 1.092	1.093	0 ms
Numeric time: 1.05	1.051	0 ms
Symbolic time: 1.094	1.094	0 ms
Numeric time: 1.041	1.04	0 ms
Symbolic time: 1.097	0.228	0.869 ms
Numeric time: 1.044	1.042	0.002 ms
Symbolic time: 1.106	1.1	0.005 ms
Numeric time: 1.04	1.039	0.002 ms
Symbolic time: 1.093	1.088	0.005 ms
Numeric time: 1.04	1.038	0.002 ms
Symbolic time: 1.096	1.091	0.005 ms
Numeric time: 1.048	1.046	0.003 ms
Symbolic time: 1.094	1.094	0 ms
Numeric time: 1.034	1.035	0 ms
Symbolic time: 1.102	1.102	0 ms
Numeric time: 1.039	1.039	0 ms
Symbolic time: 1.099	1.099	0 ms
Numeric time: 1.043	1.043	0 ms
Symbolic time: 1.108	1.108	0 ms
Numeric time: 1.055	1.055	0 ms
Symbolic time: 1.096	0.228	0.867 ms
Numeric time: 1.05	1.047	0.003 ms
Symbolic time: 1.103	1.099	0.006 ms
Numeric time: 1.042	1.04	0.003 ms
Symbolic time: 1.098	1.092	0.005 ms
Numeric time: 1.044	1.042	0.002 ms
Symbolic time: 1.107	1.101	0.006 ms
Numeric time: 1.039	1.037	0.002 ms
Symbolic time: 1.099	1.099	0 ms
Numeric time: 1.045	1.045	0 ms
Symbolic time: 1.1	1.1	0 ms
Numeric time: 1.034	1.033	0 ms
Symbolic time: 1.094	1.094	0 ms
Numeric time: 1.035	1.035	0 ms
Symbolic time: 1.095	1.095	0 ms
Numeric time: 1.043	1.043	0 ms
Symbolic time: 1.111	1.11	0 ms
Numeric time: 1.042	1.042	0 ms
Symbolic time: 1.104	1.104	0 ms
Numeric time: 1.049	1.049	0 ms
Symbolic time: 1.093	1.093	0 ms
Numeric time: 1.039	1.039	0 ms
Symbolic time: 1.098	1.098	0 ms
Numeric time: 1.04	1.04	0 ms
Symbolic time: 1.095	1.095	0 ms
Numeric time: 1.044	0.095	0.949 ms
Symbolic time: 1.092	1.088	0.005 ms
Numeric time: 1.037	1.035	0.002 ms
Symbolic time: 1.094	1.089	0.005 ms
Numeric time: 1.042	1.04	0.003 ms
Symbolic time: 1.1	1.094	0.005 ms
Numeric time: 1.039	1.036	0.002 ms
Symbolic time: 1.107	1.102	0.005 ms
Numeric time: 1.035	1.033	0.002 ms
Symbolic time: 1.096	1.096	0 ms
Numeric time: 1.037	1.037	0 ms
Symbolic time: 1.1	1.1	0 ms
Numeric time: 1.03	1.03	0 ms
Symbolic time: 1.092	1.092	0 ms
Numeric time: 1.036	1.036	0 ms
Symbolic time: 1.1	1.101	0 ms
Numeric time: 1.036	1.037	0 ms
Symbolic time: 1.099	1.099	0 ms
Numeric time: 1.03	1.03	0 ms
Symbolic time: 1.104	1.104	0 ms
Numeric time: 1.033	0.067	0.967 ms
Symbolic time: 1.1	1.095	0.005 ms
Numeric time: 1.031	1.03	0.001 ms
Symbolic time: 1.1	1.095	0.005 ms
Numeric time: 1.036	1.034	0.002 ms
Symbolic time: 1.097	1.091	0.005 ms
Numeric time: 1.05	1.051	0 ms
Symbolic time: 1.099	1.099	0 ms
Numeric time: 1.034	1.035	0 ms
Symbolic time: 1.103	1.103	0 ms
Numeric time: 1.03	0.057	0.974 ms
Symbolic time: 1.1	1.095	0.005 ms
Numeric time: 1.035	1.033	0.002 ms
Symbolic time: 1.097	1.092	0.006 ms
Numeric time: 1.034	0.032	1.002 ms
Symbolic time: 1.098	1.098	0 ms
Numeric time: 1.031	1.031	0 ms
Symbolic time: 1.096	1.096	0 ms
Numeric time: 1.031	1.031	0 ms
Symbolic time: 1.098	1.098	0 ms
Numeric time: 1.04	1.042	0 ms
Symbolic time: 1.101	1.101	0 ms
Numeric time: 1.052	1.052	0 ms
Symbolic time: 1.103	1.102	0 ms
Numeric time: 1.034	1.034	0 ms
Symbolic time: 1.093	1.093	0 ms
Numeric time: 1.044	1.045	0 ms
Symbolic time: 1.095	1.095	0 ms
Numeric time: 1.031	1.032	0 ms
Symbolic time: 1.092	1.092	0 ms
Numeric time: 1.043	1.044	0 ms
Symbolic time: 1.109	1.109	0 ms
Numeric time: 1.032	1.033	0 ms
Symbolic time: 1.095	1.095	0 ms
Numeric time: 1.03	1.03	0 ms
Symbolic time: 1.095	1.095	0 ms
Numeric time: 1.031	1.032	0 ms
Symbolic time: 1.096	1.096	0 ms
Numeric time: 1.034	1.034	0 ms
Symbolic time: 1.104	1.104	0 ms
Numeric time: 1.039	1.039	0 ms
Symbolic time: 1.094	1.093	0 ms
Numeric time: 1.04	1.04	0 ms
Symbolic time: 1.093	1.093	0 ms
Numeric time: 1.031	1.031	0 ms
Symbolic time: 1.095	1.095	0 ms
Numeric time: 1.041	1.041	0 ms
Symbolic time: 1.097	1.097	0 ms
Numeric time: 1.031	1.031	0 ms
Symbolic time: 1.1	1.1	0 ms
Numeric time: 1.039	1.039	0 ms
Symbolic time: 1.106	1.106	0 ms
Numeric time: 1.037	1.037	0 ms
Symbolic time: 1.095	1.095	0 ms
Numeric time: 1.035	1.035	0 ms
Symbolic time: 1.095	1.095	0 ms
Numeric time: 1.029	0.04	0.99 ms
Symbolic time: 1.097	1.092	0.005 ms
Numeric time: 1.037	0.089	0.948 ms
Symbolic time: 1.098	1.092	0.005 ms
Numeric time: 1.034	1.032	0.001 ms
Symbolic time: 1.095	1.09	0.005 ms
Numeric time: 1.036	1.034	0.002 ms
Symbolic time: 1.098	1.093	0.005 ms
Numeric time: 1.036	1.034	0.002 ms
Symbolic time: 1.096	1.091	0.006 ms
Numeric time: 1.032	1.031	0.002 ms
Symbolic time: 1.097	1.097	0 ms
Numeric time: 1.037	1.038	0 ms
Symbolic time: 1.095	1.096	0 ms
Numeric time: 1.031	1.031	0 ms
Symbolic time: 1.09	1.09	0 ms
Numeric time: 1.034	0.052	0.983 ms
Symbolic time: 1.199	1.19	0.011 ms
Numeric time: 1.117	1.118	0 ms
Symbolic time: 1.097	1.097	0 ms
Numeric time: 1.034	1.035	0 ms
Symbolic time: 1.095	1.095	0 ms
Numeric time: 1.041	1.042	0 ms
Symbolic time: 1.099	1.099	0 ms
Numeric time: 1.042	1.042	0 ms
Symbolic time: 1.093	1.093	0 ms
Numeric time: 1.036	1.035	0.002 ms
Symbolic time: 1.103	1.103	0 ms
Numeric time: 1.033	1.033	0 ms
Symbolic time: 1.094	1.094	0 ms
Numeric time: 1.032	1.032	0 ms
Symbolic time: 1.096	1.096	0 ms
Numeric time: 1.029	1.03	0 ms
Symbolic time: 1.096	1.096	0 ms
Numeric time: 1.041	1.04	0 ms
Symbolic time: 1.096	1.096	0 ms
Numeric time: 1.048	1.048	0 ms
Symbolic time: 1.097	1.097	0 ms
Numeric time: 1.051	1.052	0 ms
Symbolic time: 1.093	1.093	0 ms
Numeric time: 1.043	1.043	0 ms
Symbolic time: 1.099	1.099	0 ms
Numeric time: 1.043	1.044	0 ms
Symbolic time: 1.099	1.1	0 ms
Numeric time: 1.045	1.046	0 ms
Symbolic time: 1.095	1.095	0 ms
Numeric time: 1.036	1.036	0 ms
Symbolic time: 1.093	1.093	0 ms
Numeric time: 1.053	0.075	0.978 ms
Symbolic time: 1.095	1.09	0.005 ms
Numeric time: 1.034	1.032	0.002 ms
Symbolic time: 1.1	1.094	0.005 ms
Numeric time: 1.055	1.055	0 ms
Symbolic time: 1.101	1.101	0 ms
Numeric time: 1.041	1.041	0 ms
Symbolic time: 1.096	1.097	0 ms
Numeric time: 1.058	1.059	0 ms
Symbolic time: 1.093	1.093	0 ms
Numeric time: 1.045	0.057	0.988 ms
Symbolic time: 1.106	1.101	0.006 ms
Numeric time: 1.051	1.052	0 ms
Symbolic time: 1.097	1.096	0 ms
Numeric time: 1.04	1.041	0 ms
Symbolic time: 1.097	1.098	0 ms
Numeric time: 1.038	0.065	0.974 ms
Symbolic time: 1.094	1.089	0.005 ms
Numeric time: 1.044	1.042	0.003 ms
Symbolic time: 1.093	1.089	0.005 ms
Numeric time: 1.033	1.032	0.002 ms
Symbolic time: 1.096	1.095	0 ms
Numeric time: 1.031	1.031	0 ms
Symbolic time: 1.097	1.097	0 ms
Numeric time: 1.038	1.037	0 ms
Symbolic time: 1.094	1.094	0 ms
Numeric time: 1.044	1.044	0 ms
Symbolic time: 1.093	1.093	0 ms
Numeric time: 1.047	1.047	0 ms
Symbolic time: 1.097	1.097	0 ms
Numeric time: 1.036	1.036	0 ms
Symbolic time: 1.091	1.091	0 ms
Numeric time: 1.043	1.043	0 ms
Symbolic time: 1.094	1.094	0 ms
Numeric time: 1.039	1.039	0 ms
Symbolic time: 1.095	1.095	0 ms
Numeric time: 1.041	1.041	0 ms
Symbolic time: 1.094	1.094	0.001 ms
Numeric time: 1.046	1.047	0 ms
Symbolic time: 1.101	1.1	0 ms
Numeric time: 1.045	1.046	0 ms
Symbolic time: 1.1	1.1	0 ms
Numeric time: 1.036	1.036	0 ms
Symbolic time: 1.094	1.095	0 ms
Numeric time: 1.033	1.034	0 ms
Symbolic time: 1.098	1.098	0 ms
Numeric time: 1.039	1.039	0 ms
Symbolic time: 1.106	1.105	0 ms
Numeric time: 1.036	1.035	0 ms
Symbolic time: 1.096	1.096	0 ms
Numeric time: 1.039	1.038	0 ms
Symbolic time: 1.095	1.096	0 ms
Numeric time: 1.039	1.04	0 ms
Symbolic time: 1.1	1.1	0 ms
Numeric time: 1.04	1.041	0 ms
Symbolic time: 1.102	1.102	0 ms
Numeric time: 1.036	1.037	0 ms
Symbolic time: 1.096	1.095	0 ms
Numeric time: 1.03	1.03	0 ms
Symbolic time: 1.096	1.095	0 ms
Numeric time: 1.038	1.039	0 ms
Symbolic time: 1.096	1.096	0 ms
Numeric time: 1.035	1.036	0 ms
Symbolic time: 1.104	1.104	0 ms
Numeric time: 1.041	1.042	0 ms
Symbolic time: 1.096	1.097	0 ms
Numeric time: 1.034	1.035	0 ms
Symbolic time: 1.099	1.099	0 ms
Numeric time: 1.039	1.04	0 ms
Symbolic time: 1.097	1.098	0 ms
Numeric time: 1.044	1.045	0 ms
Symbolic time: 1.103	1.102	0 ms
Numeric time: 1.038	1.037	0 ms
Symbolic time: 1.096	1.095	0 ms
Numeric time: 1.029	1.029	0 ms
Symbolic time: 1.103	1.103	0 ms
Numeric time: 1.036	1.037	0 ms
Symbolic time: 1.096	1.097	0 ms
Numeric time: 1.033	1.033	0 ms
Symbolic time: 1.097	1.097	0 ms
Numeric time: 1.039	1.04	0 ms
Symbolic time: 1.1	1.1	0 ms
Numeric time: 1.048	1.048	0 ms
Symbolic time: 1.099	1.1	0 ms
Numeric time: 1.049	1.049	0 ms
Symbolic time: 1.095	1.094	0 ms
Numeric time: 1.046	1.046	0 ms
Symbolic time: 1.096	1.096	0 ms
Numeric time: 1.046	1.046	0 ms
Symbolic time: 1.099	1.099	0 ms
Numeric time: 1.04	1.041	0 ms
Symbolic time: 1.095	1.096	0 ms
Numeric time: 1.04	1.04	0 ms
Symbolic time: 1.095	1.096	0 ms
Numeric time: 1.049	0.07	0.979 ms
Symbolic time: 1.098	1.093	0.005 ms
Numeric time: 1.042	1.04	0.002 ms
Symbolic time: 1.105	1.104	0 ms
Numeric time: 1.042	1.042	0 ms
Symbolic time: 1.098	1.099	0 ms
Numeric time: 1.043	1.043	0 ms
Symbolic time: 1.094	1.094	0 ms
Numeric time: 1.058	0.076	0.982 ms
Symbolic time: 1.1	1.095	0.005 ms
Numeric time: 1.049	1.047	0.002 ms
Symbolic time: 1.108	1.102	0.005 ms
Numeric time: 1.048	1.048	0 ms
Symbolic time: 1.096	1.096	0 ms
Numeric time: 1.046	1.047	0 ms
Symbolic time: 1.096	1.096	0 ms
Numeric time: 1.054	1.054	0 ms
Symbolic time: 1.102	1.102	0 ms
Numeric time: 1.049	1.049	0 ms
Symbolic time: 1.105	1.105	0 ms
Numeric time: 1.053	1.054	0 ms
Symbolic time: 1.098	1.099	0 ms
Numeric time: 1.037	1.037	0 ms
Symbolic time: 1.094	1.094	0 ms
Numeric time: 1.038	1.039	0 ms
Symbolic time: 1.098	1.099	0 ms
Numeric time: 1.04	1.04	0 ms
Symbolic time: 1.1	1.1	0 ms
Numeric time: 1.052	1.052	0 ms
Symbolic time: 1.109	0.238	0.871 ms
Numeric time: 1.035	1.034	0.002 ms
Symbolic time: 1.091	1.086	0.004 ms
Numeric time: 1.04	1.038	0.002 ms
Symbolic time: 1.094	1.088	0.005 ms
Numeric time: 1.052	1.049	0.003 ms
Symbolic time: 1.099	1.094	0.005 ms
Numeric time: 1.046	1.044	0.002 ms
Symbolic time: 1.092	1.092	0 ms
Numeric time: 1.042	1.043	0 ms
Symbolic time: 1.097	1.098	0 ms
Numeric time: 1.043	1.043	0 ms
Symbolic time: 1.1	1.099	0 ms
Numeric time: 1.033	1.032	0 ms
Symbolic time: 1.106	1.106	0 ms
Numeric time: 1.038	1.038	0 ms
Symbolic time: 1.098	1.098	0 ms
Numeric time: 1.032	1.032	0 ms
Symbolic time: 1.105	1.105	0 ms
Numeric time: 1.032	1.033	0 ms
Symbolic time: 1.097	1.097	0 ms
Numeric time: 1.04	1.04	0 ms
Symbolic time: 1.094	1.094	0 ms
Numeric time: 1.036	1.036	0 ms
Symbolic time: 1.103	1.103	0 ms
Numeric time: 1.036	1.037	0 ms
Symbolic time: 1.102	1.102	0 ms
Numeric time: 1.037	1.037	0 ms
Symbolic time: 1.094	1.094	0 ms
Numeric time: 1.042	1.042	0 ms
Symbolic time: 1.097	1.097	0 ms
Numeric time: 1.036	1.037	0 ms
Symbolic time: 1.097	1.098	0 ms
Numeric time: 1.036	1.036	0 ms
Symbolic time: 2.156	2.149	0 ms
Numeric time: 3.314	3.316	0 ms
Symbolic time: 3.355	3.355	0 ms
Numeric time: 2.825	2.825	0 ms
Symbolic time: 2.885	2.885	0 ms
Numeric time: 2.737	2.737	0 ms
Symbolic time: 2.386	2.386	0 ms
Numeric time: 1.822	1.823	0 ms
Symbolic time: 1.916	1.916	0 ms
Numeric time: 1.79	1.79	0 ms
Symbolic time: 1.891	1.89	0 ms
Numeric time: 1.701	1.701	0 ms
Symbolic time: 1.246	1.247	0 ms
Numeric time: 1.179	1.18	0 ms
Symbolic time: 1.253	1.252	0 ms
Numeric time: 1.184	1.184	0 ms
Symbolic time: 1.248	1.248	0 ms
Numeric time: 1.193	1.192	0 ms
Symbolic time: 1.261	1.26	0 ms
Numeric time: 1.137	1.138	0 ms
Symbolic time: 1.112	1.112	0 ms
Numeric time: 1.058	1.059	0 ms
Symbolic time: 1.105	1.104	0 ms
Numeric time: 1.06	1.061	0 ms
Symbolic time: 1.103	1.103	0 ms
Numeric time: 1.063	1.062	0 ms
Symbolic time: 1.105	1.105	0 ms
Numeric time: 1.064	1.064	0 ms
Symbolic time: 1.103	1.103	0 ms
Numeric time: 1.064	1.065	0 ms
Symbolic time: 1.102	1.103	0 ms
Numeric time: 1.048	1.049	0 ms
Symbolic time: 1.104	1.103	0 ms
Numeric time: 1.05	0.117	0.933 ms
Symbolic time: 1.103	1.098	0.005 ms
Numeric time: 1.046	1.044	0.002 ms
Symbolic time: 1.102	1.097	0.005 ms
Numeric time: 1.055	1.052	0.003 ms
Symbolic time: 1.101	1.097	0.005 ms
Numeric time: 1.048	1.045	0.002 ms
Symbolic time: 1.113	1.113	0 ms
Numeric time: 1.064	1.065	0 ms
Symbolic time: 1.101	1.101	0 ms
Numeric time: 1.057	1.058	0 ms
Symbolic time: 1.102	1.102	0 ms
Numeric time: 1.058	1.058	0 ms
Symbolic time: 1.111	1.111	0 ms
Numeric time: 1.045	0.047	0.999 ms
Symbolic time: 1.107	1.108	0 ms
Numeric time: 1.054	1.054	0 ms
Symbolic time: 1.105	1.105	0 ms
Numeric time: 1.055	1.055	0 ms
Symbolic time: 1.103	1.103	0 ms
Numeric time: 1.044	1.044	0 ms
Symbolic time: 1.111	1.111	0 ms
Numeric time: 1.051	1.051	0 ms
Symbolic time: 1.107	0.244	0.863 ms
Numeric time: 1.047	1.045	0.002 ms
Symbolic time: 1.101	1.096	0.005 ms
Numeric time: 1.054	1.052	0.002 ms
Symbolic time: 1.104	1.098	0.005 ms
Numeric time: 1.049	1.047	0.002 ms
Symbolic time: 1.104	1.099	0.005 ms
Numeric time: 1.043	1.041	0.002 ms
Symbolic time: 1.103	1.103	0 ms
Numeric time: 1.053	1.053	0 ms
Symbolic time: 1.103	1.103	0 ms
Numeric time: 1.044	1.044	0 ms
Symbolic time: 1.105	1.105	0 ms
Numeric time: 1.052	1.052	0 ms
Symbolic time: 1.101	1.101	0 ms
Numeric time: 1.044	0.045	1.001 ms
Symbolic time: 1.103	1.104	0 ms
Numeric time: 1.047	1.048	0 ms
Symbolic time: 1.101	1.101	0 ms
Numeric time: 1.058	1.058	0 ms
Symbolic time: 1.104	1.104	0 ms
Numeric time: 1.045	1.045	0 ms
Symbolic time: 1.101	1.102	0 ms
Numeric time: 1.045	1.044	0.001 ms
Symbolic time: 1.1	0.233	0.867 ms
Numeric time: 1.05	1.047	0.002 ms
Symbolic time: 1.101	1.095	0.006 ms
Numeric time: 1.05	1.048	0.003 ms
Symbolic time: 1.099	1.094	0.005 ms
Numeric time: 1.049	1.046	0.003 ms
Symbolic time: 1.108	1.104	0.006 ms
Numeric time: 1.054	1.053	0 ms
Symbolic time: 1.103	1.103	0 ms
Numeric time: 1.046	1.047	0 ms
Symbolic time: 1.111	1.111	0 ms
Numeric time: 1.048	1.048	0 ms
Symbolic time: 1.1	1.101	0 ms
Numeric time: 1.047	1.048	0 ms
Symbolic time: 1.107	1.107	0.001 ms
Numeric time: 1.057	1.057	0 ms
Symbolic time: 1.107	1.108	0 ms
Numeric time: 1.045	0.081	0.965 ms
Symbolic time: 1.108	1.103	0.006 ms
Numeric time: 1.044	1.042	0.003 ms
Symbolic time: 1.102	1.098	0.005 ms
Numeric time: 1.046	0.043	1.002 ms
Symbolic time: 1.112	1.112	0 ms
Numeric time: 1.05	1.05	0 ms
Symbolic time: 1.103	1.103	0 ms
Numeric time: 1.05	1.05	0 ms
Symbolic time: 1.103	1.103	0 ms
Numeric time: 1.048	0.064	0.984 ms
Symbolic time: 1.102	1.096	0.006 ms
Numeric time: 1.048	1.046	0.003 ms
Symbolic time: 1.108	1.109	0 ms
Numeric time: 1.047	1.048	0 ms
Symbolic time: 1.103	1.102	0 ms
Numeric time: 1.046	1.046	0 ms
Symbolic time: 1.105	1.106	0 ms
Numeric time: 1.048	0.065	0.984 ms
Symbolic time: 1.104	1.098	0.005 ms
Numeric time: 1.048	1.047	0.003 ms

Symbolic time: 1.13918 ms
Numeric time: 1.08097 ms
