Symbolic time: 3.551	3.548	0 ms
Numeric time: 0.741	0.742	0 ms
Symbolic time: 3.172	2.181	0.99 ms
Numeric time: 0.61	0.584	0.025 ms
Symbolic time: 3.12	3.12	0 ms
Numeric time: 0.561	0.562	0 ms
Symbolic time: 3.112	3.111	0 ms
Numeric time: 0.558	0.557	0 ms
Symbolic time: 3.105	3.105	0 ms
Numeric time: 0.563	0.563	0 ms
Symbolic time: 3.102	3.103	0 ms
Numeric time: 0.55	0.549	0 ms
Symbolic time: 3.104	3.104	0 ms
Numeric time: 0.565	0.565	0 ms
Symbolic time: 3.111	3.111	0 ms
Numeric time: 0.559	0.559	0 ms
Symbolic time: 3.106	3.106	0 ms
Numeric time: 0.56	0.561	0 ms
Symbolic time: 3.102	3.102	0 ms
Numeric time: 0.568	0.569	0 ms
Symbolic time: 3.108	3.109	0 ms
Numeric time: 0.561	0.562	0 ms
Symbolic time: 3.112	3.112	0 ms
Numeric time: 0.565	0.565	0 ms
Symbolic time: 3.105	3.105	0 ms
Numeric time: 0.553	0.553	0 ms
Symbolic time: 3.108	3.108	0 ms
Numeric time: 0.565	0.565	0 ms
Symbolic time: 3.12	3.12	0 ms
Numeric time: 0.554	0.558	0 ms
Symbolic time: 3.112	3.112	0 ms
Numeric time: 0.562	0.562	0 ms
Symbolic time: 3.106	3.106	0 ms
Numeric time: 0.559	0.559	0 ms
Symbolic time: 3.108	3.109	0 ms
Numeric time: 0.567	0.567	0 ms
Symbolic time: 3.107	3.107	0 ms
Numeric time: 0.556	0.556	0 ms
Symbolic time: 3.107	3.107	0 ms
Numeric time: 0.566	0.566	0 ms
Symbolic time: 3.111	3.111	0 ms
Numeric time: 0.558	0.558	0 ms
Symbolic time: 3.102	3.103	0 ms
Numeric time: 0.562	0.562	0 ms
Symbolic time: 3.096	3.096	0 ms
Numeric time: 0.561	0	0.561 ms
Symbolic time: 3.11	2.723	0.388 ms
Numeric time: 0.558	0.559	0 ms
Symbolic time: 3.106	3.106	0 ms
Numeric time: 0.56	0.555	0.005 ms
Symbolic time: 3.114	3.114	0 ms
Numeric time: 0.553	0.554	0 ms
Symbolic time: 3.105	3.105	0 ms
Numeric time: 0.564	0.564	0 ms
Symbolic time: 3.109	3.108	0 ms
Numeric time: 0.557	0.557	0 ms
Symbolic time: 3.114	3.113	0 ms
Numeric time: 0.568	0.568	0 ms
Symbolic time: 3.114	3.113	0 ms
Numeric time: 0.556	0.556	0 ms
Symbolic time: 3.105	3.106	0 ms
Numeric time: 0.566	0.566	0 ms
Symbolic time: 3.108	3.109	0 ms
Numeric time: 0.551	0.552	0 ms
Symbolic time: 3.11	3.11	0 ms
Numeric time: 0.563	0.564	0 ms
Symbolic time: 3.111	3.111	0 ms
Numeric time: 0.558	0.559	0 ms
Symbolic time: 3.121	3.122	0 ms
Numeric time: 0.558	0.558	0 ms
Symbolic time: 3.103	3.104	0 ms
Numeric time: 0.559	0.558	0 ms
Symbolic time: 3.117	3.116	0 ms
Numeric time: 0.559	0.558	0 ms
Symbolic time: 3.107	3.107	0 ms
Numeric time: 0.565	0.565	0 ms
Symbolic time: 3.112	3.111	0 ms
Numeric time: 0.553	0.554	0 ms
Symbolic time: 3.104	3.104	0 ms
Numeric time: 0.567	0.568	0 ms
Symbolic time: 3.105	3.105	0 ms
Numeric time: 0.555	0.555	0 ms
Symbolic time: 3.112	3.112	0 ms
Numeric time: 0.564	0.564	0 ms
Symbolic time: 3.099	3.1	0 ms
Numeric time: 0.56	0.56	0 ms
Symbolic time: 3.241	3.242	0 ms
Numeric time: 0.572	0.572	0 ms
Symbolic time: 3.114	3.114	0 ms
Numeric time: 0.56	0.56	0 ms
Symbolic time: 3.115	3.116	0 ms
Numeric time: 0.564	0.564	0 ms
Symbolic time: 3.105	3.105	0 ms
Numeric time: 0.562	0.562	0 ms
Symbolic time: 3.107	3.107	0 ms
Numeric time: 0.57	0.571	0 ms
Symbolic time: 3.103	3.104	0 ms
Numeric time: 0.552	0.553	0 ms
Symbolic time: 3.105	3.104	0 ms
Numeric time: 0.566	0.566	0 ms
Symbolic time: 3.102	3.102	0 ms
Numeric time: 0.567	0.567	0 ms
Symbolic time: 3.097	3.097	0 ms
Numeric time: 0.555	0.556	0 ms
Symbolic time: 3.118	3.118	0 ms
Numeric time: 0.561	0.562	0 ms
Symbolic time: 3.141	3.141	0 ms
Numeric time: 0.559	0.559	0 ms
Symbolic time: 3.113	3.112	0 ms
Numeric time: 0.563	0.564	0 ms
Symbolic time: 3.111	3.111	0 ms
Numeric time: 0.554	0.554	0 ms
Symbolic time: 3.108	3.108	0 ms
Numeric time: 0.567	0.567	0 ms
Symbolic time: 3.102	3.102	0 ms
Numeric time: 0.561	0.56	0 ms
Symbolic time: 3.104	3.105	0 ms
Numeric time: 0.563	0.563	0 ms
Symbolic time: 3.105	3.105	0 ms
Numeric time: 0.558	0.559	0 ms
Symbolic time: 3.106	3.106	0 ms
Numeric time: 0.566	0.566	0 ms
Symbolic time: 3.112	3.112	0 ms
Numeric time: 0.554	0.554	0 ms
Symbolic time: 3.105	3.105	0 ms
Numeric time: 0.566	0.566	0 ms
Symbolic time: 3.108	3.109	0 ms
Numeric time: 0.561	0.56	0 ms
Symbolic time: 3.106	3.106	0 ms
Numeric time: 0.556	0.556	0 ms
Symbolic time: 3.108	3.108	0 ms
Numeric time: 0.558	0.558	0 ms
Symbolic time: 3.109	3.11	0 ms
Numeric time: 0.559	0.558	0 ms
Symbolic time: 3.104	3.105	0 ms
Numeric time: 0.568	0.568	0 ms
Symbolic time: 3.105	3.104	0 ms
Numeric time: 0.553	0.553	0 ms
Symbolic time: 3.105	3.105	0 ms
Numeric time: 0.564	0.564	0 ms
Symbolic time: 3.108	3.108	0 ms
Numeric time: 0.564	0.564	0 ms
Symbolic time: 3.103	3.103	0 ms
Numeric time: 0.564	0.564	0 ms
Symbolic time: 3.115	3.116	0 ms
Numeric time: 0.559	0.559	0 ms
Symbolic time: 3.108	3.108	0 ms
Numeric time: 0.566	0.566	0 ms
Symbolic time: 3.092	3.093	0 ms
Numeric time: 0.551	0.551	0 ms
Symbolic time: 3.091	3.091	0 ms
Numeric time: 0.557	0.557	0 ms
Symbolic time: 3.093	3.094	0 ms
Numeric time: 0.558	0.558	0 ms
Symbolic time: 3.082	3.082	0 ms
Numeric time: 0.552	0.553	0 ms
Symbolic time: 3.093	3.094	0 ms
Numeric time: 0.552	0	0.552 ms
Symbolic time: 3.087	2.679	0.407 ms
Numeric time: 0.555	0.556	0 ms
Symbolic time: 3.079	3.079	0 ms
Numeric time: 0.554	0.551	0.002 ms
Symbolic time: 3.093	3.093	0.001 ms
Numeric time: 0.551	0	0.551 ms
Symbolic time: 3.084	2.667	0.417 ms
Numeric time: 0.557	0.558	0 ms
Symbolic time: 3.089	3.088	0 ms
Numeric time: 0.551	0.548	0.003 ms
Symbolic time: 3.083	3.081	0.001 ms
Numeric time: 0.554	0.554	0 ms
Symbolic time: 3.086	3.086	0 ms
Numeric time: 0.558	0.558	0 ms
Symbolic time: 3.083	3.084	0 ms
Numeric time: 0.553	0.553	0 ms
Symbolic time: 3.076	3.076	0 ms
Numeric time: 0.558	0.558	0 ms
Symbolic time: 3.085	3.085	0 ms
Numeric time: 0.555	0.556	0 ms
Symbolic time: 3.081	3.081	0 ms
Numeric time: 0.554	0.554	0 ms
Symbolic time: 3.09	3.09	0 ms
Numeric time: 0.555	0.556	0 ms
Symbolic time: 3.088	3.089	0 ms
Numeric time: 0.561	0.562	0 ms
Symbolic time: 3.09	3.091	0 ms
Numeric time: 0.551	0.551	0 ms
Symbolic time: 3.093	3.093	0 ms
Numeric time: 0.555	0.555	0 ms
Symbolic time: 3.093	3.093	0 ms
Numeric time: 0.561	0.561	0 ms
Symbolic time: 3.083	3.084	0 ms
Numeric time: 0.551	0.551	0 ms
Symbolic time: 3.085	3.085	0 ms
Numeric time: 0.559	0.56	0 ms
Symbolic time: 3.086	3.086	0 ms
Numeric time: 0.555	0.555	0 ms
Symbolic time: 3.085	3.085	0 ms
Numeric time: 0.553	0.553	0 ms
Symbolic time: 3.08	3.08	0 ms
Numeric time: 0.554	0.554	0 ms
Symbolic time: 3.089	3.089	0 ms
Numeric time: 0.554	0.554	0 ms
Symbolic time: 3.085	3.085	0 ms
Numeric time: 0.55	0.55	0 ms
Symbolic time: 3.089	3.09	0 ms
Numeric time: 0.555	0.555	0 ms
Symbolic time: 3.085	3.085	0 ms
Numeric time: 0.559	0.559	0 ms
Symbolic time: 3.085	3.086	0 ms
Numeric time: 0.55	0.551	0 ms
Symbolic time: 3.081	3.082	0 ms
Numeric time: 0.555	0.555	0 ms
Symbolic time: 3.083	3.083	0 ms
Numeric time: 0.554	0.554	0 ms
Symbolic time: 3.081	3.081	0 ms
Numeric time: 0.581	0.582	0 ms
Symbolic time: 3.095	3.095	0 ms
Numeric time: 0.555	0.556	0 ms
Symbolic time: 3.088	3.088	0 ms
Numeric time: 0.56	0.56	0 ms
Symbolic time: 3.089	3.089	0 ms
Numeric time: 0.553	0.553	0 ms
Symbolic time: 3.092	3.092	0 ms
Numeric time: 0.556	0.556	0 ms
Symbolic time: 3.086	3.086	0 ms
Numeric time: 0.561	0.561	0 ms
Symbolic time: 3.085	3.086	0 ms
Numeric time: 0.555	0.555	0 ms
Symbolic time: 3.095	3.095	0 ms
Numeric time: 0.553	0	0.553 ms
Symbolic time: 3.089	2.676	0.413 ms
Numeric time: 0.559	0.56	0 ms
Symbolic time: 3.084	3.084	0 ms
Numeric time: 0.553	0.55	0.003 ms
Symbolic time: 3.089	3.089	0.001 ms
Numeric time: 0.553	0.553	0 ms
Symbolic time: 3.093	3.093	0 ms
Numeric time: 0.558	0.558	0 ms
Symbolic time: 3.087	3.086	0 ms
Numeric time: 0.552	0.552	0 ms
Symbolic time: 3.084	3.084	0 ms
Numeric time: 0.553	0.553	0 ms
Symbolic time: 3.085	3.084	0 ms
Numeric time: 0.558	0.558	0 ms
Symbolic time: 3.079	3.08	0 ms
Numeric time: 0.552	0.552	0 ms
Symbolic time: 3.084	3.084	0 ms
Numeric time: 0.557	0.558	0 ms
Symbolic time: 3.082	3.083	0 ms
Numeric time: 0.557	0.557	0 ms
Symbolic time: 3.087	3.087	0 ms
Numeric time: 0.552	0.552	0 ms
Symbolic time: 3.085	3.085	0 ms
Numeric time: 0.554	0.554	0 ms
Symbolic time: 3.089	3.089	0 ms
Numeric time: 0.557	0.558	0 ms
Symbolic time: 3.088	3.089	0 ms
Numeric time: 0.553	0.553	0 ms
Symbolic time: 3.08	3.081	0 ms
Numeric time: 0.554	0.555	0 ms
Symbolic time: 3.086	3.085	0 ms
Numeric time: 0.56	0.561	0 ms
Symbolic time: 3.14	3.141	0 ms
Numeric time: 0.549	0.549	0 ms
Symbolic time: 3.087	3.086	0 ms
Numeric time: 0.55	0.55	0 ms
Symbolic time: 3.084	3.084	0 ms
Numeric time: 0.555	0.555	0 ms
Symbolic time: 3.083	3.083	0 ms
Numeric time: 0.55	0.549	0 ms
Symbolic time: 3.087	3.087	0 ms
Numeric time: 0.553	0.553	0 ms
Symbolic time: 3.088	3.088	0 ms
Numeric time: 0.556	0.557	0 ms
Symbolic time: 3.081	3.082	0 ms
Numeric time: 0.55	0.55	0 ms
Symbolic time: 3.085	3.086	0 ms
Numeric time: 0.552	0	0.553 ms
Symbolic time: 3.086	2.67	0.417 ms
Numeric time: 0.556	0.557	0 ms
Symbolic time: 3.102	3.102	0 ms
Numeric time: 0.551	0.548	0.003 ms
Symbolic time: 3.08	3.079	0.001 ms
Numeric time: 0.553	0	0.553 ms
Symbolic time: 3.084	2.669	0.415 ms
Numeric time: 0.557	0.557	0 ms
Symbolic time: 3.087	3.087	0 ms
Numeric time: 0.552	0.549	0.003 ms
Symbolic time: 3.087	3.087	0.001 ms
Numeric time: 0.55	0	0.551 ms
Symbolic time: 3.089	2.676	0.413 ms
Numeric time: 0.555	0.555	0 ms
Symbolic time: 3.088	3.089	0 ms
Numeric time: 0.552	0.549	0.004 ms
Symbolic time: 3.082	3.082	0.001 ms
Numeric time: 0.552	0.552	0 ms
Symbolic time: 3.088	3.087	0 ms
Numeric time: 0.557	0.558	0 ms
Symbolic time: 3.089	3.09	0 ms
Numeric time: 0.551	0.552	0 ms
Symbolic time: 3.085	3.086	0 ms
Numeric time: 0.556	0.556	0 ms
Symbolic time: 3.093	3.094	0 ms
Numeric time: 0.555	0.556	0 ms
Symbolic time: 3.082	3.082	0 ms
Numeric time: 0.554	0.554	0 ms
Symbolic time: 3.084	3.085	0 ms
Numeric time: 0.556	0.555	0 ms
Symbolic time: 3.085	3.086	0 ms
Numeric time: 0.557	0.557	0 ms
Symbolic time: 3.088	3.088	0 ms
Numeric time: 0.555	0.555	0 ms
Symbolic time: 3.086	3.086	0 ms
Numeric time: 0.558	0.558	0 ms
Symbolic time: 3.084	3.084	0 ms
Numeric time: 0.559	0.559	0 ms
Symbolic time: 3.084	3.084	0 ms
Numeric time: 0.552	0.552	0 ms
Symbolic time: 3.082	3.082	0 ms
Numeric time: 0.559	0.559	0 ms
Symbolic time: 3.096	3.097	0 ms
Numeric time: 0.558	0.558	0 ms
Symbolic time: 3.086	3.086	0 ms
Numeric time: 0.552	0.552	0 ms
Symbolic time: 3.126	3.126	0 ms
Numeric time: 0.554	0.555	0 ms
Symbolic time: 3.095	3.096	0 ms
Numeric time: 0.559	0.559	0 ms
Symbolic time: 3.097	3.098	0 ms
Numeric time: 0.55	0.55	0 ms
Symbolic time: 3.089	3.089	0 ms
Numeric time: 0.552	0.552	0 ms
Symbolic time: 3.084	3.084	0 ms
Numeric time: 0.56	0.56	0 ms
Symbolic time: 3.08	3.08	0 ms
Numeric time: 0.55	0.55	0 ms
Symbolic time: 3.095	3.095	0 ms
Numeric time: 0.552	0.552	0 ms
Symbolic time: 3.083	3.083	0 ms
Numeric time: 0.557	0.559	0 ms
Symbolic time: 3.079	3.079	0 ms
Numeric time: 0.554	0.554	0 ms
Symbolic time: 3.09	3.09	0 ms
Numeric time: 0.552	0.552	0 ms
Symbolic time: 3.085	3.086	0 ms
Numeric time: 0.559	0.559	0 ms
Symbolic time: 3.081	3.081	0 ms
Numeric time: 0.552	0.552	0 ms
Symbolic time: 3.078	3.079	0 ms
Numeric time: 0.552	0.552	0 ms
Symbolic time: 3.087	3.087	0 ms
Numeric time: 0.556	0.557	0 ms
Symbolic time: 3.087	3.087	0 ms
Numeric time: 0.552	0.552	0 ms
Symbolic time: 3.091	3.091	0 ms
Numeric time: 0.554	0	0.554 ms
Symbolic time: 3.09	2.676	0.414 ms
Numeric time: 0.557	0.557	0 ms
Symbolic time: 3.088	3.088	0 ms
Numeric time: 0.552	0.549	0.003 ms
Symbolic time: 3.081	3.081	0.001 ms
Numeric time: 0.552	0	0.551 ms
Symbolic time: 3.09	2.672	0.418 ms
Numeric time: 0.559	0.559	0 ms
Symbolic time: 3.087	3.087	0 ms
Numeric time: 0.554	0.551	0.003 ms
Symbolic time: 3.084	3.083	0.001 ms
Numeric time: 0.557	0.557	0 ms
Symbolic time: 3.082	3.082	0 ms
Numeric time: 0.559	0.559	0 ms
Symbolic time: 3.088	3.088	0 ms
Numeric time: 0.551	0.551	0 ms
Symbolic time: 3.088	3.088	0 ms
Numeric time: 0.554	0.555	0 ms
Symbolic time: 3.082	3.082	0 ms
Numeric time: 0.557	0.558	0 ms
Symbolic time: 3.092	3.092	0 ms
Numeric time: 0.552	0.553	0 ms
Symbolic time: 3.082	3.083	0 ms
Numeric time: 0.554	0.554	0 ms
Symbolic time: 3.094	3.094	0 ms
Numeric time: 0.558	0.557	0 ms
Symbolic time: 3.086	3.086	0 ms
Numeric time: 0.553	0.554	0 ms
Symbolic time: 3.08	3.08	0 ms
Numeric time: 0.557	0.557	0 ms
Symbolic time: 3.086	3.086	0 ms
Numeric time: 0.557	0.557	0 ms
Symbolic time: 3.088	3.088	0 ms
Numeric time: 0.552	0.552	0 ms
Symbolic time: 3.083	3.084	0 ms
Numeric time: 0.557	0.558	0 ms
Symbolic time: 3.143	3.142	0 ms
Numeric time: 0.56	0.56	0 ms
Symbolic time: 3.085	3.085	0 ms
Numeric time: 0.553	0.552	0 ms
Symbolic time: 3.097	3.097	0 ms
Numeric time: 0.552	0.552	0 ms
Symbolic time: 3.083	3.083	0 ms
Numeric time: 0.558	0.558	0 ms
Symbolic time: 3.085	3.085	0 ms
Numeric time: 0.552	0.552	0 ms
Symbolic time: 3.094	3.094	0 ms
Numeric time: 0.553	0.552	0 ms
Symbolic time: 3.131	3.131	0 ms
Numeric time: 0.559	0.56	0 ms
Symbolic time: 3.085	3.084	0 ms
Numeric time: 0.554	0.553	0 ms
Symbolic time: 3.089	2.118	0.97 ms
Numeric time: 0.552	0.543	0.009 ms
Symbolic time: 3.086	3.085	0.001 ms
Numeric time: 0.562	0.562	0 ms
Symbolic time: 3.497	3.496	0.001 ms
Numeric time: 0.557	0.558	0 ms
Symbolic time: 3.088	3.088	0 ms
Numeric time: 0.558	0.558	0 ms
Symbolic time: 3.078	3.077	0 ms
Numeric time: 0.552	0.552	0 ms
Symbolic time: 3.089	3.089	0 ms
Numeric time: 0.557	0.558	0 ms
Symbolic time: 3.094	3.095	0 ms
Numeric time: 0.555	0.556	0 ms
Symbolic time: 3.084	3.085	0 ms
Numeric time: 0.553	0.553	0 ms
Symbolic time: 3.085	3.086	0 ms
Numeric time: 0.556	0.556	0 ms
Symbolic time: 3.088	3.088	0 ms
Numeric time: 0.557	0.558	0 ms
Symbolic time: 3.085	3.085	0 ms
Numeric time: 0.55	0.549	0 ms
Symbolic time: 3.086	3.086	0 ms
Numeric time: 0.557	0.556	0 ms
Symbolic time: 3.082	3.083	0 ms
Numeric time: 0.555	0.555	0 ms
Symbolic time: 3.111	3.111	0 ms
Numeric time: 0.554	0.554	0 ms
Symbolic time: 3.088	3.088	0 ms
Numeric time: 0.554	0.554	0 ms
Symbolic time: 3.09	3.09	0 ms
Numeric time: 0.555	0.555	0 ms
Symbolic time: 3.08	3.081	0 ms
Numeric time: 0.553	0.553	0 ms
Symbolic time: 3.088	3.088	0 ms
Numeric time: 0.556	0.556	0 ms
Symbolic time: 3.081	3.081	0 ms
Numeric time: 0.557	0.557	0 ms
Symbolic time: 3.089	3.089	0 ms
Numeric time: 0.553	0.553	0 ms
Symbolic time: 3.079	3.079	0 ms
Numeric time: 0.559	0.56	0 ms
Symbolic time: 3.084	3.085	0 ms
Numeric time: 0.556	0.556	0 ms
Symbolic time: 3.084	3.084	0 ms
Numeric time: 0.551	0.552	0 ms
Symbolic time: 3.083	3.083	0 ms
Numeric time: 0.559	0.559	0 ms
Symbolic time: 3.089	3.089	0 ms
Numeric time: 0.56	0.56	0 ms
Symbolic time: 3.082	3.082	0 ms
Numeric time: 0.555	0.555	0 ms
Symbolic time: 3.086	3.086	0 ms
Numeric time: 0.558	0.558	0 ms
Symbolic time: 3.084	3.085	0 ms
Numeric time: 0.555	0.556	0 ms
Symbolic time: 3.083	3.083	0 ms
Numeric time: 0.551	0.551	0 ms
Symbolic time: 3.082	3.082	0 ms
Numeric time: 0.559	0.559	0 ms
Symbolic time: 3.089	3.089	0 ms
Numeric time: 0.557	0.557	0 ms
Symbolic time: 3.093	3.093	0 ms
Numeric time: 0.551	0.551	0 ms
Symbolic time: 3.093	3.093	0 ms
Numeric time: 0.56	0.56	0 ms
Symbolic time: 3.082	3.082	0 ms
Numeric time: 0.554	0.555	0 ms
Symbolic time: 3.089	3.09	0 ms
Numeric time: 0.553	0.553	0 ms
Symbolic time: 3.087	3.087	0 ms
Numeric time: 0.558	0.558	0 ms
Symbolic time: 3.079	3.081	0 ms
Numeric time: 0.558	0.558	0 ms
Symbolic time: 3.089	3.089	0 ms
Numeric time: 0.553	0.553	0 ms
Symbolic time: 3.089	3.089	0 ms
Numeric time: 0.556	0.556	0 ms
Symbolic time: 3.086	3.086	0 ms
Numeric time: 0.558	0.558	0 ms
Symbolic time: 3.093	3.094	0 ms
Numeric time: 0.552	0.552	0 ms
Symbolic time: 3.084	3.084	0 ms
Numeric time: 0.558	0.558	0 ms
Symbolic time: 3.1	3.093	0 ms
Numeric time: 0.557	0.557	0 ms
Symbolic time: 3.087	3.087	0 ms
Numeric time: 0.553	0.553	0 ms
Symbolic time: 3.082	3.082	0 ms
Numeric time: 0.561	0.561	0 ms
Symbolic time: 3.083	3.083	0 ms
Numeric time: 0.556	0.556	0 ms
Symbolic time: 3.1	3.1	0 ms
Numeric time: 0.554	0.554	0 ms
Symbolic time: 3.082	3.082	0 ms
Numeric time: 0.559	0.559	0 ms
Symbolic time: 3.081	3.082	0 ms
Numeric time: 0.557	0.558	0 ms
Symbolic time: 3.086	3.086	0 ms
Numeric time: 0.55	0.55	0 ms
Symbolic time: 3.081	3.081	0 ms
Numeric time: 0.557	0.558	0 ms
Symbolic time: 3.086	3.086	0 ms
Numeric time: 0.554	0.555	0 ms
Symbolic time: 3.089	3.089	0 ms
Numeric time: 0.551	0.551	0 ms
Symbolic time: 3.087	3.087	0 ms
Numeric time: 0.558	0.559	0 ms
Symbolic time: 3.084	3.084	0 ms
Numeric time: 0.561	0.562	0 ms
Symbolic time: 3.087	3.087	0 ms
Numeric time: 0.549	0.549	0 ms
Symbolic time: 3.09	3.09	0 ms
Numeric time: 0.561	0.561	0 ms
Symbolic time: 3.078	3.078	0 ms
Numeric time: 0.557	0.557	0 ms
Symbolic time: 3.086	3.086	0 ms
Numeric time: 0.55	0.55	0 ms
Symbolic time: 3.086	3.086	0 ms
Numeric time: 0.551	0.551	0 ms
Symbolic time: 3.09	3.09	0 ms
Numeric time: 0.554	0.554	0 ms
Symbolic time: 3.086	3.086	0 ms
Numeric time: 0.552	0.552	0 ms
Symbolic time: 3.094	3.094	0 ms
Numeric time: 0.559	0.559	0 ms
Symbolic time: 3.089	3.089	0 ms
Numeric time: 0.56	0.56	0 ms
Symbolic time: 3.099	3.099	0 ms
Numeric time: 0.552	0.552	0 ms
Symbolic time: 3.087	3.088	0 ms
Numeric time: 0.559	0.559	0 ms
Symbolic time: 3.085	3.085	0 ms
Numeric time: 0.552	0.552	0 ms
Symbolic time: 3.12	3.12	0 ms
Numeric time: 0.555	0.555	0 ms
Symbolic time: 3.087	3.087	0 ms
Numeric time: 0.559	0.56	0 ms
Symbolic time: 3.083	3.083	0 ms
Numeric time: 0.559	0.56	0 ms
Symbolic time: 3.084	3.085	0 ms
Numeric time: 0.549	0.549	0 ms
Symbolic time: 3.081	3.082	0 ms
Numeric time: 0.557	0.558	0 ms
Symbolic time: 3.086	3.086	0 ms
Numeric time: 0.556	0.556	0 ms
Symbolic time: 3.088	3.089	0 ms
Numeric time: 0.553	0.553	0 ms
Symbolic time: 3.077	3.077	0 ms
Numeric time: 0.561	0.56	0 ms
Symbolic time: 3.088	3.089	0 ms
Numeric time: 0.558	0.558	0 ms
Symbolic time: 3.083	3.082	0 ms
Numeric time: 0.553	0.553	0 ms
Symbolic time: 3.084	3.085	0 ms
Numeric time: 0.559	0.56	0 ms
Symbolic time: 3.081	3.081	0 ms
Numeric time: 0.56	0.56	0 ms
Symbolic time: 3.081	3.082	0 ms
Numeric time: 0.553	0.553	0 ms
Symbolic time: 3.081	3.081	0 ms
Numeric time: 0.561	0.561	0 ms
Symbolic time: 3.084	3.085	0 ms
Numeric time: 0.56	0.559	0 ms
Symbolic time: 3.087	3.087	0 ms
Numeric time: 0.55	0.55	0 ms
Symbolic time: 3.084	3.084	0 ms
Numeric time: 0.556	0.557	0 ms
Symbolic time: 3.09	3.089	0 ms
Numeric time: 0.555	0.554	0 ms
Symbolic time: 3.088	3.088	0 ms
Numeric time: 0.552	0.551	0 ms
Symbolic time: 3.088	3.088	0 ms
Numeric time: 0.664	0.665	0 ms
Symbolic time: 3.121	3.122	0 ms
Numeric time: 0.557	0.558	0 ms
Symbolic time: 3.094	3.094	0 ms
Numeric time: 0.552	0.553	0 ms
Symbolic time: 3.091	3.091	0 ms
Numeric time: 0.549	0.55	0 ms
Symbolic time: 3.087	3.087	0 ms
Numeric time: 0.559	0.56	0 ms
Symbolic time: 3.095	3.096	0 ms
Numeric time: 0.552	0.552	0 ms
Symbolic time: 3.089	3.088	0 ms
Numeric time: 0.554	0.554	0 ms
Symbolic time: 3.087	3.088	0 ms
Numeric time: 0.553	0.554	0 ms
Symbolic time: 3.085	3.085	0 ms
Numeric time: 0.553	0.554	0 ms
Symbolic time: 3.083	3.083	0 ms
Numeric time: 0.553	0.554	0 ms
Symbolic time: 3.092	3.092	0 ms
Numeric time: 0.556	0.556	0 ms
Symbolic time: 3.087	3.087	0 ms
Numeric time: 0.551	0.551	0 ms
Symbolic time: 3.081	3.082	0 ms
Numeric time: 0.553	0	0.553 ms
Symbolic time: 3.084	2.67	0.414 ms
Numeric time: 0.558	0.558	0 ms
Symbolic time: 3.086	3.086	0 ms
Numeric time: 0.551	0.549	0.003 ms
Symbolic time: 3.087	3.086	0.001 ms
Numeric time: 0.552	0	0.551 ms
Symbolic time: 3.076	2.66	0.416 ms
Numeric time: 0.557	0.557	0 ms
Symbolic time: 3.082	3.082	0 ms
Numeric time: 0.554	0.551	0.003 ms
Symbolic time: 3.083	3.083	0.001 ms
Numeric time: 0.555	0.556	0 ms
Symbolic time: 3.083	3.084	0 ms
Numeric time: 0.558	0.558	0 ms
Symbolic time: 3.08	3.08	0 ms
Numeric time: 0.553	0.553	0 ms
Symbolic time: 3.083	3.083	0 ms
Numeric time: 0.558	0.558	0 ms
Symbolic time: 3.089	3.089	0 ms
Numeric time: 0.557	0.557	0 ms
Symbolic time: 3.088	3.088	0 ms
Numeric time: 0.552	0.553	0 ms
Symbolic time: 3.08	3.079	0 ms
Numeric time: 0.557	0.557	0 ms
Symbolic time: 3.085	3.085	0 ms
Numeric time: 0.556	0.555	0 ms
Symbolic time: 3.08	3.08	0 ms
Numeric time: 0.551	0.551	0 ms
Symbolic time: 3.08	3.081	0 ms
Numeric time: 0.553	0.553	0 ms
Symbolic time: 3.08	3.08	0 ms
Numeric time: 0.553	0.553	0 ms
Symbolic time: 3.083	3.083	0 ms
Numeric time: 0.553	0.554	0 ms
Symbolic time: 3.086	3.086	0 ms
Numeric time: 0.558	0.559	0 ms
Symbolic time: 3.094	3.095	0 ms
Numeric time: 0.556	0.556	0 ms
Symbolic time: 3.084	3.084	0 ms
Numeric time: 0.554	0.554	0 ms
Symbolic time: 3.086	3.087	0 ms
Numeric time: 0.558	0.558	0 ms
Symbolic time: 3.081	3.081	0 ms
Numeric time: 0.557	0.558	0 ms
Symbolic time: 3.082	3.082	0 ms
Numeric time: 0.553	0.553	0 ms
Symbolic time: 3.12	3.12	0 ms
Numeric time: 0.56	0.559	0 ms
Symbolic time: 3.098	3.098	0 ms
Numeric time: 0.556	0.557	0 ms
Symbolic time: 3.094	3.094	0 ms
Numeric time: 0.552	0.552	0 ms
Symbolic time: 3.09	3.09	0 ms
Numeric time: 0.561	0.561	0 ms
Symbolic time: 3.086	3.086	0 ms
Numeric time: 0.563	0.563	0 ms
Symbolic time: 3.084	3.084	0 ms
Numeric time: 0.553	0.553	0 ms
Symbolic time: 3.084	3.085	0 ms
Numeric time: 0.555	0.556	0 ms
Symbolic time: 3.08	3.081	0 ms
Numeric time: 0.555	0.556	0 ms
Symbolic time: 3.092	3.091	0 ms
Numeric time: 0.552	0.552	0 ms
Symbolic time: 3.082	3.083	0 ms
Numeric time: 0.554	0.555	0 ms
Symbolic time: 3.082	3.081	0 ms
Numeric time: 0.556	0.556	0 ms
Symbolic time: 3.086	3.087	0 ms
Numeric time: 0.554	0.553	0 ms
Symbolic time: 3.1	3.101	0 ms
Numeric time: 0.552	0.553	0 ms
Symbolic time: 3.082	3.083	0 ms
Numeric time: 0.557	0.557	0 ms
Symbolic time: 3.09	3.09	0 ms
Numeric time: 0.553	0.554	0 ms
Symbolic time: 3.093	3.093	0 ms
Numeric time: 0.556	0.555	0 ms
Symbolic time: 3.083	3.084	0 ms
Numeric time: 0.556	0.557	0 ms
Symbolic time: 3.091	3.091	0 ms
Numeric time: 0.554	0.553	0 ms
Symbolic time: 3.396	3.396	0 ms
Numeric time: 0.556	0.556	0 ms
Symbolic time: 3.09	3.089	0 ms
Numeric time: 0.555	0.556	0 ms
Symbolic time: 3.083	3.083	0 ms
Numeric time: 0.561	0.562	0 ms
Symbolic time: 3.088	3.088	0 ms
Numeric time: 0.551	0.551	0 ms
Symbolic time: 3.086	3.086	0 ms
Numeric time: 0.558	0.558	0 ms
Symbolic time: 3.075	3.075	0 ms
Numeric time: 0.558	0.558	0 ms
Symbolic time: 3.596	3.596	0 ms
Numeric time: 0.561	0.561	0 ms
Symbolic time: 3.085	3.085	0 ms
Numeric time: 0.555	0.554	0 ms
Symbolic time: 3.362	3.364	0 ms
Numeric time: 0.555	0.555	0 ms
Symbolic time: 3.351	2.376	0.975 ms
Numeric time: 0.554	0.548	0.006 ms
Symbolic time: 3.09	3.09	0 ms
Numeric time: 0.549	0.549	0 ms
Symbolic time: 3.365	3.364	0.001 ms
Numeric time: 0.556	0.557	0 ms
Symbolic time: 3.378	3.379	0 ms
Numeric time: 0.559	0.558	0 ms
Symbolic time: 3.089	3.089	0 ms
Numeric time: 0.557	0.558	0 ms
Symbolic time: 3.088	3.088	0 ms
Numeric time: 0.555	0.555	0 ms
Symbolic time: 3.078	3.078	0 ms
Numeric time: 0.554	0.555	0 ms
Symbolic time: 3.089	3.089	0 ms
Numeric time: 0.559	0.56	0 ms
Symbolic time: 3.088	3.089	0 ms
Numeric time: 0.555	0.556	0 ms
Symbolic time: 3.088	3.089	0 ms
Numeric time: 0.556	0.557	0 ms
Symbolic time: 3.083	3.084	0 ms
Numeric time: 0.555	0.555	0 ms
Symbolic time: 3.078	3.079	0 ms
Numeric time: 0.553	0.552	0 ms
Symbolic time: 3.083	3.083	0 ms
Numeric time: 0.556	0.556	0 ms
Symbolic time: 3.082	3.083	0 ms
Numeric time: 0.559	0.56	0 ms
Symbolic time: 3.093	3.093	0 ms
Numeric time: 0.552	0.552	0 ms
Symbolic time: 3.09	3.089	0 ms
Numeric time: 0.556	0.557	0 ms
Symbolic time: 3.089	3.089	0 ms
Numeric time: 0.558	0.558	0 ms
Symbolic time: 3.09	3.091	0 ms
Numeric time: 0.551	0.551	0 ms
Symbolic time: 3.084	3.084	0 ms
Numeric time: 0.555	0.555	0 ms
Symbolic time: 3.08	3.081	0 ms
Numeric time: 0.559	0.559	0 ms
Symbolic time: 3.083	3.082	0 ms
Numeric time: 0.553	0.554	0 ms
Symbolic time: 3.084	3.084	0 ms
Numeric time: 0.556	0.556	0 ms
Symbolic time: 3.086	3.085	0 ms
Numeric time: 0.554	0.553	0 ms
Symbolic time: 3.089	3.09	0 ms
Numeric time: 0.552	0.552	0 ms
Symbolic time: 3.088	3.089	0 ms
Numeric time: 0.556	0.556	0 ms
Symbolic time: 3.085	3.086	0 ms
Numeric time: 0.553	0.554	0 ms
Symbolic time: 3.087	3.087	0 ms
Numeric time: 0.55	0.55	0 ms
Symbolic time: 3.122	3.123	0 ms
Numeric time: 0.557	0.557	0 ms
Symbolic time: 3.095	3.095	0 ms
Numeric time: 0.56	0.559	0 ms
Symbolic time: 3.092	3.093	0 ms
Numeric time: 0.552	0.552	0 ms
Symbolic time: 3.096	3.095	0 ms
Numeric time: 0.556	0.557	0 ms
Symbolic time: 3.087	3.087	0 ms
Numeric time: 0.556	0.555	0 ms
Symbolic time: 3.082	3.082	0 ms
Numeric time: 0.552	0.552	0 ms
Symbolic time: 3.089	3.09	0 ms
Numeric time: 0.55	0.551	0 ms
Symbolic time: 3.082	3.082	0 ms
Numeric time: 0.557	0.556	0 ms
Symbolic time: 3.091	3.091	0 ms
Numeric time: 0.553	0.553	0 ms
Symbolic time: 3.08	3.081	0 ms
Numeric time: 0.555	0.555	0 ms
Symbolic time: 3.084	3.085	0 ms
Numeric time: 0.559	0.559	0 ms
Symbolic time: 3.088	3.088	0 ms
Numeric time: 0.553	0.553	0 ms
Symbolic time: 3.079	3.079	0 ms
Numeric time: 0.555	0.555	0 ms
Symbolic time: 3.088	3.089	0 ms
Numeric time: 0.559	0.56	0 ms
Symbolic time: 3.088	3.088	0 ms
Numeric time: 0.56	0.56	0 ms
Symbolic time: 3.085	3.085	0 ms
Numeric time: 0.555	0.555	0 ms
Symbolic time: 3.094	3.094	0 ms
Numeric time: 0.556	0.556	0 ms
Symbolic time: 3.082	3.082	0 ms
Numeric time: 0.555	0.554	0 ms
Symbolic time: 3.083	3.082	0 ms
Numeric time: 0.559	0.559	0 ms
Symbolic time: 3.089	3.089	0 ms
Numeric time: 0.557	0.556	0 ms
Symbolic time: 3.095	3.095	0 ms
Numeric time: 0.553	0.554	0 ms
Symbolic time: 3.083	3.083	0 ms
Numeric time: 0.555	0.556	0 ms
Symbolic time: 3.086	3.086	0 ms
Numeric time: 0.555	0.555	0 ms
Symbolic time: 3.094	3.094	0 ms
Numeric time: 0.601	0.601	0 ms
Symbolic time: 3.093	3.094	0 ms
Numeric time: 0.552	0.552	0 ms
Symbolic time: 3.085	3.085	0 ms
Numeric time: 0.558	0.558	0 ms
Symbolic time: 3.084	3.085	0 ms
Numeric time: 0.554	0.555	0 ms
Symbolic time: 3.09	3.09	0 ms
Numeric time: 0.551	0.551	0 ms
Symbolic time: 3.083	3.083	0 ms
Numeric time: 0.556	0.556	0 ms
Symbolic time: 3.094	3.094	0 ms
Numeric time: 0.552	0.552	0 ms
Symbolic time: 3.09	3.09	0 ms
Numeric time: 0.551	0.551	0 ms
Symbolic time: 3.089	3.089	0 ms
Numeric time: 0.556	0.556	0 ms
Symbolic time: 3.086	3.086	0 ms
Numeric time: 0.553	0.553	0 ms
Symbolic time: 3.075	3.076	0 ms
Numeric time: 0.552	0.553	0 ms
Symbolic time: 3.08	3.08	0 ms
Numeric time: 0.555	0.556	0 ms
Symbolic time: 3.084	3.084	0 ms
Numeric time: 0.552	0.552	0 ms
Symbolic time: 3.078	3.079	0 ms
Numeric time: 0.553	0.553	0 ms
Symbolic time: 3.08	3.08	0 ms
Numeric time: 0.555	0.555	0 ms
Symbolic time: 3.092	3.092	0 ms
Numeric time: 0.553	0.554	0 ms
Symbolic time: 3.081	3.081	0 ms
Numeric time: 0.555	0.555	0 ms
Symbolic time: 3.083	3.083	0 ms
Numeric time: 0.559	0.559	0 ms
Symbolic time: 3.08	3.08	0 ms
Numeric time: 0.552	0.552	0 ms
Symbolic time: 3.082	3.082	0 ms
Numeric time: 0.551	0.551	0 ms
Symbolic time: 3.086	3.086	0 ms
Numeric time: 0.554	0.555	0 ms
Symbolic time: 3.083	3.084	0 ms
Numeric time: 0.553	0.553	0 ms
Symbolic time: 3.093	3.092	0 ms
Numeric time: 0.554	0.554	0 ms
Symbolic time: 3.086	3.086	0 ms
Numeric time: 0.556	0.557	0 ms
Symbolic time: 3.089	3.088	0 ms
Numeric time: 0.552	0.552	0 ms
Symbolic time: 3.087	3.086	0 ms
Numeric time: 0.554	0.554	0 ms
Symbolic time: 3.085	3.085	0 ms
Numeric time: 0.558	0.558	0 ms
Symbolic time: 3.082	3.082	0 ms
Numeric time: 0.553	0.553	0 ms
Symbolic time: 3.08	3.079	0 ms
Numeric time: 0.554	0.553	0 ms
Symbolic time: 3.082	3.083	0 ms
Numeric time: 0.554	0.554	0 ms
Symbolic time: 3.079	3.079	0 ms
Numeric time: 0.555	0.555	0 ms
Symbolic time: 3.091	3.09	0 ms
Numeric time: 0.558	0.557	0 ms
Symbolic time: 3.122	3.123	0 ms
Numeric time: 0.556	0.557	0 ms
Symbolic time: 3.087	3.087	0 ms
Numeric time: 0.555	0.554	0 ms
Symbolic time: 3.082	3.083	0 ms
Numeric time: 0.563	0.564	0 ms
Symbolic time: 3.088	3.088	0 ms
Numeric time: 0.557	0.558	0 ms
Symbolic time: 3.082	3.083	0 ms
Numeric time: 0.552	0.552	0 ms
Symbolic time: 3.087	3.088	0 ms
Numeric time: 0.556	0.557	0 ms
Symbolic time: 3.087	3.087	0 ms
Numeric time: 0.558	0.558	0 ms
Symbolic time: 3.081	3.081	0 ms
Numeric time: 0.551	0.552	0 ms
Symbolic time: 3.082	3.083	0 ms
Numeric time: 0.555	0.555	0 ms
Symbolic time: 3.079	3.08	0 ms
Numeric time: 0.552	0.552	0 ms
Symbolic time: 3.08	3.081	0 ms
Numeric time: 0.551	0.551	0 ms
Symbolic time: 3.076	3.077	0 ms
Numeric time: 0.555	0.555	0 ms
Symbolic time: 3.083	3.084	0 ms
Numeric time: 0.559	0.559	0 ms
Symbolic time: 3.092	3.092	0 ms
Numeric time: 0.549	0.55	0 ms
Symbolic time: 3.082	3.083	0 ms
Numeric time: 0.557	0.556	0 ms
Symbolic time: 3.076	3.076	0 ms
Numeric time: 0.553	0.554	0 ms
Symbolic time: 3.078	3.077	0 ms
Numeric time: 0.552	0.553	0 ms
Symbolic time: 3.081	3.08	0 ms
Numeric time: 0.561	0.56	0 ms
Symbolic time: 3.085	3.086	0 ms
Numeric time: 0.554	0.554	0 ms
Symbolic time: 3.086	3.091	0 ms
Numeric time: 0.552	0.552	0 ms
Symbolic time: 3.087	3.087	0 ms
Numeric time: 0.555	0.555	0 ms
Symbolic time: 3.087	3.087	0 ms
Numeric time: 0.559	0.558	0 ms
Symbolic time: 3.086	3.085	0 ms
Numeric time: 0.552	0.552	0 ms
Symbolic time: 3.088	3.089	0 ms
Numeric time: 0.556	0.555	0 ms
Symbolic time: 3.077	3.077	0 ms
Numeric time: 0.557	0.558	0 ms
Symbolic time: 3.086	3.086	0 ms
Numeric time: 0.552	0.552	0 ms
Symbolic time: 3.086	3.086	0 ms
Numeric time: 0.555	0.556	0 ms
Symbolic time: 3.084	3.084	0 ms
Numeric time: 0.553	0.553	0 ms
Symbolic time: 3.098	3.098	0 ms
Numeric time: 0.551	0.552	0 ms
Symbolic time: 3.079	3.08	0 ms
Numeric time: 0.558	0.559	0 ms
Symbolic time: 3.09	3.09	0 ms
Numeric time: 0.562	0.563	0 ms
Symbolic time: 3.086	3.087	0 ms
Numeric time: 0.551	0.55	0 ms
Symbolic time: 3.088	3.088	0 ms
Numeric time: 0.554	0.554	0 ms
Symbolic time: 3.084	3.085	0 ms
Numeric time: 0.555	0.555	0 ms
Symbolic time: 3.084	3.084	0 ms
Numeric time: 0.553	0.553	0 ms
Symbolic time: 3.088	3.089	0 ms
Numeric time: 0.558	0.558	0 ms
Symbolic time: 3.087	3.088	0 ms
Numeric time: 0.556	0.556	0 ms
Symbolic time: 3.085	3.086	0 ms
Numeric time: 0.551	0.552	0 ms
Symbolic time: 3.091	3.092	0 ms
Numeric time: 0.557	0.557	0 ms
Symbolic time: 3.078	3.078	0 ms
Numeric time: 0.557	0.557	0 ms
Symbolic time: 3.093	3.084	0 ms
Numeric time: 0.552	0.552	0 ms
Symbolic time: 3.091	3.091	0 ms
Numeric time: 0.557	0.557	0 ms
Symbolic time: 3.089	3.089	0 ms
Numeric time: 0.555	0.556	0 ms
Symbolic time: 3.089	3.089	0 ms
Numeric time: 0.549	0.55	0 ms
Symbolic time: 3.46	3.461	0 ms
Numeric time: 0.555	0.555	0 ms
Symbolic time: 3.08	3.08	0 ms
Numeric time: 0.558	0.558	0 ms
Symbolic time: 3.082	3.082	0 ms
Numeric time: 0.559	0.559	0 ms
Symbolic time: 3.086	3.086	0 ms
Numeric time: 0.56	0.56	0 ms
Symbolic time: 3.086	3.086	0 ms
Numeric time: 0.556	0.557	0 ms
Symbolic time: 3.088	3.088	0 ms
Numeric time: 0.556	0.556	0 ms
Symbolic time: 3.088	3.089	0 ms
Numeric time: 0.552	0.553	0 ms
Symbolic time: 3.084	3.084	0 ms
Numeric time: 0.555	0.555	0 ms
Symbolic time: 3.085	3.085	0 ms
Numeric time: 0.558	0.558	0 ms
Symbolic time: 3.079	3.08	0 ms
Numeric time: 0.553	0.553	0 ms
Symbolic time: 3.114	3.115	0 ms
Numeric time: 0.558	0.557	0 ms
Symbolic time: 3.092	3.091	0 ms
Numeric time: 0.558	0.559	0 ms
Symbolic time: 3.083	3.083	0 ms
Numeric time: 0.552	0.551	0 ms
Symbolic time: 3.086	3.087	0 ms
Numeric time: 0.554	0.555	0 ms
Symbolic time: 3.083	3.083	0 ms
Numeric time: 0.555	0.556	0 ms
Symbolic time: 3.087	3.088	0 ms
Numeric time: 0.55	0.551	0 ms
Symbolic time: 3.081	3.08	0 ms
Numeric time: 0.553	0.554	0 ms
Symbolic time: 3.093	3.093	0 ms
Numeric time: 0.555	0.555	0 ms
Symbolic time: 3.093	3.093	0 ms
Numeric time: 0.553	0.553	0 ms
Symbolic time: 3.086	3.087	0 ms
Numeric time: 0.556	0.557	0 ms
Symbolic time: 3.088	3.088	0 ms
Numeric time: 0.561	0.561	0 ms
Symbolic time: 3.084	3.084	0 ms
Numeric time: 0.551	0.552	0 ms
Symbolic time: 3.084	3.085	0 ms
Numeric time: 0.556	0.557	0 ms
Symbolic time: 3.091	3.09	0 ms
Numeric time: 0.556	0.557	0 ms
Symbolic time: 3.089	3.089	0 ms
Numeric time: 0.553	0.553	0 ms
Symbolic time: 3.09	3.091	0 ms
Numeric time: 0.557	0.557	0 ms
Symbolic time: 3.084	3.083	0 ms
Numeric time: 0.559	0.559	0 ms
Symbolic time: 3.08	3.08	0 ms
Numeric time: 0.554	0.555	0 ms
Symbolic time: 3.079	3.079	0 ms
Numeric time: 0.556	0.557	0 ms
Symbolic time: 3.091	3.09	0 ms
Numeric time: 0.555	0.556	0 ms
Symbolic time: 3.09	3.091	0 ms
Numeric time: 0.551	0.55	0 ms
Symbolic time: 3.088	3.089	0 ms
Numeric time: 0.556	0.557	0 ms
Symbolic time: 3.086	3.086	0 ms
Numeric time: 0.555	0.555	0 ms
Symbolic time: 3.081	3.082	0 ms
Numeric time: 0.551	0.552	0 ms
Symbolic time: 3.08	3.081	0 ms
Numeric time: 0.558	0.558	0 ms
Symbolic time: 3.087	3.088	0 ms
Numeric time: 0.558	0.558	0 ms
Symbolic time: 3.088	3.088	0 ms
Numeric time: 0.552	0.552	0 ms
Symbolic time: 3.085	3.084	0 ms
Numeric time: 0.555	0.556	0 ms
Symbolic time: 3.086	3.086	0 ms
Numeric time: 0.558	0.559	0 ms
Symbolic time: 3.087	3.087	0 ms
Numeric time: 0.552	0.552	0 ms
Symbolic time: 3.083	3.084	0 ms
Numeric time: 0.556	0.557	0 ms
Symbolic time: 3.091	3.091	0 ms
Numeric time: 0.558	0.557	0 ms
Symbolic time: 3.085	3.085	0 ms
Numeric time: 0.552	0.553	0 ms
Symbolic time: 3.1	3.1	0 ms
Numeric time: 0.559	0.559	0 ms
Symbolic time: 3.092	3.092	0 ms
Numeric time: 0.555	0.556	0 ms
Symbolic time: 3.082	3.083	0 ms
Numeric time: 0.55	0.55	0 ms
Symbolic time: 3.095	3.095	0 ms
Numeric time: 0.559	0.56	0 ms
Symbolic time: 3.089	3.089	0 ms
Numeric time: 0.554	0.555	0 ms
Symbolic time: 3.079	3.08	0 ms
Numeric time: 0.55	0.55	0 ms
Symbolic time: 3.087	3.087	0 ms
Numeric time: 0.559	0.56	0 ms
Symbolic time: 3.08	3.081	0 ms
Numeric time: 0.557	0.557	0 ms
Symbolic time: 3.091	3.091	0 ms
Numeric time: 0.552	0.553	0 ms
Symbolic time: 3.081	3.081	0 ms
Numeric time: 0.556	0.556	0 ms
Symbolic time: 3.084	3.084	0 ms
Numeric time: 0.654	0.655	0 ms
Symbolic time: 3.223	3.224	0 ms
Numeric time: 0.63	0.63	0 ms
Symbolic time: 3.084	3.084	0 ms
Numeric time: 0.552	0.552	0 ms
Symbolic time: 3.082	3.082	0 ms
Numeric time: 0.559	0.559	0 ms
Symbolic time: 3.084	3.084	0 ms
Numeric time: 0.556	0.556	0 ms
Symbolic time: 3.094	3.094	0 ms
Numeric time: 0.553	0.553	0 ms
Symbolic time: 3.102	3.102	0 ms
Numeric time: 0.558	0.558	0 ms
Symbolic time: 3.09	3.09	0 ms
Numeric time: 0.557	0.558	0 ms
Symbolic time: 3.093	3.094	0 ms
Numeric time: 0.551	0.551	0 ms
Symbolic time: 3.084	3.084	0 ms
Numeric time: 0.558	0.558	0 ms
Symbolic time: 3.089	3.089	0 ms
Numeric time: 0.556	0.556	0 ms
Symbolic time: 3.083	3.083	0 ms
Numeric time: 0.551	0.552	0 ms
Symbolic time: 3.13	3.13	0 ms
Numeric time: 0.561	0.561	0 ms
Symbolic time: 3.092	3.092	0 ms
Numeric time: 0.558	0.558	0 ms
Symbolic time: 3.088	3.089	0 ms
Numeric time: 0.553	0.553	0 ms
Symbolic time: 3.082	3.082	0 ms
Numeric time: 0.561	0.561	0 ms
Symbolic time: 3.091	3.091	0 ms
Numeric time: 0.555	0.555	0 ms
Symbolic time: 3.087	3.087	0 ms
Numeric time: 0.552	0.552	0 ms
Symbolic time: 3.089	3.089	0 ms
Numeric time: 0.555	0.555	0 ms
Symbolic time: 3.091	3.091	0 ms
Numeric time: 0.562	0.562	0 ms
Symbolic time: 3.087	3.088	0 ms
Numeric time: 0.552	0.552	0 ms
Symbolic time: 3.092	3.093	0 ms
Numeric time: 0.557	0.558	0 ms
Symbolic time: 3.092	3.092	0 ms
Numeric time: 0.558	0.558	0 ms
Symbolic time: 3.09	3.09	0 ms
Numeric time: 0.552	0.552	0 ms
Symbolic time: 3.092	3.092	0 ms
Numeric time: 0.561	0.562	0 ms
Symbolic time: 3.086	3.086	0 ms
Numeric time: 0.562	0.561	0 ms
Symbolic time: 3.085	3.085	0 ms
Numeric time: 0.553	0.554	0 ms
Symbolic time: 3.085	3.086	0 ms
Numeric time: 0.556	0.556	0 ms
Symbolic time: 3.088	3.088	0 ms
Numeric time: 0.559	0.559	0 ms
Symbolic time: 3.081	3.081	0 ms
Numeric time: 0.552	0.552	0 ms
Symbolic time: 3.09	3.09	0 ms
Numeric time: 0.556	0.556	0 ms
Symbolic time: 3.096	3.097	0 ms
Numeric time: 0.56	0.559	0 ms
Symbolic time: 3.086	3.086	0 ms
Numeric time: 0.553	0.553	0 ms
Symbolic time: 3.085	3.085	0 ms
Numeric time: 0.561	0.56	0 ms
Symbolic time: 3.087	3.087	0 ms
Numeric time: 0.558	0.558	0 ms
Symbolic time: 3.088	3.089	0 ms
Numeric time: 0.554	0.553	0 ms
Symbolic time: 3.086	3.087	0 ms
Numeric time: 0.554	0.555	0 ms
Symbolic time: 3.086	3.087	0 ms
Numeric time: 0.557	0.557	0 ms
Symbolic time: 3.088	3.089	0 ms
Numeric time: 0.548	0.549	0 ms
Symbolic time: 3.088	3.088	0 ms
Numeric time: 0.552	0.553	0 ms
Symbolic time: 3.083	3.084	0 ms
Numeric time: 0.552	0.552	0 ms
Symbolic time: 3.091	3.091	0 ms
Numeric time: 0.553	0.553	0 ms
Symbolic time: 3.087	3.087	0 ms
Numeric time: 0.561	0.561	0 ms
Symbolic time: 3.089	3.089	0 ms
Numeric time: 0.558	0.558	0 ms
Symbolic time: 3.083	3.083	0 ms
Numeric time: 0.554	0.554	0 ms
Symbolic time: 3.089	3.09	0 ms
Numeric time: 0.553	0.554	0 ms
Symbolic time: 3.083	3.083	0 ms
Numeric time: 0.557	0.557	0 ms
Symbolic time: 3.084	3.085	0 ms
Numeric time: 0.552	0.552	0 ms
Symbolic time: 3.09	3.089	0 ms
Numeric time: 0.556	0.556	0 ms
Symbolic time: 3.079	3.08	0 ms
Numeric time: 0.56	0.559	0 ms
Symbolic time: 3.083	3.083	0 ms
Numeric time: 0.555	0.556	0 ms
Symbolic time: 3.082	3.083	0 ms
Numeric time: 0.56	0.561	0 ms
Symbolic time: 3.088	3.088	0 ms
Numeric time: 0.557	0.558	0 ms
Symbolic time: 3.08	3.081	0 ms
Numeric time: 0.552	0.552	0 ms
Symbolic time: 3.083	3.082	0 ms
Numeric time: 0.555	0.555	0 ms
Symbolic time: 3.084	3.085	0 ms
Numeric time: 0.554	0.554	0 ms
Symbolic time: 3.079	3.078	0 ms
Numeric time: 0.551	0.551	0 ms
Symbolic time: 3.086	3.086	0 ms
Numeric time: 0.553	0.554	0 ms
Symbolic time: 3.078	3.078	0 ms
Numeric time: 0.557	0.557	0 ms
Symbolic time: 3.093	3.093	0 ms
Numeric time: 0.552	0.551	0 ms
Symbolic time: 3.079	3.08	0 ms
Numeric time: 0.555	0.555	0 ms
Symbolic time: 3.078	3.078	0 ms
Numeric time: 0.555	0.556	0 ms
Symbolic time: 3.091	3.091	0 ms
Numeric time: 0.552	0.551	0 ms
Symbolic time: 3.086	3.086	0 ms
Numeric time: 0.557	0.558	0 ms
Symbolic time: 3.086	3.086	0 ms
Numeric time: 0.557	0.557	0 ms
Symbolic time: 3.085	3.085	0 ms
Numeric time: 0.553	0.553	0 ms
Symbolic time: 3.108	3.108	0 ms
Numeric time: 0.561	0.562	0 ms
Symbolic time: 3.084	3.085	0 ms
Numeric time: 0.557	0.558	0 ms
Symbolic time: 3.088	3.088	0 ms
Numeric time: 0.553	0.554	0 ms
Symbolic time: 3.082	3.082	0 ms
Numeric time: 0.554	0.554	0 ms
Symbolic time: 3.093	3.093	0 ms
Numeric time: 0.554	0.555	0 ms
Symbolic time: 3.083	3.084	0 ms
Numeric time: 0.554	0.554	0 ms
Symbolic time: 3.089	3.089	0 ms
Numeric time: 0.557	0.557	0 ms
Symbolic time: 3.083	3.084	0 ms
Numeric time: 0.557	0.557	0 ms
Symbolic time: 3.08	3.08	0 ms
Numeric time: 0.55	0.55	0 ms
Symbolic time: 3.083	3.083	0 ms
Numeric time: 0.556	0.556	0 ms
Symbolic time: 3.083	3.084	0 ms
Numeric time: 0.554	0.555	0 ms
Symbolic time: 3.09	3.09	0 ms
Numeric time: 0.554	0.554	0 ms
Symbolic time: 3.084	3.084	0 ms
Numeric time: 0.558	0.558	0 ms
Symbolic time: 3.085	3.086	0 ms
Numeric time: 0.556	0.556	0 ms
Symbolic time: 3.082	3.082	0 ms
Numeric time: 0.55	0.55	0 ms
Symbolic time: 3.084	3.084	0 ms
Numeric time: 0.556	0.557	0 ms
Symbolic time: 3.081	3.081	0 ms
Numeric time: 0.558	0.558	0 ms
Symbolic time: 3.091	3.091	0 ms
Numeric time: 0.55	0.55	0 ms
Symbolic time: 3.086	3.086	0 ms
Numeric time: 0.554	0.554	0 ms
Symbolic time: 3.078	3.078	0 ms
Numeric time: 0.552	0.553	0 ms
Symbolic time: 3.086	3.086	0 ms
Numeric time: 0.548	0.548	0 ms
Symbolic time: 3.095	3.095	0 ms
Numeric time: 0.559	0.559	0 ms
Symbolic time: 3.082	3.082	0 ms
Numeric time: 0.559	0.559	0 ms
Symbolic time: 3.083	3.083	0 ms
Numeric time: 0.555	0.555	0 ms
Symbolic time: 3.095	3.095	0 ms
Numeric time: 0.558	0.558	0 ms
Symbolic time: 3.078	3.078	0 ms
Numeric time: 0.552	0.554	0 ms
Symbolic time: 3.081	3.081	0 ms
Numeric time: 0.551	0.551	0 ms
Symbolic time: 3.078	3.078	0 ms
Numeric time: 0.555	0.555	0 ms
Symbolic time: 3.078	3.079	0 ms
Numeric time: 0.555	0.555	0 ms
Symbolic time: 3.087	3.088	0 ms
Numeric time: 0.551	0.551	0 ms
Symbolic time: 3.09	3.091	0 ms
Numeric time: 0.558	0.558	0 ms
Symbolic time: 3.093	3.093	0 ms
Numeric time: 0.557	0.557	0 ms
Symbolic time: 3.084	3.084	0 ms
Numeric time: 0.554	0.554	0 ms
Symbolic time: 3.081	3.082	0 ms
Numeric time: 0.555	0.555	0 ms
Symbolic time: 3.083	3.083	0 ms
Numeric time: 0.557	0.557	0 ms
Symbolic time: 3.085	3.085	0 ms
Numeric time: 0.551	0.55	0 ms
Symbolic time: 3.083	3.083	0 ms
Numeric time: 0.556	0.557	0 ms
Symbolic time: 3.078	3.078	0 ms
Numeric time: 0.552	0.552	0 ms
Symbolic time: 3.083	2.109	0.974 ms
Numeric time: 0.552	0.549	0.004 ms
Symbolic time: 3.081	3.081	0.001 ms
Numeric time: 0.557	0.557	0 ms
Symbolic time: 3.087	3.087	0 ms
Numeric time: 0.55	0.549	0.001 ms
Symbolic time: 3.087	3.087	0 ms
Numeric time: 0.551	0.552	0 ms
Symbolic time: 3.092	3.093	0 ms
Numeric time: 0.557	0.557	0 ms
Symbolic time: 3.084	3.084	0 ms
Numeric time: 0.549	0.549	0 ms
Symbolic time: 3.094	3.093	0 ms
Numeric time: 0.55	0.549	0 ms
Symbolic time: 3.091	3.091	0 ms
Numeric time: 0.557	0.557	0 ms
Symbolic time: 3.088	3.089	0 ms
Numeric time: 0.553	0.553	0 ms
Symbolic time: 3.09	3.09	0 ms
Numeric time: 0.554	0.554	0 ms
Symbolic time: 3.081	3.082	0 ms
Numeric time: 0.556	0.557	0 ms
Symbolic time: 3.079	3.079	0 ms
Numeric time: 0.552	0.553	0 ms
Symbolic time: 3.087	3.087	0 ms
Numeric time: 0.553	0.553	0 ms
Symbolic time: 3.092	3.091	0 ms
Numeric time: 0.561	0.562	0 ms
Symbolic time: 3.086	3.086	0 ms
Numeric time: 0.555	0.555	0 ms
Symbolic time: 3.095	3.095	0 ms
Numeric time: 0.552	0.552	0 ms
Symbolic time: 3.081	3.082	0 ms
Numeric time: 0.555	0.555	0 ms
Symbolic time: 3.124	3.124	0 ms
Numeric time: 0.559	0.558	0 ms
Symbolic time: 3.09	3.09	0 ms
Numeric time: 0.553	0.553	0 ms
Symbolic time: 3.1	3.1	0 ms
Numeric time: 0.559	0.56	0 ms
Symbolic time: 3.093	3.094	0 ms
Numeric time: 0.557	0.557	0 ms
Symbolic time: 3.088	3.088	0 ms
Numeric time: 0.55	0.551	0 ms
Symbolic time: 3.088	3.087	0 ms
Numeric time: 0.559	0.558	0 ms
Symbolic time: 3.092	3.093	0 ms
Numeric time: 0.558	0.558	0 ms
Symbolic time: 3.092	3.092	0 ms
Numeric time: 0.552	0.553	0 ms
Symbolic time: 3.086	3.086	0 ms
Numeric time: 0.558	0.558	0 ms
Symbolic time: 3.084	3.084	0 ms
Numeric time: 0.557	0.558	0 ms
Symbolic time: 3.082	3.083	0 ms
Numeric time: 0.552	0.552	0 ms
Symbolic time: 3.082	3.082	0 ms
Numeric time: 0.559	0.559	0 ms
Symbolic time: 3.078	3.078	0 ms
Numeric time: 0.556	0.556	0 ms
Symbolic time: 3.086	3.087	0 ms
Numeric time: 0.552	0.552	0 ms
Symbolic time: 3.081	3.081	0 ms
Numeric time: 0.558	0.559	0 ms
Symbolic time: 3.089	3.089	0 ms
Numeric time: 0.556	0.556	0 ms
Symbolic time: 3.093	3.093	0 ms
Numeric time: 0.551	0.551	0 ms
Symbolic time: 3.086	3.086	0 ms
Numeric time: 0.557	0.557	0 ms
Symbolic time: 3.088	3.088	0 ms
Numeric time: 0.557	0.557	0 ms
Symbolic time: 3.089	3.089	0 ms
Numeric time: 0.553	0.553	0 ms
Symbolic time: 3.086	3.087	0 ms
Numeric time: 0.559	0.559	0 ms
Symbolic time: 3.085	3.085	0 ms
Numeric time: 0.552	0.552	0 ms
Symbolic time: 3.086	3.086	0 ms
Numeric time: 0.551	0.551	0 ms
Symbolic time: 3.09	3.09	0 ms
Numeric time: 0.605	0.606	0 ms
Symbolic time: 3.088	3.089	0 ms
Numeric time: 0.554	0.554	0 ms
Symbolic time: 3.084	3.084	0 ms
Numeric time: 0.549	0.55	0 ms
Symbolic time: 3.079	3.079	0 ms
Numeric time: 0.553	0.554	0 ms
Symbolic time: 3.084	3.084	0 ms
Numeric time: 0.554	0.554	0 ms
Symbolic time: 3.088	3.088	0 ms
Numeric time: 0.552	0.552	0 ms
Symbolic time: 3.079	3.08	0 ms
Numeric time: 0.555	0.555	0 ms
Symbolic time: 3.08	3.08	0 ms
Numeric time: 0.557	0.557	0 ms
Symbolic time: 3.082	3.083	0 ms
Numeric time: 0.552	0.553	0 ms
Symbolic time: 3.086	3.086	0 ms
Numeric time: 0.556	0.556	0 ms
Symbolic time: 3.091	3.09	0 ms
Numeric time: 0.552	0.553	0 ms
Symbolic time: 3.083	2.105	0.977 ms
Numeric time: 0.552	0.548	0.003 ms
Symbolic time: 3.083	3.083	0.001 ms
Numeric time: 0.557	0.557	0 ms
Symbolic time: 3.085	3.086	0 ms
Numeric time: 0.547	0.547	0.001 ms
Symbolic time: 3.09	3.09	0 ms
Numeric time: 0.552	0.552	0 ms
Symbolic time: 3.086	3.087	0 ms
Numeric time: 0.554	0.555	0 ms
Symbolic time: 3.085	3.084	0 ms
Numeric time: 0.552	0.552	0 ms
Symbolic time: 3.092	3.092	0 ms
Numeric time: 0.554	0.553	0 ms
Symbolic time: 3.084	3.085	0 ms
Numeric time: 0.556	0.557	0 ms
Symbolic time: 3.089	3.089	0 ms
Numeric time: 0.551	0.552	0 ms
Symbolic time: 3.085	3.086	0 ms
Numeric time: 0.553	0.553	0 ms
Symbolic time: 3.08	3.08	0 ms
Numeric time: 0.556	0.556	0 ms
Symbolic time: 3.094	3.094	0 ms
Numeric time: 0.552	0.551	0 ms
Symbolic time: 3.09	3.09	0 ms
Numeric time: 0.553	0.554	0 ms
Symbolic time: 3.082	3.083	0 ms
Numeric time: 0.558	0.557	0 ms
Symbolic time: 3.082	3.081	0 ms
Numeric time: 0.552	0.551	0 ms
Symbolic time: 3.089	3.089	0 ms
Numeric time: 0.548	0.548	0 ms
Symbolic time: 3.086	3.086	0 ms
Numeric time: 0.553	0.553	0 ms
Symbolic time: 3.087	3.087	0 ms
Numeric time: 0.553	0.552	0 ms
Symbolic time: 3.087	3.087	0 ms
Numeric time: 0.553	0.552	0 ms
Symbolic time: 3.086	3.086	0 ms
Numeric time: 0.556	0.557	0 ms
Symbolic time: 3.085	3.084	0 ms
Numeric time: 0.551	0.551	0 ms
Symbolic time: 3.123	3.124	0 ms
Numeric time: 0.551	0.551	0 ms
Symbolic time: 3.094	3.095	0 ms
Numeric time: 0.56	0.56	0 ms
Symbolic time: 3.104	3.103	0 ms
Numeric time: 0.55	0.55	0 ms
Symbolic time: 3.097	3.097	0 ms
Numeric time: 0.553	0.552	0 ms
Symbolic time: 3.089	3.089	0 ms
Numeric time: 0.558	0.558	0 ms
Symbolic time: 3.089	3.089	0 ms
Numeric time: 0.552	0.553	0 ms
Symbolic time: 3.093	3.092	0 ms
Numeric time: 0.553	0.553	0 ms
Symbolic time: 3.089	3.089	0 ms
Numeric time: 0.557	0.556	0 ms
Symbolic time: 3.088	3.089	0 ms
Numeric time: 0.555	0.555	0 ms
Symbolic time: 3.088	2.11	0.978 ms
Numeric time: 0.555	0.551	0.003 ms
Symbolic time: 3.084	3.083	0.001 ms
Numeric time: 0.559	0.559	0 ms
Symbolic time: 3.087	3.087	0 ms
Numeric time: 0.551	0.549	0.001 ms
Symbolic time: 3.094	2.116	0.977 ms
Numeric time: 0.552	0.549	0.004 ms
Symbolic time: 3.086	3.086	0.001 ms
Numeric time: 0.562	0.562	0 ms
Symbolic time: 3.092	3.092	0 ms
Numeric time: 0.554	0.554	0 ms
Symbolic time: 3.09	3.09	0 ms
Numeric time: 0.553	0.553	0 ms
Symbolic time: 3.086	3.085	0 ms
Numeric time: 0.556	0.556	0 ms
Symbolic time: 3.087	3.087	0 ms
Numeric time: 0.559	0.559	0 ms
Symbolic time: 3.096	3.096	0 ms
Numeric time: 0.553	0.553	0 ms
Symbolic time: 3.083	3.083	0 ms
Numeric time: 0.559	0.559	0 ms
Symbolic time: 3.085	3.085	0 ms
Numeric time: 0.555	0.555	0 ms
Symbolic time: 3.088	3.088	0 ms
Numeric time: 0.554	0.554	0 ms
Symbolic time: 3.089	3.089	0 ms
Numeric time: 0.558	0.558	0 ms
Symbolic time: 3.09	3.09	0 ms
Numeric time: 0.557	0.557	0 ms
Symbolic time: 3.084	3.084	0 ms
Numeric time: 0.551	0.551	0 ms
Symbolic time: 3.088	3.088	0 ms
Numeric time: 0.555	0.555	0 ms
Symbolic time: 3.085	3.086	0 ms
Numeric time: 0.555	0.555	0 ms
Symbolic time: 3.099	3.1	0 ms
Numeric time: 0.549	0.549	0 ms
Symbolic time: 3.088	3.088	0 ms
Numeric time: 0.559	0.559	0 ms
Symbolic time: 3.09	3.09	0 ms
Numeric time: 0.556	0.556	0 ms
Symbolic time: 3.093	3.093	0 ms
Numeric time: 0.551	0.551	0 ms
Symbolic time: 3.091	3.092	0 ms
Numeric time: 0.558	0.558	0 ms
Symbolic time: 3.097	3.098	0 ms
Numeric time: 0.561	0.561	0 ms
Symbolic time: 3.091	3.091	0 ms
Numeric time: 0.552	0.552	0 ms
Symbolic time: 3.086	3.086	0 ms
Numeric time: 0.557	0.558	0 ms
Symbolic time: 3.087	3.087	0 ms
Numeric time: 0.558	0.558	0 ms
Symbolic time: 3.087	3.087	0 ms
Numeric time: 0.552	0.552	0 ms
Symbolic time: 3.081	3.081	0 ms
Numeric time: 0.562	0.562	0 ms
Symbolic time: 3.079	3.079	0 ms
Numeric time: 0.558	0.558	0 ms
Symbolic time: 3.077	3.077	0 ms
Numeric time: 0.552	0.552	0 ms
Symbolic time: 3.112	3.097	0 ms
Numeric time: 0.558	0.558	0 ms
Symbolic time: 3.091	3.092	0 ms
Numeric time: 0.557	0.558	0 ms
Symbolic time: 3.081	3.081	0 ms
Numeric time: 0.552	0.552	0 ms
Symbolic time: 3.086	3.086	0 ms
Numeric time: 0.557	0.558	0 ms
Symbolic time: 3.486	3.486	0.001 ms
Numeric time: 0.556	0.557	0 ms
Symbolic time: 3.087	3.087	0 ms
Numeric time: 0.557	0.557	0 ms
Symbolic time: 3.084	3.084	0 ms
Numeric time: 0.548	0.549	0 ms
Symbolic time: 3.091	3.091	0 ms
Numeric time: 0.558	0.558	0 ms
Symbolic time: 3.082	3.083	0 ms
Numeric time: 0.554	0.554	0 ms
Symbolic time: 3.084	3.084	0 ms
Numeric time: 0.554	0.554	0 ms
Symbolic time: 3.084	3.084	0 ms
Numeric time: 0.557	0.558	0 ms
Symbolic time: 3.086	3.086	0 ms
Numeric time: 0.558	0.559	0 ms
Symbolic time: 3.087	3.087	0 ms
Numeric time: 0.551	0.552	0 ms
Symbolic time: 3.082	3.083	0 ms
Numeric time: 0.559	0.56	0 ms
Symbolic time: 3.11	3.11	0 ms
Numeric time: 0.56	0.561	0 ms
Symbolic time: 3.093	3.094	0 ms
Numeric time: 0.552	0.552	0 ms
Symbolic time: 3.078	3.078	0 ms
Numeric time: 0.557	0.558	0 ms
Symbolic time: 3.08	3.081	0 ms
Numeric time: 0.558	0.558	0 ms
Symbolic time: 3.09	3.09	0 ms
Numeric time: 0.552	0.552	0 ms
Symbolic time: 3.086	3.087	0 ms
Numeric time: 0.559	0.56	0 ms
Symbolic time: 3.086	3.087	0 ms
Numeric time: 0.558	0.559	0 ms
Symbolic time: 3.084	3.084	0 ms
Numeric time: 0.552	0.552	0 ms
Symbolic time: 3.082	3.082	0 ms
Numeric time: 0.558	0.558	0 ms
Symbolic time: 3.09	3.09	0 ms
Numeric time: 0.556	0.556	0 ms
Symbolic time: 3.086	3.085	0 ms
Numeric time: 0.551	0.552	0 ms
Symbolic time: 3.081	3.082	0 ms
Numeric time: 0.557	0.557	0 ms
Symbolic time: 3.088	3.088	0 ms
Numeric time: 0.556	0.556	0 ms
Symbolic time: 3.088	3.088	0 ms
Numeric time: 0.554	0.554	0 ms
Symbolic time: 3.091	3.092	0 ms
Numeric time: 0.556	0.556	0 ms
Symbolic time: 3.088	3.087	0 ms
Numeric time: 0.555	0.555	0 ms
Symbolic time: 3.081	3.081	0 ms
Numeric time: 0.553	0.554	0 ms
Symbolic time: 3.082	3.083	0 ms
Numeric time: 0.557	0.558	0 ms
Symbolic time: 3.082	3.083	0 ms
Numeric time: 0.557	0.558	0 ms
Symbolic time: 3.09	3.09	0 ms
Numeric time: 0.552	0.553	0 ms
Symbolic time: 3.095	3.095	0 ms
Numeric time: 0.56	0.56	0 ms
Symbolic time: 3.087	3.088	0 ms
Numeric time: 0.559	0.558	0 ms
Symbolic time: 3.082	3.081	0 ms
Numeric time: 0.553	0.553	0 ms
Symbolic time: 3.081	3.081	0 ms
Numeric time: 0.552	0.552	0 ms
Symbolic time: 3.077	3.077	0 ms
Numeric time: 0.556	0.556	0 ms
Symbolic time: 3.085	3.085	0 ms
Numeric time: 0.549	0.548	0 ms
Symbolic time: 3.079	3.079	0 ms
Numeric time: 0.559	0.559	0 ms
Symbolic time: 3.083	3.083	0 ms
Numeric time: 0.557	0.558	0 ms
Symbolic time: 3.085	3.086	0 ms
Numeric time: 0.552	0.553	0 ms
Symbolic time: 3.087	3.087	0 ms
Numeric time: 0.558	0.558	0 ms
Symbolic time: 3.082	3.083	0 ms
Numeric time: 0.559	0.559	0 ms
Symbolic time: 3.09	3.09	0 ms
Numeric time: 0.553	0.553	0 ms
Symbolic time: 3.081	3.082	0 ms
Numeric time: 0.554	0.554	0 ms
Symbolic time: 3.083	3.083	0 ms
Numeric time: 0.555	0.554	0 ms
Symbolic time: 3.081	3.08	0 ms
Numeric time: 0.551	0.551	0 ms
Symbolic time: 3.086	3.086	0 ms
Numeric time: 0.554	0.555	0 ms
Symbolic time: 3.084	3.084	0 ms
Numeric time: 0.555	0.554	0 ms
Symbolic time: 3.093	3.093	0 ms
Numeric time: 0.55	0.549	0 ms
Symbolic time: 3.085	3.085	0 ms
Numeric time: 0.557	0.556	0 ms
Symbolic time: 3.083	3.084	0 ms
Numeric time: 0.553	0.553	0 ms
Symbolic time: 3.077	3.077	0 ms
Numeric time: 0.552	0.552	0 ms
Symbolic time: 3.089	3.089	0 ms
Numeric time: 0.558	0.558	0 ms
Symbolic time: 3.085	3.085	0 ms
Numeric time: 0.553	0.554	0 ms
Symbolic time: 3.079	3.079	0 ms
Numeric time: 0.551	0.552	0 ms
Symbolic time: 3.082	3.082	0 ms
Numeric time: 0.556	0.557	0 ms
Symbolic time: 3.083	3.084	0 ms
Numeric time: 0.551	0.551	0 ms
Symbolic time: 3.086	3.086	0 ms
Numeric time: 0.552	0.553	0 ms
Symbolic time: 3.09	3.09	0 ms
Numeric time: 0.557	0.557	0 ms
Symbolic time: 3.089	3.089	0 ms
Numeric time: 0.553	0.553	0 ms
Symbolic time: 3.086	3.087	0 ms
Numeric time: 0.553	0.552	0 ms
Symbolic time: 3.088	3.088	0 ms
Numeric time: 0.556	0.557	0 ms
Symbolic time: 3.09	3.091	0 ms
Numeric time: 0.551	0.551	0 ms
Symbolic time: 3.093	3.094	0 ms
Numeric time: 0.549	0.549	0 ms
Symbolic time: 3.078	3.079	0 ms
Numeric time: 0.559	0.558	0 ms
Symbolic time: 3.086	3.086	0 ms
Numeric time: 0.553	0.553	0 ms
Symbolic time: 3.121	3.121	0 ms
Numeric time: 0.552	0.553	0 ms
Symbolic time: 3.091	3.091	0 ms
Numeric time: 0.557	0.558	0 ms
Symbolic time: 3.087	3.088	0 ms
Numeric time: 0.55	0.549	0 ms
Symbolic time: 3.084	2.106	0.979 ms
Numeric time: 0.551	0.548	0.004 ms
Symbolic time: 3.082	3.082	0.001 ms
Numeric time: 0.555	0.555	0 ms
Symbolic time: 3.077	3.078	0 ms
Numeric time: 0.548	0.547	0.001 ms
Symbolic time: 3.1	3.1	0 ms
Numeric time: 0.55	0.549	0 ms
Symbolic time: 3.078	3.079	0 ms
Numeric time: 0.558	0.558	0 ms
Symbolic time: 3.087	3.088	0 ms
Numeric time: 0.552	0.552	0 ms
Symbolic time: 3.09	3.09	0 ms
Numeric time: 0.552	0.552	0 ms
Symbolic time: 3.09	3.089	0 ms
Numeric time: 0.557	0.557	0 ms
Symbolic time: 3.082	3.082	0 ms
Numeric time: 0.554	0.554	0 ms
Symbolic time: 3.093	3.093	0 ms
Numeric time: 0.552	0.552	0 ms
Symbolic time: 3.084	3.084	0 ms
Numeric time: 0.557	0.557	0 ms
Symbolic time: 3.091	3.091	0 ms
Numeric time: 0.553	0.553	0 ms
Symbolic time: 3.089	3.089	0 ms
Numeric time: 0.55	0.551	0 ms
Symbolic time: 3.079	3.079	0 ms
Numeric time: 0.558	0.557	0 ms
Symbolic time: 3.08	3.08	0 ms
Numeric time: 0.549	0.549	0 ms
Symbolic time: 3.085	3.085	0 ms
Numeric time: 0.549	0.549	0 ms
Symbolic time: 3.088	3.088	0 ms
Numeric time: 0.554	0.554	0 ms
Symbolic time: 3.083	3.083	0 ms
Numeric time: 0.552	0.552	0 ms
Symbolic time: 3.081	2.091	0.994 ms
Numeric time: 0.553	0.55	0.004 ms
Symbolic time: 3.087	3.086	0 ms
Numeric time: 0.556	0.556	0 ms
Symbolic time: 3.089	3.089	0 ms
Numeric time: 0.551	0.55	0.002 ms
Symbolic time: 3.087	3.086	0 ms
Numeric time: 0.552	0	0.552 ms
Symbolic time: 3.082	2.664	0.418 ms
Numeric time: 0.557	0.557	0 ms
Symbolic time: 3.083	3.083	0 ms
Numeric time: 0.553	0.551	0.002 ms
Symbolic time: 3.085	3.084	0 ms
Numeric time: 0.555	0.555	0 ms
Symbolic time: 3.084	3.083	0 ms
Numeric time: 0.555	0.556	0 ms
Symbolic time: 3.086	3.086	0 ms
Numeric time: 0.554	0.554	0 ms
Symbolic time: 3.277	3.278	0 ms
Numeric time: 0.557	0.557	0 ms
Symbolic time: 3.084	3.084	0 ms
Numeric time: 0.559	0.559	0 ms
Symbolic time: 3.088	3.088	0 ms
Numeric time: 0.552	0.552	0 ms
Symbolic time: 3.084	3.084	0 ms
Numeric time: 0.549	0.55	0 ms
Symbolic time: 3.086	3.086	0 ms
Numeric time: 0.558	0.557	0 ms
Symbolic time: 3.083	3.083	0 ms
Numeric time: 0.555	0.555	0 ms
Symbolic time: 3.094	3.094	0 ms
Numeric time: 0.554	0.553	0 ms
Symbolic time: 3.084	3.084	0 ms
Numeric time: 0.559	0.558	0 ms
Symbolic time: 3.096	3.096	0 ms
Numeric time: 0.558	0.558	0 ms
Symbolic time: 3.086	3.086	0 ms
Numeric time: 0.553	0.553	0 ms
Symbolic time: 3.081	3.082	0 ms
Numeric time: 0.558	0.558	0 ms
Symbolic time: 3.085	3.085	0 ms
Numeric time: 0.559	0.56	0 ms
Symbolic time: 3.081	3.081	0 ms
Numeric time: 0.554	0.554	0 ms
Symbolic time: 3.091	3.092	0 ms
Numeric time: 0.553	0.554	0 ms
Symbolic time: 3.085	3.085	0 ms
Numeric time: 0.555	0.554	0 ms
Symbolic time: 3.09	3.09	0 ms
Numeric time: 0.554	0.554	0 ms
Symbolic time: 3.077	3.078	0 ms
Numeric time: 0.555	0.555	0 ms
Symbolic time: 3.076	3.076	0 ms
Numeric time: 0.557	0.557	0 ms
Symbolic time: 3.082	3.082	0 ms
Numeric time: 0.552	0.553	0 ms
Symbolic time: 3.083	3.082	0 ms
Numeric time: 0.555	0.555	0 ms
Symbolic time: 3.087	3.087	0 ms
Numeric time: 0.556	0.556	0 ms
Symbolic time: 3.085	3.085	0 ms
Numeric time: 0.554	0.554	0 ms
Symbolic time: 3.082	3.081	0 ms
Numeric time: 0.558	0.558	0 ms
Symbolic time: 3.078	3.079	0 ms
Numeric time: 0.552	0.552	0 ms
Symbolic time: 3.102	2.124	0.978 ms
Numeric time: 0.573	0.57	0.005 ms
Symbolic time: 3.091	3.091	0 ms
Numeric time: 0.564	0.565	0 ms
Symbolic time: 3.093	3.093	0 ms
Numeric time: 0.557	0.558	0 ms
Symbolic time: 3.085	3.085	0 ms
Numeric time: 0.644	0.644	0 ms
Symbolic time: 3.086	3.086	0.001 ms
Numeric time: 0.559	0.558	0 ms
Symbolic time: 3.083	3.082	0 ms
Numeric time: 0.556	0.556	0 ms
Symbolic time: 3.085	3.086	0 ms
Numeric time: 0.55	0.55	0 ms
Symbolic time: 3.08	3.08	0 ms
Numeric time: 0.555	0.555	0 ms
Symbolic time: 3.082	3.083	0 ms
Numeric time: 0.558	0.557	0 ms
Symbolic time: 3.083	3.084	0 ms
Numeric time: 0.55	0.55	0 ms
Symbolic time: 3.086	3.087	0 ms
Numeric time: 0.553	0.553	0 ms
Symbolic time: 3.087	3.088	0 ms
Numeric time: 0.554	0.555	0 ms
Symbolic time: 3.086	3.086	0 ms
Numeric time: 0.548	0.548	0 ms
Symbolic time: 3.085	3.084	0 ms
Numeric time: 0.556	0.555	0 ms
Symbolic time: 3.085	3.085	0 ms
Numeric time: 0.559	0.56	0 ms
Symbolic time: 3.085	3.085	0 ms
Numeric time: 0.554	0.554	0 ms
Symbolic time: 3.087	3.087	0 ms
Numeric time: 0.556	0.556	0 ms
Symbolic time: 3.081	3.081	0 ms
Numeric time: 0.556	0.556	0 ms
Symbolic time: 3.086	3.086	0 ms
Numeric time: 0.551	0.552	0 ms
Symbolic time: 3.093	3.093	0 ms
Numeric time: 0.559	0.559	0 ms
Symbolic time: 3.085	3.085	0 ms
Numeric time: 0.557	0.558	0 ms
Symbolic time: 3.088	3.087	0 ms
Numeric time: 0.55	0.55	0 ms
Symbolic time: 3.083	3.082	0 ms
Numeric time: 0.555	0.554	0 ms
Symbolic time: 3.088	3.089	0 ms
Numeric time: 0.555	0.555	0 ms
Symbolic time: 3.086	3.085	0 ms
Numeric time: 0.551	0.551	0 ms
Symbolic time: 3.081	3.081	0 ms
Numeric time: 0.563	0.562	0 ms
Symbolic time: 3.078	3.078	0 ms
Numeric time: 0.554	0.554	0 ms
Symbolic time: 3.082	3.083	0 ms
Numeric time: 0.551	0.551	0 ms
Symbolic time: 3.084	3.084	0 ms
Numeric time: 0.557	0.558	0 ms
Symbolic time: 3.089	3.09	0 ms
Numeric time: 0.558	0.559	0 ms
Symbolic time: 3.089	3.09	0 ms
Numeric time: 0.553	0.552	0 ms
Symbolic time: 3.082	3.082	0 ms
Numeric time: 0.552	0.552	0 ms
Symbolic time: 3.085	3.086	0 ms
Numeric time: 0.556	0.556	0 ms
Symbolic time: 3.083	3.083	0 ms
Numeric time: 0.551	0.552	0 ms
Symbolic time: 3.083	3.083	0 ms
Numeric time: 0.555	0.556	0 ms
Symbolic time: 3.088	3.087	0 ms
Numeric time: 0.556	0.557	0 ms
Symbolic time: 3.086	3.086	0 ms
Numeric time: 0.554	0.554	0 ms
Symbolic time: 3.084	3.083	0 ms
Numeric time: 0.556	0.556	0 ms
Symbolic time: 3.087	3.087	0 ms
Numeric time: 0.559	0.559	0 ms
Symbolic time: 3.076	3.076	0 ms
Numeric time: 0.553	0.553	0 ms
Symbolic time: 3.084	3.084	0 ms
Numeric time: 0.557	0.557	0 ms
Symbolic time: 3.1	3.101	0 ms
Numeric time: 0.558	0.557	0 ms
Symbolic time: 3.365	3.365	0 ms
Numeric time: 0.553	0.554	0 ms
Symbolic time: 3.388	3.389	0 ms
Numeric time: 0.551	0.551	0 ms
Symbolic time: 3.312	3.313	0 ms
Numeric time: 0.6	0.601	0 ms
Symbolic time: 3.253	3.253	0 ms
Numeric time: 0.677	0.677	0 ms
Symbolic time: 3.102	3.102	0 ms
Numeric time: 0.554	0.553	0 ms
Symbolic time: 3.35	3.351	0 ms
Numeric time: 0.561	0.562	0 ms
Symbolic time: 3.416	3.416	0 ms
Numeric time: 0.557	0.557	0 ms
Symbolic time: 3.091	3.091	0 ms
Numeric time: 0.56	0.561	0 ms
Symbolic time: 3.089	3.089	0 ms
Numeric time: 0.552	0.552	0 ms
Symbolic time: 3.081	3.081	0 ms
Numeric time: 0.556	0.556	0 ms
Symbolic time: 3.087	3.088	0 ms
Numeric time: 0.557	0.558	0 ms
Symbolic time: 3.084	3.084	0 ms
Numeric time: 0.776	0.776	0 ms
Symbolic time: 3.169	3.169	0 ms
Numeric time: 0.585	0.585	0 ms
Symbolic time: 3.093	3.093	0 ms
Numeric time: 0.557	0.557	0 ms
Symbolic time: 3.088	3.088	0 ms
Numeric time: 0.559	0.56	0 ms
Symbolic time: 3.086	3.086	0 ms
Numeric time: 0.555	0.555	0 ms
Symbolic time: 3.082	3.083	0 ms
Numeric time: 0.555	0.556	0 ms
Symbolic time: 3.079	3.078	0 ms
Numeric time: 0.555	0.555	0 ms
Symbolic time: 3.078	3.078	0 ms
Numeric time: 0.553	0.553	0 ms
Symbolic time: 3.086	3.086	0 ms
Numeric time: 0.557	0.558	0 ms
Symbolic time: 3.088	3.088	0 ms
Numeric time: 0.557	0.557	0 ms
Symbolic time: 3.082	3.082	0 ms
Numeric time: 0.554	0.554	0 ms
Symbolic time: 3.086	3.086	0 ms
Numeric time: 0.558	0.559	0 ms
Symbolic time: 3.082	3.082	0 ms
Numeric time: 0.556	0.556	0 ms
Symbolic time: 3.082	3.082	0 ms
Numeric time: 0.553	0.553	0 ms
Symbolic time: 3.085	3.085	0 ms
Numeric time: 0.556	0.556	0 ms
Symbolic time: 3.082	3.082	0 ms
Numeric time: 0.558	0.559	0 ms
Symbolic time: 3.083	3.083	0 ms
Numeric time: 0.554	0.554	0 ms
Symbolic time: 3.088	3.088	0 ms
Numeric time: 0.556	0.556	0 ms
Symbolic time: 3.09	3.09	0 ms
Numeric time: 0.556	0.556	0 ms
Symbolic time: 3.083	3.083	0 ms
Numeric time: 0.553	0.553	0 ms
Symbolic time: 3.087	3.087	0 ms
Numeric time: 0.556	0.556	0 ms
Symbolic time: 3.084	3.084	0 ms
Numeric time: 0.556	0.556	0 ms
Symbolic time: 3.09	3.09	0 ms
Numeric time: 0.552	0.552	0 ms
Symbolic time: 3.085	3.085	0 ms
Numeric time: 0.554	0.554	0 ms
Symbolic time: 3.076	3.076	0 ms
Numeric time: 0.553	0.553	0 ms
Symbolic time: 3.139	3.14	0 ms
Numeric time: 0.553	0.554	0 ms
Symbolic time: 3.083	3.084	0 ms
Numeric time: 0.556	0.556	0 ms
Symbolic time: 3.083	3.083	0 ms
Numeric time: 0.558	0.558	0 ms
Symbolic time: 3.088	3.088	0 ms
Numeric time: 0.55	0.55	0 ms
Symbolic time: 3.086	3.087	0 ms
Numeric time: 0.554	0.553	0 ms
Symbolic time: 3.084	3.084	0 ms
Numeric time: 0.556	0.557	0 ms
Symbolic time: 3.09	3.09	0 ms
Numeric time: 0.552	0.552	0 ms
Symbolic time: 3.079	3.079	0 ms
Numeric time: 0.551	0.552	0 ms
Symbolic time: 3.085	3.085	0 ms
Numeric time: 0.559	0.559	0 ms
Symbolic time: 3.078	3.077	0 ms
Numeric time: 0.549	0.549	0 ms
Symbolic time: 3.08	3.08	0 ms
Numeric time: 0.552	0.553	0 ms
Symbolic time: 3.083	3.084	0 ms
Numeric time: 0.558	0.559	0 ms
Symbolic time: 3.082	3.083	0 ms
Numeric time: 0.552	0.552	0 ms
Symbolic time: 3.082	3.082	0 ms
Numeric time: 0.557	0.557	0 ms
Symbolic time: 3.088	3.088	0 ms
Numeric time: 0.559	0.559	0 ms
Symbolic time: 3.086	3.087	0 ms
Numeric time: 0.552	0.552	0 ms
Symbolic time: 3.08	3.081	0 ms
Numeric time: 0.551	0.552	0 ms
Symbolic time: 3.082	3.084	0 ms
Numeric time: 0.554	0.555	0 ms
Symbolic time: 3.087	3.087	0 ms
Numeric time: 0.551	0.551	0 ms
Symbolic time: 3.083	3.082	0 ms
Numeric time: 0.557	0.558	0 ms
Symbolic time: 3.087	3.087	0 ms
Numeric time: 0.556	0.556	0 ms
Symbolic time: 3.085	3.085	0 ms
Numeric time: 0.55	0.551	0 ms
Symbolic time: 3.088	3.088	0 ms
Numeric time: 0.552	0.553	0 ms
Symbolic time: 3.091	3.091	0 ms
Numeric time: 0.558	0.558	0 ms
Symbolic time: 3.086	3.087	0 ms
Numeric time: 0.553	0.554	0 ms
Symbolic time: 3.079	3.08	0 ms
Numeric time: 0.557	0.557	0 ms
Symbolic time: 3.083	3.084	0 ms
Numeric time: 0.555	0.556	0 ms
Symbolic time: 3.083	3.083	0 ms
Numeric time: 0.55	0.55	0 ms
Symbolic time: 3.075	3.074	0 ms
Numeric time: 0.561	0.56	0 ms
Symbolic time: 3.093	3.093	0 ms
Numeric time: 0.557	0.558	0 ms
Symbolic time: 3.082	3.082	0 ms
Numeric time: 0.552	0.553	0 ms
Symbolic time: 3.121	3.122	0 ms
Numeric time: 0.558	0.558	0 ms
Symbolic time: 3.089	3.088	0 ms
Numeric time: 0.556	0.556	0 ms
Symbolic time: 3.089	3.089	0 ms
Numeric time: 0.551	0.551	0 ms
Symbolic time: 3.082	3.083	0 ms
Numeric time: 0.552	0.553	0 ms
Symbolic time: 3.082	3.082	0 ms
Numeric time: 0.557	0.557	0 ms
Symbolic time: 3.091	3.092	0 ms
Numeric time: 0.556	0.556	0 ms
Symbolic time: 3.081	3.082	0 ms
Numeric time: 0.553	0.553	0 ms
Symbolic time: 3.087	3.086	0 ms
Numeric time: 0.557	0.556	0 ms
Symbolic time: 3.087	3.087	0 ms
Numeric time: 0.551	0.551	0 ms
Symbolic time: 3.083	3.083	0 ms
Numeric time: 0.559	0.559	0 ms
Symbolic time: 3.089	3.09	0 ms
Numeric time: 0.555	0.556	0 ms
Symbolic time: 3.08	3.081	0 ms
Numeric time: 0.552	0.551	0 ms
Symbolic time: 3.083	3.083	0 ms
Numeric time: 0.557	0.556	0 ms
Symbolic time: 3.083	3.082	0 ms
Numeric time: 0.559	0.56	0 ms
Symbolic time: 3.09	3.09	0 ms
Numeric time: 0.552	0.553	0 ms
Symbolic time: 3.086	3.086	0 ms
Numeric time: 0.561	0.562	0 ms
Symbolic time: 3.08	3.08	0 ms
Numeric time: 0.558	0.558	0 ms
Symbolic time: 3.087	3.088	0 ms
Numeric time: 0.551	0.551	0 ms
Symbolic time: 3.091	3.091	0 ms
Numeric time: 0.561	0.561	0 ms
Symbolic time: 3.081	3.081	0 ms
Numeric time: 0.554	0.555	0 ms

Symbolic time: 3.09412 ms
Numeric time: 0.556502 ms
