Symbolic time: 0.832	0.828	0 ms
Numeric time: 0.592	0.596	0 ms
Symbolic time: 0.691	0.69	0 ms
Numeric time: 0.519	0.52	0 ms
Symbolic time: 0.686	0.687	0 ms
Numeric time: 0.754	0.754	0 ms
Symbolic time: 0.925	0.924	0 ms
Numeric time: 0.496	0.495	0 ms
Symbolic time: 0.654	0.653	0 ms
Numeric time: 0.503	0	0.503 ms
Symbolic time: 0.667	0.26	0.408 ms
Numeric time: 0.499	0.499	0 ms
Symbolic time: 0.667	0.668	0 ms
Numeric time: 0.486	0.486	0 ms
Symbolic time: 0.682	0.682	0 ms
Numeric time: 0.493	0.493	0 ms
Symbolic time: 0.665	0.666	0 ms
Numeric time: 0.501	0.501	0 ms
Symbolic time: 0.628	0.627	0 ms
Numeric time: 0.47	0.471	0 ms
Symbolic time: 0.679	0.679	0 ms
Numeric time: 0.519	0.518	0 ms
Symbolic time: 0.499	0.499	0 ms
Numeric time: 0.227	0.228	0 ms
Symbolic time: 0.291	0.29	0 ms
Numeric time: 0.226	0	0.227 ms
Symbolic time: 0.291	0	0.291 ms
Numeric time: 0.22	0	0.221 ms
Symbolic time: 0.29	0.116	0.174 ms
Numeric time: 0.23	0.23	0 ms
Symbolic time: 0.293	0.293	0 ms
Numeric time: 0.221	0.221	0 ms
Symbolic time: 0.294	0.294	0 ms
Numeric time: 0.22	0.22	0 ms
Symbolic time: 0.291	0.291	0 ms
Numeric time: 0.219	0.218	0 ms
Symbolic time: 0.3	0.3	0 ms
Numeric time: 0.218	0.218	0 ms
Symbolic time: 0.29	0.29	0 ms
Numeric time: 0.228	0.228	0 ms
Symbolic time: 0.29	0.291	0 ms
Numeric time: 0.22	0.22	0 ms
Symbolic time: 0.287	0.287	0 ms
Numeric time: 0.229	0	0.228 ms
Symbolic time: 0.291	0	0.292 ms
Numeric time: 0.22	0	0.22 ms
Symbolic time: 0.295	0.269	0.026 ms
Numeric time: 0.217	0.183	0.035 ms
Symbolic time: 0.289	0.243	0.045 ms
Numeric time: 0.22	0.186	0.035 ms
Symbolic time: 0.298	0.297	0 ms
Numeric time: 0.22	0.22	0 ms
Symbolic time: 0.291	0.291	0 ms
Numeric time: 0.218	0.206	0.012 ms
Symbolic time: 0.296	0.297	0 ms
Numeric time: 0.221	0.22	0 ms
Symbolic time: 0.29	0.29	0 ms
Numeric time: 0.228	0.228	0 ms
Symbolic time: 0.299	0.299	0 ms
Numeric time: 0.215	0.214	0 ms
Symbolic time: 0.281	0.281	0 ms
Numeric time: 0.221	0.221	0 ms
Symbolic time: 0.282	0.282	0 ms
Numeric time: 0.215	0.215	0 ms
Symbolic time: 0.289	0.29	0 ms
Numeric time: 0.213	0.212	0 ms
Symbolic time: 0.283	0.283	0 ms
Numeric time: 0.214	0.214	0 ms
Symbolic time: 0.291	0.291	0 ms
Numeric time: 0.214	0.214	0 ms
Symbolic time: 0.285	0.285	0 ms
Numeric time: 0.214	0.215	0 ms
Symbolic time: 0.29	0.291	0 ms
Numeric time: 0.212	0.212	0 ms
Symbolic time: 0.284	0.285	0 ms
Numeric time: 0.213	0.213	0 ms
Symbolic time: 0.284	0	0.284 ms
Numeric time: 0.213	0	0.213 ms
Symbolic time: 0.282	0	0.282 ms
Numeric time: 0.219	0.219	0 ms
Symbolic time: 0.285	0.249	0.036 ms
Numeric time: 0.213	0.181	0.032 ms
Symbolic time: 0.284	0.242	0.042 ms
Numeric time: 0.219	0.22	0 ms
Symbolic time: 0.283	0.283	0 ms
Numeric time: 0.211	0.211	0 ms
Symbolic time: 0.29	0.29	0 ms
Numeric time: 0.213	0.213	0 ms
Symbolic time: 0.284	0.284	0 ms
Numeric time: 0.239	0.239	0 ms
Symbolic time: 0.295	0.296	0 ms
Numeric time: 0.215	0.214	0 ms
Symbolic time: 0.281	0.281	0 ms
Numeric time: 0.213	0.213	0 ms
Symbolic time: 0.287	0.287	0 ms
Numeric time: 0.21	0.21	0 ms
Symbolic time: 0.282	0.282	0 ms
Numeric time: 0.22	0.22	0 ms
Symbolic time: 0.284	0.284	0 ms
Numeric time: 0.211	0.211	0 ms
Symbolic time: 0.282	0.282	0 ms
Numeric time: 0.219	0.219	0 ms
Symbolic time: 0.284	0.285	0 ms
Numeric time: 0.21	0.211	0 ms
Symbolic time: 0.284	0.284	0 ms
Numeric time: 0.229	0.229	0 ms
Symbolic time: 0.295	0.295	0 ms
Numeric time: 0.221	0.221	0 ms
Symbolic time: 0.291	0.291	0 ms
Numeric time: 0.215	0.215	0 ms
Symbolic time: 0.289	0.289	0 ms
Numeric time: 0.215	0.215	0 ms
Symbolic time: 0.301	0.301	0 ms
Numeric time: 0.223	0.224	0 ms
Symbolic time: 0.283	0.283	0 ms
Numeric time: 0.219	0.219	0 ms
Symbolic time: 0.284	0.284	0 ms
Numeric time: 0.213	0.213	0 ms
Symbolic time: 0.284	0.284	0 ms
Numeric time: 0.224	0.224	0 ms
Symbolic time: 0.29	0.29	0 ms
Numeric time: 0.217	0.217	0 ms
Symbolic time: 0.288	0.288	0 ms
Numeric time: 0.214	0.214	0 ms
Symbolic time: 0.281	0.281	0 ms
Numeric time: 0.219	0.219	0 ms
Symbolic time: 0.287	0.287	0 ms
Numeric time: 0.216	0.216	0 ms
Symbolic time: 0.284	0.284	0 ms
Numeric time: 0.216	0.216	0 ms
Symbolic time: 0.287	0.288	0 ms
Numeric time: 0.217	0.217	0 ms
Symbolic time: 0.282	0.282	0 ms
Numeric time: 0.215	0.214	0 ms
Symbolic time: 0.282	0.282	0 ms
Numeric time: 0.216	0.216	0 ms
Symbolic time: 0.285	0.285	0 ms
Numeric time: 0.222	0.222	0 ms
Symbolic time: 0.281	0.281	0 ms
Numeric time: 0.213	0.213	0 ms
Symbolic time: 0.282	0.282	0 ms
Numeric time: 0.218	0.218	0 ms
Symbolic time: 0.284	0.284	0 ms
Numeric time: 0.216	0.216	0 ms
Symbolic time: 0.292	0.292	0 ms
Numeric time: 0.212	0.212	0 ms
Symbolic time: 0.284	0.284	0 ms
Numeric time: 0.211	0.211	0 ms
Symbolic time: 0.29	0.29	0 ms
Numeric time: 0.214	0.214	0 ms
Symbolic time: 0.281	0.282	0 ms
Numeric time: 0.213	0.213	0 ms
Symbolic time: 0.29	0.29	0 ms
Numeric time: 0.213	0.213	0 ms
Symbolic time: 0.281	0.281	0 ms
Numeric time: 0.212	0.212	0 ms
Symbolic time: 0.282	0	0.282 ms
Numeric time: 0.215	0	0.214 ms
Symbolic time: 0.282	0	0.282 ms
Numeric time: 0.223	0.215	0.007 ms
Symbolic time: 0.284	0.25	0.033 ms
Numeric time: 0.214	0.189	0.025 ms
Symbolic time: 0.279	0.246	0.033 ms
Numeric time: 0.219	0.219	0 ms
Symbolic time: 0.284	0.284	0 ms
Numeric time: 0.215	0.216	0 ms
Symbolic time: 0.29	0.29	0 ms
Numeric time: 0.214	0.214	0 ms
Symbolic time: 0.282	0.282	0 ms
Numeric time: 0.215	0.216	0 ms
Symbolic time: 0.289	0.289	0 ms
Numeric time: 0.228	0.228	0 ms
Symbolic time: 0.283	0.283	0 ms
Numeric time: 0.214	0.214	0 ms
Symbolic time: 0.291	0.291	0 ms
Numeric time: 0.214	0.214	0 ms
Symbolic time: 0.285	0.285	0 ms
Numeric time: 0.222	0.222	0 ms
Symbolic time: 0.282	0.282	0 ms
Numeric time: 0.215	0.215	0 ms
Symbolic time: 0.281	0.281	0 ms
Numeric time: 0.222	0.222	0 ms
Symbolic time: 0.282	0.282	0 ms
Numeric time: 0.213	0.213	0 ms
Symbolic time: 0.281	0.281	0 ms
Numeric time: 0.223	0.224	0 ms
Symbolic time: 0.283	0.283	0 ms
Numeric time: 0.214	0.215	0 ms
Symbolic time: 0.29	0.289	0 ms
Numeric time: 0.215	0.215	0 ms
Symbolic time: 0.281	0.281	0 ms
Numeric time: 0.215	0.215	0 ms
Symbolic time: 0.295	0.295	0 ms
Numeric time: 0.216	0.217	0 ms
Symbolic time: 0.286	0.286	0 ms
Numeric time: 0.215	0.215	0 ms
Symbolic time: 0.289	0.289	0 ms
Numeric time: 0.216	0.216	0 ms
Symbolic time: 0.281	0.281	0 ms
Numeric time: 0.222	0.222	0 ms
Symbolic time: 0.283	0.283	0 ms
Numeric time: 0.211	0.211	0 ms
Symbolic time: 0.283	0.283	0 ms
Numeric time: 0.229	0.221	0 ms
Symbolic time: 0.288	0.287	0 ms
Numeric time: 0.214	0.214	0 ms
Symbolic time: 0.284	0.285	0 ms
Numeric time: 0.288	0	0.287 ms
Symbolic time: 0.409	0	0.41 ms
Numeric time: 0.324	0.215	0.109 ms
Symbolic time: 0.317	0.284	0.034 ms
Numeric time: 0.217	0.193	0.023 ms
Symbolic time: 0.291	0.291	0 ms
Numeric time: 0.214	0.214	0 ms
Symbolic time: 0.283	0.283	0 ms
Numeric time: 0.212	0.207	0.006 ms
Symbolic time: 0.294	0.294	0 ms
Numeric time: 0.212	0.213	0 ms
Symbolic time: 0.283	0.283	0 ms
Numeric time: 0.211	0.205	0.006 ms
Symbolic time: 0.291	0.291	0 ms
Numeric time: 0.211	0.211	0 ms
Symbolic time: 0.283	0.283	0 ms
Numeric time: 0.212	0.207	0.005 ms
Symbolic time: 0.285	0	0.284 ms
Numeric time: 0.213	0	0.213 ms
Symbolic time: 0.285	0	0.284 ms
Numeric time: 0.217	0.199	0.019 ms
Symbolic time: 0.286	0.253	0.032 ms
Numeric time: 0.209	0.185	0.024 ms
Symbolic time: 0.283	0.251	0.032 ms
Numeric time: 0.221	0	0.221 ms
Symbolic time: 0.282	0	0.281 ms
Numeric time: 0.221	0	0.221 ms
Symbolic time: 0.292	0.208	0.085 ms
Numeric time: 0.217	0.19	0.026 ms
Symbolic time: 0.284	0.249	0.034 ms
Numeric time: 0.215	0.189	0.026 ms
Symbolic time: 0.288	0.288	0 ms
Numeric time: 0.215	0.215	0 ms
Symbolic time: 0.284	0.284	0 ms
Numeric time: 0.214	0.207	0.007 ms
Symbolic time: 0.291	0.292	0 ms
Numeric time: 0.214	0.213	0 ms
Symbolic time: 0.285	0.284	0 ms
Numeric time: 0.224	0.223	0 ms
Symbolic time: 0.289	0.282	0 ms
Numeric time: 0.219	0.219	0 ms
Symbolic time: 0.282	0.282	0 ms
Numeric time: 0.221	0.222	0 ms
Symbolic time: 0.284	0.283	0 ms
Numeric time: 0.214	0.215	0 ms
Symbolic time: 0.291	0.291	0 ms
Numeric time: 0.215	0.215	0 ms
Symbolic time: 0.283	0.283	0 ms
Numeric time: 0.213	0.214	0 ms
Symbolic time: 0.295	0.295	0 ms
Numeric time: 0.214	0.214	0 ms
Symbolic time: 0.283	0.282	0 ms
Numeric time: 0.213	0.214	0 ms
Symbolic time: 0.293	0.293	0 ms
Numeric time: 0.212	0.213	0 ms
Symbolic time: 0.285	0.286	0 ms
Numeric time: 0.212	0.213	0 ms
Symbolic time: 0.285	0.285	0 ms
Numeric time: 0.213	0.212	0 ms
Symbolic time: 0.283	0.283	0 ms
Numeric time: 0.219	0.219	0 ms
Symbolic time: 0.286	0.287	0 ms
Numeric time: 0.215	0.216	0 ms
Symbolic time: 0.283	0.283	0 ms
Numeric time: 0.218	0.217	0 ms
Symbolic time: 0.285	0.285	0 ms
Numeric time: 0.215	0.216	0 ms
Symbolic time: 0.292	0.293	0 ms
Numeric time: 0.216	0.217	0 ms
Symbolic time: 0.282	0.283	0 ms
Numeric time: 0.214	0.214	0 ms
Symbolic time: 0.292	0.292	0 ms
Numeric time: 0.215	0.215	0 ms
Symbolic time: 0.285	0.284	0 ms
Numeric time: 0.213	0.213	0 ms
Symbolic time: 0.287	0.288	0 ms
Numeric time: 0.215	0.215	0 ms
Symbolic time: 0.284	0.284	0 ms
Numeric time: 0.219	0.219	0 ms
Symbolic time: 0.286	0.286	0 ms
Numeric time: 0.216	0.215	0 ms
Symbolic time: 0.284	0.284	0 ms
Numeric time: 0.223	0.222	0 ms
Symbolic time: 0.284	0.285	0 ms
Numeric time: 0.214	0.214	0 ms
Symbolic time: 0.283	0.284	0 ms
Numeric time: 0.222	0.221	0 ms
Symbolic time: 0.285	0.285	0 ms
Numeric time: 0.214	0.213	0 ms
Symbolic time: 0.293	0.293	0 ms
Numeric time: 0.214	0.214	0 ms
Symbolic time: 0.283	0.284	0 ms
Numeric time: 0.211	0.212	0 ms
Symbolic time: 0.291	0.29	0 ms
Numeric time: 0.214	0.215	0 ms
Symbolic time: 0.282	0.281	0 ms
Numeric time: 0.215	0.215	0 ms
Symbolic time: 0.293	0.293	0 ms
Numeric time: 0.217	0.218	0 ms
Symbolic time: 0.283	0.284	0 ms
Numeric time: 0.218	0.219	0 ms
Symbolic time: 0.286	0.287	0 ms
Numeric time: 0.215	0.215	0 ms
Symbolic time: 0.284	0.284	0 ms
Numeric time: 0.219	0.22	0 ms
Symbolic time: 0.283	0.284	0 ms
Numeric time: 0.212	0.212	0 ms
Symbolic time: 0.291	0.291	0 ms
Numeric time: 0.215	0.215	0 ms
Symbolic time: 0.284	0.283	0 ms
Numeric time: 0.215	0.214	0 ms
Symbolic time: 0.29	0.291	0 ms
Numeric time: 0.213	0.214	0 ms
Symbolic time: 0.283	0.284	0 ms
Numeric time: 0.213	0.214	0 ms
Symbolic time: 0.292	0.291	0 ms
Numeric time: 0.215	0.215	0 ms
Symbolic time: 0.285	0.284	0 ms
Numeric time: 0.212	0.212	0 ms
Symbolic time: 0.281	0.281	0 ms
Numeric time: 0.213	0.214	0 ms
Symbolic time: 0.283	0.284	0 ms
Numeric time: 0.218	0.219	0 ms
Symbolic time: 0.284	0.283	0 ms
Numeric time: 0.213	0.214	0 ms
Symbolic time: 0.282	0.282	0 ms
Numeric time: 0.222	0.221	0 ms
Symbolic time: 0.285	0.285	0 ms
Numeric time: 0.212	0.212	0 ms
Symbolic time: 0.29	0.291	0 ms
Numeric time: 0.213	0.214	0 ms
Symbolic time: 0.282	0.283	0 ms
Numeric time: 0.214	0.214	0 ms
Symbolic time: 0.292	0.293	0 ms
Numeric time: 0.215	0.215	0 ms
Symbolic time: 0.283	0.283	0 ms
Numeric time: 0.216	0.215	0 ms
Symbolic time: 0.292	0.292	0 ms
Numeric time: 0.214	0.215	0 ms
Symbolic time: 0.286	0.286	0 ms
Numeric time: 0.219	0.219	0 ms
Symbolic time: 0.284	0.284	0 ms
Numeric time: 0.213	0.213	0 ms
Symbolic time: 0.284	0.284	0 ms
Numeric time: 0.223	0.222	0 ms
Symbolic time: 0.284	0.284	0 ms
Numeric time: 0.214	0.214	0 ms
Symbolic time: 0.284	0.284	0 ms
Numeric time: 0.221	0.22	0 ms
Symbolic time: 0.284	0.284	0 ms
Numeric time: 0.213	0.213	0 ms
Symbolic time: 0.292	0.292	0 ms
Numeric time: 0.214	0.215	0 ms
Symbolic time: 0.283	0.283	0 ms
Numeric time: 0.213	0.213	0 ms
Symbolic time: 0.287	0.287	0 ms
Numeric time: 0.214	0.213	0 ms
Symbolic time: 0.282	0.281	0 ms
Numeric time: 0.214	0.215	0 ms
Symbolic time: 0.293	0.293	0 ms
Numeric time: 0.215	0.214	0 ms
Symbolic time: 0.284	0.284	0 ms
Numeric time: 0.223	0.223	0 ms
Symbolic time: 0.281	0.282	0 ms
Numeric time: 0.215	0.215	0 ms
Symbolic time: 0.286	0.285	0 ms
Numeric time: 0.222	0.222	0 ms
Symbolic time: 0.292	0.293	0 ms
Numeric time: 0.215	0.216	0 ms
Symbolic time: 0.292	0.292	0 ms
Numeric time: 0.215	0.214	0 ms
Symbolic time: 0.284	0.284	0 ms
Numeric time: 0.215	0.214	0 ms
Symbolic time: 0.29	0.29	0 ms
Numeric time: 0.212	0.213	0 ms
Symbolic time: 0.282	0.283	0 ms
Numeric time: 0.216	0.215	0 ms
Symbolic time: 0.288	0.288	0 ms
Numeric time: 0.215	0.216	0 ms
Symbolic time: 0.283	0.282	0 ms
Numeric time: 0.215	0.215	0 ms
Symbolic time: 0.284	0	0.284 ms
Numeric time: 0.219	0	0.219 ms
Symbolic time: 0.287	0	0.287 ms
Numeric time: 0.221	0.211	0.01 ms
Symbolic time: 0.283	0.259	0.025 ms
Numeric time: 0.215	0.196	0.02 ms
Symbolic time: 0.285	0.259	0.026 ms
Numeric time: 0.226	0.226	0 ms
Symbolic time: 0.284	0.284	0 ms
Numeric time: 0.213	0.213	0 ms
Symbolic time: 0.294	0.294	0 ms
Numeric time: 0.215	0.215	0 ms
Symbolic time: 0.284	0.284	0 ms
Numeric time: 0.213	0.213	0 ms
Symbolic time: 0.289	0.289	0 ms
Numeric time: 0.213	0.213	0 ms
Symbolic time: 0.282	0.282	0 ms
Numeric time: 0.214	0.214	0 ms
Symbolic time: 0.292	0.292	0 ms
Numeric time: 0.212	0.212	0 ms
Symbolic time: 0.282	0.282	0 ms
Numeric time: 0.22	0.22	0 ms
Symbolic time: 0.283	0.283	0 ms
Numeric time: 0.212	0.212	0 ms
Symbolic time: 0.283	0.283	0 ms
Numeric time: 0.222	0.222	0 ms
Symbolic time: 0.281	0.281	0 ms
Numeric time: 0.211	0.211	0 ms
Symbolic time: 0.283	0.283	0 ms
Numeric time: 0.214	0.214	0 ms
Symbolic time: 0.284	0.284	0 ms
Numeric time: 0.214	0.214	0 ms
Symbolic time: 0.292	0.292	0 ms
Numeric time: 0.215	0.215	0 ms
Symbolic time: 0.284	0.284	0 ms
Numeric time: 0.213	0.213	0 ms
Symbolic time: 0.291	0.291	0 ms
Numeric time: 0.216	0.216	0 ms
Symbolic time: 0.282	0.282	0 ms
Numeric time: 0.215	0.215	0 ms
Symbolic time: 0.29	0.291	0 ms
Numeric time: 0.215	0.215	0 ms
Symbolic time: 0.283	0.283	0 ms
Numeric time: 0.22	0.221	0 ms
Symbolic time: 0.282	0.282	0 ms
Numeric time: 0.214	0.214	0 ms
Symbolic time: 0.283	0.283	0 ms
Numeric time: 0.218	0	0.219 ms
Symbolic time: 0.286	0	0.286 ms
Numeric time: 0.216	0	0.216 ms
Symbolic time: 0.294	0.184	0.111 ms
Numeric time: 0.216	0.197	0.019 ms
Symbolic time: 0.282	0.257	0.025 ms
Numeric time: 0.215	0.197	0.019 ms
Symbolic time: 0.29	0.29	0 ms
Numeric time: 0.215	0.216	0 ms
Symbolic time: 0.282	0.283	0 ms
Numeric time: 0.212	0.207	0.005 ms
Symbolic time: 0.29	0.29	0 ms
Numeric time: 0.215	0.215	0 ms
Symbolic time: 0.284	0.284	0 ms
Numeric time: 0.215	0.21	0.006 ms
Symbolic time: 0.283	0	0.283 ms
Numeric time: 0.215	0	0.215 ms
Symbolic time: 0.283	0	0.282 ms
Numeric time: 0.222	0.182	0.041 ms
Symbolic time: 0.283	0.256	0.026 ms
Numeric time: 0.215	0.195	0.02 ms
Symbolic time: 0.282	0.256	0.026 ms
Numeric time: 0.219	0.219	0 ms
Symbolic time: 0.284	0.283	0 ms
Numeric time: 0.214	0.213	0 ms
Symbolic time: 0.29	0.291	0 ms
Numeric time: 0.215	0.216	0 ms
Symbolic time: 0.283	0.283	0 ms
Numeric time: 0.214	0.214	0 ms
Symbolic time: 0.289	0.289	0 ms
Numeric time: 0.215	0.216	0 ms
Symbolic time: 0.284	0.284	0 ms
Numeric time: 0.214	0.214	0 ms
Symbolic time: 0.288	0.288	0 ms
Numeric time: 0.214	0.214	0 ms
Symbolic time: 0.282	0.283	0 ms
Numeric time: 0.22	0.219	0 ms
Symbolic time: 0.282	0.282	0 ms
Numeric time: 0.214	0.215	0 ms
Symbolic time: 0.282	0.282	0 ms
Numeric time: 0.222	0.222	0 ms
Symbolic time: 0.285	0.284	0 ms
Numeric time: 0.214	0.214	0 ms
Symbolic time: 0.284	0.284	0 ms
Numeric time: 0.223	0.223	0 ms
Symbolic time: 0.284	0.284	0 ms
Numeric time: 0.213	0.214	0 ms
Symbolic time: 0.289	0.289	0 ms
Numeric time: 0.212	0.212	0 ms
Symbolic time: 0.284	0.284	0 ms
Numeric time: 0.214	0.214	0 ms
Symbolic time: 0.286	0.286	0 ms
Numeric time: 0.213	0.213	0 ms
Symbolic time: 0.281	0.282	0 ms
Numeric time: 0.214	0.215	0 ms
Symbolic time: 0.291	0.292	0 ms
Numeric time: 0.215	0.216	0 ms
Symbolic time: 0.28	0.281	0 ms
Numeric time: 0.222	0.222	0 ms
Symbolic time: 0.282	0.282	0 ms
Numeric time: 0.214	0.214	0 ms
Symbolic time: 0.28	0.281	0 ms
Numeric time: 0.218	0.218	0 ms
Symbolic time: 0.282	0.283	0 ms
Numeric time: 0.211	0.212	0 ms
Symbolic time: 0.283	0.282	0 ms
Numeric time: 0.221	0.22	0 ms
Symbolic time: 0.284	0.283	0 ms
Numeric time: 0.214	0.213	0 ms
Symbolic time: 0.288	0.288	0 ms
Numeric time: 0.214	0.215	0 ms
Symbolic time: 0.284	0.285	0 ms
Numeric time: 0.213	0.213	0 ms
Symbolic time: 0.294	0.294	0 ms
Numeric time: 0.214	0.214	0 ms
Symbolic time: 0.281	0.282	0 ms
Numeric time: 0.213	0.213	0 ms
Symbolic time: 0.29	0.291	0 ms
Numeric time: 0.212	0.213	0 ms
Symbolic time: 0.281	0.28	0 ms
Numeric time: 0.217	0.218	0 ms
Symbolic time: 0.283	0.283	0 ms
Numeric time: 0.216	0.215	0 ms
Symbolic time: 0.281	0.281	0 ms
Numeric time: 0.222	0.223	0 ms
Symbolic time: 0.281	0.281	0 ms
Numeric time: 0.215	0.216	0 ms
Symbolic time: 0.283	0.284	0 ms
Numeric time: 0.223	0.222	0 ms
Symbolic time: 0.282	0.281	0 ms
Numeric time: 0.216	0.215	0 ms
Symbolic time: 0.292	0.292	0 ms
Numeric time: 0.214	0.213	0 ms
Symbolic time: 0.283	0.284	0 ms
Numeric time: 0.213	0.213	0 ms
Symbolic time: 0.288	0.289	0 ms
Numeric time: 0.214	0.214	0 ms
Symbolic time: 0.286	0.285	0 ms
Numeric time: 0.214	0.213	0 ms
Symbolic time: 0.289	0.289	0 ms
Numeric time: 0.217	0.216	0 ms
Symbolic time: 0.282	0.283	0 ms
Numeric time: 0.219	0.222	0 ms
Symbolic time: 0.282	0.283	0 ms
Numeric time: 0.216	0.215	0 ms
Symbolic time: 0.282	0.282	0 ms
Numeric time: 0.221	0.22	0 ms
Symbolic time: 0.283	0.282	0 ms
Numeric time: 0.215	0.214	0 ms
Symbolic time: 0.283	0.283	0 ms
Numeric time: 0.221	0.221	0 ms
Symbolic time: 0.285	0.285	0 ms
Numeric time: 0.214	0.213	0 ms
Symbolic time: 0.29	0.289	0 ms
Numeric time: 0.214	0.215	0 ms
Symbolic time: 0.282	0.283	0 ms
Numeric time: 0.213	0.213	0 ms
Symbolic time: 0.287	0.286	0 ms
Numeric time: 0.212	0.212	0 ms
Symbolic time: 0.282	0.282	0 ms
Numeric time: 0.214	0.213	0 ms
Symbolic time: 0.286	0.286	0 ms
Numeric time: 0.212	0.213	0 ms
Symbolic time: 0.284	0.283	0 ms
Numeric time: 0.221	0.22	0 ms
Symbolic time: 0.282	0.282	0 ms
Numeric time: 0.213	0.213	0 ms
Symbolic time: 0.282	0.281	0 ms
Numeric time: 0.216	0.217	0 ms
Symbolic time: 0.283	0.282	0 ms
Numeric time: 0.213	0.213	0 ms
Symbolic time: 0.283	0.283	0 ms
Numeric time: 0.219	0.219	0 ms
Symbolic time: 0.283	0.284	0 ms
Numeric time: 0.211	0.212	0 ms
Symbolic time: 0.289	0.289	0 ms
Numeric time: 0.212	0.212	0 ms
Symbolic time: 0.283	0.283	0 ms
Numeric time: 0.212	0.212	0 ms
Symbolic time: 0.291	0.291	0 ms
Numeric time: 0.211	0.21	0 ms
Symbolic time: 0.284	0.284	0 ms
Numeric time: 0.21	0.211	0 ms
Symbolic time: 0.29	0.29	0 ms
Numeric time: 0.212	0.212	0 ms
Symbolic time: 0.652	0.645	0 ms
Numeric time: 0.694	0.695	0 ms
Symbolic time: 0.854	0.855	0 ms
Numeric time: 0.654	0.654	0 ms
Symbolic time: 0.858	0.859	0 ms
Numeric time: 0.654	0	0.654 ms
Symbolic time: 0.858	0.688	0.17 ms
Numeric time: 0.647	0.597	0.051 ms
Symbolic time: 0.862	0.861	0 ms
Numeric time: 0.651	0.652	0 ms
Symbolic time: 0.858	0.858	0 ms
Numeric time: 0.646	0.647	0 ms
Symbolic time: 0.86	0.86	0 ms
Numeric time: 0.644	0.644	0 ms
Symbolic time: 0.856	0.856	0 ms
Numeric time: 0.529	0.53	0 ms
Symbolic time: 0.537	0.537	0 ms
Numeric time: 0.412	0.412	0 ms
Symbolic time: 0.534	0.534	0 ms
Numeric time: 0.412	0.412	0 ms
Symbolic time: 0.537	0.537	0 ms
Numeric time: 0.412	0.412	0 ms
Symbolic time: 0.533	0.533	0 ms
Numeric time: 0.402	0	0.402 ms
Symbolic time: 0.546	0.111	0.435 ms
Numeric time: 0.408	0.375	0.032 ms
Symbolic time: 0.541	0.541	0 ms
Numeric time: 0.404	0.404	0 ms
Symbolic time: 0.544	0.543	0 ms
Numeric time: 0.407	0.407	0 ms
Symbolic time: 0.546	0.545	0 ms
Numeric time: 0.401	0.401	0 ms
Symbolic time: 0.542	0.542	0 ms
Numeric time: 0.406	0.406	0 ms
Symbolic time: 0.544	0.544	0 ms
Numeric time: 0.363	0.364	0 ms
Symbolic time: 0.351	0.327	0.024 ms
Numeric time: 0.272	0.272	0 ms
Symbolic time: 0.352	0.351	0 ms
Numeric time: 0.266	0.266	0 ms
Symbolic time: 0.359	0.359	0 ms
Numeric time: 0.268	0.269	0 ms
Symbolic time: 0.356	0.356	0 ms
Numeric time: 0.265	0.265	0 ms
Symbolic time: 0.354	0.353	0 ms
Numeric time: 0.27	0.27	0 ms
Symbolic time: 0.353	0.354	0 ms
Numeric time: 0.266	0.266	0 ms
Symbolic time: 0.358	0.357	0 ms
Numeric time: 0.263	0.263	0 ms
Symbolic time: 0.351	0.351	0 ms
Numeric time: 0.265	0.264	0.001 ms
Symbolic time: 0.352	0.352	0 ms
Numeric time: 0.266	0.266	0 ms
Symbolic time: 0.358	0.358	0 ms
Numeric time: 0.265	0.265	0 ms
Symbolic time: 0.348	0.347	0 ms
Numeric time: 0.27	0.27	0 ms
Symbolic time: 0.349	0.349	0 ms
Numeric time: 0.267	0.267	0 ms
Symbolic time: 0.359	0.359	0 ms
Numeric time: 0.268	0.268	0 ms
Symbolic time: 0.353	0.353	0 ms
Numeric time: 0.269	0.269	0 ms
Symbolic time: 0.353	0.354	0 ms
Numeric time: 0.244	0.244	0 ms
Symbolic time: 0.29	0.29	0 ms
Numeric time: 0.212	0.212	0 ms
Symbolic time: 0.282	0.282	0 ms
Numeric time: 0.213	0.212	0 ms
Symbolic time: 0.288	0.288	0 ms
Numeric time: 0.212	0.212	0 ms
Symbolic time: 0.282	0.282	0 ms
Numeric time: 0.213	0.212	0 ms
Symbolic time: 0.289	0.288	0 ms
Numeric time: 0.213	0.213	0 ms
Symbolic time: 0.281	0.281	0 ms
Numeric time: 0.219	0.219	0 ms
Symbolic time: 0.283	0.282	0 ms
Numeric time: 0.214	0.213	0 ms
Symbolic time: 0.285	0.284	0 ms
Numeric time: 0.217	0.216	0 ms
Symbolic time: 0.283	0.283	0 ms
Numeric time: 0.213	0.213	0 ms
Symbolic time: 0.285	0.284	0 ms
Numeric time: 0.217	0.217	0 ms
Symbolic time: 0.287	0.287	0 ms
Numeric time: 0.212	0.212	0 ms
Symbolic time: 0.294	0.294	0 ms
Numeric time: 0.215	0.215	0 ms
Symbolic time: 0.282	0.282	0 ms
Numeric time: 0.214	0.215	0 ms
Symbolic time: 0.286	0.286	0 ms
Numeric time: 0.211	0.21	0 ms
Symbolic time: 0.282	0.282	0 ms
Numeric time: 0.21	0.211	0 ms
Symbolic time: 0.288	0.289	0 ms
Numeric time: 0.212	0.212	0 ms
Symbolic time: 0.286	0.285	0 ms
Numeric time: 0.218	0.219	0 ms
Symbolic time: 0.282	0.282	0 ms
Numeric time: 0.214	0.214	0 ms
Symbolic time: 0.283	0.282	0 ms
Numeric time: 0.22	0.22	0 ms
Symbolic time: 0.283	0.283	0 ms
Numeric time: 0.211	0.212	0 ms
Symbolic time: 0.283	0.284	0 ms
Numeric time: 0.22	0.22	0 ms
Symbolic time: 0.282	0.283	0 ms
Numeric time: 0.214	0.214	0 ms
Symbolic time: 0.287	0.287	0 ms
Numeric time: 0.217	0.217	0 ms
Symbolic time: 0.286	0.286	0 ms
Numeric time: 0.214	0.214	0 ms
Symbolic time: 0.288	0.288	0 ms
Numeric time: 0.214	0.213	0 ms
Symbolic time: 0.285	0.285	0 ms
Numeric time: 0.214	0.215	0 ms
Symbolic time: 0.29	0.291	0 ms
Numeric time: 0.214	0.214	0 ms
Symbolic time: 0.281	0.28	0 ms
Numeric time: 0.22	0.22	0 ms
Symbolic time: 0.285	0.284	0 ms
Numeric time: 0.216	0.217	0 ms
Symbolic time: 0.282	0.283	0 ms
Numeric time: 0.221	0.22	0 ms
Symbolic time: 0.285	0.285	0 ms
Numeric time: 0.214	0.214	0 ms
Symbolic time: 0.287	0.288	0 ms
Numeric time: 0.215	0.216	0 ms
Symbolic time: 0.285	0.285	0 ms
Numeric time: 0.215	0.216	0 ms
Symbolic time: 0.288	0.288	0 ms
Numeric time: 0.216	0.216	0 ms
Symbolic time: 0.284	0.285	0 ms
Numeric time: 0.215	0.215	0 ms
Symbolic time: 0.29	0.29	0 ms
Numeric time: 0.215	0.216	0 ms
Symbolic time: 0.282	0.282	0 ms
Numeric time: 0.213	0.213	0 ms
Symbolic time: 0.284	0	0.283 ms
Numeric time: 0.215	0	0.215 ms
Symbolic time: 0.284	0	0.284 ms
Numeric time: 0.22	0.163	0.057 ms
Symbolic time: 0.287	0.266	0.021 ms
Numeric time: 0.215	0.2	0.015 ms
Symbolic time: 0.283	0.263	0.021 ms
Numeric time: 0.218	0.218	0 ms
Symbolic time: 0.282	0.282	0 ms
Numeric time: 0.213	0.214	0 ms
Symbolic time: 0.286	0.285	0 ms
Numeric time: 0.216	0.216	0 ms
Symbolic time: 0.283	0.283	0 ms
Numeric time: 0.213	0.213	0 ms
Symbolic time: 0.288	0.288	0 ms
Numeric time: 0.214	0.214	0 ms
Symbolic time: 0.283	0.283	0 ms
Numeric time: 0.214	0.215	0 ms
Symbolic time: 0.289	0.289	0 ms
Numeric time: 0.218	0.217	0 ms
Symbolic time: 0.281	0.281	0 ms
Numeric time: 0.218	0	0.219 ms
Symbolic time: 0.282	0	0.282 ms
Numeric time: 0.215	0	0.216 ms
Symbolic time: 0.281	0.092	0.19 ms
Numeric time: 0.22	0.22	0 ms
Symbolic time: 0.282	0.281	0 ms
Numeric time: 0.215	0.215	0 ms
Symbolic time: 0.284	0.277	0.006 ms
Numeric time: 0.218	0.217	0 ms
Symbolic time: 0.283	0.283	0 ms
Numeric time: 0.214	0.215	0 ms
Symbolic time: 0.289	0.288	0 ms
Numeric time: 0.214	0.214	0 ms
Symbolic time: 0.283	0.282	0 ms
Numeric time: 0.217	0.217	0 ms
Symbolic time: 0.285	0.286	0 ms
Numeric time: 0.215	0.214	0 ms
Symbolic time: 0.282	0.282	0 ms
Numeric time: 0.214	0.215	0 ms
Symbolic time: 0.284	0.284	0 ms
Numeric time: 0.215	0.215	0 ms
Symbolic time: 0.283	0.283	0 ms
Numeric time: 0.217	0.217	0 ms
Symbolic time: 0.282	0.282	0 ms
Numeric time: 0.215	0.215	0 ms
Symbolic time: 0.283	0.282	0 ms
Numeric time: 0.221	0.222	0 ms
Symbolic time: 0.284	0.284	0 ms
Numeric time: 0.215	0.215	0 ms
Symbolic time: 0.285	0.285	0 ms
Numeric time: 0.218	0	0.216 ms
Symbolic time: 0.283	0	0.282 ms
Numeric time: 0.211	0	0.212 ms
Symbolic time: 0.286	0.162	0.124 ms
Numeric time: 0.216	0.2	0.016 ms
Symbolic time: 0.284	0.263	0.021 ms
Numeric time: 0.214	0.199	0.017 ms
Symbolic time: 0.285	0.286	0 ms
Numeric time: 0.214	0.215	0 ms
Symbolic time: 0.282	0.283	0 ms
Numeric time: 0.214	0.21	0.004 ms
Symbolic time: 0.29	0.29	0 ms
Numeric time: 0.214	0.214	0 ms
Symbolic time: 0.285	0.285	0 ms
Numeric time: 0.222	0.222	0 ms
Symbolic time: 0.282	0.282	0 ms
Numeric time: 0.215	0.215	0 ms
Symbolic time: 0.282	0.283	0 ms
Numeric time: 0.217	0.217	0 ms
Symbolic time: 0.285	0.284	0 ms
Numeric time: 0.215	0.214	0 ms
Symbolic time: 0.286	0.286	0 ms
Numeric time: 0.214	0.215	0 ms
Symbolic time: 0.285	0.285	0 ms
Numeric time: 0.214	0.215	0 ms
Symbolic time: 0.287	0.287	0 ms
Numeric time: 0.215	0.215	0 ms
Symbolic time: 0.282	0.282	0 ms
Numeric time: 0.214	0.215	0 ms
Symbolic time: 0.287	0.287	0 ms
Numeric time: 0.215	0.215	0 ms
Symbolic time: 0.286	0.285	0 ms
Numeric time: 0.214	0.214	0 ms
Symbolic time: 0.283	0.284	0 ms
Numeric time: 0.213	0.213	0 ms
Symbolic time: 0.283	0.282	0 ms
Numeric time: 0.217	0.217	0 ms
Symbolic time: 0.284	0.284	0 ms
Numeric time: 0.214	0.214	0 ms
Symbolic time: 0.283	0.283	0 ms
Numeric time: 0.218	0.218	0 ms
Symbolic time: 0.285	0.285	0 ms
Numeric time: 0.215	0.215	0 ms
Symbolic time: 0.287	0.287	0 ms
Numeric time: 0.215	0.216	0 ms
Symbolic time: 0.285	0.285	0 ms
Numeric time: 0.215	0.215	0 ms
Symbolic time: 0.286	0.286	0 ms
Numeric time: 0.217	0.217	0 ms
Symbolic time: 0.282	0.282	0 ms
Numeric time: 0.211	0.211	0 ms
Symbolic time: 0.285	0.285	0 ms
Numeric time: 0.213	0.213	0 ms
Symbolic time: 0.283	0.282	0 ms
Numeric time: 0.214	0.214	0 ms
Symbolic time: 0.284	0.283	0 ms
Numeric time: 0.213	0.214	0 ms
Symbolic time: 0.282	0.282	0 ms
Numeric time: 0.217	0.217	0 ms
Symbolic time: 0.284	0.285	0 ms
Numeric time: 0.213	0.213	0 ms
Symbolic time: 0.285	0.285	0 ms
Numeric time: 0.216	0.216	0 ms
Symbolic time: 0.284	0.284	0 ms
Numeric time: 0.212	0.212	0 ms
Symbolic time: 0.284	0.284	0 ms
Numeric time: 0.213	0.213	0 ms
Symbolic time: 0.286	0.286	0 ms
Numeric time: 0.211	0.211	0 ms
Symbolic time: 0.291	0.291	0 ms
Numeric time: 0.213	0.213	0 ms
Symbolic time: 0.284	0.284	0 ms
Numeric time: 0.211	0.211	0 ms
Symbolic time: 0.288	0.288	0 ms
Numeric time: 0.211	0.211	0 ms
Symbolic time: 0.283	0.284	0 ms
Numeric time: 0.214	0.214	0 ms
Symbolic time: 0.282	0	0.281 ms
Numeric time: 0.214	0	0.213 ms
Symbolic time: 0.282	0	0.283 ms
Numeric time: 0.218	0.164	0.054 ms
Symbolic time: 0.281	0.262	0.021 ms
Numeric time: 0.212	0.196	0.015 ms
Symbolic time: 0.284	0.263	0.021 ms
Numeric time: 0.216	0.216	0 ms
Symbolic time: 0.281	0.281	0 ms
Numeric time: 0.213	0.213	0 ms
Symbolic time: 0.289	0.289	0 ms
Numeric time: 0.215	0.215	0 ms
Symbolic time: 0.283	0.282	0 ms
Numeric time: 0.212	0.213	0 ms
Symbolic time: 0.293	0.293	0 ms
Numeric time: 0.212	0.212	0 ms
Symbolic time: 0.28	0.281	0 ms
Numeric time: 0.213	0.213	0 ms
Symbolic time: 0.291	0.291	0 ms
Numeric time: 0.212	0.214	0 ms
Symbolic time: 0.282	0.282	0 ms
Numeric time: 0.217	0.217	0 ms
Symbolic time: 0.285	0.285	0 ms
Numeric time: 0.212	0.212	0 ms
Symbolic time: 0.284	0.285	0 ms
Numeric time: 0.219	0.219	0 ms
Symbolic time: 0.284	0.284	0 ms
Numeric time: 0.212	0.212	0 ms
Symbolic time: 0.284	0.283	0.001 ms
Numeric time: 0.218	0.217	0 ms
Symbolic time: 0.285	0.284	0 ms
Numeric time: 0.213	0.214	0 ms
Symbolic time: 0.285	0.286	0 ms
Numeric time: 0.211	0.211	0 ms
Symbolic time: 0.285	0.286	0 ms
Numeric time: 0.214	0.213	0 ms
Symbolic time: 0.289	0.289	0 ms
Numeric time: 0.212	0.213	0 ms
Symbolic time: 0.283	0.283	0 ms
Numeric time: 0.213	0.213	0 ms
Symbolic time: 0.289	0.288	0 ms
Numeric time: 0.214	0.215	0 ms
Symbolic time: 0.281	0.28	0 ms
Numeric time: 0.22	0.22	0 ms
Symbolic time: 0.283	0.283	0 ms
Numeric time: 0.215	0.216	0 ms
Symbolic time: 0.283	0.282	0 ms
Numeric time: 0.222	0.221	0 ms
Symbolic time: 0.282	0.281	0 ms
Numeric time: 0.214	0.214	0 ms
Symbolic time: 0.283	0.283	0 ms
Numeric time: 0.215	0	0.215 ms
Symbolic time: 0.284	0	0.284 ms
Numeric time: 0.213	0	0.214 ms
Symbolic time: 0.286	0.164	0.122 ms
Numeric time: 0.213	0.197	0.015 ms
Symbolic time: 0.282	0.262	0.021 ms
Numeric time: 0.214	0.198	0.016 ms
Symbolic time: 0.286	0.286	0 ms
Numeric time: 0.215	0.216	0 ms
Symbolic time: 0.284	0.284	0 ms
Numeric time: 0.216	0.212	0.005 ms
Symbolic time: 0.28	0	0.281 ms
Numeric time: 0.215	0	0.214 ms
Symbolic time: 0.284	0	0.283 ms
Numeric time: 0.219	0.167	0.053 ms
Symbolic time: 0.283	0.262	0.022 ms
Numeric time: 0.215	0.199	0.017 ms
Symbolic time: 0.285	0.263	0.022 ms
Numeric time: 0.218	0.218	0 ms
Symbolic time: 0.281	0.282	0 ms
Numeric time: 0.214	0.214	0 ms
Symbolic time: 0.286	0.285	0 ms
Numeric time: 0.215	0.214	0 ms
Symbolic time: 0.283	0.284	0 ms
Numeric time: 0.217	0.217	0 ms
Symbolic time: 0.287	0.287	0 ms
Numeric time: 0.212	0.212	0 ms
Symbolic time: 0.283	0.283	0 ms
Numeric time: 0.215	0.214	0 ms
Symbolic time: 0.287	0.287	0 ms
Numeric time: 0.215	0.214	0 ms
Symbolic time: 0.283	0.284	0 ms
Numeric time: 0.215	0.213	0.003 ms
Symbolic time: 0.283	0.282	0 ms
Numeric time: 0.216	0.216	0 ms
Symbolic time: 0.282	0.282	0 ms
Numeric time: 0.217	0.217	0 ms
Symbolic time: 0.281	0.282	0 ms
Numeric time: 0.212	0.213	0 ms
Symbolic time: 0.283	0.283	0 ms
Numeric time: 0.217	0.217	0 ms
Symbolic time: 0.284	0.284	0 ms
Numeric time: 0.216	0.217	0 ms
Symbolic time: 0.286	0.286	0 ms
Numeric time: 0.214	0.215	0 ms
Symbolic time: 0.283	0.283	0 ms
Numeric time: 0.212	0.213	0 ms
Symbolic time: 0.286	0.285	0 ms
Numeric time: 0.214	0.214	0 ms
Symbolic time: 0.282	0.282	0 ms
Numeric time: 0.213	0.212	0 ms
Symbolic time: 0.286	0.286	0 ms
Numeric time: 0.213	0.213	0 ms
Symbolic time: 0.283	0.282	0 ms
Numeric time: 0.214	0.213	0 ms
Symbolic time: 0.285	0	0.284 ms
Numeric time: 0.213	0	0.213 ms
Symbolic time: 0.283	0	0.283 ms
Numeric time: 0.219	0.17	0.05 ms
Symbolic time: 0.282	0.262	0.021 ms
Numeric time: 0.213	0.196	0.016 ms
Symbolic time: 0.282	0.26	0.021 ms
Numeric time: 0.215	0.215	0 ms
Symbolic time: 0.284	0.284	0 ms
Numeric time: 0.215	0.215	0 ms
Symbolic time: 0.294	0.294	0 ms
Numeric time: 0.215	0.215	0 ms
Symbolic time: 0.284	0.285	0 ms
Numeric time: 0.216	0.216	0 ms
Symbolic time: 0.287	0.287	0 ms
Numeric time: 0.216	0.216	0 ms
Symbolic time: 0.282	0.281	0 ms
Numeric time: 0.215	0.215	0 ms
Symbolic time: 0.293	0.294	0 ms
Numeric time: 0.215	0.215	0 ms
Symbolic time: 0.282	0.282	0 ms
Numeric time: 0.217	0.217	0 ms
Symbolic time: 0.284	0.284	0 ms
Numeric time: 0.215	0.215	0 ms
Symbolic time: 0.282	0.281	0 ms
Numeric time: 0.219	0.22	0 ms
Symbolic time: 0.283	0.284	0 ms
Numeric time: 0.214	0.213	0 ms
Symbolic time: 0.283	0.283	0.001 ms
Numeric time: 0.217	0	0.216 ms
Symbolic time: 0.283	0	0.284 ms
Numeric time: 0.213	0	0.213 ms
Symbolic time: 0.287	0.167	0.12 ms
Numeric time: 0.213	0.196	0.017 ms
Symbolic time: 0.283	0.262	0.021 ms
Numeric time: 0.215	0.198	0.017 ms
Symbolic time: 0.29	0.291	0 ms
Numeric time: 0.214	0.214	0 ms
Symbolic time: 0.283	0.283	0 ms
Numeric time: 0.214	0.209	0.004 ms
Symbolic time: 0.288	0.287	0 ms
Numeric time: 0.216	0.217	0 ms
Symbolic time: 0.281	0.282	0 ms
Numeric time: 0.219	0.219	0 ms
Symbolic time: 0.282	0.282	0 ms
Numeric time: 0.215	0.215	0 ms
Symbolic time: 0.284	0.284	0 ms
Numeric time: 0.22	0.22	0 ms
Symbolic time: 0.284	0.285	0 ms
Numeric time: 0.216	0.216	0 ms
Symbolic time: 0.289	0.29	0 ms
Numeric time: 0.216	0.216	0 ms
Symbolic time: 0.288	0.288	0 ms
Numeric time: 0.213	0.214	0 ms
Symbolic time: 0.29	0.29	0 ms
Numeric time: 0.215	0.215	0 ms
Symbolic time: 0.283	0.283	0 ms
Numeric time: 0.214	0.214	0 ms
Symbolic time: 0.289	0.289	0 ms
Numeric time: 0.215	0.216	0 ms
Symbolic time: 0.283	0.284	0 ms
Numeric time: 0.219	0.218	0 ms
Symbolic time: 0.286	0.285	0 ms
Numeric time: 0.214	0.214	0 ms
Symbolic time: 0.285	0.284	0 ms
Numeric time: 0.22	0.22	0 ms
Symbolic time: 0.283	0.282	0 ms
Numeric time: 0.215	0.216	0 ms
Symbolic time: 0.283	0.283	0 ms
Numeric time: 0.222	0.222	0 ms
Symbolic time: 0.285	0.285	0 ms
Numeric time: 0.217	0.218	0 ms
Symbolic time: 0.289	0.289	0 ms
Numeric time: 0.213	0.214	0 ms
Symbolic time: 0.282	0.281	0 ms
Numeric time: 0.218	0.219	0 ms
Symbolic time: 0.288	0.288	0 ms
Numeric time: 0.216	0.215	0 ms
Symbolic time: 0.283	0.283	0 ms
Numeric time: 0.214	0.215	0 ms
Symbolic time: 0.288	0.289	0 ms
Numeric time: 0.214	0.215	0 ms
Symbolic time: 0.284	0.284	0 ms
Numeric time: 0.219	0.218	0 ms
Symbolic time: 0.283	0.284	0 ms
Numeric time: 0.217	0.217	0 ms
Symbolic time: 0.282	0.283	0 ms
Numeric time: 0.222	0.222	0 ms
Symbolic time: 0.283	0.283	0 ms
Numeric time: 0.214	0.215	0 ms
Symbolic time: 0.288	0.288	0 ms
Numeric time: 0.214	0.214	0 ms
Symbolic time: 0.284	0.283	0 ms
Numeric time: 0.214	0.214	0 ms
Symbolic time: 0.284	0.284	0 ms
Numeric time: 0.216	0.217	0 ms
Symbolic time: 0.282	0.283	0 ms
Numeric time: 0.214	0.214	0 ms
Symbolic time: 0.285	0.285	0 ms
Numeric time: 0.218	0.217	0 ms
Symbolic time: 0.285	0.284	0 ms
Numeric time: 0.217	0.217	0 ms
Symbolic time: 0.283	0	0.283 ms
Numeric time: 0.216	0	0.216 ms
Symbolic time: 0.282	0	0.282 ms
Numeric time: 0.221	0.17	0.051 ms
Symbolic time: 0.282	0.261	0.021 ms
Numeric time: 0.215	0.199	0.016 ms
Symbolic time: 0.281	0.259	0.021 ms
Numeric time: 0.224	0.223	0 ms
Symbolic time: 0.28	0.28	0 ms
Numeric time: 0.216	0.216	0 ms
Symbolic time: 0.286	0.286	0 ms
Numeric time: 0.215	0.215	0 ms
Symbolic time: 0.281	0.281	0 ms
Numeric time: 0.212	0.212	0 ms
Symbolic time: 0.286	0.287	0 ms
Numeric time: 0.213	0.214	0 ms
Symbolic time: 0.284	0.284	0 ms
Numeric time: 0.216	0.217	0 ms
Symbolic time: 0.288	0.289	0 ms
Numeric time: 0.216	0.217	0 ms
Symbolic time: 0.282	0.282	0 ms
Numeric time: 0.223	0.224	0 ms
Symbolic time: 0.28	0.28	0 ms
Numeric time: 0.217	0.217	0 ms
Symbolic time: 0.282	0.282	0 ms
Numeric time: 0.221	0.221	0 ms
Symbolic time: 0.282	0.282	0 ms
Numeric time: 0.214	0.214	0 ms
Symbolic time: 0.282	0.281	0.001 ms
Numeric time: 0.221	0.22	0 ms
Symbolic time: 0.282	0.282	0 ms
Numeric time: 0.216	0.216	0 ms
Symbolic time: 0.286	0.287	0 ms
Numeric time: 0.216	0.216	0 ms
Symbolic time: 0.284	0.285	0 ms
Numeric time: 0.218	0.218	0 ms
Symbolic time: 0.283	0.283	0 ms
Numeric time: 0.215	0.215	0 ms
Symbolic time: 0.282	0.282	0 ms
Numeric time: 0.215	0.216	0 ms
Symbolic time: 0.291	0.292	0 ms
Numeric time: 0.214	0.214	0 ms
Symbolic time: 0.282	0.282	0 ms
Numeric time: 0.22	0.22	0 ms
Symbolic time: 0.283	0.282	0 ms
Numeric time: 0.215	0.215	0 ms
Symbolic time: 0.281	0.281	0 ms
Numeric time: 0.22	0.221	0 ms
Symbolic time: 0.283	0.283	0 ms
Numeric time: 0.218	0.218	0 ms
Symbolic time: 0.283	0.283	0 ms
Numeric time: 0.213	0.213	0 ms
Symbolic time: 0.283	0.282	0 ms
Numeric time: 0.215	0.215	0 ms
Symbolic time: 0.288	0.287	0 ms
Numeric time: 0.217	0.218	0 ms
Symbolic time: 0.282	0.283	0 ms
Numeric time: 0.216	0.216	0 ms
Symbolic time: 0.289	0.289	0 ms
Numeric time: 0.216	0.216	0 ms
Symbolic time: 0.284	0.284	0 ms
Numeric time: 0.213	0.213	0 ms
Symbolic time: 0.283	0.284	0 ms
Numeric time: 0.215	0.215	0 ms
Symbolic time: 0.282	0.282	0 ms
Numeric time: 0.221	0.221	0 ms
Symbolic time: 0.284	0.284	0 ms
Numeric time: 0.214	0.214	0 ms
Symbolic time: 0.284	0.284	0 ms
Numeric time: 0.221	0.221	0 ms
Symbolic time: 0.287	0.287	0 ms
Numeric time: 0.214	0.215	0 ms
Symbolic time: 0.288	0.287	0 ms
Numeric time: 0.214	0.215	0 ms
Symbolic time: 0.281	0.281	0 ms
Numeric time: 0.216	0.216	0 ms
Symbolic time: 0.287	0.288	0 ms
Numeric time: 0.214	0.214	0 ms
Symbolic time: 0.283	0.282	0 ms
Numeric time: 0.217	0.217	0 ms
Symbolic time: 0.29	0.29	0 ms
Numeric time: 0.213	0.213	0 ms
Symbolic time: 0.281	0.282	0 ms
Numeric time: 0.213	0.213	0 ms
Symbolic time: 0.284	0.284	0 ms
Numeric time: 0.213	0.214	0 ms
Symbolic time: 0.284	0.285	0 ms
Numeric time: 0.22	0.219	0 ms
Symbolic time: 0.285	0.285	0 ms
Numeric time: 0.213	0.213	0 ms
Symbolic time: 0.283	0.284	0 ms
Numeric time: 0.22	0.221	0 ms
Symbolic time: 0.284	0.284	0 ms
Numeric time: 0.214	0.214	0 ms
Symbolic time: 0.287	0.287	0 ms
Numeric time: 0.213	0.214	0 ms
Symbolic time: 0.282	0.282	0 ms
Numeric time: 0.214	0.214	0 ms
Symbolic time: 0.291	0.291	0 ms
Numeric time: 0.216	0.216	0 ms
Symbolic time: 0.284	0.283	0 ms
Numeric time: 0.213	0.213	0 ms
Symbolic time: 0.287	0.287	0 ms
Numeric time: 0.214	0.215	0 ms
Symbolic time: 0.283	0.283	0 ms
Numeric time: 0.22	0.22	0 ms
Symbolic time: 0.284	0.285	0 ms
Numeric time: 0.214	0.214	0 ms
Symbolic time: 0.284	0.284	0 ms
Numeric time: 0.219	0.219	0 ms
Symbolic time: 0.284	0.284	0 ms
Numeric time: 0.214	0.214	0 ms
Symbolic time: 0.288	0.287	0 ms
Numeric time: 0.215	0.215	0 ms
Symbolic time: 0.282	0.282	0 ms
Numeric time: 0.215	0.215	0 ms
Symbolic time: 0.288	0.287	0 ms
Numeric time: 0.216	0.216	0 ms
Symbolic time: 0.282	0.281	0 ms
Numeric time: 0.215	0.215	0 ms
Symbolic time: 0.286	0.286	0 ms
Numeric time: 0.213	0.214	0 ms
Symbolic time: 0.28	0.28	0 ms
Numeric time: 0.213	0.213	0 ms
Symbolic time: 0.286	0.286	0 ms
Numeric time: 0.212	0.212	0 ms
Symbolic time: 0.283	0.282	0 ms
Numeric time: 0.215	0.216	0 ms
Symbolic time: 0.284	0.284	0 ms
Numeric time: 0.214	0.215	0 ms
Symbolic time: 0.281	0.281	0 ms
Numeric time: 0.219	0.22	0 ms
Symbolic time: 0.281	0.281	0 ms
Numeric time: 0.212	0.212	0 ms
Symbolic time: 0.288	0.288	0 ms
Numeric time: 0.214	0.214	0 ms
Symbolic time: 0.286	0.285	0 ms
Numeric time: 0.215	0.215	0 ms
Symbolic time: 0.292	0.292	0 ms
Numeric time: 0.209	0.21	0 ms
Symbolic time: 0.284	0.284	0 ms
Numeric time: 0.212	0.212	0 ms
Symbolic time: 0.289	0.289	0 ms
Numeric time: 0.217	0.218	0 ms
Symbolic time: 0.283	0.283	0 ms
Numeric time: 0.212	0.213	0 ms
Symbolic time: 0.283	0.283	0 ms
Numeric time: 0.212	0.212	0 ms
Symbolic time: 0.283	0.283	0 ms
Numeric time: 0.219	0.22	0 ms
Symbolic time: 0.283	0.283	0 ms
Numeric time: 0.213	0.214	0 ms
Symbolic time: 0.285	0.285	0 ms
Numeric time: 0.216	0.217	0 ms
Symbolic time: 0.283	0.283	0 ms
Numeric time: 0.214	0.215	0 ms
Symbolic time: 0.289	0.289	0 ms
Numeric time: 0.215	0.215	0 ms
Symbolic time: 0.285	0.284	0 ms
Numeric time: 0.211	0.212	0 ms
Symbolic time: 0.288	0.287	0 ms
Numeric time: 0.211	0.212	0 ms
Symbolic time: 0.283	0.283	0 ms
Numeric time: 0.213	0.213	0 ms
Symbolic time: 0.287	0.287	0 ms
Numeric time: 0.214	0.213	0 ms
Symbolic time: 0.284	0.284	0 ms
Numeric time: 0.214	0.215	0 ms
Symbolic time: 0.283	0.283	0 ms
Numeric time: 0.215	0.215	0 ms
Symbolic time: 0.283	0.283	0 ms
Numeric time: 0.22	0.22	0 ms
Symbolic time: 0.283	0.283	0 ms
Numeric time: 0.214	0.214	0 ms
Symbolic time: 0.284	0.284	0 ms
Numeric time: 0.22	0.221	0 ms
Symbolic time: 0.284	0.283	0 ms
Numeric time: 0.216	0.215	0 ms
Symbolic time: 0.291	0.291	0 ms
Numeric time: 0.215	0.215	0 ms
Symbolic time: 0.283	0.282	0 ms
Numeric time: 0.215	0.215	0 ms
Symbolic time: 0.289	0.29	0 ms
Numeric time: 0.213	0.213	0 ms
Symbolic time: 0.284	0.283	0 ms
Numeric time: 0.214	0.214	0 ms
Symbolic time: 0.287	0.287	0 ms
Numeric time: 0.215	0.215	0 ms
Symbolic time: 0.282	0.283	0 ms
Numeric time: 0.215	0.216	0 ms
Symbolic time: 0.284	0.284	0 ms
Numeric time: 0.214	0.214	0 ms
Symbolic time: 0.286	0.287	0 ms
Numeric time: 0.221	0.222	0 ms
Symbolic time: 0.283	0.283	0 ms
Numeric time: 0.215	0.216	0 ms
Symbolic time: 0.283	0.284	0 ms
Numeric time: 0.22	0.221	0 ms
Symbolic time: 0.284	0.284	0 ms
Numeric time: 0.214	0.214	0 ms
Symbolic time: 0.287	0.288	0 ms
Numeric time: 0.214	0.214	0 ms
Symbolic time: 0.285	0.286	0 ms
Numeric time: 0.213	0.213	0 ms
Symbolic time: 0.291	0.291	0 ms
Numeric time: 0.215	0.215	0 ms
Symbolic time: 0.286	0.286	0 ms
Numeric time: 0.216	0.216	0 ms
Symbolic time: 0.288	0.289	0 ms
Numeric time: 0.217	0.218	0 ms
Symbolic time: 0.284	0.283	0 ms
Numeric time: 0.22	0.22	0 ms
Symbolic time: 0.282	0.282	0 ms
Numeric time: 0.215	0.215	0 ms
Symbolic time: 0.285	0.285	0 ms
Numeric time: 0.22	0.22	0 ms
Symbolic time: 0.283	0.283	0 ms
Numeric time: 0.213	0.213	0 ms
Symbolic time: 0.287	0.286	0 ms
Numeric time: 0.215	0.215	0 ms
Symbolic time: 0.283	0.283	0 ms
Numeric time: 0.212	0.212	0 ms
Symbolic time: 0.287	0.288	0 ms
Numeric time: 0.213	0.213	0 ms
Symbolic time: 0.282	0.282	0 ms
Numeric time: 0.214	0.214	0 ms
Symbolic time: 0.287	0.288	0 ms
Numeric time: 0.212	0.213	0 ms
Symbolic time: 0.284	0.283	0 ms
Numeric time: 0.217	0.217	0 ms
Symbolic time: 0.282	0.283	0 ms
Numeric time: 0.214	0.215	0 ms
Symbolic time: 0.285	0.285	0 ms
Numeric time: 0.218	0.217	0 ms
Symbolic time: 0.283	0.283	0 ms
Numeric time: 0.214	0.214	0 ms
Symbolic time: 0.282	0.283	0 ms
Numeric time: 0.218	0	0.218 ms
Symbolic time: 0.283	0	0.284 ms
Numeric time: 0.214	0	0.213 ms
Symbolic time: 0.291	0.161	0.129 ms
Numeric time: 0.218	0.204	0.014 ms
Symbolic time: 0.284	0.265	0.018 ms
Numeric time: 0.214	0.2	0.014 ms
Symbolic time: 0.289	0.29	0 ms
Numeric time: 0.215	0.216	0 ms
Symbolic time: 0.283	0.284	0 ms
Numeric time: 0.215	0.21	0.004 ms
Symbolic time: 0.287	0.287	0 ms
Numeric time: 0.216	0.216	0 ms
Symbolic time: 0.284	0.284	0 ms
Numeric time: 0.22	0.22	0 ms
Symbolic time: 0.285	0.285	0 ms
Numeric time: 0.213	0.214	0 ms
Symbolic time: 0.284	0.284	0 ms
Numeric time: 0.233	0.234	0 ms
Symbolic time: 0.285	0.285	0 ms
Numeric time: 0.215	0.216	0 ms
Symbolic time: 0.29	0.29	0 ms
Numeric time: 0.215	0.215	0 ms
Symbolic time: 0.283	0.283	0 ms
Numeric time: 0.216	0.216	0 ms
Symbolic time: 0.286	0.287	0 ms
Numeric time: 0.216	0.216	0 ms
Symbolic time: 0.284	0.285	0 ms
Numeric time: 0.213	0.213	0 ms
Symbolic time: 0.288	0.288	0 ms
Numeric time: 0.215	0.216	0 ms
Symbolic time: 0.284	0.284	0 ms
Numeric time: 0.214	0.213	0 ms
Symbolic time: 0.282	0	0.281 ms
Numeric time: 0.214	0	0.214 ms
Symbolic time: 0.283	0	0.282 ms
Numeric time: 0.22	0.157	0.063 ms
Symbolic time: 0.283	0.264	0.019 ms
Numeric time: 0.215	0.2	0.015 ms
Symbolic time: 0.284	0.264	0.019 ms
Numeric time: 0.224	0.224	0 ms
Symbolic time: 0.283	0.284	0 ms
Numeric time: 0.215	0.215	0 ms
Symbolic time: 0.288	0.288	0 ms
Numeric time: 0.215	0.215	0 ms
Symbolic time: 0.285	0.285	0 ms
Numeric time: 0.214	0.214	0 ms
Symbolic time: 0.286	0.286	0 ms
Numeric time: 0.215	0.215	0 ms
Symbolic time: 0.281	0.281	0 ms
Numeric time: 0.213	0.213	0 ms
Symbolic time: 0.284	0.284	0 ms
Numeric time: 0.215	0.215	0 ms
Symbolic time: 0.283	0.283	0 ms
Numeric time: 0.216	0.212	0.003 ms
Symbolic time: 0.284	0.284	0 ms
Numeric time: 0.215	0.214	0 ms
Symbolic time: 0.287	0.286	0 ms
Numeric time: 0.221	0.221	0 ms
Symbolic time: 0.283	0.283	0 ms
Numeric time: 0.214	0.215	0 ms
Symbolic time: 0.284	0.284	0 ms
Numeric time: 0.219	0	0.219 ms
Symbolic time: 0.283	0	0.283 ms
Numeric time: 0.216	0	0.216 ms
Symbolic time: 0.286	0.15	0.136 ms
Numeric time: 0.216	0.2	0.014 ms
Symbolic time: 0.284	0.265	0.019 ms
Numeric time: 0.214	0.2	0.014 ms
Symbolic time: 0.29	0.29	0 ms
Numeric time: 0.216	0.217	0 ms
Symbolic time: 0.283	0.283	0 ms
Numeric time: 0.215	0.21	0.004 ms
Symbolic time: 0.287	0.288	0 ms
Numeric time: 0.213	0.213	0 ms
Symbolic time: 0.281	0.282	0 ms
Numeric time: 0.221	0.221	0 ms
Symbolic time: 0.283	0.283	0 ms
Numeric time: 0.214	0.214	0 ms
Symbolic time: 0.283	0.283	0 ms
Numeric time: 0.217	0	0.217 ms
Symbolic time: 0.283	0	0.283 ms
Numeric time: 0.215	0	0.215 ms
Symbolic time: 0.283	0.079	0.202 ms
Numeric time: 0.218	0.218	0 ms
Symbolic time: 0.282	0.282	0 ms
Numeric time: 0.216	0.216	0 ms
Symbolic time: 0.289	0.29	0 ms
Numeric time: 0.216	0.216	0 ms
Symbolic time: 0.282	0.282	0 ms
Numeric time: 0.213	0.213	0 ms
Symbolic time: 0.289	0.289	0 ms
Numeric time: 0.214	0.213	0 ms
Symbolic time: 0.284	0.284	0 ms
Numeric time: 0.213	0.213	0 ms
Symbolic time: 0.29	0.29	0 ms
Numeric time: 0.215	0.215	0 ms
Symbolic time: 0.281	0.281	0 ms
Numeric time: 0.222	0.222	0 ms
Symbolic time: 0.282	0.282	0 ms
Numeric time: 0.214	0.214	0 ms
Symbolic time: 0.283	0.283	0 ms
Numeric time: 0.218	0	0.218 ms
Symbolic time: 0.282	0	0.283 ms
Numeric time: 0.215	0	0.215 ms
Symbolic time: 0.287	0.157	0.131 ms
Numeric time: 0.218	0.203	0.016 ms
Symbolic time: 0.284	0.264	0.02 ms
Numeric time: 0.217	0.202	0.016 ms
Symbolic time: 0.289	0.29	0 ms
Numeric time: 0.216	0.215	0 ms
Symbolic time: 0.282	0.282	0 ms
Numeric time: 0.212	0.209	0.004 ms
Symbolic time: 0.287	0.287	0 ms
Numeric time: 0.215	0.216	0 ms
Symbolic time: 0.283	0.283	0 ms
Numeric time: 0.216	0.212	0.004 ms
Symbolic time: 0.284	0.284	0 ms
Numeric time: 0.213	0.212	0 ms
Symbolic time: 0.281	0.281	0 ms
Numeric time: 0.221	0.222	0 ms
Symbolic time: 0.281	0.281	0 ms
Numeric time: 0.216	0.215	0 ms
Symbolic time: 0.283	0.283	0 ms
Numeric time: 0.223	0.223	0 ms
Symbolic time: 0.281	0.281	0 ms
Numeric time: 0.215	0.214	0 ms
Symbolic time: 0.289	0.29	0 ms
Numeric time: 0.213	0.214	0 ms
Symbolic time: 0.282	0.281	0 ms
Numeric time: 0.215	0.216	0 ms
Symbolic time: 0.288	0.288	0 ms
Numeric time: 0.215	0.214	0 ms
Symbolic time: 0.282	0.282	0 ms
Numeric time: 0.215	0.215	0 ms
Symbolic time: 0.29	0.29	0 ms
Numeric time: 0.213	0.214	0 ms
Symbolic time: 0.282	0.281	0 ms
Numeric time: 0.218	0.218	0 ms
Symbolic time: 0.282	0.282	0 ms
Numeric time: 0.216	0.217	0 ms
Symbolic time: 0.282	0.283	0 ms
Numeric time: 0.22	0.22	0 ms
Symbolic time: 0.282	0.283	0 ms
Numeric time: 0.217	0.217	0 ms
Symbolic time: 0.281	0.282	0 ms
Numeric time: 0.223	0	0.224 ms
Symbolic time: 0.283	0	0.283 ms
Numeric time: 0.214	0	0.214 ms
Symbolic time: 0.29	0.16	0.13 ms
Numeric time: 0.214	0.199	0.015 ms
Symbolic time: 0.282	0.262	0.02 ms
Numeric time: 0.215	0.2	0.015 ms
Symbolic time: 0.287	0.287	0 ms
Numeric time: 0.217	0.217	0 ms
Symbolic time: 0.282	0.282	0 ms
Numeric time: 0.216	0.212	0.004 ms
Symbolic time: 0.292	0.292	0 ms
Numeric time: 0.216	0.216	0 ms
Symbolic time: 0.282	0.281	0 ms
Numeric time: 0.218	0.217	0 ms
Symbolic time: 0.282	0.282	0 ms
Numeric time: 0.217	0.217	0 ms
Symbolic time: 0.281	0.282	0 ms
Numeric time: 0.222	0	0.223 ms
Symbolic time: 0.281	0	0.281 ms
Numeric time: 0.216	0	0.216 ms
Symbolic time: 0.288	0.16	0.128 ms
Numeric time: 0.216	0.2	0.016 ms
Symbolic time: 0.283	0.263	0.02 ms
Numeric time: 0.216	0.2	0.016 ms
Symbolic time: 0.288	0.288	0 ms
Numeric time: 0.216	0.216	0 ms
Symbolic time: 0.283	0.284	0 ms
Numeric time: 0.216	0.212	0.005 ms
Symbolic time: 0.285	0.286	0 ms
Numeric time: 0.215	0.215	0 ms
Symbolic time: 0.284	0.285	0 ms
Numeric time: 0.216	0.211	0.004 ms
Symbolic time: 0.284	0	0.284 ms
Numeric time: 0.213	0	0.214 ms
Symbolic time: 0.284	0	0.283 ms
Numeric time: 0.22	0	0.219 ms
Symbolic time: 0.284	0	0.285 ms
Numeric time: 0.214	0	0.214 ms
Symbolic time: 0.283	0	0.282 ms
Numeric time: 0.219	0.219	0 ms
Symbolic time: 0.287	0.287	0 ms
Numeric time: 0.214	0.209	0.007 ms
Symbolic time: 0.289	0.289	0 ms
Numeric time: 0.214	0.214	0 ms
Symbolic time: 0.284	0.284	0 ms
Numeric time: 0.216	0.211	0.005 ms
Symbolic time: 0.287	0.287	0 ms
Numeric time: 0.217	0.217	0 ms
Symbolic time: 0.284	0.284	0 ms
Numeric time: 0.215	0.21	0.005 ms
Symbolic time: 0.29	0.29	0 ms
Numeric time: 0.215	0.214	0 ms
Symbolic time: 0.285	0.285	0 ms
Numeric time: 0.222	0.221	0 ms
Symbolic time: 0.281	0.281	0 ms
Numeric time: 0.218	0.218	0 ms
Symbolic time: 0.283	0.283	0 ms
Numeric time: 0.22	0.22	0 ms
Symbolic time: 0.284	0.284	0 ms
Numeric time: 0.214	0.214	0 ms
Symbolic time: 0.288	0.287	0 ms
Numeric time: 0.213	0.213	0 ms
Symbolic time: 0.287	0.286	0 ms
Numeric time: 0.216	0.217	0 ms
Symbolic time: 0.288	0.288	0 ms
Numeric time: 0.215	0.215	0 ms
Symbolic time: 0.282	0.282	0 ms
Numeric time: 0.216	0.216	0 ms
Symbolic time: 0.287	0.287	0 ms
Numeric time: 0.215	0.215	0 ms
Symbolic time: 0.284	0.284	0 ms
Numeric time: 0.215	0.215	0 ms
Symbolic time: 0.283	0.283	0 ms
Numeric time: 0.216	0.216	0 ms
Symbolic time: 0.283	0.284	0 ms
Numeric time: 0.22	0.221	0 ms
Symbolic time: 0.284	0.283	0 ms
Numeric time: 0.215	0.216	0 ms
Symbolic time: 0.283	0.283	0 ms
Numeric time: 0.217	0.218	0 ms
Symbolic time: 0.282	0.281	0 ms
Numeric time: 0.215	0.214	0 ms
Symbolic time: 0.285	0.285	0 ms
Numeric time: 0.215	0.215	0 ms
Symbolic time: 0.282	0.282	0 ms
Numeric time: 0.216	0.216	0 ms
Symbolic time: 0.29	0.289	0 ms
Numeric time: 0.215	0.216	0 ms
Symbolic time: 0.283	0.283	0 ms
Numeric time: 0.214	0.213	0 ms
Symbolic time: 0.284	0.285	0 ms
Numeric time: 0.214	0.215	0 ms
Symbolic time: 0.285	0.285	0 ms
Numeric time: 0.22	0.22	0 ms
Symbolic time: 0.283	0.282	0 ms
Numeric time: 0.215	0.214	0 ms
Symbolic time: 0.285	0.284	0 ms
Numeric time: 0.22	0.219	0 ms
Symbolic time: 0.284	0.283	0 ms
Numeric time: 0.215	0.215	0 ms
Symbolic time: 0.283	0.283	0 ms
Numeric time: 0.221	0.221	0 ms
Symbolic time: 0.283	0.284	0 ms
Numeric time: 0.214	0.214	0 ms
Symbolic time: 0.285	0.286	0 ms
Numeric time: 0.216	0.216	0 ms
Symbolic time: 0.283	0.284	0 ms
Numeric time: 0.214	0.214	0 ms
Symbolic time: 0.288	0.288	0 ms
Numeric time: 0.212	0.212	0 ms
Symbolic time: 0.282	0.282	0 ms
Numeric time: 0.212	0.211	0 ms
Symbolic time: 0.287	0.287	0 ms
Numeric time: 0.213	0.214	0 ms
Symbolic time: 0.283	0.283	0 ms
Numeric time: 0.22	0.219	0 ms
Symbolic time: 0.283	0.283	0 ms
Numeric time: 0.214	0.213	0 ms
Symbolic time: 0.282	0.283	0 ms
Numeric time: 0.219	0.22	0 ms
Symbolic time: 0.285	0.285	0 ms
Numeric time: 0.213	0.213	0 ms
Symbolic time: 0.284	0.284	0 ms
Numeric time: 0.216	0	0.216 ms
Symbolic time: 0.283	0	0.284 ms
Numeric time: 0.211	0	0.211 ms
Symbolic time: 0.285	0.147	0.139 ms
Numeric time: 0.211	0.196	0.015 ms
Symbolic time: 0.281	0.26	0.021 ms
Numeric time: 0.213	0.197	0.016 ms
Symbolic time: 0.287	0.288	0 ms
Numeric time: 0.211	0.211	0 ms
Symbolic time: 0.284	0.284	0 ms
Numeric time: 0.214	0.211	0.005 ms
Symbolic time: 0.292	0.292	0 ms
Numeric time: 0.213	0.214	0 ms
Symbolic time: 0.285	0.284	0 ms
Numeric time: 0.217	0.218	0 ms
Symbolic time: 0.283	0.283	0 ms
Numeric time: 0.211	0.211	0 ms
Symbolic time: 0.284	0.284	0 ms
Numeric time: 0.218	0.219	0 ms
Symbolic time: 0.282	0.282	0 ms
Numeric time: 0.213	0.213	0 ms
Symbolic time: 0.284	0.282	0.001 ms
Numeric time: 0.215	0	0.215 ms
Symbolic time: 0.282	0	0.282 ms
Numeric time: 0.214	0	0.214 ms
Symbolic time: 0.289	0.166	0.123 ms
Numeric time: 0.214	0.197	0.016 ms
Symbolic time: 0.284	0.262	0.021 ms
Numeric time: 0.211	0.196	0.016 ms
Symbolic time: 0.289	0.289	0 ms
Numeric time: 0.213	0.213	0 ms
Symbolic time: 0.284	0.283	0 ms
Numeric time: 0.215	0.211	0.004 ms
Symbolic time: 0.288	0.288	0 ms
Numeric time: 0.213	0.213	0 ms
Symbolic time: 0.279	0.279	0 ms
Numeric time: 0.221	0.221	0 ms
Symbolic time: 0.284	0.284	0 ms
Numeric time: 0.215	0.215	0 ms
Symbolic time: 0.286	0.285	0 ms
Numeric time: 0.222	0.222	0 ms
Symbolic time: 0.284	0.283	0 ms
Numeric time: 0.214	0.214	0 ms
Symbolic time: 0.285	0.285	0 ms
Numeric time: 0.217	0.217	0 ms
Symbolic time: 0.282	0.283	0 ms
Numeric time: 0.215	0.216	0 ms
Symbolic time: 0.286	0.286	0 ms
Numeric time: 0.216	0.215	0 ms
Symbolic time: 0.284	0.283	0 ms
Numeric time: 0.214	0.213	0 ms
Symbolic time: 0.293	0.293	0 ms
Numeric time: 0.213	0.214	0 ms
Symbolic time: 0.284	0.284	0 ms
Numeric time: 0.215	0.215	0 ms
Symbolic time: 0.282	0.282	0 ms
Numeric time: 0.213	0.213	0 ms
Symbolic time: 0.284	0.283	0 ms
Numeric time: 0.218	0.219	0 ms
Symbolic time: 0.285	0.284	0 ms
Numeric time: 0.216	0.215	0 ms
Symbolic time: 0.283	0.283	0 ms
Numeric time: 0.22	0.22	0 ms
Symbolic time: 0.283	0.283	0 ms
Numeric time: 0.215	0.214	0 ms
Symbolic time: 0.288	0.287	0 ms
Numeric time: 0.215	0.215	0 ms
Symbolic time: 0.283	0.284	0 ms
Numeric time: 0.215	0.215	0 ms
Symbolic time: 0.288	0.288	0 ms
Numeric time: 0.215	0.215	0 ms
Symbolic time: 0.283	0.283	0 ms
Numeric time: 0.216	0.216	0 ms
Symbolic time: 0.29	0.29	0 ms
Numeric time: 0.215	0.214	0 ms
Symbolic time: 0.283	0.283	0 ms
Numeric time: 0.22	0.221	0 ms
Symbolic time: 0.28	0.28	0 ms
Numeric time: 0.217	0.216	0 ms
Symbolic time: 0.284	0.284	0 ms
Numeric time: 0.219	0.219	0 ms
Symbolic time: 0.283	0.284	0 ms
Numeric time: 0.219	0.218	0 ms
Symbolic time: 0.284	0.284	0 ms
Numeric time: 0.215	0	0.215 ms
Symbolic time: 0.283	0	0.283 ms
Numeric time: 0.216	0	0.216 ms
Symbolic time: 0.291	0.172	0.118 ms
Numeric time: 0.216	0.2	0.016 ms
Symbolic time: 0.285	0.264	0.022 ms
Numeric time: 0.216	0.2	0.017 ms
Symbolic time: 0.285	0.286	0 ms
Numeric time: 0.214	0.215	0 ms
Symbolic time: 0.285	0.285	0 ms
Numeric time: 0.218	0.214	0.005 ms
Symbolic time: 0.285	0.285	0 ms
Numeric time: 0.213	0.213	0 ms
Symbolic time: 0.285	0.286	0 ms
Numeric time: 0.222	0.222	0 ms
Symbolic time: 0.282	0.282	0 ms
Numeric time: 0.213	0.213	0 ms
Symbolic time: 0.284	0.284	0 ms
Numeric time: 0.218	0	0.219 ms
Symbolic time: 0.284	0	0.284 ms
Numeric time: 0.216	0	0.217 ms
Symbolic time: 0.289	0.165	0.125 ms
Numeric time: 0.215	0.199	0.017 ms
Symbolic time: 0.284	0.261	0.022 ms
Numeric time: 0.215	0.198	0.016 ms
Symbolic time: 0.289	0.289	0 ms
Numeric time: 0.214	0.214	0 ms
Symbolic time: 0.286	0.286	0 ms
Numeric time: 0.215	0.211	0.005 ms
Symbolic time: 0.288	0.287	0 ms
Numeric time: 0.216	0.217	0 ms
Symbolic time: 0.286	0.286	0 ms
Numeric time: 0.22	0.221	0 ms
Symbolic time: 0.283	0.283	0 ms
Numeric time: 0.216	0.215	0 ms
Symbolic time: 0.285	0.284	0 ms
Numeric time: 0.222	0.221	0 ms
Symbolic time: 0.284	0.283	0 ms
Numeric time: 0.215	0.216	0 ms
Symbolic time: 0.282	0.278	0.002 ms
Numeric time: 0.217	0.218	0 ms
Symbolic time: 0.283	0.282	0 ms
Numeric time: 0.215	0.215	0 ms
Symbolic time: 0.286	0.287	0 ms
Numeric time: 0.217	0.217	0 ms
Symbolic time: 0.283	0.283	0 ms
Numeric time: 0.216	0.216	0 ms
Symbolic time: 0.289	0.289	0 ms
Numeric time: 0.217	0.217	0 ms
Symbolic time: 0.282	0.282	0 ms
Numeric time: 0.214	0.214	0 ms
Symbolic time: 0.287	0.287	0 ms
Numeric time: 0.217	0.216	0 ms
Symbolic time: 0.285	0.284	0 ms
Numeric time: 0.223	0.224	0 ms
Symbolic time: 0.283	0.282	0 ms
Numeric time: 0.214	0.214	0 ms
Symbolic time: 0.281	0.281	0 ms
Numeric time: 0.22	0.221	0 ms
Symbolic time: 0.283	0.282	0 ms
Numeric time: 0.215	0.215	0 ms
Symbolic time: 0.285	0.285	0 ms
Numeric time: 0.215	0.215	0 ms
Symbolic time: 0.283	0.283	0 ms
Numeric time: 0.214	0.215	0 ms
Symbolic time: 0.288	0.287	0 ms
Numeric time: 0.215	0.215	0 ms
Symbolic time: 0.283	0.283	0 ms
Numeric time: 0.216	0.217	0 ms
Symbolic time: 0.291	0.291	0 ms
Numeric time: 0.218	0.219	0 ms
Symbolic time: 0.283	0.282	0 ms
Numeric time: 0.216	0.216	0 ms
Symbolic time: 0.282	0	0.282 ms
Numeric time: 0.216	0	0.216 ms
Symbolic time: 0.282	0	0.282 ms
Numeric time: 0.222	0.171	0.051 ms
Symbolic time: 0.281	0.26	0.021 ms
Numeric time: 0.214	0.198	0.016 ms
Symbolic time: 0.283	0.261	0.021 ms
Numeric time: 0.221	0	0.221 ms
Symbolic time: 0.282	0	0.282 ms
Numeric time: 0.216	0	0.216 ms
Symbolic time: 0.285	0.158	0.127 ms
Numeric time: 0.215	0.198	0.017 ms
Symbolic time: 0.283	0.261	0.022 ms
Numeric time: 0.215	0.199	0.017 ms
Symbolic time: 0.287	0.288	0 ms
Numeric time: 0.215	0.215	0 ms
Symbolic time: 0.283	0.284	0 ms
Numeric time: 0.217	0.212	0.005 ms
Symbolic time: 0.288	0.288	0 ms
Numeric time: 0.216	0.215	0 ms
Symbolic time: 0.284	0.283	0 ms
Numeric time: 0.219	0.218	0 ms
Symbolic time: 0.282	0.282	0 ms
Numeric time: 0.215	0.214	0 ms
Symbolic time: 0.281	0.281	0 ms
Numeric time: 0.22	0.22	0 ms
Symbolic time: 0.283	0.283	0 ms
Numeric time: 0.214	0.214	0 ms
Symbolic time: 0.283	0.282	0.001 ms
Numeric time: 0.223	0.223	0 ms
Symbolic time: 0.284	0.284	0 ms
Numeric time: 0.216	0.216	0 ms
Symbolic time: 0.29	0.291	0 ms
Numeric time: 0.214	0.214	0 ms
Symbolic time: 0.282	0.282	0 ms
Numeric time: 0.216	0.217	0 ms
Symbolic time: 0.29	0.29	0 ms
Numeric time: 0.215	0.216	0 ms
Symbolic time: 0.284	0.283	0 ms
Numeric time: 0.216	0.216	0 ms
Symbolic time: 0.287	0.287	0 ms
Numeric time: 0.216	0.216	0 ms
Symbolic time: 0.281	0.281	0 ms
Numeric time: 0.22	0.22	0 ms
Symbolic time: 0.282	0.282	0 ms
Numeric time: 0.216	0.216	0 ms
Symbolic time: 0.282	0.282	0 ms
Numeric time: 0.22	0.22	0 ms
Symbolic time: 0.282	0.282	0 ms
Numeric time: 0.216	0.216	0 ms
Symbolic time: 0.286	0.286	0 ms
Numeric time: 0.214	0.215	0 ms
Symbolic time: 0.281	0.281	0 ms
Numeric time: 0.213	0.213	0 ms
Symbolic time: 0.286	0.286	0 ms
Numeric time: 0.216	0.216	0 ms
Symbolic time: 0.28	0.28	0 ms
Numeric time: 0.215	0.215	0 ms
Symbolic time: 0.289	0.29	0 ms
Numeric time: 0.216	0.216	0 ms
Symbolic time: 0.283	0.283	0 ms
Numeric time: 0.216	0.216	0 ms
Symbolic time: 0.283	0.283	0 ms
Numeric time: 0.215	0.215	0 ms
Symbolic time: 0.282	0.282	0 ms
Numeric time: 0.222	0.222	0 ms
Symbolic time: 0.285	0.285	0 ms
Numeric time: 0.216	0.216	0 ms
Symbolic time: 0.286	0.286	0 ms
Numeric time: 0.215	0.215	0 ms
Symbolic time: 0.285	0.285	0 ms
Numeric time: 0.215	0.215	0 ms
Symbolic time: 0.289	0.289	0 ms
Numeric time: 0.216	0.216	0 ms
Symbolic time: 0.283	0.283	0 ms
Numeric time: 0.217	0.218	0 ms
Symbolic time: 0.289	0.289	0 ms
Numeric time: 0.213	0.213	0 ms
Symbolic time: 0.282	0.282	0 ms
Numeric time: 0.216	0.216	0 ms
Symbolic time: 0.286	0.286	0 ms
Numeric time: 0.213	0.213	0 ms
Symbolic time: 0.283	0.283	0 ms
Numeric time: 0.223	0.223	0 ms
Symbolic time: 0.283	0.283	0 ms
Numeric time: 0.213	0.214	0 ms
Symbolic time: 0.283	0.283	0 ms
Numeric time: 0.222	0.223	0 ms
Symbolic time: 0.285	0.285	0 ms
Numeric time: 0.217	0.218	0 ms
Symbolic time: 0.281	0.281	0 ms
Numeric time: 0.219	0.219	0 ms
Symbolic time: 0.282	0.282	0 ms
Numeric time: 0.215	0.215	0 ms
Symbolic time: 0.287	0.287	0 ms
Numeric time: 0.213	0.213	0 ms
Symbolic time: 0.283	0.283	0 ms
Numeric time: 0.213	0.213	0 ms
Symbolic time: 0.29	0.29	0 ms
Numeric time: 0.217	0.217	0 ms
Symbolic time: 0.282	0.282	0 ms
Numeric time: 0.214	0.215	0 ms
Symbolic time: 0.286	0.286	0 ms
Numeric time: 0.212	0.212	0 ms
Symbolic time: 0.284	0.285	0 ms
Numeric time: 0.22	0.22	0 ms
Symbolic time: 0.282	0.282	0 ms
Numeric time: 0.213	0.213	0 ms
Symbolic time: 0.283	0.283	0 ms
Numeric time: 0.22	0.22	0 ms
Symbolic time: 0.286	0.286	0 ms
Numeric time: 0.216	0.216	0 ms
Symbolic time: 0.286	0.287	0 ms
Numeric time: 0.214	0.214	0 ms
Symbolic time: 0.284	0.283	0 ms
Numeric time: 0.213	0.213	0 ms
Symbolic time: 0.289	0.289	0 ms
Numeric time: 0.213	0.214	0 ms
Symbolic time: 0.282	0.283	0 ms
Numeric time: 0.215	0.216	0 ms
Symbolic time: 0.291	0.291	0 ms
Numeric time: 0.217	0.217	0 ms
Symbolic time: 0.28	0.28	0 ms
Numeric time: 0.215	0.215	0 ms
Symbolic time: 0.283	0	0.284 ms
Numeric time: 0.215	0	0.215 ms
Symbolic time: 0.285	0	0.284 ms
Numeric time: 0.22	0	0.22 ms
Symbolic time: 0.283	0	0.283 ms
Numeric time: 0.216	0	0.216 ms
Symbolic time: 0.284	0	0.283 ms
Numeric time: 0.22	0.222	0 ms
Symbolic time: 0.283	0.284	0 ms
Numeric time: 0.214	0.214	0 ms
Symbolic time: 0.29	0.291	0 ms
Numeric time: 0.214	0.214	0 ms
Symbolic time: 0.283	0.283	0 ms
Numeric time: 0.214	0.209	0.005 ms
Symbolic time: 0.289	0.289	0 ms
Numeric time: 0.215	0.215	0 ms
Symbolic time: 0.284	0.284	0 ms
Numeric time: 0.213	0.209	0.004 ms
Symbolic time: 0.285	0.285	0 ms
Numeric time: 0.215	0.215	0 ms
Symbolic time: 0.283	0.283	0 ms
Numeric time: 0.215	0.211	0.004 ms
Symbolic time: 0.284	0	0.284 ms
Numeric time: 0.212	0	0.212 ms
Symbolic time: 0.283	0	0.284 ms
Numeric time: 0.22	0.169	0.05 ms
Symbolic time: 0.284	0.261	0.022 ms
Numeric time: 0.212	0.195	0.017 ms
Symbolic time: 0.281	0.259	0.022 ms
Numeric time: 0.22	0.22	0 ms
Symbolic time: 0.284	0.283	0 ms
Numeric time: 0.215	0.215	0 ms
Symbolic time: 0.287	0.287	0 ms
Numeric time: 0.213	0.214	0 ms
Symbolic time: 0.283	0.283	0 ms
Numeric time: 0.215	0.214	0 ms
Symbolic time: 0.289	0.29	0 ms
Numeric time: 0.215	0.216	0 ms
Symbolic time: 0.284	0.284	0 ms
Numeric time: 0.212	0.212	0 ms
Symbolic time: 0.293	0.293	0 ms
Numeric time: 0.213	0.214	0 ms
Symbolic time: 0.282	0.282	0 ms
Numeric time: 0.222	0.222	0 ms
Symbolic time: 0.284	0.284	0 ms
Numeric time: 0.214	0.214	0 ms
Symbolic time: 0.283	0.283	0 ms
Numeric time: 0.216	0.216	0 ms
Symbolic time: 0.282	0.282	0 ms
Numeric time: 0.214	0.214	0 ms
Symbolic time: 0.284	0.284	0.001 ms
Numeric time: 0.219	0.219	0 ms
Symbolic time: 0.283	0.283	0 ms
Numeric time: 0.215	0.215	0 ms
Symbolic time: 0.289	0.289	0 ms
Numeric time: 0.215	0.215	0 ms
Symbolic time: 0.283	0.283	0 ms
Numeric time: 0.217	0.217	0 ms
Symbolic time: 0.289	0.289	0 ms
Numeric time: 0.214	0.214	0 ms
Symbolic time: 0.284	0.284	0 ms
Numeric time: 0.215	0.215	0 ms
Symbolic time: 0.293	0.293	0 ms
Numeric time: 0.215	0.215	0 ms
Symbolic time: 0.282	0.282	0 ms
Numeric time: 0.221	0.221	0 ms
Symbolic time: 0.284	0.284	0 ms
Numeric time: 0.214	0.214	0 ms
Symbolic time: 0.282	0.282	0 ms
Numeric time: 0.221	0.221	0 ms
Symbolic time: 0.284	0.284	0 ms
Numeric time: 0.213	0.213	0 ms
Symbolic time: 0.289	0.289	0 ms
Numeric time: 0.215	0.215	0 ms
Symbolic time: 0.284	0.284	0 ms
Numeric time: 0.215	0.215	0 ms
Symbolic time: 0.287	0.287	0 ms
Numeric time: 0.215	0.215	0 ms
Symbolic time: 0.283	0.283	0 ms
Numeric time: 0.214	0.214	0 ms
Symbolic time: 0.292	0.292	0 ms
Numeric time: 0.215	0.215	0 ms
Symbolic time: 0.284	0.284	0 ms
Numeric time: 0.216	0.216	0 ms
Symbolic time: 0.284	0	0.284 ms
Numeric time: 0.212	0	0.213 ms
Symbolic time: 0.283	0	0.283 ms
Numeric time: 0.218	0	0.219 ms
Symbolic time: 0.282	0	0.282 ms
Numeric time: 0.214	0	0.214 ms
Symbolic time: 0.283	0	0.284 ms
Numeric time: 0.22	0.219	0 ms
Symbolic time: 0.282	0.282	0 ms
Numeric time: 0.212	0.199	0.013 ms
Symbolic time: 0.291	0.291	0 ms
Numeric time: 0.21	0.21	0 ms
Symbolic time: 0.283	0.283	0 ms
Numeric time: 0.213	0.209	0.005 ms
Symbolic time: 0.289	0.289	0 ms
Numeric time: 0.211	0.211	0 ms
Symbolic time: 0.283	0.283	0 ms
Numeric time: 0.212	0.208	0.004 ms
Symbolic time: 0.288	0.289	0 ms
Numeric time: 0.211	0.211	0 ms
Symbolic time: 0.284	0.284	0 ms
Numeric time: 0.212	0.207	0.004 ms
Symbolic time: 0.287	0	0.287 ms
Numeric time: 0.213	0	0.213 ms
Symbolic time: 0.283	0	0.283 ms
Numeric time: 0.22	0	0.22 ms
Symbolic time: 0.284	0	0.284 ms
Numeric time: 0.213	0	0.213 ms
Symbolic time: 0.284	0	0.284 ms
Numeric time: 0.219	0.219	0 ms
Symbolic time: 0.284	0.284	0 ms
Numeric time: 0.212	0.211	0.001 ms
Symbolic time: 0.288	0.289	0 ms
Numeric time: 0.214	0.214	0 ms
Symbolic time: 0.283	0.284	0 ms
Numeric time: 0.212	0.208	0.004 ms
Symbolic time: 0.291	0.291	0 ms
Numeric time: 0.212	0.212	0 ms
Symbolic time: 0.284	0.284	0 ms
Numeric time: 0.213	0.209	0.005 ms
Symbolic time: 0.286	0.287	0 ms
Numeric time: 0.213	0.213	0 ms
Symbolic time: 0.283	0.282	0 ms
Numeric time: 0.21	0.207	0.004 ms
Symbolic time: 0.283	0.283	0 ms
Numeric time: 0.215	0.216	0 ms
Symbolic time: 0.284	0.284	0 ms
Numeric time: 0.219	0.22	0 ms
Symbolic time: 0.282	0.282	0 ms
Numeric time: 0.214	0.214	0 ms
Symbolic time: 0.284	0.284	0 ms
Numeric time: 0.219	0.219	0 ms
Symbolic time: 0.283	0.283	0 ms
Numeric time: 0.215	0.215	0 ms
Symbolic time: 0.291	0.29	0 ms
Numeric time: 0.217	0.216	0 ms
Symbolic time: 0.283	0.283	0 ms
Numeric time: 0.217	0.217	0 ms
Symbolic time: 0.289	0.289	0 ms
Numeric time: 0.216	0.216	0 ms
Symbolic time: 0.282	0.282	0 ms
Numeric time: 0.214	0.214	0 ms
Symbolic time: 0.288	0.289	0 ms
Numeric time: 0.215	0.214	0 ms
Symbolic time: 0.286	0.286	0 ms
Numeric time: 0.223	0	0.223 ms
Symbolic time: 0.284	0	0.284 ms
Numeric time: 0.213	0	0.214 ms
Symbolic time: 0.282	0.089	0.193 ms
Numeric time: 0.22	0.221	0 ms
Symbolic time: 0.283	0.282	0 ms
Numeric time: 0.216	0.215	0 ms

Symbolic time: 0.297926 ms
Numeric time: 0.225374 ms
