Symbolic time: 4.001	3.99	0.009 ms
Numeric time: 2.965	1.982	0.985 ms
Symbolic time: 2.971	2.97	0.001 ms
Numeric time: 2.197	2.176	0.022 ms
Symbolic time: 2.918	2.918	0 ms
Numeric time: 2.198	2.198	0 ms
Symbolic time: 2.956	2.956	0 ms
Numeric time: 2.169	2.168	0 ms
Symbolic time: 2.997	2.998	0 ms
Numeric time: 4.864	4.856	0 ms
Symbolic time: 7.46	7.46	0 ms
Numeric time: 3.633	3.634	0 ms
Symbolic time: 4.808	4.807	0 ms
Numeric time: 2.61	1.619	0.992 ms
Symbolic time: 3.192	3.192	0 ms
Numeric time: 2.366	1.397	0.97 ms
Symbolic time: 3.158	3.147	0.011 ms
Numeric time: 2.164	2.164	0 ms
Symbolic time: 2.92	2.92	0 ms
Numeric time: 2.152	2.153	0 ms
Symbolic time: 2.919	2.918	0 ms
Numeric time: 2.161	2.161	0 ms
Symbolic time: 2.921	2.921	0 ms
Numeric time: 2.156	1.16	0.997 ms
Symbolic time: 2.915	2.909	0.006 ms
Numeric time: 2.165	2.165	0 ms
Symbolic time: 2.922	2.922	0 ms
Numeric time: 2.158	2.158	0 ms
Symbolic time: 2.926	2.926	0 ms
Numeric time: 2.15	2.15	0 ms
Symbolic time: 2.919	2.92	0 ms
Numeric time: 2.155	2.156	0 ms
Symbolic time: 2.921	2.921	0 ms
Numeric time: 2.162	2.163	0 ms
Symbolic time: 2.924	2.924	0 ms
Numeric time: 2.16	2.161	0 ms
Symbolic time: 2.925	2.925	0 ms
Numeric time: 2.164	2.165	0 ms
Symbolic time: 2.921	2.921	0 ms
Numeric time: 2.164	2.164	0 ms
Symbolic time: 2.92	2.92	0 ms
Numeric time: 2.155	2.155	0 ms
Symbolic time: 2.913	2.913	0 ms
Numeric time: 2.153	1.176	0.977 ms
Symbolic time: 2.913	2.914	0 ms
Numeric time: 2.158	2.153	0.005 ms
Symbolic time: 2.918	2.918	0 ms
Numeric time: 2.158	2.158	0 ms
Symbolic time: 2.925	2.924	0 ms
Numeric time: 2.145	2.146	0 ms
Symbolic time: 2.917	2.917	0 ms
Numeric time: 2.155	2.156	0 ms
Symbolic time: 2.922	2.922	0 ms
Numeric time: 2.147	2.146	0 ms
Symbolic time: 2.909	2.909	0 ms
Numeric time: 2.151	2.152	0 ms
Symbolic time: 2.916	2.917	0 ms
Numeric time: 2.146	2.147	0 ms
Symbolic time: 2.921	2.922	0 ms
Numeric time: 2.15	2.15	0 ms
Symbolic time: 2.92	2.919	0 ms
Numeric time: 2.15	2.152	0 ms
Symbolic time: 2.906	2.08	0.825 ms
Numeric time: 2.158	2.159	0 ms
Symbolic time: 2.918	2.918	0 ms
Numeric time: 2.153	1.18	0.973 ms
Symbolic time: 2.919	2.919	0 ms
Numeric time: 2.155	2.151	0.004 ms
Symbolic time: 2.926	2.926	0 ms
Numeric time: 2.148	2.144	0.004 ms
Symbolic time: 2.913	2.084	0.829 ms
Numeric time: 2.155	2.156	0 ms
Symbolic time: 2.922	2.922	0 ms
Numeric time: 2.159	2.159	0 ms
Symbolic time: 2.917	2.917	0 ms
Numeric time: 2.159	2.159	0 ms
Symbolic time: 2.918	2.918	0 ms
Numeric time: 2.154	2.155	0 ms
Symbolic time: 2.918	2.916	0.001 ms
Numeric time: 2.16	0.223	1.937 ms
Symbolic time: 2.919	2.92	0 ms
Numeric time: 2.153	2.148	0.005 ms
Symbolic time: 2.918	2.918	0 ms
Numeric time: 2.154	2.149	0.005 ms
Symbolic time: 2.931	2.93	0 ms
Numeric time: 2.149	2.145	0.004 ms
Symbolic time: 2.92	2.92	0 ms
Numeric time: 2.151	2.151	0 ms
Symbolic time: 2.926	2.926	0 ms
Numeric time: 2.149	2.149	0 ms
Symbolic time: 2.921	2.921	0 ms
Numeric time: 2.15	2.15	0 ms
Symbolic time: 2.922	2.922	0 ms
Numeric time: 2.152	2.151	0.002 ms
Symbolic time: 2.922	2.921	0 ms
Numeric time: 2.154	2.154	0 ms
Symbolic time: 2.921	2.922	0 ms
Numeric time: 2.152	2.152	0 ms
Symbolic time: 2.92	2.921	0 ms
Numeric time: 2.153	2.154	0 ms
Symbolic time: 2.921	2.921	0 ms
Numeric time: 2.158	2.158	0 ms
Symbolic time: 2.919	2.919	0 ms
Numeric time: 2.149	2.15	0 ms
Symbolic time: 2.924	2.925	0 ms
Numeric time: 2.15	2.151	0 ms
Symbolic time: 2.924	2.925	0 ms
Numeric time: 2.159	0.167	1.992 ms
Symbolic time: 2.922	2.922	0 ms
Numeric time: 2.157	2.157	0 ms
Symbolic time: 2.921	2.921	0 ms
Numeric time: 2.149	1.18	0.969 ms
Symbolic time: 2.932	2.932	0 ms
Numeric time: 2.154	2.149	0.006 ms
Symbolic time: 2.926	2.926	0 ms
Numeric time: 2.148	2.143	0.005 ms
Symbolic time: 2.921	2.088	0.834 ms
Numeric time: 2.162	2.162	0 ms
Symbolic time: 2.915	2.915	0 ms
Numeric time: 2.157	2.157	0 ms
Symbolic time: 2.919	2.919	0 ms
Numeric time: 2.158	2.159	0 ms
Symbolic time: 2.912	2.912	0 ms
Numeric time: 2.153	2.153	0 ms
Symbolic time: 2.922	2.921	0.001 ms
Numeric time: 2.161	1.202	0.96 ms
Symbolic time: 2.911	2.911	0 ms
Numeric time: 2.153	2.149	0.004 ms
Symbolic time: 2.923	2.924	0 ms
Numeric time: 2.156	2.152	0.005 ms
Symbolic time: 2.926	2.926	0 ms
Numeric time: 2.153	2.15	0.004 ms
Symbolic time: 2.921	2.922	0 ms
Numeric time: 2.158	1.194	0.965 ms
Symbolic time: 2.924	2.924	0 ms
Numeric time: 2.155	2.15	0.005 ms
Symbolic time: 2.919	2.919	0 ms
Numeric time: 2.158	2.154	0.004 ms
Symbolic time: 2.92	2.92	0 ms
Numeric time: 2.157	2.152	0.004 ms
Symbolic time: 2.922	2.923	0 ms
Numeric time: 2.149	2.15	0 ms
Symbolic time: 2.928	2.928	0 ms
Numeric time: 2.145	2.144	0 ms
Symbolic time: 2.926	2.927	0 ms
Numeric time: 2.153	2.154	0 ms
Symbolic time: 2.919	2.919	0 ms
Numeric time: 2.164	2.165	0 ms
Symbolic time: 2.92	2.921	0 ms
Numeric time: 2.154	2.154	0 ms
Symbolic time: 2.923	2.924	0 ms
Numeric time: 2.156	2.156	0 ms
Symbolic time: 2.914	2.915	0 ms
Numeric time: 2.148	1.157	0.992 ms
Symbolic time: 2.919	2.918	0 ms
Numeric time: 2.169	2.169	0 ms
Symbolic time: 2.912	2.913	0 ms
Numeric time: 2.157	2.158	0 ms
Symbolic time: 2.918	2.918	0 ms
Numeric time: 2.157	2.158	0 ms
Symbolic time: 2.913	2.914	0 ms
Numeric time: 2.153	1.159	0.994 ms
Symbolic time: 2.911	2.082	0.829 ms
Numeric time: 2.159	2.159	0 ms
Symbolic time: 2.921	2.921	0 ms
Numeric time: 2.155	2.155	0 ms
Symbolic time: 2.917	2.918	0 ms
Numeric time: 2.152	2.152	0 ms
Symbolic time: 2.914	2.914	0 ms
Numeric time: 2.158	2.159	0 ms
Symbolic time: 2.922	1.968	0.956 ms
Numeric time: 2.158	2.151	0.007 ms
Symbolic time: 2.923	2.923	0 ms
Numeric time: 2.161	2.156	0.005 ms
Symbolic time: 2.918	2.918	0 ms
Numeric time: 2.154	2.15	0.004 ms
Symbolic time: 2.919	2.919	0 ms
Numeric time: 2.157	2.153	0.004 ms
Symbolic time: 2.922	2.922	0 ms
Numeric time: 2.153	1.187	0.966 ms
Symbolic time: 2.922	2.922	0 ms
Numeric time: 2.153	2.15	0.004 ms
Symbolic time: 2.918	2.918	0 ms
Numeric time: 2.153	2.149	0.004 ms
Symbolic time: 2.927	2.927	0 ms
Numeric time: 2.157	2.158	0 ms
Symbolic time: 2.93	2.929	0 ms
Numeric time: 2.156	2.156	0 ms
Symbolic time: 2.918	2.918	0 ms
Numeric time: 2.15	2.15	0 ms
Symbolic time: 2.921	2.922	0 ms
Numeric time: 2.152	2.152	0 ms
Symbolic time: 2.925	2.925	0 ms
Numeric time: 2.165	1.206	0.96 ms
Symbolic time: 2.931	2.931	0 ms
Numeric time: 2.16	1.157	1.004 ms
Symbolic time: 2.921	2.921	0 ms
Numeric time: 2.158	1.155	1.004 ms
Symbolic time: 2.915	2.916	0 ms
Numeric time: 2.151	2.147	0.004 ms
Symbolic time: 2.922	2.917	0.005 ms
Numeric time: 2.154	1.215	0.94 ms
Symbolic time: 2.924	2.924	0 ms
Numeric time: 2.155	2.15	0.005 ms
Symbolic time: 2.922	2.921	0 ms
Numeric time: 2.155	2.151	0.005 ms
Symbolic time: 2.924	2.924	0 ms
Numeric time: 2.156	2.152	0.004 ms
Symbolic time: 2.921	2.92	0 ms
Numeric time: 2.16	2.161	0 ms
Symbolic time: 2.923	2.923	0 ms
Numeric time: 2.167	2.167	0 ms
Symbolic time: 2.919	2.918	0 ms
Numeric time: 2.152	2.152	0 ms
Symbolic time: 2.918	2.918	0 ms
Numeric time: 2.157	2.157	0 ms
Symbolic time: 2.919	2.919	0 ms
Numeric time: 2.157	2.157	0 ms
Symbolic time: 2.921	2.921	0 ms
Numeric time: 2.154	2.154	0 ms
Symbolic time: 2.921	2.921	0 ms
Numeric time: 2.143	2.145	0 ms
Symbolic time: 2.921	2.922	0 ms
Numeric time: 2.155	2.155	0 ms
Symbolic time: 2.928	2.928	0 ms
Numeric time: 2.153	1.183	0.971 ms
Symbolic time: 2.921	2.922	0 ms
Numeric time: 2.154	2.151	0.004 ms
Symbolic time: 2.924	2.924	0 ms
Numeric time: 2.152	2.147	0.004 ms
Symbolic time: 2.92	2.92	0 ms
Numeric time: 2.159	2.159	0 ms
Symbolic time: 2.92	2.92	0 ms
Numeric time: 2.16	1.189	0.97 ms
Symbolic time: 2.915	2.914	0 ms
Numeric time: 2.153	2.15	0.004 ms
Symbolic time: 2.918	2.918	0 ms
Numeric time: 2.153	2.149	0.004 ms
Symbolic time: 2.906	2.077	0.828 ms
Numeric time: 2.154	2.154	0 ms
Symbolic time: 2.921	2.921	0 ms
Numeric time: 2.158	2.159	0 ms
Symbolic time: 2.923	2.922	0 ms
Numeric time: 2.158	1.172	0.985 ms
Symbolic time: 2.924	2.925	0 ms
Numeric time: 2.15	2.146	0.004 ms
Symbolic time: 2.925	2.92	0.005 ms
Numeric time: 2.162	2.162	0 ms
Symbolic time: 2.923	2.923	0 ms
Numeric time: 2.146	1.173	0.973 ms
Symbolic time: 2.913	2.913	0 ms
Numeric time: 2.15	1.147	1.003 ms
Symbolic time: 2.931	2.923	0 ms
Numeric time: 2.15	2.146	0.004 ms
Symbolic time: 2.917	2.916	0 ms
Numeric time: 2.149	2.15	0 ms
Symbolic time: 2.927	2.927	0 ms
Numeric time: 2.149	2.148	0 ms
Symbolic time: 2.918	2.917	0 ms
Numeric time: 2.147	2.148	0 ms
Symbolic time: 2.922	2.922	0 ms
Numeric time: 2.148	2.147	0.002 ms
Symbolic time: 2.923	2.923	0 ms
Numeric time: 2.158	2.158	0 ms
Symbolic time: 2.923	2.924	0 ms
Numeric time: 2.153	2.154	0 ms
Symbolic time: 2.926	2.926	0 ms
Numeric time: 2.161	2.162	0 ms
Symbolic time: 2.919	2.92	0 ms
Numeric time: 2.154	0.2	1.955 ms
Symbolic time: 2.915	2.914	0 ms
Numeric time: 2.165	2.161	0.004 ms
Symbolic time: 2.919	2.92	0 ms
Numeric time: 2.159	2.154	0.005 ms
Symbolic time: 2.924	2.924	0 ms
Numeric time: 2.156	2.152	0.005 ms
Symbolic time: 2.918	2.919	0 ms
Numeric time: 2.163	2.164	0 ms
Symbolic time: 2.916	2.916	0 ms
Numeric time: 2.146	2.147	0 ms
Symbolic time: 2.924	2.924	0 ms
Numeric time: 2.157	2.157	0 ms
Symbolic time: 2.916	2.917	0 ms
Numeric time: 2.156	2.157	0 ms
Symbolic time: 2.915	2.087	0.828 ms
Numeric time: 2.162	1.201	0.96 ms
Symbolic time: 2.916	2.916	0 ms
Numeric time: 2.164	2.16	0.004 ms
Symbolic time: 2.923	2.923	0 ms
Numeric time: 2.147	2.144	0.005 ms
Symbolic time: 2.921	2.921	0 ms
Numeric time: 2.156	2.152	0.004 ms
Symbolic time: 2.92	2.92	0 ms
Numeric time: 2.159	2.159	0 ms
Symbolic time: 2.918	2.918	0 ms
Numeric time: 2.166	1.188	0.978 ms
Symbolic time: 2.915	2.915	0 ms
Numeric time: 2.149	2.146	0.003 ms
Symbolic time: 2.916	2.916	0 ms
Numeric time: 2.157	2.152	0.004 ms
Symbolic time: 2.918	2.918	0 ms
Numeric time: 2.156	2.156	0 ms
Symbolic time: 2.915	2.916	0 ms
Numeric time: 2.15	2.151	0 ms
Symbolic time: 2.922	2.922	0 ms
Numeric time: 2.157	2.156	0 ms
Symbolic time: 2.916	2.916	0 ms
Numeric time: 2.152	2.152	0.002 ms
Symbolic time: 2.92	2.135	0.786 ms
Numeric time: 2.157	1.151	1.007 ms
Symbolic time: 2.922	2.923	0 ms
Numeric time: 2.162	1.157	1.004 ms
Symbolic time: 2.918	2.918	0 ms
Numeric time: 2.152	2.148	0.005 ms
Symbolic time: 2.919	2.919	0 ms
Numeric time: 2.159	2.16	0 ms
Symbolic time: 2.931	2.931	0 ms
Numeric time: 2.146	2.147	0 ms
Symbolic time: 2.916	2.916	0 ms
Numeric time: 2.155	2.156	0 ms
Symbolic time: 2.916	2.916	0 ms
Numeric time: 2.155	2.155	0 ms
Symbolic time: 2.921	2.921	0 ms
Numeric time: 2.156	2.157	0 ms
Symbolic time: 2.921	2.921	0 ms
Numeric time: 2.15	2.15	0 ms
Symbolic time: 2.924	2.924	0 ms
Numeric time: 2.146	2.146	0 ms
Symbolic time: 2.922	2.922	0 ms
Numeric time: 2.171	2.172	0 ms
Symbolic time: 2.917	2.917	0 ms
Numeric time: 2.163	2.164	0 ms
Symbolic time: 2.921	2.921	0 ms
Numeric time: 2.156	2.156	0 ms
Symbolic time: 2.916	2.916	0 ms
Numeric time: 2.15	2.15	0 ms
Symbolic time: 2.924	2.925	0 ms
Numeric time: 2.151	2.152	0 ms
Symbolic time: 2.91	2.909	0.001 ms
Numeric time: 2.148	2.149	0 ms
Symbolic time: 2.925	2.924	0 ms
Numeric time: 2.151	2.151	0 ms
Symbolic time: 2.918	2.918	0 ms
Numeric time: 2.16	1.175	0.987 ms
Symbolic time: 2.918	2.918	0 ms
Numeric time: 2.157	1.153	1.004 ms
Symbolic time: 2.922	2.922	0 ms
Numeric time: 2.15	2.15	0 ms
Symbolic time: 2.918	2.918	0 ms
Numeric time: 2.15	2.15	0 ms
Symbolic time: 2.921	2.921	0 ms
Numeric time: 2.156	2.156	0 ms
Symbolic time: 2.92	2.92	0 ms
Numeric time: 2.169	2.169	0 ms
Symbolic time: 2.923	2.922	0 ms
Numeric time: 2.15	2.151	0 ms
Symbolic time: 2.924	2.924	0 ms
Numeric time: 2.16	2.16	0 ms
Symbolic time: 2.924	2.924	0 ms
Numeric time: 2.153	2.153	0 ms
Symbolic time: 8.769	8.764	0 ms
Numeric time: 5.113	5.114	0 ms
Symbolic time: 5.544	5.544	0 ms
Numeric time: 3.239	3.24	0 ms
Symbolic time: 3.643	3.643	0 ms
Numeric time: 2.676	1.69	0.986 ms
Symbolic time: 3.251	3.251	0 ms
Numeric time: 2.165	2.165	0 ms
Symbolic time: 2.924	2.924	0 ms
Numeric time: 2.149	2.149	0 ms
Symbolic time: 2.926	2.926	0 ms
Numeric time: 2.153	2.154	0 ms
Symbolic time: 2.924	2.924	0 ms
Numeric time: 2.169	2.169	0 ms
Symbolic time: 2.926	2.926	0 ms
Numeric time: 2.151	2.151	0 ms
Symbolic time: 2.921	2.92	0 ms
Numeric time: 2.15	1.167	0.983 ms
Symbolic time: 2.926	2.926	0 ms
Numeric time: 2.157	2.153	0.004 ms
Symbolic time: 2.921	2.916	0.005 ms
Numeric time: 2.162	2.162	0 ms
Symbolic time: 2.925	2.925	0 ms
Numeric time: 2.18	2.181	0 ms
Symbolic time: 2.926	2.926	0 ms
Numeric time: 2.177	2.178	0 ms
Symbolic time: 2.932	2.932	0 ms
Numeric time: 2.184	2.185	0 ms
Symbolic time: 2.92	2.92	0 ms
Numeric time: 2.176	2.177	0 ms
Symbolic time: 2.927	2.927	0 ms
Numeric time: 2.186	1.202	0.985 ms
Symbolic time: 2.924	2.924	0 ms
Numeric time: 2.165	2.161	0.005 ms
Symbolic time: 2.918	2.914	0.004 ms
Numeric time: 2.165	2.166	0 ms
Symbolic time: 2.935	2.934	0 ms
Numeric time: 2.156	2.157	0 ms
Symbolic time: 2.921	2.922	0 ms
Numeric time: 2.166	2.165	0 ms
Symbolic time: 2.927	2.927	0 ms
Numeric time: 2.171	2.172	0 ms
Symbolic time: 2.926	2.926	0 ms
Numeric time: 2.16	2.159	0 ms
Symbolic time: 2.929	2.93	0 ms
Numeric time: 2.162	1.181	0.982 ms
Symbolic time: 2.918	2.919	0 ms
Numeric time: 2.174	2.17	0.005 ms
Symbolic time: 2.919	2.094	0.825 ms
Numeric time: 2.185	2.184	0 ms
Symbolic time: 2.924	2.924	0 ms
Numeric time: 2.171	2.172	0 ms
Symbolic time: 2.924	2.924	0 ms
Numeric time: 2.172	2.172	0 ms
Symbolic time: 2.924	2.925	0 ms
Numeric time: 2.177	2.178	0 ms
Symbolic time: 2.927	2.926	0 ms
Numeric time: 2.17	2.17	0 ms
Symbolic time: 2.926	2.926	0 ms
Numeric time: 2.174	2.174	0 ms
Symbolic time: 2.918	2.917	0 ms
Numeric time: 2.183	1.187	0.995 ms
Symbolic time: 2.921	2.095	0.826 ms
Numeric time: 2.179	2.18	0 ms
Symbolic time: 2.927	2.927	0 ms
Numeric time: 2.167	2.168	0 ms
Symbolic time: 2.924	2.924	0 ms
Numeric time: 2.184	2.185	0 ms
Symbolic time: 2.934	2.934	0 ms
Numeric time: 2.182	1.223	0.959 ms
Symbolic time: 2.928	2.927	0 ms
Numeric time: 2.174	2.169	0.005 ms
Symbolic time: 2.927	2.927	0 ms
Numeric time: 2.162	2.157	0.004 ms
Symbolic time: 2.924	2.924	0 ms
Numeric time: 2.16	1.157	1.004 ms
Symbolic time: 2.913	2.908	0.004 ms
Numeric time: 2.165	2.165	0 ms
Symbolic time: 2.925	2.925	0 ms
Numeric time: 2.162	2.163	0 ms
Symbolic time: 2.922	2.922	0 ms
Numeric time: 2.153	2.154	0 ms
Symbolic time: 2.93	2.93	0 ms
Numeric time: 2.172	2.172	0 ms
Symbolic time: 2.928	2.146	0.782 ms
Numeric time: 2.169	2.162	0.007 ms
Symbolic time: 2.927	2.928	0 ms
Numeric time: 2.16	2.156	0.004 ms
Symbolic time: 2.923	2.923	0 ms
Numeric time: 2.163	2.16	0.004 ms
Symbolic time: 2.929	2.929	0 ms
Numeric time: 2.171	2.171	0 ms
Symbolic time: 2.923	2.923	0 ms
Numeric time: 2.155	2.155	0 ms
Symbolic time: 2.923	2.923	0 ms
Numeric time: 2.166	1.181	0.985 ms
Symbolic time: 2.92	2.92	0 ms
Numeric time: 2.164	2.16	0.004 ms
Symbolic time: 2.924	2.923	0 ms
Numeric time: 2.159	2.159	0 ms
Symbolic time: 2.929	2.929	0 ms
Numeric time: 2.163	1.183	0.98 ms
Symbolic time: 2.926	2.926	0 ms
Numeric time: 2.153	2.15	0.004 ms
Symbolic time: 2.92	2.92	0 ms
Numeric time: 2.163	2.163	0 ms
Symbolic time: 2.922	2.922	0 ms
Numeric time: 2.161	1.19	0.972 ms
Symbolic time: 2.925	2.924	0 ms
Numeric time: 2.156	2.152	0.005 ms
Symbolic time: 2.926	2.926	0 ms
Numeric time: 2.155	2.15	0.004 ms
Symbolic time: 2.918	2.918	0 ms
Numeric time: 2.165	2.166	0 ms
Symbolic time: 2.924	2.924	0 ms
Numeric time: 2.16	2.161	0 ms
Symbolic time: 2.93	2.93	0 ms
Numeric time: 2.162	2.162	0 ms
Symbolic time: 2.93	2.93	0 ms
Numeric time: 2.16	2.16	0 ms
Symbolic time: 2.912	2.912	0 ms
Numeric time: 2.167	2.167	0 ms
Symbolic time: 2.918	2.918	0 ms
Numeric time: 2.156	2.157	0 ms
Symbolic time: 2.925	2.926	0 ms
Numeric time: 2.164	2.164	0 ms
Symbolic time: 2.924	2.925	0 ms
Numeric time: 2.164	2.164	0 ms
Symbolic time: 2.924	2.924	0 ms
Numeric time: 2.159	2.159	0 ms
Symbolic time: 2.923	2.923	0 ms
Numeric time: 2.16	2.16	0 ms
Symbolic time: 2.928	2.928	0 ms
Numeric time: 2.163	2.163	0 ms
Symbolic time: 2.935	2.936	0 ms
Numeric time: 2.163	2.163	0 ms
Symbolic time: 2.928	2.927	0 ms
Numeric time: 2.158	2.158	0 ms
Symbolic time: 2.926	2.926	0 ms
Numeric time: 2.177	2.178	0 ms
Symbolic time: 2.927	2.926	0 ms
Numeric time: 2.166	2.166	0 ms
Symbolic time: 2.927	2.927	0 ms
Numeric time: 2.161	2.162	0 ms
Symbolic time: 2.928	2.929	0 ms
Numeric time: 2.169	2.169	0 ms
Symbolic time: 2.93	2.93	0 ms
Numeric time: 2.164	2.165	0 ms
Symbolic time: 2.922	2.923	0 ms
Numeric time: 2.164	2.164	0 ms
Symbolic time: 2.931	2.932	0 ms
Numeric time: 2.157	2.157	0 ms
Symbolic time: 2.923	2.923	0 ms
Numeric time: 2.155	2.156	0 ms
Symbolic time: 2.929	2.928	0 ms
Numeric time: 2.158	2.158	0 ms
Symbolic time: 2.91	2.088	0.823 ms
Numeric time: 2.164	2.164	0 ms
Symbolic time: 2.924	2.924	0 ms
Numeric time: 2.158	2.159	0 ms
Symbolic time: 2.922	2.923	0 ms
Numeric time: 2.158	1.171	0.987 ms
Symbolic time: 2.931	2.931	0 ms
Numeric time: 2.177	1.173	1.005 ms
Symbolic time: 2.928	2.928	0 ms
Numeric time: 2.161	1.192	0.97 ms
Symbolic time: 2.924	2.924	0 ms
Numeric time: 2.16	2.157	0.004 ms
Symbolic time: 2.925	2.924	0 ms
Numeric time: 2.152	2.149	0.004 ms
Symbolic time: 2.926	2.926	0 ms
Numeric time: 2.166	2.166	0 ms
Symbolic time: 2.924	2.925	0 ms
Numeric time: 2.163	2.163	0 ms
Symbolic time: 2.928	2.928	0 ms
Numeric time: 2.156	2.157	0 ms
Symbolic time: 2.928	2.928	0 ms
Numeric time: 2.159	2.159	0 ms
Symbolic time: 2.929	2.104	0.825 ms
Numeric time: 2.162	2.162	0 ms
Symbolic time: 2.92	2.92	0 ms
Numeric time: 2.15	2.15	0 ms
Symbolic time: 2.924	2.924	0 ms
Numeric time: 2.16	2.16	0 ms
Symbolic time: 2.927	2.927	0 ms
Numeric time: 2.155	2.155	0 ms
Symbolic time: 2.923	2.923	0 ms
Numeric time: 2.158	2.158	0 ms
Symbolic time: 2.923	2.923	0 ms
Numeric time: 2.156	1.179	0.979 ms
Symbolic time: 2.919	2.919	0 ms
Numeric time: 2.163	2.161	0.004 ms
Symbolic time: 2.919	2.919	0 ms
Numeric time: 2.158	2.154	0.004 ms
Symbolic time: 2.919	2.132	0.787 ms
Numeric time: 2.157	0.152	2.006 ms
Symbolic time: 2.924	2.923	0 ms
Numeric time: 2.159	2.155	0.005 ms
Symbolic time: 2.923	2.923	0 ms
Numeric time: 2.169	2.165	0.005 ms
Symbolic time: 2.922	2.922	0 ms
Numeric time: 2.172	2.172	0 ms
Symbolic time: 2.914	2.914	0 ms
Numeric time: 2.148	2.148	0 ms
Symbolic time: 2.92	2.92	0 ms
Numeric time: 2.157	1.174	0.984 ms
Symbolic time: 2.92	2.919	0 ms
Numeric time: 2.158	2.154	0.004 ms
Symbolic time: 2.919	2.088	0.831 ms
Numeric time: 2.166	1.203	0.963 ms
Symbolic time: 2.92	2.92	0 ms
Numeric time: 2.154	2.15	0.004 ms
Symbolic time: 2.924	2.924	0 ms
Numeric time: 2.16	2.156	0.004 ms
Symbolic time: 2.922	2.922	0 ms
Numeric time: 2.153	2.149	0.004 ms
Symbolic time: 2.917	2.917	0 ms
Numeric time: 2.182	2.183	0 ms
Symbolic time: 2.923	2.923	0 ms
Numeric time: 2.164	2.165	0 ms
Symbolic time: 2.919	2.919	0 ms
Numeric time: 2.17	2.17	0 ms
Symbolic time: 2.923	2.924	0 ms
Numeric time: 2.162	2.163	0 ms
Symbolic time: 2.919	2.919	0 ms
Numeric time: 2.154	2.155	0 ms
Symbolic time: 2.922	2.922	0 ms
Numeric time: 2.156	2.156	0 ms
Symbolic time: 2.93	2.929	0 ms
Numeric time: 2.159	2.16	0 ms
Symbolic time: 2.919	2.093	0.826 ms
Numeric time: 2.164	2.164	0 ms
Symbolic time: 2.919	2.919	0 ms
Numeric time: 2.154	2.154	0 ms
Symbolic time: 2.928	2.928	0 ms
Numeric time: 2.158	2.159	0 ms
Symbolic time: 2.931	2.931	0 ms
Numeric time: 2.152	2.153	0 ms
Symbolic time: 2.922	2.921	0 ms
Numeric time: 2.151	2.152	0 ms
Symbolic time: 2.924	2.924	0 ms
Numeric time: 2.204	2.205	0 ms
Symbolic time: 2.923	2.923	0 ms
Numeric time: 2.161	2.161	0 ms
Symbolic time: 2.926	2.926	0 ms
Numeric time: 2.166	2.165	0 ms
Symbolic time: 2.919	2.919	0 ms
Numeric time: 2.151	2.152	0 ms
Symbolic time: 2.925	2.924	0 ms
Numeric time: 2.155	2.155	0 ms
Symbolic time: 2.918	2.918	0 ms
Numeric time: 2.166	2.166	0 ms
Symbolic time: 2.919	2.098	0.822 ms
Numeric time: 2.177	2.177	0 ms
Symbolic time: 2.919	2.918	0 ms
Numeric time: 2.157	2.158	0 ms
Symbolic time: 2.922	2.922	0 ms
Numeric time: 2.153	2.154	0 ms
Symbolic time: 2.915	2.099	0.816 ms
Numeric time: 2.159	2.159	0 ms
Symbolic time: 2.919	2.92	0 ms
Numeric time: 2.156	0.182	1.974 ms
Symbolic time: 2.936	2.936	0 ms
Numeric time: 2.163	2.159	0.005 ms
Symbolic time: 2.924	2.924	0 ms
Numeric time: 2.163	2.159	0.004 ms
Symbolic time: 3.137	2.953	0 ms
Numeric time: 2.305	2.305	0 ms
Symbolic time: 2.924	2.924	0 ms
Numeric time: 2.19	2.191	0 ms
Symbolic time: 2.931	2.931	0 ms
Numeric time: 2.17	2.17	0 ms
Symbolic time: 2.942	2.943	0 ms
Numeric time: 2.169	2.169	0 ms
Symbolic time: 2.926	2.927	0 ms
Numeric time: 2.183	2.184	0 ms
Symbolic time: 2.944	2.944	0 ms
Numeric time: 2.198	2.19	0 ms
Symbolic time: 2.943	2.943	0 ms
Numeric time: 2.182	2.182	0 ms
Symbolic time: 2.937	2.938	0 ms
Numeric time: 2.172	2.172	0 ms
Symbolic time: 2.933	2.932	0 ms
Numeric time: 2.178	2.178	0 ms
Symbolic time: 2.941	2.941	0 ms
Numeric time: 2.174	2.174	0 ms
Symbolic time: 2.939	2.938	0 ms
Numeric time: 2.176	2.177	0 ms
Symbolic time: 2.934	2.933	0 ms
Numeric time: 2.174	2.173	0 ms
Symbolic time: 2.946	2.946	0 ms
Numeric time: 2.172	1.21	0.963 ms
Symbolic time: 2.934	2.934	0 ms
Numeric time: 2.183	2.176	0.005 ms
Symbolic time: 2.936	2.936	0 ms
Numeric time: 2.172	2.167	0.006 ms
Symbolic time: 2.929	2.1	0.829 ms
Numeric time: 2.174	1.21	0.964 ms
Symbolic time: 2.938	2.938	0 ms
Numeric time: 2.178	2.173	0.006 ms
Symbolic time: 2.932	2.932	0 ms
Numeric time: 2.17	2.166	0.005 ms
Symbolic time: 2.944	2.944	0 ms
Numeric time: 2.182	2.182	0 ms
Symbolic time: 2.945	2.945	0 ms
Numeric time: 2.176	2.176	0 ms
Symbolic time: 2.936	2.936	0 ms
Numeric time: 2.174	2.174	0 ms
Symbolic time: 6.807	6.797	0 ms
Numeric time: 6.073	6.073	0 ms
Symbolic time: 5.54	5.54	0 ms
Numeric time: 3.793	2.811	0.982 ms
Symbolic time: 3.635	3.635	0 ms
Numeric time: 2.688	2.689	0 ms
Symbolic time: 3.641	3.633	0.008 ms
Numeric time: 2.177	2.178	0 ms
Symbolic time: 2.923	2.923	0 ms
Numeric time: 2.166	2.166	0 ms
Symbolic time: 2.922	2.922	0 ms
Numeric time: 2.159	2.159	0 ms
Symbolic time: 2.926	2.926	0 ms
Numeric time: 2.154	2.154	0 ms
Symbolic time: 2.918	2.917	0 ms
Numeric time: 2.161	2.162	0 ms
Symbolic time: 2.92	2.92	0 ms
Numeric time: 2.159	2.159	0 ms
Symbolic time: 2.915	2.916	0 ms
Numeric time: 2.161	2.161	0 ms
Symbolic time: 2.91	2.91	0 ms
Numeric time: 2.162	2.162	0 ms
Symbolic time: 2.921	2.921	0 ms
Numeric time: 2.158	1.186	0.973 ms
Symbolic time: 2.923	2.924	0 ms
Numeric time: 2.152	2.148	0.004 ms
Symbolic time: 2.926	2.926	0 ms
Numeric time: 2.159	2.156	0.004 ms
Symbolic time: 2.914	2.915	0 ms
Numeric time: 2.16	2.159	0 ms
Symbolic time: 2.923	2.924	0 ms
Numeric time: 2.164	2.163	0 ms
Symbolic time: 2.918	2.919	0 ms
Numeric time: 2.153	2.154	0 ms
Symbolic time: 2.921	2.921	0 ms
Numeric time: 2.16	1.165	0.996 ms
Symbolic time: 2.921	2.917	0.004 ms
Numeric time: 2.167	2.168	0 ms
Symbolic time: 2.921	2.92	0 ms
Numeric time: 2.161	2.161	0 ms
Symbolic time: 2.922	2.922	0 ms
Numeric time: 2.156	2.157	0 ms
Symbolic time: 2.922	2.922	0 ms
Numeric time: 2.165	2.165	0 ms
Symbolic time: 2.917	2.917	0 ms
Numeric time: 2.161	2.162	0 ms
Symbolic time: 2.931	2.931	0 ms
Numeric time: 2.162	1.182	0.98 ms
Symbolic time: 2.918	2.917	0 ms
Numeric time: 2.158	2.155	0.004 ms
Symbolic time: 2.93	2.93	0 ms
Numeric time: 2.162	1.199	0.963 ms
Symbolic time: 2.921	2.92	0 ms
Numeric time: 2.15	2.147	0.004 ms
Symbolic time: 2.924	2.923	0 ms
Numeric time: 2.177	2.173	0.005 ms
Symbolic time: 2.919	2.919	0 ms
Numeric time: 2.193	2.188	0.005 ms
Symbolic time: 2.921	2.92	0 ms
Numeric time: 2.16	1.19	0.97 ms
Symbolic time: 2.918	2.917	0 ms
Numeric time: 2.162	2.158	0.004 ms
Symbolic time: 2.924	2.924	0 ms
Numeric time: 2.16	2.156	0.004 ms
Symbolic time: 3.363	3.362	0 ms
Numeric time: 2.651	2.653	0.003 ms
Symbolic time: 2.93	2.93	0 ms
Numeric time: 2.195	2.195	0 ms
Symbolic time: 2.914	2.914	0 ms
Numeric time: 2.156	1.17	0.986 ms
Symbolic time: 2.919	2.919	0 ms
Numeric time: 2.151	2.148	0.004 ms
Symbolic time: 2.903	2.899	0.003 ms
Numeric time: 2.16	2.16	0 ms
Symbolic time: 2.915	2.916	0 ms
Numeric time: 2.153	2.152	0 ms
Symbolic time: 2.922	2.921	0 ms
Numeric time: 2.147	2.147	0 ms
Symbolic time: 2.915	2.914	0 ms
Numeric time: 2.16	2.16	0 ms
Symbolic time: 2.913	2.913	0 ms
Numeric time: 2.158	2.159	0 ms
Symbolic time: 2.916	2.916	0 ms
Numeric time: 2.151	2.152	0 ms
Symbolic time: 2.924	2.925	0 ms
Numeric time: 2.155	2.155	0 ms
Symbolic time: 2.913	2.913	0 ms
Numeric time: 2.155	2.156	0 ms
Symbolic time: 2.914	2.914	0 ms
Numeric time: 2.162	2.162	0 ms
Symbolic time: 2.921	2.921	0 ms
Numeric time: 2.153	2.153	0 ms
Symbolic time: 2.91	2.91	0 ms
Numeric time: 2.161	2.161	0 ms
Symbolic time: 2.912	2.913	0 ms
Numeric time: 2.168	2.168	0 ms
Symbolic time: 2.91	2.911	0 ms
Numeric time: 2.148	2.148	0 ms
Symbolic time: 2.915	2.915	0 ms
Numeric time: 2.155	2.155	0 ms
Symbolic time: 2.915	2.915	0 ms
Numeric time: 2.149	2.149	0 ms
Symbolic time: 2.918	2.918	0 ms
Numeric time: 2.153	2.154	0 ms
Symbolic time: 2.917	2.917	0 ms
Numeric time: 2.149	2.15	0 ms
Symbolic time: 2.917	2.917	0 ms
Numeric time: 2.155	1.173	0.982 ms
Symbolic time: 2.907	2.907	0 ms
Numeric time: 2.153	2.15	0.003 ms
Symbolic time: 2.915	2.915	0 ms
Numeric time: 2.157	2.158	0 ms
Symbolic time: 2.908	2.908	0 ms
Numeric time: 2.153	2.153	0 ms
Symbolic time: 2.913	2.912	0 ms
Numeric time: 2.154	2.154	0 ms
Symbolic time: 2.908	2.908	0 ms
Numeric time: 2.152	2.152	0 ms
Symbolic time: 2.911	2.911	0 ms
Numeric time: 2.162	2.163	0 ms
Symbolic time: 2.915	2.917	0 ms
Numeric time: 2.159	2.16	0 ms
Symbolic time: 2.91	2.91	0 ms
Numeric time: 2.162	2.162	0 ms
Symbolic time: 2.911	2.911	0 ms
Numeric time: 2.159	2.159	0 ms
Symbolic time: 2.915	2.914	0 ms
Numeric time: 2.166	1.203	0.965 ms
Symbolic time: 2.911	2.911	0 ms
Numeric time: 2.159	2.156	0.003 ms
Symbolic time: 2.927	2.928	0 ms
Numeric time: 2.169	2.164	0.004 ms
Symbolic time: 2.915	2.915	0 ms
Numeric time: 2.157	2.154	0.004 ms
Symbolic time: 2.911	2.907	0.003 ms
Numeric time: 2.158	1.21	0.948 ms
Symbolic time: 2.909	2.91	0 ms
Numeric time: 2.162	2.159	0.004 ms
Symbolic time: 2.913	2.913	0 ms
Numeric time: 2.151	2.148	0.003 ms
Symbolic time: 2.914	2.914	0 ms
Numeric time: 2.152	2.149	0.003 ms
Symbolic time: 2.909	2.909	0 ms
Numeric time: 2.15	2.151	0 ms
Symbolic time: 2.913	2.913	0 ms
Numeric time: 2.155	2.155	0 ms
Symbolic time: 2.912	2.912	0 ms
Numeric time: 2.16	2.161	0 ms
Symbolic time: 2.911	2.91	0 ms
Numeric time: 2.154	2.153	0.001 ms
Symbolic time: 2.914	2.914	0 ms
Numeric time: 2.153	2.153	0 ms
Symbolic time: 2.919	2.919	0 ms
Numeric time: 2.153	2.153	0 ms
Symbolic time: 2.916	2.917	0 ms
Numeric time: 2.156	1.166	0.991 ms
Symbolic time: 2.913	2.912	0 ms
Numeric time: 2.161	2.161	0 ms
Symbolic time: 2.914	2.913	0 ms
Numeric time: 2.159	2.16	0 ms
Symbolic time: 2.914	2.914	0 ms
Numeric time: 2.156	2.157	0 ms
Symbolic time: 2.916	2.916	0 ms
Numeric time: 2.159	1.164	0.995 ms
Symbolic time: 2.912	2.912	0 ms
Numeric time: 2.159	2.159	0 ms
Symbolic time: 2.919	2.918	0 ms
Numeric time: 2.154	2.154	0 ms
Symbolic time: 2.917	2.917	0 ms
Numeric time: 2.162	2.162	0 ms
Symbolic time: 2.915	2.915	0 ms
Numeric time: 2.158	1.163	0.995 ms
Symbolic time: 2.913	2.913	0 ms
Numeric time: 2.155	2.154	0 ms
Symbolic time: 2.918	2.918	0 ms
Numeric time: 2.16	2.16	0 ms
Symbolic time: 2.915	2.915	0 ms
Numeric time: 2.148	2.148	0 ms
Symbolic time: 2.911	2.911	0 ms
Numeric time: 2.159	2.16	0 ms
Symbolic time: 2.908	2.084	0.825 ms
Numeric time: 2.155	2.155	0 ms
Symbolic time: 2.909	2.909	0 ms
Numeric time: 2.148	2.148	0 ms
Symbolic time: 2.912	2.912	0 ms
Numeric time: 2.144	2.144	0 ms
Symbolic time: 2.913	2.912	0 ms
Numeric time: 2.153	2.153	0 ms
Symbolic time: 2.903	2.078	0.824 ms
Numeric time: 2.156	2.157	0 ms
Symbolic time: 2.911	2.911	0 ms
Numeric time: 2.148	2.149	0 ms
Symbolic time: 2.915	2.914	0 ms
Numeric time: 2.148	2.149	0 ms
Symbolic time: 2.913	2.913	0 ms
Numeric time: 2.162	2.162	0 ms
Symbolic time: 2.906	2.084	0.822 ms
Numeric time: 2.161	2.161	0 ms
Symbolic time: 2.917	2.916	0 ms
Numeric time: 2.158	2.159	0 ms
Symbolic time: 2.912	2.912	0 ms
Numeric time: 2.148	2.149	0 ms
Symbolic time: 2.914	2.915	0 ms
Numeric time: 2.157	2.158	0 ms
Symbolic time: 2.908	2.086	0.821 ms
Numeric time: 2.15	2.15	0 ms
Symbolic time: 2.908	2.909	0 ms
Numeric time: 2.157	2.157	0 ms
Symbolic time: 2.913	2.913	0 ms
Numeric time: 2.155	2.155	0 ms
Symbolic time: 2.912	2.912	0 ms
Numeric time: 2.156	2.156	0 ms
Symbolic time: 2.908	2.908	0 ms
Numeric time: 2.16	2.161	0 ms
Symbolic time: 2.915	2.915	0 ms
Numeric time: 2.155	1.178	0.976 ms
Symbolic time: 2.919	2.919	0 ms
Numeric time: 2.147	1.144	1.003 ms
Symbolic time: 2.918	2.918	0 ms
Numeric time: 2.151	2.148	0.004 ms
Symbolic time: 2.91	2.906	0.003 ms
Numeric time: 2.154	1.208	0.947 ms
Symbolic time: 2.906	2.906	0 ms
Numeric time: 2.156	2.153	0.003 ms
Symbolic time: 2.911	2.911	0 ms
Numeric time: 2.155	2.152	0.003 ms
Symbolic time: 2.907	2.908	0 ms
Numeric time: 2.157	2.155	0.003 ms
Symbolic time: 2.915	2.915	0 ms
Numeric time: 2.154	2.155	0 ms
Symbolic time: 2.908	2.908	0 ms
Numeric time: 2.153	2.152	0 ms
Symbolic time: 2.911	2.911	0 ms
Numeric time: 2.155	2.154	0 ms
Symbolic time: 2.917	2.918	0 ms
Numeric time: 2.143	2.144	0.001 ms
Symbolic time: 2.922	2.922	0 ms
Numeric time: 2.162	2.162	0 ms
Symbolic time: 2.949	2.95	0 ms
Numeric time: 2.16	1.177	0.983 ms
Symbolic time: 2.908	2.908	0 ms
Numeric time: 2.156	2.153	0.004 ms
Symbolic time: 2.913	2.913	0 ms
Numeric time: 2.159	2.159	0 ms
Symbolic time: 2.915	2.916	0 ms
Numeric time: 2.153	2.153	0 ms
Symbolic time: 2.926	2.925	0 ms
Numeric time: 2.151	2.151	0 ms
Symbolic time: 2.91	2.911	0 ms
Numeric time: 2.167	2.166	0 ms
Symbolic time: 2.916	2.917	0 ms
Numeric time: 2.166	1.203	0.964 ms
Symbolic time: 2.917	2.918	0 ms
Numeric time: 2.156	2.152	0.004 ms
Symbolic time: 2.919	2.92	0 ms
Numeric time: 2.156	2.153	0.004 ms
Symbolic time: 2.912	2.912	0 ms
Numeric time: 2.158	2.156	0.003 ms
Symbolic time: 2.907	2.077	0.83 ms
Numeric time: 2.164	2.164	0 ms
Symbolic time: 2.913	2.913	0 ms
Numeric time: 2.147	2.148	0 ms
Symbolic time: 2.911	2.911	0 ms
Numeric time: 2.15	2.15	0 ms
Symbolic time: 2.913	2.914	0 ms
Numeric time: 2.148	2.152	0 ms
Symbolic time: 2.907	2.079	0.828 ms
Numeric time: 2.154	1.189	0.966 ms
Symbolic time: 2.919	2.919	0 ms
Numeric time: 2.152	2.149	0.004 ms
Symbolic time: 2.923	2.924	0 ms
Numeric time: 2.156	2.153	0.004 ms
Symbolic time: 2.914	2.914	0 ms
Numeric time: 2.157	2.154	0.004 ms
Symbolic time: 2.912	2.908	0.003 ms
Numeric time: 2.176	2.177	0 ms
Symbolic time: 2.914	2.915	0 ms
Numeric time: 2.159	2.16	0 ms
Symbolic time: 2.911	2.912	0 ms
Numeric time: 2.159	2.159	0 ms
Symbolic time: 2.916	2.916	0 ms
Numeric time: 2.154	2.155	0 ms
Symbolic time: 2.91	2.911	0 ms
Numeric time: 2.152	2.152	0 ms
Symbolic time: 2.915	2.915	0 ms
Numeric time: 2.159	2.16	0 ms
Symbolic time: 2.918	2.918	0 ms
Numeric time: 2.152	2.153	0 ms
Symbolic time: 2.914	2.913	0 ms
Numeric time: 2.156	2.156	0 ms
Symbolic time: 2.91	2.911	0 ms
Numeric time: 2.161	2.161	0 ms
Symbolic time: 2.916	2.916	0 ms
Numeric time: 2.161	2.162	0 ms
Symbolic time: 2.91	2.91	0 ms
Numeric time: 2.153	2.154	0 ms
Symbolic time: 2.922	2.922	0 ms
Numeric time: 2.15	2.15	0 ms
Symbolic time: 2.922	2.923	0 ms
Numeric time: 2.159	2.159	0 ms
Symbolic time: 2.922	2.922	0 ms
Numeric time: 2.152	1.171	0.982 ms
Symbolic time: 2.914	2.913	0 ms
Numeric time: 2.148	1.145	1.003 ms
Symbolic time: 2.926	2.918	0 ms
Numeric time: 2.17	2.17	0 ms
Symbolic time: 2.911	2.911	0 ms
Numeric time: 2.156	2.156	0 ms
Symbolic time: 2.916	2.916	0 ms
Numeric time: 2.156	2.156	0 ms
Symbolic time: 2.91	2.91	0 ms
Numeric time: 2.156	2.157	0 ms
Symbolic time: 2.916	2.916	0 ms
Numeric time: 2.19	2.191	0 ms
Symbolic time: 2.914	2.914	0 ms
Numeric time: 2.165	1.19	0.976 ms
Symbolic time: 2.912	2.913	0 ms
Numeric time: 2.152	2.15	0.004 ms
Symbolic time: 2.913	2.914	0 ms
Numeric time: 2.156	2.154	0.004 ms
Symbolic time: 2.904	2.901	0.003 ms
Numeric time: 2.158	1.21	0.949 ms
Symbolic time: 2.91	2.91	0 ms
Numeric time: 2.164	2.16	0.004 ms
Symbolic time: 2.904	2.904	0 ms
Numeric time: 2.159	1.158	1.003 ms
Symbolic time: 2.907	2.907	0 ms
Numeric time: 2.161	2.158	0.004 ms
Symbolic time: 2.914	2.913	0 ms
Numeric time: 2.154	1.184	0.97 ms
Symbolic time: 2.922	2.922	0 ms
Numeric time: 2.159	1.156	1.004 ms
Symbolic time: 2.915	2.915	0 ms
Numeric time: 2.158	2.155	0.004 ms
Symbolic time: 2.912	2.912	0 ms
Numeric time: 2.159	2.156	0.003 ms
Symbolic time: 2.914	2.914	0 ms
Numeric time: 2.157	1.188	0.97 ms
Symbolic time: 2.921	2.921	0 ms
Numeric time: 2.161	2.157	0.004 ms
Symbolic time: 2.913	2.913	0 ms
Numeric time: 2.178	2.173	0.005 ms
Symbolic time: 2.911	2.911	0 ms
Numeric time: 2.176	2.177	0 ms
Symbolic time: 2.911	2.911	0 ms
Numeric time: 2.179	1.204	0.976 ms
Symbolic time: 2.92	2.92	0 ms
Numeric time: 2.158	2.155	0.004 ms
Symbolic time: 2.917	2.918	0 ms
Numeric time: 2.158	2.154	0.003 ms
Symbolic time: 2.913	2.909	0.004 ms
Numeric time: 2.173	1.235	0.94 ms
Symbolic time: 2.919	2.919	0 ms
Numeric time: 2.159	2.156	0.004 ms
Symbolic time: 2.919	2.919	0 ms
Numeric time: 2.148	2.145	0.003 ms
Symbolic time: 2.911	2.911	0 ms
Numeric time: 2.155	2.152	0.004 ms
Symbolic time: 2.91	2.91	0 ms
Numeric time: 2.154	2.154	0 ms
Symbolic time: 2.91	2.91	0 ms
Numeric time: 2.158	2.159	0 ms
Symbolic time: 2.906	2.906	0 ms
Numeric time: 2.155	2.156	0 ms
Symbolic time: 2.91	2.91	0 ms
Numeric time: 2.149	2.15	0 ms
Symbolic time: 2.925	2.925	0 ms
Numeric time: 2.159	2.159	0 ms
Symbolic time: 2.91	2.911	0 ms
Numeric time: 2.152	2.152	0 ms
Symbolic time: 2.92	2.92	0 ms
Numeric time: 2.157	2.157	0 ms
Symbolic time: 2.915	2.916	0 ms
Numeric time: 2.163	2.163	0 ms
Symbolic time: 2.914	2.914	0 ms
Numeric time: 2.161	2.162	0 ms
Symbolic time: 2.913	2.914	0 ms
Numeric time: 2.16	1.177	0.984 ms
Symbolic time: 2.915	2.915	0 ms
Numeric time: 2.164	1.162	1.003 ms
Symbolic time: 2.904	2.077	0.826 ms
Numeric time: 2.163	2.164	0 ms
Symbolic time: 2.912	2.911	0 ms
Numeric time: 2.17	2.171	0 ms
Symbolic time: 2.914	2.914	0 ms
Numeric time: 2.164	2.165	0 ms
Symbolic time: 2.916	2.917	0 ms
Numeric time: 2.157	1.159	0.999 ms
Symbolic time: 2.906	2.903	0.003 ms
Numeric time: 2.162	2.164	0 ms
Symbolic time: 2.92	2.92	0 ms
Numeric time: 2.156	2.157	0 ms
Symbolic time: 2.92	2.92	0 ms
Numeric time: 2.158	2.158	0 ms
Symbolic time: 2.912	2.912	0 ms
Numeric time: 2.165	2.166	0 ms
Symbolic time: 2.915	2.915	0 ms
Numeric time: 2.164	2.164	0 ms
Symbolic time: 2.918	2.918	0 ms
Numeric time: 2.165	2.165	0 ms
Symbolic time: 2.911	2.911	0 ms
Numeric time: 2.159	2.159	0 ms
Symbolic time: 2.915	2.915	0 ms
Numeric time: 2.184	2.184	0 ms
Symbolic time: 2.908	2.909	0 ms
Numeric time: 2.161	2.161	0 ms
Symbolic time: 2.917	2.917	0 ms
Numeric time: 2.159	2.161	0 ms
Symbolic time: 2.919	2.919	0 ms
Numeric time: 2.156	2.156	0 ms
Symbolic time: 2.911	2.088	0.822 ms
Numeric time: 2.166	2.166	0 ms
Symbolic time: 2.91	2.91	0 ms
Numeric time: 2.153	2.153	0 ms
Symbolic time: 2.919	2.919	0 ms
Numeric time: 2.159	0.173	1.987 ms
Symbolic time: 2.916	2.915	0 ms
Numeric time: 2.161	2.157	0.003 ms
Symbolic time: 2.906	2.903	0.004 ms
Numeric time: 2.167	2.167	0 ms
Symbolic time: 2.911	2.911	0 ms
Numeric time: 2.159	2.16	0 ms
Symbolic time: 2.906	2.907	0 ms
Numeric time: 2.152	2.153	0 ms
Symbolic time: 2.917	2.918	0 ms
Numeric time: 2.154	2.154	0 ms
Symbolic time: 2.912	2.912	0 ms
Numeric time: 2.159	2.16	0 ms
Symbolic time: 2.918	2.917	0 ms
Numeric time: 2.154	2.154	0 ms
Symbolic time: 2.914	2.914	0 ms
Numeric time: 2.16	2.16	0 ms
Symbolic time: 2.914	2.914	0 ms
Numeric time: 2.155	2.156	0 ms
Symbolic time: 2.918	2.918	0 ms
Numeric time: 2.159	2.159	0 ms
Symbolic time: 2.914	2.914	0 ms
Numeric time: 2.157	2.158	0 ms
Symbolic time: 2.919	2.92	0 ms
Numeric time: 2.166	2.167	0 ms
Symbolic time: 2.919	2.919	0 ms
Numeric time: 2.161	2.162	0 ms
Symbolic time: 2.911	2.911	0 ms
Numeric time: 2.157	2.158	0 ms
Symbolic time: 2.918	2.918	0 ms
Numeric time: 2.157	2.157	0 ms
Symbolic time: 2.913	2.913	0 ms
Numeric time: 2.16	2.16	0 ms
Symbolic time: 2.918	2.917	0 ms
Numeric time: 2.159	2.16	0 ms
Symbolic time: 2.911	2.912	0 ms
Numeric time: 2.16	2.161	0 ms
Symbolic time: 2.915	2.915	0 ms
Numeric time: 2.157	2.157	0 ms
Symbolic time: 2.914	2.914	0 ms
Numeric time: 2.168	1.174	0.996 ms
Symbolic time: 2.91	2.08	0.83 ms
Numeric time: 2.168	2.169	0 ms
Symbolic time: 2.913	2.913	0 ms
Numeric time: 2.16	1.184	0.977 ms
Symbolic time: 2.913	2.912	0 ms
Numeric time: 2.16	2.157	0.004 ms
Symbolic time: 2.906	2.906	0 ms
Numeric time: 2.158	2.155	0.003 ms
Symbolic time: 2.929	2.928	0 ms
Numeric time: 2.163	2.163	0 ms
Symbolic time: 2.916	2.916	0 ms
Numeric time: 2.162	2.163	0 ms
Symbolic time: 2.913	2.912	0 ms
Numeric time: 2.152	1.16	0.992 ms
Symbolic time: 2.912	2.912	0 ms
Numeric time: 2.16	2.156	0.004 ms
Symbolic time: 2.909	2.909	0 ms
Numeric time: 2.162	2.162	0 ms
Symbolic time: 2.914	2.914	0 ms
Numeric time: 2.161	2.161	0 ms
Symbolic time: 2.911	2.911	0 ms
Numeric time: 2.158	2.158	0 ms
Symbolic time: 2.92	2.92	0 ms
Numeric time: 2.166	2.167	0 ms
Symbolic time: 2.913	2.914	0 ms
Numeric time: 2.155	2.155	0 ms
Symbolic time: 2.92	2.921	0 ms
Numeric time: 2.156	2.157	0 ms
Symbolic time: 2.923	2.922	0 ms
Numeric time: 2.156	2.156	0 ms
Symbolic time: 2.911	2.911	0 ms
Numeric time: 2.167	2.167	0 ms
Symbolic time: 2.914	2.913	0 ms
Numeric time: 2.159	2.16	0 ms
Symbolic time: 2.909	2.91	0 ms
Numeric time: 2.159	1.175	0.985 ms
Symbolic time: 2.917	2.917	0 ms
Numeric time: 2.156	2.152	0.003 ms
Symbolic time: 2.904	2.087	0.818 ms
Numeric time: 2.16	2.16	0 ms
Symbolic time: 2.916	2.917	0 ms
Numeric time: 2.155	2.155	0 ms
Symbolic time: 2.915	2.915	0 ms
Numeric time: 2.169	2.169	0 ms
Symbolic time: 2.909	2.909	0 ms
Numeric time: 2.155	2.155	0 ms
Symbolic time: 2.905	2.903	0.001 ms
Numeric time: 2.169	2.17	0 ms
Symbolic time: 2.914	2.915	0 ms
Numeric time: 2.158	2.159	0 ms
Symbolic time: 2.91	2.911	0 ms
Numeric time: 2.161	2.161	0 ms
Symbolic time: 2.913	2.914	0 ms
Numeric time: 2.162	0.165	1.998 ms
Symbolic time: 2.906	2.906	0 ms
Numeric time: 2.161	1.192	0.971 ms
Symbolic time: 2.923	2.923	0 ms
Numeric time: 2.159	2.156	0.004 ms
Symbolic time: 2.91	2.911	0 ms
Numeric time: 2.153	1.151	1.003 ms
Symbolic time: 2.919	2.918	0 ms
Numeric time: 2.169	1.205	0.964 ms
Symbolic time: 2.915	2.915	0 ms
Numeric time: 2.152	2.149	0.003 ms
Symbolic time: 2.913	2.913	0 ms
Numeric time: 2.165	2.161	0.004 ms
Symbolic time: 2.909	2.909	0 ms
Numeric time: 2.157	2.154	0.003 ms
Symbolic time: 2.912	2.912	0 ms
Numeric time: 2.161	2.161	0 ms
Symbolic time: 2.909	2.91	0 ms
Numeric time: 2.157	2.157	0 ms
Symbolic time: 2.917	2.917	0 ms
Numeric time: 2.158	2.158	0 ms
Symbolic time: 2.907	2.906	0 ms
Numeric time: 2.158	2.158	0 ms
Symbolic time: 2.918	2.918	0 ms
Numeric time: 2.163	2.164	0 ms
Symbolic time: 2.911	2.912	0 ms
Numeric time: 2.163	2.162	0 ms
Symbolic time: 2.915	2.914	0 ms
Numeric time: 2.17	2.171	0 ms
Symbolic time: 2.91	2.91	0 ms
Numeric time: 2.162	2.163	0 ms
Symbolic time: 2.906	2.907	0 ms
Numeric time: 2.16	2.161	0 ms
Symbolic time: 2.913	2.913	0 ms
Numeric time: 2.169	2.17	0 ms
Symbolic time: 2.919	2.92	0 ms
Numeric time: 2.159	1.172	0.988 ms
Symbolic time: 2.91	2.91	0 ms
Numeric time: 2.152	2.15	0.003 ms
Symbolic time: 2.91	2.91	0 ms
Numeric time: 2.172	2.173	0 ms
Symbolic time: 2.918	2.919	0 ms
Numeric time: 2.162	1.181	0.982 ms
Symbolic time: 2.908	2.908	0 ms
Numeric time: 2.162	2.159	0.003 ms
Symbolic time: 2.911	2.911	0 ms
Numeric time: 2.162	2.158	0.004 ms
Symbolic time: 2.915	2.136	0.779 ms
Numeric time: 2.165	2.158	0.007 ms
Symbolic time: 2.91	2.911	0 ms
Numeric time: 2.159	1.156	1.003 ms
Symbolic time: 2.92	2.919	0 ms
Numeric time: 2.161	2.157	0.004 ms
Symbolic time: 2.916	2.916	0 ms
Numeric time: 2.162	2.162	0 ms
Symbolic time: 2.915	2.914	0 ms
Numeric time: 2.16	2.16	0 ms
Symbolic time: 2.907	2.906	0 ms
Numeric time: 2.157	2.157	0 ms
Symbolic time: 2.911	2.912	0 ms
Numeric time: 2.152	2.153	0 ms
Symbolic time: 2.91	2.91	0 ms
Numeric time: 2.171	1.208	0.963 ms
Symbolic time: 2.916	2.916	0 ms
Numeric time: 2.162	2.159	0.004 ms
Symbolic time: 2.911	2.911	0 ms
Numeric time: 2.154	2.151	0.004 ms
Symbolic time: 2.921	2.922	0 ms
Numeric time: 2.146	2.143	0.003 ms
Symbolic time: 2.909	2.906	0.004 ms
Numeric time: 2.159	2.159	0 ms
Symbolic time: 2.909	2.909	0 ms
Numeric time: 2.158	2.158	0 ms
Symbolic time: 2.906	2.906	0 ms
Numeric time: 2.166	2.167	0 ms
Symbolic time: 2.92	2.92	0 ms
Numeric time: 2.174	2.175	0 ms
Symbolic time: 2.913	2.913	0 ms
Numeric time: 2.157	2.158	0 ms
Symbolic time: 2.909	2.909	0 ms
Numeric time: 2.165	2.165	0 ms
Symbolic time: 2.916	2.917	0 ms
Numeric time: 2.156	2.156	0 ms
Symbolic time: 2.919	2.918	0 ms
Numeric time: 2.18	2.18	0 ms
Symbolic time: 2.913	2.913	0 ms
Numeric time: 2.162	2.163	0 ms
Symbolic time: 2.916	2.916	0 ms
Numeric time: 2.156	2.157	0 ms
Symbolic time: 2.915	2.915	0 ms
Numeric time: 2.175	2.175	0 ms
Symbolic time: 2.907	2.087	0.82 ms
Numeric time: 2.16	2.16	0 ms
Symbolic time: 2.908	2.909	0 ms
Numeric time: 2.161	2.161	0 ms
Symbolic time: 2.911	2.911	0 ms
Numeric time: 2.158	2.158	0 ms
Symbolic time: 2.917	2.917	0 ms
Numeric time: 2.166	2.166	0 ms
Symbolic time: 2.908	2.907	0.001 ms
Numeric time: 2.163	2.163	0 ms
Symbolic time: 2.921	2.921	0 ms
Numeric time: 2.164	2.164	0 ms
Symbolic time: 2.919	2.919	0 ms
Numeric time: 2.158	2.159	0 ms
Symbolic time: 2.908	2.908	0 ms
Numeric time: 2.157	2.157	0 ms
Symbolic time: 2.914	2.914	0 ms
Numeric time: 2.154	2.155	0 ms
Symbolic time: 2.959	2.958	0 ms
Numeric time: 2.161	2.161	0 ms
Symbolic time: 2.915	2.915	0 ms
Numeric time: 2.156	1.165	0.991 ms
Symbolic time: 2.919	2.919	0 ms
Numeric time: 2.163	2.163	0 ms
Symbolic time: 2.917	2.918	0 ms
Numeric time: 2.159	2.16	0 ms
Symbolic time: 2.91	2.91	0 ms
Numeric time: 2.157	2.157	0 ms
Symbolic time: 2.909	2.91	0 ms
Numeric time: 2.161	2.161	0 ms
Symbolic time: 2.92	2.92	0 ms
Numeric time: 2.172	2.173	0 ms
Symbolic time: 2.918	2.918	0 ms
Numeric time: 2.159	1.184	0.975 ms
Symbolic time: 2.918	2.918	0 ms
Numeric time: 2.159	2.156	0.004 ms
Symbolic time: 2.913	2.913	0 ms
Numeric time: 2.153	2.15	0.003 ms
Symbolic time: 2.913	2.909	0.004 ms
Numeric time: 2.163	1.215	0.948 ms
Symbolic time: 2.914	2.914	0 ms
Numeric time: 2.16	2.156	0.004 ms
Symbolic time: 2.912	2.912	0 ms
Numeric time: 2.15	2.147	0.003 ms
Symbolic time: 2.907	2.907	0 ms
Numeric time: 2.155	2.151	0.003 ms
Symbolic time: 2.912	2.912	0 ms
Numeric time: 2.15	2.151	0 ms
Symbolic time: 2.91	2.911	0 ms
Numeric time: 2.161	2.162	0 ms
Symbolic time: 2.919	2.919	0 ms
Numeric time: 2.149	2.149	0 ms
Symbolic time: 2.915	2.915	0 ms
Numeric time: 2.152	2.152	0.002 ms
Symbolic time: 2.911	2.91	0 ms
Numeric time: 2.159	2.16	0 ms
Symbolic time: 2.92	2.92	0 ms
Numeric time: 2.163	2.163	0 ms
Symbolic time: 2.912	2.912	0 ms
Numeric time: 2.161	2.162	0 ms
Symbolic time: 2.915	2.915	0 ms
Numeric time: 2.172	2.173	0 ms
Symbolic time: 2.909	2.908	0 ms
Numeric time: 2.154	1.181	0.974 ms
Symbolic time: 2.915	2.915	0 ms
Numeric time: 2.156	2.153	0.004 ms
Symbolic time: 2.913	2.912	0 ms
Numeric time: 2.157	2.154	0.003 ms
Symbolic time: 2.915	2.915	0 ms
Numeric time: 2.16	2.161	0 ms
Symbolic time: 2.914	2.913	0 ms
Numeric time: 2.165	2.166	0 ms
Symbolic time: 2.909	2.909	0 ms
Numeric time: 2.151	1.167	0.984 ms
Symbolic time: 2.914	2.914	0 ms
Numeric time: 2.157	2.154	0.004 ms
Symbolic time: 2.908	2.082	0.826 ms
Numeric time: 2.161	2.163	0 ms
Symbolic time: 2.91	2.91	0 ms
Numeric time: 2.153	1.176	0.977 ms
Symbolic time: 2.915	2.916	0 ms
Numeric time: 2.162	1.158	1.004 ms
Symbolic time: 2.914	2.914	0 ms
Numeric time: 2.161	2.158	0.003 ms
Symbolic time: 2.917	2.903	0.004 ms
Numeric time: 2.157	1.21	0.948 ms
Symbolic time: 2.914	2.915	0 ms
Numeric time: 2.165	2.161	0.004 ms
Symbolic time: 2.915	2.915	0 ms
Numeric time: 2.166	2.163	0.004 ms
Symbolic time: 2.915	2.915	0 ms
Numeric time: 2.16	2.156	0.004 ms
Symbolic time: 2.907	2.908	0 ms
Numeric time: 2.155	1.185	0.97 ms
Symbolic time: 2.917	2.917	0 ms
Numeric time: 2.165	2.16	0.004 ms
Symbolic time: 2.912	2.911	0 ms
Numeric time: 2.153	2.15	0.003 ms
Symbolic time: 2.91	2.909	0 ms
Numeric time: 2.16	1.197	0.963 ms
Symbolic time: 2.91	2.909	0 ms
Numeric time: 2.155	2.152	0.004 ms
Symbolic time: 2.916	2.916	0 ms
Numeric time: 2.164	2.16	0.004 ms
Symbolic time: 2.915	2.914	0 ms
Numeric time: 2.159	2.155	0.004 ms
Symbolic time: 2.917	2.917	0 ms
Numeric time: 2.161	2.162	0 ms
Symbolic time: 2.91	2.91	0 ms
Numeric time: 2.16	2.161	0 ms
Symbolic time: 2.927	2.928	0 ms
Numeric time: 2.172	2.173	0 ms
Symbolic time: 2.916	2.916	0 ms
Numeric time: 2.164	2.164	0 ms
Symbolic time: 2.909	2.909	0 ms
Numeric time: 2.155	2.156	0 ms
Symbolic time: 2.913	2.914	0 ms
Numeric time: 2.157	2.157	0 ms
Symbolic time: 2.916	2.915	0 ms
Numeric time: 2.156	2.156	0 ms
Symbolic time: 2.92	2.92	0 ms
Numeric time: 2.158	2.158	0 ms
Symbolic time: 2.916	2.916	0 ms
Numeric time: 2.156	2.156	0 ms
Symbolic time: 2.912	2.912	0 ms
Numeric time: 2.187	2.187	0 ms
Symbolic time: 2.913	2.913	0 ms
Numeric time: 2.167	2.168	0 ms
Symbolic time: 2.908	2.908	0 ms
Numeric time: 2.163	1.202	0.961 ms
Symbolic time: 2.919	2.919	0 ms
Numeric time: 2.177	2.173	0.005 ms
Symbolic time: 2.908	2.909	0 ms
Numeric time: 2.164	2.161	0.004 ms
Symbolic time: 2.919	2.919	0 ms
Numeric time: 2.156	2.153	0.003 ms
Symbolic time: 2.908	2.083	0.825 ms
Numeric time: 2.173	2.173	0 ms
Symbolic time: 2.914	2.914	0 ms
Numeric time: 2.162	2.163	0 ms
Symbolic time: 2.918	2.918	0 ms
Numeric time: 2.159	2.16	0 ms
Symbolic time: 2.909	2.909	0 ms
Numeric time: 2.156	2.156	0 ms
Symbolic time: 2.908	2.906	0.002 ms
Numeric time: 2.164	0.217	1.949 ms
Symbolic time: 2.913	2.913	0 ms
Numeric time: 2.164	2.16	0.003 ms
Symbolic time: 2.911	2.911	0 ms
Numeric time: 2.156	1.154	1.003 ms
Symbolic time: 2.917	2.918	0 ms
Numeric time: 2.186	2.186	0 ms
Symbolic time: 2.913	2.913	0 ms
Numeric time: 2.17	2.171	0 ms
Symbolic time: 2.916	2.917	0 ms
Numeric time: 2.162	2.162	0 ms
Symbolic time: 2.913	2.913	0 ms
Numeric time: 2.171	2.171	0 ms
Symbolic time: 2.915	2.915	0 ms
Numeric time: 2.167	1.203	0.964 ms
Symbolic time: 2.913	2.913	0 ms
Numeric time: 2.171	2.167	0.004 ms
Symbolic time: 2.918	2.918	0 ms
Numeric time: 2.169	1.166	1.004 ms
Symbolic time: 2.91	2.91	0 ms
Numeric time: 2.157	1.154	1.003 ms
Symbolic time: 2.909	2.905	0.004 ms
Numeric time: 2.155	1.21	0.946 ms
Symbolic time: 2.917	2.918	0 ms
Numeric time: 2.157	2.154	0.003 ms
Symbolic time: 2.915	2.914	0 ms
Numeric time: 2.162	2.158	0.004 ms
Symbolic time: 2.915	2.915	0 ms
Numeric time: 2.161	2.158	0.004 ms
Symbolic time: 2.917	2.917	0 ms
Numeric time: 2.165	2.164	0 ms
Symbolic time: 2.918	2.918	0 ms
Numeric time: 2.169	2.168	0 ms
Symbolic time: 2.911	2.911	0 ms
Numeric time: 2.161	1.169	0.992 ms
Symbolic time: 2.911	2.912	0 ms
Numeric time: 2.161	1.199	0.963 ms
Symbolic time: 2.914	2.914	0 ms
Numeric time: 2.165	2.161	0.004 ms
Symbolic time: 2.916	2.916	0 ms
Numeric time: 2.162	2.159	0.003 ms
Symbolic time: 2.921	2.921	0 ms
Numeric time: 2.162	2.158	0.004 ms
Symbolic time: 2.917	2.917	0 ms
Numeric time: 2.172	2.173	0 ms
Symbolic time: 2.912	2.911	0 ms
Numeric time: 2.156	2.156	0 ms
Symbolic time: 2.922	2.922	0 ms
Numeric time: 2.16	2.161	0 ms
Symbolic time: 2.907	2.907	0 ms
Numeric time: 2.158	2.159	0 ms
Symbolic time: 2.912	2.912	0 ms
Numeric time: 2.149	1.203	0.946 ms
Symbolic time: 2.915	2.915	0 ms
Numeric time: 2.159	0.156	2.004 ms
Symbolic time: 2.909	2.909	0 ms
Numeric time: 2.16	2.157	0.003 ms
Symbolic time: 2.92	2.921	0 ms
Numeric time: 2.165	2.161	0.004 ms
Symbolic time: 2.918	2.918	0 ms
Numeric time: 2.16	2.16	0 ms
Symbolic time: 2.918	2.918	0 ms
Numeric time: 2.162	2.162	0 ms
Symbolic time: 2.912	2.912	0 ms
Numeric time: 2.159	1.168	0.992 ms
Symbolic time: 2.919	2.919	0 ms
Numeric time: 2.172	2.173	0 ms
Symbolic time: 2.915	2.915	0 ms
Numeric time: 2.163	2.163	0 ms
Symbolic time: 2.915	2.915	0 ms
Numeric time: 2.152	2.152	0 ms
Symbolic time: 2.915	2.915	0 ms
Numeric time: 2.152	1.157	0.995 ms
Symbolic time: 2.917	2.918	0 ms
Numeric time: 2.163	2.163	0 ms
Symbolic time: 2.91	2.911	0 ms
Numeric time: 2.157	2.158	0 ms
Symbolic time: 2.916	2.916	0 ms
Numeric time: 2.153	1.169	0.985 ms
Symbolic time: 3.023	3.023	0.001 ms
Numeric time: 2.247	2.249	0 ms
Symbolic time: 2.935	2.935	0 ms
Numeric time: 2.156	2.157	0 ms
Symbolic time: 2.912	2.912	0 ms
Numeric time: 2.153	2.154	0 ms
Symbolic time: 2.91	2.91	0 ms
Numeric time: 2.159	2.157	0.002 ms
Symbolic time: 2.909	2.079	0.829 ms
Numeric time: 2.163	1.198	0.965 ms
Symbolic time: 2.915	2.914	0 ms
Numeric time: 2.163	2.16	0.004 ms
Symbolic time: 2.92	2.92	0 ms
Numeric time: 2.159	2.155	0.004 ms
Symbolic time: 2.914	2.914	0 ms
Numeric time: 2.164	2.161	0.004 ms
Symbolic time: 2.918	2.918	0 ms
Numeric time: 2.159	2.159	0 ms
Symbolic time: 2.916	2.917	0 ms
Numeric time: 2.162	2.161	0 ms
Symbolic time: 2.919	2.92	0 ms
Numeric time: 2.159	1.167	0.992 ms
Symbolic time: 2.911	2.91	0 ms
Numeric time: 2.163	2.159	0.004 ms
Symbolic time: 2.923	2.134	0.789 ms
Numeric time: 2.159	2.153	0.007 ms
Symbolic time: 2.916	2.917	0 ms
Numeric time: 2.157	2.153	0.004 ms
Symbolic time: 2.918	2.918	0 ms
Numeric time: 2.162	2.157	0.004 ms
Symbolic time: 2.919	2.918	0 ms
Numeric time: 2.166	2.167	0 ms
Symbolic time: 2.909	2.909	0 ms
Numeric time: 2.16	2.16	0 ms
Symbolic time: 2.915	2.915	0 ms
Numeric time: 2.167	2.167	0 ms
Symbolic time: 2.911	2.912	0 ms
Numeric time: 2.166	2.166	0 ms
Symbolic time: 2.915	2.089	0.826 ms
Numeric time: 2.166	2.166	0 ms
Symbolic time: 2.92	2.921	0 ms
Numeric time: 2.164	2.164	0 ms
Symbolic time: 2.907	2.907	0 ms
Numeric time: 2.156	2.157	0 ms
Symbolic time: 2.917	2.917	0 ms
Numeric time: 2.156	2.157	0 ms
Symbolic time: 2.908	2.908	0 ms
Numeric time: 2.158	2.158	0 ms
Symbolic time: 2.917	2.917	0 ms
Numeric time: 2.151	2.151	0 ms
Symbolic time: 2.914	2.914	0 ms
Numeric time: 2.156	2.156	0 ms
Symbolic time: 2.915	2.916	0 ms
Numeric time: 2.162	2.162	0 ms
Symbolic time: 2.909	2.909	0 ms
Numeric time: 2.156	2.156	0 ms
Symbolic time: 2.911	2.911	0 ms
Numeric time: 2.162	2.163	0 ms
Symbolic time: 2.913	2.913	0 ms
Numeric time: 2.163	2.163	0 ms
Symbolic time: 2.91	2.911	0 ms
Numeric time: 2.162	2.161	0.002 ms
Symbolic time: 2.919	2.92	0 ms
Numeric time: 2.157	2.158	0 ms
Symbolic time: 2.913	2.914	0 ms
Numeric time: 2.156	2.156	0 ms
Symbolic time: 2.913	2.914	0 ms
Numeric time: 2.157	1.166	0.991 ms
Symbolic time: 2.919	2.92	0 ms
Numeric time: 2.156	2.156	0 ms
Symbolic time: 2.91	2.911	0 ms
Numeric time: 2.159	2.159	0 ms
Symbolic time: 2.916	2.915	0 ms
Numeric time: 2.153	2.154	0 ms
Symbolic time: 2.907	2.907	0 ms
Numeric time: 2.153	2.154	0 ms
Symbolic time: 2.92	2.921	0 ms
Numeric time: 2.163	2.164	0 ms
Symbolic time: 2.912	2.912	0 ms
Numeric time: 2.157	2.157	0 ms
Symbolic time: 2.918	2.918	0 ms
Numeric time: 2.154	2.153	0 ms
Symbolic time: 2.91	2.91	0 ms
Numeric time: 2.159	2.159	0 ms
Symbolic time: 2.907	2.085	0.822 ms
Numeric time: 2.169	2.17	0 ms
Symbolic time: 2.917	2.917	0 ms
Numeric time: 2.163	2.163	0 ms
Symbolic time: 2.909	2.909	0 ms
Numeric time: 2.163	2.163	0 ms
Symbolic time: 2.913	2.913	0 ms
Numeric time: 2.16	2.16	0 ms
Symbolic time: 2.914	2.912	0.003 ms
Numeric time: 2.157	2.158	0 ms
Symbolic time: 2.91	2.911	0 ms
Numeric time: 2.157	1.181	0.977 ms
Symbolic time: 2.916	2.916	0 ms
Numeric time: 2.155	2.153	0.003 ms
Symbolic time: 2.908	2.908	0 ms
Numeric time: 2.162	2.159	0.004 ms
Symbolic time: 2.913	2.913	0 ms
Numeric time: 2.156	2.157	0 ms
Symbolic time: 2.922	2.922	0 ms
Numeric time: 2.16	2.161	0 ms
Symbolic time: 2.912	2.912	0 ms
Numeric time: 2.159	2.159	0 ms
Symbolic time: 2.915	2.915	0 ms
Numeric time: 2.149	2.147	0.002 ms
Symbolic time: 2.912	2.138	0.773 ms
Numeric time: 2.155	2.149	0.006 ms
Symbolic time: 2.923	2.923	0 ms
Numeric time: 2.153	2.15	0.004 ms
Symbolic time: 2.911	2.912	0 ms
Numeric time: 2.167	2.163	0.004 ms
Symbolic time: 2.914	2.914	0 ms
Numeric time: 2.163	1.2	0.963 ms
Symbolic time: 2.913	2.913	0 ms
Numeric time: 2.154	2.151	0.003 ms
Symbolic time: 2.914	2.915	0 ms
Numeric time: 2.162	2.16	0.004 ms
Symbolic time: 2.908	2.908	0 ms
Numeric time: 2.159	2.157	0.003 ms
Symbolic time: 2.908	2.079	0.828 ms
Numeric time: 2.16	1.195	0.966 ms
Symbolic time: 2.915	2.915	0 ms
Numeric time: 2.158	1.155	1.003 ms
Symbolic time: 2.921	2.922	0 ms
Numeric time: 2.152	2.148	0.004 ms
Symbolic time: 2.913	2.913	0 ms
Numeric time: 2.166	1.162	1.004 ms
Symbolic time: 2.913	2.909	0.004 ms
Numeric time: 2.155	2.154	0 ms
Symbolic time: 2.911	2.912	0 ms
Numeric time: 2.158	1.184	0.976 ms
Symbolic time: 2.92	2.92	0 ms
Numeric time: 2.156	2.152	0.004 ms
Symbolic time: 2.917	2.918	0 ms
Numeric time: 2.153	2.15	0.003 ms
Symbolic time: 2.916	2.916	0 ms
Numeric time: 2.163	1.193	0.97 ms
Symbolic time: 2.917	2.916	0 ms
Numeric time: 2.161	2.158	0.004 ms
Symbolic time: 2.921	2.92	0 ms
Numeric time: 2.155	2.15	0.004 ms
Symbolic time: 2.918	2.918	0 ms
Numeric time: 2.152	2.149	0.003 ms
Symbolic time: 2.917	2.13	0.788 ms
Numeric time: 2.159	1.153	1.007 ms
Symbolic time: 2.92	2.92	0 ms
Numeric time: 2.159	2.155	0.004 ms
Symbolic time: 2.913	2.913	0 ms
Numeric time: 2.158	2.155	0.003 ms
Symbolic time: 2.921	2.921	0 ms
Numeric time: 2.164	2.164	0 ms
Symbolic time: 2.916	2.916	0 ms
Numeric time: 2.16	2.161	0 ms
Symbolic time: 2.92	2.92	0 ms
Numeric time: 2.157	2.158	0 ms
Symbolic time: 2.911	2.911	0 ms
Numeric time: 2.158	2.158	0 ms
Symbolic time: 2.912	2.095	0.818 ms
Numeric time: 2.168	1.203	0.965 ms
Symbolic time: 2.92	2.92	0 ms
Numeric time: 2.159	2.155	0.004 ms
Symbolic time: 2.913	2.913	0 ms
Numeric time: 2.155	2.153	0.004 ms
Symbolic time: 2.911	2.912	0 ms
Numeric time: 2.16	2.156	0.004 ms
Symbolic time: 2.908	2.905	0.003 ms
Numeric time: 2.153	1.188	0.966 ms
Symbolic time: 2.912	2.911	0 ms
Numeric time: 2.166	2.162	0.004 ms
Symbolic time: 2.914	2.914	0 ms
Numeric time: 2.182	2.177	0.005 ms
Symbolic time: 2.952	2.952	0 ms
Numeric time: 2.173	2.173	0 ms
Symbolic time: 2.916	2.916	0 ms
Numeric time: 2.158	2.158	0 ms
Symbolic time: 2.916	2.916	0 ms
Numeric time: 2.157	2.157	0 ms
Symbolic time: 2.91	2.91	0 ms
Numeric time: 2.158	2.159	0 ms
Symbolic time: 2.91	2.086	0.824 ms
Numeric time: 2.162	1.197	0.965 ms
Symbolic time: 2.917	2.917	0 ms
Numeric time: 2.16	2.157	0.004 ms
Symbolic time: 2.914	2.914	0 ms
Numeric time: 2.155	2.152	0.004 ms
Symbolic time: 2.919	2.919	0 ms
Numeric time: 2.163	2.159	0.005 ms
Symbolic time: 2.921	2.921	0 ms
Numeric time: 2.16	1.19	0.97 ms
Symbolic time: 2.906	2.906	0 ms
Numeric time: 2.155	1.152	1.003 ms
Symbolic time: 2.909	2.909	0 ms
Numeric time: 2.152	1.149	1.004 ms
Symbolic time: 2.92	2.92	0 ms
Numeric time: 2.163	2.16	0.004 ms
Symbolic time: 2.915	2.914	0 ms
Numeric time: 2.165	1.196	0.97 ms
Symbolic time: 2.921	2.922	0 ms
Numeric time: 2.155	2.152	0.004 ms
Symbolic time: 2.914	2.914	0 ms
Numeric time: 2.159	2.156	0.004 ms
Symbolic time: 2.917	2.918	0 ms
Numeric time: 2.169	2.169	0 ms
Symbolic time: 2.914	2.914	0 ms
Numeric time: 2.161	2.16	0 ms
Symbolic time: 2.909	2.909	0 ms
Numeric time: 2.158	2.159	0 ms
Symbolic time: 2.914	2.913	0 ms
Numeric time: 2.158	2.159	0 ms
Symbolic time: 2.906	2.083	0.824 ms
Numeric time: 2.179	2.18	0 ms
Symbolic time: 2.916	2.917	0 ms
Numeric time: 2.16	2.161	0 ms
Symbolic time: 2.911	2.911	0 ms
Numeric time: 2.16	1.173	0.987 ms
Symbolic time: 2.913	2.913	0 ms
Numeric time: 2.157	2.154	0.004 ms
Symbolic time: 2.908	2.904	0.003 ms
Numeric time: 2.159	1.215	0.945 ms
Symbolic time: 2.917	2.917	0 ms
Numeric time: 2.159	2.155	0.004 ms
Symbolic time: 2.909	2.909	0 ms
Numeric time: 2.155	2.152	0.004 ms
Symbolic time: 2.919	2.919	0 ms
Numeric time: 2.156	2.153	0.004 ms
Symbolic time: 2.915	2.916	0 ms
Numeric time: 2.166	2.166	0 ms
Symbolic time: 2.91	2.91	0 ms
Numeric time: 2.157	2.157	0 ms
Symbolic time: 2.909	2.91	0 ms
Numeric time: 2.162	2.163	0 ms
Symbolic time: 2.916	2.916	0 ms
Numeric time: 2.164	2.164	0 ms
Symbolic time: 2.912	2.912	0 ms
Numeric time: 2.154	2.155	0 ms
Symbolic time: 2.915	2.915	0 ms
Numeric time: 2.152	1.171	0.982 ms
Symbolic time: 2.909	2.909	0 ms
Numeric time: 2.155	2.151	0.004 ms
Symbolic time: 2.918	2.917	0 ms
Numeric time: 2.163	2.162	0 ms
Symbolic time: 2.916	2.916	0 ms
Numeric time: 2.162	2.163	0 ms
Symbolic time: 2.913	2.914	0 ms
Numeric time: 2.151	1.168	0.984 ms
Symbolic time: 2.916	2.915	0 ms
Numeric time: 2.161	2.157	0.004 ms
Symbolic time: 2.907	2.904	0.004 ms
Numeric time: 2.176	2.176	0 ms
Symbolic time: 2.915	2.915	0 ms
Numeric time: 2.158	2.158	0 ms
Symbolic time: 2.918	2.918	0 ms
Numeric time: 2.157	2.158	0 ms
Symbolic time: 2.91	2.91	0 ms
Numeric time: 2.152	2.152	0 ms
Symbolic time: 2.908	2.906	0.002 ms
Numeric time: 2.162	2.163	0 ms
Symbolic time: 2.916	2.916	0 ms
Numeric time: 2.155	2.156	0 ms
Symbolic time: 2.913	2.913	0 ms
Numeric time: 2.164	2.165	0 ms
Symbolic time: 2.923	2.924	0 ms
Numeric time: 2.161	2.162	0 ms
Symbolic time: 2.914	2.914	0 ms
Numeric time: 2.166	2.167	0 ms
Symbolic time: 2.914	2.915	0 ms
Numeric time: 2.163	2.164	0 ms
Symbolic time: 2.916	2.917	0 ms
Numeric time: 2.177	2.177	0 ms
Symbolic time: 2.922	2.922	0 ms
Numeric time: 2.189	2.19	0 ms
Symbolic time: 2.915	2.915	0 ms
Numeric time: 2.17	2.17	0 ms
Symbolic time: 2.917	2.916	0 ms
Numeric time: 2.166	2.167	0 ms
Symbolic time: 2.913	2.913	0 ms
Numeric time: 2.174	2.173	0 ms
Symbolic time: 2.92	2.921	0 ms
Numeric time: 2.165	1.199	0.967 ms
Symbolic time: 2.91	2.91	0 ms
Numeric time: 2.176	2.172	0.004 ms
Symbolic time: 2.919	2.92	0 ms
Numeric time: 2.166	2.163	0.004 ms
Symbolic time: 2.919	2.919	0 ms
Numeric time: 2.164	2.165	0 ms
Symbolic time: 2.916	2.915	0 ms
Numeric time: 2.164	2.165	0 ms
Symbolic time: 2.913	2.913	0 ms
Numeric time: 2.161	2.162	0 ms
Symbolic time: 2.919	2.92	0 ms
Numeric time: 2.154	2.154	0 ms
Symbolic time: 2.909	2.085	0.823 ms
Numeric time: 2.166	2.167	0 ms
Symbolic time: 2.911	2.911	0 ms
Numeric time: 2.16	2.161	0 ms
Symbolic time: 2.912	2.913	0 ms
Numeric time: 2.158	2.159	0 ms
Symbolic time: 2.909	2.909	0 ms
Numeric time: 2.159	1.162	0.997 ms
Symbolic time: 2.91	2.907	0.004 ms
Numeric time: 2.165	2.166	0 ms
Symbolic time: 2.909	2.909	0 ms
Numeric time: 2.164	2.165	0 ms
Symbolic time: 2.913	2.913	0 ms
Numeric time: 2.173	2.173	0 ms
Symbolic time: 2.92	2.92	0 ms
Numeric time: 2.163	2.164	0 ms
Symbolic time: 2.92	2.92	0 ms
Numeric time: 2.168	2.168	0 ms
Symbolic time: 2.917	2.917	0 ms
Numeric time: 2.158	2.159	0 ms
Symbolic time: 2.906	2.906	0 ms
Numeric time: 2.154	2.154	0 ms
Symbolic time: 2.91	2.91	0 ms
Numeric time: 2.183	2.183	0 ms
Symbolic time: 2.916	2.916	0 ms
Numeric time: 2.169	2.169	0 ms
Symbolic time: 2.909	2.912	0 ms
Numeric time: 2.167	1.183	0.984 ms
Symbolic time: 2.916	2.917	0 ms
Numeric time: 2.158	2.154	0.004 ms
Symbolic time: 2.905	2.083	0.822 ms
Numeric time: 2.166	2.166	0 ms
Symbolic time: 2.915	2.915	0 ms
Numeric time: 2.155	2.155	0 ms
Symbolic time: 2.918	2.918	0 ms
Numeric time: 2.162	2.162	0 ms
Symbolic time: 2.922	2.922	0 ms
Numeric time: 2.156	2.156	0 ms
Symbolic time: 2.913	2.913	0 ms
Numeric time: 2.155	2.155	0 ms
Symbolic time: 2.923	2.923	0 ms
Numeric time: 2.156	2.157	0 ms
Symbolic time: 2.917	2.917	0 ms
Numeric time: 2.156	2.157	0 ms
Symbolic time: 2.915	2.915	0 ms
Numeric time: 2.162	2.161	0.001 ms
Symbolic time: 2.909	2.128	0.781 ms
Numeric time: 2.156	2.15	0.007 ms
Symbolic time: 2.912	2.913	0 ms
Numeric time: 2.161	2.158	0.003 ms
Symbolic time: 2.912	2.912	0 ms
Numeric time: 2.16	2.156	0.003 ms
Symbolic time: 2.913	2.913	0 ms
Numeric time: 2.164	2.164	0 ms
Symbolic time: 2.908	2.908	0 ms
Numeric time: 2.163	2.164	0 ms
Symbolic time: 2.918	2.917	0 ms
Numeric time: 2.156	2.157	0 ms
Symbolic time: 2.918	2.918	0 ms
Numeric time: 2.16	2.161	0 ms
Symbolic time: 2.907	2.085	0.821 ms
Numeric time: 2.162	2.162	0 ms
Symbolic time: 2.918	2.918	0 ms
Numeric time: 2.157	2.158	0 ms
Symbolic time: 2.915	2.915	0 ms
Numeric time: 2.156	2.156	0 ms
Symbolic time: 2.917	2.917	0 ms
Numeric time: 2.164	2.164	0 ms
Symbolic time: 2.903	2.902	0.001 ms
Numeric time: 2.167	2.167	0 ms
Symbolic time: 2.916	2.916	0 ms
Numeric time: 2.16	2.161	0 ms
Symbolic time: 2.917	2.917	0 ms
Numeric time: 2.163	2.163	0 ms
Symbolic time: 2.911	2.911	0 ms
Numeric time: 2.164	2.164	0 ms
Symbolic time: 2.915	2.915	0 ms
Numeric time: 2.153	2.153	0 ms
Symbolic time: 2.915	2.915	0 ms
Numeric time: 2.16	2.161	0 ms
Symbolic time: 2.914	2.914	0 ms
Numeric time: 2.156	2.156	0 ms
Symbolic time: 2.914	2.914	0 ms
Numeric time: 2.17	1.21	0.961 ms
Symbolic time: 2.922	2.922	0 ms
Numeric time: 2.156	1.153	1.004 ms
Symbolic time: 2.916	2.916	0 ms
Numeric time: 2.164	2.161	0.004 ms
Symbolic time: 2.907	2.908	0 ms
Numeric time: 2.163	2.159	0.003 ms
Symbolic time: 2.92	2.919	0 ms
Numeric time: 2.167	2.167	0 ms
Symbolic time: 2.904	2.904	0 ms
Numeric time: 2.165	2.165	0 ms
Symbolic time: 2.915	2.915	0 ms
Numeric time: 2.166	2.166	0 ms
Symbolic time: 2.911	2.911	0 ms
Numeric time: 2.156	2.156	0 ms
Symbolic time: 2.916	2.916	0 ms
Numeric time: 2.173	1.207	0.966 ms
Symbolic time: 2.916	2.915	0 ms
Numeric time: 2.162	2.159	0.004 ms
Symbolic time: 2.913	2.914	0 ms
Numeric time: 2.16	2.157	0.003 ms
Symbolic time: 2.917	2.917	0 ms
Numeric time: 2.158	1.156	1.004 ms
Symbolic time: 2.908	2.908	0 ms
Numeric time: 2.164	2.164	0 ms
Symbolic time: 2.916	2.917	0 ms
Numeric time: 2.178	2.179	0 ms
Symbolic time: 2.906	2.905	0 ms
Numeric time: 2.159	2.159	0 ms
Symbolic time: 2.916	2.915	0 ms
Numeric time: 2.183	2.183	0 ms
Symbolic time: 2.91	2.91	0 ms
Numeric time: 2.165	2.165	0 ms
Symbolic time: 2.914	2.914	0 ms
Numeric time: 2.158	2.158	0 ms
Symbolic time: 2.905	2.904	0 ms
Numeric time: 2.159	2.159	0 ms
Symbolic time: 2.918	2.098	0.821 ms
Numeric time: 2.167	2.167	0 ms
Symbolic time: 2.911	2.911	0 ms
Numeric time: 2.156	2.157	0 ms
Symbolic time: 2.91	2.911	0 ms
Numeric time: 2.159	2.16	0 ms
Symbolic time: 2.918	2.918	0 ms
Numeric time: 2.159	2.158	0 ms
Symbolic time: 2.911	2.909	0.002 ms
Numeric time: 2.151	1.185	0.966 ms
Symbolic time: 2.909	2.908	0 ms
Numeric time: 2.149	2.147	0.003 ms
Symbolic time: 2.909	2.908	0 ms
Numeric time: 2.167	2.164	0.004 ms
Symbolic time: 2.909	2.909	0 ms
Numeric time: 2.189	2.184	0.004 ms
Symbolic time: 2.916	2.915	0 ms
Numeric time: 2.165	2.165	0 ms
Symbolic time: 2.916	2.915	0 ms
Numeric time: 2.162	2.162	0 ms
Symbolic time: 2.92	2.92	0 ms
Numeric time: 2.156	2.156	0 ms
Symbolic time: 2.917	2.916	0 ms
Numeric time: 2.163	2.163	0 ms
Symbolic time: 2.916	2.916	0 ms
Numeric time: 2.155	2.156	0 ms
Symbolic time: 2.915	2.916	0 ms
Numeric time: 2.159	2.16	0 ms
Symbolic time: 2.915	2.915	0 ms
Numeric time: 2.16	2.161	0 ms
Symbolic time: 2.913	2.913	0 ms
Numeric time: 2.161	2.161	0 ms
Symbolic time: 2.912	2.912	0 ms
Numeric time: 2.159	2.16	0 ms
Symbolic time: 2.902	2.902	0 ms
Numeric time: 2.158	2.159	0 ms
Symbolic time: 2.914	2.914	0 ms
Numeric time: 2.159	2.159	0 ms
Symbolic time: 2.915	2.094	0.821 ms
Numeric time: 2.159	1.194	0.965 ms
Symbolic time: 2.913	2.913	0 ms
Numeric time: 2.157	2.155	0.004 ms
Symbolic time: 2.911	2.912	0 ms
Numeric time: 2.157	2.154	0.003 ms
Symbolic time: 2.913	2.913	0 ms
Numeric time: 2.156	2.153	0.004 ms
Symbolic time: 2.908	2.905	0.003 ms
Numeric time: 2.161	2.162	0 ms
Symbolic time: 2.911	2.912	0 ms
Numeric time: 2.158	2.157	0 ms
Symbolic time: 2.913	2.913	0 ms
Numeric time: 2.151	2.154	0 ms
Symbolic time: 2.915	2.916	0 ms
Numeric time: 2.15	1.153	0.997 ms
Symbolic time: 2.914	2.914	0 ms
Numeric time: 2.16	2.159	0 ms
Symbolic time: 2.916	2.916	0 ms
Numeric time: 2.16	1.18	0.98 ms
Symbolic time: 2.914	2.914	0 ms
Numeric time: 2.155	2.153	0.003 ms
Symbolic time: 2.916	2.917	0 ms
Numeric time: 2.161	1.159	1.004 ms
Symbolic time: 2.917	2.917	0 ms
Numeric time: 2.158	2.158	0 ms
Symbolic time: 2.917	2.917	0 ms
Numeric time: 2.16	2.161	0 ms
Symbolic time: 2.916	2.916	0 ms
Numeric time: 2.151	2.152	0 ms
Symbolic time: 2.914	2.914	0 ms
Numeric time: 2.148	2.146	0.001 ms
Symbolic time: 2.913	2.123	0.791 ms
Numeric time: 2.153	2.147	0.006 ms
Symbolic time: 2.914	2.914	0 ms
Numeric time: 2.152	2.149	0.003 ms
Symbolic time: 2.912	2.913	0 ms
Numeric time: 2.152	1.15	1.003 ms
Symbolic time: 2.909	2.91	0 ms
Numeric time: 2.162	1.159	1.004 ms
Symbolic time: 2.913	2.913	0 ms
Numeric time: 2.159	1.189	0.969 ms
Symbolic time: 2.915	2.914	0 ms
Numeric time: 2.154	2.15	0.004 ms
Symbolic time: 2.915	2.915	0 ms
Numeric time: 2.159	2.155	0.003 ms
Symbolic time: 2.914	2.914	0 ms
Numeric time: 2.161	2.161	0 ms
Symbolic time: 2.905	2.905	0 ms
Numeric time: 2.161	2.162	0 ms
Symbolic time: 2.921	2.921	0 ms
Numeric time: 2.152	2.153	0 ms
Symbolic time: 2.917	2.917	0 ms
Numeric time: 2.155	1.162	0.994 ms
Symbolic time: 2.915	2.915	0 ms
Numeric time: 2.154	1.192	0.962 ms

Symbolic time: 2.94354 ms
Numeric time: 2.17693 ms
