Symbolic time: 0.865	0.862	0 ms
Numeric time: 0.67	0	0.673 ms
Symbolic time: 0.788	0.549	0.24 ms
Numeric time: 0.588	0.589	0 ms
Symbolic time: 0.788	0.787	0 ms
Numeric time: 0.581	0.581	0 ms
Symbolic time: 0.782	0.783	0 ms
Numeric time: 0.587	0.586	0 ms
Symbolic time: 0.787	0.787	0 ms
Numeric time: 0.594	0.595	0 ms
Symbolic time: 0.799	0.798	0 ms
Numeric time: 0.588	0.589	0 ms
Symbolic time: 0.54	0.54	0 ms
Numeric time: 0.385	0.386	0 ms
Symbolic time: 0.52	0.521	0 ms
Numeric time: 0.38	0.38	0 ms
Symbolic time: 0.52	0.519	0 ms
Numeric time: 0.379	0.38	0 ms
Symbolic time: 0.519	0.519	0 ms
Numeric time: 0.377	0.377	0 ms
Symbolic time: 0.518	0.517	0 ms
Numeric time: 0.378	0.378	0 ms
Symbolic time: 0.517	0.518	0 ms
Numeric time: 0.377	0.378	0 ms
Symbolic time: 0.52	0.519	0 ms
Numeric time: 0.378	0.378	0 ms
Symbolic time: 0.519	0.519	0 ms
Numeric time: 0.379	0.379	0 ms
Symbolic time: 0.516	0.517	0 ms
Numeric time: 0.381	0.38	0 ms
Symbolic time: 0.521	0.52	0 ms
Numeric time: 0.376	0.377	0 ms
Symbolic time: 0.489	0.49	0 ms
Numeric time: 0.339	0.339	0 ms
Symbolic time: 0.456	0.456	0 ms
Numeric time: 0.339	0.339	0 ms
Symbolic time: 0.455	0.456	0 ms
Numeric time: 0.345	0.344	0 ms
Symbolic time: 0.46	0.46	0 ms
Numeric time: 0.336	0.336	0 ms
Symbolic time: 0.462	0	0.46 ms
Numeric time: 0.338	0	0.338 ms
Symbolic time: 0.461	0.444	0.017 ms
Numeric time: 0.335	0.313	0.022 ms
Symbolic time: 0.472	0.472	0 ms
Numeric time: 0.345	0.345	0 ms
Symbolic time: 0.46	0.46	0 ms
Numeric time: 0.339	0.339	0 ms
Symbolic time: 0.454	0.439	0.015 ms
Numeric time: 0.338	0.339	0 ms
Symbolic time: 0.453	0.453	0 ms
Numeric time: 0.34	0.34	0 ms
Symbolic time: 0.458	0.458	0 ms
Numeric time: 0.347	0.347	0 ms
Symbolic time: 0.46	0.46	0 ms
Numeric time: 0.343	0.342	0 ms
Symbolic time: 0.458	0	0.459 ms
Numeric time: 0.352	0	0.352 ms
Symbolic time: 0.468	0.468	0 ms
Numeric time: 0.338	0.314	0.024 ms
Symbolic time: 0.467	0.467	0 ms
Numeric time: 0.338	0.338	0 ms
Symbolic time: 0.463	0.463	0 ms
Numeric time: 0.337	0.337	0 ms
Symbolic time: 0.454	0.439	0.016 ms
Numeric time: 0.338	0	0.338 ms
Symbolic time: 0.458	0	0.458 ms
Numeric time: 0.342	0.293	0.05 ms
Symbolic time: 0.459	0.419	0.041 ms
Numeric time: 0.34	0.339	0 ms
Symbolic time: 0.458	0.457	0 ms
Numeric time: 0.338	0.32	0.018 ms
Symbolic time: 0.459	0.459	0 ms
Numeric time: 0.336	0.337	0 ms
Symbolic time: 0.466	0.467	0 ms
Numeric time: 0.339	0.339	0 ms
Symbolic time: 0.47	0.469	0 ms
Numeric time: 0.338	0.338	0 ms
Symbolic time: 0.461	0.46	0 ms
Numeric time: 0.34	0.34	0 ms
Symbolic time: 0.456	0.454	0.001 ms
Numeric time: 0.34	0	0.34 ms
Symbolic time: 0.458	0	0.457 ms
Numeric time: 0.339	0.295	0.043 ms
Symbolic time: 0.46	0.416	0.043 ms
Numeric time: 0.346	0.347	0 ms
Symbolic time: 0.465	0.465	0 ms
Numeric time: 0.337	0.316	0.021 ms
Symbolic time: 0.458	0.458	0 ms
Numeric time: 0.338	0.338	0 ms
Symbolic time: 0.465	0.465	0 ms
Numeric time: 0.338	0.338	0 ms
Symbolic time: 0.455	0.456	0 ms
Numeric time: 0.336	0.336	0 ms
Symbolic time: 0.46	0.46	0 ms
Numeric time: 0.337	0.338	0 ms
Symbolic time: 0.46	0.46	0.001 ms
Numeric time: 0.339	0	0.339 ms
Symbolic time: 0.459	0	0.46 ms
Numeric time: 0.345	0.306	0.04 ms
Symbolic time: 0.46	0.414	0.046 ms
Numeric time: 0.353	0.353	0 ms
Symbolic time: 0.459	0.459	0 ms
Numeric time: 0.343	0.32	0.023 ms
Symbolic time: 0.459	0	0.458 ms
Numeric time: 0.335	0	0.336 ms
Symbolic time: 0.461	0.461	0 ms
Numeric time: 0.337	0.301	0.037 ms
Symbolic time: 0.457	0.457	0 ms
Numeric time: 0.339	0.339	0 ms
Symbolic time: 0.461	0.461	0 ms
Numeric time: 0.34	0.341	0 ms
Symbolic time: 0.467	0.467	0 ms
Numeric time: 0.339	0.339	0 ms
Symbolic time: 0.459	0.45	0.009 ms
Numeric time: 0.342	0.342	0 ms
Symbolic time: 0.461	0.461	0 ms
Numeric time: 0.342	0.341	0 ms
Symbolic time: 0.461	0.461	0 ms
Numeric time: 0.336	0.327	0.009 ms
Symbolic time: 0.458	0	0.458 ms
Numeric time: 0.34	0	0.341 ms
Symbolic time: 0.458	0.458	0 ms
Numeric time: 0.338	0.306	0.032 ms
Symbolic time: 0.461	0.46	0 ms
Numeric time: 0.336	0.336	0 ms
Symbolic time: 0.463	0.462	0 ms
Numeric time: 0.34	0.34	0 ms
Symbolic time: 0.463	0.464	0 ms
Numeric time: 0.338	0.339	0 ms
Symbolic time: 0.462	0.451	0.01 ms
Numeric time: 0.345	0.345	0 ms
Symbolic time: 0.46	0.462	0 ms
Numeric time: 0.342	0.342	0 ms
Symbolic time: 0.46	0.461	0 ms
Numeric time: 0.342	0.343	0 ms
Symbolic time: 0.455	0.455	0 ms
Numeric time: 0.339	0.339	0 ms
Symbolic time: 0.458	0.458	0 ms
Numeric time: 0.335	0.335	0 ms
Symbolic time: 0.461	0.462	0 ms
Numeric time: 0.34	0.339	0 ms
Symbolic time: 0.464	0.464	0 ms
Numeric time: 0.338	0.338	0 ms
Symbolic time: 0.462	0.462	0 ms
Numeric time: 0.338	0.337	0 ms
Symbolic time: 0.459	0.459	0 ms
Numeric time: 0.343	0.343	0 ms
Symbolic time: 0.461	0.461	0 ms
Numeric time: 0.348	0.349	0 ms
Symbolic time: 0.463	0.463	0 ms
Numeric time: 0.346	0.346	0 ms
Symbolic time: 0.458	0.458	0 ms
Numeric time: 0.339	0.339	0 ms
Symbolic time: 0.462	0.462	0 ms
Numeric time: 0.337	0.337	0 ms
Symbolic time: 0.459	0.459	0 ms
Numeric time: 0.338	0.338	0 ms
Symbolic time: 0.458	0.458	0 ms
Numeric time: 0.337	0.337	0 ms
Symbolic time: 0.46	0.46	0 ms
Numeric time: 0.337	0.338	0 ms
Symbolic time: 0.459	0.458	0 ms
Numeric time: 0.348	0.348	0 ms
Symbolic time: 0.457	0.458	0 ms
Numeric time: 0.34	0.34	0 ms
Symbolic time: 0.46	0.46	0 ms
Numeric time: 0.339	0.338	0 ms
Symbolic time: 0.463	0.463	0 ms
Numeric time: 0.335	0.335	0 ms
Symbolic time: 0.461	0.461	0 ms
Numeric time: 0.339	0.339	0 ms
Symbolic time: 0.459	0.459	0 ms
Numeric time: 0.338	0.338	0 ms
Symbolic time: 0.455	0.455	0 ms
Numeric time: 0.337	0.337	0 ms
Symbolic time: 0.458	0.457	0 ms
Numeric time: 0.338	0.338	0 ms
Symbolic time: 0.456	0.455	0 ms
Numeric time: 0.342	0.342	0 ms
Symbolic time: 0.461	0.461	0 ms
Numeric time: 0.341	0.341	0 ms
Symbolic time: 0.458	0.458	0 ms
Numeric time: 0.337	0.336	0 ms
Symbolic time: 0.461	0.461	0 ms
Numeric time: 0.335	0.335	0 ms
Symbolic time: 0.467	0.468	0 ms
Numeric time: 0.336	0.335	0 ms
Symbolic time: 0.46	0.46	0 ms
Numeric time: 0.338	0.337	0 ms
Symbolic time: 0.462	0.462	0 ms
Numeric time: 0.339	0.34	0 ms
Symbolic time: 0.46	0.461	0 ms
Numeric time: 0.337	0.337	0 ms
Symbolic time: 0.455	0.454	0 ms
Numeric time: 0.338	0.339	0 ms
Symbolic time: 0.455	0.455	0 ms
Numeric time: 0.347	0.348	0 ms
Symbolic time: 0.454	0.453	0 ms
Numeric time: 0.339	0.338	0 ms
Symbolic time: 0.454	0.455	0 ms
Numeric time: 0.339	0.339	0 ms
Symbolic time: 0.46	0.46	0 ms
Numeric time: 0.34	0.34	0 ms
Symbolic time: 0.459	0.46	0 ms
Numeric time: 0.336	0.336	0 ms
Symbolic time: 0.463	0.462	0 ms
Numeric time: 0.338	0.338	0 ms
Symbolic time: 0.466	0.465	0 ms
Numeric time: 0.336	0.336	0 ms
Symbolic time: 0.456	0.457	0 ms
Numeric time: 0.339	0.34	0 ms
Symbolic time: 0.459	0.459	0 ms
Numeric time: 0.34	0.341	0 ms
Symbolic time: 0.456	0.456	0 ms
Numeric time: 0.337	0.337	0 ms
Symbolic time: 0.454	0.455	0 ms
Numeric time: 0.339	0.34	0 ms
Symbolic time: 0.459	0.459	0 ms
Numeric time: 0.338	0.338	0 ms
Symbolic time: 0.458	0.459	0 ms
Numeric time: 0.34	0.339	0 ms
Symbolic time: 0.464	0.463	0 ms
Numeric time: 0.338	0.338	0 ms
Symbolic time: 0.459	0.458	0 ms
Numeric time: 0.342	0.342	0 ms
Symbolic time: 0.458	0.459	0 ms
Numeric time: 0.339	0.339	0 ms
Symbolic time: 0.461	0.462	0 ms
Numeric time: 0.343	0.343	0 ms
Symbolic time: 0.46	0.46	0 ms
Numeric time: 0.339	0.339	0 ms
Symbolic time: 0.458	0.458	0 ms
Numeric time: 0.337	0.336	0 ms
Symbolic time: 0.458	0.458	0 ms
Numeric time: 0.337	0.337	0 ms
Symbolic time: 0.46	0.459	0 ms
Numeric time: 0.337	0.337	0 ms
Symbolic time: 0.457	0.457	0 ms
Numeric time: 0.338	0.338	0 ms
Symbolic time: 0.458	0.457	0 ms
Numeric time: 0.34	0.34	0 ms
Symbolic time: 0.461	0.461	0 ms
Numeric time: 0.34	0.341	0 ms
Symbolic time: 0.458	0.457	0 ms
Numeric time: 0.348	0.348	0 ms
Symbolic time: 0.46	0.459	0 ms
Numeric time: 0.336	0.337	0 ms
Symbolic time: 0.462	0.463	0 ms
Numeric time: 0.338	0.339	0 ms
Symbolic time: 0.466	0.466	0 ms
Numeric time: 0.337	0.337	0 ms
Symbolic time: 0.46	0.46	0 ms
Numeric time: 0.337	0.338	0 ms
Symbolic time: 0.461	0.461	0 ms
Numeric time: 0.336	0.337	0 ms
Symbolic time: 0.458	0.458	0 ms
Numeric time: 0.367	0.368	0 ms
Symbolic time: 0.459	0.46	0 ms
Numeric time: 0.342	0.342	0 ms
Symbolic time: 0.456	0.456	0 ms
Numeric time: 0.339	0.339	0 ms
Symbolic time: 0.457	0.456	0 ms
Numeric time: 0.34	0.341	0 ms
Symbolic time: 0.455	0	0.454 ms
Numeric time: 0.34	0	0.341 ms
Symbolic time: 0.461	0.442	0.018 ms
Numeric time: 0.339	0.315	0.024 ms
Symbolic time: 0.463	0.463	0 ms
Numeric time: 0.337	0.337	0 ms
Symbolic time: 0.463	0.463	0 ms
Numeric time: 0.337	0.337	0 ms
Symbolic time: 0.463	0.463	0 ms
Numeric time: 0.34	0.34	0 ms
Symbolic time: 0.458	0.452	0.006 ms
Numeric time: 0.338	0.339	0 ms
Symbolic time: 0.461	0.461	0 ms
Numeric time: 0.341	0.343	0 ms
Symbolic time: 0.458	0.458	0 ms
Numeric time: 0.339	0.332	0.006 ms
Symbolic time: 0.454	0	0.454 ms
Numeric time: 0.335	0	0.336 ms
Symbolic time: 0.458	0.434	0.024 ms
Numeric time: 0.338	0.313	0.024 ms
Symbolic time: 0.462	0.463	0 ms
Numeric time: 0.338	0.339	0 ms
Symbolic time: 0.464	0.463	0 ms
Numeric time: 0.34	0.341	0 ms
Symbolic time: 0.466	0.465	0 ms
Numeric time: 0.335	0.336	0 ms
Symbolic time: 0.461	0.455	0.007 ms
Numeric time: 0.341	0.34	0 ms
Symbolic time: 0.459	0.459	0 ms
Numeric time: 0.348	0.348	0 ms
Symbolic time: 0.457	0.457	0 ms
Numeric time: 0.336	0.331	0.006 ms
Symbolic time: 0.458	0.459	0 ms
Numeric time: 0.338	0.338	0 ms
Symbolic time: 0.458	0.458	0 ms
Numeric time: 0.34	0.34	0 ms
Symbolic time: 0.458	0.458	0 ms
Numeric time: 0.337	0.336	0 ms
Symbolic time: 0.46	0.46	0 ms
Numeric time: 0.34	0.34	0 ms
Symbolic time: 0.459	0.46	0 ms
Numeric time: 0.335	0.335	0 ms
Symbolic time: 0.461	0.461	0 ms
Numeric time: 0.336	0	0.336 ms
Symbolic time: 0.46	0	0.459 ms
Numeric time: 0.34	0.277	0.064 ms
Symbolic time: 0.458	0.424	0.034 ms
Numeric time: 0.338	0.313	0.025 ms
Symbolic time: 0.455	0.455	0 ms
Numeric time: 0.338	0.338	0 ms
Symbolic time: 0.457	0.457	0 ms
Numeric time: 0.338	0.338	0 ms
Symbolic time: 0.459	0.459	0 ms
Numeric time: 0.337	0.337	0 ms
Symbolic time: 0.465	0.465	0 ms
Numeric time: 0.339	0.34	0 ms
Symbolic time: 0.461	0.46	0 ms
Numeric time: 0.34	0.34	0 ms
Symbolic time: 0.457	0.458	0 ms
Numeric time: 0.336	0.336	0 ms
Symbolic time: 0.459	0.459	0 ms
Numeric time: 0.345	0.345	0 ms
Symbolic time: 0.458	0.458	0 ms
Numeric time: 0.337	0.338	0 ms
Symbolic time: 0.463	0.463	0 ms
Numeric time: 0.339	0.34	0 ms
Symbolic time: 0.463	0.463	0 ms
Numeric time: 0.336	0.336	0 ms
Symbolic time: 0.458	0.457	0 ms
Numeric time: 0.341	0.34	0 ms
Symbolic time: 0.456	0.455	0 ms
Numeric time: 0.338	0.338	0 ms
Symbolic time: 0.461	0.462	0 ms
Numeric time: 0.338	0	0.339 ms
Symbolic time: 0.459	0	0.46 ms
Numeric time: 0.342	0.272	0.069 ms
Symbolic time: 0.457	0.423	0.034 ms
Numeric time: 0.339	0.34	0 ms
Symbolic time: 0.464	0.464	0 ms
Numeric time: 0.338	0.323	0.016 ms
Symbolic time: 0.465	0.466	0 ms
Numeric time: 0.34	0.34	0 ms
Symbolic time: 0.464	0.464	0 ms
Numeric time: 0.339	0.339	0 ms
Symbolic time: 0.457	0.457	0 ms
Numeric time: 0.339	0.339	0 ms
Symbolic time: 0.46	0.46	0 ms
Numeric time: 0.338	0.338	0 ms
Symbolic time: 0.455	0.453	0.001 ms
Numeric time: 0.34	0	0.34 ms
Symbolic time: 0.458	0	0.458 ms
Numeric time: 0.34	0.273	0.068 ms
Symbolic time: 0.457	0.422	0.035 ms
Numeric time: 0.342	0.342	0 ms
Symbolic time: 0.459	0.459	0 ms
Numeric time: 0.338	0.321	0.016 ms
Symbolic time: 0.459	0.458	0 ms
Numeric time: 0.338	0.338	0 ms
Symbolic time: 0.463	0.462	0 ms
Numeric time: 0.338	0.339	0 ms
Symbolic time: 0.46	0.461	0 ms
Numeric time: 0.337	0.337	0 ms
Symbolic time: 0.46	0.46	0 ms
Numeric time: 0.339	0.339	0 ms
Symbolic time: 0.457	0.456	0.001 ms
Numeric time: 0.342	0.342	0 ms
Symbolic time: 0.459	0.46	0 ms
Numeric time: 0.342	0.342	0 ms
Symbolic time: 0.461	0.461	0 ms
Numeric time: 0.341	0.341	0 ms
Symbolic time: 0.459	0.459	0 ms
Numeric time: 0.34	0.34	0 ms
Symbolic time: 0.458	0.458	0 ms
Numeric time: 0.335	0.335	0 ms
Symbolic time: 0.459	0.459	0 ms
Numeric time: 0.334	0.335	0 ms
Symbolic time: 0.459	0.459	0 ms
Numeric time: 0.339	0.338	0 ms
Symbolic time: 0.457	0.457	0 ms
Numeric time: 0.34	0.339	0 ms
Symbolic time: 0.456	0.456	0 ms
Numeric time: 0.341	0.341	0 ms
Symbolic time: 0.455	0.456	0 ms
Numeric time: 0.345	0.345	0 ms
Symbolic time: 0.458	0.458	0 ms
Numeric time: 0.342	0.343	0 ms
Symbolic time: 0.462	0.462	0 ms
Numeric time: 0.346	0.347	0 ms
Symbolic time: 0.463	0.463	0 ms
Numeric time: 0.339	0.338	0 ms
Symbolic time: 0.463	0.463	0 ms
Numeric time: 0.337	0.338	0 ms
Symbolic time: 0.463	0.463	0 ms
Numeric time: 0.34	0.34	0 ms
Symbolic time: 0.462	0.462	0 ms
Numeric time: 0.339	0.338	0 ms
Symbolic time: 0.463	0.463	0 ms
Numeric time: 0.338	0.338	0 ms
Symbolic time: 0.455	0.456	0 ms
Numeric time: 0.342	0.342	0 ms
Symbolic time: 0.454	0.454	0 ms
Numeric time: 0.339	0.339	0 ms
Symbolic time: 0.458	0.458	0 ms
Numeric time: 0.342	0.342	0 ms
Symbolic time: 0.457	0.456	0 ms
Numeric time: 0.339	0.339	0 ms
Symbolic time: 0.462	0.461	0 ms
Numeric time: 0.34	0.34	0 ms
Symbolic time: 0.46	0.46	0 ms
Numeric time: 0.337	0.337	0 ms
Symbolic time: 0.461	0.461	0 ms
Numeric time: 0.337	0.337	0 ms
Symbolic time: 0.457	0.458	0 ms
Numeric time: 0.337	0.338	0 ms
Symbolic time: 0.458	0.459	0 ms
Numeric time: 0.338	0.338	0 ms
Symbolic time: 0.452	0.453	0 ms
Numeric time: 0.341	0	0.341 ms
Symbolic time: 0.457	0	0.457 ms
Numeric time: 0.342	0.284	0.059 ms
Symbolic time: 0.459	0.426	0.032 ms
Numeric time: 0.34	0.316	0.024 ms
Symbolic time: 0.461	0.461	0 ms
Numeric time: 0.337	0.336	0 ms
Symbolic time: 0.462	0.462	0 ms
Numeric time: 0.341	0.341	0 ms
Symbolic time: 0.462	0.463	0 ms
Numeric time: 0.336	0.336	0 ms
Symbolic time: 0.463	0.463	0 ms
Numeric time: 0.338	0.338	0 ms
Symbolic time: 0.46	0.461	0 ms
Numeric time: 0.342	0.342	0 ms
Symbolic time: 0.459	0.46	0 ms
Numeric time: 0.34	0.339	0 ms
Symbolic time: 0.464	0.465	0 ms
Numeric time: 0.341	0.341	0 ms
Symbolic time: 0.463	0.463	0 ms
Numeric time: 0.408	0.401	0 ms
Symbolic time: 0.943	0.216	0.727 ms
Numeric time: 0.799	0.743	0.058 ms
Symbolic time: 0.878	0.876	0.003 ms
Numeric time: 0.612	0	0.613 ms
Symbolic time: 0.781	0.579	0.2 ms
Numeric time: 0.748	0.749	0 ms
Symbolic time: 0.941	0.942	0 ms
Numeric time: 0.738	0.738	0 ms
Symbolic time: 0.772	0.772	0 ms
Numeric time: 0.623	0.611	0.012 ms
Symbolic time: 0.923	0.924	0 ms
Numeric time: 0.724	0.723	0 ms
Symbolic time: 0.916	0.916	0 ms
Numeric time: 0.622	0.622	0 ms
Symbolic time: 0.778	0.778	0 ms
Numeric time: 0.704	0.704	0.001 ms
Symbolic time: 0.928	0.077	0.852 ms
Numeric time: 0.761	0.761	0 ms
Symbolic time: 0.776	0.777	0 ms
Numeric time: 0.623	0.623	0 ms
Symbolic time: 0.889	0.889	0 ms
Numeric time: 0.751	0.752	0 ms
Symbolic time: 0.937	0.938	0 ms
Numeric time: 0.619	0.619	0 ms
Symbolic time: 0.786	0.786	0 ms
Numeric time: 0.694	0.695	0 ms
Symbolic time: 0.944	0.945	0 ms
Numeric time: 0.76	0.76	0 ms
Symbolic time: 0.775	0.776	0 ms
Numeric time: 0.619	0.619	0 ms
Symbolic time: 0.867	0.001	0.867 ms
Numeric time: 0.758	0.758	0 ms
Symbolic time: 0.956	0.957	0 ms
Numeric time: 0.623	0.624	0 ms
Symbolic time: 0.78	0.78	0 ms
Numeric time: 0.681	0.681	0 ms
Symbolic time: 0.914	0.914	0 ms
Numeric time: 0.674	0.675	0 ms
Symbolic time: 0.884	0.883	0 ms
Numeric time: 0.623	0.623	0 ms
Symbolic time: 0.78	0.78	0 ms
Numeric time: 0.748	0.749	0 ms
Symbolic time: 0.937	0.938	0 ms
Numeric time: 0.733	0	0.732 ms
Symbolic time: 0.771	0.63	0.141 ms
Numeric time: 0.624	0.625	0 ms
Symbolic time: 0.925	0.925	0 ms
Numeric time: 0.757	0.757	0 ms
Symbolic time: 0.905	0.904	0 ms
Numeric time: 0.618	0.618	0 ms
Symbolic time: 0.775	0.77	0.004 ms
Numeric time: 0.719	0	0.719 ms
Symbolic time: 0.937	0.848	0.09 ms
Numeric time: 0.755	0.756	0 ms
Symbolic time: 0.774	0.774	0 ms
Numeric time: 0.627	0.627	0 ms
Symbolic time: 0.897	0.897	0 ms
Numeric time: 0.745	0.737	0.008 ms
Symbolic time: 0.932	0.933	0 ms
Numeric time: 0.618	0.619	0 ms
Symbolic time: 0.778	0.778	0 ms
Numeric time: 0.698	0	0.698 ms
Symbolic time: 0.933	0.828	0.106 ms
Numeric time: 0.765	0.766	0 ms
Symbolic time: 0.775	0.775	0 ms
Numeric time: 0.62	0.593	0.026 ms
Symbolic time: 0.877	0.878	0 ms
Numeric time: 0.748	0	0.748 ms
Symbolic time: 0.955	0.865	0.09 ms
Numeric time: 0.625	0.625	0 ms
Symbolic time: 0.777	0.777	0 ms
Numeric time: 0.681	0.662	0.02 ms
Symbolic time: 0.935	0.928	0.007 ms
Numeric time: 0.75	0	0.751 ms
Symbolic time: 0.786	0.746	0.04 ms
Numeric time: 0.624	0.625	0 ms
Symbolic time: 0.859	0.859	0 ms
Numeric time: 0.754	0.754	0 ms
Symbolic time: 0.961	0.962	0 ms
Numeric time: 0.667	0.652	0.017 ms
Symbolic time: 0.837	0.837	0 ms
Numeric time: 0.66	0.66	0 ms
Symbolic time: 0.942	0.943	0 ms
Numeric time: 0.752	0.752	0 ms
Symbolic time: 0.811	0.812	0 ms
Numeric time: 0.627	0.627	0 ms
Symbolic time: 0.827	0.827	0 ms
Numeric time: 0.752	0.752	0 ms
Symbolic time: 0.947	0.947	0 ms
Numeric time: 0.666	0.666	0 ms
Symbolic time: 0.778	0.778	0 ms
Numeric time: 0.619	0.62	0 ms
Symbolic time: 0.952	0.952	0 ms
Numeric time: 0.74	0.741	0 ms
Symbolic time: 0.865	0.865	0 ms
Numeric time: 0.732	0.732	0 ms
Symbolic time: 0.779	0.779	0 ms
Numeric time: 0.757	0.757	0 ms
Symbolic time: 0.792	0.792	0 ms
Numeric time: 0.76	0.76	0 ms
Symbolic time: 0.848	0.848	0 ms
Numeric time: 0.611	0.611	0 ms
Symbolic time: 0.77	0	0.771 ms
Numeric time: 0.754	0.721	0.033 ms
Symbolic time: 0.935	0.936	0 ms
Numeric time: 0.71	0	0.71 ms
Symbolic time: 0.779	0.647	0.132 ms
Numeric time: 0.621	0.569	0.052 ms
Symbolic time: 0.939	0.94	0 ms
Numeric time: 0.726	0.727	0 ms
Symbolic time: 0.9	0.899	0 ms
Numeric time: 0.629	0.623	0 ms
Symbolic time: 0.68	0.68	0 ms
Numeric time: 0.542	0.543	0 ms
Symbolic time: 0.671	0.671	0 ms
Numeric time: 0.545	0.545	0 ms
Symbolic time: 0.663	0.664	0 ms
Numeric time: 0.543	0.544	0 ms
Symbolic time: 0.669	0.669	0 ms
Numeric time: 0.53	0.53	0 ms
Symbolic time: 0.67	0.671	0 ms
Numeric time: 0.535	0.535	0 ms
Symbolic time: 0.66	0.661	0 ms
Numeric time: 0.534	0.534	0 ms
Symbolic time: 0.668	0.669	0 ms
Numeric time: 0.532	0.532	0 ms
Symbolic time: 0.503	0.503	0 ms
Numeric time: 0.345	0.345	0 ms
Symbolic time: 0.462	0.462	0 ms
Numeric time: 0.341	0.341	0 ms
Symbolic time: 0.465	0.465	0 ms
Numeric time: 0.337	0.337	0 ms
Symbolic time: 0.461	0.461	0 ms
Numeric time: 0.338	0.338	0 ms
Symbolic time: 0.46	0.46	0 ms
Numeric time: 0.341	0.341	0 ms
Symbolic time: 0.46	0.46	0 ms
Numeric time: 0.345	0.346	0 ms
Symbolic time: 0.458	0.458	0 ms
Numeric time: 0.342	0.342	0 ms
Symbolic time: 0.459	0.46	0 ms
Numeric time: 0.34	0.341	0 ms
Symbolic time: 0.464	0.464	0 ms
Numeric time: 0.341	0.341	0 ms
Symbolic time: 0.46	0.46	0 ms
Numeric time: 0.342	0.342	0 ms
Symbolic time: 0.462	0.462	0 ms
Numeric time: 0.338	0.338	0 ms
Symbolic time: 0.457	0.458	0 ms
Numeric time: 0.338	0.338	0 ms
Symbolic time: 0.461	0.461	0 ms
Numeric time: 0.345	0.345	0 ms
Symbolic time: 0.46	0.46	0 ms
Numeric time: 0.345	0.346	0 ms
Symbolic time: 0.462	0.463	0 ms
Numeric time: 0.339	0.339	0 ms
Symbolic time: 0.459	0.459	0 ms
Numeric time: 0.34	0.34	0 ms
Symbolic time: 0.465	0.465	0 ms
Numeric time: 0.338	0.338	0 ms
Symbolic time: 0.465	0.465	0 ms
Numeric time: 0.339	0.339	0 ms
Symbolic time: 0.458	0.458	0 ms
Numeric time: 0.339	0.339	0 ms
Symbolic time: 0.46	0.46	0 ms
Numeric time: 0.341	0.341	0 ms
Symbolic time: 0.46	0.46	0 ms
Numeric time: 0.347	0.347	0 ms
Symbolic time: 0.462	0.462	0 ms
Numeric time: 0.343	0.343	0 ms
Symbolic time: 0.458	0.458	0 ms
Numeric time: 0.345	0.345	0 ms
Symbolic time: 0.462	0.462	0 ms
Numeric time: 0.341	0.341	0 ms
Symbolic time: 0.459	0.459	0 ms
Numeric time: 0.337	0.337	0 ms
Symbolic time: 0.464	0.464	0 ms
Numeric time: 0.342	0.342	0 ms
Symbolic time: 0.463	0.463	0 ms
Numeric time: 0.337	0.337	0 ms
Symbolic time: 0.463	0.463	0 ms
Numeric time: 0.337	0.337	0 ms
Symbolic time: 0.458	0.459	0 ms
Numeric time: 0.339	0	0.339 ms
Symbolic time: 0.455	0	0.455 ms
Numeric time: 0.344	0.289	0.054 ms
Symbolic time: 0.458	0.423	0.035 ms
Numeric time: 0.344	0.344	0 ms
Symbolic time: 0.459	0.459	0 ms
Numeric time: 0.338	0.322	0.016 ms
Symbolic time: 0.458	0.459	0 ms
Numeric time: 0.339	0.339	0 ms
Symbolic time: 0.465	0.465	0 ms
Numeric time: 0.34	0.34	0 ms
Symbolic time: 0.465	0.465	0 ms
Numeric time: 0.337	0.337	0 ms
Symbolic time: 0.464	0.463	0 ms
Numeric time: 0.338	0.338	0 ms
Symbolic time: 0.462	0.462	0 ms
Numeric time: 0.341	0.34	0 ms
Symbolic time: 0.457	0.457	0 ms
Numeric time: 0.343	0.343	0 ms
Symbolic time: 0.454	0.454	0 ms
Numeric time: 0.341	0.341	0 ms
Symbolic time: 0.457	0.457	0 ms
Numeric time: 0.343	0.343	0 ms
Symbolic time: 0.459	0.458	0 ms
Numeric time: 0.337	0.337	0 ms
Symbolic time: 0.464	0.464	0 ms
Numeric time: 0.34	0.34	0 ms
Symbolic time: 0.466	0.465	0 ms
Numeric time: 0.337	0.337	0 ms
Symbolic time: 0.461	0.461	0 ms
Numeric time: 0.337	0.336	0 ms
Symbolic time: 0.463	0.464	0 ms
Numeric time: 0.338	0.337	0 ms
Symbolic time: 0.46	0.46	0 ms
Numeric time: 0.343	0.343	0 ms
Symbolic time: 0.459	0.46	0 ms
Numeric time: 0.343	0.343	0 ms
Symbolic time: 0.459	0.459	0 ms
Numeric time: 0.344	0.344	0 ms
Symbolic time: 0.46	0.46	0 ms
Numeric time: 0.339	0.34	0 ms
Symbolic time: 0.462	0.462	0 ms
Numeric time: 0.335	0.336	0 ms
Symbolic time: 0.464	0.464	0 ms
Numeric time: 0.339	0.339	0 ms
Symbolic time: 0.476	0.469	0 ms
Numeric time: 0.338	0.338	0 ms
Symbolic time: 0.457	0.457	0 ms
Numeric time: 0.337	0.337	0 ms
Symbolic time: 0.457	0.457	0 ms
Numeric time: 0.343	0.343	0 ms
Symbolic time: 0.457	0.457	0 ms
Numeric time: 0.344	0.344	0 ms
Symbolic time: 0.455	0.455	0 ms
Numeric time: 0.34	0.34	0 ms
Symbolic time: 0.459	0.459	0 ms
Numeric time: 0.337	0.337	0 ms
Symbolic time: 0.466	0.466	0 ms
Numeric time: 0.338	0.338	0 ms
Symbolic time: 0.464	0.464	0 ms
Numeric time: 0.335	0.336	0 ms
Symbolic time: 0.466	0.466	0 ms
Numeric time: 0.339	0.339	0 ms
Symbolic time: 0.464	0.464	0 ms
Numeric time: 0.336	0.336	0 ms
Symbolic time: 0.459	0.459	0 ms
Numeric time: 0.341	0.341	0 ms
Symbolic time: 0.458	0.458	0 ms
Numeric time: 0.344	0.345	0 ms
Symbolic time: 0.455	0.455	0 ms
Numeric time: 0.342	0.342	0 ms
Symbolic time: 0.456	0.456	0 ms
Numeric time: 0.34	0.34	0 ms
Symbolic time: 0.454	0.454	0 ms
Numeric time: 0.34	0.34	0 ms
Symbolic time: 0.46	0.46	0 ms
Numeric time: 0.339	0.339	0 ms
Symbolic time: 0.46	0.461	0 ms
Numeric time: 0.337	0.337	0 ms
Symbolic time: 0.462	0.462	0 ms
Numeric time: 0.339	0.339	0 ms
Symbolic time: 0.459	0.459	0 ms
Numeric time: 0.339	0.339	0 ms
Symbolic time: 0.458	0.458	0 ms
Numeric time: 0.343	0.344	0 ms
Symbolic time: 0.46	0.46	0 ms
Numeric time: 0.341	0	0.341 ms
Symbolic time: 0.462	0	0.462 ms
Numeric time: 0.34	0.223	0.117 ms
Symbolic time: 0.461	0.461	0 ms
Numeric time: 0.337	0.337	0 ms
Symbolic time: 0.46	0.46	0 ms
Numeric time: 0.338	0.338	0 ms
Symbolic time: 0.464	0.464	0 ms
Numeric time: 0.339	0.34	0 ms
Symbolic time: 0.461	0.461	0 ms
Numeric time: 0.338	0.338	0 ms
Symbolic time: 0.453	0.45	0.002 ms
Numeric time: 0.343	0.343	0 ms
Symbolic time: 0.456	0.456	0 ms
Numeric time: 0.345	0.344	0 ms
Symbolic time: 0.454	0.455	0 ms
Numeric time: 0.341	0.341	0 ms
Symbolic time: 0.459	0.459	0 ms
Numeric time: 0.339	0.339	0 ms
Symbolic time: 0.46	0.46	0 ms
Numeric time: 0.339	0.34	0 ms
Symbolic time: 0.461	0.461	0 ms
Numeric time: 0.335	0.336	0 ms
Symbolic time: 0.465	0.465	0 ms
Numeric time: 0.34	0.339	0 ms
Symbolic time: 0.463	0.463	0 ms
Numeric time: 0.339	0.338	0 ms
Symbolic time: 0.458	0.458	0 ms
Numeric time: 0.344	0.344	0 ms
Symbolic time: 0.458	0.458	0 ms
Numeric time: 0.344	0.344	0 ms
Symbolic time: 0.456	0.456	0 ms
Numeric time: 0.344	0.344	0 ms
Symbolic time: 0.458	0.458	0 ms
Numeric time: 0.337	0.337	0 ms
Symbolic time: 0.454	0.454	0 ms
Numeric time: 0.338	0.338	0 ms
Symbolic time: 0.461	0.461	0 ms
Numeric time: 0.34	0.34	0 ms
Symbolic time: 0.464	0.464	0 ms
Numeric time: 0.339	0.34	0 ms
Symbolic time: 0.463	0.464	0 ms
Numeric time: 0.337	0.337	0 ms
Symbolic time: 0.46	0.46	0 ms
Numeric time: 0.339	0.339	0 ms
Symbolic time: 0.461	0.461	0 ms
Numeric time: 0.343	0.343	0 ms
Symbolic time: 0.46	0.46	0 ms
Numeric time: 0.339	0.339	0 ms
Symbolic time: 0.458	0.458	0 ms
Numeric time: 0.339	0.339	0 ms
Symbolic time: 0.459	0.459	0 ms
Numeric time: 0.338	0.338	0 ms
Symbolic time: 0.465	0.465	0 ms
Numeric time: 0.336	0.336	0 ms
Symbolic time: 0.472	0.472	0 ms
Numeric time: 0.339	0.339	0 ms
Symbolic time: 0.462	0.462	0 ms
Numeric time: 0.336	0.336	0 ms
Symbolic time: 0.46	0.46	0 ms
Numeric time: 0.339	0.339	0 ms
Symbolic time: 0.454	0.454	0 ms
Numeric time: 0.342	0.343	0 ms
Symbolic time: 0.454	0.454	0 ms
Numeric time: 0.34	0.34	0 ms
Symbolic time: 0.454	0.454	0 ms
Numeric time: 0.337	0.337	0 ms
Symbolic time: 0.457	0.457	0 ms
Numeric time: 0.34	0.34	0 ms
Symbolic time: 0.464	0.464	0 ms
Numeric time: 0.34	0.34	0 ms
Symbolic time: 0.463	0.463	0 ms
Numeric time: 0.339	0.339	0 ms
Symbolic time: 0.463	0.463	0 ms
Numeric time: 0.34	0.34	0 ms
Symbolic time: 0.463	0.463	0 ms
Numeric time: 0.338	0.338	0 ms
Symbolic time: 0.46	0.46	0 ms
Numeric time: 0.336	0.336	0 ms
Symbolic time: 0.461	0.461	0 ms
Numeric time: 0.344	0.344	0 ms
Symbolic time: 0.459	0.459	0 ms
Numeric time: 0.344	0.344	0 ms
Symbolic time: 0.459	0.459	0 ms
Numeric time: 0.339	0.339	0 ms
Symbolic time: 0.464	0.464	0 ms
Numeric time: 0.339	0.339	0 ms
Symbolic time: 0.455	0.455	0 ms
Numeric time: 0.34	0.34	0 ms
Symbolic time: 0.461	0.461	0 ms
Numeric time: 0.337	0.337	0 ms
Symbolic time: 0.457	0.457	0 ms
Numeric time: 0.341	0.341	0 ms
Symbolic time: 0.455	0.456	0 ms
Numeric time: 0.345	0	0.345 ms
Symbolic time: 0.457	0	0.457 ms
Numeric time: 0.345	0.282	0.063 ms
Symbolic time: 0.458	0.428	0.031 ms
Numeric time: 0.347	0.347	0 ms
Symbolic time: 0.462	0.462	0 ms
Numeric time: 0.337	0.322	0.015 ms
Symbolic time: 0.464	0.464	0 ms
Numeric time: 0.336	0.336	0 ms
Symbolic time: 0.464	0.464	0 ms
Numeric time: 0.339	0.339	0 ms
Symbolic time: 0.467	0.467	0 ms
Numeric time: 0.338	0.338	0 ms
Symbolic time: 0.464	0.464	0 ms
Numeric time: 0.337	0.337	0 ms
Symbolic time: 0.46	0.46	0 ms
Numeric time: 0.344	0.345	0 ms
Symbolic time: 0.456	0.456	0 ms
Numeric time: 0.341	0.341	0 ms
Symbolic time: 0.456	0.456	0 ms
Numeric time: 0.344	0.344	0 ms
Symbolic time: 0.457	0.457	0 ms
Numeric time: 0.337	0.337	0 ms
Symbolic time: 0.463	0.463	0 ms
Numeric time: 0.338	0.339	0 ms
Symbolic time: 0.464	0.464	0 ms
Numeric time: 0.338	0.337	0 ms
Symbolic time: 0.461	0.461	0 ms
Numeric time: 0.337	0.338	0 ms
Symbolic time: 0.463	0.464	0 ms
Numeric time: 0.338	0.338	0 ms
Symbolic time: 0.457	0.458	0 ms
Numeric time: 0.341	0.34	0 ms
Symbolic time: 0.461	0.461	0 ms
Numeric time: 0.34	0.34	0 ms
Symbolic time: 0.461	0.46	0 ms
Numeric time: 0.34	0.34	0 ms
Symbolic time: 0.457	0.456	0 ms
Numeric time: 0.336	0.335	0 ms
Symbolic time: 0.466	0.466	0 ms
Numeric time: 0.338	0.337	0 ms
Symbolic time: 0.458	0.458	0 ms
Numeric time: 0.338	0.339	0 ms
Symbolic time: 0.461	0.46	0 ms
Numeric time: 0.338	0.338	0 ms
Symbolic time: 0.462	0.462	0 ms
Numeric time: 0.338	0.338	0 ms
Symbolic time: 0.453	0.454	0 ms
Numeric time: 0.345	0.345	0 ms
Symbolic time: 0.456	0.456	0 ms
Numeric time: 0.345	0.344	0 ms
Symbolic time: 0.458	0.458	0 ms
Numeric time: 0.34	0.339	0 ms
Symbolic time: 0.461	0.461	0 ms
Numeric time: 0.339	0.338	0 ms
Symbolic time: 0.464	0.464	0 ms
Numeric time: 0.34	0.34	0 ms
Symbolic time: 0.462	0.461	0 ms
Numeric time: 0.336	0.336	0 ms
Symbolic time: 0.464	0.464	0 ms
Numeric time: 0.339	0.34	0 ms
Symbolic time: 0.463	0.463	0 ms
Numeric time: 0.338	0.337	0 ms
Symbolic time: 0.46	0.459	0 ms
Numeric time: 0.343	0.344	0 ms
Symbolic time: 0.459	0.459	0 ms
Numeric time: 0.341	0.341	0 ms
Symbolic time: 0.454	0.454	0 ms
Numeric time: 0.34	0.341	0 ms
Symbolic time: 0.457	0.456	0 ms
Numeric time: 0.34	0.341	0 ms
Symbolic time: 0.459	0.459	0 ms
Numeric time: 0.338	0.338	0 ms
Symbolic time: 0.463	0.463	0 ms
Numeric time: 0.338	0.338	0 ms
Symbolic time: 0.464	0.464	0 ms
Numeric time: 0.339	0.34	0 ms
Symbolic time: 0.466	0.465	0 ms
Numeric time: 0.34	0.34	0 ms
Symbolic time: 0.463	0.462	0 ms
Numeric time: 0.343	0	0.343 ms
Symbolic time: 0.459	0	0.459 ms
Numeric time: 0.343	0.286	0.057 ms
Symbolic time: 0.459	0.429	0.03 ms
Numeric time: 0.34	0.341	0 ms
Symbolic time: 0.459	0.459	0 ms
Numeric time: 0.339	0.325	0.014 ms
Symbolic time: 0.457	0.457	0 ms
Numeric time: 0.338	0.338	0 ms
Symbolic time: 0.464	0.464	0 ms
Numeric time: 0.337	0.336	0 ms
Symbolic time: 0.459	0.459	0 ms
Numeric time: 0.339	0.338	0 ms
Symbolic time: 0.457	0.456	0 ms
Numeric time: 0.338	0.337	0 ms
Symbolic time: 0.457	0.455	0.001 ms
Numeric time: 0.339	0.34	0 ms
Symbolic time: 0.46	0.459	0 ms
Numeric time: 0.343	0.343	0 ms
Symbolic time: 0.457	0.456	0 ms
Numeric time: 0.341	0.342	0 ms
Symbolic time: 0.457	0.457	0 ms
Numeric time: 0.339	0.338	0 ms
Symbolic time: 0.46	0.46	0 ms
Numeric time: 0.342	0.343	0 ms
Symbolic time: 0.464	0.463	0 ms
Numeric time: 0.336	0.336	0 ms
Symbolic time: 0.462	0.462	0 ms
Numeric time: 0.337	0.338	0 ms
Symbolic time: 0.459	0.459	0 ms
Numeric time: 0.338	0.337	0 ms
Symbolic time: 0.467	0.467	0 ms
Numeric time: 0.339	0.338	0 ms
Symbolic time: 0.456	0.456	0 ms
Numeric time: 0.341	0.34	0 ms
Symbolic time: 0.455	0.454	0 ms
Numeric time: 0.34	0.341	0 ms
Symbolic time: 0.457	0.457	0 ms
Numeric time: 0.338	0.339	0 ms
Symbolic time: 0.457	0.457	0 ms
Numeric time: 0.338	0.338	0 ms
Symbolic time: 0.461	0.461	0 ms
Numeric time: 0.341	0.341	0 ms
Symbolic time: 0.465	0.465	0 ms
Numeric time: 0.339	0.339	0 ms
Symbolic time: 0.461	0.461	0 ms
Numeric time: 0.343	0.343	0 ms
Symbolic time: 0.462	0.462	0 ms
Numeric time: 0.339	0.339	0 ms
Symbolic time: 0.459	0.459	0 ms
Numeric time: 0.341	0.341	0 ms
Symbolic time: 0.46	0.461	0 ms
Numeric time: 0.343	0	0.343 ms
Symbolic time: 0.46	0	0.46 ms
Numeric time: 0.341	0.282	0.059 ms
Symbolic time: 0.459	0.429	0.029 ms
Numeric time: 0.34	0.319	0.022 ms
Symbolic time: 0.462	0.462	0 ms
Numeric time: 0.339	0.339	0 ms
Symbolic time: 0.461	0.461	0 ms
Numeric time: 0.336	0.335	0 ms
Symbolic time: 0.461	0.462	0 ms
Numeric time: 0.34	0.339	0 ms
Symbolic time: 0.464	0.464	0 ms
Numeric time: 0.34	0.34	0 ms
Symbolic time: 0.456	0.457	0 ms
Numeric time: 0.346	0.346	0 ms
Symbolic time: 0.46	0.459	0 ms
Numeric time: 0.341	0.342	0 ms
Symbolic time: 0.457	0.457	0 ms
Numeric time: 0.342	0.342	0 ms
Symbolic time: 0.463	0.463	0 ms
Numeric time: 0.34	0.34	0 ms
Symbolic time: 0.468	0.468	0 ms
Numeric time: 0.336	0.335	0 ms
Symbolic time: 0.468	0.467	0 ms
Numeric time: 0.337	0.338	0 ms
Symbolic time: 0.464	0.465	0 ms
Numeric time: 0.337	0.336	0 ms
Symbolic time: 0.46	0.461	0 ms
Numeric time: 0.339	0.34	0 ms
Symbolic time: 0.456	0.457	0 ms
Numeric time: 0.339	0.34	0 ms
Symbolic time: 0.454	0.454	0 ms
Numeric time: 0.344	0	0.345 ms
Symbolic time: 0.457	0	0.457 ms
Numeric time: 0.341	0.277	0.064 ms
Symbolic time: 0.457	0.428	0.029 ms
Numeric time: 0.339	0.317	0.021 ms
Symbolic time: 0.465	0.465	0 ms
Numeric time: 0.337	0.337	0 ms
Symbolic time: 0.465	0.466	0 ms
Numeric time: 0.337	0.338	0 ms
Symbolic time: 0.463	0.463	0 ms
Numeric time: 0.338	0.338	0 ms
Symbolic time: 0.46	0.461	0 ms
Numeric time: 0.339	0.34	0 ms
Symbolic time: 0.459	0.459	0 ms
Numeric time: 0.343	0.343	0 ms
Symbolic time: 0.458	0.458	0 ms
Numeric time: 0.341	0.342	0 ms
Symbolic time: 0.458	0.458	0 ms
Numeric time: 0.341	0.341	0 ms
Symbolic time: 0.454	0.454	0 ms
Numeric time: 0.338	0.338	0 ms
Symbolic time: 0.459	0.459	0 ms
Numeric time: 0.337	0.337	0 ms
Symbolic time: 0.46	0.46	0 ms
Numeric time: 0.339	0.339	0 ms
Symbolic time: 0.465	0.466	0 ms
Numeric time: 0.34	0.34	0 ms
Symbolic time: 0.461	0.461	0 ms
Numeric time: 0.34	0.34	0 ms
Symbolic time: 0.461	0.461	0 ms
Numeric time: 0.339	0.34	0 ms
Symbolic time: 0.46	0.461	0 ms
Numeric time: 0.339	0.34	0 ms
Symbolic time: 0.459	0.458	0 ms
Numeric time: 0.342	0.343	0 ms
Symbolic time: 0.461	0.46	0 ms
Numeric time: 0.338	0.337	0 ms
Symbolic time: 0.46	0.461	0 ms
Numeric time: 0.336	0.337	0 ms
Symbolic time: 0.463	0.463	0 ms
Numeric time: 0.337	0.338	0 ms
Symbolic time: 0.462	0.463	0 ms
Numeric time: 0.338	0.339	0 ms
Symbolic time: 0.457	0.457	0 ms
Numeric time: 0.337	0.338	0 ms
Symbolic time: 0.458	0.458	0 ms
Numeric time: 0.34	0.339	0 ms
Symbolic time: 0.457	0.457	0 ms
Numeric time: 0.342	0.343	0 ms
Symbolic time: 0.459	0.459	0 ms
Numeric time: 0.341	0.341	0 ms
Symbolic time: 0.459	0.46	0 ms
Numeric time: 0.342	0.342	0 ms
Symbolic time: 0.462	0.461	0 ms
Numeric time: 0.342	0.342	0 ms
Symbolic time: 0.462	0.462	0 ms
Numeric time: 0.337	0.336	0 ms
Symbolic time: 0.464	0.465	0 ms
Numeric time: 0.339	0.339	0 ms
Symbolic time: 0.462	0.462	0 ms
Numeric time: 0.334	0.335	0 ms
Symbolic time: 0.463	0.462	0 ms
Numeric time: 0.342	0.342	0 ms
Symbolic time: 0.462	0.462	0 ms
Numeric time: 0.34	0.341	0 ms
Symbolic time: 0.462	0.461	0 ms
Numeric time: 0.341	0.342	0 ms
Symbolic time: 0.458	0.458	0 ms
Numeric time: 0.337	0.338	0 ms
Symbolic time: 0.457	0	0.458 ms
Numeric time: 0.34	0	0.34 ms
Symbolic time: 0.46	0.449	0.01 ms
Numeric time: 0.34	0.32	0.021 ms
Symbolic time: 0.462	0.462	0 ms
Numeric time: 0.339	0.34	0 ms
Symbolic time: 0.46	0.459	0 ms
Numeric time: 0.341	0.341	0 ms
Symbolic time: 0.455	0.442	0.012 ms
Numeric time: 0.341	0.341	0 ms
Symbolic time: 0.462	0.462	0 ms
Numeric time: 0.343	0.343	0 ms
Symbolic time: 0.461	0.462	0 ms
Numeric time: 0.346	0.346	0 ms
Symbolic time: 0.458	0.458	0 ms
Numeric time: 0.338	0.338	0 ms
Symbolic time: 0.458	0.458	0 ms
Numeric time: 0.333	0.334	0 ms
Symbolic time: 0.462	0.462	0 ms
Numeric time: 0.337	0.337	0 ms
Symbolic time: 0.463	0.462	0 ms
Numeric time: 0.338	0.339	0 ms
Symbolic time: 0.462	0.462	0 ms
Numeric time: 0.339	0.339	0 ms
Symbolic time: 0.458	0.458	0 ms
Numeric time: 0.344	0.344	0 ms
Symbolic time: 0.457	0.457	0 ms
Numeric time: 0.341	0.341	0 ms
Symbolic time: 0.455	0.455	0 ms
Numeric time: 0.341	0.341	0 ms
Symbolic time: 0.457	0.457	0 ms
Numeric time: 0.339	0.338	0 ms
Symbolic time: 0.456	0.456	0 ms
Numeric time: 0.338	0.338	0 ms
Symbolic time: 0.466	0.466	0 ms
Numeric time: 0.338	0.339	0 ms
Symbolic time: 0.462	0.463	0 ms
Numeric time: 0.337	0.337	0 ms
Symbolic time: 0.463	0.463	0 ms
Numeric time: 0.336	0.337	0 ms
Symbolic time: 0.46	0.46	0 ms
Numeric time: 0.344	0.344	0 ms
Symbolic time: 0.46	0.459	0 ms
Numeric time: 0.342	0.342	0 ms
Symbolic time: 0.458	0.457	0 ms
Numeric time: 0.341	0.341	0 ms
Symbolic time: 0.454	0.453	0 ms
Numeric time: 0.336	0.337	0 ms
Symbolic time: 0.457	0.457	0 ms
Numeric time: 0.336	0.336	0 ms
Symbolic time: 0.463	0.463	0 ms
Numeric time: 0.337	0.337	0 ms
Symbolic time: 0.46	0.46	0 ms
Numeric time: 0.34	0.339	0 ms
Symbolic time: 0.461	0.461	0 ms
Numeric time: 0.336	0.336	0 ms
Symbolic time: 0.459	0.459	0 ms
Numeric time: 0.339	0.339	0 ms
Symbolic time: 0.457	0.457	0 ms
Numeric time: 0.344	0.344	0 ms
Symbolic time: 0.458	0.458	0 ms
Numeric time: 0.346	0.346	0 ms
Symbolic time: 0.455	0.455	0 ms
Numeric time: 0.339	0.338	0 ms
Symbolic time: 0.456	0	0.456 ms
Numeric time: 0.34	0	0.34 ms
Symbolic time: 0.463	0.443	0.02 ms
Numeric time: 0.337	0.317	0.021 ms
Symbolic time: 0.462	0.463	0 ms
Numeric time: 0.337	0.336	0 ms
Symbolic time: 0.46	0.46	0 ms
Numeric time: 0.338	0.339	0 ms
Symbolic time: 0.459	0.447	0.012 ms
Numeric time: 0.34	0.341	0 ms
Symbolic time: 0.46	0.46	0 ms
Numeric time: 0.343	0.343	0 ms
Symbolic time: 0.457	0.457	0 ms
Numeric time: 0.34	0.339	0 ms
Symbolic time: 0.461	0.461	0 ms
Numeric time: 0.336	0.336	0 ms
Symbolic time: 0.459	0	0.46 ms
Numeric time: 0.339	0	0.339 ms
Symbolic time: 0.463	0.444	0.02 ms
Numeric time: 0.337	0.316	0.021 ms
Symbolic time: 0.46	0.46	0 ms
Numeric time: 0.339	0.338	0 ms
Symbolic time: 0.457	0.458	0 ms
Numeric time: 0.34	0.34	0 ms
Symbolic time: 0.458	0.446	0.013 ms
Numeric time: 0.344	0.344	0 ms
Symbolic time: 0.456	0.457	0 ms
Numeric time: 0.342	0.342	0 ms
Symbolic time: 0.456	0.457	0 ms
Numeric time: 0.343	0.343	0 ms
Symbolic time: 0.461	0.461	0 ms
Numeric time: 0.339	0.339	0 ms
Symbolic time: 0.457	0	0.457 ms
Numeric time: 0.335	0	0.335 ms
Symbolic time: 0.462	0.436	0.027 ms
Numeric time: 0.338	0.316	0.021 ms
Symbolic time: 0.463	0.464	0 ms
Numeric time: 0.338	0.338	0 ms
Symbolic time: 0.459	0.46	0 ms
Numeric time: 0.338	0.338	0 ms
Symbolic time: 0.461	0.447	0.014 ms
Numeric time: 0.339	0.339	0 ms
Symbolic time: 0.458	0.458	0 ms
Numeric time: 0.343	0.343	0 ms
Symbolic time: 0.456	0.457	0 ms
Numeric time: 0.34	0.34	0 ms
Symbolic time: 0.456	0.456	0 ms
Numeric time: 0.339	0.34	0 ms
Symbolic time: 0.46	0.459	0 ms
Numeric time: 0.338	0.337	0 ms
Symbolic time: 0.462	0.461	0 ms
Numeric time: 0.34	0.339	0 ms
Symbolic time: 0.464	0.464	0 ms
Numeric time: 0.339	0.339	0 ms
Symbolic time: 0.463	0.464	0 ms
Numeric time: 0.337	0.337	0 ms
Symbolic time: 0.46	0.46	0 ms
Numeric time: 0.339	0.339	0 ms
Symbolic time: 0.459	0.46	0 ms
Numeric time: 0.339	0.34	0 ms
Symbolic time: 0.456	0.455	0 ms
Numeric time: 0.337	0.337	0 ms
Symbolic time: 0.459	0.458	0 ms
Numeric time: 0.339	0.339	0 ms
Symbolic time: 0.46	0.46	0 ms
Numeric time: 0.337	0.337	0 ms
Symbolic time: 0.461	0.461	0 ms
Numeric time: 0.341	0.341	0 ms
Symbolic time: 0.46	0.461	0 ms
Numeric time: 0.337	0.338	0 ms
Symbolic time: 0.462	0.463	0 ms
Numeric time: 0.338	0.337	0 ms
Symbolic time: 0.46	0.46	0 ms
Numeric time: 0.342	0.342	0 ms
Symbolic time: 0.459	0.46	0 ms
Numeric time: 0.341	0.342	0 ms
Symbolic time: 0.457	0.457	0 ms
Numeric time: 0.34	0.34	0 ms
Symbolic time: 0.461	0.461	0 ms
Numeric time: 0.339	0.34	0 ms
Symbolic time: 0.464	0.465	0 ms
Numeric time: 0.335	0.336	0 ms
Symbolic time: 0.461	0.461	0 ms
Numeric time: 0.337	0.337	0 ms
Symbolic time: 0.461	0.46	0 ms
Numeric time: 0.337	0.337	0 ms
Symbolic time: 0.459	0.46	0 ms
Numeric time: 0.339	0.338	0 ms
Symbolic time: 0.455	0.455	0 ms
Numeric time: 0.343	0.344	0 ms
Symbolic time: 0.458	0.459	0 ms
Numeric time: 0.345	0.345	0 ms
Symbolic time: 0.456	0.456	0 ms
Numeric time: 0.342	0.342	0 ms
Symbolic time: 0.457	0.457	0 ms
Numeric time: 0.337	0.337	0 ms
Symbolic time: 0.46	0.46	0 ms
Numeric time: 0.338	0.338	0 ms
Symbolic time: 0.466	0.466	0 ms
Numeric time: 0.339	0.339	0 ms
Symbolic time: 0.465	0.466	0 ms
Numeric time: 0.335	0.335	0 ms
Symbolic time: 0.461	0.461	0 ms
Numeric time: 0.339	0.338	0 ms
Symbolic time: 0.459	0.458	0 ms
Numeric time: 0.342	0.343	0 ms
Symbolic time: 0.454	0.455	0 ms
Numeric time: 0.343	0.343	0 ms
Symbolic time: 0.456	0.455	0 ms
Numeric time: 0.343	0.343	0 ms
Symbolic time: 0.453	0.454	0 ms
Numeric time: 0.334	0.334	0 ms
Symbolic time: 0.46	0.46	0 ms
Numeric time: 0.339	0.34	0 ms
Symbolic time: 0.461	0.461	0 ms
Numeric time: 0.34	0.34	0 ms
Symbolic time: 0.464	0.463	0 ms
Numeric time: 0.34	0.341	0 ms
Symbolic time: 0.462	0.463	0 ms
Numeric time: 0.338	0.338	0 ms
Symbolic time: 0.46	0.46	0 ms
Numeric time: 0.343	0.343	0 ms
Symbolic time: 0.457	0.456	0 ms
Numeric time: 0.343	0.342	0 ms
Symbolic time: 0.459	0.46	0 ms
Numeric time: 0.342	0.341	0 ms
Symbolic time: 0.46	0.46	0 ms
Numeric time: 0.336	0.336	0 ms
Symbolic time: 0.463	0.464	0 ms
Numeric time: 0.339	0.339	0 ms
Symbolic time: 0.459	0.46	0 ms
Numeric time: 0.338	0.338	0 ms
Symbolic time: 0.463	0.463	0 ms
Numeric time: 0.337	0.338	0 ms
Symbolic time: 0.455	0.455	0 ms
Numeric time: 0.339	0.34	0 ms
Symbolic time: 0.453	0.454	0 ms
Numeric time: 0.344	0.344	0 ms
Symbolic time: 0.456	0.455	0 ms
Numeric time: 0.343	0.343	0 ms
Symbolic time: 0.458	0.458	0 ms
Numeric time: 0.339	0	0.338 ms
Symbolic time: 0.459	0	0.46 ms
Numeric time: 0.339	0.218	0.121 ms
Symbolic time: 0.465	0.466	0 ms
Numeric time: 0.339	0.339	0 ms
Symbolic time: 0.46	0.46	0 ms
Numeric time: 0.339	0.34	0 ms
Symbolic time: 0.46	0.461	0 ms
Numeric time: 0.337	0.336	0 ms
Symbolic time: 0.462	0.462	0 ms
Numeric time: 0.338	0.338	0 ms
Symbolic time: 0.461	0.462	0 ms
Numeric time: 0.341	0.34	0 ms
Symbolic time: 0.458	0.457	0 ms
Numeric time: 0.339	0.338	0 ms
Symbolic time: 0.458	0.459	0 ms
Numeric time: 0.345	0.345	0 ms
Symbolic time: 0.459	0.458	0 ms
Numeric time: 0.339	0.338	0 ms
Symbolic time: 0.461	0.461	0 ms
Numeric time: 0.337	0.338	0 ms
Symbolic time: 0.457	0.457	0 ms
Numeric time: 0.336	0.336	0 ms
Symbolic time: 0.458	0.458	0 ms
Numeric time: 0.339	0.338	0 ms
Symbolic time: 0.463	0.463	0 ms
Numeric time: 0.338	0.338	0 ms
Symbolic time: 0.46	0.46	0 ms
Numeric time: 0.342	0	0.342 ms
Symbolic time: 0.46	0	0.461 ms
Numeric time: 0.344	0.269	0.074 ms
Symbolic time: 0.456	0.429	0.027 ms
Numeric time: 0.339	0.339	0 ms
Symbolic time: 0.461	0.46	0 ms
Numeric time: 0.335	0.323	0.012 ms
Symbolic time: 0.461	0.461	0 ms
Numeric time: 0.337	0.336	0 ms
Symbolic time: 0.459	0.459	0 ms
Numeric time: 0.339	0.339	0 ms
Symbolic time: 0.459	0.459	0 ms
Numeric time: 0.338	0.338	0 ms
Symbolic time: 0.458	0.458	0 ms
Numeric time: 0.338	0.338	0 ms
Symbolic time: 0.455	0.456	0 ms
Numeric time: 0.342	0.342	0 ms
Symbolic time: 0.457	0.457	0 ms
Numeric time: 0.344	0	0.345 ms
Symbolic time: 0.457	0	0.456 ms
Numeric time: 0.342	0.276	0.065 ms
Symbolic time: 0.459	0.431	0.027 ms
Numeric time: 0.339	0.319	0.021 ms
Symbolic time: 0.464	0.463	0 ms
Numeric time: 0.338	0.338	0 ms
Symbolic time: 0.462	0.462	0 ms
Numeric time: 0.339	0.339	0 ms
Symbolic time: 0.46	0.46	0 ms
Numeric time: 0.34	0.34	0 ms
Symbolic time: 0.461	0.461	0 ms
Numeric time: 0.338	0.337	0 ms
Symbolic time: 0.459	0.458	0 ms
Numeric time: 0.341	0.342	0 ms
Symbolic time: 0.459	0.459	0 ms
Numeric time: 0.342	0.341	0 ms
Symbolic time: 0.457	0.456	0 ms
Numeric time: 0.343	0.343	0 ms
Symbolic time: 0.457	0.457	0 ms
Numeric time: 0.337	0.337	0 ms
Symbolic time: 0.458	0.458	0 ms
Numeric time: 0.338	0.339	0 ms
Symbolic time: 0.457	0.458	0 ms
Numeric time: 0.338	0.338	0 ms
Symbolic time: 0.463	0.462	0 ms
Numeric time: 0.337	0.336	0 ms
Symbolic time: 0.462	0.462	0 ms
Numeric time: 0.34	0.34	0 ms
Symbolic time: 0.458	0.457	0 ms
Numeric time: 0.342	0.342	0 ms
Symbolic time: 0.458	0.458	0 ms
Numeric time: 0.343	0	0.343 ms
Symbolic time: 0.459	0	0.459 ms
Numeric time: 0.34	0.275	0.066 ms
Symbolic time: 0.457	0.429	0.027 ms
Numeric time: 0.338	0.318	0.021 ms
Symbolic time: 0.463	0.463	0 ms
Numeric time: 0.338	0.338	0 ms
Symbolic time: 0.463	0.463	0 ms
Numeric time: 0.337	0.337	0 ms
Symbolic time: 0.464	0.464	0 ms
Numeric time: 0.339	0.339	0 ms
Symbolic time: 0.464	0.464	0 ms
Numeric time: 0.341	0.341	0 ms
Symbolic time: 0.456	0.456	0 ms
Numeric time: 0.342	0.343	0 ms
Symbolic time: 0.458	0.458	0 ms
Numeric time: 0.339	0.339	0 ms
Symbolic time: 0.455	0.455	0 ms
Numeric time: 0.341	0.341	0 ms
Symbolic time: 0.454	0.454	0 ms
Numeric time: 0.338	0.338	0 ms
Symbolic time: 0.464	0.464	0 ms
Numeric time: 0.339	0.339	0 ms
Symbolic time: 0.462	0.462	0 ms
Numeric time: 0.338	0.338	0 ms
Symbolic time: 0.466	0.466	0 ms
Numeric time: 0.338	0.338	0 ms
Symbolic time: 0.462	0.462	0 ms
Numeric time: 0.338	0.339	0 ms
Symbolic time: 0.46	0.46	0 ms
Numeric time: 0.341	0.341	0 ms
Symbolic time: 0.46	0.46	0 ms
Numeric time: 0.34	0.34	0 ms
Symbolic time: 0.461	0.461	0 ms
Numeric time: 0.338	0.338	0 ms
Symbolic time: 0.461	0.462	0 ms
Numeric time: 0.339	0.339	0 ms
Symbolic time: 0.464	0.464	0 ms
Numeric time: 0.337	0.337	0 ms
Symbolic time: 0.462	0.462	0 ms
Numeric time: 0.337	0.337	0 ms
Symbolic time: 0.46	0.46	0 ms
Numeric time: 0.338	0.338	0 ms
Symbolic time: 0.46	0.46	0 ms
Numeric time: 0.336	0.336	0 ms
Symbolic time: 0.456	0.456	0 ms
Numeric time: 0.343	0.343	0 ms
Symbolic time: 0.456	0.456	0 ms
Numeric time: 0.34	0.34	0 ms
Symbolic time: 0.456	0.456	0 ms
Numeric time: 0.337	0.335	0.003 ms
Symbolic time: 0.458	0	0.457 ms
Numeric time: 0.338	0	0.338 ms
Symbolic time: 0.464	0.441	0.023 ms
Numeric time: 0.34	0.32	0.02 ms
Symbolic time: 0.465	0.465	0 ms
Numeric time: 0.341	0.341	0 ms
Symbolic time: 0.464	0.464	0 ms
Numeric time: 0.34	0.34	0 ms
Symbolic time: 0.463	0.463	0 ms
Numeric time: 0.338	0.338	0 ms
Symbolic time: 0.461	0.456	0.006 ms
Numeric time: 0.343	0.344	0 ms
Symbolic time: 0.457	0.457	0 ms
Numeric time: 0.347	0.348	0 ms
Symbolic time: 0.462	0.462	0 ms
Numeric time: 0.342	0.342	0 ms
Symbolic time: 0.458	0.458	0 ms
Numeric time: 0.34	0.339	0 ms
Symbolic time: 0.464	0.464	0 ms
Numeric time: 0.337	0.337	0 ms
Symbolic time: 0.462	0.462	0 ms
Numeric time: 0.334	0.335	0 ms
Symbolic time: 0.459	0.459	0 ms
Numeric time: 0.337	0.337	0 ms
Symbolic time: 0.459	0.459	0 ms
Numeric time: 0.338	0.338	0 ms
Symbolic time: 0.455	0.455	0 ms
Numeric time: 0.341	0.341	0 ms
Symbolic time: 0.458	0.458	0 ms
Numeric time: 0.342	0.343	0 ms
Symbolic time: 0.459	0.459	0 ms
Numeric time: 0.336	0.334	0.002 ms
Symbolic time: 0.462	0.461	0 ms
Numeric time: 0.34	0.34	0 ms
Symbolic time: 0.46	0.461	0 ms
Numeric time: 0.338	0.337	0 ms
Symbolic time: 0.465	0.465	0 ms
Numeric time: 0.335	0.336	0 ms
Symbolic time: 0.461	0.461	0 ms
Numeric time: 0.34	0.34	0 ms
Symbolic time: 0.463	0.463	0 ms
Numeric time: 0.341	0.341	0 ms
Symbolic time: 0.459	0.459	0 ms
Numeric time: 0.341	0.34	0 ms
Symbolic time: 0.459	0.459	0 ms
Numeric time: 0.34	0.34	0 ms
Symbolic time: 0.459	0.46	0 ms
Numeric time: 0.338	0.338	0 ms
Symbolic time: 0.458	0	0.458 ms
Numeric time: 0.338	0	0.339 ms
Symbolic time: 0.461	0.437	0.025 ms
Numeric time: 0.338	0.319	0.02 ms
Symbolic time: 0.464	0.464	0 ms
Numeric time: 0.338	0.339	0 ms
Symbolic time: 0.459	0.459	0 ms
Numeric time: 0.338	0.339	0 ms
Symbolic time: 0.461	0.461	0 ms
Numeric time: 0.342	0.341	0 ms
Symbolic time: 0.459	0.454	0.005 ms
Numeric time: 0.346	0.346	0 ms
Symbolic time: 0.459	0.459	0 ms
Numeric time: 0.345	0.345	0 ms
Symbolic time: 0.46	0.46	0 ms
Numeric time: 0.344	0.343	0 ms
Symbolic time: 0.462	0.462	0 ms
Numeric time: 0.336	0.337	0 ms
Symbolic time: 0.467	0.467	0 ms
Numeric time: 0.336	0.336	0 ms
Symbolic time: 0.461	0.461	0 ms
Numeric time: 0.339	0.339	0 ms
Symbolic time: 0.463	0.463	0 ms
Numeric time: 0.336	0.337	0 ms
Symbolic time: 0.461	0.462	0 ms
Numeric time: 0.337	0.337	0 ms
Symbolic time: 0.457	0.457	0 ms
Numeric time: 0.342	0.342	0 ms
Symbolic time: 0.455	0.455	0 ms
Numeric time: 0.345	0	0.345 ms
Symbolic time: 0.456	0	0.456 ms
Numeric time: 0.34	0.273	0.067 ms
Symbolic time: 0.458	0.43	0.028 ms
Numeric time: 0.337	0.318	0.02 ms
Symbolic time: 0.462	0.463	0 ms
Numeric time: 0.34	0.341	0 ms
Symbolic time: 0.465	0.464	0 ms
Numeric time: 0.337	0.337	0 ms
Symbolic time: 0.46	0.461	0 ms
Numeric time: 0.337	0.336	0 ms
Symbolic time: 0.463	0.464	0 ms
Numeric time: 0.337	0.338	0 ms
Symbolic time: 0.457	0.457	0 ms
Numeric time: 0.34	0.34	0 ms
Symbolic time: 0.461	0.462	0 ms
Numeric time: 0.344	0	0.344 ms
Symbolic time: 0.458	0	0.458 ms
Numeric time: 0.338	0.273	0.066 ms
Symbolic time: 0.459	0.431	0.028 ms
Numeric time: 0.343	0.322	0.021 ms
Symbolic time: 0.462	0.462	0 ms
Numeric time: 0.336	0.336	0 ms
Symbolic time: 0.461	0.46	0 ms
Numeric time: 0.34	0.34	0 ms
Symbolic time: 0.463	0.463	0 ms
Numeric time: 0.339	0.339	0 ms
Symbolic time: 0.459	0.459	0 ms
Numeric time: 0.338	0.338	0 ms
Symbolic time: 0.455	0.454	0 ms
Numeric time: 0.343	0.344	0 ms
Symbolic time: 0.459	0.459	0 ms
Numeric time: 0.34	0.34	0 ms
Symbolic time: 0.461	0.461	0 ms
Numeric time: 0.336	0.332	0.004 ms
Symbolic time: 0.461	0	0.462 ms
Numeric time: 0.337	0	0.337 ms
Symbolic time: 0.459	0.439	0.021 ms
Numeric time: 0.338	0.317	0.021 ms
Symbolic time: 0.46	0.461	0 ms
Numeric time: 0.339	0.339	0 ms
Symbolic time: 0.466	0.466	0 ms
Numeric time: 0.34	0.339	0 ms
Symbolic time: 0.463	0.463	0 ms
Numeric time: 0.338	0.338	0 ms
Symbolic time: 0.457	0.452	0.006 ms
Numeric time: 0.342	0.342	0 ms
Symbolic time: 0.46	0.46	0 ms
Numeric time: 0.343	0.342	0 ms
Symbolic time: 0.462	0.462	0 ms
Numeric time: 0.343	0.343	0 ms
Symbolic time: 0.461	0.46	0 ms
Numeric time: 0.336	0.336	0 ms
Symbolic time: 0.464	0.464	0 ms
Numeric time: 0.337	0.337	0 ms
Symbolic time: 0.46	0.46	0 ms
Numeric time: 0.34	0.34	0 ms
Symbolic time: 0.464	0.464	0 ms
Numeric time: 0.338	0.338	0 ms
Symbolic time: 0.459	0.459	0 ms
Numeric time: 0.34	0.339	0 ms
Symbolic time: 0.459	0.459	0 ms
Numeric time: 0.343	0.343	0 ms
Symbolic time: 0.456	0.456	0 ms
Numeric time: 0.345	0.345	0 ms
Symbolic time: 0.457	0.457	0 ms
Numeric time: 0.343	0.342	0 ms
Symbolic time: 0.463	0.463	0 ms
Numeric time: 0.338	0.338	0 ms
Symbolic time: 0.464	0.464	0 ms
Numeric time: 0.338	0.338	0 ms
Symbolic time: 0.462	0.462	0 ms
Numeric time: 0.34	0.34	0 ms
Symbolic time: 0.463	0.463	0 ms
Numeric time: 0.338	0.339	0 ms
Symbolic time: 0.461	0.462	0 ms
Numeric time: 0.338	0.338	0 ms
Symbolic time: 0.461	0.46	0 ms
Numeric time: 0.344	0.345	0 ms
Symbolic time: 0.458	0.458	0 ms
Numeric time: 0.342	0.342	0 ms
Symbolic time: 0.455	0.455	0 ms
Numeric time: 0.343	0.343	0 ms
Symbolic time: 0.454	0.455	0 ms
Numeric time: 0.339	0.34	0 ms
Symbolic time: 0.464	0.464	0 ms
Numeric time: 0.338	0.338	0 ms
Symbolic time: 0.465	0.464	0 ms
Numeric time: 0.338	0.338	0 ms
Symbolic time: 0.462	0.461	0 ms
Numeric time: 0.338	0.338	0 ms
Symbolic time: 0.467	0.467	0 ms
Numeric time: 0.342	0.342	0 ms
Symbolic time: 0.458	0.458	0 ms
Numeric time: 0.341	0.342	0 ms
Symbolic time: 0.458	0.459	0 ms
Numeric time: 0.339	0.34	0 ms
Symbolic time: 0.459	0.458	0 ms
Numeric time: 0.34	0.34	0 ms
Symbolic time: 0.458	0.458	0 ms
Numeric time: 0.339	0.339	0 ms
Symbolic time: 0.463	0.463	0 ms
Numeric time: 0.337	0.337	0 ms
Symbolic time: 0.46	0.46	0 ms
Numeric time: 0.34	0.339	0 ms
Symbolic time: 0.459	0.459	0 ms
Numeric time: 0.34	0.34	0 ms
Symbolic time: 0.464	0.464	0 ms
Numeric time: 0.338	0.338	0 ms
Symbolic time: 0.46	0.46	0 ms
Numeric time: 0.342	0.342	0 ms
Symbolic time: 0.461	0.461	0 ms
Numeric time: 0.341	0.341	0 ms
Symbolic time: 0.459	0.459	0 ms
Numeric time: 0.342	0	0.342 ms
Symbolic time: 0.462	0	0.462 ms
Numeric time: 0.34	0.221	0.119 ms
Symbolic time: 0.465	0.465	0 ms
Numeric time: 0.337	0.337	0 ms
Symbolic time: 0.465	0.466	0 ms
Numeric time: 0.334	0.335	0 ms
Symbolic time: 0.466	0.467	0 ms
Numeric time: 0.339	0.339	0 ms
Symbolic time: 0.462	0.462	0 ms
Numeric time: 0.337	0.338	0 ms
Symbolic time: 0.458	0.459	0 ms
Numeric time: 0.341	0.341	0 ms
Symbolic time: 0.458	0.458	0 ms
Numeric time: 0.342	0.341	0 ms
Symbolic time: 0.458	0.458	0 ms
Numeric time: 0.338	0.339	0 ms
Symbolic time: 0.456	0.455	0 ms
Numeric time: 0.337	0.338	0 ms
Symbolic time: 0.458	0.458	0 ms
Numeric time: 0.337	0.337	0 ms
Symbolic time: 0.462	0.462	0 ms
Numeric time: 0.338	0.338	0 ms
Symbolic time: 0.459	0.46	0 ms
Numeric time: 0.34	0.34	0 ms
Symbolic time: 0.463	0.464	0 ms
Numeric time: 0.338	0.338	0 ms
Symbolic time: 0.463	0.463	0 ms
Numeric time: 0.339	0.338	0 ms
Symbolic time: 0.46	0.46	0 ms
Numeric time: 0.341	0.341	0 ms
Symbolic time: 0.459	0.459	0 ms
Numeric time: 0.342	0.342	0 ms
Symbolic time: 0.461	0.461	0 ms
Numeric time: 0.336	0.336	0 ms
Symbolic time: 0.465	0.466	0 ms
Numeric time: 0.336	0.336	0 ms
Symbolic time: 0.461	0.461	0 ms
Numeric time: 0.337	0.337	0 ms
Symbolic time: 0.459	0.458	0 ms
Numeric time: 0.337	0.338	0 ms
Symbolic time: 0.46	0.461	0 ms
Numeric time: 0.34	0.341	0 ms
Symbolic time: 0.457	0.457	0 ms
Numeric time: 0.343	0.343	0 ms
Symbolic time: 0.456	0.456	0 ms
Numeric time: 0.344	0.343	0 ms
Symbolic time: 0.459	0.458	0 ms
Numeric time: 0.338	0.337	0.002 ms
Symbolic time: 0.457	0	0.457 ms
Numeric time: 0.337	0	0.337 ms
Symbolic time: 0.462	0.437	0.025 ms
Numeric time: 0.341	0.321	0.021 ms
Symbolic time: 0.461	0.462	0 ms
Numeric time: 0.338	0.339	0 ms
Symbolic time: 0.464	0.464	0 ms
Numeric time: 0.336	0.337	0 ms
Symbolic time: 0.46	0.46	0 ms
Numeric time: 0.338	0.337	0 ms
Symbolic time: 0.459	0.453	0.005 ms
Numeric time: 0.339	0.339	0 ms
Symbolic time: 0.463	0.463	0 ms
Numeric time: 0.343	0.344	0 ms
Symbolic time: 0.459	0.46	0 ms
Numeric time: 0.341	0.342	0 ms
Symbolic time: 0.458	0.458	0 ms
Numeric time: 0.334	0.335	0 ms
Symbolic time: 0.459	0.459	0 ms
Numeric time: 0.338	0.337	0 ms
Symbolic time: 0.46	0.461	0 ms
Numeric time: 0.338	0.338	0 ms
Symbolic time: 0.463	0.464	0 ms
Numeric time: 0.335	0.336	0 ms
Symbolic time: 0.461	0.461	0 ms
Numeric time: 0.339	0.338	0 ms
Symbolic time: 0.456	0.455	0 ms
Numeric time: 0.341	0.341	0 ms
Symbolic time: 0.458	0.458	0 ms
Numeric time: 0.342	0.342	0 ms
Symbolic time: 0.459	0.459	0 ms
Numeric time: 0.338	0.335	0.002 ms
Symbolic time: 0.46	0.46	0 ms
Numeric time: 0.339	0.339	0 ms
Symbolic time: 0.463	0.463	0 ms
Numeric time: 0.34	0.339	0 ms
Symbolic time: 0.462	0.462	0 ms
Numeric time: 0.34	0.34	0 ms
Symbolic time: 0.464	0.465	0 ms
Numeric time: 0.335	0.336	0 ms
Symbolic time: 0.464	0.464	0 ms
Numeric time: 0.338	0.338	0 ms
Symbolic time: 0.458	0.458	0 ms
Numeric time: 0.344	0.345	0 ms
Symbolic time: 0.46	0.46	0 ms
Numeric time: 0.34	0.341	0 ms
Symbolic time: 0.457	0.457	0 ms
Numeric time: 0.336	0.336	0 ms
Symbolic time: 0.459	0.459	0 ms
Numeric time: 0.338	0.337	0 ms
Symbolic time: 0.463	0.464	0 ms
Numeric time: 0.336	0.336	0 ms
Symbolic time: 0.463	0.463	0 ms
Numeric time: 0.339	0.339	0 ms
Symbolic time: 0.463	0.463	0 ms
Numeric time: 0.34	0.339	0 ms
Symbolic time: 0.469	0.469	0 ms
Numeric time: 0.337	0.337	0 ms
Symbolic time: 0.458	0.459	0 ms
Numeric time: 0.339	0.34	0 ms
Symbolic time: 0.462	0.462	0 ms
Numeric time: 0.341	0.341	0 ms
Symbolic time: 0.462	0.462	0 ms
Numeric time: 0.335	0.335	0 ms
Symbolic time: 0.454	0.455	0 ms
Numeric time: 0.34	0.34	0 ms
Symbolic time: 0.461	0.461	0 ms
Numeric time: 0.339	0.339	0 ms
Symbolic time: 0.457	0.458	0 ms
Numeric time: 0.337	0.337	0 ms
Symbolic time: 0.459	0.458	0 ms
Numeric time: 0.34	0.339	0 ms
Symbolic time: 0.456	0.455	0.001 ms
Numeric time: 0.338	0.339	0 ms
Symbolic time: 0.459	0.459	0 ms
Numeric time: 0.343	0.343	0 ms
Symbolic time: 0.459	0.459	0 ms
Numeric time: 0.34	0.34	0 ms
Symbolic time: 0.46	0.46	0 ms
Numeric time: 0.337	0.337	0 ms
Symbolic time: 0.46	0.46	0 ms
Numeric time: 0.338	0.337	0 ms
Symbolic time: 0.461	0.461	0 ms
Numeric time: 0.34	0.34	0 ms
Symbolic time: 0.463	0.464	0 ms
Numeric time: 0.339	0.338	0 ms
Symbolic time: 0.463	0.463	0 ms
Numeric time: 0.338	0.339	0 ms
Symbolic time: 0.455	0.456	0 ms
Numeric time: 0.341	0.341	0 ms
Symbolic time: 0.456	0.456	0 ms
Numeric time: 0.339	0.339	0 ms
Symbolic time: 0.457	0.457	0 ms
Numeric time: 0.343	0.344	0 ms
Symbolic time: 0.455	0.455	0 ms
Numeric time: 0.34	0.34	0 ms
Symbolic time: 0.455	0.456	0 ms
Numeric time: 0.336	0.336	0 ms
Symbolic time: 0.463	0.463	0 ms
Numeric time: 0.34	0.34	0 ms
Symbolic time: 0.463	0.463	0 ms
Numeric time: 0.338	0.338	0 ms
Symbolic time: 0.462	0.462	0 ms
Numeric time: 0.336	0.336	0 ms
Symbolic time: 0.459	0.459	0 ms
Numeric time: 0.342	0.342	0 ms
Symbolic time: 0.46	0.46	0 ms
Numeric time: 0.34	0.34	0 ms
Symbolic time: 0.459	0.459	0 ms
Numeric time: 0.338	0.339	0 ms
Symbolic time: 0.456	0.456	0 ms
Numeric time: 0.339	0.338	0 ms
Symbolic time: 0.453	0	0.452 ms
Numeric time: 0.34	0	0.34 ms
Symbolic time: 0.456	0.431	0.026 ms
Numeric time: 0.338	0.318	0.02 ms
Symbolic time: 0.459	0.459	0 ms
Numeric time: 0.336	0.337	0 ms
Symbolic time: 0.462	0.462	0 ms
Numeric time: 0.338	0.338	0 ms
Symbolic time: 0.459	0.448	0.012 ms
Numeric time: 0.344	0.345	0 ms
Symbolic time: 0.459	0.459	0 ms
Numeric time: 0.34	0.341	0 ms
Symbolic time: 0.46	0.459	0 ms
Numeric time: 0.342	0.343	0 ms
Symbolic time: 0.462	0.462	0 ms
Numeric time: 0.337	0.337	0 ms
Symbolic time: 0.457	0.458	0 ms
Numeric time: 0.339	0.339	0 ms
Symbolic time: 0.455	0.456	0 ms
Numeric time: 0.337	0.337	0 ms
Symbolic time: 0.46	0.46	0 ms
Numeric time: 0.338	0.338	0 ms
Symbolic time: 0.457	0.457	0 ms
Numeric time: 0.339	0.338	0 ms
Symbolic time: 0.455	0.455	0 ms
Numeric time: 0.341	0.342	0 ms
Symbolic time: 0.457	0.457	0 ms
Numeric time: 0.345	0.344	0 ms
Symbolic time: 0.458	0.458	0 ms
Numeric time: 0.34	0.341	0 ms
Symbolic time: 0.46	0.46	0 ms
Numeric time: 0.339	0.338	0 ms
Symbolic time: 0.461	0.462	0 ms
Numeric time: 0.336	0.336	0 ms
Symbolic time: 0.464	0.464	0 ms
Numeric time: 0.339	0.339	0 ms
Symbolic time: 0.465	0.466	0 ms
Numeric time: 0.337	0.338	0 ms
Symbolic time: 0.463	0.462	0 ms
Numeric time: 0.34	0.34	0 ms
Symbolic time: 0.455	0.456	0 ms
Numeric time: 0.342	0.343	0 ms
Symbolic time: 0.457	0.456	0 ms
Numeric time: 0.34	0.341	0 ms
Symbolic time: 0.457	0.458	0 ms
Numeric time: 0.342	0.342	0 ms
Symbolic time: 0.452	0.452	0 ms
Numeric time: 0.337	0.336	0 ms
Symbolic time: 0.46	0.46	0 ms
Numeric time: 0.336	0.336	0 ms
Symbolic time: 0.465	0.464	0 ms
Numeric time: 0.341	0.34	0 ms
Symbolic time: 0.462	0.463	0 ms
Numeric time: 0.337	0.336	0 ms
Symbolic time: 0.463	0.463	0 ms
Numeric time: 0.338	0.339	0 ms
Symbolic time: 0.46	0.46	0 ms
Numeric time: 0.343	0.344	0 ms
Symbolic time: 0.461	0.461	0 ms
Numeric time: 0.345	0.345	0 ms
Symbolic time: 0.457	0.457	0 ms
Numeric time: 0.341	0.341	0 ms
Symbolic time: 0.458	0.458	0 ms
Numeric time: 0.34	0.34	0 ms
Symbolic time: 0.461	0.461	0 ms
Numeric time: 0.338	0.338	0 ms
Symbolic time: 0.461	0.462	0 ms
Numeric time: 0.336	0.336	0 ms
Symbolic time: 0.463	0.462	0 ms
Numeric time: 0.341	0.34	0 ms
Symbolic time: 0.461	0.461	0 ms
Numeric time: 0.34	0.34	0 ms
Symbolic time: 0.458	0.458	0 ms
Numeric time: 0.345	0.344	0 ms
Symbolic time: 0.46	0.459	0 ms
Numeric time: 0.343	0.343	0 ms
Symbolic time: 0.459	0.46	0 ms
Numeric time: 0.339	0.34	0 ms
Symbolic time: 0.462	0.462	0 ms
Numeric time: 0.341	0.34	0 ms
Symbolic time: 0.463	0.464	0 ms
Numeric time: 0.34	0.34	0 ms
Symbolic time: 0.463	0.463	0 ms
Numeric time: 0.337	0.336	0 ms
Symbolic time: 0.466	0.466	0 ms
Numeric time: 0.339	0.339	0 ms
Symbolic time: 0.463	0.463	0 ms
Numeric time: 0.337	0.337	0 ms
Symbolic time: 0.459	0.459	0 ms
Numeric time: 0.343	0.342	0 ms
Symbolic time: 0.459	0.46	0 ms
Numeric time: 0.344	0.345	0 ms
Symbolic time: 0.455	0.455	0 ms
Numeric time: 0.34	0.34	0 ms
Symbolic time: 0.456	0.456	0 ms
Numeric time: 0.34	0.339	0 ms
Symbolic time: 0.459	0.459	0 ms
Numeric time: 0.337	0.336	0 ms
Symbolic time: 0.461	0.462	0 ms
Numeric time: 0.339	0.34	0 ms
Symbolic time: 0.463	0.463	0 ms
Numeric time: 0.342	0.341	0 ms
Symbolic time: 0.461	0.462	0 ms
Numeric time: 0.338	0.338	0 ms
Symbolic time: 0.458	0.458	0 ms
Numeric time: 0.345	0.345	0 ms
Symbolic time: 0.46	0.46	0 ms
Numeric time: 0.342	0.342	0 ms
Symbolic time: 0.46	0.459	0 ms
Numeric time: 0.344	0.343	0 ms
Symbolic time: 0.46	0.46	0 ms
Numeric time: 0.337	0.337	0 ms
Symbolic time: 0.464	0.464	0 ms
Numeric time: 0.338	0.338	0 ms
Symbolic time: 0.462	0.462	0 ms
Numeric time: 0.339	0.34	0 ms
Symbolic time: 0.464	0.464	0 ms
Numeric time: 0.338	0.339	0 ms
Symbolic time: 0.457	0.458	0 ms
Numeric time: 0.339	0.338	0 ms
Symbolic time: 0.457	0.456	0 ms
Numeric time: 0.343	0.343	0 ms
Symbolic time: 0.459	0.458	0 ms
Numeric time: 0.345	0.345	0 ms
Symbolic time: 0.458	0.459	0 ms
Numeric time: 0.346	0.346	0 ms
Symbolic time: 0.458	0.459	0 ms
Numeric time: 0.34	0.341	0 ms
Symbolic time: 0.466	0.467	0 ms
Numeric time: 0.338	0.338	0 ms
Symbolic time: 0.461	0.461	0 ms
Numeric time: 0.338	0.338	0 ms
Symbolic time: 0.463	0.463	0 ms
Numeric time: 0.338	0.339	0 ms
Symbolic time: 0.464	0.464	0 ms
Numeric time: 0.337	0.338	0 ms
Symbolic time: 0.46	0.46	0 ms
Numeric time: 0.343	0.344	0 ms
Symbolic time: 0.458	0.458	0 ms
Numeric time: 0.339	0.34	0 ms
Symbolic time: 0.459	0.458	0 ms
Numeric time: 0.336	0.336	0 ms
Symbolic time: 0.459	0.459	0 ms
Numeric time: 0.335	0.335	0 ms
Symbolic time: 0.46	0.461	0 ms
Numeric time: 0.339	0.339	0 ms
Symbolic time: 0.461	0.461	0 ms
Numeric time: 0.339	0.338	0 ms
Symbolic time: 0.461	0.461	0 ms
Numeric time: 0.337	0.337	0 ms
Symbolic time: 0.461	0.462	0 ms
Numeric time: 0.338	0.337	0 ms
Symbolic time: 0.462	0.463	0 ms
Numeric time: 0.342	0.342	0 ms
Symbolic time: 0.459	0.46	0 ms
Numeric time: 0.344	0.343	0 ms
Symbolic time: 0.458	0.458	0 ms
Numeric time: 0.342	0	0.342 ms
Symbolic time: 0.459	0	0.459 ms
Numeric time: 0.336	0.217	0.118 ms
Symbolic time: 0.464	0.464	0 ms
Numeric time: 0.341	0.341	0 ms
Symbolic time: 0.463	0.464	0 ms
Numeric time: 0.339	0.338	0 ms
Symbolic time: 0.461	0.461	0 ms
Numeric time: 0.338	0.338	0 ms
Symbolic time: 0.459	0.458	0 ms
Numeric time: 0.34	0.34	0 ms
Symbolic time: 0.457	0.457	0 ms
Numeric time: 0.342	0.342	0 ms
Symbolic time: 0.457	0.457	0 ms
Numeric time: 0.342	0.343	0 ms
Symbolic time: 0.459	0.459	0 ms
Numeric time: 0.342	0.343	0 ms
Symbolic time: 0.46	0.459	0 ms
Numeric time: 0.338	0.339	0 ms
Symbolic time: 0.464	0.464	0 ms
Numeric time: 0.338	0.338	0 ms
Symbolic time: 0.467	0.468	0 ms
Numeric time: 0.336	0.336	0 ms
Symbolic time: 0.466	0.465	0 ms
Numeric time: 0.338	0.339	0 ms
Symbolic time: 0.462	0.463	0 ms
Numeric time: 0.338	0.338	0 ms
Symbolic time: 0.456	0.456	0 ms
Numeric time: 0.346	0.346	0 ms
Symbolic time: 0.457	0.456	0 ms
Numeric time: 0.343	0.344	0 ms
Symbolic time: 0.457	0.457	0 ms
Numeric time: 0.342	0.342	0 ms
Symbolic time: 0.455	0.456	0 ms
Numeric time: 0.338	0.338	0 ms
Symbolic time: 0.465	0.465	0 ms
Numeric time: 0.338	0.338	0 ms
Symbolic time: 0.469	0.47	0 ms
Numeric time: 0.339	0.339	0 ms
Symbolic time: 0.461	0.46	0 ms
Numeric time: 0.341	0.34	0 ms
Symbolic time: 0.464	0.464	0 ms
Numeric time: 0.336	0.335	0 ms
Symbolic time: 0.461	0.461	0 ms
Numeric time: 0.341	0.341	0 ms
Symbolic time: 0.46	0.46	0 ms
Numeric time: 0.341	0.341	0 ms
Symbolic time: 0.455	0.456	0 ms
Numeric time: 0.346	0.346	0 ms
Symbolic time: 0.459	0.458	0 ms
Numeric time: 0.337	0.337	0 ms
Symbolic time: 0.463	0.463	0 ms
Numeric time: 0.34	0.34	0 ms
Symbolic time: 0.457	0.457	0 ms
Numeric time: 0.339	0.34	0 ms
Symbolic time: 0.458	0.458	0 ms
Numeric time: 0.34	0.34	0 ms
Symbolic time: 0.459	0.459	0 ms
Numeric time: 0.339	0.339	0 ms
Symbolic time: 0.458	0.457	0 ms
Numeric time: 0.345	0.345	0 ms
Symbolic time: 0.462	0.462	0 ms
Numeric time: 0.343	0.343	0 ms
Symbolic time: 0.46	0.46	0 ms
Numeric time: 0.347	0.347	0 ms
Symbolic time: 0.459	0.459	0 ms
Numeric time: 0.337	0.337	0 ms
Symbolic time: 0.464	0.465	0 ms
Numeric time: 0.34	0.339	0 ms
Symbolic time: 0.462	0.462	0 ms
Numeric time: 0.338	0.338	0 ms
Symbolic time: 0.463	0.463	0 ms
Numeric time: 0.339	0.339	0 ms
Symbolic time: 0.458	0.459	0 ms
Numeric time: 0.339	0.338	0 ms
Symbolic time: 0.459	0.46	0 ms
Numeric time: 0.342	0.342	0 ms
Symbolic time: 0.458	0.458	0 ms
Numeric time: 0.346	0.346	0 ms
Symbolic time: 0.454	0.455	0 ms
Numeric time: 0.341	0.342	0 ms
Symbolic time: 0.456	0.457	0 ms
Numeric time: 0.34	0.34	0 ms
Symbolic time: 0.459	0.46	0 ms
Numeric time: 0.339	0.34	0 ms
Symbolic time: 0.462	0.462	0 ms
Numeric time: 0.337	0.337	0 ms
Symbolic time: 0.464	0.463	0 ms
Numeric time: 0.34	0.341	0 ms
Symbolic time: 0.466	0.466	0 ms
Numeric time: 0.341	0.341	0 ms
Symbolic time: 0.46	0.461	0 ms
Numeric time: 0.343	0.344	0 ms
Symbolic time: 0.457	0.458	0 ms
Numeric time: 0.347	0.347	0 ms
Symbolic time: 0.46	0.459	0 ms
Numeric time: 0.341	0.341	0 ms
Symbolic time: 0.458	0.459	0 ms
Numeric time: 0.338	0.337	0 ms
Symbolic time: 0.46	0.461	0 ms
Numeric time: 0.337	0.337	0 ms
Symbolic time: 0.466	0.466	0 ms
Numeric time: 0.339	0.34	0 ms
Symbolic time: 0.462	0.463	0 ms
Numeric time: 0.338	0.339	0 ms
Symbolic time: 0.461	0.462	0 ms
Numeric time: 0.338	0.338	0 ms
Symbolic time: 0.457	0.457	0 ms
Numeric time: 0.342	0.343	0 ms
Symbolic time: 0.457	0.457	0 ms
Numeric time: 0.344	0.344	0 ms
Symbolic time: 0.455	0.455	0 ms
Numeric time: 0.346	0.346	0 ms
Symbolic time: 0.454	0.454	0 ms
Numeric time: 0.338	0.338	0 ms
Symbolic time: 0.455	0.455	0 ms
Numeric time: 0.339	0.339	0 ms
Symbolic time: 0.46	0.461	0 ms
Numeric time: 0.341	0.341	0 ms

Symbolic time: 0.486741 ms
Numeric time: 0.362739 ms
