Symbolic time: 1.95	1.946	0 ms
Numeric time: 0.941	0.944	0 ms
Symbolic time: 1.814	1.814	0 ms
Numeric time: 0.891	0.891	0 ms
Symbolic time: 1.689	1.652	0.036 ms
Numeric time: 0.603	0.604	0 ms
Symbolic time: 1.206	1.206	0 ms
Numeric time: 0.601	0	0.601 ms
Symbolic time: 1.204	0.878	0.326 ms
Numeric time: 0.6	0	0.6 ms
Symbolic time: 1.207	0.879	0.327 ms
Numeric time: 0.601	0.601	0 ms
Symbolic time: 1.201	1.201	0 ms
Numeric time: 0.601	0.601	0 ms
Symbolic time: 1.207	1.207	0 ms
Numeric time: 0.591	0.556	0.035 ms
Symbolic time: 0.935	0.935	0 ms
Numeric time: 0.469	0.469	0 ms
Symbolic time: 0.933	0.933	0 ms
Numeric time: 0.478	0.477	0 ms
Symbolic time: 0.941	0.94	0 ms
Numeric time: 0.472	0.472	0 ms
Symbolic time: 0.937	0.937	0 ms
Numeric time: 0.466	0.465	0 ms
Symbolic time: 0.942	0.942	0 ms
Numeric time: 0.469	0.469	0 ms
Symbolic time: 0.937	0.937	0 ms
Numeric time: 0.479	0.478	0 ms
Symbolic time: 0.951	0.951	0 ms
Numeric time: 0.473	0.473	0 ms
Symbolic time: 0.935	0.934	0 ms
Numeric time: 0.467	0.467	0 ms
Symbolic time: 0.94	0.94	0 ms
Numeric time: 0.471	0.471	0 ms
Symbolic time: 0.938	0.937	0 ms
Numeric time: 0.463	0.463	0 ms
Symbolic time: 0.972	0.972	0 ms
Numeric time: 0.471	0.471	0 ms
Symbolic time: 0.937	0.938	0 ms
Numeric time: 0.467	0.467	0 ms
Symbolic time: 0.937	0.937	0 ms
Numeric time: 0.47	0.469	0 ms
Symbolic time: 0.939	0.94	0 ms
Numeric time: 0.465	0.466	0 ms
Symbolic time: 0.935	0.936	0 ms
Numeric time: 0.469	0.47	0 ms
Symbolic time: 0.942	0.941	0 ms
Numeric time: 0.464	0.463	0 ms
Symbolic time: 0.935	0.934	0 ms
Numeric time: 0.471	0.471	0 ms
Symbolic time: 0.933	0.934	0 ms
Numeric time: 0.464	0	0.464 ms
Symbolic time: 0.938	0.524	0.414 ms
Numeric time: 0.465	0.429	0.036 ms
Symbolic time: 0.938	0.938	0 ms
Numeric time: 0.469	0.469	0 ms
Symbolic time: 0.937	0.937	0 ms
Numeric time: 0.466	0.467	0 ms
Symbolic time: 0.938	0.938	0 ms
Numeric time: 0.47	0.47	0 ms
Symbolic time: 0.939	0.94	0 ms
Numeric time: 0.464	0.464	0 ms
Symbolic time: 0.936	0.936	0 ms
Numeric time: 0.468	0.468	0 ms
Symbolic time: 0.956	0.956	0 ms
Numeric time: 0.469	0.471	0 ms
Symbolic time: 0.938	0.938	0 ms
Numeric time: 0.469	0.469	0 ms
Symbolic time: 0.939	0.939	0 ms
Numeric time: 0.466	0.466	0 ms
Symbolic time: 0.936	0.936	0 ms
Numeric time: 0.47	0.47	0 ms
Symbolic time: 0.943	0.943	0 ms
Numeric time: 0.468	0.468	0 ms
Symbolic time: 0.956	0.956	0 ms
Numeric time: 0.48	0.48	0 ms
Symbolic time: 0.94	0.94	0 ms
Numeric time: 0.465	0.465	0 ms
Symbolic time: 0.939	0.939	0 ms
Numeric time: 0.469	0.469	0 ms
Symbolic time: 0.936	0.936	0 ms
Numeric time: 0.466	0.466	0 ms
Symbolic time: 0.937	0.937	0 ms
Numeric time: 0.468	0.468	0 ms
Symbolic time: 0.936	0.008	0.928 ms
Numeric time: 0.473	0.442	0.032 ms
Symbolic time: 0.938	0.938	0 ms
Numeric time: 0.473	0.446	0.029 ms
Symbolic time: 0.93	0.931	0 ms
Numeric time: 0.468	0.469	0 ms
Symbolic time: 0.935	0.935	0 ms
Numeric time: 0.467	0.467	0 ms
Symbolic time: 0.939	0.938	0 ms
Numeric time: 0.467	0.467	0 ms
Symbolic time: 0.936	0.937	0 ms
Numeric time: 0.463	0.463	0 ms
Symbolic time: 0.935	0.936	0 ms
Numeric time: 0.469	0.47	0 ms
Symbolic time: 0.938	0.937	0 ms
Numeric time: 0.463	0.463	0 ms
Symbolic time: 0.938	0.938	0 ms
Numeric time: 0.473	0.473	0 ms
Symbolic time: 0.944	0.945	0 ms
Numeric time: 0.467	0.467	0 ms
Symbolic time: 0.96	0.96	0 ms
Numeric time: 0.471	0.472	0 ms
Symbolic time: 0.936	0.936	0 ms
Numeric time: 0.466	0.465	0 ms
Symbolic time: 0.937	0.937	0 ms
Numeric time: 0.469	0.47	0 ms
Symbolic time: 0.946	0.945	0 ms
Numeric time: 0.467	0.467	0 ms
Symbolic time: 0.94	0.94	0 ms
Numeric time: 0.467	0.467	0 ms
Symbolic time: 0.936	0.936	0 ms
Numeric time: 0.465	0.465	0 ms
Symbolic time: 0.94	0.939	0 ms
Numeric time: 0.469	0.469	0 ms
Symbolic time: 0.935	0.935	0 ms
Numeric time: 0.466	0.466	0 ms
Symbolic time: 0.937	0.937	0 ms
Numeric time: 0.467	0.467	0 ms
Symbolic time: 0.935	0	0.934 ms
Numeric time: 0.471	0.471	0 ms
Symbolic time: 0.933	0.933	0 ms
Numeric time: 0.464	0.464	0 ms
Symbolic time: 0.933	0.933	0 ms
Numeric time: 0.468	0.468	0 ms
Symbolic time: 0.936	0.937	0 ms
Numeric time: 0.464	0.464	0 ms
Symbolic time: 0.937	0.938	0 ms
Numeric time: 0.467	0.467	0 ms
Symbolic time: 0.95	0.95	0 ms
Numeric time: 0.467	0.467	0 ms
Symbolic time: 0.938	0.939	0 ms
Numeric time: 0.469	0.469	0 ms
Symbolic time: 0.941	0.941	0 ms
Numeric time: 0.465	0.465	0 ms
Symbolic time: 0.937	0.937	0 ms
Numeric time: 0.467	0.468	0 ms
Symbolic time: 0.938	0.937	0 ms
Numeric time: 0.476	0.476	0 ms
Symbolic time: 0.974	0.975	0 ms
Numeric time: 0.477	0.477	0 ms
Symbolic time: 0.941	0.942	0 ms
Numeric time: 0.464	0.465	0 ms
Symbolic time: 0.939	0.939	0 ms
Numeric time: 0.473	0.473	0 ms
Symbolic time: 0.942	0.943	0 ms
Numeric time: 0.464	0.464	0 ms
Symbolic time: 0.942	0.943	0 ms
Numeric time: 0.472	0.473	0 ms
Symbolic time: 0.942	0.942	0 ms
Numeric time: 0.483	0.484	0 ms
Symbolic time: 0.941	0.942	0 ms
Numeric time: 0.482	0.482	0 ms
Symbolic time: 0.938	0.938	0 ms
Numeric time: 0.465	0.465	0 ms
Symbolic time: 0.941	0.941	0 ms
Numeric time: 0.467	0.467	0 ms
Symbolic time: 0.94	0	0.94 ms
Numeric time: 0.465	0	0.465 ms
Symbolic time: 0.939	0.498	0.441 ms
Numeric time: 0.464	0.435	0.029 ms
Symbolic time: 0.941	0.942	0 ms
Numeric time: 0.467	0.468	0 ms
Symbolic time: 0.937	0.937	0 ms
Numeric time: 0.466	0.466	0 ms
Symbolic time: 0.942	0.942	0 ms
Numeric time: 0.468	0.469	0 ms
Symbolic time: 0.939	0.938	0 ms
Numeric time: 0.463	0.464	0 ms
Symbolic time: 0.956	0.957	0 ms
Numeric time: 0.473	0.474	0 ms
Symbolic time: 0.936	0.936	0 ms
Numeric time: 0.464	0.464	0 ms
Symbolic time: 0.94	0.939	0 ms
Numeric time: 0.471	0.471	0 ms
Symbolic time: 0.937	0.936	0 ms
Numeric time: 0.465	0.465	0 ms
Symbolic time: 0.951	0.951	0 ms
Numeric time: 0.471	0.471	0 ms
Symbolic time: 0.934	0.935	0 ms
Numeric time: 0.465	0.464	0 ms
Symbolic time: 0.953	0.953	0 ms
Numeric time: 0.475	0.475	0 ms
Symbolic time: 0.94	0.941	0 ms
Numeric time: 0.465	0.465	0 ms
Symbolic time: 0.939	0.94	0 ms
Numeric time: 0.471	0.471	0 ms
Symbolic time: 0.943	0.943	0 ms
Numeric time: 0.468	0.468	0 ms
Symbolic time: 0.937	0.937	0 ms
Numeric time: 0.469	0.47	0 ms
Symbolic time: 0.937	0.936	0 ms
Numeric time: 0.466	0.466	0 ms
Symbolic time: 0.934	0.934	0 ms
Numeric time: 0.464	0.464	0 ms
Symbolic time: 0.934	0.934	0 ms
Numeric time: 0.471	0.471	0 ms
Symbolic time: 0.945	0.945	0 ms
Numeric time: 0.469	0.469	0 ms
Symbolic time: 0.936	0.937	0 ms
Numeric time: 0.467	0.466	0 ms
Symbolic time: 0.936	0.936	0 ms
Numeric time: 0.465	0.466	0 ms
Symbolic time: 0.937	0.937	0 ms
Numeric time: 0.469	0.47	0 ms
Symbolic time: 0.939	0.938	0 ms
Numeric time: 0.463	0.464	0 ms
Symbolic time: 0.941	0.941	0 ms
Numeric time: 0.469	0.469	0 ms
Symbolic time: 0.933	0	0.932 ms
Numeric time: 0.465	0.427	0.037 ms
Symbolic time: 0.939	0.938	0 ms
Numeric time: 0.472	0.473	0 ms
Symbolic time: 0.94	0.939	0 ms
Numeric time: 0.464	0.463	0 ms
Symbolic time: 0.936	0.936	0 ms
Numeric time: 0.467	0.467	0 ms
Symbolic time: 0.937	0.937	0 ms
Numeric time: 0.464	0.465	0 ms
Symbolic time: 0.945	0.944	0 ms
Numeric time: 0.477	0.478	0 ms
Symbolic time: 0.94	0.939	0 ms
Numeric time: 0.466	0.466	0 ms
Symbolic time: 0.938	0.938	0 ms
Numeric time: 0.468	0	0.468 ms
Symbolic time: 0.932	0.437	0.495 ms
Numeric time: 0.466	0	0.466 ms
Symbolic time: 0.94	0.501	0.439 ms
Numeric time: 0.467	0.438	0.028 ms
Symbolic time: 0.94	0.94	0 ms
Numeric time: 0.465	0.465	0 ms
Symbolic time: 0.935	0.935	0 ms
Numeric time: 0.465	0.465	0 ms
Symbolic time: 0.938	0.938	0 ms
Numeric time: 0.471	0.471	0 ms
Symbolic time: 0.939	0.938	0 ms
Numeric time: 0.464	0.465	0 ms
Symbolic time: 0.946	0.946	0 ms
Numeric time: 0.481	0.481	0 ms
Symbolic time: 0.939	0.939	0 ms
Numeric time: 0.466	0.467	0 ms
Symbolic time: 0.933	0.933	0 ms
Numeric time: 0.469	0.468	0 ms
Symbolic time: 0.937	0.937	0 ms
Numeric time: 0.464	0.463	0 ms
Symbolic time: 0.941	0.941	0 ms
Numeric time: 0.468	0.467	0 ms
Symbolic time: 0.943	0.943	0 ms
Numeric time: 0.465	0.465	0 ms
Symbolic time: 0.945	0.945	0 ms
Numeric time: 0.473	0.472	0 ms
Symbolic time: 0.939	0.939	0 ms
Numeric time: 0.465	0.466	0 ms
Symbolic time: 0.938	0.937	0 ms
Numeric time: 0.467	0.467	0 ms
Symbolic time: 0.94	0.941	0 ms
Numeric time: 0.464	0.465	0 ms
Symbolic time: 0.94	0.94	0 ms
Numeric time: 0.467	0.467	0 ms
Symbolic time: 0.934	0.934	0 ms
Numeric time: 0.465	0	0.465 ms
Symbolic time: 0.941	0.507	0.434 ms
Numeric time: 0.463	0.436	0.028 ms
Symbolic time: 0.938	0.938	0 ms
Numeric time: 0.468	0.468	0 ms
Symbolic time: 0.947	0.948	0 ms
Numeric time: 0.469	0.469	0 ms
Symbolic time: 0.945	0.945	0 ms
Numeric time: 0.476	0.476	0 ms
Symbolic time: 0.938	0.937	0 ms
Numeric time: 0.466	0.466	0 ms
Symbolic time: 0.937	0.937	0 ms
Numeric time: 0.465	0.465	0 ms
Symbolic time: 0.937	0.938	0 ms
Numeric time: 0.465	0.465	0 ms
Symbolic time: 0.938	0.938	0 ms
Numeric time: 0.468	0.469	0 ms
Symbolic time: 0.938	0.937	0 ms
Numeric time: 0.464	0.464	0 ms
Symbolic time: 0.939	0.939	0 ms
Numeric time: 0.469	0.469	0 ms
Symbolic time: 0.936	0.935	0 ms
Numeric time: 0.466	0.466	0 ms
Symbolic time: 0.94	0.94	0 ms
Numeric time: 0.467	0.467	0 ms
Symbolic time: 0.937	0.937	0 ms
Numeric time: 0.464	0.464	0 ms
Symbolic time: 0.937	0.936	0 ms
Numeric time: 0.476	0.476	0 ms
Symbolic time: 0.935	0.935	0 ms
Numeric time: 0.466	0.465	0 ms
Symbolic time: 0.939	0.939	0 ms
Numeric time: 0.609	0.61	0 ms
Symbolic time: 1.045	1.045	0 ms
Numeric time: 0.468	0.469	0 ms
Symbolic time: 0.938	0.938	0 ms
Numeric time: 0.472	0.472	0 ms
Symbolic time: 0.938	0.938	0 ms
Numeric time: 0.466	0.467	0 ms
Symbolic time: 0.938	0.938	0 ms
Numeric time: 0.471	0.471	0 ms
Symbolic time: 0.941	0.941	0 ms
Numeric time: 0.464	0.464	0 ms
Symbolic time: 0.939	0.939	0 ms
Numeric time: 0.468	0.468	0 ms
Symbolic time: 0.957	0.957	0 ms
Numeric time: 0.471	0.471	0 ms
Symbolic time: 0.94	0.94	0 ms
Numeric time: 0.47	0.47	0 ms
Symbolic time: 0.94	0.939	0 ms
Numeric time: 0.465	0.465	0 ms
Symbolic time: 0.94	0.94	0 ms
Numeric time: 0.465	0.465	0 ms
Symbolic time: 0.934	0.934	0 ms
Numeric time: 0.475	0.475	0 ms
Symbolic time: 0.939	0.939	0 ms
Numeric time: 0.465	0.465	0 ms
Symbolic time: 0.94	0.94	0 ms
Numeric time: 0.469	0.469	0 ms
Symbolic time: 0.941	0.941	0 ms
Numeric time: 0.463	0.464	0 ms
Symbolic time: 0.937	0.937	0 ms
Numeric time: 0.475	0.475	0 ms
Symbolic time: 0.942	0.942	0 ms
Numeric time: 0.465	0.465	0 ms
Symbolic time: 0.937	0.937	0 ms
Numeric time: 0.47	0.47	0 ms
Symbolic time: 0.941	0.941	0 ms
Numeric time: 0.465	0.465	0 ms
Symbolic time: 0.937	0.937	0 ms
Numeric time: 0.471	0.471	0 ms
Symbolic time: 0.937	0.937	0 ms
Numeric time: 0.465	0.465	0 ms
Symbolic time: 0.948	0.948	0 ms
Numeric time: 0.474	0.474	0 ms
Symbolic time: 0.94	0.941	0 ms
Numeric time: 0.468	0.468	0 ms
Symbolic time: 0.939	0.939	0 ms
Numeric time: 0.469	0.469	0 ms
Symbolic time: 0.939	0.939	0 ms
Numeric time: 0.469	0.469	0 ms
Symbolic time: 0.941	0.941	0 ms
Numeric time: 0.467	0.467	0 ms
Symbolic time: 0.937	0.937	0 ms
Numeric time: 0.465	0.465	0 ms
Symbolic time: 0.937	0.937	0 ms
Numeric time: 0.466	0.466	0 ms
Symbolic time: 0.931	0.931	0 ms
Numeric time: 0.47	0.47	0 ms
Symbolic time: 0.943	0.943	0 ms
Numeric time: 0.465	0.466	0 ms
Symbolic time: 0.938	0.939	0 ms
Numeric time: 0.469	0.47	0 ms
Symbolic time: 0.937	0.937	0 ms
Numeric time: 0.466	0.467	0 ms
Symbolic time: 0.937	0.937	0 ms
Numeric time: 0.48	0.48	0 ms
Symbolic time: 0.937	0.937	0 ms
Numeric time: 0.464	0.464	0 ms
Symbolic time: 0.944	0.944	0 ms
Numeric time: 0.47	0.47	0 ms
Symbolic time: 0.938	0.938	0 ms
Numeric time: 0.464	0.464	0 ms
Symbolic time: 0.938	0.938	0 ms
Numeric time: 0.471	0.471	0 ms
Symbolic time: 0.958	0.958	0 ms
Numeric time: 0.471	0.472	0 ms
Symbolic time: 0.941	0.941	0 ms
Numeric time: 0.469	0.469	0 ms
Symbolic time: 0.936	0.936	0 ms
Numeric time: 0.465	0.465	0 ms
Symbolic time: 0.936	0.936	0 ms
Numeric time: 0.469	0.47	0 ms
Symbolic time: 0.96	0.96	0 ms
Numeric time: 0.472	0.472	0 ms
Symbolic time: 0.942	0.942	0 ms
Numeric time: 0.471	0.471	0 ms
Symbolic time: 0.938	0.939	0 ms
Numeric time: 0.464	0.464	0 ms
Symbolic time: 0.938	0.938	0 ms
Numeric time: 0.47	0.47	0 ms
Symbolic time: 0.937	0.938	0 ms
Numeric time: 0.463	0.464	0 ms
Symbolic time: 0.942	0.941	0 ms
Numeric time: 0.466	0.466	0 ms
Symbolic time: 0.933	0.933	0 ms
Numeric time: 0.471	0.471	0 ms
Symbolic time: 0.939	0.938	0 ms
Numeric time: 0.467	0.467	0 ms
Symbolic time: 0.937	0.936	0 ms
Numeric time: 0.47	0.47	0 ms
Symbolic time: 0.937	0.936	0 ms
Numeric time: 0.466	0.466	0 ms
Symbolic time: 0.94	0.939	0 ms
Numeric time: 0.472	0.472	0 ms
Symbolic time: 0.943	0.943	0 ms
Numeric time: 0.466	0.466	0 ms
Symbolic time: 0.941	0.941	0 ms
Numeric time: 0.467	0	0.468 ms
Symbolic time: 0.941	0.503	0.438 ms
Numeric time: 0.464	0.444	0.02 ms
Symbolic time: 0.948	0.948	0 ms
Numeric time: 0.476	0.475	0 ms
Symbolic time: 0.943	0.943	0 ms
Numeric time: 0.466	0.467	0 ms
Symbolic time: 0.943	0.944	0 ms
Numeric time: 0.471	0.472	0 ms
Symbolic time: 0.938	0.938	0 ms
Numeric time: 0.464	0.464	0 ms
Symbolic time: 0.937	0.937	0 ms
Numeric time: 0.475	0.475	0 ms
Symbolic time: 0.939	0.939	0 ms
Numeric time: 0.466	0.466	0 ms
Symbolic time: 0.939	0.939	0 ms
Numeric time: 0.471	0.471	0 ms
Symbolic time: 0.937	0.937	0 ms
Numeric time: 0.465	0.464	0 ms
Symbolic time: 0.937	0.936	0 ms
Numeric time: 0.463	0.457	0.007 ms
Symbolic time: 0.934	0.935	0 ms
Numeric time: 0.466	0	0.466 ms
Symbolic time: 0.94	0.493	0.447 ms
Numeric time: 0.464	0.444	0.02 ms
Symbolic time: 0.936	0.936	0 ms
Numeric time: 0.479	0.478	0 ms
Symbolic time: 0.949	0.948	0 ms
Numeric time: 0.465	0.466	0 ms
Symbolic time: 0.937	0.937	0 ms
Numeric time: 0.468	0.467	0 ms
Symbolic time: 0.942	0.941	0 ms
Numeric time: 0.464	0.465	0 ms
Symbolic time: 0.943	0.942	0 ms
Numeric time: 0.475	0.474	0 ms
Symbolic time: 0.94	0.941	0 ms
Numeric time: 0.463	0.463	0 ms
Symbolic time: 0.941	0.942	0 ms
Numeric time: 0.469	0.469	0 ms
Symbolic time: 0.936	0.936	0 ms
Numeric time: 0.466	0.465	0 ms
Symbolic time: 0.94	0.941	0 ms
Numeric time: 0.467	0.467	0 ms
Symbolic time: 0.943	0.943	0 ms
Numeric time: 0.483	0.483	0 ms
Symbolic time: 0.946	0.946	0 ms
Numeric time: 0.479	0.479	0 ms
Symbolic time: 0.94	0.94	0 ms
Numeric time: 0.465	0.465	0 ms
Symbolic time: 0.938	0.939	0 ms
Numeric time: 0.47	0.471	0 ms
Symbolic time: 0.942	0.941	0 ms
Numeric time: 0.464	0.463	0 ms
Symbolic time: 0.939	0.939	0 ms
Numeric time: 0.468	0.467	0 ms
Symbolic time: 0.952	0.952	0 ms
Numeric time: 0.471	0.472	0 ms
Symbolic time: 0.936	0.936	0 ms
Numeric time: 0.465	0.465	0 ms
Symbolic time: 0.936	0.936	0 ms
Numeric time: 0.469	0	0.47 ms
Symbolic time: 0.938	0.481	0.457 ms
Numeric time: 0.465	0.444	0.021 ms
Symbolic time: 0.938	0.938	0 ms
Numeric time: 0.47	0.47	0 ms
Symbolic time: 0.938	0.938	0 ms
Numeric time: 0.463	0.464	0 ms
Symbolic time: 0.939	0.938	0 ms
Numeric time: 0.47	0.471	0 ms
Symbolic time: 0.94	0.939	0 ms
Numeric time: 0.464	0.464	0 ms
Symbolic time: 0.947	0.946	0 ms
Numeric time: 0.474	0.474	0 ms
Symbolic time: 0.94	0.941	0 ms
Numeric time: 0.466	0.465	0 ms
Symbolic time: 0.939	0.94	0 ms
Numeric time: 0.469	0.469	0 ms
Symbolic time: 0.937	0.938	0 ms
Numeric time: 0.465	0.465	0 ms
Symbolic time: 0.944	0.943	0 ms
Numeric time: 0.475	0.474	0 ms
Symbolic time: 0.942	0.942	0 ms
Numeric time: 0.464	0.464	0 ms
Symbolic time: 0.938	0.938	0 ms
Numeric time: 0.473	0.473	0 ms
Symbolic time: 0.94	0.94	0 ms
Numeric time: 0.467	0.467	0 ms
Symbolic time: 0.937	0.937	0 ms
Numeric time: 0.47	0.47	0 ms
Symbolic time: 0.944	0.943	0 ms
Numeric time: 0.466	0.466	0 ms
Symbolic time: 0.939	0.939	0 ms
Numeric time: 0.469	0	0.468 ms
Symbolic time: 0.931	0.452	0.48 ms
Numeric time: 0.474	0	0.474 ms
Symbolic time: 0.939	0.505	0.434 ms
Numeric time: 0.465	0.444	0.021 ms
Symbolic time: 0.93	0	0.929 ms
Numeric time: 0.472	0.472	0 ms
Symbolic time: 0.939	0.938	0 ms
Numeric time: 0.464	0.465	0 ms
Symbolic time: 0.94	0.94	0 ms
Numeric time: 0.469	0.47	0 ms
Symbolic time: 0.945	0.945	0 ms
Numeric time: 0.465	0.465	0 ms
Symbolic time: 0.935	0.935	0 ms
Numeric time: 0.471	0.471	0 ms
Symbolic time: 0.936	0.936	0 ms
Numeric time: 0.466	0.466	0 ms
Symbolic time: 0.941	0.941	0 ms
Numeric time: 0.47	0.47	0 ms
Symbolic time: 0.939	0.939	0 ms
Numeric time: 0.489	0.489	0 ms
Symbolic time: 0.939	0.94	0 ms
Numeric time: 0.467	0.468	0 ms
Symbolic time: 0.94	0.94	0 ms
Numeric time: 0.466	0.466	0 ms
Symbolic time: 0.94	0.941	0 ms
Numeric time: 0.469	0.469	0 ms
Symbolic time: 0.943	0.943	0 ms
Numeric time: 0.464	0.465	0 ms
Symbolic time: 0.944	0.943	0 ms
Numeric time: 0.471	0.472	0 ms
Symbolic time: 0.939	0.939	0 ms
Numeric time: 0.465	0.465	0 ms
Symbolic time: 0.94	0.94	0 ms
Numeric time: 0.472	0.472	0 ms
Symbolic time: 0.939	0.94	0 ms
Numeric time: 0.467	0.467	0 ms
Symbolic time: 0.94	0.94	0 ms
Numeric time: 0.468	0.472	0 ms
Symbolic time: 0.932	0.93	0.001 ms
Numeric time: 0.466	0.465	0 ms
Symbolic time: 0.937	0.937	0 ms
Numeric time: 0.465	0.466	0 ms
Symbolic time: 0.939	0.938	0 ms
Numeric time: 0.471	0.471	0 ms
Symbolic time: 0.939	0.939	0 ms
Numeric time: 0.466	0.466	0 ms
Symbolic time: 0.951	0.952	0 ms
Numeric time: 0.474	0.474	0 ms
Symbolic time: 0.938	0.938	0 ms
Numeric time: 0.466	0.466	0 ms
Symbolic time: 0.937	0.937	0 ms
Numeric time: 0.466	0.465	0 ms
Symbolic time: 0.938	0.938	0 ms
Numeric time: 0.466	0.467	0 ms
Symbolic time: 0.936	0.936	0 ms
Numeric time: 0.468	0.468	0 ms
Symbolic time: 0.94	0.94	0 ms
Numeric time: 0.465	0.465	0 ms
Symbolic time: 0.938	0.938	0 ms
Numeric time: 0.468	0.467	0 ms
Symbolic time: 0.935	0.936	0 ms
Numeric time: 0.465	0.465	0 ms
Symbolic time: 0.936	0.937	0 ms
Numeric time: 0.467	0.468	0 ms
Symbolic time: 0.94	0.94	0 ms
Numeric time: 0.465	0.465	0 ms
Symbolic time: 0.939	0.939	0 ms
Numeric time: 0.469	0.468	0 ms
Symbolic time: 0.94	0.94	0 ms
Numeric time: 0.473	0.474	0 ms
Symbolic time: 0.94	0.94	0 ms
Numeric time: 0.467	0.468	0 ms
Symbolic time: 0.933	0	0.933 ms
Numeric time: 0.472	0.472	0 ms
Symbolic time: 0.938	0.938	0 ms
Numeric time: 0.466	0.466	0 ms
Symbolic time: 0.937	0.937	0 ms
Numeric time: 0.473	0.473	0 ms
Symbolic time: 0.938	0.938	0 ms
Numeric time: 0.482	0.482	0 ms
Symbolic time: 0.944	0.944	0 ms
Numeric time: 0.47	0.47	0 ms
Symbolic time: 0.945	0.945	0 ms
Numeric time: 0.465	0.465	0 ms
Symbolic time: 0.94	0.939	0 ms
Numeric time: 0.471	0.471	0 ms
Symbolic time: 0.937	0.937	0 ms
Numeric time: 0.488	0.488	0 ms
Symbolic time: 0.939	0.939	0 ms
Numeric time: 0.471	0.472	0 ms
Symbolic time: 0.937	0.937	0 ms
Numeric time: 0.463	0.463	0 ms
Symbolic time: 0.942	0.942	0 ms
Numeric time: 0.47	0.47	0 ms
Symbolic time: 0.934	0.935	0 ms
Numeric time: 0.464	0.464	0 ms
Symbolic time: 0.937	0.936	0 ms
Numeric time: 0.471	0.471	0 ms
Symbolic time: 0.938	0.938	0 ms
Numeric time: 0.465	0.465	0 ms
Symbolic time: 0.967	0.967	0 ms
Numeric time: 0.483	0.483	0 ms
Symbolic time: 0.953	0.953	0 ms
Numeric time: 0.468	0.467	0 ms
Symbolic time: 0.941	0.941	0 ms
Numeric time: 0.493	0.493	0 ms
Symbolic time: 0.936	0.936	0 ms
Numeric time: 0.467	0.468	0 ms
Symbolic time: 0.939	0.939	0 ms
Numeric time: 0.469	0.469	0 ms
Symbolic time: 0.939	0.939	0 ms
Numeric time: 0.467	0.466	0 ms
Symbolic time: 0.942	0.942	0 ms
Numeric time: 0.471	0.471	0 ms
Symbolic time: 0.951	0.951	0 ms
Numeric time: 0.468	0.468	0 ms
Symbolic time: 0.937	0.937	0 ms
Numeric time: 0.466	0.466	0 ms
Symbolic time: 0.952	0.01	0.943 ms
Numeric time: 0.479	0.48	0 ms
Symbolic time: 0.967	0.968	0 ms
Numeric time: 0.475	0.474	0 ms
Symbolic time: 0.937	0.936	0 ms
Numeric time: 0.469	0.469	0 ms
Symbolic time: 0.936	0.937	0 ms
Numeric time: 0.465	0.465	0 ms
Symbolic time: 0.941	0.94	0 ms
Numeric time: 0.473	0.474	0 ms
Symbolic time: 0.933	0.934	0 ms
Numeric time: 0.464	0.465	0 ms
Symbolic time: 0.939	0.938	0 ms
Numeric time: 0.472	0.473	0 ms
Symbolic time: 0.934	0.935	0 ms
Numeric time: 0.464	0.465	0 ms
Symbolic time: 0.934	0.934	0 ms
Numeric time: 0.471	0	0.471 ms
Symbolic time: 0.945	0.5	0.446 ms
Numeric time: 0.469	0.448	0.021 ms
Symbolic time: 0.937	0.936	0 ms
Numeric time: 0.47	0	0.469 ms
Symbolic time: 1.102	0.644	0.459 ms
Numeric time: 0.66	0	0.66 ms
Symbolic time: 1.05	0.801	0.249 ms
Numeric time: 0.476	0.453	0.023 ms
Symbolic time: 0.944	0.944	0 ms
Numeric time: 0.471	0.472	0 ms
Symbolic time: 0.941	0.94	0 ms
Numeric time: 0.467	0.466	0 ms
Symbolic time: 0.94	0.94	0 ms
Numeric time: 0.473	0.474	0 ms
Symbolic time: 0.94	0.94	0 ms
Numeric time: 0.467	0.467	0 ms
Symbolic time: 0.941	0.942	0 ms
Numeric time: 0.474	0.473	0 ms
Symbolic time: 0.96	0.959	0 ms
Numeric time: 0.469	0.469	0 ms
Symbolic time: 0.94	0.94	0 ms
Numeric time: 0.472	0.473	0 ms
Symbolic time: 0.937	0.937	0 ms
Numeric time: 0.465	0.465	0 ms
Symbolic time: 0.937	0.938	0 ms
Numeric time: 0.466	0.456	0.011 ms
Symbolic time: 0.936	0.936	0 ms
Numeric time: 0.473	0.473	0 ms
Symbolic time: 0.946	0.947	0 ms
Numeric time: 0.467	0.467	0 ms
Symbolic time: 0.943	0.944	0 ms
Numeric time: 0.471	0.471	0 ms
Symbolic time: 0.938	0.937	0 ms
Numeric time: 0.465	0.465	0 ms
Symbolic time: 0.935	0.935	0 ms
Numeric time: 0.471	0.472	0 ms
Symbolic time: 0.941	0.942	0 ms
Numeric time: 0.466	0.466	0 ms
Symbolic time: 0.936	0.936	0 ms
Numeric time: 0.468	0.467	0 ms
Symbolic time: 0.941	0.94	0 ms
Numeric time: 0.466	0.466	0 ms
Symbolic time: 0.939	0.939	0 ms
Numeric time: 0.467	0.466	0 ms
Symbolic time: 0.936	0.936	0 ms
Numeric time: 0.475	0.475	0 ms
Symbolic time: 0.938	0.938	0 ms
Numeric time: 0.474	0.473	0 ms
Symbolic time: 0.94	0.941	0 ms
Numeric time: 0.467	0.467	0 ms
Symbolic time: 0.94	0.94	0 ms
Numeric time: 0.471	0.471	0 ms
Symbolic time: 0.938	0.938	0 ms
Numeric time: 0.462	0.462	0 ms
Symbolic time: 0.941	0.94	0 ms
Numeric time: 0.465	0.466	0 ms
Symbolic time: 0.938	0.939	0 ms
Numeric time: 0.466	0.465	0 ms
Symbolic time: 0.935	0.935	0 ms
Numeric time: 0.465	0.466	0 ms
Symbolic time: 0.934	0	0.935 ms
Numeric time: 0.469	0.469	0 ms
Symbolic time: 0.936	0.936	0 ms
Numeric time: 0.464	0.463	0 ms
Symbolic time: 0.938	0.938	0 ms
Numeric time: 0.47	0.47	0 ms
Symbolic time: 0.936	0.936	0 ms
Numeric time: 0.466	0.466	0 ms
Symbolic time: 0.942	0.942	0 ms
Numeric time: 0.472	0.472	0 ms
Symbolic time: 0.944	0.945	0 ms
Numeric time: 0.465	0.465	0 ms
Symbolic time: 0.939	0.938	0 ms
Numeric time: 0.47	0.471	0 ms
Symbolic time: 0.938	0.938	0 ms
Numeric time: 0.465	0.465	0 ms
Symbolic time: 0.94	0.94	0 ms
Numeric time: 0.466	0.466	0 ms
Symbolic time: 0.936	0.935	0 ms
Numeric time: 0.464	0.464	0 ms
Symbolic time: 0.938	0.937	0 ms
Numeric time: 0.467	0.466	0 ms
Symbolic time: 0.937	0.936	0 ms
Numeric time: 0.465	0.464	0 ms
Symbolic time: 0.94	0.94	0 ms
Numeric time: 0.471	0.472	0 ms
Symbolic time: 0.963	0.963	0 ms
Numeric time: 0.468	0.468	0 ms
Symbolic time: 0.94	0.939	0 ms
Numeric time: 0.471	0.472	0 ms
Symbolic time: 0.937	0	0.936 ms
Numeric time: 0.465	0.436	0.029 ms
Symbolic time: 0.939	0.938	0 ms
Numeric time: 0.464	0.445	0.019 ms
Symbolic time: 0.933	0.934	0 ms
Numeric time: 0.472	0.473	0 ms
Symbolic time: 0.937	0.936	0 ms
Numeric time: 0.485	0.484	0 ms
Symbolic time: 0.942	0.942	0 ms
Numeric time: 0.472	0.472	0 ms
Symbolic time: 0.939	0.939	0 ms
Numeric time: 0.464	0.464	0 ms
Symbolic time: 0.939	0.939	0 ms
Numeric time: 0.472	0	0.472 ms
Symbolic time: 0.938	0.491	0.446 ms
Numeric time: 0.464	0.443	0.022 ms
Symbolic time: 0.94	0.94	0 ms
Numeric time: 0.469	0.47	0 ms
Symbolic time: 0.941	0.942	0 ms
Numeric time: 0.465	0.466	0 ms
Symbolic time: 0.938	0	0.938 ms
Numeric time: 0.471	0.45	0.021 ms
Symbolic time: 0.938	0.938	0 ms
Numeric time: 0.477	0.456	0.021 ms
Symbolic time: 0.94	0.94	0 ms
Numeric time: 0.473	0.473	0 ms
Symbolic time: 0.941	0.941	0 ms
Numeric time: 0.463	0.463	0 ms
Symbolic time: 0.937	0.938	0 ms
Numeric time: 0.47	0.47	0 ms
Symbolic time: 0.94	0.941	0 ms
Numeric time: 0.464	0.464	0 ms
Symbolic time: 0.936	0.937	0 ms
Numeric time: 0.468	0.468	0 ms
Symbolic time: 0.941	0.941	0 ms
Numeric time: 0.465	0.465	0 ms
Symbolic time: 0.943	0.943	0 ms
Numeric time: 0.465	0.455	0.011 ms
Symbolic time: 0.931	0.931	0 ms
Numeric time: 0.47	0.471	0 ms
Symbolic time: 0.936	0.936	0 ms
Numeric time: 0.465	0.466	0 ms
Symbolic time: 0.937	0.937	0 ms
Numeric time: 0.469	0	0.469 ms
Symbolic time: 0.939	0.488	0.451 ms
Numeric time: 0.467	0.445	0.023 ms
Symbolic time: 0.944	0.944	0 ms
Numeric time: 0.473	0.473	0 ms
Symbolic time: 0.944	0.943	0 ms
Numeric time: 0.466	0.467	0 ms
Symbolic time: 0.936	0.935	0 ms
Numeric time: 0.469	0.469	0 ms
Symbolic time: 0.939	0.939	0 ms
Numeric time: 0.465	0.464	0 ms
Symbolic time: 0.94	0.94	0 ms
Numeric time: 0.469	0.469	0 ms
Symbolic time: 0.936	0.936	0 ms
Numeric time: 0.469	0.468	0 ms
Symbolic time: 0.942	0.942	0 ms
Numeric time: 0.471	0.472	0 ms
Symbolic time: 0.942	0.941	0 ms
Numeric time: 0.466	0.466	0 ms
Symbolic time: 0.936	0.937	0 ms
Numeric time: 0.469	0.468	0 ms
Symbolic time: 0.961	0.961	0 ms
Numeric time: 0.47	0.47	0 ms
Symbolic time: 0.935	0.935	0 ms
Numeric time: 0.466	0.466	0 ms
Symbolic time: 0.936	0.937	0 ms
Numeric time: 0.472	0.472	0 ms
Symbolic time: 0.962	0.962	0 ms
Numeric time: 0.473	0.473	0 ms
Symbolic time: 0.939	0.94	0 ms
Numeric time: 0.464	0.464	0 ms
Symbolic time: 0.943	0.943	0 ms
Numeric time: 0.467	0.464	0.003 ms
Symbolic time: 0.932	0.931	0 ms
Numeric time: 0.472	0.473	0 ms
Symbolic time: 0.937	0.937	0 ms
Numeric time: 0.465	0.465	0 ms
Symbolic time: 0.937	0.937	0 ms
Numeric time: 0.471	0.471	0 ms
Symbolic time: 0.939	0.939	0 ms
Numeric time: 0.464	0.464	0 ms
Symbolic time: 0.938	0.938	0 ms
Numeric time: 0.468	0.468	0 ms
Symbolic time: 0.938	0.938	0 ms
Numeric time: 0.464	0.464	0 ms
Symbolic time: 0.937	0.937	0 ms
Numeric time: 0.472	0.472	0 ms
Symbolic time: 0.938	0.938	0 ms
Numeric time: 0.474	0.474	0 ms
Symbolic time: 0.938	0.939	0 ms
Numeric time: 0.473	0.474	0 ms
Symbolic time: 0.944	0.944	0 ms
Numeric time: 0.465	0.465	0 ms
Symbolic time: 0.946	0.946	0 ms
Numeric time: 0.471	0.471	0 ms
Symbolic time: 0.939	0.939	0 ms
Numeric time: 0.465	0.465	0 ms
Symbolic time: 0.949	0.949	0 ms
Numeric time: 0.474	0	0.474 ms
Symbolic time: 0.945	0.514	0.431 ms
Numeric time: 0.465	0.443	0.022 ms
Symbolic time: 0.94	0.939	0 ms
Numeric time: 0.471	0.471	0 ms
Symbolic time: 0.945	0.946	0 ms
Numeric time: 0.465	0.464	0 ms
Symbolic time: 0.935	0.936	0 ms
Numeric time: 0.466	0.45	0.016 ms
Symbolic time: 0.934	0.934	0 ms
Numeric time: 0.472	0.472	0 ms
Symbolic time: 0.939	0.94	0 ms
Numeric time: 0.465	0.465	0 ms
Symbolic time: 0.942	0.943	0 ms
Numeric time: 0.476	0.475	0 ms
Symbolic time: 0.94	0.94	0 ms
Numeric time: 0.465	0.465	0 ms
Symbolic time: 0.94	0.941	0 ms
Numeric time: 0.468	0	0.468 ms
Symbolic time: 0.94	0.487	0.452 ms
Numeric time: 0.465	0.442	0.023 ms
Symbolic time: 0.937	0.937	0 ms
Numeric time: 0.471	0.471	0 ms
Symbolic time: 0.94	0.94	0 ms
Numeric time: 0.466	0.466	0 ms
Symbolic time: 0.938	0.938	0 ms
Numeric time: 0.47	0.47	0 ms
Symbolic time: 0.938	0.938	0 ms
Numeric time: 0.469	0.469	0 ms
Symbolic time: 0.937	0.937	0 ms
Numeric time: 0.467	0.467	0 ms
Symbolic time: 0.957	0.956	0 ms
Numeric time: 0.47	0.47	0 ms
Symbolic time: 0.939	0.939	0 ms
Numeric time: 0.47	0.47	0 ms
Symbolic time: 0.935	0.936	0 ms
Numeric time: 0.463	0.464	0 ms
Symbolic time: 0.938	0.938	0 ms
Numeric time: 0.483	0.483	0 ms
Symbolic time: 0.942	0.942	0 ms
Numeric time: 0.468	0.468	0 ms
Symbolic time: 0.937	0.937	0 ms
Numeric time: 0.469	0.469	0 ms
Symbolic time: 0.933	0.928	0.006 ms
Numeric time: 0.463	0.463	0 ms
Symbolic time: 0.949	0.95	0 ms
Numeric time: 0.468	0.468	0 ms
Symbolic time: 0.933	0.933	0 ms
Numeric time: 0.472	0.473	0 ms
Symbolic time: 0.937	0.938	0 ms
Numeric time: 0.465	0.465	0 ms
Symbolic time: 0.939	0.939	0 ms
Numeric time: 0.471	0.471	0 ms
Symbolic time: 0.94	0.94	0 ms
Numeric time: 0.465	0.465	0 ms
Symbolic time: 0.935	0.935	0 ms
Numeric time: 0.467	0.468	0 ms
Symbolic time: 0.939	0.938	0 ms
Numeric time: 0.468	0.467	0 ms
Symbolic time: 0.943	0.942	0 ms
Numeric time: 0.471	0.472	0 ms
Symbolic time: 0.939	0.938	0 ms
Numeric time: 0.467	0.466	0 ms
Symbolic time: 0.939	0.938	0 ms
Numeric time: 0.467	0.467	0 ms
Symbolic time: 0.939	0.94	0 ms
Numeric time: 0.465	0.466	0 ms
Symbolic time: 0.939	0.939	0 ms
Numeric time: 0.47	0.47	0 ms
Symbolic time: 0.935	0.934	0 ms
Numeric time: 0.464	0.465	0 ms
Symbolic time: 0.94	0.94	0 ms
Numeric time: 0.471	0.471	0 ms
Symbolic time: 0.94	0.94	0 ms
Numeric time: 0.466	0.466	0 ms
Symbolic time: 0.94	0.941	0 ms
Numeric time: 0.465	0.466	0 ms
Symbolic time: 0.931	0.931	0 ms
Numeric time: 0.47	0.471	0 ms
Symbolic time: 0.94	0.94	0 ms
Numeric time: 0.466	0.466	0 ms
Symbolic time: 0.946	0.946	0 ms
Numeric time: 0.473	0.473	0 ms
Symbolic time: 0.94	0.94	0 ms
Numeric time: 0.465	0.465	0 ms
Symbolic time: 1.086	0.132	0.954 ms
Numeric time: 0.685	0.655	0.031 ms
Symbolic time: 1.07	1.067	0.003 ms
Numeric time: 0.481	0	0.482 ms
Symbolic time: 0.941	0.512	0.429 ms
Numeric time: 0.468	0.446	0.022 ms
Symbolic time: 0.938	0.937	0 ms
Numeric time: 0.468	0.468	0 ms
Symbolic time: 0.94	0.939	0 ms
Numeric time: 0.466	0.465	0 ms
Symbolic time: 0.941	0.94	0 ms
Numeric time: 0.471	0.472	0 ms
Symbolic time: 0.938	0.938	0 ms
Numeric time: 0.466	0.467	0 ms
Symbolic time: 0.964	0.964	0 ms
Numeric time: 0.473	0.473	0 ms
Symbolic time: 0.934	0.935	0 ms
Numeric time: 0.466	0.466	0 ms
Symbolic time: 0.943	0.943	0 ms
Numeric time: 0.473	0.472	0 ms
Symbolic time: 0.94	0.941	0 ms
Numeric time: 0.466	0.467	0 ms
Symbolic time: 0.941	0.942	0 ms
Numeric time: 0.475	0	0.474 ms
Symbolic time: 0.944	0.507	0.438 ms
Numeric time: 0.469	0.446	0.023 ms
Symbolic time: 0.939	0.939	0 ms
Numeric time: 0.468	0.468	0 ms
Symbolic time: 0.935	0.935	0 ms
Numeric time: 0.467	0.467	0 ms
Symbolic time: 0.938	0.938	0 ms
Numeric time: 0.47	0.47	0 ms
Symbolic time: 0.939	0.94	0 ms
Numeric time: 0.469	0.469	0 ms
Symbolic time: 0.94	0.94	0 ms
Numeric time: 0.466	0.452	0.014 ms
Symbolic time: 0.933	0.933	0 ms
Numeric time: 0.471	0.47	0 ms
Symbolic time: 0.937	0.939	0 ms
Numeric time: 0.466	0.465	0 ms
Symbolic time: 0.948	0.948	0 ms
Numeric time: 0.474	0.474	0 ms
Symbolic time: 0.94	0.939	0 ms
Numeric time: 0.467	0.466	0 ms
Symbolic time: 0.936	0.936	0 ms
Numeric time: 0.472	0.472	0 ms
Symbolic time: 0.937	0.938	0 ms
Numeric time: 0.467	0.467	0 ms
Symbolic time: 0.938	0.938	0 ms
Numeric time: 0.468	0.468	0 ms
Symbolic time: 0.94	0.94	0 ms
Numeric time: 0.466	0.465	0 ms
Symbolic time: 0.939	0.938	0 ms
Numeric time: 0.472	0.473	0 ms
Symbolic time: 0.939	0.939	0 ms
Numeric time: 0.465	0.465	0 ms
Symbolic time: 0.938	0.938	0 ms
Numeric time: 0.465	0.466	0 ms
Symbolic time: 0.941	0.941	0 ms
Numeric time: 0.466	0.467	0 ms
Symbolic time: 0.942	0.942	0 ms
Numeric time: 0.471	0.47	0 ms
Symbolic time: 0.938	0.938	0 ms
Numeric time: 0.47	0.471	0 ms
Symbolic time: 0.94	0.94	0 ms
Numeric time: 0.47	0.47	0 ms
Symbolic time: 0.937	0.937	0 ms
Numeric time: 0.465	0.465	0 ms
Symbolic time: 0.961	0.961	0 ms
Numeric time: 0.472	0.472	0.001 ms
Symbolic time: 0.934	0	0.934 ms
Numeric time: 0.468	0.469	0 ms
Symbolic time: 0.939	0.94	0 ms
Numeric time: 0.465	0.464	0 ms
Symbolic time: 0.938	0.938	0 ms
Numeric time: 0.474	0.474	0 ms
Symbolic time: 0.935	0.935	0 ms
Numeric time: 0.466	0.466	0 ms
Symbolic time: 0.941	0.942	0 ms
Numeric time: 0.472	0.472	0 ms
Symbolic time: 0.943	0.943	0 ms
Numeric time: 0.465	0.465	0 ms
Symbolic time: 0.958	0.959	0 ms
Numeric time: 0.472	0.471	0 ms
Symbolic time: 0.941	0.941	0 ms
Numeric time: 0.465	0.464	0 ms
Symbolic time: 0.959	0.959	0 ms
Numeric time: 0.476	0.476	0 ms
Symbolic time: 0.935	0.935	0 ms
Numeric time: 0.465	0.466	0 ms
Symbolic time: 0.943	0.942	0 ms
Numeric time: 0.473	0.473	0 ms
Symbolic time: 0.949	0.949	0 ms
Numeric time: 0.47	0.471	0 ms
Symbolic time: 0.938	0.938	0 ms
Numeric time: 0.471	0.471	0 ms
Symbolic time: 0.936	0.935	0 ms
Numeric time: 0.465	0.465	0 ms
Symbolic time: 0.938	0.938	0 ms
Numeric time: 0.471	0.472	0 ms
Symbolic time: 0.943	0.943	0 ms
Numeric time: 0.464	0.464	0 ms
Symbolic time: 0.937	0.937	0 ms
Numeric time: 0.468	0.468	0 ms
Symbolic time: 0.94	0.941	0 ms
Numeric time: 0.463	0.463	0 ms
Symbolic time: 0.936	0.936	0 ms
Numeric time: 0.466	0.466	0 ms
Symbolic time: 0.952	0.952	0 ms
Numeric time: 0.476	0.477	0 ms
Symbolic time: 0.946	0.947	0 ms
Numeric time: 0.465	0.465	0 ms
Symbolic time: 0.943	0.944	0 ms
Numeric time: 0.469	0.469	0 ms
Symbolic time: 0.938	0.938	0 ms
Numeric time: 0.465	0.465	0 ms
Symbolic time: 0.934	0.934	0 ms
Numeric time: 0.472	0.472	0 ms
Symbolic time: 0.942	0.942	0 ms
Numeric time: 0.464	0.464	0 ms
Symbolic time: 0.937	0.936	0 ms
Numeric time: 0.471	0.471	0 ms
Symbolic time: 0.939	0.939	0 ms
Numeric time: 0.465	0.465	0 ms
Symbolic time: 0.937	0.938	0 ms
Numeric time: 0.47	0	0.47 ms
Symbolic time: 0.935	0.492	0.444 ms
Numeric time: 0.465	0.444	0.021 ms
Symbolic time: 0.942	0.942	0 ms
Numeric time: 0.472	0.473	0 ms
Symbolic time: 0.942	0.942	0 ms
Numeric time: 0.472	0.471	0 ms
Symbolic time: 0.938	0.938	0 ms
Numeric time: 0.47	0	0.47 ms
Symbolic time: 0.938	0.497	0.442 ms
Numeric time: 0.465	0.444	0.021 ms
Symbolic time: 0.934	0.934	0 ms
Numeric time: 0.469	0.47	0 ms
Symbolic time: 0.937	0.937	0 ms
Numeric time: 0.467	0.467	0 ms
Symbolic time: 0.936	0.935	0 ms
Numeric time: 0.469	0.469	0 ms
Symbolic time: 0.935	0.919	0.015 ms
Numeric time: 0.465	0.465	0 ms
Symbolic time: 0.937	0.937	0 ms
Numeric time: 0.467	0.467	0 ms
Symbolic time: 0.939	0.939	0 ms
Numeric time: 0.472	0.472	0 ms
Symbolic time: 0.939	0.939	0 ms
Numeric time: 0.465	0.464	0 ms
Symbolic time: 0.96	0.96	0 ms
Numeric time: 0.471	0.472	0 ms
Symbolic time: 0.938	0.938	0 ms
Numeric time: 0.466	0.466	0 ms
Symbolic time: 0.951	0.951	0 ms
Numeric time: 0.476	0.477	0 ms
Symbolic time: 0.939	0.939	0 ms
Numeric time: 0.465	0.466	0 ms
Symbolic time: 0.938	0.938	0 ms
Numeric time: 0.468	0.468	0 ms
Symbolic time: 0.942	0.942	0 ms
Numeric time: 0.467	0.467	0 ms
Symbolic time: 0.938	0.937	0 ms
Numeric time: 0.469	0.469	0 ms
Symbolic time: 0.939	0.94	0 ms
Numeric time: 0.464	0.464	0 ms
Symbolic time: 0.944	0.945	0 ms
Numeric time: 0.469	0.47	0 ms
Symbolic time: 0.934	0.934	0 ms
Numeric time: 0.466	0.465	0 ms
Symbolic time: 0.94	0.939	0 ms
Numeric time: 0.471	0.472	0 ms
Symbolic time: 0.937	0.938	0 ms
Numeric time: 0.467	0.466	0 ms
Symbolic time: 0.937	0.938	0 ms
Numeric time: 0.47	0.471	0 ms
Symbolic time: 0.938	0.939	0 ms
Numeric time: 0.477	0.477	0 ms
Symbolic time: 0.939	0.939	0 ms
Numeric time: 0.465	0.465	0 ms
Symbolic time: 0.936	0.936	0 ms
Numeric time: 0.471	0.472	0 ms
Symbolic time: 0.938	0.938	0 ms
Numeric time: 0.464	0.464	0 ms
Symbolic time: 0.938	0.938	0 ms
Numeric time: 0.471	0.472	0 ms
Symbolic time: 0.938	0.939	0 ms
Numeric time: 0.464	0.464	0 ms
Symbolic time: 0.94	0.941	0 ms
Numeric time: 0.469	0.468	0 ms
Symbolic time: 0.933	0.933	0 ms
Numeric time: 0.463	0.464	0 ms
Symbolic time: 0.939	0.939	0 ms
Numeric time: 0.47	0	0.471 ms
Symbolic time: 0.94	0.498	0.441 ms
Numeric time: 0.465	0.443	0.021 ms
Symbolic time: 0.941	0.94	0 ms
Numeric time: 0.472	0.472	0 ms
Symbolic time: 0.938	0.938	0 ms
Numeric time: 0.47	0.471	0 ms
Symbolic time: 0.941	0.941	0 ms
Numeric time: 0.47	0.47	0 ms
Symbolic time: 0.939	0.939	0 ms
Numeric time: 0.464	0.463	0 ms
Symbolic time: 0.94	0.939	0 ms
Numeric time: 0.469	0	0.47 ms
Symbolic time: 0.938	0.492	0.446 ms
Numeric time: 0.521	0.497	0.024 ms
Symbolic time: 0.943	0.942	0 ms
Numeric time: 0.474	0.475	0 ms
Symbolic time: 0.939	0.939	0 ms
Numeric time: 0.464	0.464	0 ms
Symbolic time: 0.938	0.938	0 ms
Numeric time: 0.467	0.467	0 ms
Symbolic time: 0.94	0.939	0 ms
Numeric time: 0.464	0.465	0 ms
Symbolic time: 0.935	0.935	0 ms
Numeric time: 0.466	0.453	0.013 ms
Symbolic time: 0.982	0.034	0.948 ms
Numeric time: 0.478	0	0.477 ms
Symbolic time: 0.939	0.514	0.424 ms
Numeric time: 0.467	0.444	0.022 ms
Symbolic time: 0.934	0	0.933 ms
Numeric time: 0.472	0.472	0 ms
Symbolic time: 0.939	0.94	0 ms
Numeric time: 0.464	0.464	0 ms
Symbolic time: 0.938	0.938	0 ms
Numeric time: 0.472	0.472	0 ms
Symbolic time: 0.938	0.937	0 ms
Numeric time: 0.468	0.467	0 ms
Symbolic time: 0.942	0.942	0 ms
Numeric time: 0.47	0.47	0 ms
Symbolic time: 0.94	0.94	0 ms
Numeric time: 0.464	0.464	0 ms
Symbolic time: 0.941	0.94	0 ms
Numeric time: 0.468	0.469	0 ms
Symbolic time: 0.938	0.939	0 ms
Numeric time: 0.465	0.465	0 ms
Symbolic time: 0.935	0.936	0 ms
Numeric time: 0.47	0.47	0 ms
Symbolic time: 0.937	0.937	0 ms
Numeric time: 0.466	0.465	0 ms
Symbolic time: 0.935	0.934	0 ms
Numeric time: 0.469	0.468	0 ms
Symbolic time: 0.94	0.939	0 ms
Numeric time: 0.479	0.479	0 ms
Symbolic time: 0.944	0.943	0 ms
Numeric time: 0.471	0.471	0 ms
Symbolic time: 0.935	0.935	0 ms
Numeric time: 0.464	0.465	0 ms
Symbolic time: 0.937	0.936	0 ms
Numeric time: 0.465	0.463	0.002 ms
Symbolic time: 0.932	0.933	0 ms
Numeric time: 0.482	0.482	0 ms
Symbolic time: 0.943	0.943	0 ms
Numeric time: 0.466	0.466	0 ms
Symbolic time: 0.94	0.94	0 ms
Numeric time: 0.47	0.47	0 ms
Symbolic time: 0.938	0.938	0 ms
Numeric time: 0.464	0.464	0 ms
Symbolic time: 0.937	0.938	0 ms
Numeric time: 0.473	0.473	0 ms
Symbolic time: 0.942	0.942	0 ms
Numeric time: 0.465	0.465	0 ms
Symbolic time: 0.939	0.939	0 ms
Numeric time: 0.473	0.473	0 ms
Symbolic time: 0.937	0.937	0 ms
Numeric time: 0.471	0.471	0 ms
Symbolic time: 0.94	0.941	0 ms
Numeric time: 0.476	0.476	0 ms
Symbolic time: 0.943	0.943	0 ms
Numeric time: 0.466	0.466	0 ms
Symbolic time: 0.942	0.941	0 ms
Numeric time: 0.471	0.471	0 ms
Symbolic time: 0.941	0.941	0 ms
Numeric time: 0.465	0.465	0 ms
Symbolic time: 0.938	0.938	0 ms
Numeric time: 0.469	0.469	0 ms
Symbolic time: 1.111	1.112	0 ms
Numeric time: 0.479	0.478	0 ms
Symbolic time: 0.951	0.951	0 ms
Numeric time: 0.473	0	0.473 ms
Symbolic time: 0.947	0.505	0.442 ms
Numeric time: 0.468	0.446	0.022 ms
Symbolic time: 0.99	0.99	0 ms
Numeric time: 0.474	0.474	0 ms
Symbolic time: 0.971	0.971	0 ms
Numeric time: 0.468	0.468	0 ms
Symbolic time: 0.939	0.939	0 ms
Numeric time: 0.469	0	0.469 ms
Symbolic time: 0.941	0.491	0.45 ms
Numeric time: 0.467	0.445	0.022 ms
Symbolic time: 0.94	0.94	0 ms
Numeric time: 0.476	0.476	0 ms
Symbolic time: 0.943	0.943	0 ms
Numeric time: 0.467	0.467	0 ms
Symbolic time: 0.938	0.939	0 ms
Numeric time: 0.468	0	0.468 ms
Symbolic time: 0.943	0.494	0.449 ms
Numeric time: 0.465	0.442	0.023 ms
Symbolic time: 0.941	0.941	0 ms
Numeric time: 0.468	0.468	0 ms
Symbolic time: 0.941	0.94	0 ms
Numeric time: 0.467	0.466	0 ms
Symbolic time: 0.942	0.943	0 ms
Numeric time: 0.474	0.475	0 ms
Symbolic time: 0.942	0.941	0 ms
Numeric time: 0.469	0.469	0 ms
Symbolic time: 0.939	0.94	0 ms
Numeric time: 0.464	0.45	0.014 ms
Symbolic time: 0.932	0.932	0 ms
Numeric time: 0.475	0.474	0 ms
Symbolic time: 0.949	0.949	0 ms
Numeric time: 0.468	0.468	0 ms
Symbolic time: 0.942	0.941	0 ms
Numeric time: 0.479	0.48	0 ms
Symbolic time: 0.945	0.946	0 ms
Numeric time: 0.467	0.467	0 ms
Symbolic time: 0.939	0.939	0 ms
Numeric time: 0.471	0.472	0 ms
Symbolic time: 0.936	0.936	0 ms
Numeric time: 0.466	0.465	0 ms
Symbolic time: 0.941	0.942	0 ms
Numeric time: 0.471	0.471	0 ms
Symbolic time: 0.94	0.94	0 ms
Numeric time: 0.466	0.466	0 ms
Symbolic time: 0.935	0.935	0 ms
Numeric time: 0.469	0.469	0 ms
Symbolic time: 0.942	0.941	0 ms
Numeric time: 0.468	0.468	0 ms
Symbolic time: 0.939	0.939	0 ms
Numeric time: 0.47	0.471	0 ms
Symbolic time: 0.945	0.944	0 ms
Numeric time: 0.466	0.466	0 ms
Symbolic time: 0.94	0.939	0 ms
Numeric time: 0.477	0.477	0 ms
Symbolic time: 0.94	0.939	0 ms
Numeric time: 0.467	0.467	0 ms
Symbolic time: 0.94	0.939	0 ms
Numeric time: 0.468	0.468	0 ms
Symbolic time: 0.941	0.942	0 ms
Numeric time: 0.468	0.468	0 ms
Symbolic time: 0.94	0.94	0 ms
Numeric time: 0.468	0.468	0 ms
Symbolic time: 0.94	0	0.94 ms
Numeric time: 0.467	0.444	0.023 ms
Symbolic time: 0.938	0.938	0 ms
Numeric time: 0.463	0.444	0.019 ms
Symbolic time: 0.935	0	0.935 ms
Numeric time: 0.474	0.474	0 ms
Symbolic time: 0.939	0.939	0 ms
Numeric time: 0.465	0.466	0 ms
Symbolic time: 0.95	0.949	0 ms
Numeric time: 0.487	0.487	0 ms
Symbolic time: 0.965	0.965	0 ms
Numeric time: 0.468	0.468	0 ms
Symbolic time: 0.94	0.94	0 ms
Numeric time: 0.466	0.466	0 ms
Symbolic time: 0.94	0.94	0 ms
Numeric time: 0.465	0.465	0 ms
Symbolic time: 0.938	0.938	0 ms
Numeric time: 0.47	0.471	0 ms
Symbolic time: 0.94	0.941	0 ms
Numeric time: 0.474	0.474	0 ms
Symbolic time: 0.945	0.946	0 ms
Numeric time: 0.475	0.474	0 ms
Symbolic time: 0.961	0.962	0 ms
Numeric time: 0.47	0.471	0 ms
Symbolic time: 0.938	0.938	0 ms
Numeric time: 0.47	0.47	0 ms
Symbolic time: 0.956	0.957	0 ms
Numeric time: 0.473	0.473	0 ms
Symbolic time: 0.938	0.938	0 ms
Numeric time: 0.467	0.467	0 ms
Symbolic time: 0.944	0.944	0 ms
Numeric time: 0.472	0.472	0 ms
Symbolic time: 0.937	0.937	0 ms
Numeric time: 0.469	0.469	0 ms
Symbolic time: 0.937	0.937	0 ms
Numeric time: 0.464	0.464	0 ms
Symbolic time: 0.947	0.947	0 ms
Numeric time: 0.472	0.472	0 ms
Symbolic time: 0.942	0.943	0 ms
Numeric time: 0.462	0.463	0 ms
Symbolic time: 0.938	0.938	0 ms
Numeric time: 0.484	0.483	0 ms
Symbolic time: 0.951	0.951	0 ms
Numeric time: 0.468	0.467	0 ms
Symbolic time: 0.942	0.942	0 ms
Numeric time: 0.47	0.471	0 ms
Symbolic time: 0.938	0	0.938 ms
Numeric time: 0.463	0.435	0.029 ms
Symbolic time: 0.939	0.939	0 ms
Numeric time: 0.467	0.447	0.021 ms
Symbolic time: 0.937	0	0.938 ms
Numeric time: 0.467	0.468	0 ms
Symbolic time: 0.94	0.94	0 ms
Numeric time: 0.465	0.465	0 ms
Symbolic time: 0.938	0.932	0 ms
Numeric time: 0.47	0.471	0 ms
Symbolic time: 0.941	0.94	0 ms
Numeric time: 0.467	0.466	0 ms
Symbolic time: 0.941	0.941	0 ms
Numeric time: 0.478	0.477	0 ms
Symbolic time: 0.938	0.938	0 ms
Numeric time: 0.464	0.464	0 ms
Symbolic time: 0.985	0.985	0 ms
Numeric time: 0.73	0.73	0 ms
Symbolic time: 0.94	0.94	0 ms
Numeric time: 0.471	0.472	0 ms
Symbolic time: 0.941	0.94	0 ms
Numeric time: 0.463	0.463	0 ms
Symbolic time: 0.935	0.935	0 ms
Numeric time: 0.463	0.463	0 ms
Symbolic time: 0.935	0.935	0.001 ms
Numeric time: 0.469	0	0.469 ms
Symbolic time: 0.944	0.504	0.44 ms
Numeric time: 0.464	0.441	0.023 ms
Symbolic time: 0.939	0.939	0 ms
Numeric time: 0.471	0.471	0 ms
Symbolic time: 0.936	0.936	0 ms
Numeric time: 0.467	0.467	0 ms
Symbolic time: 0.971	0.971	0 ms
Numeric time: 0.475	0.475	0 ms
Symbolic time: 0.936	0.936	0 ms
Numeric time: 0.465	0.465	0 ms
Symbolic time: 0.937	0.937	0 ms
Numeric time: 0.472	0.472	0 ms
Symbolic time: 0.94	0.94	0 ms
Numeric time: 0.466	0.466	0 ms
Symbolic time: 0.94	0.94	0 ms
Numeric time: 0.466	0.466	0 ms
Symbolic time: 0.936	0.936	0 ms
Numeric time: 0.468	0.468	0 ms
Symbolic time: 0.937	0	0.937 ms
Numeric time: 0.472	0.459	0.014 ms
Symbolic time: 0.939	0.938	0 ms
Numeric time: 0.467	0.447	0.021 ms
Symbolic time: 0.941	0.942	0 ms
Numeric time: 0.467	0.467	0 ms
Symbolic time: 0.938	0.939	0 ms
Numeric time: 0.465	0.466	0 ms
Symbolic time: 0.935	0.936	0 ms
Numeric time: 0.466	0.467	0 ms
Symbolic time: 0.935	0.936	0 ms
Numeric time: 0.463	0.463	0 ms
Symbolic time: 0.944	0.944	0 ms
Numeric time: 0.467	0.466	0 ms
Symbolic time: 0.941	0.928	0.013 ms
Numeric time: 0.467	0.468	0 ms
Symbolic time: 0.936	0.937	0 ms
Numeric time: 0.467	0.467	0 ms
Symbolic time: 0.94	0.94	0 ms
Numeric time: 0.468	0.468	0 ms
Symbolic time: 0.938	0.938	0 ms
Numeric time: 0.464	0.464	0 ms
Symbolic time: 0.934	0.935	0 ms
Numeric time: 0.467	0.468	0 ms
Symbolic time: 0.936	0.937	0 ms
Numeric time: 0.467	0.466	0 ms
Symbolic time: 0.945	0.945	0 ms
Numeric time: 0.469	0.47	0 ms
Symbolic time: 0.939	0.939	0 ms
Numeric time: 0.463	0.463	0 ms
Symbolic time: 0.945	0.945	0 ms
Numeric time: 0.47	0.469	0 ms
Symbolic time: 0.939	0.939	0 ms
Numeric time: 0.467	0.467	0 ms
Symbolic time: 0.939	0.939	0 ms
Numeric time: 0.469	0.469	0 ms
Symbolic time: 0.945	0.946	0 ms
Numeric time: 0.468	0.467	0 ms
Symbolic time: 0.934	0.935	0 ms
Numeric time: 0.47	0.47	0 ms
Symbolic time: 0.939	0.939	0 ms
Numeric time: 0.464	0.465	0 ms
Symbolic time: 0.939	0.939	0 ms
Numeric time: 0.471	0.471	0 ms
Symbolic time: 0.94	0.94	0 ms
Numeric time: 0.466	0.466	0 ms
Symbolic time: 0.941	0.941	0 ms
Numeric time: 0.465	0.464	0 ms
Symbolic time: 0.935	0.935	0 ms
Numeric time: 0.471	0.47	0 ms
Symbolic time: 0.94	0.94	0 ms
Numeric time: 0.462	0.462	0 ms
Symbolic time: 0.942	0.941	0 ms
Numeric time: 0.471	0.471	0 ms
Symbolic time: 0.941	0.941	0 ms
Numeric time: 0.466	0.466	0 ms
Symbolic time: 0.966	0.965	0 ms
Numeric time: 0.469	0.468	0 ms
Symbolic time: 0.936	0.936	0 ms
Numeric time: 0.465	0.465	0 ms
Symbolic time: 0.939	0.94	0 ms
Numeric time: 0.47	0.47	0 ms
Symbolic time: 0.94	0.941	0 ms
Numeric time: 0.464	0.463	0 ms
Symbolic time: 0.938	0.938	0 ms
Numeric time: 0.469	0.47	0 ms
Symbolic time: 0.938	0.938	0 ms
Numeric time: 0.465	0.465	0 ms
Symbolic time: 0.935	0.936	0 ms
Numeric time: 0.47	0.471	0 ms
Symbolic time: 0.938	0.938	0 ms
Numeric time: 0.463	0.464	0 ms
Symbolic time: 0.941	0.941	0 ms
Numeric time: 0.467	0.467	0 ms
Symbolic time: 0.942	0.942	0 ms
Numeric time: 0.467	0.467	0 ms
Symbolic time: 0.943	0.944	0 ms
Numeric time: 0.473	0.473	0 ms
Symbolic time: 0.94	0.939	0 ms
Numeric time: 0.467	0.466	0 ms
Symbolic time: 0.937	0.937	0 ms
Numeric time: 0.466	0.467	0 ms
Symbolic time: 0.944	0.944	0 ms
Numeric time: 0.472	0.472	0 ms
Symbolic time: 0.936	0.935	0 ms
Numeric time: 0.464	0.465	0 ms
Symbolic time: 0.939	0.94	0 ms
Numeric time: 0.469	0.47	0 ms
Symbolic time: 0.937	0.936	0 ms
Numeric time: 0.469	0.468	0 ms
Symbolic time: 0.938	0.938	0 ms
Numeric time: 0.495	0.496	0 ms
Symbolic time: 0.95	0.95	0 ms
Numeric time: 0.466	0.466	0 ms
Symbolic time: 0.942	0.942	0 ms
Numeric time: 0.484	0.483	0 ms
Symbolic time: 0.947	0.947	0 ms
Numeric time: 0.474	0.475	0 ms
Symbolic time: 0.942	0.942	0 ms
Numeric time: 0.47	0.471	0 ms
Symbolic time: 0.934	0.934	0 ms
Numeric time: 0.465	0.465	0 ms
Symbolic time: 0.939	0.939	0 ms
Numeric time: 0.469	0.469	0 ms
Symbolic time: 0.944	0.944	0 ms
Numeric time: 0.468	0.467	0 ms
Symbolic time: 0.938	0.938	0 ms
Numeric time: 0.469	0.469	0 ms
Symbolic time: 0.938	0.937	0 ms
Numeric time: 0.465	0.465	0 ms
Symbolic time: 0.942	0.941	0 ms
Numeric time: 0.468	0.468	0 ms
Symbolic time: 0.94	0.94	0 ms
Numeric time: 0.466	0.466	0 ms
Symbolic time: 0.939	0.94	0 ms
Numeric time: 0.469	0	0.47 ms
Symbolic time: 0.94	0.507	0.434 ms
Numeric time: 0.478	0.456	0.023 ms
Symbolic time: 0.938	0.938	0 ms
Numeric time: 0.465	0	0.47 ms
Symbolic time: 0.938	0.439	0.499 ms
Numeric time: 0.464	0	0.463 ms
Symbolic time: 0.939	0.494	0.446 ms
Numeric time: 0.466	0.444	0.023 ms
Symbolic time: 0.961	0.961	0 ms
Numeric time: 0.476	0	0.477 ms
Symbolic time: 0.938	0.494	0.443 ms
Numeric time: 0.466	0.443	0.023 ms
Symbolic time: 0.944	0.944	0 ms
Numeric time: 0.471	0.472	0 ms
Symbolic time: 0.944	0.945	0 ms
Numeric time: 0.463	0.463	0 ms
Symbolic time: 0.936	0.936	0 ms
Numeric time: 0.471	0.471	0 ms
Symbolic time: 0.938	0.938	0 ms
Numeric time: 0.463	0.462	0 ms
Symbolic time: 0.94	0.94	0 ms
Numeric time: 0.471	0.471	0 ms
Symbolic time: 0.941	0.94	0 ms
Numeric time: 0.464	0.464	0 ms
Symbolic time: 0.941	0.941	0 ms
Numeric time: 0.471	0.47	0 ms
Symbolic time: 0.935	0.936	0 ms
Numeric time: 0.464	0.463	0 ms
Symbolic time: 0.938	0.938	0 ms
Numeric time: 0.469	0.47	0 ms
Symbolic time: 0.945	0.945	0 ms
Numeric time: 0.464	0.463	0 ms
Symbolic time: 0.937	0.936	0 ms
Numeric time: 0.472	0.472	0 ms
Symbolic time: 0.949	0.949	0 ms
Numeric time: 0.47	0.471	0 ms
Symbolic time: 0.94	0.939	0 ms
Numeric time: 0.472	0.472	0 ms
Symbolic time: 0.939	0.939	0 ms
Numeric time: 0.467	0.467	0 ms
Symbolic time: 0.938	0.939	0 ms
Numeric time: 0.467	0.466	0 ms
Symbolic time: 0.944	0.945	0 ms
Numeric time: 0.478	0.477	0 ms
Symbolic time: 0.945	0.945	0 ms
Numeric time: 0.469	0.469	0 ms
Symbolic time: 0.943	0.944	0 ms
Numeric time: 0.473	0.473	0 ms
Symbolic time: 0.941	0.94	0 ms
Numeric time: 0.468	0.468	0 ms
Symbolic time: 0.944	0.943	0 ms
Numeric time: 0.471	0	0.471 ms
Symbolic time: 0.942	0.496	0.446 ms
Numeric time: 0.467	0.443	0.023 ms
Symbolic time: 0.941	0.941	0 ms
Numeric time: 0.471	0.471	0 ms
Symbolic time: 0.946	0.946	0 ms
Numeric time: 0.469	0.469	0 ms
Symbolic time: 0.939	0.939	0 ms
Numeric time: 0.47	0.471	0 ms
Symbolic time: 0.941	0.941	0 ms
Numeric time: 0.467	0.467	0 ms
Symbolic time: 0.942	0.942	0 ms
Numeric time: 0.465	0.465	0 ms
Symbolic time: 0.943	0.943	0 ms
Numeric time: 0.467	0.467	0 ms
Symbolic time: 0.935	0.935	0 ms
Numeric time: 0.471	0.471	0 ms
Symbolic time: 0.939	0.938	0 ms
Numeric time: 0.465	0.465	0 ms
Symbolic time: 0.943	0.943	0 ms
Numeric time: 0.47	0.47	0 ms
Symbolic time: 0.953	0.953	0 ms
Numeric time: 0.469	0.469	0 ms
Symbolic time: 0.942	0.943	0 ms
Numeric time: 0.47	0.469	0 ms
Symbolic time: 0.976	0.976	0 ms
Numeric time: 0.468	0.468	0 ms
Symbolic time: 0.941	0.94	0 ms
Numeric time: 0.471	0.471	0 ms
Symbolic time: 0.942	0.942	0 ms
Numeric time: 0.478	0.478	0 ms
Symbolic time: 0.941	0.941	0 ms
Numeric time: 0.468	0.464	0.004 ms
Symbolic time: 0.942	0.942	0 ms
Numeric time: 0.478	0.479	0 ms
Symbolic time: 0.943	0.943	0 ms
Numeric time: 0.465	0.465	0 ms
Symbolic time: 0.94	0.94	0 ms
Numeric time: 0.469	0.469	0 ms
Symbolic time: 0.943	0.942	0 ms
Numeric time: 0.464	0.465	0 ms
Symbolic time: 0.937	0.937	0 ms
Numeric time: 0.472	0.472	0 ms
Symbolic time: 0.938	0.938	0 ms
Numeric time: 0.494	0.493	0 ms
Symbolic time: 0.942	0.943	0 ms
Numeric time: 0.474	0.474	0 ms
Symbolic time: 0.94	0.939	0 ms
Numeric time: 0.464	0.463	0 ms
Symbolic time: 0.943	0.943	0 ms
Numeric time: 0.467	0.468	0 ms
Symbolic time: 0.951	0.951	0 ms
Numeric time: 0.469	0.468	0 ms
Symbolic time: 0.94	0	0.94 ms
Numeric time: 0.47	0.456	0.013 ms
Symbolic time: 0.94	0.939	0 ms
Numeric time: 0.466	0.445	0.02 ms
Symbolic time: 0.935	0.935	0 ms
Numeric time: 0.47	0.47	0 ms
Symbolic time: 0.936	0.936	0 ms
Numeric time: 0.466	0.467	0 ms
Symbolic time: 0.939	0.94	0 ms
Numeric time: 0.47	0.47	0 ms
Symbolic time: 0.941	0.941	0 ms
Numeric time: 0.465	0.466	0 ms
Symbolic time: 0.936	0.936	0 ms
Numeric time: 0.471	0.471	0 ms
Symbolic time: 0.938	0.938	0 ms
Numeric time: 0.47	0.47	0 ms
Symbolic time: 2.737	1.753	0.978 ms
Numeric time: 1.452	1.429	0.022 ms
Symbolic time: 2.834	2.833	0 ms
Numeric time: 1.44	1.44	0 ms
Symbolic time: 2.837	2.837	0 ms
Numeric time: 1.436	1.437	0 ms
Symbolic time: 2.828	2.828	0 ms
Numeric time: 1.014	1.013	0 ms
Symbolic time: 1.795	1.796	0 ms
Numeric time: 0.899	0.9	0 ms
Symbolic time: 1.788	1.788	0 ms
Numeric time: 0.897	0.898	0 ms
Symbolic time: 1.79	1.791	0 ms
Numeric time: 0.903	0.903	0 ms
Symbolic time: 1.43	1.43	0 ms
Numeric time: 0.592	0.593	0 ms
Symbolic time: 1.167	1.167	0 ms
Numeric time: 0.596	0.595	0 ms
Symbolic time: 1.173	1.173	0 ms
Numeric time: 0.591	0.591	0 ms
Symbolic time: 1.167	1.167	0 ms
Numeric time: 0.587	0.587	0 ms
Symbolic time: 1.179	1.179	0 ms
Numeric time: 0.591	0.59	0 ms
Symbolic time: 1.169	1.169	0 ms
Numeric time: 0.506	0.507	0 ms
Symbolic time: 0.945	0.945	0 ms
Numeric time: 0.478	0.478	0 ms
Symbolic time: 0.944	0.944	0 ms
Numeric time: 0.474	0.474	0 ms
Symbolic time: 0.945	0.944	0 ms
Numeric time: 0.481	0.481	0 ms
Symbolic time: 0.942	0.942	0 ms
Numeric time: 0.482	0.482	0 ms
Symbolic time: 0.942	0.942	0 ms
Numeric time: 0.48	0.48	0 ms
Symbolic time: 0.941	0.941	0 ms
Numeric time: 0.493	0.492	0 ms
Symbolic time: 0.952	0.952	0 ms
Numeric time: 0.482	0.482	0 ms
Symbolic time: 0.944	0.944	0 ms
Numeric time: 0.485	0.485	0 ms
Symbolic time: 0.946	0.946	0 ms
Numeric time: 0.478	0.477	0 ms
Symbolic time: 0.944	0.944	0 ms
Numeric time: 0.484	0.484	0 ms
Symbolic time: 0.945	0.946	0 ms
Numeric time: 0.478	0.478	0 ms
Symbolic time: 0.944	0.944	0 ms
Numeric time: 0.478	0.478	0 ms
Symbolic time: 0.947	0.947	0 ms
Numeric time: 0.481	0.481	0 ms
Symbolic time: 0.942	0.942	0 ms
Numeric time: 0.484	0.484	0 ms
Symbolic time: 0.942	0.942	0 ms
Numeric time: 0.477	0.477	0 ms
Symbolic time: 0.943	0.943	0 ms
Numeric time: 0.48	0.48	0 ms
Symbolic time: 0.943	0.943	0 ms
Numeric time: 0.475	0.475	0 ms
Symbolic time: 0.942	0.943	0 ms
Numeric time: 0.48	0.48	0 ms
Symbolic time: 0.941	0	0.941 ms
Numeric time: 0.476	0.441	0.036 ms
Symbolic time: 0.942	0.942	0 ms
Numeric time: 0.483	0.482	0 ms
Symbolic time: 0.941	0.941	0 ms
Numeric time: 0.472	0.473	0 ms
Symbolic time: 0.943	0.944	0 ms
Numeric time: 0.476	0.477	0 ms
Symbolic time: 0.939	0.939	0 ms
Numeric time: 0.472	0.472	0 ms
Symbolic time: 0.941	0.941	0 ms
Numeric time: 0.474	0.474	0 ms
Symbolic time: 0.945	0.946	0 ms
Numeric time: 0.473	0.474	0 ms
Symbolic time: 0.942	0.943	0 ms
Numeric time: 0.476	0.476	0 ms
Symbolic time: 0.944	0.943	0 ms
Numeric time: 0.473	0.472	0 ms
Symbolic time: 0.941	0.941	0 ms
Numeric time: 0.475	0.475	0 ms
Symbolic time: 0.941	0.941	0 ms
Numeric time: 0.473	0.473	0 ms
Symbolic time: 0.94	0.94	0 ms
Numeric time: 0.477	0.477	0 ms
Symbolic time: 0.943	0.944	0 ms
Numeric time: 0.472	0.471	0 ms
Symbolic time: 0.942	0.942	0 ms
Numeric time: 0.473	0.464	0.01 ms
Symbolic time: 0.936	0	0.936 ms
Numeric time: 0.473	0	0.47 ms
Symbolic time: 0.941	0.5	0.441 ms
Numeric time: 0.473	0.45	0.023 ms
Symbolic time: 0.935	0	0.936 ms
Numeric time: 0.478	0.478	0 ms
Symbolic time: 0.945	0.945	0 ms
Numeric time: 0.469	0.469	0 ms
Symbolic time: 0.943	0.943	0 ms
Numeric time: 0.473	0	0.473 ms
Symbolic time: 0.942	0.496	0.447 ms
Numeric time: 0.472	0.449	0.024 ms
Symbolic time: 0.94	0.94	0 ms
Numeric time: 0.477	0.477	0 ms
Symbolic time: 0.944	0.944	0 ms
Numeric time: 0.469	0.47	0 ms
Symbolic time: 0.943	0.943	0 ms
Numeric time: 0.471	0.472	0 ms
Symbolic time: 0.942	0.942	0 ms
Numeric time: 0.47	0.47	0 ms
Symbolic time: 0.943	0.943	0 ms
Numeric time: 0.475	0.475	0 ms
Symbolic time: 0.94	0.939	0 ms
Numeric time: 0.472	0.473	0 ms
Symbolic time: 0.943	0.942	0 ms
Numeric time: 0.474	0.474	0 ms
Symbolic time: 0.943	0.944	0 ms
Numeric time: 0.47	0.47	0 ms
Symbolic time: 0.943	0.943	0 ms
Numeric time: 0.477	0.477	0 ms
Symbolic time: 0.944	0.944	0 ms
Numeric time: 0.471	0.471	0 ms
Symbolic time: 0.94	0.94	0 ms
Numeric time: 0.478	0.478	0 ms
Symbolic time: 0.941	0.941	0 ms
Numeric time: 0.473	0.472	0 ms
Symbolic time: 0.945	0.944	0 ms
Numeric time: 0.476	0.477	0 ms
Symbolic time: 0.942	0.942	0 ms
Numeric time: 0.472	0.473	0 ms
Symbolic time: 0.943	0.943	0 ms
Numeric time: 0.48	0.48	0 ms
Symbolic time: 0.942	0.942	0 ms
Numeric time: 0.471	0.471	0 ms
Symbolic time: 0.948	0.948	0 ms
Numeric time: 0.478	0.477	0 ms
Symbolic time: 0.944	0.944	0 ms
Numeric time: 0.472	0.472	0 ms
Symbolic time: 0.942	0.941	0 ms
Numeric time: 0.476	0	0.476 ms
Symbolic time: 0.944	0.516	0.428 ms
Numeric time: 0.473	0.45	0.023 ms
Symbolic time: 0.939	0.939	0 ms
Numeric time: 0.471	0.451	0.02 ms
Symbolic time: 0.94	0.939	0 ms
Numeric time: 0.476	0.476	0 ms
Symbolic time: 0.944	0.944	0 ms
Numeric time: 0.468	0.468	0 ms
Symbolic time: 0.944	0.944	0 ms
Numeric time: 0.474	0.475	0 ms
Symbolic time: 0.945	0.945	0 ms
Numeric time: 0.473	0.473	0 ms
Symbolic time: 0.94	0.94	0 ms
Numeric time: 0.475	0.476	0 ms
Symbolic time: 0.942	0.942	0 ms
Numeric time: 0.471	0.472	0 ms
Symbolic time: 0.941	0.941	0 ms
Numeric time: 0.475	0.475	0 ms
Symbolic time: 0.943	0.943	0 ms
Numeric time: 0.47	0.47	0 ms
Symbolic time: 0.943	0.943	0 ms
Numeric time: 0.475	0.475	0 ms
Symbolic time: 0.939	0.941	0 ms
Numeric time: 0.472	0.472	0 ms
Symbolic time: 0.947	0.947	0 ms
Numeric time: 0.476	0.476	0 ms
Symbolic time: 0.941	0.942	0 ms
Numeric time: 0.474	0.473	0 ms
Symbolic time: 0.944	0.944	0 ms
Numeric time: 0.474	0.475	0 ms
Symbolic time: 0.94	0.94	0 ms
Numeric time: 0.473	0.473	0 ms
Symbolic time: 0.94	0.94	0 ms
Numeric time: 0.475	0.475	0 ms
Symbolic time: 0.944	0.944	0 ms
Numeric time: 0.471	0.471	0 ms
Symbolic time: 0.943	0.943	0 ms
Numeric time: 0.475	0.475	0 ms
Symbolic time: 0.945	0.945	0 ms
Numeric time: 0.471	0.471	0 ms
Symbolic time: 0.944	0.944	0 ms
Numeric time: 0.479	0.479	0 ms
Symbolic time: 0.941	0.941	0 ms
Numeric time: 0.471	0.471	0 ms
Symbolic time: 0.944	0.944	0 ms
Numeric time: 0.477	0.477	0 ms
Symbolic time: 0.939	0.939	0 ms
Numeric time: 0.474	0.474	0 ms
Symbolic time: 0.94	0.94	0 ms
Numeric time: 0.478	0.478	0 ms
Symbolic time: 0.941	0.941	0 ms
Numeric time: 0.475	0.475	0 ms
Symbolic time: 0.941	0.941	0 ms
Numeric time: 0.475	0.475	0 ms
Symbolic time: 0.942	0.942	0 ms
Numeric time: 0.472	0.472	0 ms
Symbolic time: 0.945	0.945	0 ms
Numeric time: 0.47	0.47	0 ms
Symbolic time: 0.936	0.937	0 ms
Numeric time: 0.475	0.475	0 ms
Symbolic time: 0.943	0.943	0 ms
Numeric time: 0.472	0.472	0 ms
Symbolic time: 0.94	0.94	0 ms
Numeric time: 0.477	0.477	0 ms
Symbolic time: 0.941	0.941	0 ms
Numeric time: 0.474	0.474	0 ms
Symbolic time: 0.94	0.941	0 ms
Numeric time: 0.474	0.474	0 ms
Symbolic time: 0.941	0.941	0 ms
Numeric time: 0.471	0.471	0 ms
Symbolic time: 0.943	0.943	0 ms
Numeric time: 0.478	0	0.479 ms
Symbolic time: 0.943	0.506	0.435 ms
Numeric time: 0.471	0.448	0.022 ms
Symbolic time: 0.938	0.938	0 ms
Numeric time: 0.478	0.478	0 ms
Symbolic time: 0.94	0.94	0 ms
Numeric time: 0.471	0.47	0 ms
Symbolic time: 1.115	1.105	0.003 ms
Numeric time: 1.486	1.486	0 ms
Symbolic time: 2.827	2.827	0 ms
Numeric time: 1.403	1.402	0 ms
Symbolic time: 2.812	2.812	0 ms
Numeric time: 1.254	1.255	0 ms
Symbolic time: 2.114	2.113	0 ms
Numeric time: 1.051	1.051	0 ms
Symbolic time: 2.12	1.131	0.988 ms
Numeric time: 1.049	1.047	0.003 ms
Symbolic time: 2.119	2.113	0.006 ms
Numeric time: 0.926	0	0.927 ms
Symbolic time: 1.405	0.464	0.941 ms
Numeric time: 0.703	0.702	0 ms
Symbolic time: 1.409	1.4	0.009 ms
Numeric time: 0.705	0	0.705 ms
Symbolic time: 1.404	1.173	0.231 ms
Numeric time: 0.701	0.701	0 ms
Symbolic time: 1.412	1.412	0 ms
Numeric time: 0.699	0.699	0 ms
Symbolic time: 1.407	1.407	0 ms
Numeric time: 0.594	0.594	0 ms
Symbolic time: 0.941	0.941	0 ms
Numeric time: 0.47	0.47	0 ms
Symbolic time: 0.938	0.938	0 ms
Numeric time: 0.468	0.468	0 ms
Symbolic time: 0.937	0.937	0 ms
Numeric time: 0.469	0.469	0 ms
Symbolic time: 0.939	0.939	0 ms
Numeric time: 0.467	0.467	0 ms
Symbolic time: 0.942	0.942	0 ms
Numeric time: 0.471	0.47	0 ms
Symbolic time: 0.94	0.94	0 ms
Numeric time: 0.464	0.464	0 ms
Symbolic time: 0.936	0.936	0 ms
Numeric time: 0.47	0.47	0 ms
Symbolic time: 0.936	0.936	0 ms
Numeric time: 0.465	0.466	0 ms
Symbolic time: 0.943	0.943	0 ms
Numeric time: 0.47	0.471	0 ms
Symbolic time: 0.939	0.938	0 ms
Numeric time: 0.466	0.466	0 ms
Symbolic time: 0.938	0.937	0 ms
Numeric time: 0.464	0.459	0.005 ms
Symbolic time: 0.932	0.932	0 ms
Numeric time: 0.47	0.47	0 ms
Symbolic time: 0.943	0.943	0 ms
Numeric time: 0.465	0.465	0 ms
Symbolic time: 0.936	0.936	0 ms
Numeric time: 0.47	0.47	0 ms
Symbolic time: 0.938	0.938	0 ms
Numeric time: 0.465	0.465	0 ms
Symbolic time: 0.938	0.938	0 ms
Numeric time: 0.47	0.47	0 ms
Symbolic time: 0.94	0.94	0 ms
Numeric time: 0.465	0.465	0 ms
Symbolic time: 0.938	0.938	0 ms
Numeric time: 0.469	0.469	0 ms
Symbolic time: 0.942	0.942	0 ms
Numeric time: 0.466	0.466	0 ms
Symbolic time: 0.94	0.94	0 ms
Numeric time: 0.471	0.471	0 ms
Symbolic time: 0.939	0.939	0 ms
Numeric time: 0.464	0.464	0 ms
Symbolic time: 0.938	0.938	0 ms
Numeric time: 0.47	0	0.47 ms
Symbolic time: 0.937	0.499	0.437 ms
Numeric time: 0.467	0.443	0.023 ms
Symbolic time: 0.938	0.938	0 ms
Numeric time: 0.468	0.468	0 ms
Symbolic time: 0.939	0.939	0 ms
Numeric time: 0.465	0.465	0 ms
Symbolic time: 0.938	0.938	0 ms
Numeric time: 0.47	0.47	0 ms
Symbolic time: 0.932	0.915	0.017 ms
Numeric time: 0.467	0	0.466 ms
Symbolic time: 0.944	0.502	0.442 ms
Numeric time: 0.466	0.444	0.023 ms
Symbolic time: 0.946	0	0.946 ms
Numeric time: 0.47	0.455	0.015 ms
Symbolic time: 0.94	0.94	0 ms
Numeric time: 0.468	0.447	0.02 ms
Symbolic time: 0.939	0.939	0 ms
Numeric time: 0.473	0.473	0 ms
Symbolic time: 0.939	0.939	0 ms
Numeric time: 0.464	0.464	0 ms
Symbolic time: 0.94	0.939	0 ms
Numeric time: 0.47	0.471	0 ms
Symbolic time: 0.939	0.938	0 ms
Numeric time: 0.465	0.464	0 ms
Symbolic time: 0.938	0.937	0 ms
Numeric time: 0.471	0.471	0 ms
Symbolic time: 0.937	0.937	0 ms
Numeric time: 0.464	0.465	0 ms
Symbolic time: 0.938	0.938	0 ms
Numeric time: 0.472	0.473	0 ms
Symbolic time: 0.94	0.94	0 ms
Numeric time: 0.466	0.467	0 ms
Symbolic time: 0.939	0.939	0 ms
Numeric time: 0.47	0.469	0 ms
Symbolic time: 0.937	0.937	0 ms
Numeric time: 0.464	0.465	0 ms
Symbolic time: 0.935	0.935	0 ms
Numeric time: 0.472	0.472	0 ms
Symbolic time: 0.942	0.943	0 ms
Numeric time: 0.466	0.467	0 ms
Symbolic time: 0.94	0.939	0 ms
Numeric time: 0.464	0.463	0.001 ms
Symbolic time: 0.932	0.931	0 ms
Numeric time: 0.468	0.468	0 ms
Symbolic time: 0.938	0.938	0 ms
Numeric time: 0.465	0.465	0 ms
Symbolic time: 0.943	0.942	0 ms
Numeric time: 0.47	0.471	0 ms
Symbolic time: 0.94	0.94	0 ms
Numeric time: 0.464	0.464	0 ms
Symbolic time: 0.937	0.937	0 ms
Numeric time: 0.47	0.47	0 ms
Symbolic time: 0.942	0.941	0 ms
Numeric time: 0.466	0.465	0 ms
Symbolic time: 0.938	0.938	0 ms
Numeric time: 0.471	0.471	0 ms
Symbolic time: 0.939	0.938	0 ms
Numeric time: 0.464	0.464	0 ms
Symbolic time: 0.939	0.938	0 ms
Numeric time: 0.471	0.471	0 ms
Symbolic time: 0.934	0.933	0 ms
Numeric time: 0.465	0.464	0 ms
Symbolic time: 0.94	0.94	0 ms
Numeric time: 0.469	0.469	0 ms
Symbolic time: 0.936	0.935	0 ms
Numeric time: 0.464	0.464	0 ms
Symbolic time: 0.939	0.939	0 ms
Numeric time: 0.469	0.469	0 ms
Symbolic time: 0.937	0.937	0 ms
Numeric time: 0.465	0.464	0 ms
Symbolic time: 0.939	0.938	0 ms
Numeric time: 0.462	0.462	0 ms
Symbolic time: 0.934	0.934	0 ms
Numeric time: 0.47	0.47	0 ms
Symbolic time: 0.936	0.936	0 ms
Numeric time: 0.465	0.466	0 ms
Symbolic time: 0.938	0.937	0 ms
Numeric time: 0.472	0.472	0 ms
Symbolic time: 0.938	0.938	0 ms
Numeric time: 0.466	0.465	0 ms
Symbolic time: 0.942	0.941	0 ms
Numeric time: 0.47	0	0.47 ms
Symbolic time: 0.937	0.491	0.445 ms
Numeric time: 0.464	0.441	0.023 ms
Symbolic time: 0.941	0.94	0 ms
Numeric time: 0.471	0.471	0 ms
Symbolic time: 0.94	0.94	0 ms
Numeric time: 0.465	0.465	0 ms
Symbolic time: 0.94	0.94	0 ms
Numeric time: 0.472	0.472	0 ms
Symbolic time: 0.937	0.937	0 ms
Numeric time: 0.465	0.466	0 ms
Symbolic time: 0.936	0.937	0 ms
Numeric time: 0.469	0.469	0 ms
Symbolic time: 0.939	0.94	0 ms
Numeric time: 0.465	0.466	0 ms
Symbolic time: 0.941	0.941	0 ms
Numeric time: 0.472	0.471	0 ms
Symbolic time: 0.938	0.938	0 ms
Numeric time: 0.465	0.465	0 ms
Symbolic time: 0.938	0.937	0 ms
Numeric time: 0.47	0.47	0 ms
Symbolic time: 0.935	0.929	0.008 ms
Numeric time: 0.465	0	0.465 ms
Symbolic time: 0.939	0.494	0.444 ms
Numeric time: 0.467	0.445	0.023 ms
Symbolic time: 0.947	0.947	0 ms
Numeric time: 0.47	0.471	0 ms
Symbolic time: 0.939	0.94	0 ms
Numeric time: 0.466	0.465	0 ms
Symbolic time: 0.942	0.941	0 ms
Numeric time: 0.472	0.471	0 ms
Symbolic time: 0.938	0.939	0 ms
Numeric time: 0.464	0.465	0 ms
Symbolic time: 0.937	0.937	0 ms
Numeric time: 0.467	0.468	0 ms
Symbolic time: 0.937	0.936	0 ms
Numeric time: 0.466	0.466	0 ms
Symbolic time: 0.939	0.939	0 ms
Numeric time: 0.469	0.469	0 ms
Symbolic time: 0.937	0.937	0 ms
Numeric time: 0.469	0.469	0 ms
Symbolic time: 0.942	0.942	0 ms
Numeric time: 0.469	0.469	0 ms
Symbolic time: 0.937	0.937	0 ms
Numeric time: 0.465	0.465	0 ms
Symbolic time: 0.937	0.937	0 ms
Numeric time: 0.469	0.469	0 ms
Symbolic time: 0.943	0.942	0 ms
Numeric time: 0.465	0.465	0 ms
Symbolic time: 0.939	0.939	0 ms
Numeric time: 0.47	0.471	0 ms
Symbolic time: 0.938	0.938	0 ms
Numeric time: 0.468	0.467	0 ms
Symbolic time: 0.937	0.937	0 ms
Numeric time: 0.465	0.466	0 ms
Symbolic time: 0.936	0.936	0 ms
Numeric time: 0.472	0.472	0 ms
Symbolic time: 0.938	0.938	0 ms
Numeric time: 0.464	0.464	0 ms

Symbolic time: 0.966639 ms
Numeric time: 0.482565 ms
