Symbolic time: 1.127	1.119	0.006 ms
Numeric time: 0.833	0.836	0 ms
Symbolic time: 1.001	1.001	0 ms
Numeric time: 0.76	0.761	0 ms
Symbolic time: 1.002	1.002	0 ms
Numeric time: 0.74	0.721	0.019 ms
Symbolic time: 0.983	0.983	0 ms
Numeric time: 0.738	0.738	0 ms
Symbolic time: 0.903	0.903	0 ms
Numeric time: 0.561	0.561	0 ms
Symbolic time: 0.733	0.734	0 ms
Numeric time: 0.558	0.558	0 ms
Symbolic time: 0.734	0.734	0 ms
Numeric time: 0.564	0.564	0 ms
Symbolic time: 0.73	0.73	0 ms
Numeric time: 0.57	0.57	0 ms
Symbolic time: 0.79	0.792	0 ms
Numeric time: 0.572	0.572	0 ms
Symbolic time: 0.738	0.738	0 ms
Numeric time: 0.564	0.564	0 ms
Symbolic time: 0.733	0.733	0 ms
Numeric time: 0.555	0.555	0 ms
Symbolic time: 0.73	0.73	0 ms
Numeric time: 0.558	0.558	0 ms
Symbolic time: 0.729	0.729	0 ms
Numeric time: 0.564	0.564	0 ms
Symbolic time: 0.734	0.734	0 ms
Numeric time: 0.557	0.557	0 ms
Symbolic time: 0.73	0.73	0 ms
Numeric time: 0.568	0.568	0 ms
Symbolic time: 0.729	0.729	0 ms
Numeric time: 0.563	0.564	0 ms
Symbolic time: 0.732	0.732	0 ms
Numeric time: 0.559	0.559	0 ms
Symbolic time: 0.732	0.732	0 ms
Numeric time: 0.567	0.567	0 ms
Symbolic time: 0.732	0.732	0 ms
Numeric time: 0.56	0.56	0 ms
Symbolic time: 0.733	0.733	0 ms
Numeric time: 0.557	0.558	0 ms
Symbolic time: 0.726	0.727	0 ms
Numeric time: 0.564	0.564	0 ms
Symbolic time: 0.733	0.733	0 ms
Numeric time: 0.559	0.559	0 ms
Symbolic time: 0.733	0.732	0 ms
Numeric time: 0.565	0.565	0 ms
Symbolic time: 0.729	0.729	0 ms
Numeric time: 0.562	0.562	0 ms
Symbolic time: 0.734	0.734	0 ms
Numeric time: 0.555	0.555	0 ms
Symbolic time: 0.74	0.74	0 ms
Numeric time: 0.562	0.562	0 ms
Symbolic time: 0.728	0.728	0 ms
Numeric time: 0.565	0.565	0 ms
Symbolic time: 0.737	0.738	0 ms
Numeric time: 0.562	0.562	0 ms
Symbolic time: 0.732	0.732	0 ms
Numeric time: 0.566	0.566	0 ms
Symbolic time: 0.735	0.735	0 ms
Numeric time: 0.557	0.557	0 ms
Symbolic time: 0.732	0.732	0 ms
Numeric time: 0.565	0.564	0 ms
Symbolic time: 0.728	0.728	0 ms
Numeric time: 0.564	0.564	0 ms
Symbolic time: 1.037	1.038	0 ms
Numeric time: 0.561	0.561	0 ms
Symbolic time: 0.726	0.726	0 ms
Numeric time: 0.554	0.554	0 ms
Symbolic time: 0.728	0.728	0 ms
Numeric time: 0.551	0.551	0 ms
Symbolic time: 0.729	0.729	0 ms
Numeric time: 0.555	0.555	0 ms
Symbolic time: 0.725	0.726	0 ms
Numeric time: 0.556	0.556	0 ms
Symbolic time: 0.731	0.731	0 ms
Numeric time: 0.552	0.552	0 ms
Symbolic time: 0.734	0.735	0 ms
Numeric time: 0.561	0.56	0 ms
Symbolic time: 0.729	0.729	0 ms
Numeric time: 0.555	0.554	0 ms
Symbolic time: 0.727	0.727	0 ms
Numeric time: 0.551	0.552	0 ms
Symbolic time: 0.729	0	0.729 ms
Numeric time: 0.561	0.392	0.169 ms
Symbolic time: 0.731	0.731	0 ms
Numeric time: 0.552	0.545	0.007 ms
Symbolic time: 0.731	0.731	0 ms
Numeric time: 0.556	0.556	0 ms
Symbolic time: 0.725	0.723	0.002 ms
Numeric time: 0.559	0.559	0 ms
Symbolic time: 0.736	0.736	0 ms
Numeric time: 0.556	0.557	0 ms
Symbolic time: 0.732	0.731	0 ms
Numeric time: 0.56	0.561	0 ms
Symbolic time: 0.724	0.723	0.001 ms
Numeric time: 0.561	0.562	0 ms
Symbolic time: 0.858	0.858	0 ms
Numeric time: 0.605	0.605	0 ms
Symbolic time: 0.726	0.726	0 ms
Numeric time: 0.561	0.561	0 ms
Symbolic time: 0.726	0.727	0 ms
Numeric time: 0.56	0.559	0 ms
Symbolic time: 0.729	0.729	0 ms
Numeric time: 0.563	0.563	0 ms
Symbolic time: 0.726	0.726	0 ms
Numeric time: 0.562	0	0.562 ms
Symbolic time: 0.73	0.368	0.362 ms
Numeric time: 0.553	0.536	0.017 ms
Symbolic time: 0.729	0.73	0 ms
Numeric time: 0.554	0.554	0 ms
Symbolic time: 0.728	0.725	0.002 ms
Numeric time: 0.556	0.556	0 ms
Symbolic time: 0.732	0.732	0 ms
Numeric time: 0.552	0.552	0 ms
Symbolic time: 0.73	0.73	0 ms
Numeric time: 0.555	0.555	0 ms
Symbolic time: 0.729	0.729	0 ms
Numeric time: 0.551	0.552	0 ms
Symbolic time: 0.728	0.728	0 ms
Numeric time: 0.553	0.553	0 ms
Symbolic time: 0.722	0.722	0 ms
Numeric time: 0.559	0.558	0 ms
Symbolic time: 0.73	0.73	0 ms
Numeric time: 0.551	0.551	0 ms
Symbolic time: 0.732	0.732	0 ms
Numeric time: 0.555	0.555	0 ms
Symbolic time: 0.729	0.729	0 ms
Numeric time: 0.56	0.56	0 ms
Symbolic time: 0.73	0.73	0 ms
Numeric time: 0.549	0.549	0 ms
Symbolic time: 0.73	0.73	0 ms
Numeric time: 0.556	0.556	0 ms
Symbolic time: 0.725	0.726	0 ms
Numeric time: 0.566	0.566	0 ms
Symbolic time: 0.729	0.729	0 ms
Numeric time: 0.552	0.552	0 ms
Symbolic time: 0.728	0.729	0 ms
Numeric time: 0.558	0.558	0 ms
Symbolic time: 0.732	0.732	0 ms
Numeric time: 0.55	0.55	0 ms
Symbolic time: 0.731	0.732	0 ms
Numeric time: 0.55	0.55	0 ms
Symbolic time: 0.733	0.733	0 ms
Numeric time: 0.552	0.552	0 ms
Symbolic time: 0.729	0.729	0 ms
Numeric time: 0.552	0.552	0 ms
Symbolic time: 0.729	0.73	0 ms
Numeric time: 0.555	0.555	0 ms
Symbolic time: 0.733	0.733	0 ms
Numeric time: 0.572	0.572	0 ms
Symbolic time: 0.731	0.73	0 ms
Numeric time: 0.837	0.837	0 ms
Symbolic time: 0.787	0.786	0 ms
Numeric time: 0.559	0.559	0 ms
Symbolic time: 0.74	0.74	0 ms
Numeric time: 0.63	0.631	0 ms
Symbolic time: 0.949	0.948	0 ms
Numeric time: 0.657	0.657	0 ms
Symbolic time: 0.766	0.765	0 ms
Numeric time: 0.588	0.589	0 ms
Symbolic time: 0.726	0.726	0 ms
Numeric time: 0.562	0.565	0 ms
Symbolic time: 0.737	0.738	0 ms
Numeric time: 0.557	0.558	0 ms
Symbolic time: 0.735	0.735	0 ms
Numeric time: 0.557	0.557	0 ms
Symbolic time: 0.732	0.732	0 ms
Numeric time: 0.55	0.549	0 ms
Symbolic time: 0.727	0.728	0 ms
Numeric time: 0.551	0.551	0 ms
Symbolic time: 0.721	0.722	0 ms
Numeric time: 0.559	0.559	0 ms
Symbolic time: 0.727	0.727	0 ms
Numeric time: 0.557	0.558	0 ms
Symbolic time: 0.925	0.925	0 ms
Numeric time: 0.691	0.692	0 ms
Symbolic time: 0.979	0.98	0 ms
Numeric time: 0.718	0.719	0 ms
Symbolic time: 0.96	0.96	0 ms
Numeric time: 0.842	0.843	0 ms
Symbolic time: 1.055	1.055	0 ms
Numeric time: 0.839	0.838	0 ms
Symbolic time: 1.051	1.051	0 ms
Numeric time: 0.838	0.838	0 ms
Symbolic time: 1.054	1.054	0 ms
Numeric time: 0.822	0.822	0 ms
Symbolic time: 1.071	1.071	0 ms
Numeric time: 0.853	0.853	0 ms
Symbolic time: 1.07	1.07	0 ms
Numeric time: 0.856	0.856	0 ms
Symbolic time: 1.068	1.067	0 ms
Numeric time: 0.855	0.856	0 ms
Symbolic time: 1.071	1.072	0 ms
Numeric time: 0.845	0.845	0 ms
Symbolic time: 1.074	1.073	0 ms
Numeric time: 0.861	0.861	0 ms
Symbolic time: 1.073	1.073	0 ms
Numeric time: 0.856	0.857	0 ms
Symbolic time: 1.076	1.075	0 ms
Numeric time: 0.857	0.857	0 ms
Symbolic time: 1.068	1.068	0 ms
Numeric time: 0.849	0.85	0 ms
Symbolic time: 1.068	1.067	0 ms
Numeric time: 0.854	0.855	0 ms
Symbolic time: 1.068	1.069	0 ms
Numeric time: 0.849	0.849	0 ms
Symbolic time: 1.068	1.068	0 ms
Numeric time: 0.85	0	0.85 ms
Symbolic time: 1.066	1.029	0.038 ms
Numeric time: 0.852	0.853	0 ms
Symbolic time: 1.069	1.068	0 ms
Numeric time: 0.852	0.852	0 ms
Symbolic time: 1.034	1.034	0 ms
Numeric time: 0.711	0.712	0 ms
Symbolic time: 0.96	0.961	0 ms
Numeric time: 0.789	0.79	0 ms
Symbolic time: 1.014	1.014	0 ms
Numeric time: 0.815	0.816	0 ms
Symbolic time: 1.007	1.008	0 ms
Numeric time: 0.803	0	0.804 ms
Symbolic time: 1.014	0.925	0.089 ms
Numeric time: 0.811	0.811	0 ms
Symbolic time: 1.006	1.006	0 ms
Numeric time: 0.799	0.799	0 ms
Symbolic time: 1.009	1.009	0 ms
Numeric time: 0.782	0.783	0 ms
Symbolic time: 0.89	0.889	0 ms
Numeric time: 0.564	0.559	0.006 ms
Symbolic time: 0.735	0.736	0 ms
Numeric time: 0.557	0	0.558 ms
Symbolic time: 0.726	0.343	0.383 ms
Numeric time: 0.559	0.559	0 ms
Symbolic time: 0.731	0.731	0 ms
Numeric time: 0.557	0.556	0 ms
Symbolic time: 0.731	0.732	0 ms
Numeric time: 0.56	0.561	0 ms
Symbolic time: 0.723	0.721	0.002 ms
Numeric time: 0.56	0.56	0 ms
Symbolic time: 0.731	0.73	0 ms
Numeric time: 0.55	0.551	0 ms
Symbolic time: 0.73	0.73	0 ms
Numeric time: 0.559	0.56	0 ms
Symbolic time: 0.733	0.733	0 ms
Numeric time: 0.553	0.552	0 ms
Symbolic time: 0.746	0.747	0 ms
Numeric time: 0.553	0.554	0 ms
Symbolic time: 0.724	0.723	0 ms
Numeric time: 0.564	0.564	0 ms
Symbolic time: 0.732	0.732	0 ms
Numeric time: 0.552	0.553	0 ms
Symbolic time: 0.758	0.758	0 ms
Numeric time: 0.564	0	0.564 ms
Symbolic time: 0.746	0.374	0.372 ms
Numeric time: 0.567	0	0.566 ms
Symbolic time: 0.736	0.389	0.348 ms
Numeric time: 0.554	0.534	0.02 ms
Symbolic time: 0.737	0.738	0 ms
Numeric time: 0.565	0.566	0 ms
Symbolic time: 0.731	0.731	0 ms
Numeric time: 0.548	0.549	0 ms
Symbolic time: 0.736	0.735	0 ms
Numeric time: 0.552	0.55	0.001 ms
Symbolic time: 0.726	0.726	0 ms
Numeric time: 0.557	0.558	0 ms
Symbolic time: 0.732	0.732	0 ms
Numeric time: 0.552	0.552	0 ms
Symbolic time: 0.73	0.73	0 ms
Numeric time: 0.556	0.555	0 ms
Symbolic time: 0.724	0.724	0 ms
Numeric time: 0.561	0.561	0 ms
Symbolic time: 0.728	0.727	0 ms
Numeric time: 0.552	0.553	0 ms
Symbolic time: 0.728	0.728	0 ms
Numeric time: 0.557	0.558	0 ms
Symbolic time: 0.725	0.725	0 ms
Numeric time: 0.557	0.557	0 ms
Symbolic time: 0.729	0.729	0 ms
Numeric time: 0.553	0.553	0 ms
Symbolic time: 0.729	0.729	0 ms
Numeric time: 0.558	0.558	0 ms
Symbolic time: 0.723	0.723	0 ms
Numeric time: 0.557	0.558	0 ms
Symbolic time: 0.732	0.732	0 ms
Numeric time: 0.55	0.55	0 ms
Symbolic time: 0.73	0.73	0 ms
Numeric time: 0.562	0.562	0 ms
Symbolic time: 0.73	0.729	0 ms
Numeric time: 0.557	0.556	0 ms
Symbolic time: 0.728	0.728	0 ms
Numeric time: 0.551	0.55	0 ms
Symbolic time: 0.727	0.726	0 ms
Numeric time: 0.558	0.558	0 ms
Symbolic time: 0.729	0.729	0 ms
Numeric time: 0.548	0.548	0 ms
Symbolic time: 0.73	0.73	0 ms
Numeric time: 0.555	0.556	0 ms
Symbolic time: 0.727	0.728	0 ms
Numeric time: 0.554	0.555	0 ms
Symbolic time: 0.733	0.733	0 ms
Numeric time: 0.57	0.571	0 ms
Symbolic time: 0.734	0.734	0 ms
Numeric time: 0.56	0.559	0 ms
Symbolic time: 0.728	0.729	0 ms
Numeric time: 0.56	0.56	0 ms
Symbolic time: 0.732	0.732	0 ms
Numeric time: 0.552	0.553	0 ms
Symbolic time: 0.733	0.733	0 ms
Numeric time: 0.557	0.557	0 ms
Symbolic time: 0.735	0.735	0 ms
Numeric time: 0.547	0.547	0 ms
Symbolic time: 0.732	0.732	0 ms
Numeric time: 0.552	0.552	0 ms
Symbolic time: 0.725	0.725	0 ms
Numeric time: 0.558	0.558	0 ms
Symbolic time: 0.743	0.743	0 ms
Numeric time: 0.555	0.554	0 ms
Symbolic time: 0.727	0.728	0 ms
Numeric time: 0.558	0.558	0 ms
Symbolic time: 0.727	0.727	0 ms
Numeric time: 0.557	0.558	0 ms
Symbolic time: 0.732	0.732	0 ms
Numeric time: 0.551	0.551	0 ms
Symbolic time: 0.731	0.731	0 ms
Numeric time: 0.551	0.551	0 ms
Symbolic time: 0.725	0.725	0 ms
Numeric time: 0.557	0.557	0 ms
Symbolic time: 0.729	0.729	0 ms
Numeric time: 0.551	0.551	0 ms
Symbolic time: 0.728	0.728	0 ms
Numeric time: 0.558	0.558	0 ms
Symbolic time: 0.725	0.725	0 ms
Numeric time: 0.56	0.56	0 ms
Symbolic time: 0.731	0.732	0 ms
Numeric time: 0.551	0.551	0 ms
Symbolic time: 0.732	0.732	0 ms
Numeric time: 0.559	0.559	0 ms
Symbolic time: 0.731	0.731	0 ms
Numeric time: 0.552	0.552	0 ms
Symbolic time: 0.73	0.73	0 ms
Numeric time: 0.551	0.55	0 ms
Symbolic time: 0.727	0.727	0 ms
Numeric time: 0.556	0.556	0 ms
Symbolic time: 0.731	0.731	0 ms
Numeric time: 0.553	0.553	0 ms
Symbolic time: 0.73	0.73	0 ms
Numeric time: 0.554	0.555	0 ms
Symbolic time: 0.727	0.727	0 ms
Numeric time: 0.558	0.558	0 ms
Symbolic time: 0.728	0.728	0 ms
Numeric time: 0.556	0.556	0 ms
Symbolic time: 0.728	0.728	0 ms
Numeric time: 0.562	0.562	0 ms
Symbolic time: 0.723	0.723	0 ms
Numeric time: 0.562	0.562	0 ms
Symbolic time: 0.728	0.728	0 ms
Numeric time: 0.553	0.553	0 ms
Symbolic time: 0.733	0.733	0 ms
Numeric time: 0.557	0.557	0 ms
Symbolic time: 0.732	0.731	0 ms
Numeric time: 0.55	0.55	0 ms
Symbolic time: 0.731	0.731	0 ms
Numeric time: 0.55	0.55	0 ms
Symbolic time: 0.731	0.731	0 ms
Numeric time: 0.555	0.555	0 ms
Symbolic time: 0.731	0.731	0 ms
Numeric time: 0.548	0.549	0 ms
Symbolic time: 0.731	0.73	0 ms
Numeric time: 0.551	0.551	0 ms
Symbolic time: 0.728	0	0.727 ms
Numeric time: 0.558	0.393	0.165 ms
Symbolic time: 0.728	0.729	0 ms
Numeric time: 0.554	0.545	0.009 ms
Symbolic time: 0.73	0.729	0 ms
Numeric time: 0.557	0.558	0 ms
Symbolic time: 0.724	0.721	0.002 ms
Numeric time: 0.557	0.557	0 ms
Symbolic time: 0.732	0.732	0 ms
Numeric time: 0.549	0.548	0 ms
Symbolic time: 0.734	0.733	0 ms
Numeric time: 0.552	0.552	0 ms
Symbolic time: 0.725	0.724	0.001 ms
Numeric time: 0.557	0.556	0 ms
Symbolic time: 0.731	0.731	0 ms
Numeric time: 0.551	0.551	0 ms
Symbolic time: 0.733	0.733	0 ms
Numeric time: 0.554	0.554	0 ms
Symbolic time: 0.728	0.728	0 ms
Numeric time: 0.553	0.553	0 ms
Symbolic time: 0.73	0.73	0 ms
Numeric time: 0.555	0.555	0 ms
Symbolic time: 0.728	0.726	0 ms
Numeric time: 0.561	0.561	0 ms
Symbolic time: 0.734	0.734	0 ms
Numeric time: 0.551	0.551	0 ms
Symbolic time: 0.73	0.729	0 ms
Numeric time: 0.556	0.556	0 ms
Symbolic time: 0.727	0.727	0 ms
Numeric time: 0.559	0.559	0 ms
Symbolic time: 0.732	0.732	0 ms
Numeric time: 0.548	0.548	0 ms
Symbolic time: 0.732	0.731	0 ms
Numeric time: 0.556	0.556	0 ms
Symbolic time: 0.728	0.728	0 ms
Numeric time: 0.561	0.56	0 ms
Symbolic time: 0.731	0.731	0 ms
Numeric time: 0.554	0.554	0 ms
Symbolic time: 0.73	0.729	0 ms
Numeric time: 0.56	0.56	0 ms
Symbolic time: 0.727	0.727	0 ms
Numeric time: 0.555	0.555	0 ms
Symbolic time: 0.729	0.729	0 ms
Numeric time: 0.552	0.552	0 ms
Symbolic time: 0.735	0.735	0 ms
Numeric time: 0.555	0.555	0 ms
Symbolic time: 0.733	0.733	0 ms
Numeric time: 0.552	0.553	0 ms
Symbolic time: 0.733	0.732	0 ms
Numeric time: 0.549	0.549	0 ms
Symbolic time: 0.724	0.724	0 ms
Numeric time: 0.555	0.556	0 ms
Symbolic time: 0.731	0.731	0 ms
Numeric time: 0.553	0.553	0 ms
Symbolic time: 0.729	0.729	0 ms
Numeric time: 0.556	0.556	0 ms
Symbolic time: 0.725	0.725	0 ms
Numeric time: 0.557	0.557	0 ms
Symbolic time: 0.73	0.73	0 ms
Numeric time: 0.553	0.553	0 ms
Symbolic time: 0.727	0.727	0 ms
Numeric time: 0.559	0.559	0 ms
Symbolic time: 0.724	0.724	0 ms
Numeric time: 0.557	0.557	0 ms
Symbolic time: 0.734	0.734	0 ms
Numeric time: 0.549	0.549	0 ms
Symbolic time: 0.731	0.731	0 ms
Numeric time: 0.557	0.557	0 ms
Symbolic time: 0.725	0.725	0 ms
Numeric time: 0.555	0.555	0 ms
Symbolic time: 0.73	0.73	0 ms
Numeric time: 0.551	0.551	0 ms
Symbolic time: 0.73	0.73	0 ms
Numeric time: 0.558	0.558	0 ms
Symbolic time: 0.729	0.729	0 ms
Numeric time: 0.55	0.55	0 ms
Symbolic time: 0.733	0.733	0 ms
Numeric time: 0.557	0.557	0 ms
Symbolic time: 0.725	0.725	0 ms
Numeric time: 0.556	0.557	0 ms
Symbolic time: 0.729	0.729	0 ms
Numeric time: 0.552	0.552	0 ms
Symbolic time: 0.731	0.731	0 ms
Numeric time: 0.555	0.555	0 ms
Symbolic time: 0.726	0.726	0 ms
Numeric time: 0.554	0.554	0 ms
Symbolic time: 0.728	0.728	0 ms
Numeric time: 0.551	0.551	0 ms
Symbolic time: 0.73	0.73	0 ms
Numeric time: 0.557	0.558	0 ms
Symbolic time: 0.723	0.723	0 ms
Numeric time: 0.557	0.557	0 ms
Symbolic time: 0.726	0.726	0 ms
Numeric time: 0.552	0.553	0 ms
Symbolic time: 0.73	0.73	0 ms
Numeric time: 0.554	0.554	0 ms
Symbolic time: 0.722	0.722	0 ms
Numeric time: 0.556	0.556	0 ms
Symbolic time: 0.732	0.731	0 ms
Numeric time: 0.549	0.549	0 ms
Symbolic time: 0.731	0.731	0 ms
Numeric time: 0.556	0.557	0 ms
Symbolic time: 0.729	0.729	0 ms
Numeric time: 0.552	0.552	0 ms
Symbolic time: 0.731	0.731	0 ms
Numeric time: 0.555	0.555	0 ms
Symbolic time: 0.728	0.728	0 ms
Numeric time: 0.559	0.559	0 ms
Symbolic time: 0.73	0.729	0 ms
Numeric time: 0.548	0.549	0 ms
Symbolic time: 0.73	0.731	0 ms
Numeric time: 0.556	0	0.556 ms
Symbolic time: 0.728	0.352	0.375 ms
Numeric time: 0.554	0.554	0 ms
Symbolic time: 0.734	0.734	0 ms
Numeric time: 0.55	0.55	0 ms
Symbolic time: 0.73	0.73	0 ms
Numeric time: 0.558	0.558	0 ms
Symbolic time: 0.723	0.722	0.001 ms
Numeric time: 0.556	0	0.557 ms
Symbolic time: 0.728	0.364	0.363 ms
Numeric time: 0.552	0.536	0.016 ms
Symbolic time: 0.73	0.73	0 ms
Numeric time: 0.559	0.56	0 ms
Symbolic time: 0.725	0.722	0.003 ms
Numeric time: 0.562	0.562	0 ms
Symbolic time: 0.729	0.73	0 ms
Numeric time: 0.551	0.551	0 ms
Symbolic time: 0.729	0.729	0 ms
Numeric time: 0.558	0.557	0 ms
Symbolic time: 0.729	0.73	0 ms
Numeric time: 0.554	0.554	0 ms
Symbolic time: 0.73	0.73	0 ms
Numeric time: 0.551	0.552	0 ms
Symbolic time: 0.724	0.724	0 ms
Numeric time: 0.558	0.559	0 ms
Symbolic time: 0.727	0.728	0 ms
Numeric time: 0.551	0.55	0 ms
Symbolic time: 0.732	0.732	0 ms
Numeric time: 0.555	0.555	0 ms
Symbolic time: 0.725	0.726	0 ms
Numeric time: 0.556	0.555	0 ms
Symbolic time: 0.728	0.728	0 ms
Numeric time: 0.552	0.552	0 ms
Symbolic time: 0.727	0.727	0 ms
Numeric time: 0.558	0.558	0 ms
Symbolic time: 0.723	0.723	0 ms
Numeric time: 0.56	0.561	0 ms
Symbolic time: 0.73	0.73	0 ms
Numeric time: 0.552	0.552	0 ms
Symbolic time: 0.728	0.727	0 ms
Numeric time: 0.557	0.558	0 ms
Symbolic time: 0.726	0.726	0 ms
Numeric time: 0.557	0.557	0 ms
Symbolic time: 0.731	0.731	0 ms
Numeric time: 0.548	0.549	0 ms
Symbolic time: 0.729	0.728	0 ms
Numeric time: 0.558	0.558	0 ms
Symbolic time: 0.729	0.728	0 ms
Numeric time: 0.552	0.552	0 ms
Symbolic time: 0.73	0.729	0 ms
Numeric time: 0.551	0.551	0 ms
Symbolic time: 0.727	0.726	0 ms
Numeric time: 0.559	0.558	0 ms
Symbolic time: 0.729	0.729	0 ms
Numeric time: 0.55	0.551	0 ms
Symbolic time: 0.731	0.73	0 ms
Numeric time: 0.553	0.553	0 ms
Symbolic time: 0.725	0.725	0 ms
Numeric time: 0.555	0.555	0 ms
Symbolic time: 0.732	0.733	0 ms
Numeric time: 0.549	0.55	0 ms
Symbolic time: 0.729	0.729	0 ms
Numeric time: 0.558	0.558	0 ms
Symbolic time: 0.727	0.727	0 ms
Numeric time: 0.557	0.557	0 ms
Symbolic time: 0.733	0.733	0 ms
Numeric time: 0.554	0.554	0 ms
Symbolic time: 0.728	0.728	0 ms
Numeric time: 0.557	0.557	0 ms
Symbolic time: 0.726	0.726	0 ms
Numeric time: 0.556	0.556	0 ms
Symbolic time: 0.728	0.728	0 ms
Numeric time: 0.55	0.551	0 ms
Symbolic time: 0.73	0.73	0 ms
Numeric time: 0.552	0.552	0 ms
Symbolic time: 0.73	0.73	0 ms
Numeric time: 0.552	0.552	0 ms
Symbolic time: 0.73	0.73	0 ms
Numeric time: 0.551	0.55	0 ms
Symbolic time: 0.723	0.723	0 ms
Numeric time: 0.557	0.557	0 ms
Symbolic time: 0.731	0.731	0 ms
Numeric time: 0.552	0.552	0 ms
Symbolic time: 0.726	0.727	0 ms
Numeric time: 0.558	0.558	0 ms
Symbolic time: 0.727	0.727	0 ms
Numeric time: 0.558	0.558	0 ms
Symbolic time: 0.729	0.729	0 ms
Numeric time: 0.551	0.55	0 ms
Symbolic time: 0.729	0.729	0 ms
Numeric time: 0.555	0.555	0 ms
Symbolic time: 0.725	0.725	0 ms
Numeric time: 0.555	0.556	0 ms
Symbolic time: 0.73	0.731	0 ms
Numeric time: 0.551	0.551	0 ms
Symbolic time: 0.731	0.731	0 ms
Numeric time: 0.558	0.558	0 ms
Symbolic time: 0.724	0.724	0 ms
Numeric time: 0.555	0.554	0 ms
Symbolic time: 0.732	0.733	0 ms
Numeric time: 0.553	0.553	0 ms
Symbolic time: 0.727	0.727	0 ms
Numeric time: 0.558	0.558	0 ms
Symbolic time: 0.73	0.73	0 ms
Numeric time: 0.551	0.551	0 ms
Symbolic time: 0.735	0.735	0 ms
Numeric time: 0.55	0.55	0 ms
Symbolic time: 0.724	0.724	0 ms
Numeric time: 0.577	0.578	0 ms
Symbolic time: 0.731	0.731	0 ms
Numeric time: 0.553	0.553	0 ms
Symbolic time: 0.729	0.729	0 ms
Numeric time: 0.557	0.557	0 ms
Symbolic time: 0.725	0.725	0 ms
Numeric time: 0.555	0.556	0 ms
Symbolic time: 0.731	0.731	0 ms
Numeric time: 0.548	0.548	0 ms
Symbolic time: 0.729	0.729	0 ms
Numeric time: 0.552	0.553	0 ms
Symbolic time: 0.724	0.725	0 ms
Numeric time: 0.557	0.558	0 ms
Symbolic time: 0.726	0.726	0 ms
Numeric time: 0.553	0.553	0 ms
Symbolic time: 0.728	0.728	0 ms
Numeric time: 0.555	0.555	0 ms
Symbolic time: 0.726	0.725	0 ms
Numeric time: 0.559	0.559	0 ms
Symbolic time: 0.731	0.731	0 ms
Numeric time: 0.551	0.551	0 ms
Symbolic time: 0.73	0.731	0 ms
Numeric time: 0.553	0.553	0 ms
Symbolic time: 0.733	0.733	0 ms
Numeric time: 0.547	0.547	0 ms
Symbolic time: 0.734	0.734	0 ms
Numeric time: 0.551	0.551	0 ms
Symbolic time: 0.725	0.725	0 ms
Numeric time: 0.554	0	0.554 ms
Symbolic time: 0.73	0.373	0.357 ms
Numeric time: 0.548	0.534	0.014 ms
Symbolic time: 0.731	0.731	0 ms
Numeric time: 0.563	0.563	0 ms
Symbolic time: 0.724	0.721	0.002 ms
Numeric time: 0.557	0.557	0 ms
Symbolic time: 0.728	0.727	0 ms
Numeric time: 0.549	0.549	0 ms
Symbolic time: 0.731	0.73	0 ms
Numeric time: 0.554	0.554	0 ms
Symbolic time: 0.727	0.725	0.001 ms
Numeric time: 0.557	0.557	0 ms
Symbolic time: 0.73	0.73	0 ms
Numeric time: 0.548	0.549	0 ms
Symbolic time: 0.729	0.728	0 ms
Numeric time: 0.553	0.554	0 ms
Symbolic time: 0.727	0.726	0.001 ms
Numeric time: 0.558	0.558	0 ms
Symbolic time: 0.726	0.726	0 ms
Numeric time: 0.555	0.556	0 ms
Symbolic time: 0.73	0.73	0 ms
Numeric time: 0.556	0.557	0 ms
Symbolic time: 0.726	0.726	0 ms
Numeric time: 0.553	0.552	0 ms
Symbolic time: 0.727	0.727	0 ms
Numeric time: 0.55	0.55	0 ms
Symbolic time: 0.723	0.723	0 ms
Numeric time: 0.551	0.551	0 ms
Symbolic time: 0.731	0.731	0 ms
Numeric time: 0.551	0.551	0 ms
Symbolic time: 0.727	0.728	0 ms
Numeric time: 0.557	0.558	0 ms
Symbolic time: 0.725	0.725	0 ms
Numeric time: 0.559	0.56	0 ms
Symbolic time: 0.756	0.756	0 ms
Numeric time: 0.558	0.558	0 ms
Symbolic time: 0.732	0.732	0 ms
Numeric time: 0.555	0.556	0 ms
Symbolic time: 0.725	0.725	0 ms
Numeric time: 0.554	0.555	0 ms
Symbolic time: 0.732	0.732	0 ms
Numeric time: 0.55	0.55	0 ms
Symbolic time: 0.732	0.731	0 ms
Numeric time: 0.555	0.555	0 ms
Symbolic time: 0.729	0.729	0 ms
Numeric time: 0.553	0.553	0 ms
Symbolic time: 0.727	0.727	0 ms
Numeric time: 0.562	0.562	0 ms
Symbolic time: 0.724	0	0.725 ms
Numeric time: 0.558	0.381	0.176 ms
Symbolic time: 0.728	0.728	0 ms
Numeric time: 0.551	0.543	0.007 ms
Symbolic time: 0.732	0.732	0 ms
Numeric time: 0.554	0	0.554 ms
Symbolic time: 0.726	0.339	0.387 ms
Numeric time: 0.557	0.558	0 ms
Symbolic time: 0.734	0.734	0 ms
Numeric time: 0.551	0.552	0 ms
Symbolic time: 0.732	0.733	0 ms
Numeric time: 0.56	0.56	0 ms
Symbolic time: 0.725	0.724	0.002 ms
Numeric time: 0.559	0.558	0 ms
Symbolic time: 0.734	0.734	0 ms
Numeric time: 0.551	0.55	0 ms
Symbolic time: 0.733	0.733	0 ms
Numeric time: 0.559	0.559	0 ms
Symbolic time: 0.725	0.724	0.002 ms
Numeric time: 0.555	0.555	0 ms
Symbolic time: 0.732	0.731	0 ms
Numeric time: 0.549	0.55	0 ms
Symbolic time: 0.73	0.729	0 ms
Numeric time: 0.556	0.557	0 ms
Symbolic time: 0.73	0.73	0 ms
Numeric time: 0.549	0.549	0 ms
Symbolic time: 0.732	0.731	0 ms
Numeric time: 0.553	0.554	0 ms
Symbolic time: 0.726	0.725	0 ms
Numeric time: 0.554	0.555	0 ms
Symbolic time: 0.735	0.734	0 ms
Numeric time: 0.555	0.555	0 ms
Symbolic time: 0.732	0.731	0 ms
Numeric time: 0.553	0.553	0 ms
Symbolic time: 0.727	0.727	0 ms
Numeric time: 0.564	0.564	0 ms
Symbolic time: 0.731	0.73	0 ms
Numeric time: 0.55	0.55	0 ms
Symbolic time: 0.731	0.731	0 ms
Numeric time: 0.554	0.554	0 ms
Symbolic time: 0.726	0.725	0 ms
Numeric time: 0.556	0.556	0 ms
Symbolic time: 0.729	0.73	0 ms
Numeric time: 0.552	0.551	0 ms
Symbolic time: 0.729	0.729	0 ms
Numeric time: 0.554	0.555	0 ms
Symbolic time: 0.723	0.723	0 ms
Numeric time: 0.554	0.555	0 ms
Symbolic time: 0.729	0.73	0 ms
Numeric time: 0.548	0.548	0 ms
Symbolic time: 0.731	0.73	0 ms
Numeric time: 0.552	0.552	0 ms
Symbolic time: 0.728	0.728	0 ms
Numeric time: 0.55	0.55	0 ms
Symbolic time: 0.732	0.731	0 ms
Numeric time: 0.549	0.55	0 ms
Symbolic time: 0.729	0.729	0 ms
Numeric time: 0.554	0.553	0 ms
Symbolic time: 0.728	0.728	0 ms
Numeric time: 0.552	0.552	0 ms
Symbolic time: 0.731	0.731	0 ms
Numeric time: 0.553	0.554	0 ms
Symbolic time: 0.719	0	0.72 ms
Numeric time: 0.561	0.373	0.188 ms
Symbolic time: 0.725	0.725	0 ms
Numeric time: 0.555	0.547	0.008 ms
Symbolic time: 0.729	0.73	0 ms
Numeric time: 0.556	0.556	0 ms
Symbolic time: 0.726	0.724	0.002 ms
Numeric time: 0.556	0.557	0 ms
Symbolic time: 0.73	0.729	0 ms
Numeric time: 0.55	0.549	0 ms
Symbolic time: 0.732	0.733	0 ms
Numeric time: 0.556	0.557	0 ms
Symbolic time: 0.726	0.724	0.001 ms
Numeric time: 0.561	0.561	0 ms
Symbolic time: 0.741	0.741	0 ms
Numeric time: 0.552	0.553	0 ms
Symbolic time: 0.727	0.727	0 ms
Numeric time: 0.557	0.558	0 ms
Symbolic time: 0.732	0.733	0 ms
Numeric time: 0.55	0.55	0 ms
Symbolic time: 0.733	0.732	0 ms
Numeric time: 0.549	0.55	0 ms
Symbolic time: 0.725	0	0.725 ms
Numeric time: 0.555	0.377	0.177 ms
Symbolic time: 0.732	0.731	0 ms
Numeric time: 0.551	0.543	0.008 ms
Symbolic time: 0.732	0.732	0 ms
Numeric time: 0.554	0.553	0 ms
Symbolic time: 0.727	0.723	0.002 ms
Numeric time: 0.556	0.556	0 ms
Symbolic time: 0.73	0.73	0 ms
Numeric time: 0.553	0.553	0 ms
Symbolic time: 0.729	0.729	0 ms
Numeric time: 0.559	0	0.559 ms
Symbolic time: 0.723	0.342	0.381 ms
Numeric time: 0.555	0.555	0 ms
Symbolic time: 0.729	0.729	0 ms
Numeric time: 0.55	0.549	0 ms
Symbolic time: 0.73	0.731	0 ms
Numeric time: 0.559	0.559	0 ms
Symbolic time: 0.724	0.722	0.001 ms
Numeric time: 0.558	0.558	0 ms
Symbolic time: 0.73	0.73	0 ms
Numeric time: 0.547	0.547	0 ms
Symbolic time: 0.734	0.733	0 ms
Numeric time: 0.557	0.557	0 ms
Symbolic time: 0.733	0.733	0 ms
Numeric time: 0.552	0.551	0 ms
Symbolic time: 0.734	0.734	0 ms
Numeric time: 0.554	0.555	0 ms
Symbolic time: 0.732	0.732	0 ms
Numeric time: 0.561	0.562	0 ms
Symbolic time: 0.73	0.73	0 ms
Numeric time: 0.552	0.552	0 ms
Symbolic time: 0.736	0.736	0 ms
Numeric time: 0.557	0.556	0 ms
Symbolic time: 0.726	0.725	0 ms
Numeric time: 0.551	0.552	0 ms
Symbolic time: 0.731	0.731	0 ms
Numeric time: 0.55	0.55	0 ms
Symbolic time: 0.733	0.734	0 ms
Numeric time: 0.557	0.558	0 ms
Symbolic time: 0.725	0.725	0 ms
Numeric time: 0.555	0.555	0 ms
Symbolic time: 0.731	0.732	0 ms
Numeric time: 0.553	0.552	0 ms
Symbolic time: 0.73	0.73	0 ms
Numeric time: 0.559	0.558	0 ms
Symbolic time: 0.724	0.724	0 ms
Numeric time: 0.559	0.559	0 ms
Symbolic time: 0.734	0.735	0 ms
Numeric time: 0.553	0.553	0 ms
Symbolic time: 0.734	0.734	0 ms
Numeric time: 0.555	0.555	0 ms
Symbolic time: 0.732	0.732	0 ms
Numeric time: 0.549	0.55	0 ms
Symbolic time: 0.74	0.74	0 ms
Numeric time: 0.555	0.554	0 ms
Symbolic time: 0.725	0.724	0 ms
Numeric time: 0.557	0.557	0 ms
Symbolic time: 0.731	0.73	0 ms
Numeric time: 0.554	0.554	0 ms
Symbolic time: 0.729	0.73	0 ms
Numeric time: 0.559	0.559	0 ms
Symbolic time: 0.727	0.727	0 ms
Numeric time: 0.553	0.553	0 ms
Symbolic time: 0.736	0.735	0 ms
Numeric time: 0.57	0.569	0 ms
Symbolic time: 0.732	0.732	0 ms
Numeric time: 0.56	0.56	0 ms
Symbolic time: 0.725	0.725	0 ms
Numeric time: 0.558	0.557	0 ms
Symbolic time: 0.732	0.731	0 ms
Numeric time: 0.555	0.555	0 ms
Symbolic time: 0.734	0.734	0 ms
Numeric time: 0.56	0.559	0 ms
Symbolic time: 0.732	0.732	0 ms
Numeric time: 0.552	0.552	0 ms
Symbolic time: 0.733	0.732	0 ms
Numeric time: 0.553	0.553	0 ms
Symbolic time: 0.724	0.723	0 ms
Numeric time: 0.555	0.556	0 ms
Symbolic time: 0.729	0.729	0 ms
Numeric time: 0.554	0.553	0 ms
Symbolic time: 0.726	0.726	0 ms
Numeric time: 0.564	0.563	0 ms
Symbolic time: 0.724	0.724	0 ms
Numeric time: 0.558	0	0.558 ms
Symbolic time: 0.735	0.379	0.356 ms
Numeric time: 0.573	0.556	0.017 ms
Symbolic time: 0.733	0.733	0 ms
Numeric time: 0.556	0.556	0 ms
Symbolic time: 0.725	0.723	0.002 ms
Numeric time: 0.553	0.553	0 ms
Symbolic time: 0.732	0.732	0 ms
Numeric time: 0.548	0.548	0 ms
Symbolic time: 0.731	0.731	0 ms
Numeric time: 0.553	0.553	0 ms
Symbolic time: 0.736	0.736	0 ms
Numeric time: 0.566	0.566	0 ms
Symbolic time: 0.729	0.73	0 ms
Numeric time: 0.551	0.551	0 ms
Symbolic time: 0.723	0.723	0 ms
Numeric time: 0.56	0.56	0 ms
Symbolic time: 0.729	0.729	0 ms
Numeric time: 0.551	0.551	0 ms
Symbolic time: 0.731	0.731	0 ms
Numeric time: 0.555	0	0.555 ms
Symbolic time: 0.729	0.35	0.378 ms
Numeric time: 0.559	0.559	0 ms
Symbolic time: 0.731	0.731	0 ms
Numeric time: 0.552	0.552	0 ms
Symbolic time: 0.727	0.727	0 ms
Numeric time: 0.556	0.556	0 ms
Symbolic time: 0.726	0.724	0.001 ms
Numeric time: 0.557	0.557	0 ms
Symbolic time: 0.73	0.73	0 ms
Numeric time: 0.55	0.551	0 ms
Symbolic time: 0.733	0.733	0 ms
Numeric time: 0.561	0	0.561 ms
Symbolic time: 0.723	0.344	0.379 ms
Numeric time: 0.559	0.56	0 ms
Symbolic time: 0.728	0.729	0 ms
Numeric time: 0.553	0.553	0 ms
Symbolic time: 0.745	0.745	0 ms
Numeric time: 0.563	0.563	0 ms
Symbolic time: 0.734	0.734	0 ms
Numeric time: 0.552	0.553	0 ms
Symbolic time: 0.733	0.733	0 ms
Numeric time: 0.558	0	0.558 ms
Symbolic time: 0.726	0.353	0.374 ms
Numeric time: 0.558	0.559	0 ms
Symbolic time: 0.737	0.737	0 ms
Numeric time: 0.55	0.55	0 ms
Symbolic time: 0.73	0.73	0 ms
Numeric time: 0.555	0.555	0 ms
Symbolic time: 0.724	0.723	0.002 ms
Numeric time: 0.567	0.567	0 ms
Symbolic time: 0.727	0.727	0 ms
Numeric time: 0.553	0.553	0 ms
Symbolic time: 0.727	0.727	0 ms
Numeric time: 0.628	0.628	0 ms
Symbolic time: 0.94	0.941	0 ms
Numeric time: 0.626	0.626	0.001 ms
Symbolic time: 0.732	0.732	0 ms
Numeric time: 0.559	0.558	0 ms
Symbolic time: 0.725	0.725	0 ms
Numeric time: 0.552	0.552	0 ms
Symbolic time: 0.733	0.732	0 ms
Numeric time: 0.553	0	0.553 ms
Symbolic time: 0.725	0.346	0.378 ms
Numeric time: 0.56	0.559	0 ms
Symbolic time: 0.945	0.946	0 ms
Numeric time: 0.641	0.641	0 ms
Symbolic time: 0.724	0.723	0.001 ms
Numeric time: 0.557	0.557	0 ms
Symbolic time: 0.729	0.728	0 ms
Numeric time: 0.551	0.551	0 ms
Symbolic time: 0.728	0.729	0 ms
Numeric time: 0.559	0.559	0 ms
Symbolic time: 0.728	0.726	0.002 ms
Numeric time: 0.558	0.557	0 ms
Symbolic time: 0.733	0.732	0 ms
Numeric time: 0.553	0.552	0 ms
Symbolic time: 0.731	0.731	0 ms
Numeric time: 0.559	0.558	0 ms
Symbolic time: 0.728	0.729	0 ms
Numeric time: 0.553	0.552	0 ms
Symbolic time: 0.73	0.729	0 ms
Numeric time: 0.548	0.548	0 ms
Symbolic time: 0.73	0.73	0 ms
Numeric time: 0.557	0.557	0 ms
Symbolic time: 0.73	0.73	0 ms
Numeric time: 0.554	0.554	0 ms
Symbolic time: 0.731	0.731	0 ms
Numeric time: 0.55	0.55	0 ms
Symbolic time: 0.726	0.725	0 ms
Numeric time: 0.555	0.556	0 ms
Symbolic time: 0.731	0.731	0 ms
Numeric time: 0.551	0.551	0 ms
Symbolic time: 0.733	0.733	0 ms
Numeric time: 0.553	0.553	0 ms
Symbolic time: 0.726	0.726	0 ms
Numeric time: 0.556	0.556	0 ms
Symbolic time: 0.73	0.73	0 ms
Numeric time: 0.55	0.55	0 ms
Symbolic time: 0.728	0.728	0 ms
Numeric time: 0.553	0.553	0 ms
Symbolic time: 0.724	0.725	0 ms
Numeric time: 0.554	0.554	0 ms
Symbolic time: 0.737	0.737	0 ms
Numeric time: 0.549	0.55	0 ms
Symbolic time: 0.73	0.73	0 ms
Numeric time: 0.556	0.556	0 ms
Symbolic time: 0.729	0.728	0 ms
Numeric time: 0.552	0	0.553 ms
Symbolic time: 0.73	0.384	0.346 ms
Numeric time: 0.549	0.531	0.018 ms
Symbolic time: 0.729	0.729	0 ms
Numeric time: 0.557	0.557	0 ms
Symbolic time: 0.731	0.731	0 ms
Numeric time: 0.551	0.551	0 ms
Symbolic time: 0.744	0.744	0 ms
Numeric time: 0.567	0.567	0 ms
Symbolic time: 0.725	0.725	0 ms
Numeric time: 0.562	0.561	0 ms
Symbolic time: 0.729	0.73	0 ms
Numeric time: 0.551	0.551	0 ms
Symbolic time: 0.73	0.73	0 ms
Numeric time: 0.555	0	0.555 ms
Symbolic time: 0.722	0.343	0.378 ms
Numeric time: 0.558	0.559	0 ms
Symbolic time: 0.732	0.732	0 ms
Numeric time: 0.551	0.551	0 ms
Symbolic time: 0.73	0.73	0 ms
Numeric time: 0.557	0.557	0 ms
Symbolic time: 0.723	0.721	0.002 ms
Numeric time: 0.555	0.556	0 ms
Symbolic time: 0.729	0.73	0 ms
Numeric time: 0.553	0.553	0 ms
Symbolic time: 0.729	0.729	0 ms
Numeric time: 0.554	0.554	0 ms
Symbolic time: 0.732	0.732	0 ms
Numeric time: 0.55	0.549	0 ms
Symbolic time: 0.731	0.73	0 ms
Numeric time: 0.551	0.552	0 ms
Symbolic time: 0.724	0	0.724 ms
Numeric time: 0.553	0.376	0.177 ms
Symbolic time: 0.729	0.729	0 ms
Numeric time: 0.55	0.54	0.011 ms
Symbolic time: 0.733	0.733	0 ms
Numeric time: 0.556	0.555	0 ms
Symbolic time: 0.73	0.727	0.003 ms
Numeric time: 0.555	0.555	0 ms
Symbolic time: 0.73	0.73	0 ms
Numeric time: 0.55	0.551	0 ms
Symbolic time: 0.73	0.73	0 ms
Numeric time: 0.561	0.562	0 ms
Symbolic time: 0.723	0.722	0.002 ms
Numeric time: 0.559	0.56	0 ms
Symbolic time: 0.732	0.732	0 ms
Numeric time: 0.552	0.552	0 ms
Symbolic time: 0.728	0.727	0 ms
Numeric time: 0.553	0.554	0 ms
Symbolic time: 0.725	0.723	0.002 ms
Numeric time: 0.556	0.557	0 ms
Symbolic time: 0.733	0.733	0 ms
Numeric time: 0.547	0.548	0 ms
Symbolic time: 0.731	0.73	0 ms
Numeric time: 0.554	0.554	0 ms
Symbolic time: 0.727	0.728	0 ms
Numeric time: 0.549	0.549	0 ms
Symbolic time: 0.728	0.728	0 ms
Numeric time: 0.549	0.55	0 ms
Symbolic time: 0.731	0.731	0 ms
Numeric time: 0.553	0.552	0 ms
Symbolic time: 0.732	0.732	0 ms
Numeric time: 0.55	0.55	0 ms
Symbolic time: 0.73	0.73	0 ms
Numeric time: 0.55	0.55	0 ms
Symbolic time: 0.723	0	0.723 ms
Numeric time: 0.556	0.382	0.173 ms
Symbolic time: 0.728	0.728	0 ms
Numeric time: 0.55	0.54	0.011 ms
Symbolic time: 0.727	0.727	0 ms
Numeric time: 0.556	0.557	0 ms
Symbolic time: 0.725	0.723	0.003 ms
Numeric time: 0.559	0.56	0 ms
Symbolic time: 0.731	0.732	0 ms
Numeric time: 0.552	0.552	0 ms
Symbolic time: 0.73	0.729	0 ms
Numeric time: 0.557	0.558	0 ms
Symbolic time: 0.726	0.723	0.003 ms
Numeric time: 0.554	0.555	0 ms
Symbolic time: 0.731	0.732	0 ms
Numeric time: 0.552	0.553	0 ms
Symbolic time: 0.732	0.732	0 ms
Numeric time: 0.553	0.554	0 ms
Symbolic time: 0.73	0.73	0 ms
Numeric time: 0.549	0.549	0 ms
Symbolic time: 0.737	0.736	0 ms
Numeric time: 0.555	0.556	0 ms
Symbolic time: 0.726	0.726	0 ms
Numeric time: 0.559	0.56	0 ms
Symbolic time: 0.73	0.73	0 ms
Numeric time: 0.554	0.553	0 ms
Symbolic time: 0.724	0.724	0 ms
Numeric time: 0.561	0.561	0 ms
Symbolic time: 0.726	0.726	0 ms
Numeric time: 0.555	0.556	0 ms
Symbolic time: 0.729	0.729	0 ms
Numeric time: 0.55	0.551	0 ms
Symbolic time: 0.73	0.73	0 ms
Numeric time: 0.555	0.555	0 ms
Symbolic time: 0.724	0.724	0 ms
Numeric time: 0.558	0.558	0 ms
Symbolic time: 0.732	0.732	0 ms
Numeric time: 0.549	0.549	0 ms
Symbolic time: 0.727	0.726	0 ms
Numeric time: 0.549	0	0.55 ms
Symbolic time: 0.724	0.336	0.389 ms
Numeric time: 0.556	0.556	0 ms
Symbolic time: 0.731	0.731	0 ms
Numeric time: 0.551	0.552	0 ms
Symbolic time: 0.729	0.728	0 ms
Numeric time: 0.557	0.557	0 ms
Symbolic time: 0.73	0.73	0 ms
Numeric time: 0.553	0.553	0 ms
Symbolic time: 0.728	0.728	0 ms
Numeric time: 0.553	0.554	0 ms
Symbolic time: 0.724	0	0.724 ms
Numeric time: 0.552	0.378	0.174 ms
Symbolic time: 0.731	0.731	0 ms
Numeric time: 0.558	0.548	0.011 ms
Symbolic time: 0.733	0.732	0 ms
Numeric time: 0.555	0.555	0 ms
Symbolic time: 0.725	0.722	0.003 ms
Numeric time: 0.554	0.554	0 ms
Symbolic time: 0.732	0.731	0 ms
Numeric time: 0.55	0.55	0 ms
Symbolic time: 0.728	0.728	0 ms
Numeric time: 0.557	0.556	0 ms
Symbolic time: 0.725	0.722	0.002 ms
Numeric time: 0.557	0.557	0 ms
Symbolic time: 0.731	0.731	0 ms
Numeric time: 0.549	0.549	0 ms
Symbolic time: 0.729	0.728	0 ms
Numeric time: 0.558	0.557	0 ms
Symbolic time: 0.727	0.725	0.002 ms
Numeric time: 0.556	0.556	0 ms
Symbolic time: 0.731	0.731	0 ms
Numeric time: 0.548	0.548	0 ms
Symbolic time: 0.727	0.727	0 ms
Numeric time: 0.557	0.558	0 ms
Symbolic time: 0.729	0.729	0 ms
Numeric time: 0.55	0.55	0 ms
Symbolic time: 0.727	0.726	0 ms
Numeric time: 0.549	0.55	0 ms
Symbolic time: 0.73	0.73	0 ms
Numeric time: 0.555	0.555	0 ms
Symbolic time: 0.733	0.733	0 ms
Numeric time: 0.547	0.547	0 ms
Symbolic time: 0.734	0.734	0 ms
Numeric time: 0.547	0.547	0 ms
Symbolic time: 0.728	0.728	0 ms
Numeric time: 0.557	0.558	0 ms
Symbolic time: 0.727	0.727	0 ms
Numeric time: 0.55	0.55	0 ms
Symbolic time: 0.73	0.73	0 ms
Numeric time: 0.555	0.555	0 ms
Symbolic time: 0.726	0.726	0 ms
Numeric time: 0.56	0.561	0 ms
Symbolic time: 0.726	0.726	0 ms
Numeric time: 0.549	0.549	0 ms
Symbolic time: 0.729	0.729	0 ms
Numeric time: 0.559	0.559	0 ms
Symbolic time: 0.723	0.724	0 ms
Numeric time: 0.559	0.559	0 ms
Symbolic time: 0.73	0.73	0 ms
Numeric time: 0.553	0.553	0 ms
Symbolic time: 0.733	0.733	0 ms
Numeric time: 0.553	0.554	0 ms
Symbolic time: 0.724	0.724	0 ms
Numeric time: 0.551	0.551	0 ms
Symbolic time: 0.73	0.73	0 ms
Numeric time: 0.55	0.55	0 ms
Symbolic time: 0.732	0.732	0 ms
Numeric time: 0.558	0.558	0 ms
Symbolic time: 0.729	0.729	0 ms
Numeric time: 0.552	0.552	0 ms
Symbolic time: 0.731	0.731	0 ms
Numeric time: 0.552	0.552	0 ms
Symbolic time: 0.723	0	0.724 ms
Numeric time: 0.558	0.379	0.179 ms
Symbolic time: 0.728	0.728	0 ms
Numeric time: 0.552	0.542	0.011 ms
Symbolic time: 0.728	0.728	0 ms
Numeric time: 0.554	0	0.555 ms
Symbolic time: 0.726	0.339	0.388 ms
Numeric time: 0.559	0.559	0 ms
Symbolic time: 0.729	0.729	0 ms
Numeric time: 0.55	0.55	0 ms
Symbolic time: 0.732	0.732	0 ms
Numeric time: 0.561	0.562	0 ms
Symbolic time: 0.727	0.724	0.003 ms
Numeric time: 0.558	0.558	0 ms
Symbolic time: 0.728	0.728	0 ms
Numeric time: 0.551	0.551	0 ms
Symbolic time: 0.728	0.728	0 ms
Numeric time: 0.558	0.558	0 ms
Symbolic time: 0.722	0.72	0.002 ms
Numeric time: 0.551	0	0.551 ms
Symbolic time: 0.73	0.382	0.348 ms
Numeric time: 0.551	0.529	0.021 ms
Symbolic time: 0.727	0.727	0 ms
Numeric time: 0.556	0.556	0 ms
Symbolic time: 0.73	0.73	0 ms
Numeric time: 0.552	0.552	0 ms
Symbolic time: 0.731	0.731	0 ms
Numeric time: 0.552	0.551	0 ms
Symbolic time: 0.729	0.729	0 ms
Numeric time: 0.549	0.55	0 ms
Symbolic time: 0.727	0.727	0 ms
Numeric time: 0.553	0.553	0 ms
Symbolic time: 0.732	0.732	0 ms
Numeric time: 0.557	0	0.557 ms
Symbolic time: 0.726	0.35	0.377 ms
Numeric time: 0.555	0.555	0 ms
Symbolic time: 0.73	0.73	0 ms
Numeric time: 0.549	0.549	0 ms
Symbolic time: 0.73	0.73	0 ms
Numeric time: 0.556	0.557	0 ms
Symbolic time: 0.724	0.722	0.002 ms
Numeric time: 0.56	0.56	0 ms
Symbolic time: 0.73	0.729	0 ms
Numeric time: 0.552	0.551	0 ms
Symbolic time: 0.727	0.728	0 ms
Numeric time: 0.56	0.56	0 ms
Symbolic time: 0.725	0.722	0.002 ms
Numeric time: 0.551	0.551	0 ms
Symbolic time: 0.728	0.728	0 ms
Numeric time: 0.548	0.548	0 ms
Symbolic time: 0.732	0.732	0 ms
Numeric time: 0.556	0.556	0 ms
Symbolic time: 0.73	0.73	0 ms
Numeric time: 0.551	0.551	0 ms
Symbolic time: 0.733	0.733	0 ms
Numeric time: 0.554	0.554	0 ms
Symbolic time: 0.725	0.725	0 ms
Numeric time: 0.56	0.56	0 ms
Symbolic time: 0.731	0.732	0 ms
Numeric time: 0.551	0.551	0 ms
Symbolic time: 0.732	0.731	0 ms
Numeric time: 0.558	0.558	0 ms
Symbolic time: 0.723	0.724	0 ms
Numeric time: 0.559	0.558	0 ms
Symbolic time: 0.727	0.726	0 ms
Numeric time: 0.551	0.552	0 ms
Symbolic time: 0.735	0.735	0 ms
Numeric time: 0.56	0.561	0 ms
Symbolic time: 0.724	0.723	0 ms
Numeric time: 0.555	0	0.556 ms
Symbolic time: 0.729	0.374	0.356 ms
Numeric time: 0.549	0.527	0.021 ms
Symbolic time: 0.733	0.733	0 ms
Numeric time: 0.553	0.552	0 ms
Symbolic time: 0.731	0.73	0 ms
Numeric time: 0.548	0.548	0 ms
Symbolic time: 0.73	0.73	0 ms
Numeric time: 0.55	0.551	0 ms
Symbolic time: 0.73	0.73	0 ms
Numeric time: 0.556	0.556	0 ms
Symbolic time: 0.728	0.729	0 ms
Numeric time: 0.557	0.557	0 ms
Symbolic time: 0.729	0.729	0 ms
Numeric time: 0.553	0.552	0 ms
Symbolic time: 0.724	0.724	0 ms
Numeric time: 0.557	0.558	0 ms
Symbolic time: 0.735	0.735	0 ms
Numeric time: 0.55	0.551	0 ms
Symbolic time: 0.732	0.732	0 ms
Numeric time: 0.552	0	0.553 ms
Symbolic time: 0.724	0.344	0.38 ms
Numeric time: 0.552	0	0.552 ms
Symbolic time: 0.732	0.371	0.36 ms
Numeric time: 0.554	0.531	0.022 ms
Symbolic time: 0.73	0.729	0 ms
Numeric time: 0.557	0.557	0 ms
Symbolic time: 0.727	0.723	0.004 ms
Numeric time: 0.556	0.555	0 ms
Symbolic time: 0.729	0.729	0 ms
Numeric time: 0.554	0.554	0 ms
Symbolic time: 0.729	0.729	0 ms
Numeric time: 0.555	0.555	0 ms
Symbolic time: 0.725	0.722	0.002 ms
Numeric time: 0.552	0.553	0 ms
Symbolic time: 0.727	0.727	0 ms
Numeric time: 0.551	0.55	0 ms
Symbolic time: 0.731	0.731	0 ms
Numeric time: 0.554	0.555	0 ms
Symbolic time: 0.731	0.731	0 ms
Numeric time: 0.549	0.548	0 ms
Symbolic time: 0.731	0.732	0 ms
Numeric time: 0.551	0.552	0 ms
Symbolic time: 0.724	0.724	0 ms
Numeric time: 0.556	0.556	0 ms
Symbolic time: 0.729	0.73	0 ms
Numeric time: 0.551	0.551	0 ms
Symbolic time: 0.731	0.731	0 ms
Numeric time: 0.559	0	0.56 ms
Symbolic time: 0.726	0.354	0.372 ms
Numeric time: 0.561	0.561	0 ms
Symbolic time: 0.728	0.728	0 ms
Numeric time: 0.551	0.551	0 ms
Symbolic time: 0.731	0.73	0 ms
Numeric time: 0.555	0.554	0 ms
Symbolic time: 0.723	0.72	0.002 ms
Numeric time: 0.551	0.552	0 ms
Symbolic time: 0.728	0.728	0 ms
Numeric time: 0.551	0.551	0 ms
Symbolic time: 0.729	0.729	0 ms
Numeric time: 0.556	0.556	0 ms
Symbolic time: 0.725	0.724	0.002 ms
Numeric time: 0.558	0.558	0 ms
Symbolic time: 0.731	0.731	0 ms
Numeric time: 0.56	0.56	0 ms
Symbolic time: 0.73	0.73	0 ms
Numeric time: 0.557	0.557	0 ms
Symbolic time: 0.732	0.732	0 ms
Numeric time: 0.554	0.553	0 ms
Symbolic time: 0.727	0.727	0 ms
Numeric time: 0.553	0.552	0 ms
Symbolic time: 0.724	0.723	0 ms
Numeric time: 0.559	0.559	0 ms
Symbolic time: 0.73	0.73	0 ms
Numeric time: 0.55	0.551	0 ms
Symbolic time: 0.729	0.73	0 ms
Numeric time: 0.554	0.555	0 ms
Symbolic time: 0.726	0.725	0 ms
Numeric time: 0.556	0.555	0 ms
Symbolic time: 0.73	0.729	0 ms
Numeric time: 0.553	0.554	0 ms
Symbolic time: 0.734	0.733	0 ms
Numeric time: 0.553	0.554	0 ms
Symbolic time: 0.727	0.728	0 ms
Numeric time: 0.556	0.556	0 ms
Symbolic time: 0.729	0.729	0 ms
Numeric time: 0.554	0.555	0 ms
Symbolic time: 0.73	0.73	0 ms
Numeric time: 0.558	0.559	0 ms
Symbolic time: 0.726	0.726	0 ms
Numeric time: 0.549	0	0.549 ms
Symbolic time: 0.73	0.381	0.349 ms
Numeric time: 0.549	0.527	0.022 ms
Symbolic time: 0.731	0.731	0 ms
Numeric time: 0.552	0.552	0 ms
Symbolic time: 0.73	0.73	0 ms
Numeric time: 0.549	0.548	0 ms
Symbolic time: 0.73	0.731	0 ms
Numeric time: 0.55	0.55	0 ms
Symbolic time: 0.723	0.723	0 ms
Numeric time: 0.556	0.556	0 ms
Symbolic time: 0.73	0.731	0 ms
Numeric time: 0.552	0.553	0 ms
Symbolic time: 0.728	0.728	0 ms
Numeric time: 0.558	0.558	0 ms
Symbolic time: 0.725	0.725	0 ms
Numeric time: 0.555	0.555	0 ms
Symbolic time: 0.729	0.729	0 ms
Numeric time: 0.552	0.552	0 ms
Symbolic time: 0.73	0.73	0 ms
Numeric time: 0.557	0.557	0 ms
Symbolic time: 0.724	0.724	0 ms
Numeric time: 0.555	0.555	0 ms
Symbolic time: 0.733	0.734	0 ms
Numeric time: 0.547	0.547	0 ms
Symbolic time: 0.731	0.731	0 ms
Numeric time: 0.559	0.552	0 ms
Symbolic time: 0.724	0.723	0 ms
Numeric time: 0.579	0.579	0 ms
Symbolic time: 0.734	0.733	0 ms
Numeric time: 0.555	0.556	0 ms
Symbolic time: 0.732	0.732	0 ms
Numeric time: 0.553	0.554	0 ms
Symbolic time: 0.746	0.746	0 ms
Numeric time: 0.553	0.553	0 ms
Symbolic time: 0.736	0.735	0 ms
Numeric time: 0.561	0.561	0 ms
Symbolic time: 0.723	0.723	0 ms
Numeric time: 0.563	0.563	0 ms
Symbolic time: 0.741	0.741	0 ms
Numeric time: 0.554	0.554	0 ms
Symbolic time: 0.733	0.733	0 ms
Numeric time: 0.56	0.56	0 ms
Symbolic time: 0.724	0.724	0 ms
Numeric time: 0.565	0.565	0 ms
Symbolic time: 0.732	0.733	0 ms
Numeric time: 0.548	0.548	0 ms
Symbolic time: 0.729	0.729	0 ms
Numeric time: 0.556	0.556	0 ms
Symbolic time: 0.729	0.729	0 ms
Numeric time: 0.558	0.559	0 ms
Symbolic time: 0.731	0.73	0 ms
Numeric time: 0.552	0.553	0 ms
Symbolic time: 0.732	0.731	0 ms
Numeric time: 0.553	0.553	0 ms
Symbolic time: 0.728	0.728	0 ms
Numeric time: 0.549	0.55	0 ms
Symbolic time: 0.735	0.735	0 ms
Numeric time: 0.551	0.551	0 ms
Symbolic time: 0.723	0	0.723 ms
Numeric time: 0.549	0.376	0.173 ms
Symbolic time: 0.731	0.732	0 ms
Numeric time: 0.55	0.539	0.011 ms
Symbolic time: 0.733	0.733	0 ms
Numeric time: 0.556	0.557	0 ms
Symbolic time: 0.725	0.722	0.003 ms
Numeric time: 0.551	0.551	0 ms
Symbolic time: 0.726	0.726	0 ms
Numeric time: 0.55	0.55	0 ms
Symbolic time: 0.729	0.729	0 ms
Numeric time: 0.554	0.555	0 ms
Symbolic time: 0.721	0.72	0.001 ms
Numeric time: 0.555	0.555	0 ms
Symbolic time: 0.731	0.73	0 ms
Numeric time: 0.554	0.554	0 ms
Symbolic time: 0.729	0.728	0 ms
Numeric time: 0.555	0.554	0 ms
Symbolic time: 0.726	0.724	0.002 ms
Numeric time: 0.56	0.56	0 ms
Symbolic time: 0.73	0.73	0 ms
Numeric time: 0.551	0.551	0 ms
Symbolic time: 0.732	0.732	0 ms
Numeric time: 0.552	0.552	0 ms
Symbolic time: 0.731	0.731	0 ms
Numeric time: 0.553	0.554	0 ms
Symbolic time: 0.73	0.73	0 ms
Numeric time: 0.553	0.553	0 ms
Symbolic time: 0.724	0.724	0 ms
Numeric time: 0.556	0	0.556 ms
Symbolic time: 0.728	0.381	0.347 ms
Numeric time: 0.551	0.529	0.022 ms
Symbolic time: 0.732	0.731	0 ms
Numeric time: 0.557	0.557	0 ms
Symbolic time: 0.728	0.724	0.003 ms
Numeric time: 0.556	0.555	0 ms
Symbolic time: 0.727	0.727	0 ms
Numeric time: 0.55	0.55	0 ms
Symbolic time: 0.731	0.731	0 ms
Numeric time: 0.555	0.555	0 ms
Symbolic time: 0.722	0.72	0.002 ms
Numeric time: 0.556	0.556	0 ms
Symbolic time: 0.729	0.729	0 ms
Numeric time: 0.553	0.554	0 ms
Symbolic time: 0.728	0.727	0 ms
Numeric time: 0.557	0.558	0 ms
Symbolic time: 0.724	0.721	0.002 ms
Numeric time: 0.556	0.556	0 ms
Symbolic time: 0.728	0.728	0 ms
Numeric time: 0.549	0.55	0 ms
Symbolic time: 0.728	0.728	0 ms
Numeric time: 0.553	0.553	0 ms
Symbolic time: 0.731	0.731	0 ms
Numeric time: 0.55	0.551	0 ms
Symbolic time: 0.732	0.732	0 ms
Numeric time: 0.548	0.548	0 ms
Symbolic time: 0.725	0.725	0 ms
Numeric time: 0.557	0.557	0 ms
Symbolic time: 0.73	0.73	0 ms
Numeric time: 0.549	0.549	0 ms
Symbolic time: 0.731	0.731	0 ms
Numeric time: 0.557	0.557	0 ms
Symbolic time: 0.724	0.724	0 ms
Numeric time: 0.558	0.558	0 ms
Symbolic time: 0.734	0.734	0 ms
Numeric time: 0.552	0.552	0 ms
Symbolic time: 0.73	0.73	0 ms
Numeric time: 0.556	0.556	0 ms
Symbolic time: 0.726	0.726	0 ms
Numeric time: 0.56	0.56	0 ms
Symbolic time: 0.727	0.727	0 ms
Numeric time: 0.551	0.551	0 ms
Symbolic time: 0.728	0.728	0 ms
Numeric time: 0.557	0.557	0 ms
Symbolic time: 0.724	0.724	0 ms
Numeric time: 0.558	0.558	0 ms
Symbolic time: 0.734	0.734	0 ms
Numeric time: 0.549	0.549	0 ms
Symbolic time: 0.732	0.732	0 ms
Numeric time: 0.555	0.555	0 ms
Symbolic time: 0.727	0.727	0 ms
Numeric time: 0.575	0.576	0 ms
Symbolic time: 0.729	0.729	0 ms
Numeric time: 0.551	0.551	0 ms
Symbolic time: 0.728	0.728	0 ms
Numeric time: 0.559	0.559	0 ms
Symbolic time: 0.729	0.73	0 ms
Numeric time: 0.551	0.551	0 ms
Symbolic time: 0.734	0.734	0 ms
Numeric time: 0.555	0.556	0 ms
Symbolic time: 0.724	0.725	0 ms
Numeric time: 0.558	0.558	0 ms
Symbolic time: 0.732	0.733	0 ms
Numeric time: 0.553	0.553	0 ms
Symbolic time: 0.73	0.73	0 ms
Numeric time: 0.555	0.555	0 ms
Symbolic time: 0.726	0.725	0 ms
Numeric time: 0.553	0.553	0 ms
Symbolic time: 0.731	0.731	0 ms
Numeric time: 0.549	0.549	0 ms
Symbolic time: 0.732	0.731	0 ms
Numeric time: 0.549	0.549	0 ms
Symbolic time: 0.724	0.724	0 ms
Numeric time: 0.552	0.552	0 ms
Symbolic time: 0.728	0.727	0 ms
Numeric time: 0.55	0.549	0 ms
Symbolic time: 0.729	0.729	0 ms
Numeric time: 0.553	0.553	0 ms
Symbolic time: 0.733	0.733	0 ms
Numeric time: 0.548	0.548	0 ms
Symbolic time: 0.729	0.729	0 ms
Numeric time: 0.556	0.556	0 ms
Symbolic time: 0.724	0.724	0 ms
Numeric time: 0.554	0	0.554 ms
Symbolic time: 0.728	0.379	0.35 ms
Numeric time: 0.549	0.528	0.022 ms
Symbolic time: 0.73	0.73	0 ms
Numeric time: 0.553	0.553	0 ms
Symbolic time: 0.725	0.722	0.003 ms
Numeric time: 0.552	0	0.552 ms
Symbolic time: 0.728	0.367	0.36 ms
Numeric time: 0.55	0.528	0.021 ms
Symbolic time: 0.73	0.729	0 ms
Numeric time: 0.56	0	0.56 ms
Symbolic time: 0.724	0.341	0.382 ms
Numeric time: 0.556	0.556	0 ms
Symbolic time: 0.731	0.731	0 ms
Numeric time: 0.549	0.55	0 ms
Symbolic time: 0.733	0.733	0 ms
Numeric time: 0.554	0.554	0 ms
Symbolic time: 0.725	0.723	0.002 ms
Numeric time: 0.55	0.549	0 ms
Symbolic time: 0.727	0.728	0 ms
Numeric time: 0.549	0.548	0 ms
Symbolic time: 0.732	0.732	0 ms
Numeric time: 0.553	0.554	0 ms
Symbolic time: 0.731	0.731	0 ms
Numeric time: 0.553	0.553	0 ms
Symbolic time: 0.731	0.731	0 ms
Numeric time: 0.554	0.554	0 ms
Symbolic time: 0.728	0.728	0 ms
Numeric time: 0.552	0.552	0 ms
Symbolic time: 0.731	0.731	0 ms
Numeric time: 0.55	0.551	0 ms
Symbolic time: 0.728	0.729	0 ms
Numeric time: 0.55	0.551	0 ms
Symbolic time: 0.725	0.726	0 ms
Numeric time: 0.556	0.556	0 ms
Symbolic time: 0.728	0.728	0 ms
Numeric time: 0.549	0.549	0 ms
Symbolic time: 0.729	0.729	0 ms
Numeric time: 0.561	0.561	0 ms
Symbolic time: 0.727	0.727	0 ms
Numeric time: 0.555	0.556	0 ms
Symbolic time: 0.728	0.728	0 ms
Numeric time: 0.549	0.549	0 ms
Symbolic time: 0.729	0.729	0 ms
Numeric time: 0.553	0.553	0 ms
Symbolic time: 0.721	0.722	0 ms
Numeric time: 0.552	0.552	0 ms
Symbolic time: 0.732	0.731	0 ms
Numeric time: 0.548	0.548	0 ms
Symbolic time: 0.73	0.729	0 ms
Numeric time: 0.554	0.554	0 ms
Symbolic time: 0.727	0.728	0 ms
Numeric time: 0.551	0.551	0 ms
Symbolic time: 0.731	0.731	0 ms
Numeric time: 0.548	0.548	0 ms
Symbolic time: 0.732	0.731	0 ms
Numeric time: 0.55	0.55	0 ms
Symbolic time: 0.736	0.736	0 ms
Numeric time: 0.553	0.553	0 ms
Symbolic time: 0.729	0.728	0 ms
Numeric time: 0.55	0.551	0 ms
Symbolic time: 0.725	0.725	0 ms
Numeric time: 0.555	0.556	0 ms
Symbolic time: 0.732	0.732	0 ms
Numeric time: 0.551	0.55	0 ms
Symbolic time: 0.729	0.73	0 ms
Numeric time: 0.556	0.556	0 ms
Symbolic time: 0.723	0.723	0 ms
Numeric time: 0.557	0.557	0 ms
Symbolic time: 0.728	0.728	0 ms
Numeric time: 0.551	0.551	0 ms
Symbolic time: 0.731	0.731	0 ms
Numeric time: 0.56	0.56	0 ms
Symbolic time: 0.727	0.726	0 ms
Numeric time: 0.559	0.56	0 ms
Symbolic time: 0.731	0.73	0 ms
Numeric time: 0.548	0.549	0 ms
Symbolic time: 0.732	0.733	0 ms
Numeric time: 0.553	0.553	0 ms
Symbolic time: 0.726	0.725	0 ms
Numeric time: 0.555	0.555	0 ms
Symbolic time: 0.731	0.732	0 ms
Numeric time: 0.549	0.549	0 ms
Symbolic time: 0.729	0.729	0 ms
Numeric time: 0.552	0.553	0 ms
Symbolic time: 0.729	0.729	0 ms
Numeric time: 0.55	0.551	0 ms
Symbolic time: 0.729	0.73	0 ms
Numeric time: 0.551	0.551	0 ms
Symbolic time: 0.724	0.724	0 ms
Numeric time: 0.559	0.56	0 ms
Symbolic time: 0.729	0.729	0 ms
Numeric time: 0.562	0.562	0 ms
Symbolic time: 0.728	0.728	0 ms
Numeric time: 0.556	0.556	0 ms
Symbolic time: 0.73	0.73	0 ms
Numeric time: 0.555	0.555	0 ms
Symbolic time: 0.732	0.732	0 ms
Numeric time: 0.55	0.55	0 ms
Symbolic time: 0.731	0.73	0 ms
Numeric time: 0.559	0.56	0 ms
Symbolic time: 0.726	0.726	0 ms
Numeric time: 0.552	0.552	0 ms
Symbolic time: 0.734	0.733	0 ms
Numeric time: 0.549	0.549	0 ms
Symbolic time: 0.732	0.732	0 ms
Numeric time: 0.555	0.555	0 ms
Symbolic time: 0.726	0.725	0 ms
Numeric time: 0.548	0.549	0 ms
Symbolic time: 0.73	0.731	0 ms
Numeric time: 0.554	0.553	0 ms
Symbolic time: 0.728	0.729	0 ms
Numeric time: 0.556	0.556	0 ms
Symbolic time: 0.73	0.729	0 ms
Numeric time: 0.547	0.548	0 ms
Symbolic time: 0.731	0.732	0 ms
Numeric time: 0.551	0.552	0 ms
Symbolic time: 0.727	0.727	0 ms
Numeric time: 0.552	0.553	0 ms
Symbolic time: 0.733	0.732	0 ms
Numeric time: 0.548	0.548	0 ms
Symbolic time: 0.731	0.731	0 ms
Numeric time: 0.551	0	0.551 ms
Symbolic time: 0.727	0.348	0.379 ms
Numeric time: 0.555	0.554	0 ms
Symbolic time: 0.728	0.728	0 ms
Numeric time: 0.548	0.547	0 ms
Symbolic time: 0.729	0.73	0 ms
Numeric time: 0.554	0.554	0 ms
Symbolic time: 0.726	0.724	0.002 ms
Numeric time: 0.555	0.556	0 ms
Symbolic time: 0.733	0.733	0 ms
Numeric time: 0.552	0.552	0 ms
Symbolic time: 0.731	0.731	0 ms
Numeric time: 0.556	0.555	0 ms
Symbolic time: 0.725	0.722	0.002 ms
Numeric time: 0.56	0.56	0 ms
Symbolic time: 0.728	0.728	0 ms
Numeric time: 0.55	0.55	0 ms
Symbolic time: 0.733	0.733	0 ms
Numeric time: 0.56	0.56	0 ms
Symbolic time: 0.73	0.73	0 ms
Numeric time: 0.549	0.55	0 ms
Symbolic time: 0.731	0.731	0 ms
Numeric time: 0.549	0.549	0 ms
Symbolic time: 0.729	0.729	0 ms
Numeric time: 0.551	0	0.551 ms
Symbolic time: 0.732	0.381	0.352 ms
Numeric time: 0.548	0.526	0.021 ms
Symbolic time: 0.732	0.732	0 ms
Numeric time: 0.55	0.538	0.012 ms
Symbolic time: 0.726	0.725	0 ms
Numeric time: 0.551	0.551	0 ms
Symbolic time: 0.729	0.73	0 ms
Numeric time: 0.551	0.551	0 ms
Symbolic time: 0.728	0.73	0 ms
Numeric time: 0.555	0.554	0 ms
Symbolic time: 0.726	0.726	0 ms
Numeric time: 0.558	0.558	0 ms
Symbolic time: 0.732	0.731	0 ms
Numeric time: 0.553	0.554	0 ms
Symbolic time: 0.735	0.735	0 ms
Numeric time: 0.558	0.559	0 ms
Symbolic time: 0.722	0.722	0 ms
Numeric time: 0.556	0.556	0 ms
Symbolic time: 0.73	0.731	0 ms
Numeric time: 0.549	0.549	0 ms
Symbolic time: 0.733	0.733	0 ms
Numeric time: 0.552	0.552	0 ms
Symbolic time: 0.731	0.731	0 ms
Numeric time: 0.547	0.546	0 ms
Symbolic time: 0.732	0.731	0 ms
Numeric time: 0.549	0.549	0 ms
Symbolic time: 0.732	0.731	0 ms
Numeric time: 0.556	0.557	0 ms
Symbolic time: 0.731	0.731	0 ms
Numeric time: 0.554	0.554	0 ms
Symbolic time: 0.733	0.732	0 ms
Numeric time: 0.551	0.551	0 ms
Symbolic time: 0.724	0	0.724 ms
Numeric time: 0.557	0.385	0.173 ms
Symbolic time: 0.725	0.725	0 ms
Numeric time: 0.552	0.54	0.011 ms
Symbolic time: 0.727	0.726	0 ms
Numeric time: 0.556	0.556	0 ms
Symbolic time: 0.722	0.719	0.003 ms
Numeric time: 0.558	0.558	0 ms
Symbolic time: 0.729	0.729	0 ms
Numeric time: 0.55	0.55	0 ms
Symbolic time: 0.75	0.75	0 ms
Numeric time: 0.559	0.559	0 ms
Symbolic time: 0.725	0.722	0.003 ms
Numeric time: 0.552	0.551	0 ms
Symbolic time: 0.732	0.732	0 ms
Numeric time: 0.548	0.547	0 ms
Symbolic time: 0.729	0.73	0 ms
Numeric time: 0.554	0.553	0 ms
Symbolic time: 0.724	0.723	0.002 ms
Numeric time: 0.552	0	0.552 ms
Symbolic time: 0.729	0.383	0.345 ms
Numeric time: 0.547	0.526	0.021 ms
Symbolic time: 0.731	0.731	0 ms
Numeric time: 0.556	0.556	0 ms
Symbolic time: 0.728	0.728	0 ms
Numeric time: 0.551	0.551	0 ms
Symbolic time: 0.728	0.728	0 ms
Numeric time: 0.553	0.553	0 ms
Symbolic time: 0.725	0.725	0 ms
Numeric time: 0.558	0	0.558 ms
Symbolic time: 0.727	0.381	0.347 ms
Numeric time: 0.55	0.528	0.022 ms
Symbolic time: 0.73	0.731	0 ms
Numeric time: 0.554	0	0.554 ms
Symbolic time: 0.726	0.339	0.387 ms
Numeric time: 0.553	0.553	0 ms
Symbolic time: 0.735	0.735	0 ms
Numeric time: 0.548	0.548	0 ms
Symbolic time: 0.733	0.734	0 ms
Numeric time: 0.555	0.554	0 ms
Symbolic time: 0.725	0.722	0.002 ms
Numeric time: 0.554	0.554	0 ms
Symbolic time: 0.727	0.727	0 ms
Numeric time: 0.549	0.549	0 ms
Symbolic time: 0.733	0.733	0 ms
Numeric time: 0.555	0.554	0 ms
Symbolic time: 0.728	0.726	0.002 ms
Numeric time: 0.557	0.557	0 ms
Symbolic time: 0.729	0.729	0 ms
Numeric time: 0.551	0.551	0 ms
Symbolic time: 0.732	0.732	0 ms
Numeric time: 0.556	0.556	0 ms
Symbolic time: 0.732	0.732	0 ms
Numeric time: 0.551	0.551	0 ms
Symbolic time: 0.731	0.731	0 ms
Numeric time: 0.552	0.552	0 ms
Symbolic time: 0.724	0.724	0 ms
Numeric time: 0.565	0	0.565 ms
Symbolic time: 0.736	0.397	0.338 ms
Numeric time: 0.551	0.528	0.022 ms
Symbolic time: 0.729	0.728	0 ms
Numeric time: 0.55	0.551	0 ms
Symbolic time: 0.725	0.722	0.003 ms
Numeric time: 0.553	0.553	0 ms
Symbolic time: 0.735	0.734	0 ms
Numeric time: 0.549	0.549	0 ms
Symbolic time: 0.731	0.73	0 ms
Numeric time: 0.555	0.556	0 ms
Symbolic time: 0.727	0.725	0.002 ms
Numeric time: 0.555	0.554	0 ms
Symbolic time: 0.727	0.728	0 ms
Numeric time: 0.548	0.548	0 ms
Symbolic time: 0.727	0.728	0 ms
Numeric time: 0.556	0.556	0 ms
Symbolic time: 0.725	0.723	0.002 ms
Numeric time: 0.556	0.556	0 ms
Symbolic time: 0.73	0.73	0 ms
Numeric time: 0.549	0.548	0 ms
Symbolic time: 0.73	0.729	0 ms
Numeric time: 0.557	0.557	0 ms
Symbolic time: 0.732	0.733	0 ms
Numeric time: 0.545	0.545	0 ms
Symbolic time: 0.735	0.736	0 ms
Numeric time: 0.549	0.549	0 ms
Symbolic time: 0.726	0	0.727 ms
Numeric time: 0.551	0.383	0.168 ms
Symbolic time: 0.731	0.731	0 ms
Numeric time: 0.548	0.536	0.012 ms
Symbolic time: 0.731	0.731	0 ms
Numeric time: 0.556	0.556	0 ms
Symbolic time: 0.727	0.723	0.003 ms
Numeric time: 0.557	0.557	0 ms
Symbolic time: 0.73	0.729	0 ms
Numeric time: 0.554	0.553	0 ms
Symbolic time: 0.728	0.728	0 ms
Numeric time: 0.562	0.562	0 ms
Symbolic time: 0.724	0.721	0.002 ms
Numeric time: 0.557	0.558	0 ms
Symbolic time: 0.729	0.73	0 ms
Numeric time: 0.552	0.553	0 ms
Symbolic time: 0.734	0.733	0 ms
Numeric time: 0.555	0.554	0 ms
Symbolic time: 0.726	0.723	0.002 ms
Numeric time: 0.553	0.553	0 ms
Symbolic time: 0.731	0.731	0 ms
Numeric time: 0.55	0.551	0 ms
Symbolic time: 0.728	0.727	0 ms
Numeric time: 0.552	0.552	0 ms
Symbolic time: 0.728	0.728	0 ms
Numeric time: 0.547	0.547	0 ms
Symbolic time: 0.728	0.728	0 ms
Numeric time: 0.55	0.55	0 ms
Symbolic time: 0.73	0.73	0 ms
Numeric time: 0.555	0.556	0 ms
Symbolic time: 0.727	0.726	0 ms
Numeric time: 0.549	0.549	0 ms
Symbolic time: 0.731	0.732	0 ms
Numeric time: 0.547	0.546	0 ms
Symbolic time: 0.725	0.724	0 ms
Numeric time: 0.552	0.553	0 ms
Symbolic time: 0.728	0.729	0 ms
Numeric time: 0.548	0.549	0 ms
Symbolic time: 0.727	0.728	0 ms
Numeric time: 0.552	0.553	0 ms
Symbolic time: 0.724	0.724	0 ms
Numeric time: 0.555	0.555	0 ms
Symbolic time: 0.729	0.729	0 ms
Numeric time: 0.551	0.552	0 ms
Symbolic time: 0.731	0.731	0 ms
Numeric time: 0.554	0.553	0 ms
Symbolic time: 0.725	0.725	0 ms
Numeric time: 0.555	0.555	0 ms
Symbolic time: 0.731	0.731	0 ms
Numeric time: 0.55	0.55	0 ms
Symbolic time: 0.726	0.725	0 ms
Numeric time: 0.553	0.553	0 ms
Symbolic time: 0.726	0.727	0 ms
Numeric time: 0.553	0.552	0 ms
Symbolic time: 0.732	0.732	0 ms
Numeric time: 0.549	0.55	0 ms
Symbolic time: 0.73	0.73	0 ms
Numeric time: 0.551	0	0.551 ms
Symbolic time: 0.729	0.382	0.347 ms
Numeric time: 0.548	0.526	0.022 ms
Symbolic time: 0.731	0.731	0 ms
Numeric time: 0.548	0.535	0.012 ms
Symbolic time: 0.726	0.726	0 ms
Numeric time: 0.557	0.557	0 ms
Symbolic time: 0.729	0.729	0 ms
Numeric time: 0.549	0.549	0 ms
Symbolic time: 0.73	0.73	0 ms
Numeric time: 0.551	0.551	0 ms
Symbolic time: 0.724	0.724	0 ms
Numeric time: 0.553	0.553	0 ms
Symbolic time: 0.727	0.727	0 ms
Numeric time: 0.547	0.547	0 ms
Symbolic time: 0.725	0.725	0 ms
Numeric time: 0.559	0	0.56 ms
Symbolic time: 0.725	0.353	0.372 ms
Numeric time: 0.554	0.553	0 ms
Symbolic time: 0.73	0.731	0 ms
Numeric time: 0.551	0.552	0 ms
Symbolic time: 0.726	0.726	0 ms
Numeric time: 0.554	0.554	0 ms
Symbolic time: 0.72	0.719	0.002 ms
Numeric time: 0.559	0.56	0 ms
Symbolic time: 0.728	0.728	0 ms
Numeric time: 0.549	0.549	0 ms
Symbolic time: 0.727	0.728	0 ms
Numeric time: 0.555	0.554	0 ms
Symbolic time: 0.724	0.721	0.002 ms
Numeric time: 0.553	0.553	0 ms
Symbolic time: 0.729	0.729	0 ms
Numeric time: 0.547	0.547	0 ms
Symbolic time: 0.73	0.73	0 ms
Numeric time: 0.553	0	0.553 ms
Symbolic time: 0.726	0.339	0.386 ms
Numeric time: 0.549	0	0.549 ms
Symbolic time: 0.73	0.384	0.346 ms
Numeric time: 0.55	0.526	0.024 ms
Symbolic time: 0.728	0.728	0 ms
Numeric time: 0.553	0.554	0 ms
Symbolic time: 0.73	0.73	0 ms
Numeric time: 0.551	0.551	0 ms
Symbolic time: 0.728	0.728	0 ms
Numeric time: 0.552	0.552	0 ms
Symbolic time: 0.726	0.726	0 ms
Numeric time: 0.558	0.558	0 ms
Symbolic time: 0.729	0.729	0 ms
Numeric time: 0.55	0.55	0 ms
Symbolic time: 0.73	0.73	0 ms
Numeric time: 0.555	0.555	0 ms
Symbolic time: 0.729	0.729	0 ms
Numeric time: 0.552	0.552	0 ms
Symbolic time: 0.732	0.732	0 ms
Numeric time: 0.55	0.55	0 ms
Symbolic time: 0.73	0.73	0 ms
Numeric time: 0.549	0.549	0 ms
Symbolic time: 0.727	0.726	0 ms
Numeric time: 0.553	0.553	0 ms
Symbolic time: 0.731	0.73	0 ms
Numeric time: 0.551	0.551	0 ms
Symbolic time: 0.728	0.728	0 ms
Numeric time: 0.552	0.552	0 ms
Symbolic time: 0.725	0.725	0 ms
Numeric time: 0.555	0.555	0 ms
Symbolic time: 0.729	0.729	0 ms
Numeric time: 0.552	0.552	0 ms
Symbolic time: 0.729	0.729	0 ms
Numeric time: 0.553	0.553	0 ms
Symbolic time: 0.729	0.729	0 ms
Numeric time: 0.549	0.549	0 ms
Symbolic time: 0.732	0.732	0 ms
Numeric time: 0.562	0.562	0 ms
Symbolic time: 0.723	0.723	0 ms
Numeric time: 0.554	0.554	0 ms
Symbolic time: 0.728	0.728	0 ms
Numeric time: 0.552	0.552	0 ms
Symbolic time: 0.729	0.729	0 ms
Numeric time: 0.552	0.552	0 ms
Symbolic time: 0.724	0.724	0 ms
Numeric time: 0.557	0.557	0 ms
Symbolic time: 0.732	0.732	0 ms
Numeric time: 0.55	0.55	0 ms
Symbolic time: 0.732	0.732	0 ms
Numeric time: 0.554	0.554	0 ms
Symbolic time: 0.725	0.725	0 ms
Numeric time: 0.56	0.56	0 ms
Symbolic time: 0.729	0.729	0 ms
Numeric time: 0.549	0.55	0 ms
Symbolic time: 0.728	0.727	0 ms
Numeric time: 0.556	0.556	0 ms
Symbolic time: 0.724	0.724	0 ms
Numeric time: 0.554	0.554	0 ms
Symbolic time: 0.728	0.729	0 ms
Numeric time: 0.554	0.554	0 ms
Symbolic time: 0.727	0.727	0 ms
Numeric time: 0.553	0.553	0 ms
Symbolic time: 0.732	0.732	0 ms
Numeric time: 0.548	0.549	0 ms
Symbolic time: 0.729	0.729	0 ms
Numeric time: 0.553	0.552	0 ms
Symbolic time: 0.731	0.731	0 ms
Numeric time: 0.557	0.557	0 ms
Symbolic time: 0.731	0.731	0 ms
Numeric time: 0.55	0.549	0 ms
Symbolic time: 0.73	0.73	0 ms
Numeric time: 0.544	0.545	0 ms
Symbolic time: 0.726	0.726	0 ms
Numeric time: 0.552	0.553	0 ms
Symbolic time: 0.733	0.732	0 ms
Numeric time: 0.551	0.551	0 ms
Symbolic time: 0.729	0.73	0 ms
Numeric time: 0.554	0.554	0 ms
Symbolic time: 0.725	0.725	0 ms
Numeric time: 0.561	0.561	0 ms
Symbolic time: 0.731	0.731	0 ms
Numeric time: 0.55	0.55	0 ms
Symbolic time: 0.729	0.73	0 ms
Numeric time: 0.556	0.556	0 ms
Symbolic time: 0.728	0.728	0 ms
Numeric time: 0.55	0.55	0 ms
Symbolic time: 0.731	0.731	0 ms
Numeric time: 0.548	0.548	0 ms
Symbolic time: 0.729	0.728	0 ms
Numeric time: 0.551	0.55	0 ms
Symbolic time: 0.725	0.725	0 ms
Numeric time: 0.554	0.555	0 ms
Symbolic time: 0.73	0.731	0 ms
Numeric time: 0.553	0.553	0 ms
Symbolic time: 0.731	0.732	0 ms
Numeric time: 0.556	0.556	0 ms
Symbolic time: 0.729	0.729	0 ms
Numeric time: 0.55	0.55	0 ms
Symbolic time: 0.727	0.727	0 ms
Numeric time: 0.552	0.552	0 ms
Symbolic time: 0.727	0.727	0 ms
Numeric time: 0.556	0.556	0 ms
Symbolic time: 0.728	0.728	0 ms
Numeric time: 0.552	0.552	0 ms
Symbolic time: 0.734	0.734	0 ms
Numeric time: 0.551	0.551	0 ms
Symbolic time: 0.724	0.724	0 ms
Numeric time: 0.555	0.554	0 ms
Symbolic time: 0.732	0.731	0 ms
Numeric time: 0.552	0.553	0 ms
Symbolic time: 0.728	0.728	0 ms
Numeric time: 0.551	0.551	0 ms
Symbolic time: 0.725	0.725	0 ms
Numeric time: 0.556	0.557	0 ms
Symbolic time: 0.73	0.731	0 ms
Numeric time: 0.553	0.552	0 ms
Symbolic time: 0.729	0.73	0 ms
Numeric time: 0.556	0.556	0 ms
Symbolic time: 0.724	0.724	0 ms
Numeric time: 0.557	0.557	0 ms
Symbolic time: 0.73	0.73	0 ms
Numeric time: 0.55	0.551	0 ms
Symbolic time: 0.731	0.731	0 ms
Numeric time: 0.553	0	0.554 ms
Symbolic time: 0.734	0.39	0.344 ms
Numeric time: 0.547	0.525	0.022 ms
Symbolic time: 0.731	0.731	0 ms
Numeric time: 0.549	0.537	0.012 ms
Symbolic time: 0.726	0.727	0 ms
Numeric time: 0.556	0.556	0 ms
Symbolic time: 0.728	0.729	0 ms
Numeric time: 0.548	0.548	0 ms
Symbolic time: 0.727	0.726	0 ms
Numeric time: 0.551	0.552	0 ms
Symbolic time: 0.726	0.725	0 ms
Numeric time: 0.557	0.557	0 ms
Symbolic time: 0.731	0.731	0 ms
Numeric time: 0.553	0.553	0 ms
Symbolic time: 0.729	0.728	0 ms
Numeric time: 0.556	0.557	0 ms
Symbolic time: 0.724	0.724	0 ms
Numeric time: 0.556	0.556	0 ms
Symbolic time: 0.733	0.732	0 ms
Numeric time: 0.55	0.55	0 ms
Symbolic time: 0.733	0.733	0 ms
Numeric time: 0.554	0.554	0 ms
Symbolic time: 0.725	0.725	0 ms
Numeric time: 0.557	0.558	0 ms
Symbolic time: 0.73	0.731	0 ms
Numeric time: 0.549	0.549	0 ms
Symbolic time: 0.73	0.73	0 ms
Numeric time: 0.553	0.553	0 ms
Symbolic time: 0.725	0.725	0 ms
Numeric time: 0.547	0	0.546 ms
Symbolic time: 0.73	0.382	0.348 ms
Numeric time: 0.55	0.528	0.022 ms
Symbolic time: 0.729	0.73	0 ms
Numeric time: 0.557	0.557	0 ms
Symbolic time: 0.728	0.728	0 ms
Numeric time: 0.55	0.551	0 ms
Symbolic time: 0.73	0.729	0 ms
Numeric time: 0.552	0.552	0 ms
Symbolic time: 0.725	0.725	0 ms
Numeric time: 0.556	0.556	0 ms
Symbolic time: 0.73	0.73	0 ms
Numeric time: 0.548	0.548	0 ms
Symbolic time: 0.732	0.731	0 ms
Numeric time: 0.555	0.555	0 ms
Symbolic time: 0.726	0.726	0 ms
Numeric time: 0.553	0.553	0 ms
Symbolic time: 0.731	0.731	0 ms
Numeric time: 0.55	0.551	0 ms
Symbolic time: 0.73	0.73	0 ms
Numeric time: 0.551	0.551	0 ms
Symbolic time: 0.725	0.725	0 ms
Numeric time: 0.556	0.556	0 ms
Symbolic time: 0.73	0.73	0 ms
Numeric time: 0.551	0.551	0 ms
Symbolic time: 0.729	0.729	0 ms
Numeric time: 0.558	0.558	0 ms
Symbolic time: 0.725	0.725	0 ms
Numeric time: 0.559	0.559	0 ms
Symbolic time: 0.729	0.729	0 ms
Numeric time: 0.55	0.551	0 ms
Symbolic time: 0.732	0.732	0 ms
Numeric time: 0.552	0.552	0 ms
Symbolic time: 0.732	0.732	0 ms
Numeric time: 0.551	0.551	0 ms
Symbolic time: 0.729	0.729	0 ms
Numeric time: 0.551	0.551	0 ms
Symbolic time: 0.723	0.723	0 ms
Numeric time: 0.557	0.557	0 ms
Symbolic time: 0.731	0.731	0 ms
Numeric time: 0.55	0.55	0 ms
Symbolic time: 0.729	0.729	0 ms
Numeric time: 0.555	0.555	0 ms

Symbolic time: 0.740014 ms
Numeric time: 0.562915 ms
