Symbolic time: 0.754	0.751	0 ms
Numeric time: 0.617	0.571	0.048 ms
Symbolic time: 0.679	0.679	0 ms
Numeric time: 0.532	0	0.532 ms
Symbolic time: 0.679	0.297	0.382 ms
Numeric time: 0.533	0.533	0 ms
Symbolic time: 0.676	0.676	0 ms
Numeric time: 0.529	0.53	0 ms
Symbolic time: 0.68	0.679	0 ms
Numeric time: 0.542	0.541	0 ms
Symbolic time: 0.561	0.561	0 ms
Numeric time: 0.355	0.355	0 ms
Symbolic time: 0.445	0.444	0 ms
Numeric time: 0.35	0.349	0.001 ms
Symbolic time: 0.442	0	0.442 ms
Numeric time: 0.347	0	0.347 ms
Symbolic time: 0.447	0.448	0 ms
Numeric time: 0.347	0.308	0.039 ms
Symbolic time: 0.448	0.448	0 ms
Numeric time: 0.346	0.346	0 ms
Symbolic time: 0.449	0.448	0 ms
Numeric time: 0.352	0.353	0 ms
Symbolic time: 0.444	0.421	0.023 ms
Numeric time: 0.35	0	0.35 ms
Symbolic time: 0.444	0	0.445 ms
Numeric time: 0.355	0.351	0.004 ms
Symbolic time: 0.445	0.378	0.067 ms
Numeric time: 0.353	0.353	0 ms
Symbolic time: 0.441	0.441	0 ms
Numeric time: 0.348	0.316	0.032 ms
Symbolic time: 0.444	0.444	0 ms
Numeric time: 0.35	0.35	0 ms
Symbolic time: 0.45	0.45	0 ms
Numeric time: 0.358	0.357	0 ms
Symbolic time: 0.437	0.437	0 ms
Numeric time: 0.338	0.337	0 ms
Symbolic time: 0.433	0.434	0 ms
Numeric time: 0.34	0.34	0 ms
Symbolic time: 0.433	0.432	0 ms
Numeric time: 0.347	0.347	0 ms
Symbolic time: 0.43	0.43	0 ms
Numeric time: 0.35	0.35	0 ms
Symbolic time: 0.43	0.43	0 ms
Numeric time: 0.338	0.338	0 ms
Symbolic time: 0.433	0.433	0 ms
Numeric time: 0.338	0.339	0 ms
Symbolic time: 0.435	0.435	0 ms
Numeric time: 0.337	0.337	0 ms
Symbolic time: 0.434	0.434	0 ms
Numeric time: 0.339	0.339	0 ms
Symbolic time: 0.434	0.434	0 ms
Numeric time: 0.343	0.342	0 ms
Symbolic time: 0.432	0.432	0 ms
Numeric time: 0.34	0.341	0 ms
Symbolic time: 0.433	0.432	0 ms
Numeric time: 0.346	0.347	0 ms
Symbolic time: 0.433	0.433	0 ms
Numeric time: 0.337	0.337	0 ms
Symbolic time: 0.437	0.436	0 ms
Numeric time: 0.339	0.339	0 ms
Symbolic time: 0.436	0.437	0 ms
Numeric time: 0.35	0.35	0 ms
Symbolic time: 0.433	0.434	0 ms
Numeric time: 0.341	0.341	0 ms
Symbolic time: 0.429	0.429	0 ms
Numeric time: 0.347	0.347	0 ms
Symbolic time: 0.43	0.431	0 ms
Numeric time: 0.343	0.342	0 ms
Symbolic time: 0.429	0.43	0 ms
Numeric time: 0.342	0.342	0 ms
Symbolic time: 0.43	0.43	0 ms
Numeric time: 0.34	0.339	0 ms
Symbolic time: 0.435	0.435	0 ms
Numeric time: 0.34	0.34	0 ms
Symbolic time: 0.437	0.436	0 ms
Numeric time: 0.34	0.34	0 ms
Symbolic time: 0.436	0.435	0 ms
Numeric time: 0.339	0.339	0 ms
Symbolic time: 0.431	0.432	0 ms
Numeric time: 0.346	0.346	0 ms
Symbolic time: 0.434	0.435	0 ms
Numeric time: 0.343	0.343	0 ms
Symbolic time: 0.435	0.435	0 ms
Numeric time: 0.338	0.338	0 ms
Symbolic time: 0.431	0.431	0 ms
Numeric time: 0.339	0.338	0 ms
Symbolic time: 0.434	0.434	0 ms
Numeric time: 0.34	0.34	0 ms
Symbolic time: 0.436	0.436	0 ms
Numeric time: 0.339	0.339	0 ms
Symbolic time: 0.432	0.432	0 ms
Numeric time: 0.338	0.338	0 ms
Symbolic time: 0.431	0.43	0 ms
Numeric time: 0.344	0.345	0 ms
Symbolic time: 0.432	0.432	0 ms
Numeric time: 0.342	0.342	0 ms
Symbolic time: 0.434	0.435	0 ms
Numeric time: 0.339	0.339	0 ms
Symbolic time: 0.433	0.433	0 ms
Numeric time: 0.339	0.339	0 ms
Symbolic time: 0.436	0.437	0 ms
Numeric time: 0.337	0.338	0 ms
Symbolic time: 0.438	0.438	0 ms
Numeric time: 0.339	0.339	0 ms
Symbolic time: 0.431	0.431	0 ms
Numeric time: 0.343	0.344	0 ms
Symbolic time: 0.432	0.432	0 ms
Numeric time: 0.348	0.348	0 ms
Symbolic time: 0.44	0.44	0 ms
Numeric time: 0.361	0.362	0 ms
Symbolic time: 0.43	0.43	0 ms
Numeric time: 0.341	0.341	0 ms
Symbolic time: 0.43	0.431	0 ms
Numeric time: 0.34	0.34	0 ms
Symbolic time: 0.434	0.433	0 ms
Numeric time: 0.338	0.338	0 ms
Symbolic time: 0.434	0.434	0 ms
Numeric time: 0.339	0.34	0 ms
Symbolic time: 0.431	0.432	0 ms
Numeric time: 1.012	1.006	0 ms
Symbolic time: 1.33	1.33	0 ms
Numeric time: 1.158	1.159	0 ms
Symbolic time: 1.347	1.346	0 ms
Numeric time: 1.142	1.143	0 ms
Symbolic time: 1.348	1.348	0 ms
Numeric time: 1.126	1.125	0 ms
Symbolic time: 1.33	1.331	0 ms
Numeric time: 1.144	0.231	0.913 ms
Symbolic time: 1.342	1.317	0.024 ms
Numeric time: 0.836	0.835	0 ms
Symbolic time: 0.844	0.843	0 ms
Numeric time: 0.717	0.717	0 ms
Symbolic time: 0.842	0.842	0 ms
Numeric time: 0.712	0.713	0 ms
Symbolic time: 0.846	0.846	0 ms
Numeric time: 0.711	0.705	0.005 ms
Symbolic time: 0.838	0.837	0.001 ms
Numeric time: 0.717	0.717	0 ms
Symbolic time: 0.847	0.847	0 ms
Numeric time: 0.718	0	0.717 ms
Symbolic time: 0.639	0.576	0.064 ms
Numeric time: 0.483	0.449	0.035 ms
Symbolic time: 0.574	0.574	0 ms
Numeric time: 0.482	0.477	0.005 ms
Symbolic time: 0.574	0.574	0 ms
Numeric time: 0.487	0.487	0 ms
Symbolic time: 0.571	0.571	0 ms
Numeric time: 0.489	0.489	0 ms
Symbolic time: 0.568	0.568	0 ms
Numeric time: 0.49	0.489	0 ms
Symbolic time: 0.577	0.576	0 ms
Numeric time: 0.48	0.481	0 ms
Symbolic time: 0.573	0.573	0 ms
Numeric time: 0.481	0.481	0 ms
Symbolic time: 0.571	0.572	0 ms
Numeric time: 0.485	0.485	0 ms
Symbolic time: 0.569	0.569	0 ms
Numeric time: 0.475	0.476	0 ms
Symbolic time: 0.443	0.443	0 ms
Numeric time: 0.381	0.383	0 ms
Symbolic time: 0.444	0.445	0 ms
Numeric time: 0.383	0.384	0 ms
Symbolic time: 0.443	0.443	0 ms
Numeric time: 0.375	0.376	0 ms
Symbolic time: 0.442	0.442	0 ms
Numeric time: 0.374	0.375	0 ms
Symbolic time: 0.449	0.449	0 ms
Numeric time: 0.375	0.375	0 ms
Symbolic time: 0.449	0.45	0 ms
Numeric time: 0.377	0.376	0 ms
Symbolic time: 0.445	0.445	0 ms
Numeric time: 0.378	0.377	0 ms
Symbolic time: 0.448	0.449	0 ms
Numeric time: 0.375	0.376	0 ms
Symbolic time: 0.445	0.446	0 ms
Numeric time: 0.376	0.376	0 ms
Symbolic time: 0.45	0.45	0 ms
Numeric time: 0.376	0.376	0 ms
Symbolic time: 0.448	0.447	0 ms
Numeric time: 0.375	0.376	0 ms
Symbolic time: 0.443	0.443	0 ms
Numeric time: 0.383	0.383	0 ms
Symbolic time: 0.442	0.442	0 ms
Numeric time: 0.384	0.384	0 ms
Symbolic time: 0.44	0.439	0 ms
Numeric time: 0.381	0.382	0 ms
Symbolic time: 0.444	0.444	0 ms
Numeric time: 0.384	0.384	0 ms
Symbolic time: 0.444	0.443	0 ms
Numeric time: 0.38	0.38	0 ms
Symbolic time: 0.441	0.44	0 ms
Numeric time: 0.378	0.378	0 ms
Symbolic time: 0.442	0.442	0 ms
Numeric time: 0.378	0.379	0 ms
Symbolic time: 0.443	0.442	0 ms
Numeric time: 0.376	0.376	0 ms
Symbolic time: 0.44	0	0.44 ms
Numeric time: 0.375	0	0.375 ms
Symbolic time: 0.447	0.446	0 ms
Numeric time: 0.374	0.374	0 ms
Symbolic time: 0.448	0.448	0 ms
Numeric time: 0.374	0.373	0 ms
Symbolic time: 0.446	0.446	0 ms
Numeric time: 0.378	0.378	0 ms
Symbolic time: 0.446	0.446	0 ms
Numeric time: 0.374	0.374	0 ms
Symbolic time: 0.446	0.446	0 ms
Numeric time: 0.376	0.375	0 ms
Symbolic time: 0.447	0.447	0 ms
Numeric time: 0.38	0.38	0 ms
Symbolic time: 0.445	0.445	0 ms
Numeric time: 0.383	0.383	0 ms
Symbolic time: 0.439	0.439	0 ms
Numeric time: 0.381	0.382	0 ms
Symbolic time: 0.444	0.444	0 ms
Numeric time: 0.382	0.383	0 ms
Symbolic time: 0.443	0.443	0 ms
Numeric time: 0.379	0.379	0 ms
Symbolic time: 0.441	0.441	0 ms
Numeric time: 0.38	0.38	0 ms
Symbolic time: 0.446	0.446	0 ms
Numeric time: 0.375	0.374	0.001 ms
Symbolic time: 0.442	0.442	0 ms
Numeric time: 0.374	0.375	0 ms
Symbolic time: 0.448	0.447	0 ms
Numeric time: 0.378	0.378	0 ms
Symbolic time: 0.45	0.45	0 ms
Numeric time: 0.375	0.376	0 ms
Symbolic time: 0.448	0.448	0 ms
Numeric time: 0.376	0.375	0 ms
Symbolic time: 0.449	0.449	0 ms
Numeric time: 0.375	0.374	0 ms
Symbolic time: 0.445	0.445	0 ms
Numeric time: 0.377	0.376	0 ms
Symbolic time: 0.447	0.447	0 ms
Numeric time: 0.377	0.378	0 ms
Symbolic time: 0.45	0.45	0 ms
Numeric time: 0.375	0.375	0 ms
Symbolic time: 0.44	0.441	0 ms
Numeric time: 0.382	0.383	0 ms
Symbolic time: 0.443	0.443	0 ms
Numeric time: 0.382	0	0.382 ms
Symbolic time: 0.441	0	0.441 ms
Numeric time: 0.377	0.354	0.024 ms
Symbolic time: 0.441	0.414	0.027 ms
Numeric time: 0.38	0.38	0 ms
Symbolic time: 0.443	0.442	0 ms
Numeric time: 0.38	0.38	0 ms
Symbolic time: 0.439	0.438	0 ms
Numeric time: 0.375	0.362	0.014 ms
Symbolic time: 0.443	0.443	0 ms
Numeric time: 0.374	0.375	0 ms
Symbolic time: 0.453	0.452	0 ms
Numeric time: 0.375	0.374	0 ms
Symbolic time: 0.446	0.446	0 ms
Numeric time: 0.38	0.379	0 ms
Symbolic time: 0.448	0.448	0 ms
Numeric time: 0.374	0.374	0 ms
Symbolic time: 0.448	0.448	0 ms
Numeric time: 0.374	0.373	0 ms
Symbolic time: 0.449	0.449	0 ms
Numeric time: 0.376	0.377	0 ms
Symbolic time: 0.448	0.448	0 ms
Numeric time: 0.375	0.375	0 ms
Symbolic time: 0.446	0.447	0 ms
Numeric time: 0.374	0.375	0 ms
Symbolic time: 0.44	0.44	0 ms
Numeric time: 0.38	0.379	0 ms
Symbolic time: 0.446	0.445	0 ms
Numeric time: 0.38	0.38	0 ms
Symbolic time: 0.442	0.441	0 ms
Numeric time: 0.381	0.381	0 ms
Symbolic time: 0.442	0.443	0 ms
Numeric time: 0.383	0.383	0 ms
Symbolic time: 0.442	0.443	0 ms
Numeric time: 0.379	0.378	0 ms
Symbolic time: 0.442	0.443	0 ms
Numeric time: 0.374	0.374	0 ms
Symbolic time: 0.445	0.444	0 ms
Numeric time: 0.375	0.375	0 ms
Symbolic time: 0.45	0.449	0 ms
Numeric time: 0.374	0.375	0 ms
Symbolic time: 0.45	0.45	0 ms
Numeric time: 0.379	0.379	0 ms
Symbolic time: 0.448	0.448	0 ms
Numeric time: 0.377	0.376	0 ms
Symbolic time: 0.448	0.447	0 ms
Numeric time: 0.373	0.374	0 ms
Symbolic time: 0.45	0.451	0 ms
Numeric time: 0.378	0.379	0 ms
Symbolic time: 0.448	0.449	0 ms
Numeric time: 0.375	0.375	0 ms
Symbolic time: 0.449	0.449	0 ms
Numeric time: 0.376	0.375	0 ms
Symbolic time: 0.442	0.441	0 ms
Numeric time: 0.379	0.379	0 ms
Symbolic time: 0.443	0.443	0 ms
Numeric time: 0.378	0.378	0 ms
Symbolic time: 0.442	0.441	0 ms
Numeric time: 0.38	0	0.379 ms
Symbolic time: 0.444	0	0.444 ms
Numeric time: 0.378	0.356	0.022 ms
Symbolic time: 0.443	0.418	0.026 ms
Numeric time: 0.378	0.379	0 ms
Symbolic time: 0.444	0.444	0 ms
Numeric time: 0.376	0.36	0.017 ms
Symbolic time: 0.447	0.446	0 ms
Numeric time: 0.376	0.375	0 ms
Symbolic time: 0.445	0.445	0 ms
Numeric time: 0.377	0.377	0 ms
Symbolic time: 0.445	0.445	0 ms
Numeric time: 0.378	0.378	0 ms
Symbolic time: 0.451	0.451	0 ms
Numeric time: 0.375	0.375	0 ms
Symbolic time: 0.444	0.444	0 ms
Numeric time: 0.374	0.374	0 ms
Symbolic time: 0.446	0.446	0 ms
Numeric time: 0.375	0.375	0 ms
Symbolic time: 0.449	0.449	0 ms
Numeric time: 0.375	0.375	0 ms
Symbolic time: 0.441	0.441	0 ms
Numeric time: 1.093	0.142	0.948 ms
Symbolic time: 1.309	1.29	0.019 ms
Numeric time: 1.036	1.034	0.002 ms
Symbolic time: 1.315	1.315	0 ms
Numeric time: 1.027	1.027	0 ms
Symbolic time: 1.294	1.294	0 ms
Numeric time: 1.023	1.023	0 ms
Symbolic time: 1.32	1.321	0 ms
Numeric time: 1.021	1.021	0 ms
Symbolic time: 1.301	1.3	0 ms
Numeric time: 1.037	1.037	0 ms
Symbolic time: 1.156	1.156	0 ms
Numeric time: 0.642	0.642	0 ms
Symbolic time: 0.82	0	0.82 ms
Numeric time: 0.644	0.634	0.011 ms
Symbolic time: 0.822	0.822	0 ms
Numeric time: 0.649	0.649	0 ms
Symbolic time: 0.822	0.823	0 ms
Numeric time: 0.644	0.639	0.005 ms
Symbolic time: 0.824	0.824	0 ms
Numeric time: 0.646	0.646	0 ms
Symbolic time: 0.818	0.818	0 ms
Numeric time: 0.638	0.633	0.005 ms
Symbolic time: 0.821	0.82	0 ms
Numeric time: 0.559	0.559	0 ms
Symbolic time: 0.56	0.56	0 ms
Numeric time: 0.437	0.437	0 ms
Symbolic time: 0.556	0.556	0 ms
Numeric time: 0.437	0.437	0 ms
Symbolic time: 0.559	0.559	0 ms
Numeric time: 0.437	0.437	0 ms
Symbolic time: 0.557	0.557	0 ms
Numeric time: 0.438	0.438	0 ms
Symbolic time: 0.562	0.562	0 ms
Numeric time: 0.436	0.436	0 ms
Symbolic time: 0.556	0.557	0 ms
Numeric time: 0.437	0.436	0 ms
Symbolic time: 0.557	0.556	0 ms
Numeric time: 0.441	0.442	0 ms
Symbolic time: 0.553	0.554	0 ms
Numeric time: 0.437	0.437	0 ms
Symbolic time: 0.556	0.555	0 ms
Numeric time: 0.395	0.395	0 ms
Symbolic time: 0.432	0.432	0 ms
Numeric time: 0.34	0.34	0 ms
Symbolic time: 0.432	0.433	0 ms
Numeric time: 0.337	0.338	0 ms
Symbolic time: 0.441	0.441	0 ms
Numeric time: 0.339	0.339	0 ms
Symbolic time: 0.435	0.435	0 ms
Numeric time: 0.339	0.339	0 ms
Symbolic time: 0.431	0.431	0 ms
Numeric time: 0.338	0.338	0 ms
Symbolic time: 0.433	0.434	0 ms
Numeric time: 0.348	0.348	0 ms
Symbolic time: 0.429	0.429	0 ms
Numeric time: 0.344	0.345	0 ms
Symbolic time: 0.434	0.434	0 ms
Numeric time: 0.336	0.336	0 ms
Symbolic time: 0.43	0.43	0 ms
Numeric time: 0.337	0.338	0 ms
Symbolic time: 0.437	0.437	0 ms
Numeric time: 0.34	0.34	0 ms
Symbolic time: 0.433	0.433	0 ms
Numeric time: 0.338	0.338	0 ms
Symbolic time: 0.434	0.434	0 ms
Numeric time: 0.338	0.338	0 ms
Symbolic time: 0.431	0.431	0 ms
Numeric time: 0.346	0.346	0 ms
Symbolic time: 0.432	0.432	0 ms
Numeric time: 0.346	0.346	0 ms
Symbolic time: 0.429	0.429	0 ms
Numeric time: 0.34	0.34	0 ms
Symbolic time: 0.433	0.433	0 ms
Numeric time: 0.339	0.339	0 ms
Symbolic time: 0.436	0.436	0 ms
Numeric time: 0.341	0.341	0 ms
Symbolic time: 0.437	0.438	0 ms
Numeric time: 0.34	0.339	0 ms
Symbolic time: 0.434	0.435	0 ms
Numeric time: 0.341	0.341	0 ms
Symbolic time: 0.432	0.432	0 ms
Numeric time: 0.344	0.343	0 ms
Symbolic time: 0.432	0.432	0 ms
Numeric time: 0.345	0.345	0 ms
Symbolic time: 0.429	0.429	0 ms
Numeric time: 0.341	0.341	0 ms
Symbolic time: 0.437	0.438	0 ms
Numeric time: 0.342	0.341	0 ms
Symbolic time: 0.434	0.435	0 ms
Numeric time: 0.338	0.338	0 ms
Symbolic time: 0.434	0.435	0 ms
Numeric time: 0.338	0.339	0 ms
Symbolic time: 0.43	0.431	0 ms
Numeric time: 0.344	0.344	0 ms
Symbolic time: 0.43	0.429	0 ms
Numeric time: 0.345	0.345	0 ms
Symbolic time: 0.434	0.434	0 ms
Numeric time: 0.339	0.339	0 ms
Symbolic time: 0.429	0.429	0 ms
Numeric time: 0.34	0.34	0 ms
Symbolic time: 0.437	0.437	0 ms
Numeric time: 0.339	0.339	0 ms
Symbolic time: 0.434	0.434	0 ms
Numeric time: 0.341	0.341	0 ms
Symbolic time: 0.435	0.436	0 ms
Numeric time: 0.339	0.338	0 ms
Symbolic time: 0.43	0.43	0 ms
Numeric time: 0.341	0.342	0 ms
Symbolic time: 0.432	0.433	0 ms
Numeric time: 0.344	0.344	0 ms
Symbolic time: 0.432	0.432	0 ms
Numeric time: 0.337	0.337	0 ms
Symbolic time: 0.441	0.441	0 ms
Numeric time: 0.338	0.339	0 ms
Symbolic time: 0.435	0.435	0 ms
Numeric time: 0.337	0.338	0 ms
Symbolic time: 0.436	0.437	0 ms
Numeric time: 0.336	0.336	0 ms
Symbolic time: 0.432	0.431	0 ms
Numeric time: 0.342	0.343	0 ms
Symbolic time: 0.432	0.432	0 ms
Numeric time: 0.341	0.342	0 ms
Symbolic time: 0.431	0.433	0 ms
Numeric time: 0.339	0.338	0 ms
Symbolic time: 0.432	0.433	0 ms
Numeric time: 0.342	0.341	0 ms
Symbolic time: 0.438	0.438	0 ms
Numeric time: 0.337	0.337	0 ms
Symbolic time: 0.434	0.434	0 ms
Numeric time: 0.34	0.34	0 ms
Symbolic time: 0.435	0.435	0 ms
Numeric time: 0.341	0.341	0 ms
Symbolic time: 0.431	0.431	0 ms
Numeric time: 0.341	0.341	0 ms
Symbolic time: 0.431	0.432	0 ms
Numeric time: 0.345	0.346	0 ms
Symbolic time: 0.431	0.431	0 ms
Numeric time: 0.339	0.34	0 ms
Symbolic time: 0.437	0.437	0 ms
Numeric time: 0.339	0.339	0 ms
Symbolic time: 0.434	0.434	0 ms
Numeric time: 0.34	0.34	0 ms
Symbolic time: 0.436	0.436	0 ms
Numeric time: 0.339	0.338	0 ms
Symbolic time: 0.429	0.428	0 ms
Numeric time: 0.34	0.34	0 ms
Symbolic time: 0.431	0.432	0 ms
Numeric time: 0.348	0.348	0 ms
Symbolic time: 0.431	0.431	0 ms
Numeric time: 0.341	0.342	0 ms
Symbolic time: 0.43	0.429	0 ms
Numeric time: 0.338	0.338	0 ms
Symbolic time: 0.431	0.432	0 ms
Numeric time: 0.337	0.338	0 ms
Symbolic time: 0.435	0.436	0 ms
Numeric time: 0.339	0.339	0 ms
Symbolic time: 0.438	0.437	0 ms
Numeric time: 0.338	0.338	0 ms
Symbolic time: 0.431	0.431	0 ms
Numeric time: 0.345	0.345	0 ms
Symbolic time: 0.431	0.43	0 ms
Numeric time: 0.341	0.341	0 ms
Symbolic time: 0.429	0.429	0 ms
Numeric time: 0.338	0.338	0 ms
Symbolic time: 0.433	0	0.433 ms
Numeric time: 0.341	0	0.341 ms
Symbolic time: 0.435	0.385	0.05 ms
Numeric time: 0.34	0.323	0.017 ms
Symbolic time: 0.436	0.436	0 ms
Numeric time: 0.338	0.338	0 ms
Symbolic time: 0.432	0.418	0.013 ms
Numeric time: 0.344	0	0.343 ms
Symbolic time: 0.428	0	0.428 ms
Numeric time: 0.345	0.23	0.115 ms
Symbolic time: 0.431	0.408	0.022 ms
Numeric time: 0.344	0.343	0 ms
Symbolic time: 0.43	0.43	0 ms
Numeric time: 0.339	0.33	0.01 ms
Symbolic time: 0.438	0.438	0 ms
Numeric time: 0.339	0.339	0 ms
Symbolic time: 0.44	0.441	0 ms
Numeric time: 0.339	0.339	0 ms
Symbolic time: 0.436	0.436	0 ms
Numeric time: 0.34	0.34	0 ms
Symbolic time: 0.427	0.427	0 ms
Numeric time: 0.344	0.345	0 ms
Symbolic time: 0.431	0.431	0 ms
Numeric time: 0.344	0.344	0 ms
Symbolic time: 0.431	0.43	0 ms
Numeric time: 0.337	0.335	0.001 ms
Symbolic time: 0.432	0.431	0 ms
Numeric time: 0.339	0.338	0 ms
Symbolic time: 0.434	0.433	0 ms
Numeric time: 0.34	0.34	0 ms
Symbolic time: 0.436	0.436	0 ms
Numeric time: 0.339	0.339	0 ms
Symbolic time: 0.433	0.434	0 ms
Numeric time: 0.339	0.34	0 ms
Symbolic time: 0.429	0.43	0 ms
Numeric time: 0.34	0.34	0 ms
Symbolic time: 0.429	0.43	0 ms
Numeric time: 0.344	0.345	0 ms
Symbolic time: 0.431	0.431	0 ms
Numeric time: 0.337	0.337	0 ms
Symbolic time: 0.431	0.432	0 ms
Numeric time: 0.34	0.341	0 ms
Symbolic time: 0.434	0.433	0 ms
Numeric time: 0.341	0.34	0 ms
Symbolic time: 0.434	0.434	0 ms
Numeric time: 0.339	0.339	0 ms
Symbolic time: 0.43	0.431	0 ms
Numeric time: 0.344	0.345	0 ms
Symbolic time: 0.433	0.432	0 ms
Numeric time: 0.343	0.344	0 ms
Symbolic time: 0.43	0.431	0 ms
Numeric time: 0.338	0.338	0.001 ms
Symbolic time: 0.431	0	0.43 ms
Numeric time: 0.338	0	0.338 ms
Symbolic time: 0.437	0.379	0.058 ms
Numeric time: 0.339	0.321	0.017 ms
Symbolic time: 0.435	0.434	0 ms
Numeric time: 0.338	0.339	0 ms
Symbolic time: 0.432	0.432	0 ms
Numeric time: 0.335	0.335	0 ms
Symbolic time: 0.432	0.425	0.006 ms
Numeric time: 0.347	0.346	0 ms
Symbolic time: 0.429	0.428	0 ms
Numeric time: 0.344	0.343	0 ms
Symbolic time: 0.432	0.432	0 ms
Numeric time: 0.339	0.337	0.002 ms
Symbolic time: 0.432	0.432	0 ms
Numeric time: 0.338	0.338	0 ms
Symbolic time: 0.432	0.432	0 ms
Numeric time: 0.337	0.338	0 ms
Symbolic time: 0.437	0.437	0 ms
Numeric time: 0.34	0.339	0 ms
Symbolic time: 0.429	0.428	0 ms
Numeric time: 0.346	0.345	0 ms
Symbolic time: 0.431	0.431	0 ms
Numeric time: 0.347	0.347	0 ms
Symbolic time: 0.429	0.43	0 ms
Numeric time: 0.341	0	0.341 ms
Symbolic time: 0.429	0	0.429 ms
Numeric time: 0.339	0.191	0.149 ms
Symbolic time: 0.439	0.439	0 ms
Numeric time: 0.337	0.338	0 ms
Symbolic time: 0.436	0.437	0 ms
Numeric time: 0.338	0.339	0 ms
Symbolic time: 0.434	0.435	0 ms
Numeric time: 0.34	0.34	0 ms
Symbolic time: 0.429	0.429	0 ms
Numeric time: 0.34	0.341	0 ms
Symbolic time: 0.43	0.431	0 ms
Numeric time: 0.343	0.343	0 ms
Symbolic time: 0.43	0.43	0 ms
Numeric time: 0.336	0.335	0.001 ms
Symbolic time: 0.437	0.437	0 ms
Numeric time: 0.339	0.339	0 ms
Symbolic time: 0.435	0.434	0 ms
Numeric time: 0.339	0.339	0 ms
Symbolic time: 0.436	0.435	0 ms
Numeric time: 0.339	0.339	0 ms
Symbolic time: 0.431	0.431	0 ms
Numeric time: 0.342	0.342	0 ms
Symbolic time: 0.431	0.431	0 ms
Numeric time: 0.344	0.345	0 ms
Symbolic time: 0.432	0.432	0 ms
Numeric time: 0.345	0.347	0 ms
Symbolic time: 0.432	0.432	0 ms
Numeric time: 0.337	0.337	0 ms
Symbolic time: 0.435	0.435	0 ms
Numeric time: 0.339	0.339	0 ms
Symbolic time: 0.436	0.436	0 ms
Numeric time: 0.338	0.338	0 ms
Symbolic time: 0.433	0.434	0 ms
Numeric time: 0.336	0.336	0 ms
Symbolic time: 0.431	0.432	0 ms
Numeric time: 0.341	0.342	0 ms
Symbolic time: 0.432	0.432	0 ms
Numeric time: 0.342	0	0.343 ms
Symbolic time: 0.43	0	0.43 ms
Numeric time: 0.341	0.189	0.151 ms
Symbolic time: 0.429	0.429	0 ms
Numeric time: 0.339	0.338	0 ms
Symbolic time: 0.438	0.438	0 ms
Numeric time: 0.34	0.34	0 ms
Symbolic time: 0.436	0.436	0 ms
Numeric time: 0.337	0.336	0 ms
Symbolic time: 0.432	0.429	0.002 ms
Numeric time: 0.338	0	0.339 ms
Symbolic time: 0.432	0	0.433 ms
Numeric time: 0.346	0.25	0.095 ms
Symbolic time: 0.431	0.407	0.024 ms
Numeric time: 0.35	0.35	0 ms
Symbolic time: 0.43	0.43	0 ms
Numeric time: 0.338	0.328	0.011 ms
Symbolic time: 0.433	0.433	0 ms
Numeric time: 0.34	0.34	0 ms
Symbolic time: 0.46	0.461	0 ms
Numeric time: 0.494	0.495	0 ms
Symbolic time: 0.642	0.511	0 ms
Numeric time: 0.355	0.355	0 ms
Symbolic time: 0.442	0.442	0 ms
Numeric time: 0.343	0.344	0 ms
Symbolic time: 0.436	0.436	0 ms
Numeric time: 0.339	0.338	0 ms
Symbolic time: 0.438	0.438	0 ms
Numeric time: 0.34	0.34	0 ms
Symbolic time: 0.442	0.442	0 ms
Numeric time: 0.437	0	0.438 ms
Symbolic time: 0.536	0.14	0.396 ms
Numeric time: 0.413	0.39	0.023 ms
Symbolic time: 0.493	0.493	0 ms
Numeric time: 0.409	0.409	0 ms
Symbolic time: 0.49	0.491	0 ms
Numeric time: 0.409	0.409	0 ms
Symbolic time: 0.492	0.492	0 ms
Numeric time: 0.411	0.411	0 ms
Symbolic time: 0.489	0.49	0 ms
Numeric time: 0.409	0.409	0 ms
Symbolic time: 0.49	0.489	0 ms
Numeric time: 0.417	0.416	0 ms
Symbolic time: 0.485	0.486	0 ms
Numeric time: 0.407	0.407	0 ms
Symbolic time: 0.504	0.504	0 ms
Numeric time: 0.362	0.362	0 ms
Symbolic time: 0.509	0.508	0 ms
Numeric time: 0.419	0.42	0 ms
Symbolic time: 0.494	0.493	0 ms
Numeric time: 0.348	0.348	0 ms
Symbolic time: 0.432	0.413	0.018 ms
Numeric time: 0.345	0.345	0 ms
Symbolic time: 0.428	0.428	0 ms
Numeric time: 0.345	0.344	0 ms
Symbolic time: 0.431	0.43	0 ms
Numeric time: 0.34	0.337	0.002 ms
Symbolic time: 0.434	0.435	0 ms
Numeric time: 0.338	0.338	0 ms
Symbolic time: 0.435	0.435	0 ms
Numeric time: 0.341	0.341	0 ms
Symbolic time: 0.447	0.447	0 ms
Numeric time: 0.34	0.34	0 ms
Symbolic time: 0.437	0.436	0 ms
Numeric time: 0.337	0.338	0 ms
Symbolic time: 0.429	0.43	0 ms
Numeric time: 0.347	0.347	0 ms
Symbolic time: 0.436	0.436	0 ms
Numeric time: 0.347	0.348	0 ms
Symbolic time: 0.432	0.431	0 ms
Numeric time: 0.337	0.337	0 ms
Symbolic time: 0.442	0.442	0 ms
Numeric time: 0.34	0.34	0 ms
Symbolic time: 0.437	0.437	0 ms
Numeric time: 0.339	0.34	0 ms
Symbolic time: 0.436	0.435	0 ms
Numeric time: 0.34	0.34	0 ms
Symbolic time: 0.43	0.429	0 ms
Numeric time: 0.347	0.347	0 ms
Symbolic time: 0.429	0.429	0 ms
Numeric time: 0.348	0.347	0 ms
Symbolic time: 0.431	0.431	0 ms
Numeric time: 0.346	0.345	0 ms
Symbolic time: 0.43	0.429	0 ms
Numeric time: 0.34	0.34	0 ms
Symbolic time: 0.434	0.434	0 ms
Numeric time: 0.344	0.344	0 ms
Symbolic time: 0.437	0.436	0 ms
Numeric time: 0.34	0.339	0 ms
Symbolic time: 0.438	0.438	0 ms
Numeric time: 0.344	0.344	0 ms
Symbolic time: 0.432	0.431	0 ms
Numeric time: 0.345	0.345	0 ms
Symbolic time: 0.432	0.431	0 ms
Numeric time: 0.348	0.349	0 ms
Symbolic time: 0.438	0.438	0 ms
Numeric time: 0.425	0.426	0 ms
Symbolic time: 0.433	0.434	0 ms
Numeric time: 0.341	0.342	0 ms
Symbolic time: 0.431	0.432	0 ms
Numeric time: 0.341	0.341	0 ms
Symbolic time: 0.433	0.434	0 ms
Numeric time: 0.337	0.337	0 ms
Symbolic time: 0.435	0.434	0 ms
Numeric time: 0.34	0.341	0 ms
Symbolic time: 0.436	0.436	0 ms
Numeric time: 0.34	0.34	0 ms
Symbolic time: 0.431	0.43	0 ms
Numeric time: 0.344	0.344	0 ms
Symbolic time: 0.428	0.429	0 ms
Numeric time: 0.342	0.342	0 ms
Symbolic time: 0.43	0.431	0 ms
Numeric time: 0.337	0.338	0 ms
Symbolic time: 0.436	0.436	0 ms
Numeric time: 0.341	0.341	0 ms
Symbolic time: 0.433	0.434	0 ms
Numeric time: 0.338	0.339	0 ms
Symbolic time: 0.436	0.436	0 ms
Numeric time: 0.338	0.339	0 ms
Symbolic time: 0.43	0.429	0 ms
Numeric time: 0.342	0.342	0 ms
Symbolic time: 0.43	0.43	0 ms
Numeric time: 0.341	0.342	0 ms
Symbolic time: 0.43	0.43	0 ms
Numeric time: 0.34	0.34	0 ms
Symbolic time: 0.432	0	0.433 ms
Numeric time: 0.338	0	0.339 ms
Symbolic time: 0.436	0.386	0.051 ms
Numeric time: 0.34	0.321	0.018 ms
Symbolic time: 0.433	0.434	0 ms
Numeric time: 0.338	0.338	0 ms
Symbolic time: 0.434	0.434	0 ms
Numeric time: 0.339	0.34	0 ms
Symbolic time: 0.43	0.423	0.007 ms
Numeric time: 0.34	0.34	0 ms
Symbolic time: 0.43	0.43	0 ms
Numeric time: 0.345	0.346	0 ms
Symbolic time: 0.433	0.432	0 ms
Numeric time: 0.34	0.337	0.002 ms
Symbolic time: 0.429	0	0.429 ms
Numeric time: 0.337	0	0.337 ms
Symbolic time: 0.435	0.381	0.054 ms
Numeric time: 0.337	0.319	0.019 ms
Symbolic time: 0.431	0.431	0 ms
Numeric time: 0.341	0.341	0 ms
Symbolic time: 0.433	0.417	0.016 ms
Numeric time: 0.34	0.34	0 ms
Symbolic time: 0.433	0.434	0 ms
Numeric time: 0.344	0.343	0 ms
Symbolic time: 0.43	0.429	0 ms
Numeric time: 0.344	0	0.344 ms
Symbolic time: 0.432	0	0.431 ms
Numeric time: 0.339	0.196	0.144 ms
Symbolic time: 0.438	0.437	0 ms
Numeric time: 0.343	0.342	0 ms
Symbolic time: 0.435	0.434	0 ms
Numeric time: 0.339	0.339	0 ms
Symbolic time: 0.435	0.436	0 ms
Numeric time: 0.337	0.337	0 ms
Symbolic time: 0.429	0.429	0 ms
Numeric time: 0.345	0.345	0 ms
Symbolic time: 0.43	0.429	0 ms
Numeric time: 0.344	0.344	0 ms
Symbolic time: 0.434	0.434	0 ms
Numeric time: 0.339	0.337	0.002 ms
Symbolic time: 0.431	0.431	0 ms
Numeric time: 0.338	0.338	0 ms
Symbolic time: 0.434	0.434	0 ms
Numeric time: 0.339	0.339	0 ms
Symbolic time: 0.437	0.436	0 ms
Numeric time: 0.34	0.34	0 ms
Symbolic time: 0.435	0.435	0 ms
Numeric time: 0.34	0.34	0 ms
Symbolic time: 0.431	0.431	0 ms
Numeric time: 0.345	0.346	0 ms
Symbolic time: 0.434	0.434	0 ms
Numeric time: 0.342	0.342	0 ms
Symbolic time: 0.429	0.429	0 ms
Numeric time: 0.336	0.336	0 ms
Symbolic time: 0.431	0.432	0 ms
Numeric time: 0.342	0.342	0 ms
Symbolic time: 0.436	0.435	0 ms
Numeric time: 0.341	0.34	0 ms
Symbolic time: 0.433	0.433	0 ms
Numeric time: 0.339	0.339	0 ms
Symbolic time: 0.432	0.433	0 ms
Numeric time: 0.343	0	0.343 ms
Symbolic time: 0.433	0	0.432 ms
Numeric time: 0.344	0.246	0.098 ms
Symbolic time: 0.432	0.408	0.025 ms
Numeric time: 0.342	0.342	0 ms
Symbolic time: 0.433	0.434	0 ms
Numeric time: 0.34	0.329	0.01 ms
Symbolic time: 0.433	0.434	0 ms
Numeric time: 0.337	0.338	0 ms
Symbolic time: 0.436	0.436	0 ms
Numeric time: 0.339	0.339	0 ms
Symbolic time: 0.435	0.434	0 ms
Numeric time: 0.339	0.339	0 ms
Symbolic time: 0.429	0.428	0 ms
Numeric time: 0.34	0.34	0 ms
Symbolic time: 0.433	0.432	0 ms
Numeric time: 0.347	0.347	0 ms
Symbolic time: 0.433	0.432	0 ms
Numeric time: 0.339	0.338	0.001 ms
Symbolic time: 0.428	0.428	0 ms
Numeric time: 0.341	0.341	0 ms
Symbolic time: 0.435	0.434	0 ms
Numeric time: 0.342	0.342	0 ms
Symbolic time: 0.434	0.433	0 ms
Numeric time: 0.337	0.338	0 ms
Symbolic time: 0.439	0.439	0 ms
Numeric time: 0.338	0.338	0 ms
Symbolic time: 0.429	0.428	0 ms
Numeric time: 0.339	0.34	0 ms
Symbolic time: 0.432	0.431	0 ms
Numeric time: 0.343	0.343	0 ms
Symbolic time: 0.435	0.434	0 ms
Numeric time: 0.338	0.337	0 ms
Symbolic time: 0.437	0.437	0 ms
Numeric time: 0.34	0.339	0 ms
Symbolic time: 0.435	0.436	0 ms
Numeric time: 0.337	0.338	0 ms
Symbolic time: 0.437	0.437	0 ms
Numeric time: 0.338	0.339	0 ms
Symbolic time: 0.43	0.43	0 ms
Numeric time: 0.342	0.343	0 ms
Symbolic time: 0.428	0.428	0 ms
Numeric time: 0.343	0.342	0 ms
Symbolic time: 0.43	0.43	0 ms
Numeric time: 0.34	0.339	0 ms
Symbolic time: 0.433	0.432	0 ms
Numeric time: 0.338	0.337	0 ms
Symbolic time: 0.435	0.434	0 ms
Numeric time: 0.34	0.341	0 ms
Symbolic time: 0.435	0.435	0 ms
Numeric time: 0.341	0.341	0 ms
Symbolic time: 0.438	0.437	0 ms
Numeric time: 0.339	0.34	0 ms
Symbolic time: 0.432	0.432	0 ms
Numeric time: 0.345	0.345	0 ms
Symbolic time: 0.433	0.434	0 ms
Numeric time: 0.343	0.342	0 ms
Symbolic time: 0.431	0.431	0 ms
Numeric time: 0.34	0.34	0 ms
Symbolic time: 0.429	0.429	0 ms
Numeric time: 0.337	0.337	0 ms
Symbolic time: 0.435	0.435	0 ms
Numeric time: 0.337	0.337	0 ms
Symbolic time: 0.436	0.437	0 ms
Numeric time: 0.341	0.34	0 ms
Symbolic time: 0.43	0.43	0.001 ms
Numeric time: 0.339	0	0.339 ms
Symbolic time: 0.433	0	0.433 ms
Numeric time: 0.341	0.245	0.096 ms
Symbolic time: 0.432	0.408	0.024 ms
Numeric time: 0.343	0.343	0 ms
Symbolic time: 0.428	0.428	0 ms
Numeric time: 0.342	0.331	0.01 ms
Symbolic time: 0.436	0.436	0 ms
Numeric time: 0.34	0.339	0 ms
Symbolic time: 0.437	0.437	0 ms
Numeric time: 0.338	0.338	0 ms
Symbolic time: 0.438	0.438	0 ms
Numeric time: 0.338	0.338	0 ms
Symbolic time: 0.429	0.429	0 ms
Numeric time: 0.347	0.347	0 ms
Symbolic time: 0.429	0.429	0 ms
Numeric time: 0.344	0.344	0 ms
Symbolic time: 0.43	0.43	0 ms
Numeric time: 0.338	0.338	0.001 ms
Symbolic time: 0.429	0.429	0 ms
Numeric time: 0.341	0.341	0 ms
Symbolic time: 0.437	0.438	0 ms
Numeric time: 0.337	0.337	0 ms
Symbolic time: 0.439	0.439	0 ms
Numeric time: 0.336	0.336	0 ms
Symbolic time: 0.441	0.442	0 ms
Numeric time: 0.342	0.342	0 ms
Symbolic time: 0.429	0.429	0 ms
Numeric time: 0.341	0.34	0 ms
Symbolic time: 0.43	0.431	0 ms
Numeric time: 0.341	0.341	0 ms
Symbolic time: 0.43	0.431	0 ms
Numeric time: 0.338	0.339	0 ms
Symbolic time: 0.438	0.438	0 ms
Numeric time: 0.338	0.338	0 ms
Symbolic time: 0.44	0.44	0 ms
Numeric time: 0.34	0.34	0 ms
Symbolic time: 0.432	0.431	0 ms
Numeric time: 0.339	0.338	0 ms
Symbolic time: 0.43	0.43	0 ms
Numeric time: 0.341	0.341	0 ms
Symbolic time: 0.431	0.431	0 ms
Numeric time: 0.343	0.342	0 ms
Symbolic time: 0.431	0.432	0 ms
Numeric time: 0.344	0.345	0 ms
Symbolic time: 0.432	0.432	0 ms
Numeric time: 0.338	0.338	0 ms
Symbolic time: 0.431	0.431	0 ms
Numeric time: 0.341	0.341	0 ms
Symbolic time: 0.429	0.43	0 ms
Numeric time: 0.338	0.338	0 ms
Symbolic time: 0.435	0.435	0 ms
Numeric time: 0.341	0.341	0 ms
Symbolic time: 0.43	0.431	0 ms
Numeric time: 0.341	0.341	0 ms
Symbolic time: 0.431	0.432	0 ms
Numeric time: 0.341	0.341	0 ms
Symbolic time: 0.432	0.432	0 ms
Numeric time: 0.341	0.341	0 ms
Symbolic time: 0.433	0	0.433 ms
Numeric time: 0.338	0	0.339 ms
Symbolic time: 0.437	0.327	0.111 ms
Numeric time: 0.34	0.322	0.019 ms
Symbolic time: 0.433	0.433	0 ms
Numeric time: 0.336	0.337	0 ms
Symbolic time: 0.432	0.417	0.015 ms
Numeric time: 0.343	0.343	0 ms
Symbolic time: 0.43	0.43	0 ms
Numeric time: 0.343	0.344	0 ms
Symbolic time: 0.432	0.432	0 ms
Numeric time: 0.343	0.343	0 ms
Symbolic time: 0.429	0.429	0 ms
Numeric time: 0.34	0.34	0 ms
Symbolic time: 0.434	0.434	0 ms
Numeric time: 0.339	0.339	0 ms
Symbolic time: 0.438	0.438	0 ms
Numeric time: 0.341	0.341	0 ms
Symbolic time: 0.438	0.438	0 ms
Numeric time: 0.34	0.341	0 ms
Symbolic time: 0.428	0.428	0 ms
Numeric time: 0.343	0.343	0 ms
Symbolic time: 0.427	0.428	0 ms
Numeric time: 0.344	0.345	0 ms
Symbolic time: 0.429	0.43	0 ms
Numeric time: 0.342	0.342	0 ms
Symbolic time: 0.435	0.435	0 ms
Numeric time: 0.339	0.339	0 ms
Symbolic time: 0.433	0.433	0 ms
Numeric time: 0.339	0.339	0 ms
Symbolic time: 0.434	0.433	0 ms
Numeric time: 0.342	0.342	0 ms
Symbolic time: 0.436	0.436	0 ms
Numeric time: 0.336	0.336	0 ms
Symbolic time: 0.429	0.428	0 ms
Numeric time: 0.343	0.342	0 ms
Symbolic time: 0.435	0.435	0 ms
Numeric time: 0.344	0.344	0 ms
Symbolic time: 0.431	0.431	0 ms
Numeric time: 0.336	0.337	0 ms
Symbolic time: 0.436	0.435	0 ms
Numeric time: 0.341	0.341	0 ms
Symbolic time: 0.433	0.434	0 ms
Numeric time: 0.342	0.343	0 ms
Symbolic time: 0.431	0.431	0 ms
Numeric time: 0.337	0.337	0 ms
Symbolic time: 0.432	0.432	0 ms
Numeric time: 0.343	0.344	0 ms
Symbolic time: 0.431	0.431	0 ms
Numeric time: 0.343	0.343	0 ms
Symbolic time: 0.435	0.435	0 ms
Numeric time: 0.339	0.339	0 ms
Symbolic time: 0.433	0.433	0 ms
Numeric time: 0.342	0.342	0 ms
Symbolic time: 0.437	0.437	0 ms
Numeric time: 0.338	0.339	0 ms
Symbolic time: 0.433	0.432	0 ms
Numeric time: 0.34	0.34	0 ms
Symbolic time: 0.434	0.434	0 ms
Numeric time: 0.337	0.338	0 ms
Symbolic time: 0.43	0.43	0 ms
Numeric time: 0.345	0.344	0 ms
Symbolic time: 0.433	0.434	0 ms
Numeric time: 0.338	0.339	0 ms
Symbolic time: 0.432	0.432	0 ms
Numeric time: 0.34	0.34	0 ms
Symbolic time: 0.433	0.433	0 ms
Numeric time: 0.337	0.336	0 ms
Symbolic time: 0.432	0.431	0 ms
Numeric time: 0.338	0.337	0 ms
Symbolic time: 0.434	0.435	0 ms
Numeric time: 0.343	0.343	0 ms
Symbolic time: 0.429	0.428	0 ms
Numeric time: 0.345	0.344	0 ms
Symbolic time: 0.434	0.434	0 ms
Numeric time: 0.344	0.344	0 ms
Symbolic time: 0.43	0.43	0 ms
Numeric time: 0.338	0.339	0 ms
Symbolic time: 0.43	0.43	0 ms
Numeric time: 0.339	0.339	0 ms
Symbolic time: 0.434	0.434	0 ms
Numeric time: 0.34	0.34	0 ms
Symbolic time: 0.435	0.435	0 ms
Numeric time: 0.339	0.339	0 ms
Symbolic time: 0.438	0.439	0 ms
Numeric time: 0.341	0.341	0 ms
Symbolic time: 0.431	0.432	0 ms
Numeric time: 0.342	0.343	0 ms
Symbolic time: 0.426	0.426	0 ms
Numeric time: 0.344	0.344	0 ms
Symbolic time: 0.431	0.431	0 ms
Numeric time: 0.341	0.341	0 ms
Symbolic time: 0.429	0	0.43 ms
Numeric time: 0.338	0	0.339 ms
Symbolic time: 0.436	0.383	0.054 ms
Numeric time: 0.337	0.32	0.017 ms
Symbolic time: 0.436	0.436	0 ms
Numeric time: 0.338	0.338	0 ms
Symbolic time: 0.43	0.416	0.015 ms
Numeric time: 0.343	0.343	0 ms
Symbolic time: 0.431	0.432	0 ms
Numeric time: 0.344	0.344	0 ms
Symbolic time: 0.428	0.429	0 ms
Numeric time: 0.346	0.346	0 ms
Symbolic time: 0.433	0.433	0 ms
Numeric time: 0.338	0.339	0 ms
Symbolic time: 0.433	0.433	0 ms
Numeric time: 0.339	0.339	0 ms
Symbolic time: 0.438	0.439	0 ms
Numeric time: 0.337	0.337	0 ms
Symbolic time: 0.433	0.433	0 ms
Numeric time: 0.339	0.339	0 ms
Symbolic time: 0.43	0.43	0 ms
Numeric time: 0.345	0.345	0 ms
Symbolic time: 0.432	0.431	0 ms
Numeric time: 0.344	0.343	0 ms
Symbolic time: 0.432	0.431	0 ms
Numeric time: 0.339	0.339	0 ms
Symbolic time: 0.431	0.43	0 ms
Numeric time: 0.343	0.343	0 ms
Symbolic time: 0.437	0.437	0 ms
Numeric time: 0.338	0.338	0 ms
Symbolic time: 0.429	0.43	0 ms
Numeric time: 0.337	0.337	0 ms
Symbolic time: 0.435	0.435	0 ms
Numeric time: 0.339	0.34	0 ms
Symbolic time: 0.432	0.433	0 ms
Numeric time: 0.346	0.346	0 ms
Symbolic time: 0.431	0.431	0 ms
Numeric time: 0.344	0.343	0 ms
Symbolic time: 0.433	0.433	0 ms
Numeric time: 0.34	0.34	0 ms
Symbolic time: 0.43	0.43	0 ms
Numeric time: 0.34	0.341	0 ms
Symbolic time: 0.445	0.445	0 ms
Numeric time: 0.34	0.339	0 ms
Symbolic time: 0.437	0.436	0 ms
Numeric time: 0.34	0.341	0 ms
Symbolic time: 0.43	0.43	0 ms
Numeric time: 0.343	0.343	0 ms
Symbolic time: 0.434	0.434	0 ms
Numeric time: 0.342	0.343	0 ms
Symbolic time: 0.43	0.43	0 ms
Numeric time: 0.344	0.345	0 ms
Symbolic time: 0.428	0.428	0 ms
Numeric time: 0.339	0.34	0 ms
Symbolic time: 0.435	0.435	0 ms
Numeric time: 0.338	0.338	0 ms
Symbolic time: 0.436	0.436	0 ms
Numeric time: 0.339	0.338	0 ms
Symbolic time: 0.434	0.434	0 ms
Numeric time: 0.337	0.336	0 ms
Symbolic time: 0.431	0.431	0 ms
Numeric time: 0.346	0.346	0 ms
Symbolic time: 0.428	0.428	0 ms
Numeric time: 0.344	0.344	0 ms
Symbolic time: 0.43	0.43	0 ms
Numeric time: 0.341	0.341	0 ms
Symbolic time: 0.433	0	0.433 ms
Numeric time: 0.34	0	0.339 ms
Symbolic time: 0.437	0.388	0.05 ms
Numeric time: 0.338	0.321	0.018 ms
Symbolic time: 0.438	0.438	0 ms
Numeric time: 0.34	0.34	0 ms
Symbolic time: 0.43	0.415	0.015 ms
Numeric time: 0.341	0	0.341 ms
Symbolic time: 0.43	0	0.43 ms
Numeric time: 0.346	0.233	0.111 ms
Symbolic time: 0.43	0.407	0.023 ms
Numeric time: 0.345	0.346	0 ms
Symbolic time: 0.43	0.431	0 ms
Numeric time: 0.338	0.328	0.01 ms
Symbolic time: 0.437	0.437	0 ms
Numeric time: 0.338	0.339	0 ms
Symbolic time: 0.436	0.436	0 ms
Numeric time: 0.34	0.34	0 ms
Symbolic time: 0.432	0.433	0 ms
Numeric time: 0.339	0.339	0 ms
Symbolic time: 0.431	0.43	0 ms
Numeric time: 0.343	0.343	0 ms
Symbolic time: 0.429	0.429	0 ms
Numeric time: 0.346	0.346	0 ms
Symbolic time: 0.432	0.432	0 ms
Numeric time: 0.339	0.336	0.001 ms
Symbolic time: 0.432	0.433	0 ms
Numeric time: 0.34	0.34	0 ms
Symbolic time: 0.438	0.439	0 ms
Numeric time: 0.339	0.339	0 ms
Symbolic time: 0.432	0.432	0 ms
Numeric time: 0.34	0.341	0 ms
Symbolic time: 0.434	0.434	0 ms
Numeric time: 0.34	0.339	0 ms
Symbolic time: 0.431	0.432	0 ms
Numeric time: 0.345	0.345	0 ms
Symbolic time: 0.431	0.432	0 ms
Numeric time: 0.339	0.34	0 ms
Symbolic time: 0.434	0.434	0 ms
Numeric time: 0.343	0.343	0 ms
Symbolic time: 0.431	0.432	0 ms
Numeric time: 0.339	0.34	0 ms
Symbolic time: 0.435	0.435	0 ms
Numeric time: 0.339	0.339	0 ms
Symbolic time: 0.437	0.438	0 ms
Numeric time: 0.342	0.341	0 ms
Symbolic time: 0.429	0.43	0 ms
Numeric time: 0.341	0.341	0 ms
Symbolic time: 0.433	0.432	0 ms
Numeric time: 0.341	0.342	0 ms
Symbolic time: 0.43	0.431	0 ms
Numeric time: 0.337	0.337	0 ms
Symbolic time: 0.43	0	0.43 ms
Numeric time: 0.34	0	0.34 ms
Symbolic time: 0.433	0.377	0.055 ms
Numeric time: 0.34	0.323	0.018 ms
Symbolic time: 0.437	0.436	0 ms
Numeric time: 0.339	0.339	0 ms
Symbolic time: 0.438	0.438	0 ms
Numeric time: 0.338	0.338	0 ms
Symbolic time: 0.431	0.425	0.007 ms
Numeric time: 0.341	0.34	0 ms
Symbolic time: 0.428	0.428	0 ms
Numeric time: 0.346	0.342	0 ms
Symbolic time: 0.43	0.429	0 ms
Numeric time: 0.337	0.336	0.002 ms
Symbolic time: 0.435	0.436	0 ms
Numeric time: 0.34	0.34	0 ms
Symbolic time: 0.431	0.432	0 ms
Numeric time: 0.338	0.338	0 ms
Symbolic time: 0.436	0.437	0 ms
Numeric time: 0.339	0.339	0 ms
Symbolic time: 0.431	0.431	0 ms
Numeric time: 0.343	0.342	0 ms
Symbolic time: 0.429	0.429	0 ms
Numeric time: 0.343	0.343	0 ms
Symbolic time: 0.431	0.431	0 ms
Numeric time: 0.343	0.344	0 ms
Symbolic time: 0.433	0.433	0 ms
Numeric time: 0.339	0.339	0 ms
Symbolic time: 0.434	0.434	0 ms
Numeric time: 0.338	0.338	0 ms
Symbolic time: 0.437	0.437	0 ms
Numeric time: 0.339	0.339	0 ms
Symbolic time: 0.438	0.438	0 ms
Numeric time: 0.339	0.339	0 ms
Symbolic time: 0.429	0.428	0 ms
Numeric time: 0.344	0.344	0 ms
Symbolic time: 0.431	0.432	0 ms
Numeric time: 0.343	0.343	0 ms
Symbolic time: 0.431	0.431	0 ms
Numeric time: 0.338	0.338	0 ms
Symbolic time: 0.433	0	0.434 ms
Numeric time: 0.338	0	0.338 ms
Symbolic time: 0.439	0.392	0.047 ms
Numeric time: 0.338	0.32	0.018 ms
Symbolic time: 0.437	0.436	0 ms
Numeric time: 0.341	0.342	0 ms
Symbolic time: 0.428	0.413	0.015 ms
Numeric time: 0.342	0	0.342 ms
Symbolic time: 0.428	0	0.428 ms
Numeric time: 0.341	0.25	0.091 ms
Symbolic time: 0.431	0.408	0.023 ms
Numeric time: 0.342	0.342	0 ms
Symbolic time: 0.433	0.433	0 ms
Numeric time: 0.339	0.329	0.01 ms
Symbolic time: 0.44	0.44	0 ms
Numeric time: 0.339	0.339	0 ms
Symbolic time: 0.438	0.438	0 ms
Numeric time: 0.338	0.338	0 ms
Symbolic time: 0.436	0.436	0 ms
Numeric time: 0.341	0.342	0 ms
Symbolic time: 0.431	0.431	0 ms
Numeric time: 0.344	0.344	0 ms
Symbolic time: 0.428	0.428	0 ms
Numeric time: 0.343	0.343	0 ms
Symbolic time: 0.434	0.434	0 ms
Numeric time: 0.338	0.337	0.001 ms
Symbolic time: 0.432	0.432	0 ms
Numeric time: 0.34	0.34	0 ms
Symbolic time: 0.43	0.43	0 ms
Numeric time: 0.338	0.339	0 ms
Symbolic time: 0.437	0.437	0 ms
Numeric time: 0.337	0.338	0 ms
Symbolic time: 0.435	0.436	0 ms
Numeric time: 0.339	0.339	0 ms
Symbolic time: 0.43	0.431	0 ms
Numeric time: 0.341	0.341	0 ms
Symbolic time: 0.43	0.429	0 ms
Numeric time: 0.34	0.341	0 ms
Symbolic time: 0.432	0.431	0 ms
Numeric time: 0.34	0.339	0 ms
Symbolic time: 0.435	0.436	0 ms
Numeric time: 0.337	0.338	0 ms
Symbolic time: 0.435	0.434	0 ms
Numeric time: 0.342	0.341	0 ms
Symbolic time: 0.433	0.434	0 ms
Numeric time: 0.339	0.339	0 ms
Symbolic time: 0.431	0.431	0 ms
Numeric time: 0.342	0.343	0 ms
Symbolic time: 0.431	0.431	0 ms
Numeric time: 0.342	0.342	0 ms
Symbolic time: 0.43	0.43	0 ms
Numeric time: 0.344	0	0.344 ms
Symbolic time: 0.429	0	0.428 ms
Numeric time: 0.337	0.191	0.146 ms
Symbolic time: 0.433	0.433	0 ms
Numeric time: 0.34	0.34	0 ms
Symbolic time: 0.434	0.434	0 ms
Numeric time: 0.338	0.338	0 ms
Symbolic time: 0.444	0.444	0 ms
Numeric time: 0.339	0.338	0 ms
Symbolic time: 0.434	0.434	0 ms
Numeric time: 0.345	0.345	0 ms
Symbolic time: 0.431	0.431	0 ms
Numeric time: 0.343	0.344	0 ms
Symbolic time: 0.431	0.431	0 ms
Numeric time: 0.337	0.336	0.001 ms
Symbolic time: 0.43	0.431	0 ms
Numeric time: 0.337	0.336	0 ms
Symbolic time: 0.435	0.436	0 ms
Numeric time: 0.336	0.337	0 ms
Symbolic time: 0.437	0.437	0 ms
Numeric time: 0.34	0.339	0 ms
Symbolic time: 0.428	0.426	0.002 ms
Numeric time: 0.345	0.345	0 ms
Symbolic time: 0.43	0.43	0 ms
Numeric time: 0.34	0.34	0 ms
Symbolic time: 0.432	0.432	0 ms
Numeric time: 0.342	0.342	0 ms
Symbolic time: 0.431	0.431	0 ms
Numeric time: 0.338	0.338	0 ms
Symbolic time: 0.437	0.436	0 ms
Numeric time: 0.339	0.339	0 ms
Symbolic time: 0.431	0.431	0 ms
Numeric time: 0.338	0.338	0 ms
Symbolic time: 0.434	0.434	0 ms
Numeric time: 0.339	0.339	0 ms
Symbolic time: 0.431	0.431	0 ms
Numeric time: 0.343	0.343	0 ms
Symbolic time: 0.43	0.43	0 ms
Numeric time: 0.343	0.343	0 ms
Symbolic time: 0.429	0.429	0 ms
Numeric time: 0.337	0.337	0 ms
Symbolic time: 0.431	0.431	0 ms
Numeric time: 0.34	0.339	0 ms
Symbolic time: 0.433	0.433	0 ms
Numeric time: 0.339	0.339	0 ms
Symbolic time: 0.435	0.436	0 ms
Numeric time: 0.34	0.341	0 ms
Symbolic time: 0.431	0.431	0 ms
Numeric time: 0.343	0	0.343 ms
Symbolic time: 0.432	0	0.432 ms
Numeric time: 0.343	0.238	0.105 ms
Symbolic time: 0.433	0.408	0.023 ms
Numeric time: 0.344	0.344	0 ms
Symbolic time: 0.431	0.431	0 ms
Numeric time: 0.336	0.327	0.01 ms
Symbolic time: 0.434	0.433	0 ms
Numeric time: 0.338	0.338	0 ms
Symbolic time: 0.435	0.436	0 ms
Numeric time: 0.339	0.339	0 ms
Symbolic time: 0.432	0.433	0 ms
Numeric time: 0.337	0.337	0 ms
Symbolic time: 0.432	0.432	0 ms
Numeric time: 0.343	0.344	0 ms
Symbolic time: 0.434	0.434	0 ms
Numeric time: 0.34	0.34	0 ms
Symbolic time: 0.43	0.429	0 ms
Numeric time: 0.337	0.337	0.001 ms
Symbolic time: 0.434	0.433	0 ms
Numeric time: 0.343	0.343	0 ms
Symbolic time: 0.44	0.441	0 ms
Numeric time: 0.338	0.339	0 ms
Symbolic time: 0.438	0.437	0 ms
Numeric time: 0.338	0.337	0 ms
Symbolic time: 0.436	0.436	0 ms
Numeric time: 0.34	0.341	0 ms
Symbolic time: 0.427	0.427	0 ms
Numeric time: 0.344	0.343	0 ms
Symbolic time: 0.43	0.429	0 ms
Numeric time: 0.344	0.345	0 ms
Symbolic time: 0.432	0.432	0 ms
Numeric time: 0.341	0.341	0 ms
Symbolic time: 0.435	0.435	0 ms
Numeric time: 0.336	0.336	0 ms
Symbolic time: 0.437	0.437	0 ms
Numeric time: 0.342	0.342	0 ms
Symbolic time: 0.432	0.432	0 ms
Numeric time: 0.341	0.341	0 ms
Symbolic time: 0.429	0.429	0 ms
Numeric time: 0.343	0.343	0 ms
Symbolic time: 0.431	0.432	0 ms
Numeric time: 0.343	0	0.344 ms
Symbolic time: 0.43	0	0.431 ms
Numeric time: 0.338	0.183	0.154 ms
Symbolic time: 0.43	0.43	0 ms
Numeric time: 0.339	0.339	0 ms
Symbolic time: 0.437	0.438	0 ms
Numeric time: 0.339	0.339	0 ms
Symbolic time: 0.435	0.436	0 ms
Numeric time: 0.339	0.34	0 ms
Symbolic time: 0.435	0.435	0 ms
Numeric time: 0.34	0.34	0 ms
Symbolic time: 0.431	0.431	0 ms
Numeric time: 0.342	0.342	0 ms
Symbolic time: 0.432	0.431	0 ms
Numeric time: 0.34	0.341	0 ms
Symbolic time: 0.43	0.431	0 ms
Numeric time: 0.339	0.338	0 ms
Symbolic time: 0.434	0.435	0 ms
Numeric time: 0.339	0.34	0 ms
Symbolic time: 0.438	0.439	0 ms
Numeric time: 0.34	0.34	0 ms
Symbolic time: 0.437	0.436	0 ms
Numeric time: 0.34	0.34	0 ms
Symbolic time: 0.431	0.43	0 ms
Numeric time: 0.34	0	0.34 ms
Symbolic time: 0.431	0	0.431 ms
Numeric time: 0.343	0.234	0.109 ms
Symbolic time: 0.433	0.408	0.024 ms
Numeric time: 0.346	0.346	0 ms
Symbolic time: 0.428	0.427	0 ms
Numeric time: 0.339	0.329	0.011 ms
Symbolic time: 0.437	0.436	0 ms
Numeric time: 0.339	0.339	0 ms
Symbolic time: 0.435	0.434	0 ms
Numeric time: 0.337	0.337	0 ms
Symbolic time: 0.435	0.434	0 ms
Numeric time: 0.338	0.338	0 ms
Symbolic time: 0.427	0.428	0 ms
Numeric time: 0.342	0.342	0 ms
Symbolic time: 0.427	0.426	0 ms
Numeric time: 0.345	0.345	0 ms
Symbolic time: 0.432	0.433	0 ms
Numeric time: 0.341	0.34	0.001 ms
Symbolic time: 0.432	0.432	0 ms
Numeric time: 0.34	0.34	0 ms
Symbolic time: 0.435	0.434	0 ms
Numeric time: 0.337	0.337	0 ms
Symbolic time: 0.435	0.434	0 ms
Numeric time: 0.338	0.338	0 ms
Symbolic time: 0.429	0.427	0.002 ms
Numeric time: 0.342	0.343	0 ms
Symbolic time: 0.431	0.431	0 ms
Numeric time: 0.345	0.345	0 ms
Symbolic time: 0.431	0.431	0 ms
Numeric time: 0.342	0.343	0 ms
Symbolic time: 0.432	0.432	0 ms
Numeric time: 0.34	0.34	0 ms
Symbolic time: 0.437	0.438	0 ms
Numeric time: 0.338	0.338	0 ms
Symbolic time: 0.435	0.435	0 ms
Numeric time: 0.341	0.341	0 ms
Symbolic time: 0.436	0.436	0 ms
Numeric time: 0.34	0.34	0 ms
Symbolic time: 0.429	0.429	0 ms
Numeric time: 0.344	0.344	0 ms
Symbolic time: 0.431	0.432	0 ms
Numeric time: 0.345	0.344	0 ms
Symbolic time: 0.43	0.43	0 ms
Numeric time: 0.34	0.34	0 ms
Symbolic time: 0.432	0.432	0 ms
Numeric time: 0.339	0.339	0 ms
Symbolic time: 0.433	0.433	0 ms
Numeric time: 0.339	0.34	0 ms
Symbolic time: 0.434	0.435	0 ms
Numeric time: 0.339	0.34	0 ms
Symbolic time: 0.438	0.438	0 ms
Numeric time: 0.339	0.339	0 ms
Symbolic time: 0.43	0.43	0 ms
Numeric time: 0.344	0.344	0 ms
Symbolic time: 0.433	0.433	0 ms
Numeric time: 0.345	0.346	0 ms
Symbolic time: 0.428	0.429	0 ms
Numeric time: 0.341	0.34	0 ms
Symbolic time: 0.436	0.437	0 ms
Numeric time: 0.341	0.341	0 ms
Symbolic time: 0.435	0.435	0 ms
Numeric time: 0.337	0.337	0 ms
Symbolic time: 0.435	0.436	0 ms
Numeric time: 0.336	0.337	0 ms
Symbolic time: 0.429	0.43	0 ms
Numeric time: 0.343	0.342	0 ms
Symbolic time: 0.431	0.431	0 ms
Numeric time: 0.344	0.344	0 ms
Symbolic time: 0.431	0.43	0 ms
Numeric time: 0.34	0.341	0 ms
Symbolic time: 0.433	0.434	0 ms
Numeric time: 0.34	0.34	0 ms
Symbolic time: 0.436	0.435	0 ms
Numeric time: 0.334	0.335	0 ms
Symbolic time: 0.437	0.437	0 ms
Numeric time: 0.338	0.337	0 ms
Symbolic time: 0.436	0.437	0 ms
Numeric time: 0.34	0.34	0 ms
Symbolic time: 0.43	0.429	0 ms
Numeric time: 0.344	0.343	0 ms
Symbolic time: 0.432	0.432	0 ms
Numeric time: 0.344	0.344	0 ms
Symbolic time: 0.429	0.429	0 ms
Numeric time: 0.336	0.337	0 ms
Symbolic time: 0.435	0.436	0 ms
Numeric time: 0.339	0.339	0 ms
Symbolic time: 0.434	0.435	0 ms
Numeric time: 0.339	0.338	0 ms
Symbolic time: 0.433	0.432	0 ms
Numeric time: 0.338	0.338	0 ms
Symbolic time: 0.432	0.431	0 ms
Numeric time: 0.343	0.343	0 ms
Symbolic time: 0.429	0.429	0 ms
Numeric time: 0.345	0.345	0 ms
Symbolic time: 0.43	0.431	0 ms
Numeric time: 0.34	0.341	0 ms
Symbolic time: 0.434	0.435	0 ms
Numeric time: 0.337	0.337	0 ms
Symbolic time: 0.433	0.433	0 ms
Numeric time: 0.34	0.339	0 ms
Symbolic time: 0.435	0.435	0 ms
Numeric time: 0.339	0.339	0 ms
Symbolic time: 0.434	0.434	0 ms
Numeric time: 0.342	0.343	0 ms
Symbolic time: 0.429	0.429	0 ms
Numeric time: 0.342	0.342	0 ms
Symbolic time: 0.432	0.433	0 ms
Numeric time: 0.343	0.343	0 ms
Symbolic time: 0.432	0.431	0 ms
Numeric time: 0.339	0.339	0 ms
Symbolic time: 0.43	0.43	0 ms
Numeric time: 0.337	0.338	0 ms
Symbolic time: 0.434	0.435	0 ms
Numeric time: 0.341	0.34	0 ms
Symbolic time: 0.431	0.431	0 ms
Numeric time: 0.337	0.337	0 ms
Symbolic time: 0.432	0.432	0 ms
Numeric time: 0.336	0	0.336 ms
Symbolic time: 0.432	0	0.431 ms
Numeric time: 0.346	0.245	0.1 ms
Symbolic time: 0.428	0.406	0.023 ms
Numeric time: 0.342	0.342	0 ms
Symbolic time: 0.43	0.431	0 ms
Numeric time: 0.341	0.331	0.01 ms
Symbolic time: 0.437	0.437	0 ms
Numeric time: 0.339	0.339	0 ms
Symbolic time: 0.433	0.433	0 ms
Numeric time: 0.338	0.338	0 ms
Symbolic time: 0.435	0.435	0 ms
Numeric time: 0.339	0.339	0 ms
Symbolic time: 0.434	0.434	0 ms
Numeric time: 0.344	0.344	0 ms
Symbolic time: 0.429	0.429	0 ms
Numeric time: 0.343	0.343	0 ms
Symbolic time: 0.432	0.432	0 ms
Numeric time: 0.339	0.338	0.001 ms
Symbolic time: 0.432	0.432	0 ms
Numeric time: 0.34	0.34	0 ms
Symbolic time: 0.434	0.434	0 ms
Numeric time: 0.339	0.339	0 ms
Symbolic time: 0.437	0.437	0 ms
Numeric time: 0.341	0.341	0 ms
Symbolic time: 0.433	0.433	0 ms
Numeric time: 0.34	0.34	0 ms
Symbolic time: 0.431	0.431	0 ms
Numeric time: 0.343	0.344	0 ms
Symbolic time: 0.43	0.43	0 ms
Numeric time: 0.345	0.345	0 ms
Symbolic time: 0.43	0.43	0 ms
Numeric time: 0.338	0.338	0 ms
Symbolic time: 0.435	0.435	0 ms
Numeric time: 0.341	0.341	0 ms
Symbolic time: 0.437	0.437	0 ms
Numeric time: 0.34	0.34	0 ms
Symbolic time: 0.437	0.437	0 ms
Numeric time: 0.339	0.339	0 ms
Symbolic time: 0.427	0.427	0 ms
Numeric time: 0.342	0.342	0 ms
Symbolic time: 0.429	0.429	0 ms
Numeric time: 0.345	0.345	0 ms
Symbolic time: 0.433	0.433	0 ms
Numeric time: 0.344	0.344	0 ms
Symbolic time: 0.433	0.433	0 ms
Numeric time: 0.34	0.34	0 ms
Symbolic time: 0.431	0.431	0 ms
Numeric time: 0.337	0.337	0 ms
Symbolic time: 0.438	0.438	0 ms
Numeric time: 0.338	0.338	0 ms
Symbolic time: 0.437	0.437	0 ms
Numeric time: 0.34	0.34	0 ms
Symbolic time: 0.429	0.429	0 ms
Numeric time: 0.354	0.354	0 ms
Symbolic time: 0.432	0.432	0 ms
Numeric time: 0.338	0.338	0 ms
Symbolic time: 0.429	0.429	0 ms
Numeric time: 0.338	0.338	0 ms
Symbolic time: 0.43	0.43	0 ms
Numeric time: 0.338	0.338	0 ms
Symbolic time: 0.434	0.434	0 ms
Numeric time: 0.341	0.341	0 ms
Symbolic time: 0.432	0.432	0 ms
Numeric time: 0.339	0.339	0 ms
Symbolic time: 0.435	0.434	0.001 ms
Numeric time: 0.34	0	0.34 ms
Symbolic time: 0.429	0	0.429 ms
Numeric time: 0.343	0.246	0.097 ms
Symbolic time: 0.43	0.408	0.022 ms
Numeric time: 0.343	0.343	0 ms
Symbolic time: 0.431	0.431	0 ms
Numeric time: 0.339	0.33	0.01 ms
Symbolic time: 0.436	0.436	0 ms
Numeric time: 0.338	0.337	0 ms
Symbolic time: 0.435	0.435	0 ms
Numeric time: 0.34	0.339	0 ms
Symbolic time: 0.438	0.438	0 ms
Numeric time: 0.336	0.337	0 ms
Symbolic time: 0.429	0.43	0 ms
Numeric time: 0.346	0.346	0 ms
Symbolic time: 0.432	0.432	0 ms
Numeric time: 0.344	0.345	0 ms
Symbolic time: 0.431	0.431	0 ms
Numeric time: 0.342	0.34	0.002 ms
Symbolic time: 0.432	0.432	0 ms
Numeric time: 0.338	0.338	0 ms
Symbolic time: 0.436	0.436	0 ms
Numeric time: 0.337	0.337	0 ms
Symbolic time: 0.437	0.437	0 ms
Numeric time: 0.34	0.339	0 ms
Symbolic time: 0.433	0.432	0 ms
Numeric time: 0.338	0.338	0 ms
Symbolic time: 0.43	0.43	0 ms
Numeric time: 0.345	0.345	0 ms
Symbolic time: 0.432	0.431	0 ms
Numeric time: 0.343	0.343	0 ms
Symbolic time: 0.431	0.431	0 ms
Numeric time: 0.339	0.338	0 ms
Symbolic time: 0.437	0.436	0 ms
Numeric time: 0.336	0.336	0 ms
Symbolic time: 0.434	0.435	0 ms
Numeric time: 0.338	0.338	0 ms
Symbolic time: 0.43	0.43	0 ms
Numeric time: 0.337	0.338	0 ms
Symbolic time: 0.43	0.43	0 ms
Numeric time: 0.345	0.345	0 ms
Symbolic time: 0.428	0.429	0 ms
Numeric time: 0.346	0.346	0 ms
Symbolic time: 0.431	0.432	0 ms
Numeric time: 0.343	0.343	0 ms
Symbolic time: 0.428	0.428	0 ms
Numeric time: 0.339	0.338	0 ms
Symbolic time: 0.433	0.433	0 ms
Numeric time: 0.338	0.338	0 ms
Symbolic time: 0.435	0.434	0 ms
Numeric time: 0.339	0.339	0 ms
Symbolic time: 0.432	0.432	0 ms
Numeric time: 0.34	0.34	0 ms
Symbolic time: 0.431	0.432	0 ms
Numeric time: 0.341	0.342	0 ms
Symbolic time: 0.431	0.431	0 ms
Numeric time: 0.345	0.345	0 ms
Symbolic time: 0.429	0.429	0 ms
Numeric time: 0.339	0.338	0 ms
Symbolic time: 0.429	0	0.429 ms
Numeric time: 0.339	0	0.339 ms
Symbolic time: 0.437	0.383	0.054 ms
Numeric time: 0.339	0.322	0.018 ms
Symbolic time: 0.437	0.438	0 ms
Numeric time: 0.339	0.339	0 ms
Symbolic time: 0.43	0.415	0.014 ms
Numeric time: 0.345	0	0.346 ms
Symbolic time: 0.432	0	0.433 ms
Numeric time: 0.344	0	0.344 ms
Symbolic time: 0.432	0	0.432 ms
Numeric time: 0.348	0.103	0.244 ms
Symbolic time: 0.428	0.405	0.023 ms
Numeric time: 0.342	0.323	0.019 ms
Symbolic time: 0.438	0.438	0 ms
Numeric time: 0.337	0.337	0 ms
Symbolic time: 0.437	0.437	0 ms
Numeric time: 0.337	0.337	0 ms
Symbolic time: 0.437	0.437	0 ms
Numeric time: 0.336	0.337	0 ms
Symbolic time: 0.432	0.432	0 ms
Numeric time: 0.347	0.348	0 ms
Symbolic time: 0.431	0.431	0 ms
Numeric time: 0.342	0.342	0 ms
Symbolic time: 0.432	0.432	0 ms
Numeric time: 0.338	0.337	0.002 ms
Symbolic time: 0.432	0.432	0 ms
Numeric time: 0.338	0.339	0 ms
Symbolic time: 0.437	0.437	0 ms
Numeric time: 0.338	0.337	0 ms
Symbolic time: 0.435	0.435	0 ms
Numeric time: 0.336	0.337	0 ms
Symbolic time: 0.438	0.439	0 ms
Numeric time: 0.339	0.338	0 ms
Symbolic time: 0.429	0.429	0 ms
Numeric time: 0.343	0.343	0 ms
Symbolic time: 0.43	0.43	0 ms
Numeric time: 0.344	0.345	0 ms
Symbolic time: 0.433	0.433	0 ms
Numeric time: 0.34	0.341	0 ms
Symbolic time: 0.438	0.437	0 ms
Numeric time: 0.337	0.337	0 ms
Symbolic time: 0.435	0.435	0 ms
Numeric time: 0.339	0.339	0 ms
Symbolic time: 0.437	0.436	0 ms
Numeric time: 0.338	0.338	0 ms
Symbolic time: 0.429	0.429	0 ms
Numeric time: 0.339	0.34	0 ms
Symbolic time: 0.432	0.431	0 ms
Numeric time: 0.345	0.345	0 ms
Symbolic time: 0.428	0.428	0 ms
Numeric time: 0.343	0.343	0 ms
Symbolic time: 0.431	0.431	0 ms
Numeric time: 0.339	0.339	0 ms
Symbolic time: 0.436	0.436	0 ms
Numeric time: 0.341	0.341	0 ms
Symbolic time: 0.433	0.434	0 ms
Numeric time: 0.339	0.338	0 ms
Symbolic time: 0.433	0.434	0 ms
Numeric time: 0.339	0.338	0 ms
Symbolic time: 0.429	0.43	0 ms
Numeric time: 0.342	0.342	0 ms
Symbolic time: 0.432	0.431	0 ms
Numeric time: 0.342	0.342	0 ms
Symbolic time: 0.431	0.43	0 ms
Numeric time: 0.339	0.339	0 ms
Symbolic time: 0.43	0.43	0 ms
Numeric time: 0.34	0.34	0 ms
Symbolic time: 0.437	0.437	0 ms
Numeric time: 0.34	0.34	0 ms
Symbolic time: 0.433	0.433	0 ms
Numeric time: 0.34	0.34	0 ms
Symbolic time: 0.432	0.433	0 ms
Numeric time: 0.34	0.341	0 ms
Symbolic time: 0.432	0.431	0 ms
Numeric time: 0.346	0.346	0 ms
Symbolic time: 0.432	0.431	0 ms
Numeric time: 0.342	0.341	0 ms
Symbolic time: 0.43	0.429	0 ms
Numeric time: 0.339	0.339	0 ms
Symbolic time: 0.434	0.434	0 ms
Numeric time: 0.339	0.339	0 ms
Symbolic time: 0.436	0.435	0 ms
Numeric time: 0.34	0.34	0 ms
Symbolic time: 0.432	0.432	0 ms
Numeric time: 0.339	0.34	0 ms
Symbolic time: 0.43	0.43	0 ms
Numeric time: 0.341	0.342	0 ms
Symbolic time: 0.432	0.432	0 ms
Numeric time: 0.35	0.35	0 ms
Symbolic time: 0.429	0.43	0 ms
Numeric time: 0.337	0.336	0 ms
Symbolic time: 0.433	0.433	0 ms
Numeric time: 0.34	0.339	0 ms
Symbolic time: 0.438	0.438	0 ms
Numeric time: 0.336	0.336	0 ms
Symbolic time: 0.437	0.438	0 ms
Numeric time: 0.338	0.338	0 ms
Symbolic time: 0.436	0.435	0 ms
Numeric time: 0.339	0.338	0 ms
Symbolic time: 0.427	0.427	0 ms
Numeric time: 0.342	0.343	0 ms
Symbolic time: 0.43	0.43	0 ms
Numeric time: 0.344	0.344	0 ms
Symbolic time: 0.432	0.432	0 ms
Numeric time: 0.341	0.341	0 ms
Symbolic time: 0.431	0	0.431 ms
Numeric time: 0.338	0	0.338 ms
Symbolic time: 0.438	0.387	0.051 ms
Numeric time: 0.338	0.32	0.017 ms
Symbolic time: 0.436	0.436	0 ms
Numeric time: 0.34	0.34	0 ms
Symbolic time: 0.428	0.413	0.014 ms
Numeric time: 0.344	0.345	0 ms
Symbolic time: 0.431	0.431	0 ms
Numeric time: 0.343	0.343	0 ms
Symbolic time: 0.428	0.428	0 ms
Numeric time: 0.347	0.347	0 ms
Symbolic time: 0.433	0.433	0 ms
Numeric time: 0.338	0.338	0 ms
Symbolic time: 0.437	0.437	0 ms
Numeric time: 0.342	0.341	0 ms
Symbolic time: 0.432	0.433	0 ms
Numeric time: 0.341	0.34	0 ms
Symbolic time: 0.433	0.433	0 ms
Numeric time: 0.338	0.339	0 ms
Symbolic time: 0.43	0.43	0 ms
Numeric time: 0.339	0.339	0 ms
Symbolic time: 0.433	0.433	0 ms
Numeric time: 0.345	0.345	0 ms
Symbolic time: 0.432	0.432	0 ms
Numeric time: 0.338	0.337	0 ms
Symbolic time: 0.431	0.431	0 ms
Numeric time: 0.34	0.34	0 ms
Symbolic time: 0.436	0.436	0 ms
Numeric time: 0.342	0.342	0 ms
Symbolic time: 0.434	0.434	0 ms
Numeric time: 0.339	0.338	0 ms
Symbolic time: 0.437	0.437	0 ms
Numeric time: 0.342	0.342	0 ms
Symbolic time: 0.43	0.43	0 ms
Numeric time: 0.341	0	0.341 ms
Symbolic time: 0.431	0	0.431 ms
Numeric time: 0.345	0.241	0.105 ms
Symbolic time: 0.432	0.41	0.023 ms
Numeric time: 0.336	0.319	0.018 ms
Symbolic time: 0.433	0.433	0 ms
Numeric time: 0.339	0.339	0 ms
Symbolic time: 0.436	0.436	0 ms
Numeric time: 0.34	0.341	0 ms
Symbolic time: 0.433	0.433	0 ms
Numeric time: 0.337	0.337	0 ms
Symbolic time: 0.434	0.433	0 ms
Numeric time: 0.349	0.349	0 ms
Symbolic time: 0.432	0.433	0 ms
Numeric time: 0.343	0.344	0 ms
Symbolic time: 0.429	0.43	0 ms
Numeric time: 0.344	0.343	0 ms
Symbolic time: 0.429	0.429	0 ms
Numeric time: 0.339	0.338	0 ms
Symbolic time: 0.437	0.437	0 ms
Numeric time: 0.342	0.342	0 ms
Symbolic time: 0.434	0.434	0 ms
Numeric time: 0.339	0.339	0 ms
Symbolic time: 0.436	0.436	0 ms
Numeric time: 0.338	0.339	0 ms
Symbolic time: 0.433	0.434	0 ms
Numeric time: 0.345	0	0.346 ms
Symbolic time: 0.429	0	0.429 ms
Numeric time: 0.344	0.238	0.105 ms
Symbolic time: 0.431	0.408	0.024 ms
Numeric time: 0.339	0.32	0.018 ms
Symbolic time: 0.431	0.432	0 ms
Numeric time: 0.34	0.34	0 ms
Symbolic time: 0.435	0.435	0 ms
Numeric time: 0.34	0.34	0 ms
Symbolic time: 0.435	0.435	0 ms
Numeric time: 0.337	0.337	0 ms
Symbolic time: 0.43	0.428	0.002 ms
Numeric time: 0.341	0	0.341 ms
Symbolic time: 0.431	0	0.432 ms
Numeric time: 0.343	0.251	0.094 ms
Symbolic time: 0.43	0.408	0.023 ms
Numeric time: 0.345	0.346	0 ms
Symbolic time: 0.433	0.432	0 ms
Numeric time: 0.337	0.327	0.01 ms
Symbolic time: 0.438	0.438	0 ms
Numeric time: 0.339	0.339	0 ms
Symbolic time: 0.436	0.436	0 ms
Numeric time: 0.338	0.338	0 ms
Symbolic time: 0.433	0.434	0 ms
Numeric time: 0.339	0.338	0 ms
Symbolic time: 0.429	0.43	0 ms
Numeric time: 0.34	0.34	0 ms
Symbolic time: 0.434	0.434	0 ms
Numeric time: 0.346	0.346	0 ms
Symbolic time: 0.43	0.43	0 ms
Numeric time: 0.337	0.336	0.001 ms
Symbolic time: 0.435	0.435	0 ms
Numeric time: 0.339	0.339	0 ms
Symbolic time: 0.436	0.435	0 ms
Numeric time: 0.341	0.341	0 ms
Symbolic time: 0.432	0.433	0 ms
Numeric time: 0.338	0.338	0 ms
Symbolic time: 0.432	0.433	0 ms
Numeric time: 0.339	0.339	0 ms
Symbolic time: 0.433	0.433	0 ms
Numeric time: 0.34	0.34	0 ms
Symbolic time: 0.433	0.433	0 ms
Numeric time: 0.34	0.34	0 ms
Symbolic time: 0.43	0.43	0 ms
Numeric time: 0.338	0.338	0 ms
Symbolic time: 0.43	0.43	0 ms
Numeric time: 0.338	0.338	0 ms
Symbolic time: 0.434	0.435	0 ms
Numeric time: 0.336	0.336	0 ms
Symbolic time: 0.435	0.435	0 ms
Numeric time: 0.342	0.341	0 ms
Symbolic time: 0.432	0.431	0 ms
Numeric time: 0.341	0.341	0 ms
Symbolic time: 0.432	0.432	0 ms
Numeric time: 0.347	0.347	0 ms
Symbolic time: 0.431	0.431	0 ms
Numeric time: 0.338	0.339	0 ms
Symbolic time: 0.431	0.431	0 ms
Numeric time: 0.339	0.339	0 ms
Symbolic time: 0.436	0.436	0 ms
Numeric time: 0.342	0.342	0 ms
Symbolic time: 0.435	0.435	0 ms
Numeric time: 0.341	0.34	0 ms
Symbolic time: 0.436	0.436	0 ms
Numeric time: 0.341	0.341	0 ms
Symbolic time: 0.428	0.428	0 ms
Numeric time: 0.346	0.346	0 ms
Symbolic time: 0.431	0.431	0 ms
Numeric time: 0.342	0.342	0 ms
Symbolic time: 0.433	0.433	0 ms
Numeric time: 0.338	0.339	0 ms
Symbolic time: 0.433	0.433	0 ms
Numeric time: 0.338	0.338	0 ms
Symbolic time: 0.435	0.435	0 ms
Numeric time: 0.339	0.339	0 ms
Symbolic time: 0.436	0.436	0 ms
Numeric time: 0.341	0.341	0 ms
Symbolic time: 0.43	0.43	0 ms
Numeric time: 0.347	0.347	0 ms
Symbolic time: 0.429	0.429	0 ms
Numeric time: 0.346	0.346	0 ms
Symbolic time: 0.431	0.431	0 ms
Numeric time: 0.348	0.348	0 ms
Symbolic time: 0.432	0.432	0 ms
Numeric time: 0.337	0.337	0 ms
Symbolic time: 0.433	0.433	0 ms
Numeric time: 0.339	0.339	0 ms
Symbolic time: 0.438	0.438	0 ms
Numeric time: 0.34	0.34	0 ms
Symbolic time: 0.431	0.431	0 ms
Numeric time: 0.337	0.337	0 ms
Symbolic time: 0.431	0.431	0 ms
Numeric time: 0.343	0.344	0 ms
Symbolic time: 0.433	0.432	0 ms
Numeric time: 0.344	0.344	0 ms
Symbolic time: 0.435	0.435	0 ms
Numeric time: 0.336	0.336	0 ms
Symbolic time: 0.43	0.43	0 ms
Numeric time: 0.337	0.337	0 ms
Symbolic time: 0.436	0.436	0 ms
Numeric time: 0.34	0.34	0 ms
Symbolic time: 0.434	0.434	0 ms
Numeric time: 0.338	0.338	0 ms
Symbolic time: 0.43	0.43	0 ms
Numeric time: 0.339	0	0.339 ms
Symbolic time: 0.432	0	0.432 ms
Numeric time: 0.342	0.244	0.098 ms
Symbolic time: 0.431	0.409	0.023 ms
Numeric time: 0.343	0.342	0 ms
Symbolic time: 0.43	0.43	0 ms
Numeric time: 0.337	0.327	0.009 ms
Symbolic time: 0.436	0.435	0 ms
Numeric time: 0.339	0.339	0 ms
Symbolic time: 0.435	0.435	0 ms
Numeric time: 0.339	0.338	0 ms
Symbolic time: 0.434	0.434	0 ms
Numeric time: 0.339	0.339	0 ms
Symbolic time: 0.429	0.429	0 ms
Numeric time: 0.343	0.344	0 ms
Symbolic time: 0.431	0.431	0 ms
Numeric time: 0.343	0.344	0 ms
Symbolic time: 0.429	0.428	0 ms
Numeric time: 0.338	0.337	0 ms
Symbolic time: 0.429	0.429	0 ms
Numeric time: 0.337	0.336	0 ms
Symbolic time: 0.438	0.437	0 ms
Numeric time: 0.339	0.339	0 ms
Symbolic time: 0.436	0.436	0 ms
Numeric time: 0.339	0.339	0 ms
Symbolic time: 0.43	0.428	0.002 ms
Numeric time: 0.341	0	0.341 ms
Symbolic time: 0.432	0	0.431 ms
Numeric time: 0.345	0.25	0.096 ms
Symbolic time: 0.429	0.406	0.023 ms
Numeric time: 0.344	0.344	0 ms
Symbolic time: 0.432	0.432	0 ms
Numeric time: 0.338	0.328	0.01 ms
Symbolic time: 0.435	0.435	0 ms
Numeric time: 0.34	0.34	0 ms
Symbolic time: 0.436	0.437	0 ms
Numeric time: 0.335	0.335	0 ms
Symbolic time: 0.437	0.438	0 ms
Numeric time: 0.339	0.339	0 ms
Symbolic time: 0.43	0.43	0 ms
Numeric time: 0.342	0.342	0 ms
Symbolic time: 0.43	0.43	0 ms
Numeric time: 0.341	0.341	0 ms
Symbolic time: 0.43	0.43	0 ms
Numeric time: 0.341	0.34	0.001 ms
Symbolic time: 0.429	0.429	0 ms
Numeric time: 0.338	0.338	0 ms
Symbolic time: 0.438	0.438	0 ms
Numeric time: 0.338	0.338	0 ms
Symbolic time: 0.436	0.436	0 ms
Numeric time: 0.339	0.339	0 ms
Symbolic time: 0.434	0.435	0 ms
Numeric time: 0.339	0.339	0 ms
Symbolic time: 0.429	0.429	0 ms
Numeric time: 0.344	0.344	0 ms
Symbolic time: 0.431	0.431	0 ms
Numeric time: 0.344	0.344	0 ms
Symbolic time: 0.433	0.433	0 ms
Numeric time: 0.336	0.336	0 ms
Symbolic time: 0.436	0.436	0 ms
Numeric time: 0.338	0.338	0 ms
Symbolic time: 0.434	0.434	0 ms
Numeric time: 0.339	0.339	0 ms
Symbolic time: 0.435	0.435	0 ms
Numeric time: 0.34	0.34	0 ms
Symbolic time: 0.433	0.433	0 ms
Numeric time: 0.346	0.346	0 ms
Symbolic time: 0.43	0.43	0 ms
Numeric time: 0.345	0.346	0 ms
Symbolic time: 0.433	0.433	0 ms
Numeric time: 0.341	0.339	0.001 ms
Symbolic time: 0.433	0	0.432 ms
Numeric time: 0.34	0	0.34 ms
Symbolic time: 0.432	0.383	0.049 ms
Numeric time: 0.339	0.321	0.018 ms
Symbolic time: 0.435	0.435	0 ms
Numeric time: 0.339	0.338	0 ms
Symbolic time: 0.436	0.437	0 ms
Numeric time: 0.341	0.341	0 ms
Symbolic time: 0.431	0.424	0.007 ms
Numeric time: 0.344	0.344	0 ms
Symbolic time: 0.431	0.432	0 ms
Numeric time: 0.344	0.344	0 ms
Symbolic time: 0.43	0.429	0 ms
Numeric time: 0.336	0.335	0.002 ms
Symbolic time: 0.436	0.435	0 ms
Numeric time: 0.34	0.34	0 ms
Symbolic time: 0.438	0.438	0 ms
Numeric time: 0.338	0.338	0 ms
Symbolic time: 0.438	0.437	0 ms
Numeric time: 0.335	0.336	0 ms
Symbolic time: 0.43	0.431	0 ms
Numeric time: 0.343	0.344	0 ms
Symbolic time: 0.432	0.432	0 ms
Numeric time: 0.341	0.342	0 ms
Symbolic time: 0.428	0.428	0 ms
Numeric time: 0.344	0.344	0 ms
Symbolic time: 0.431	0.431	0 ms
Numeric time: 0.34	0.34	0 ms
Symbolic time: 0.436	0.436	0 ms
Numeric time: 0.339	0.339	0 ms
Symbolic time: 0.439	0.439	0 ms
Numeric time: 0.339	0.338	0 ms
Symbolic time: 0.437	0.438	0 ms
Numeric time: 0.338	0.338	0 ms
Symbolic time: 0.429	0.428	0 ms
Numeric time: 0.343	0.343	0 ms
Symbolic time: 0.431	0.431	0 ms
Numeric time: 0.345	0.345	0 ms
Symbolic time: 0.432	0.432	0 ms
Numeric time: 0.34	0.34	0 ms
Symbolic time: 0.431	0.431	0 ms
Numeric time: 0.336	0.337	0 ms
Symbolic time: 0.438	0.437	0 ms
Numeric time: 0.338	0.338	0 ms
Symbolic time: 0.438	0.439	0 ms
Numeric time: 0.341	0.342	0 ms
Symbolic time: 0.433	0.433	0 ms
Numeric time: 0.339	0.339	0 ms
Symbolic time: 0.43	0.429	0 ms
Numeric time: 0.342	0.343	0 ms
Symbolic time: 0.431	0.431	0 ms
Numeric time: 0.344	0.344	0 ms
Symbolic time: 0.432	0.432	0 ms
Numeric time: 0.338	0.338	0 ms
Symbolic time: 0.436	0.436	0 ms
Numeric time: 0.339	0.34	0 ms
Symbolic time: 0.438	0.438	0 ms
Numeric time: 0.342	0.342	0 ms
Symbolic time: 0.43	0.431	0 ms
Numeric time: 0.337	0.337	0 ms
Symbolic time: 0.431	0.432	0 ms
Numeric time: 0.345	0.345	0 ms
Symbolic time: 0.433	0.432	0 ms
Numeric time: 0.344	0.345	0 ms
Symbolic time: 0.432	0.431	0 ms
Numeric time: 0.335	0.335	0 ms
Symbolic time: 0.431	0.431	0 ms
Numeric time: 0.339	0.339	0 ms
Symbolic time: 0.432	0.433	0 ms
Numeric time: 0.338	0.338	0 ms
Symbolic time: 0.434	0.434	0 ms
Numeric time: 0.339	0.34	0 ms
Symbolic time: 0.435	0.435	0 ms
Numeric time: 0.34	0.34	0 ms
Symbolic time: 0.432	0.431	0 ms
Numeric time: 0.343	0.343	0 ms
Symbolic time: 0.433	0.433	0 ms
Numeric time: 0.342	0.342	0 ms
Symbolic time: 0.432	0.431	0 ms
Numeric time: 0.336	0.336	0 ms
Symbolic time: 0.436	0.435	0 ms
Numeric time: 0.338	0.338	0 ms
Symbolic time: 0.435	0.435	0 ms
Numeric time: 0.338	0.338	0 ms
Symbolic time: 0.437	0.437	0 ms
Numeric time: 0.337	0.337	0 ms
Symbolic time: 0.431	0.431	0 ms
Numeric time: 0.345	0.345	0 ms

Symbolic time: 0.452758 ms
Numeric time: 0.360249 ms
