Symbolic time: 1.165	1.162	0 ms
Numeric time: 0.862	0.864	0 ms
Symbolic time: 1.05	1.05	0 ms
Numeric time: 0.782	0.782	0 ms
Symbolic time: 1.027	1.027	0 ms
Numeric time: 0.774	0.774	0 ms
Symbolic time: 1.015	1.015	0 ms
Numeric time: 0.737	0.737	0 ms
Symbolic time: 0.738	0.738	0 ms
Numeric time: 0.559	0.559	0 ms
Symbolic time: 0.743	0.743	0 ms
Numeric time: 0.569	0.569	0 ms
Symbolic time: 0.728	0.728	0 ms
Numeric time: 0.563	0.562	0 ms
Symbolic time: 0.728	0.728	0 ms
Numeric time: 0.559	0.559	0 ms
Symbolic time: 0.738	0.738	0 ms
Numeric time: 0.55	0.551	0 ms
Symbolic time: 0.742	0.742	0 ms
Numeric time: 0.574	0.574	0 ms
Symbolic time: 0.723	0.723	0 ms
Numeric time: 0.567	0.567	0 ms
Symbolic time: 0.732	0.732	0 ms
Numeric time: 0.556	0.556	0 ms
Symbolic time: 0.739	0.738	0 ms
Numeric time: 0.567	0.567	0 ms
Symbolic time: 0.721	0.721	0 ms
Numeric time: 0.565	0.565	0 ms
Symbolic time: 0.738	0.738	0 ms
Numeric time: 0.553	0.553	0 ms
Symbolic time: 0.737	0.737	0 ms
Numeric time: 0.561	0.561	0 ms
Symbolic time: 0.734	0.734	0 ms
Numeric time: 0.564	0.564	0 ms
Symbolic time: 0.73	0.73	0 ms
Numeric time: 0.566	0	0.566 ms
Symbolic time: 0.728	0.371	0.358 ms
Numeric time: 0.562	0.562	0 ms
Symbolic time: 0.735	0.735	0 ms
Numeric time: 0.56	0.56	0 ms
Symbolic time: 0.728	0.729	0 ms
Numeric time: 0.567	0.567	0 ms
Symbolic time: 0.734	0.725	0.008 ms
Numeric time: 0.565	0.565	0 ms
Symbolic time: 0.733	0.733	0 ms
Numeric time: 0.557	0.557	0 ms
Symbolic time: 0.737	0.737	0 ms
Numeric time: 0.568	0	0.568 ms
Symbolic time: 0.738	0.451	0.286 ms
Numeric time: 0.566	0.519	0.047 ms
Symbolic time: 0.737	0.737	0 ms
Numeric time: 0.558	0	0.557 ms
Symbolic time: 0.73	0.343	0.386 ms
Numeric time: 0.559	0.559	0 ms
Symbolic time: 0.728	0.729	0 ms
Numeric time: 0.564	0.564	0 ms
Symbolic time: 0.734	0.733	0 ms
Numeric time: 0.568	0.567	0 ms
Symbolic time: 0.729	0.72	0.01 ms
Numeric time: 0.56	0	0.56 ms
Symbolic time: 0.735	0.424	0.312 ms
Numeric time: 0.558	0.502	0.057 ms
Symbolic time: 0.726	0.726	0 ms
Numeric time: 0.565	0.565	0 ms
Symbolic time: 0.735	0.735	0 ms
Numeric time: 0.554	0.554	0 ms
Symbolic time: 0.735	0.735	0 ms
Numeric time: 0.551	0.548	0.003 ms
Symbolic time: 0.726	0	0.726 ms
Numeric time: 0.569	0.447	0.122 ms
Symbolic time: 0.728	0.729	0 ms
Numeric time: 0.56	0.527	0.033 ms
Symbolic time: 0.734	0.734	0 ms
Numeric time: 0.559	0.559	0 ms
Symbolic time: 0.729	0.718	0.01 ms
Numeric time: 0.566	0.566	0 ms
Symbolic time: 0.731	0.731	0 ms
Numeric time: 0.559	0.559	0 ms
Symbolic time: 0.736	0.736	0 ms
Numeric time: 0.56	0.56	0 ms
Symbolic time: 0.731	0.721	0.01 ms
Numeric time: 0.559	0.559	0 ms
Symbolic time: 0.735	0.735	0 ms
Numeric time: 0.564	0.564	0 ms
Symbolic time: 0.725	0.725	0 ms
Numeric time: 0.564	0.564	0 ms
Symbolic time: 0.736	0.737	0 ms
Numeric time: 0.553	0.553	0 ms
Symbolic time: 0.737	0.737	0 ms
Numeric time: 0.562	0.559	0.002 ms
Symbolic time: 0.724	0	0.723 ms
Numeric time: 0.56	0.429	0.132 ms
Symbolic time: 0.733	0.733	0 ms
Numeric time: 0.554	0.524	0.03 ms
Symbolic time: 0.736	0.736	0 ms
Numeric time: 0.56	0.56	0 ms
Symbolic time: 0.727	0.718	0.009 ms
Numeric time: 0.565	0.565	0 ms
Symbolic time: 0.728	0.727	0 ms
Numeric time: 0.561	0.562	0 ms
Symbolic time: 0.733	0.733	0 ms
Numeric time: 0.563	0.563	0 ms
Symbolic time: 0.731	0.722	0.009 ms
Numeric time: 0.557	0.557	0 ms
Symbolic time: 0.727	0.727	0 ms
Numeric time: 0.561	0.561	0 ms
Symbolic time: 0.735	0.735	0 ms
Numeric time: 0.558	0.558	0 ms
Symbolic time: 0.735	0.735	0 ms
Numeric time: 0.554	0.554	0 ms
Symbolic time: 0.736	0.736	0 ms
Numeric time: 0.568	0.568	0 ms
Symbolic time: 0.724	0.724	0 ms
Numeric time: 0.571	0.571	0 ms
Symbolic time: 0.738	0.738	0 ms
Numeric time: 0.552	0.552	0 ms
Symbolic time: 0.738	0.738	0 ms
Numeric time: 0.557	0	0.557 ms
Symbolic time: 0.723	0.356	0.367 ms
Numeric time: 0.562	0.562	0 ms
Symbolic time: 0.729	0.73	0 ms
Numeric time: 0.581	0.583	0 ms
Symbolic time: 0.736	0.736	0 ms
Numeric time: 0.561	0.562	0 ms
Symbolic time: 0.735	0.735	0 ms
Numeric time: 0.56	0.56	0 ms
Symbolic time: 0.727	0.728	0 ms
Numeric time: 0.56	0.557	0.004 ms
Symbolic time: 0.728	0.728	0 ms
Numeric time: 0.56	0.56	0 ms
Symbolic time: 0.736	0.735	0 ms
Numeric time: 0.554	0.554	0 ms
Symbolic time: 0.735	0.735	0 ms
Numeric time: 0.567	0.567	0 ms
Symbolic time: 0.72	0.72	0 ms
Numeric time: 0.569	0.569	0 ms
Symbolic time: 0.735	0.735	0 ms
Numeric time: 0.557	0.557	0 ms
Symbolic time: 0.739	0.739	0 ms
Numeric time: 0.569	0.569	0 ms
Symbolic time: 0.73	0.73	0 ms
Numeric time: 0.564	0.564	0 ms
Symbolic time: 0.737	0.737	0 ms
Numeric time: 0.553	0.552	0 ms
Symbolic time: 0.732	0.732	0 ms
Numeric time: 0.559	0.558	0 ms
Symbolic time: 0.735	0.735	0 ms
Numeric time: 0.565	0.564	0 ms
Symbolic time: 0.727	0.727	0 ms
Numeric time: 0.565	0.565	0 ms
Symbolic time: 0.731	0.73	0 ms
Numeric time: 0.558	0.558	0 ms
Symbolic time: 0.737	0.737	0 ms
Numeric time: 0.563	0.562	0 ms
Symbolic time: 0.726	0.726	0 ms
Numeric time: 0.563	0.563	0 ms
Symbolic time: 0.734	0.733	0 ms
Numeric time: 0.56	0.56	0 ms
Symbolic time: 0.737	0.737	0 ms
Numeric time: 0.555	0.554	0 ms
Symbolic time: 0.733	0.733	0 ms
Numeric time: 0.567	0.566	0 ms
Symbolic time: 0.729	0.729	0 ms
Numeric time: 0.563	0.564	0 ms
Symbolic time: 0.736	0.735	0 ms
Numeric time: 0.557	0.557	0 ms
Symbolic time: 0.741	0.742	0 ms
Numeric time: 0.567	0.567	0 ms
Symbolic time: 0.73	0.731	0 ms
Numeric time: 0.561	0.561	0 ms
Symbolic time: 0.732	0.732	0 ms
Numeric time: 0.556	0.556	0 ms
Symbolic time: 0.735	0.734	0 ms
Numeric time: 0.565	0.566	0 ms
Symbolic time: 0.734	0.734	0 ms
Numeric time: 0.564	0.564	0 ms
Symbolic time: 0.731	0.731	0 ms
Numeric time: 0.562	0.562	0 ms
Symbolic time: 0.735	0.736	0 ms
Numeric time: 0.551	0.551	0 ms
Symbolic time: 0.736	0.736	0 ms
Numeric time: 0.553	0.553	0 ms
Symbolic time: 0.723	0	0.723 ms
Numeric time: 0.567	0.424	0.143 ms
Symbolic time: 0.737	0.736	0 ms
Numeric time: 0.55	0.529	0.022 ms
Symbolic time: 0.73	0.73	0 ms
Numeric time: 0.558	0.558	0 ms
Symbolic time: 0.728	0.722	0.006 ms
Numeric time: 0.566	0.566	0 ms
Symbolic time: 0.728	0.728	0 ms
Numeric time: 0.557	0.558	0 ms
Symbolic time: 0.734	0.734	0 ms
Numeric time: 0.557	0.557	0 ms
Symbolic time: 0.74	0.733	0.007 ms
Numeric time: 0.557	0	0.557 ms
Symbolic time: 0.727	0.413	0.314 ms
Numeric time: 0.55	0.509	0.041 ms
Symbolic time: 0.726	0.726	0 ms
Numeric time: 0.556	0.556	0 ms
Symbolic time: 0.723	0.724	0 ms
Numeric time: 0.554	0.553	0 ms
Symbolic time: 0.727	0.727	0 ms
Numeric time: 0.553	0.554	0 ms
Symbolic time: 0.721	0.721	0 ms
Numeric time: 0.552	0.553	0 ms
Symbolic time: 0.729	0.729	0 ms
Numeric time: 0.549	0.549	0 ms
Symbolic time: 0.725	0.725	0 ms
Numeric time: 0.554	0.554	0 ms
Symbolic time: 0.723	0.724	0 ms
Numeric time: 0.555	0.555	0 ms
Symbolic time: 0.729	0.729	0 ms
Numeric time: 0.55	0.55	0 ms
Symbolic time: 0.727	0.727	0 ms
Numeric time: 0.553	0	0.554 ms
Symbolic time: 0.723	0.347	0.376 ms
Numeric time: 0.55	0.55	0 ms
Symbolic time: 0.726	0.726	0 ms
Numeric time: 0.55	0.55	0 ms
Symbolic time: 0.728	0.729	0 ms
Numeric time: 0.555	0.555	0 ms
Symbolic time: 0.719	0.716	0.003 ms
Numeric time: 0.554	0.555	0 ms
Symbolic time: 0.725	0.726	0 ms
Numeric time: 0.554	0.554	0 ms
Symbolic time: 0.726	0.726	0 ms
Numeric time: 0.558	0.558	0 ms
Symbolic time: 0.72	0.716	0.003 ms
Numeric time: 0.557	0.557	0 ms
Symbolic time: 0.725	0.725	0 ms
Numeric time: 0.552	0.552	0 ms
Symbolic time: 0.728	0.727	0 ms
Numeric time: 0.553	0.552	0 ms
Symbolic time: 0.728	0.728	0 ms
Numeric time: 0.549	0.549	0 ms
Symbolic time: 0.728	0.728	0 ms
Numeric time: 0.55	0.551	0 ms
Symbolic time: 0.729	0.729	0 ms
Numeric time: 0.557	0.557	0 ms
Symbolic time: 0.728	0.728	0 ms
Numeric time: 0.556	0.557	0 ms
Symbolic time: 0.729	0.729	0 ms
Numeric time: 0.552	0.552	0.001 ms
Symbolic time: 0.721	0.722	0 ms
Numeric time: 0.556	0.556	0 ms
Symbolic time: 0.725	0.725	0 ms
Numeric time: 0.553	0.553	0 ms
Symbolic time: 0.73	0.73	0 ms
Numeric time: 0.556	0.556	0 ms
Symbolic time: 0.724	0.724	0 ms
Numeric time: 0.556	0.556	0 ms
Symbolic time: 0.726	0.726	0 ms
Numeric time: 0.547	0.546	0 ms
Symbolic time: 0.728	0.728	0 ms
Numeric time: 0.555	0.555	0 ms
Symbolic time: 0.723	0.723	0 ms
Numeric time: 0.555	0.555	0 ms
Symbolic time: 0.727	0.727	0 ms
Numeric time: 0.552	0.552	0 ms
Symbolic time: 0.731	0.731	0 ms
Numeric time: 0.555	0.555	0 ms
Symbolic time: 0.721	0.72	0 ms
Numeric time: 0.557	0.556	0 ms
Symbolic time: 0.728	0.729	0 ms
Numeric time: 0.547	0.547	0 ms
Symbolic time: 0.729	0.73	0 ms
Numeric time: 0.554	0.554	0 ms
Symbolic time: 0.747	0.746	0 ms
Numeric time: 0.558	0.557	0 ms
Symbolic time: 0.727	0.727	0 ms
Numeric time: 0.555	0.555	0 ms
Symbolic time: 0.722	0	0.722 ms
Numeric time: 0.559	0.402	0.157 ms
Symbolic time: 0.729	0.728	0 ms
Numeric time: 0.554	0.535	0.019 ms
Symbolic time: 0.727	0.727	0 ms
Numeric time: 0.555	0.555	0 ms
Symbolic time: 0.724	0.719	0.005 ms
Numeric time: 0.555	0.555	0 ms
Symbolic time: 0.729	0.729	0 ms
Numeric time: 0.551	0.551	0 ms
Symbolic time: 0.728	0.728	0 ms
Numeric time: 0.554	0.555	0 ms
Symbolic time: 0.723	0.72	0.003 ms
Numeric time: 0.554	0.553	0 ms
Symbolic time: 0.727	0.727	0 ms
Numeric time: 0.551	0.55	0 ms
Symbolic time: 0.728	0.728	0 ms
Numeric time: 0.555	0.556	0 ms
Symbolic time: 0.724	0.721	0.003 ms
Numeric time: 0.556	0.556	0 ms
Symbolic time: 0.725	0.725	0 ms
Numeric time: 0.551	0.551	0 ms
Symbolic time: 0.728	0.728	0 ms
Numeric time: 0.557	0.557	0 ms
Symbolic time: 0.73	0.727	0.003 ms
Numeric time: 0.568	0.567	0 ms
Symbolic time: 0.727	0.728	0 ms
Numeric time: 0.554	0.554	0 ms
Symbolic time: 0.728	0.727	0 ms
Numeric time: 0.555	0.554	0 ms
Symbolic time: 0.727	0.728	0 ms
Numeric time: 0.551	0.552	0 ms
Symbolic time: 0.729	0.728	0 ms
Numeric time: 0.548	0.548	0 ms
Symbolic time: 0.723	0.722	0 ms
Numeric time: 0.556	0.557	0 ms
Symbolic time: 0.73	0.729	0 ms
Numeric time: 0.549	0.548	0 ms
Symbolic time: 0.727	0.726	0 ms
Numeric time: 0.56	0.56	0 ms
Symbolic time: 0.722	0.722	0 ms
Numeric time: 0.557	0.558	0 ms
Symbolic time: 0.729	0.729	0 ms
Numeric time: 0.548	0.548	0 ms
Symbolic time: 0.727	0.728	0 ms
Numeric time: 0.559	0.559	0 ms
Symbolic time: 0.722	0.722	0 ms
Numeric time: 0.552	0.551	0 ms
Symbolic time: 0.728	0.728	0 ms
Numeric time: 0.552	0.553	0 ms
Symbolic time: 0.729	0.729	0 ms
Numeric time: 0.556	0.556	0 ms
Symbolic time: 0.719	0.72	0 ms
Numeric time: 0.559	0.56	0 ms
Symbolic time: 0.727	0.727	0 ms
Numeric time: 0.551	0.552	0 ms
Symbolic time: 0.727	0.726	0 ms
Numeric time: 0.553	0.554	0 ms
Symbolic time: 0.723	0.722	0 ms
Numeric time: 0.556	0.557	0 ms
Symbolic time: 0.728	0.728	0 ms
Numeric time: 0.55	0.55	0 ms
Symbolic time: 0.732	0.731	0 ms
Numeric time: 0.552	0.551	0 ms
Symbolic time: 0.729	0.729	0 ms
Numeric time: 0.55	0.55	0 ms
Symbolic time: 0.73	0.731	0 ms
Numeric time: 0.553	0.554	0 ms
Symbolic time: 0.723	0.722	0 ms
Numeric time: 0.555	0.554	0 ms
Symbolic time: 0.748	0.747	0 ms
Numeric time: 0.558	0.558	0 ms
Symbolic time: 0.725	0.724	0 ms
Numeric time: 0.559	0.56	0 ms
Symbolic time: 0.721	0.721	0 ms
Numeric time: 0.557	0.557	0 ms
Symbolic time: 0.723	0.724	0 ms
Numeric time: 0.551	0.551	0 ms
Symbolic time: 0.726	0.727	0 ms
Numeric time: 0.558	0.558	0 ms
Symbolic time: 0.723	0.723	0 ms
Numeric time: 0.555	0.555	0 ms
Symbolic time: 0.728	0.728	0 ms
Numeric time: 0.548	0.548	0 ms
Symbolic time: 0.728	0.728	0 ms
Numeric time: 0.555	0	0.555 ms
Symbolic time: 0.723	0.342	0.381 ms
Numeric time: 0.557	0.557	0 ms
Symbolic time: 0.724	0.724	0 ms
Numeric time: 0.547	0.547	0 ms
Symbolic time: 0.732	0.732	0 ms
Numeric time: 0.558	0.557	0 ms
Symbolic time: 0.721	0.718	0.002 ms
Numeric time: 0.552	0	0.551 ms
Symbolic time: 0.728	0.393	0.336 ms
Numeric time: 0.556	0.524	0.033 ms
Symbolic time: 0.725	0.725	0 ms
Numeric time: 0.56	0.56	0 ms
Symbolic time: 0.727	0.727	0 ms
Numeric time: 0.554	0.555	0 ms
Symbolic time: 0.729	0.728	0 ms
Numeric time: 0.549	0.55	0 ms
Symbolic time: 0.722	0.722	0 ms
Numeric time: 0.556	0.555	0 ms
Symbolic time: 0.729	0.729	0 ms
Numeric time: 0.555	0.554	0 ms
Symbolic time: 0.73	0.729	0 ms
Numeric time: 0.553	0.552	0 ms
Symbolic time: 0.722	0.722	0 ms
Numeric time: 0.553	0.553	0 ms
Symbolic time: 0.728	0.728	0 ms
Numeric time: 0.549	0.549	0 ms
Symbolic time: 0.726	0.727	0 ms
Numeric time: 0.554	0.554	0 ms
Symbolic time: 0.721	0.721	0 ms
Numeric time: 0.554	0.553	0 ms
Symbolic time: 0.728	0.729	0 ms
Numeric time: 0.551	0.551	0 ms
Symbolic time: 0.728	0.727	0 ms
Numeric time: 0.553	0.553	0 ms
Symbolic time: 0.722	0.722	0 ms
Numeric time: 0.556	0.557	0 ms
Symbolic time: 0.726	0.725	0 ms
Numeric time: 0.551	0.551	0 ms
Symbolic time: 0.729	0.728	0 ms
Numeric time: 0.556	0.556	0 ms
Symbolic time: 0.723	0.722	0.001 ms
Numeric time: 0.553	0.554	0 ms
Symbolic time: 0.726	0.726	0 ms
Numeric time: 0.551	0.551	0 ms
Symbolic time: 0.729	0.728	0 ms
Numeric time: 0.557	0.557	0 ms
Symbolic time: 0.726	0.726	0 ms
Numeric time: 0.55	0.55	0 ms
Symbolic time: 0.728	0.728	0 ms
Numeric time: 0.549	0.549	0 ms
Symbolic time: 0.735	0.728	0 ms
Numeric time: 0.565	0.565	0 ms
Symbolic time: 0.728	0.728	0 ms
Numeric time: 0.553	0.553	0 ms
Symbolic time: 0.725	0.725	0 ms
Numeric time: 0.555	0.555	0 ms
Symbolic time: 0.72	0.72	0 ms
Numeric time: 0.554	0.554	0 ms
Symbolic time: 0.748	0.748	0 ms
Numeric time: 0.56	0.56	0 ms
Symbolic time: 0.728	0.728	0 ms
Numeric time: 0.558	0.559	0 ms
Symbolic time: 0.72	0.72	0 ms
Numeric time: 0.556	0.556	0 ms
Symbolic time: 0.73	0.73	0 ms
Numeric time: 0.552	0.552	0 ms
Symbolic time: 0.731	0.731	0 ms
Numeric time: 0.556	0.556	0 ms
Symbolic time: 0.721	0.722	0 ms
Numeric time: 0.549	0	0.55 ms
Symbolic time: 0.729	0.389	0.339 ms
Numeric time: 0.547	0.518	0.029 ms
Symbolic time: 0.726	0.726	0 ms
Numeric time: 0.557	0.557	0 ms
Symbolic time: 0.733	0.733	0 ms
Numeric time: 0.548	0.548	0 ms
Symbolic time: 0.726	0.726	0 ms
Numeric time: 0.549	0.549	0 ms
Symbolic time: 0.722	0.722	0 ms
Numeric time: 0.553	0.553	0 ms
Symbolic time: 0.728	0.728	0 ms
Numeric time: 0.551	0.551	0 ms
Symbolic time: 0.73	0.73	0 ms
Numeric time: 0.555	0.555	0 ms
Symbolic time: 0.722	0.722	0 ms
Numeric time: 0.558	0.558	0 ms
Symbolic time: 0.726	0.726	0 ms
Numeric time: 0.553	0.553	0 ms
Symbolic time: 0.73	0.73	0 ms
Numeric time: 0.554	0.554	0 ms
Symbolic time: 0.724	0.724	0 ms
Numeric time: 0.556	0.556	0 ms
Symbolic time: 0.727	0.727	0 ms
Numeric time: 0.549	0.549	0 ms
Symbolic time: 0.727	0.727	0 ms
Numeric time: 0.554	0.554	0 ms
Symbolic time: 0.726	0.726	0 ms
Numeric time: 0.554	0.554	0 ms
Symbolic time: 0.728	0.729	0 ms
Numeric time: 0.55	0.55	0 ms
Symbolic time: 0.728	0.728	0 ms
Numeric time: 0.554	0.554	0 ms
Symbolic time: 0.722	0.722	0 ms
Numeric time: 0.557	0.556	0 ms
Symbolic time: 0.722	0.723	0 ms
Numeric time: 0.55	0.551	0 ms
Symbolic time: 0.726	0.726	0 ms
Numeric time: 0.558	0.558	0 ms
Symbolic time: 0.728	0.728	0 ms
Numeric time: 0.551	0.551	0 ms
Symbolic time: 0.727	0.728	0 ms
Numeric time: 0.552	0.551	0 ms
Symbolic time: 0.725	0.725	0 ms
Numeric time: 0.554	0.554	0 ms
Symbolic time: 0.726	0.726	0 ms
Numeric time: 0.553	0.553	0 ms
Symbolic time: 0.728	0.728	0 ms
Numeric time: 0.55	0.55	0 ms
Symbolic time: 1.357	1.349	0 ms
Numeric time: 1.761	1.762	0 ms
Symbolic time: 2.185	2.185	0 ms
Numeric time: 1.683	0.716	0.966 ms
Symbolic time: 2.185	2.176	0.009 ms
Numeric time: 1.688	1.688	0 ms
Symbolic time: 1.87	1.87	0 ms
Numeric time: 1.06	1.06	0 ms
Symbolic time: 1.377	1.377	0 ms
Numeric time: 1.051	1.05	0 ms
Symbolic time: 1.376	1.375	0 ms
Numeric time: 1.048	1.048	0 ms
Symbolic time: 1.386	1.386	0 ms
Numeric time: 1.045	1.045	0 ms
Symbolic time: 1.084	1.084	0 ms
Numeric time: 0.714	0.715	0 ms
Symbolic time: 0.939	0.939	0 ms
Numeric time: 0.706	0.701	0.006 ms
Symbolic time: 0.939	0.939	0 ms
Numeric time: 0.71	0.71	0 ms
Symbolic time: 0.934	0.934	0 ms
Numeric time: 0.716	0.716	0 ms
Symbolic time: 0.936	0.936	0 ms
Numeric time: 0.712	0.712	0 ms
Symbolic time: 0.931	0.931	0 ms
Numeric time: 0.691	0.69	0 ms
Symbolic time: 0.726	0.727	0 ms
Numeric time: 0.557	0.557	0 ms
Symbolic time: 0.728	0.727	0 ms
Numeric time: 0.555	0.555	0 ms
Symbolic time: 0.726	0.727	0 ms
Numeric time: 0.554	0.555	0 ms
Symbolic time: 0.726	0.727	0 ms
Numeric time: 0.562	0.563	0 ms
Symbolic time: 0.73	0.729	0 ms
Numeric time: 0.557	0.557	0 ms
Symbolic time: 0.726	0.726	0 ms
Numeric time: 0.559	0.56	0 ms
Symbolic time: 0.723	0.723	0 ms
Numeric time: 0.56	0.559	0 ms
Symbolic time: 0.728	0.729	0 ms
Numeric time: 0.555	0.555	0 ms
Symbolic time: 0.728	0.727	0 ms
Numeric time: 0.561	0.561	0 ms
Symbolic time: 0.73	0.729	0 ms
Numeric time: 0.565	0.566	0 ms
Symbolic time: 0.728	0.727	0 ms
Numeric time: 0.555	0.555	0 ms
Symbolic time: 0.728	0.728	0 ms
Numeric time: 0.558	0.559	0 ms
Symbolic time: 0.727	0.727	0 ms
Numeric time: 0.553	0.553	0 ms
Symbolic time: 0.726	0.725	0 ms
Numeric time: 0.555	0.555	0 ms
Symbolic time: 0.727	0.726	0 ms
Numeric time: 0.557	0.557	0 ms
Symbolic time: 0.725	0.725	0 ms
Numeric time: 0.555	0.555	0 ms
Symbolic time: 0.732	0.731	0 ms
Numeric time: 0.559	0.559	0 ms
Symbolic time: 0.725	0.726	0 ms
Numeric time: 0.56	0.56	0 ms
Symbolic time: 0.729	0.73	0 ms
Numeric time: 0.556	0.556	0 ms
Symbolic time: 0.734	0.735	0 ms
Numeric time: 0.555	0	0.556 ms
Symbolic time: 0.721	0.344	0.378 ms
Numeric time: 0.556	0	0.557 ms
Symbolic time: 0.729	0.38	0.349 ms
Numeric time: 0.554	0.528	0.027 ms
Symbolic time: 0.728	0.728	0 ms
Numeric time: 0.564	0.564	0 ms
Symbolic time: 0.722	0.718	0.004 ms
Numeric time: 0.565	0.565	0 ms
Symbolic time: 0.726	0.726	0 ms
Numeric time: 0.555	0.556	0 ms
Symbolic time: 0.725	0.725	0 ms
Numeric time: 0.558	0.559	0 ms
Symbolic time: 0.725	0.725	0 ms
Numeric time: 0.555	0.555	0 ms
Symbolic time: 0.727	0.728	0 ms
Numeric time: 0.556	0.556	0 ms
Symbolic time: 0.727	0.727	0 ms
Numeric time: 0.56	0.559	0 ms
Symbolic time: 0.726	0.727	0 ms
Numeric time: 0.551	0.551	0 ms
Symbolic time: 0.727	0.727	0 ms
Numeric time: 0.559	0.56	0 ms
Symbolic time: 0.721	0.722	0 ms
Numeric time: 0.56	0.56	0 ms
Symbolic time: 0.729	0.73	0 ms
Numeric time: 0.555	0.554	0 ms
Symbolic time: 0.727	0.727	0 ms
Numeric time: 0.557	0.556	0 ms
Symbolic time: 0.723	0.723	0 ms
Numeric time: 0.557	0.557	0 ms
Symbolic time: 0.726	0.726	0 ms
Numeric time: 0.556	0.555	0 ms
Symbolic time: 0.727	0.728	0 ms
Numeric time: 0.557	0.558	0 ms
Symbolic time: 0.721	0.72	0 ms
Numeric time: 0.554	0	0.554 ms
Symbolic time: 0.728	0.392	0.336 ms
Numeric time: 0.553	0.526	0.027 ms
Symbolic time: 0.726	0.727	0 ms
Numeric time: 0.561	0.562	0 ms
Symbolic time: 0.73	0.73	0 ms
Numeric time: 0.556	0.556	0 ms
Symbolic time: 0.728	0.727	0 ms
Numeric time: 0.558	0.557	0 ms
Symbolic time: 0.722	0.722	0 ms
Numeric time: 0.56	0.56	0 ms
Symbolic time: 0.729	0.728	0 ms
Numeric time: 0.553	0.553	0 ms
Symbolic time: 0.726	0.727	0 ms
Numeric time: 0.558	0.557	0 ms
Symbolic time: 0.725	0.725	0 ms
Numeric time: 0.557	0.557	0 ms
Symbolic time: 0.727	0.728	0 ms
Numeric time: 0.55	0.551	0 ms
Symbolic time: 0.731	0.73	0 ms
Numeric time: 0.558	0.557	0 ms
Symbolic time: 0.726	0.727	0 ms
Numeric time: 0.555	0.555	0 ms
Symbolic time: 0.729	0.729	0 ms
Numeric time: 0.551	0.55	0 ms
Symbolic time: 0.728	0.729	0 ms
Numeric time: 0.563	0.564	0 ms
Symbolic time: 0.729	0.73	0 ms
Numeric time: 0.552	0.552	0 ms
Symbolic time: 0.728	0.728	0 ms
Numeric time: 0.555	0.556	0 ms
Symbolic time: 0.722	0.722	0 ms
Numeric time: 0.559	0.56	0 ms
Symbolic time: 0.729	0.73	0 ms
Numeric time: 0.555	0.555	0 ms
Symbolic time: 0.728	0.727	0 ms
Numeric time: 0.56	0.56	0 ms
Symbolic time: 0.723	0.724	0 ms
Numeric time: 0.555	0.555	0 ms
Symbolic time: 0.724	0.724	0 ms
Numeric time: 0.552	0.552	0 ms
Symbolic time: 0.728	0.728	0 ms
Numeric time: 0.557	0.558	0 ms
Symbolic time: 0.722	0.723	0 ms
Numeric time: 0.557	0	0.557 ms
Symbolic time: 0.731	0.385	0.345 ms
Numeric time: 0.553	0.527	0.026 ms
Symbolic time: 0.729	0.729	0 ms
Numeric time: 0.557	0.557	0 ms
Symbolic time: 0.722	0.718	0.004 ms
Numeric time: 0.56	0.56	0 ms
Symbolic time: 0.729	0.729	0 ms
Numeric time: 0.552	0.552	0 ms
Symbolic time: 0.729	0.729	0 ms
Numeric time: 0.56	0.56	0 ms
Symbolic time: 0.728	0.728	0 ms
Numeric time: 0.556	0.556	0 ms
Symbolic time: 0.731	0.731	0 ms
Numeric time: 0.557	0.557	0.001 ms
Symbolic time: 0.725	0.726	0 ms
Numeric time: 0.564	0.564	0 ms
Symbolic time: 0.73	0.729	0 ms
Numeric time: 0.559	0.559	0 ms
Symbolic time: 0.726	0.726	0 ms
Numeric time: 0.558	0.559	0 ms
Symbolic time: 0.721	0.722	0 ms
Numeric time: 0.561	0.562	0 ms
Symbolic time: 0.725	0.725	0 ms
Numeric time: 0.556	0.557	0 ms
Symbolic time: 0.729	0.729	0 ms
Numeric time: 0.56	0.56	0 ms
Symbolic time: 0.721	0.722	0 ms
Numeric time: 0.565	0.564	0 ms
Symbolic time: 0.727	0.727	0 ms
Numeric time: 0.562	0.561	0 ms
Symbolic time: 0.727	0.727	0 ms
Numeric time: 0.558	0.559	0 ms
Symbolic time: 0.727	0.728	0 ms
Numeric time: 0.554	0.554	0 ms
Symbolic time: 0.73	0.73	0 ms
Numeric time: 0.553	0.553	0 ms
Symbolic time: 0.726	0.726	0 ms
Numeric time: 0.557	0	0.557 ms
Symbolic time: 0.73	0.39	0.339 ms
Numeric time: 0.555	0.528	0.026 ms
Symbolic time: 0.725	0.726	0 ms
Numeric time: 0.559	0.559	0 ms
Symbolic time: 0.723	0.72	0.004 ms
Numeric time: 0.562	0.562	0 ms
Symbolic time: 0.728	0.728	0 ms
Numeric time: 0.554	0.553	0 ms
Symbolic time: 0.726	0.727	0 ms
Numeric time: 0.557	0.557	0 ms
Symbolic time: 0.724	0.72	0.003 ms
Numeric time: 0.557	0.557	0 ms
Symbolic time: 0.726	0.727	0 ms
Numeric time: 0.553	0.553	0 ms
Symbolic time: 0.725	0.725	0 ms
Numeric time: 0.565	0.565	0 ms
Symbolic time: 0.723	0.72	0.003 ms
Numeric time: 0.553	0	0.554 ms
Symbolic time: 0.727	0.391	0.337 ms
Numeric time: 0.558	0.532	0.027 ms
Symbolic time: 0.724	0.725	0 ms
Numeric time: 0.557	0	0.557 ms
Symbolic time: 0.731	0.396	0.335 ms
Numeric time: 0.552	0.525	0.027 ms
Symbolic time: 0.729	0.728	0 ms
Numeric time: 0.553	0.538	0.014 ms
Symbolic time: 0.723	0.723	0 ms
Numeric time: 0.557	0.557	0 ms
Symbolic time: 0.728	0.729	0 ms
Numeric time: 0.551	0.55	0 ms
Symbolic time: 0.727	0.727	0 ms
Numeric time: 0.556	0.556	0 ms
Symbolic time: 0.724	0.725	0 ms
Numeric time: 0.559	0.559	0 ms
Symbolic time: 0.729	0.729	0 ms
Numeric time: 0.555	0.555	0 ms
Symbolic time: 0.728	0.728	0 ms
Numeric time: 0.558	0.558	0 ms
Symbolic time: 0.723	0.723	0 ms
Numeric time: 0.557	0.557	0 ms
Symbolic time: 0.73	0.73	0 ms
Numeric time: 0.554	0.554	0 ms
Symbolic time: 0.731	0.732	0 ms
Numeric time: 0.562	0.562	0 ms
Symbolic time: 0.725	0.725	0 ms
Numeric time: 0.556	0.557	0 ms
Symbolic time: 0.727	0.727	0 ms
Numeric time: 0.553	0.553	0 ms
Symbolic time: 0.722	0.722	0 ms
Numeric time: 0.56	0.56	0 ms
Symbolic time: 0.724	0.724	0 ms
Numeric time: 0.557	0.557	0 ms
Symbolic time: 0.729	0.729	0 ms
Numeric time: 0.56	0.56	0 ms
Symbolic time: 0.721	0.721	0 ms
Numeric time: 0.561	0.561	0 ms
Symbolic time: 0.727	0.727	0 ms
Numeric time: 0.554	0.554	0 ms
Symbolic time: 0.726	0.726	0 ms
Numeric time: 0.559	0.559	0 ms
Symbolic time: 0.723	0.723	0 ms
Numeric time: 0.558	0	0.559 ms
Symbolic time: 0.73	0.388	0.343 ms
Numeric time: 0.55	0.523	0.026 ms
Symbolic time: 0.727	0.727	0 ms
Numeric time: 0.556	0.557	0 ms
Symbolic time: 0.723	0.719	0.004 ms
Numeric time: 0.56	0.56	0 ms
Symbolic time: 0.727	0.728	0 ms
Numeric time: 0.552	0.551	0 ms
Symbolic time: 0.73	0.73	0 ms
Numeric time: 0.558	0	0.558 ms
Symbolic time: 0.729	0.396	0.333 ms
Numeric time: 0.553	0.525	0.028 ms
Symbolic time: 0.728	0.727	0 ms
Numeric time: 0.552	0.537	0.014 ms
Symbolic time: 0.721	0.721	0 ms
Numeric time: 0.56	0.561	0 ms
Symbolic time: 0.728	0.728	0 ms
Numeric time: 0.552	0.552	0 ms
Symbolic time: 0.726	0.726	0 ms
Numeric time: 0.558	0.558	0 ms
Symbolic time: 0.722	0.722	0 ms
Numeric time: 0.564	0.564	0 ms
Symbolic time: 0.726	0.726	0 ms
Numeric time: 0.558	0.558	0 ms
Symbolic time: 0.728	0.728	0 ms
Numeric time: 0.557	0.558	0 ms
Symbolic time: 0.723	0.723	0 ms
Numeric time: 0.56	0.56	0 ms
Symbolic time: 0.728	0.727	0 ms
Numeric time: 0.555	0.555	0 ms
Symbolic time: 0.73	0.73	0 ms
Numeric time: 0.562	0.562	0 ms
Symbolic time: 0.722	0.72	0.002 ms
Numeric time: 0.56	0.56	0 ms
Symbolic time: 0.729	0.729	0 ms
Numeric time: 0.557	0.557	0 ms
Symbolic time: 0.728	0.728	0 ms
Numeric time: 0.562	0.562	0 ms
Symbolic time: 0.725	0.725	0 ms
Numeric time: 0.555	0.555	0 ms
Symbolic time: 0.729	0.729	0 ms
Numeric time: 0.554	0.554	0 ms
Symbolic time: 0.723	0	0.723 ms
Numeric time: 0.557	0.391	0.166 ms
Symbolic time: 0.726	0.725	0 ms
Numeric time: 0.555	0.54	0.014 ms
Symbolic time: 0.729	0.729	0 ms
Numeric time: 0.562	0	0.562 ms
Symbolic time: 0.723	0.342	0.381 ms
Numeric time: 0.562	0.561	0 ms
Symbolic time: 0.729	0.728	0 ms
Numeric time: 0.555	0.555	0 ms
Symbolic time: 0.73	0.73	0 ms
Numeric time: 0.557	0.557	0 ms
Symbolic time: 0.721	0.717	0.004 ms
Numeric time: 0.559	0.559	0 ms
Symbolic time: 0.724	0.724	0 ms
Numeric time: 0.556	0.556	0 ms
Symbolic time: 0.73	0.73	0 ms
Numeric time: 0.557	0.557	0 ms
Symbolic time: 0.73	0.73	0 ms
Numeric time: 0.556	0.556	0 ms
Symbolic time: 0.727	0.728	0 ms
Numeric time: 0.554	0.554	0 ms
Symbolic time: 0.723	0.723	0 ms
Numeric time: 0.558	0.558	0 ms
Symbolic time: 0.728	0.729	0 ms
Numeric time: 0.556	0.556	0 ms
Symbolic time: 0.728	0.728	0 ms
Numeric time: 0.563	0.563	0 ms
Symbolic time: 0.723	0.723	0 ms
Numeric time: 0.56	0.56	0 ms
Symbolic time: 0.727	0.727	0 ms
Numeric time: 0.556	0.556	0 ms
Symbolic time: 0.728	0.728	0 ms
Numeric time: 0.56	0.56	0 ms
Symbolic time: 0.723	0.723	0 ms
Numeric time: 0.56	0.56	0 ms
Symbolic time: 0.727	0.726	0 ms
Numeric time: 0.554	0.554	0 ms
Symbolic time: 0.726	0.726	0 ms
Numeric time: 0.555	0.555	0 ms
Symbolic time: 0.724	0.723	0.001 ms
Numeric time: 0.557	0.557	0 ms
Symbolic time: 0.726	0.726	0 ms
Numeric time: 0.551	0.552	0 ms
Symbolic time: 0.731	0.732	0 ms
Numeric time: 0.556	0.555	0 ms
Symbolic time: 0.725	0.726	0 ms
Numeric time: 0.551	0.551	0 ms
Symbolic time: 0.728	0.729	0 ms
Numeric time: 0.554	0.554	0 ms
Symbolic time: 0.725	0.725	0 ms
Numeric time: 0.559	0	0.559 ms
Symbolic time: 0.73	0.395	0.336 ms
Numeric time: 0.555	0.527	0.028 ms
Symbolic time: 0.729	0.729	0 ms
Numeric time: 0.561	0.562	0 ms
Symbolic time: 0.724	0.719	0.004 ms
Numeric time: 0.561	0.561	0 ms
Symbolic time: 0.728	0.728	0 ms
Numeric time: 0.554	0.554	0 ms
Symbolic time: 0.726	0.726	0 ms
Numeric time: 0.561	0.561	0 ms
Symbolic time: 0.723	0.72	0.003 ms
Numeric time: 0.561	0	0.562 ms
Symbolic time: 0.728	0.386	0.343 ms
Numeric time: 0.557	0.528	0.029 ms
Symbolic time: 0.727	0.727	0 ms
Numeric time: 0.563	0.563	0 ms
Symbolic time: 0.73	0.73	0 ms
Numeric time: 0.552	0.552	0 ms
Symbolic time: 0.729	0.729	0 ms
Numeric time: 0.554	0.553	0.001 ms
Symbolic time: 0.726	0.726	0 ms
Numeric time: 0.56	0.559	0 ms
Symbolic time: 0.731	0.73	0 ms
Numeric time: 0.556	0.555	0 ms
Symbolic time: 0.729	0.729	0 ms
Numeric time: 0.556	0.555	0 ms
Symbolic time: 0.727	0.727	0 ms
Numeric time: 0.557	0.557	0 ms
Symbolic time: 0.728	0.728	0 ms
Numeric time: 0.553	0.554	0 ms
Symbolic time: 0.725	0.726	0 ms
Numeric time: 0.56	0.56	0 ms
Symbolic time: 0.723	0.723	0 ms
Numeric time: 0.562	0	0.563 ms
Symbolic time: 0.729	0.388	0.341 ms
Numeric time: 0.554	0.526	0.029 ms
Symbolic time: 0.726	0.727	0 ms
Numeric time: 0.559	0.559	0 ms
Symbolic time: 0.722	0.717	0.005 ms
Numeric time: 0.559	0.559	0 ms
Symbolic time: 0.731	0.731	0 ms
Numeric time: 0.555	0.554	0 ms
Symbolic time: 0.729	0.73	0 ms
Numeric time: 0.56	0	0.56 ms
Symbolic time: 0.726	0.399	0.33 ms
Numeric time: 0.556	0.527	0.029 ms
Symbolic time: 0.73	0.73	0 ms
Numeric time: 0.562	0.562	0 ms
Symbolic time: 0.723	0.717	0.005 ms
Numeric time: 0.558	0.559	0 ms
Symbolic time: 0.727	0.727	0 ms
Numeric time: 0.554	0.554	0 ms
Symbolic time: 0.727	0.727	0 ms
Numeric time: 0.558	0.558	0 ms
Symbolic time: 0.724	0.72	0.003 ms
Numeric time: 0.56	0.559	0 ms
Symbolic time: 0.727	0.727	0 ms
Numeric time: 0.551	0.552	0 ms
Symbolic time: 0.727	0.727	0 ms
Numeric time: 0.562	0.563	0 ms
Symbolic time: 0.724	0.721	0.003 ms
Numeric time: 0.557	0.558	0 ms
Symbolic time: 0.728	0.728	0 ms
Numeric time: 0.554	0.554	0 ms
Symbolic time: 0.73	0.731	0 ms
Numeric time: 0.564	0.564	0 ms
Symbolic time: 0.725	0.725	0 ms
Numeric time: 0.558	0.558	0 ms
Symbolic time: 0.727	0.727	0 ms
Numeric time: 0.556	0.556	0 ms
Symbolic time: 0.723	0.723	0 ms
Numeric time: 0.56	0.56	0 ms
Symbolic time: 0.727	0.727	0 ms
Numeric time: 0.553	0.553	0 ms
Symbolic time: 0.727	0.728	0 ms
Numeric time: 0.558	0.559	0 ms
Symbolic time: 0.723	0.722	0 ms
Numeric time: 0.558	0.559	0 ms
Symbolic time: 0.729	0.729	0 ms
Numeric time: 0.554	0.554	0 ms
Symbolic time: 0.728	0.728	0 ms
Numeric time: 0.56	0.56	0 ms
Symbolic time: 0.725	0.725	0 ms
Numeric time: 0.561	0.562	0 ms
Symbolic time: 0.726	0.727	0 ms
Numeric time: 0.554	0.554	0 ms
Symbolic time: 0.732	0.732	0 ms
Numeric time: 0.56	0.56	0 ms
Symbolic time: 0.723	0.722	0.001 ms
Numeric time: 0.56	0	0.56 ms
Symbolic time: 0.729	0.409	0.32 ms
Numeric time: 0.557	0.528	0.029 ms
Symbolic time: 0.726	0.726	0 ms
Numeric time: 0.559	0.56	0 ms
Symbolic time: 0.725	0.725	0 ms
Numeric time: 0.552	0.551	0 ms
Symbolic time: 0.728	0.729	0 ms
Numeric time: 0.556	0.556	0 ms
Symbolic time: 0.722	0.722	0 ms
Numeric time: 0.562	0.561	0 ms
Symbolic time: 0.728	0.728	0 ms
Numeric time: 0.551	0.551	0 ms
Symbolic time: 0.726	0.727	0 ms
Numeric time: 0.557	0.557	0 ms
Symbolic time: 0.722	0.721	0 ms
Numeric time: 0.554	0.554	0 ms
Symbolic time: 0.726	0.727	0 ms
Numeric time: 0.551	0.55	0 ms
Symbolic time: 0.728	0.728	0 ms
Numeric time: 0.556	0.556	0 ms
Symbolic time: 0.728	0.728	0 ms
Numeric time: 0.562	0.562	0 ms
Symbolic time: 0.728	0.727	0 ms
Numeric time: 0.554	0.554	0 ms
Symbolic time: 0.724	0.725	0 ms
Numeric time: 0.563	0.563	0 ms
Symbolic time: 0.729	0.728	0 ms
Numeric time: 0.558	0.558	0 ms
Symbolic time: 0.727	0.726	0 ms
Numeric time: 0.553	0.554	0 ms
Symbolic time: 0.721	0	0.721 ms
Numeric time: 0.558	0.393	0.165 ms
Symbolic time: 0.728	0.728	0 ms
Numeric time: 0.556	0.541	0.015 ms
Symbolic time: 0.725	0.725	0 ms
Numeric time: 0.556	0.557	0 ms
Symbolic time: 0.725	0.721	0.005 ms
Numeric time: 0.562	0.563	0 ms
Symbolic time: 0.73	0.73	0 ms
Numeric time: 0.556	0.556	0 ms
Symbolic time: 0.724	0.725	0 ms
Numeric time: 0.556	0.556	0 ms
Symbolic time: 0.725	0.721	0.004 ms
Numeric time: 0.56	0.56	0 ms
Symbolic time: 0.727	0.728	0 ms
Numeric time: 0.551	0.551	0 ms
Symbolic time: 0.729	0.728	0 ms
Numeric time: 0.558	0.559	0 ms
Symbolic time: 0.725	0.721	0.004 ms
Numeric time: 0.559	0.559	0 ms
Symbolic time: 0.727	0.728	0 ms
Numeric time: 0.551	0.55	0 ms
Symbolic time: 0.73	0.73	0 ms
Numeric time: 0.559	0.558	0 ms
Symbolic time: 0.73	0.729	0 ms
Numeric time: 0.555	0.554	0 ms
Symbolic time: 0.727	0.727	0 ms
Numeric time: 0.554	0.555	0 ms
Symbolic time: 0.723	0.723	0 ms
Numeric time: 0.556	0.556	0 ms
Symbolic time: 0.725	0.724	0 ms
Numeric time: 0.553	0.554	0 ms
Symbolic time: 0.725	0.725	0 ms
Numeric time: 0.56	0.56	0 ms
Symbolic time: 0.722	0.721	0 ms
Numeric time: 0.564	0.564	0 ms
Symbolic time: 0.727	0.727	0 ms
Numeric time: 0.556	0.556	0 ms
Symbolic time: 0.727	0.727	0 ms
Numeric time: 0.561	0.56	0 ms
Symbolic time: 0.719	0.719	0 ms
Numeric time: 0.558	0.559	0 ms
Symbolic time: 0.727	0.726	0 ms
Numeric time: 0.552	0.552	0 ms
Symbolic time: 0.726	0.725	0 ms
Numeric time: 0.557	0.557	0 ms
Symbolic time: 0.726	0.726	0 ms
Numeric time: 0.555	0.556	0 ms
Symbolic time: 0.727	0.728	0 ms
Numeric time: 0.553	0.552	0 ms
Symbolic time: 0.723	0	0.723 ms
Numeric time: 0.557	0	0.557 ms
Symbolic time: 0.732	0.203	0.529 ms
Numeric time: 0.553	0.524	0.028 ms
Symbolic time: 0.728	0.728	0 ms
Numeric time: 0.557	0.558	0 ms
Symbolic time: 0.723	0.718	0.005 ms
Numeric time: 0.558	0.558	0 ms
Symbolic time: 0.727	0.727	0 ms
Numeric time: 0.556	0.556	0 ms
Symbolic time: 0.728	0.728	0 ms
Numeric time: 0.558	0.557	0 ms
Symbolic time: 0.72	0.717	0.003 ms
Numeric time: 0.559	0.559	0 ms
Symbolic time: 0.73	0.73	0 ms
Numeric time: 0.553	0.553	0 ms
Symbolic time: 0.725	0.724	0 ms
Numeric time: 0.557	0.557	0 ms
Symbolic time: 0.721	0.717	0.003 ms
Numeric time: 0.558	0.558	0 ms
Symbolic time: 0.728	0.728	0 ms
Numeric time: 0.551	0.551	0 ms
Symbolic time: 0.727	0.727	0 ms
Numeric time: 0.56	0.56	0 ms
Symbolic time: 0.731	0.731	0 ms
Numeric time: 0.553	0.553	0 ms
Symbolic time: 0.725	0.725	0 ms
Numeric time: 0.557	0.557	0 ms
Symbolic time: 0.723	0.723	0 ms
Numeric time: 0.561	0.561	0 ms
Symbolic time: 0.728	0.728	0 ms
Numeric time: 0.551	0.551	0 ms
Symbolic time: 0.729	0.729	0 ms
Numeric time: 0.555	0.555	0 ms
Symbolic time: 0.723	0.724	0 ms
Numeric time: 0.56	0.561	0 ms
Symbolic time: 0.728	0.728	0 ms
Numeric time: 0.553	0.553	0 ms
Symbolic time: 0.73	0.729	0 ms
Numeric time: 0.561	0.561	0 ms
Symbolic time: 0.721	0.721	0 ms
Numeric time: 0.559	0.559	0 ms
Symbolic time: 0.736	0.736	0 ms
Numeric time: 0.556	0.556	0 ms
Symbolic time: 0.726	0.726	0 ms
Numeric time: 0.56	0.56	0 ms
Symbolic time: 0.731	0.731	0 ms
Numeric time: 0.554	0.554	0 ms
Symbolic time: 0.732	0.732	0 ms
Numeric time: 0.552	0.553	0 ms
Symbolic time: 0.722	0	0.722 ms
Numeric time: 0.555	0.392	0.163 ms
Symbolic time: 0.73	0.73	0 ms
Numeric time: 0.55	0.535	0.015 ms
Symbolic time: 0.728	0.728	0 ms
Numeric time: 0.56	0.56	0 ms
Symbolic time: 0.726	0.722	0.005 ms
Numeric time: 0.555	0.556	0 ms
Symbolic time: 0.728	0.729	0 ms
Numeric time: 0.555	0.554	0 ms
Symbolic time: 0.725	0.726	0 ms
Numeric time: 0.56	0.56	0 ms
Symbolic time: 0.723	0.719	0.003 ms
Numeric time: 0.56	0.561	0 ms
Symbolic time: 0.725	0.725	0 ms
Numeric time: 0.555	0.555	0 ms
Symbolic time: 0.728	0.728	0 ms
Numeric time: 0.562	0.563	0 ms
Symbolic time: 0.722	0.718	0.003 ms
Numeric time: 0.558	0.557	0 ms
Symbolic time: 0.728	0.728	0 ms
Numeric time: 0.556	0.557	0 ms
Symbolic time: 0.727	0.726	0 ms
Numeric time: 0.557	0.557	0 ms
Symbolic time: 0.729	0.729	0 ms
Numeric time: 0.556	0.556	0 ms
Symbolic time: 0.727	0.728	0 ms
Numeric time: 0.552	0.552	0 ms
Symbolic time: 0.723	0.724	0 ms
Numeric time: 0.559	0.56	0 ms
Symbolic time: 0.731	0.731	0 ms
Numeric time: 0.552	0.552	0 ms
Symbolic time: 0.732	0.733	0 ms
Numeric time: 0.558	0.558	0 ms
Symbolic time: 0.723	0.723	0 ms
Numeric time: 0.559	0.56	0 ms
Symbolic time: 0.728	0.729	0 ms
Numeric time: 0.553	0.552	0 ms
Symbolic time: 0.732	0.733	0 ms
Numeric time: 0.556	0	0.557 ms
Symbolic time: 0.724	0.346	0.377 ms
Numeric time: 0.554	0.554	0 ms
Symbolic time: 0.724	0.723	0 ms
Numeric time: 0.55	0.55	0 ms
Symbolic time: 0.727	0.727	0 ms
Numeric time: 0.559	0.559	0 ms
Symbolic time: 0.723	0.721	0.002 ms
Numeric time: 0.552	0	0.552 ms
Symbolic time: 0.725	0.389	0.336 ms
Numeric time: 0.555	0.527	0.028 ms
Symbolic time: 0.726	0.726	0 ms
Numeric time: 0.56	0.56	0 ms
Symbolic time: 0.727	0.727	0 ms
Numeric time: 0.555	0.555	0 ms
Symbolic time: 0.727	0.726	0 ms
Numeric time: 0.555	0.554	0 ms
Symbolic time: 0.721	0	0.722 ms
Numeric time: 0.565	0.403	0.161 ms
Symbolic time: 0.726	0.726	0 ms
Numeric time: 0.555	0.54	0.015 ms
Symbolic time: 0.727	0.726	0 ms
Numeric time: 0.559	0.559	0 ms
Symbolic time: 0.722	0.718	0.004 ms
Numeric time: 0.559	0.559	0 ms
Symbolic time: 0.728	0.727	0 ms
Numeric time: 0.558	0.557	0 ms
Symbolic time: 0.729	0.729	0 ms
Numeric time: 0.557	0.557	0 ms
Symbolic time: 0.725	0.721	0.004 ms
Numeric time: 0.556	0.556	0 ms
Symbolic time: 0.726	0.726	0 ms
Numeric time: 0.551	0.551	0 ms
Symbolic time: 0.728	0.729	0 ms
Numeric time: 0.557	0.557	0 ms
Symbolic time: 0.73	0.729	0 ms
Numeric time: 0.554	0.554	0 ms
Symbolic time: 0.729	0.728	0 ms
Numeric time: 0.553	0.553	0 ms
Symbolic time: 0.723	0	0.723 ms
Numeric time: 0.568	0.405	0.164 ms
Symbolic time: 0.731	0.73	0 ms
Numeric time: 0.556	0.54	0.016 ms
Symbolic time: 0.729	0.729	0 ms
Numeric time: 0.562	0.561	0 ms
Symbolic time: 0.723	0.718	0.005 ms
Numeric time: 0.558	0.56	0 ms
Symbolic time: 0.729	0.729	0 ms
Numeric time: 0.557	0.557	0 ms
Symbolic time: 0.727	0.727	0 ms
Numeric time: 0.559	0.559	0 ms
Symbolic time: 0.721	0.717	0.004 ms
Numeric time: 0.559	0.559	0 ms
Symbolic time: 0.728	0.728	0 ms
Numeric time: 0.555	0.555	0 ms
Symbolic time: 0.728	0.727	0 ms
Numeric time: 0.558	0.559	0 ms
Symbolic time: 0.722	0.719	0.003 ms
Numeric time: 0.559	0.56	0 ms
Symbolic time: 0.729	0.729	0 ms
Numeric time: 0.554	0.554	0 ms
Symbolic time: 0.725	0.725	0 ms
Numeric time: 0.559	0.559	0 ms
Symbolic time: 0.727	0.727	0 ms
Numeric time: 0.556	0.556	0 ms
Symbolic time: 0.729	0.728	0 ms
Numeric time: 0.551	0.551	0 ms
Symbolic time: 0.722	0.722	0 ms
Numeric time: 0.556	0.556	0 ms
Symbolic time: 0.729	0.729	0 ms
Numeric time: 0.558	0.557	0 ms
Symbolic time: 0.73	0.73	0 ms
Numeric time: 0.56	0.56	0 ms
Symbolic time: 0.723	0.723	0 ms
Numeric time: 0.567	0.567	0 ms
Symbolic time: 0.729	0.729	0 ms
Numeric time: 0.555	0.555	0 ms
Symbolic time: 0.728	0.729	0 ms
Numeric time: 0.554	0.554	0 ms
Symbolic time: 0.726	0.726	0 ms
Numeric time: 0.562	0.561	0 ms
Symbolic time: 0.728	0.728	0 ms
Numeric time: 0.559	0.558	0 ms
Symbolic time: 0.728	0.727	0 ms
Numeric time: 0.555	0.555	0 ms
Symbolic time: 0.724	0.723	0 ms
Numeric time: 0.556	0.556	0 ms
Symbolic time: 0.725	0.725	0 ms
Numeric time: 0.558	0.559	0 ms
Symbolic time: 0.719	0.72	0 ms
Numeric time: 0.556	0.556	0 ms
Symbolic time: 0.725	0.726	0 ms
Numeric time: 0.556	0.556	0 ms
Symbolic time: 0.727	0.727	0 ms
Numeric time: 0.558	0.558	0 ms
Symbolic time: 0.721	0.722	0 ms
Numeric time: 0.559	0.558	0 ms
Symbolic time: 0.727	0.727	0 ms
Numeric time: 0.551	0.551	0 ms
Symbolic time: 0.73	0.73	0 ms
Numeric time: 0.558	0.558	0 ms
Symbolic time: 0.724	0.724	0 ms
Numeric time: 0.555	0	0.555 ms
Symbolic time: 0.726	0.382	0.343 ms
Numeric time: 0.551	0.523	0.028 ms
Symbolic time: 0.729	0.73	0 ms
Numeric time: 0.555	0.556	0 ms
Symbolic time: 0.724	0.72	0.004 ms
Numeric time: 0.556	0.557	0 ms
Symbolic time: 0.729	0.728	0 ms
Numeric time: 0.556	0.557	0 ms
Symbolic time: 0.728	0.727	0 ms
Numeric time: 0.562	0	0.562 ms
Symbolic time: 0.725	0.397	0.328 ms
Numeric time: 0.554	0.525	0.029 ms
Symbolic time: 0.726	0.725	0 ms
Numeric time: 0.555	0.54	0.015 ms
Symbolic time: 0.722	0.722	0 ms
Numeric time: 0.559	0.558	0 ms
Symbolic time: 0.73	0.73	0 ms
Numeric time: 0.552	0.552	0 ms
Symbolic time: 0.726	0.725	0 ms
Numeric time: 0.558	0.558	0 ms
Symbolic time: 0.722	0.721	0 ms
Numeric time: 0.556	0.557	0 ms
Symbolic time: 0.73	0.73	0 ms
Numeric time: 0.549	0.549	0 ms
Symbolic time: 0.727	0.727	0 ms
Numeric time: 0.561	0.561	0 ms
Symbolic time: 0.723	0.723	0 ms
Numeric time: 0.556	0	0.557 ms
Symbolic time: 0.727	0.383	0.343 ms
Numeric time: 0.555	0.526	0.029 ms
Symbolic time: 0.725	0.724	0 ms
Numeric time: 0.557	0.558	0 ms
Symbolic time: 0.721	0.718	0.004 ms
Numeric time: 0.557	0.557	0 ms
Symbolic time: 0.728	0.727	0 ms
Numeric time: 0.552	0.552	0 ms
Symbolic time: 0.728	0.728	0 ms
Numeric time: 0.558	0.558	0 ms
Symbolic time: 0.728	0.729	0 ms
Numeric time: 0.553	0.554	0 ms
Symbolic time: 0.729	0.728	0 ms
Numeric time: 0.552	0.552	0 ms
Symbolic time: 0.723	0.722	0 ms
Numeric time: 0.556	0.556	0 ms
Symbolic time: 0.728	0.729	0 ms
Numeric time: 0.553	0.553	0 ms
Symbolic time: 0.733	0.733	0 ms
Numeric time: 0.553	0.554	0 ms
Symbolic time: 0.724	0.725	0 ms
Numeric time: 0.556	0.557	0 ms
Symbolic time: 0.726	0.727	0 ms
Numeric time: 0.553	0.553	0 ms
Symbolic time: 0.727	0.727	0 ms
Numeric time: 0.555	0.555	0 ms
Symbolic time: 0.723	0.723	0 ms
Numeric time: 0.559	0.56	0 ms
Symbolic time: 0.728	0.728	0 ms
Numeric time: 0.553	0.553	0 ms
Symbolic time: 0.73	0.73	0 ms
Numeric time: 0.558	0	0.559 ms
Symbolic time: 0.721	0.344	0.378 ms
Numeric time: 0.563	0.563	0 ms
Symbolic time: 0.722	0.722	0 ms
Numeric time: 0.552	0.553	0 ms
Symbolic time: 0.726	0.726	0 ms
Numeric time: 0.559	0.559	0 ms
Symbolic time: 0.726	0.726	0 ms
Numeric time: 0.554	0.554	0 ms
Symbolic time: 0.729	0.729	0 ms
Numeric time: 0.555	0.556	0 ms
Symbolic time: 0.725	0.725	0 ms
Numeric time: 0.557	0.557	0 ms
Symbolic time: 0.728	0.728	0 ms
Numeric time: 0.553	0.553	0 ms
Symbolic time: 0.727	0.727	0 ms
Numeric time: 0.557	0.558	0 ms
Symbolic time: 0.724	0.724	0 ms
Numeric time: 0.558	0.558	0 ms
Symbolic time: 0.728	0.728	0 ms
Numeric time: 0.552	0.552	0 ms
Symbolic time: 0.73	0.73	0 ms
Numeric time: 0.557	0.557	0 ms
Symbolic time: 0.722	0.722	0 ms
Numeric time: 0.557	0.557	0 ms
Symbolic time: 0.727	0.727	0 ms
Numeric time: 0.555	0.555	0 ms
Symbolic time: 0.727	0.727	0 ms
Numeric time: 0.561	0.561	0 ms
Symbolic time: 0.723	0.723	0 ms
Numeric time: 0.568	0.568	0 ms
Symbolic time: 0.727	0.726	0 ms
Numeric time: 0.558	0.557	0 ms
Symbolic time: 0.728	0.728	0 ms
Numeric time: 0.56	0.561	0 ms
Symbolic time: 0.727	0.726	0 ms
Numeric time: 0.555	0.555	0 ms
Symbolic time: 0.726	0.727	0 ms
Numeric time: 0.554	0.555	0.001 ms
Symbolic time: 0.722	0.722	0 ms
Numeric time: 0.56	0	0.56 ms
Symbolic time: 0.727	0.393	0.334 ms
Numeric time: 0.554	0.526	0.028 ms
Symbolic time: 0.727	0.727	0 ms
Numeric time: 0.56	0.559	0 ms
Symbolic time: 0.722	0.718	0.005 ms
Numeric time: 0.557	0.558	0 ms
Symbolic time: 0.729	0.729	0 ms
Numeric time: 0.553	0.553	0 ms
Symbolic time: 0.73	0.73	0 ms
Numeric time: 0.559	0.559	0 ms
Symbolic time: 0.722	0.719	0.003 ms
Numeric time: 0.556	0.556	0 ms
Symbolic time: 0.727	0.727	0 ms
Numeric time: 0.552	0.552	0 ms
Symbolic time: 0.731	0.73	0 ms
Numeric time: 0.558	0.559	0 ms
Symbolic time: 0.724	0.72	0.004 ms
Numeric time: 0.554	0.553	0 ms
Symbolic time: 0.726	0.727	0 ms
Numeric time: 0.552	0.552	0 ms
Symbolic time: 0.729	0.729	0 ms
Numeric time: 0.554	0.554	0 ms
Symbolic time: 0.729	0.729	0 ms
Numeric time: 0.551	0.552	0 ms
Symbolic time: 0.727	0.727	0 ms
Numeric time: 0.553	0.554	0 ms
Symbolic time: 0.724	0.725	0 ms
Numeric time: 0.557	0.558	0 ms
Symbolic time: 0.728	0.727	0 ms
Numeric time: 0.555	0.555	0 ms
Symbolic time: 0.727	0.727	0 ms
Numeric time: 0.557	0.557	0 ms
Symbolic time: 0.721	0.721	0 ms
Numeric time: 0.564	0.564	0 ms
Symbolic time: 0.728	0.728	0 ms
Numeric time: 0.555	0.556	0 ms
Symbolic time: 0.728	0.728	0 ms
Numeric time: 0.557	0.558	0 ms
Symbolic time: 0.72	0.72	0 ms
Numeric time: 0.561	0.562	0 ms
Symbolic time: 0.728	0.729	0 ms
Numeric time: 0.552	0.553	0 ms
Symbolic time: 0.73	0.731	0 ms
Numeric time: 0.554	0.555	0 ms
Symbolic time: 0.725	0.725	0 ms
Numeric time: 0.552	0	0.553 ms
Symbolic time: 0.726	0.391	0.335 ms
Numeric time: 0.554	0.526	0.028 ms
Symbolic time: 0.725	0.724	0 ms
Numeric time: 0.557	0.557	0 ms
Symbolic time: 0.727	0.726	0 ms
Numeric time: 0.555	0.556	0 ms
Symbolic time: 0.727	0.727	0 ms
Numeric time: 0.552	0.552	0.001 ms
Symbolic time: 0.721	0.721	0 ms
Numeric time: 0.56	0.56	0 ms
Symbolic time: 0.728	0.727	0 ms
Numeric time: 0.555	0.555	0 ms
Symbolic time: 0.726	0.726	0 ms
Numeric time: 0.556	0.556	0 ms
Symbolic time: 0.722	0.722	0 ms
Numeric time: 0.556	0.556	0 ms
Symbolic time: 0.725	0.726	0 ms
Numeric time: 0.554	0.554	0 ms
Symbolic time: 0.727	0.727	0 ms
Numeric time: 0.561	0.561	0 ms
Symbolic time: 0.722	0.722	0 ms
Numeric time: 0.559	0.558	0 ms
Symbolic time: 0.728	0.728	0 ms
Numeric time: 0.557	0.558	0 ms
Symbolic time: 0.728	0.728	0 ms
Numeric time: 0.553	0.553	0 ms
Symbolic time: 0.723	0.723	0 ms
Numeric time: 0.555	0.555	0 ms
Symbolic time: 0.727	0.727	0 ms
Numeric time: 0.555	0.556	0 ms
Symbolic time: 0.725	0.725	0 ms
Numeric time: 0.554	0	0.554 ms
Symbolic time: 0.727	0.393	0.334 ms
Numeric time: 0.551	0.523	0.028 ms
Symbolic time: 0.729	0.729	0 ms
Numeric time: 0.552	0.537	0.015 ms
Symbolic time: 0.724	0.724	0 ms
Numeric time: 0.557	0.557	0 ms
Symbolic time: 0.728	0.728	0 ms
Numeric time: 0.551	0.551	0 ms
Symbolic time: 0.724	0.724	0 ms
Numeric time: 0.558	0.558	0 ms
Symbolic time: 0.722	0.722	0 ms
Numeric time: 0.557	0.557	0 ms
Symbolic time: 0.728	0.728	0 ms
Numeric time: 0.553	0.553	0 ms
Symbolic time: 0.727	0.727	0 ms
Numeric time: 0.558	0.558	0 ms
Symbolic time: 0.721	0.721	0 ms
Numeric time: 0.561	0.561	0 ms
Symbolic time: 0.728	0.727	0 ms
Numeric time: 0.553	0.554	0 ms
Symbolic time: 0.725	0.725	0 ms
Numeric time: 0.558	0.559	0 ms
Symbolic time: 0.723	0.723	0 ms
Numeric time: 0.559	0.56	0 ms
Symbolic time: 0.731	0.731	0 ms
Numeric time: 0.554	0.555	0 ms
Symbolic time: 0.727	0.727	0 ms
Numeric time: 0.562	0.562	0 ms
Symbolic time: 0.728	0.728	0 ms
Numeric time: 0.554	0.554	0 ms
Symbolic time: 0.727	0.728	0 ms
Numeric time: 0.554	0.555	0 ms
Symbolic time: 0.724	0.724	0 ms
Numeric time: 0.554	0.555	0 ms
Symbolic time: 0.731	0.731	0 ms
Numeric time: 0.553	0.553	0 ms
Symbolic time: 0.73	0.729	0 ms
Numeric time: 0.556	0.555	0 ms
Symbolic time: 0.721	0.72	0 ms
Numeric time: 0.558	0.558	0 ms
Symbolic time: 0.73	0.73	0 ms
Numeric time: 0.551	0.551	0 ms
Symbolic time: 0.729	0.73	0 ms
Numeric time: 0.557	0.557	0 ms
Symbolic time: 0.72	0.721	0 ms
Numeric time: 0.559	0.559	0 ms
Symbolic time: 0.729	0.729	0 ms
Numeric time: 0.55	0.55	0 ms
Symbolic time: 0.729	0.73	0 ms
Numeric time: 0.554	0.555	0 ms
Symbolic time: 0.724	0.724	0 ms
Numeric time: 0.559	0.559	0 ms
Symbolic time: 0.727	0.727	0 ms
Numeric time: 0.556	0.556	0 ms
Symbolic time: 0.728	0.729	0 ms
Numeric time: 0.565	0.565	0 ms
Symbolic time: 0.727	0.727	0 ms
Numeric time: 0.559	0.559	0 ms
Symbolic time: 0.723	0.723	0 ms
Numeric time: 0.554	0.554	0 ms
Symbolic time: 0.72	0.72	0 ms
Numeric time: 0.563	0.563	0 ms
Symbolic time: 0.729	0.729	0 ms
Numeric time: 0.556	0.556	0 ms
Symbolic time: 0.733	0.733	0 ms
Numeric time: 0.561	0.561	0 ms
Symbolic time: 0.724	0.724	0 ms
Numeric time: 0.561	0.561	0 ms
Symbolic time: 0.731	0.731	0 ms
Numeric time: 0.554	0.555	0 ms
Symbolic time: 0.729	0.729	0 ms
Numeric time: 0.561	0.561	0 ms
Symbolic time: 0.722	0.721	0 ms
Numeric time: 0.559	0.559	0 ms
Symbolic time: 0.727	0.727	0 ms
Numeric time: 0.651	0.652	0 ms
Symbolic time: 0.723	0	0.724 ms
Numeric time: 0.569	0.424	0.145 ms
Symbolic time: 0.862	0.862	0 ms
Numeric time: 0.695	0.695	0 ms
Symbolic time: 0.762	0.741	0.021 ms
Numeric time: 0.572	0.572	0 ms
Symbolic time: 0.831	0.831	0 ms
Numeric time: 0.702	0.703	0 ms
Symbolic time: 0.923	0.923	0 ms
Numeric time: 0.654	0.654	0 ms
Symbolic time: 0.841	0.841	0 ms
Numeric time: 0.67	0.67	0 ms
Symbolic time: 0.734	0.734	0 ms
Numeric time: 0.591	0.591	0 ms
Symbolic time: 0.835	0.835	0 ms
Numeric time: 0.669	0.669	0 ms
Symbolic time: 0.847	0.847	0 ms
Numeric time: 0.741	0.741	0 ms
Symbolic time: 0.869	0.869	0 ms
Numeric time: 0.687	0.688	0 ms
Symbolic time: 0.83	0.83	0 ms
Numeric time: 0.584	0.585	0 ms
Symbolic time: 0.79	0.79	0 ms
Numeric time: 0.571	0.571	0 ms
Symbolic time: 0.733	0.733	0 ms
Numeric time: 0.564	0.564	0 ms
Symbolic time: 0.723	0.723	0.001 ms
Numeric time: 0.567	0.568	0 ms
Symbolic time: 0.73	0.73	0 ms
Numeric time: 0.554	0.554	0 ms
Symbolic time: 0.729	0.729	0 ms
Numeric time: 0.562	0.562	0 ms
Symbolic time: 0.734	0.734	0 ms
Numeric time: 0.551	0.552	0 ms
Symbolic time: 0.729	0.728	0 ms
Numeric time: 0.555	0.554	0.001 ms
Symbolic time: 0.727	0	0.727 ms
Numeric time: 0.563	0.337	0.226 ms
Symbolic time: 0.845	0.846	0 ms
Numeric time: 0.713	0.685	0.028 ms
Symbolic time: 0.728	0.728	0 ms
Numeric time: 0.569	0.569	0 ms
Symbolic time: 0.739	0.739	0 ms
Numeric time: 0.554	0.554	0 ms
Symbolic time: 0.738	0.738	0 ms
Numeric time: 0.563	0.563	0 ms
Symbolic time: 0.729	0.729	0 ms
Numeric time: 0.574	0.575	0 ms
Symbolic time: 0.733	0.733	0 ms
Numeric time: 0.571	0.57	0 ms
Symbolic time: 0.736	0.736	0 ms
Numeric time: 0.562	0.562	0 ms
Symbolic time: 0.736	0.736	0 ms
Numeric time: 0.562	0.562	0 ms
Symbolic time: 0.729	0.729	0 ms
Numeric time: 0.562	0.561	0.002 ms
Symbolic time: 0.732	0.732	0 ms
Numeric time: 0.57	0.569	0 ms
Symbolic time: 0.737	0.737	0 ms
Numeric time: 0.56	0.559	0 ms
Symbolic time: 0.734	0.733	0 ms
Numeric time: 0.569	0.569	0 ms
Symbolic time: 0.722	0.722	0 ms
Numeric time: 0.57	0.569	0 ms
Symbolic time: 0.734	0.734	0 ms
Numeric time: 0.559	0.559	0 ms
Symbolic time: 0.739	0.738	0 ms
Numeric time: 0.575	0.574	0 ms
Symbolic time: 0.729	0.728	0 ms
Numeric time: 0.567	0.567	0 ms
Symbolic time: 0.736	0.737	0 ms
Numeric time: 0.557	0.557	0.001 ms
Symbolic time: 0.731	0.731	0 ms
Numeric time: 0.563	0.564	0 ms
Symbolic time: 0.728	0.727	0 ms
Numeric time: 0.565	0.566	0 ms
Symbolic time: 0.726	0.727	0 ms
Numeric time: 0.573	0.573	0 ms
Symbolic time: 0.731	0.731	0 ms
Numeric time: 0.565	0.566	0 ms
Symbolic time: 0.735	0.735	0 ms
Numeric time: 0.563	0.564	0 ms
Symbolic time: 0.728	0.728	0 ms
Numeric time: 0.569	0.57	0 ms
Symbolic time: 0.738	0.738	0 ms
Numeric time: 0.558	0.558	0 ms
Symbolic time: 0.733	0.734	0 ms
Numeric time: 0.566	0.566	0 ms
Symbolic time: 0.72	0.719	0 ms
Numeric time: 0.574	0.574	0 ms
Symbolic time: 0.729	0.728	0 ms
Numeric time: 0.558	0.558	0 ms
Symbolic time: 0.74	0.74	0 ms
Numeric time: 0.557	0.557	0 ms
Symbolic time: 0.73	0.73	0 ms
Numeric time: 0.568	0.568	0 ms
Symbolic time: 0.728	0.728	0 ms
Numeric time: 0.566	0.566	0 ms
Symbolic time: 0.737	0.737	0 ms
Numeric time: 0.565	0.565	0 ms
Symbolic time: 0.736	0.736	0 ms
Numeric time: 0.557	0.557	0 ms
Symbolic time: 0.728	0.728	0 ms
Numeric time: 0.572	0.572	0 ms
Symbolic time: 0.723	0.723	0 ms
Numeric time: 0.561	0.56	0 ms
Symbolic time: 0.737	0.736	0 ms
Numeric time: 0.559	0.559	0 ms
Symbolic time: 0.737	0.737	0 ms
Numeric time: 0.573	0.574	0 ms
Symbolic time: 0.724	0.724	0 ms
Numeric time: 0.571	0.57	0 ms
Symbolic time: 0.739	0.738	0 ms
Numeric time: 0.557	0.557	0 ms
Symbolic time: 0.734	0.734	0 ms
Numeric time: 0.562	0.563	0 ms
Symbolic time: 0.727	0.727	0 ms
Numeric time: 0.563	0.564	0 ms
Symbolic time: 0.735	0.735	0 ms
Numeric time: 0.56	0.56	0 ms
Symbolic time: 0.733	0.733	0 ms
Numeric time: 0.562	0.562	0 ms
Symbolic time: 0.734	0.734	0 ms
Numeric time: 0.562	0.563	0 ms
Symbolic time: 0.728	0.729	0 ms
Numeric time: 0.569	0.57	0 ms
Symbolic time: 0.731	0.731	0 ms
Numeric time: 0.563	0.563	0 ms
Symbolic time: 0.74	0.741	0 ms
Numeric time: 0.557	0.558	0 ms
Symbolic time: 0.73	0.729	0 ms
Numeric time: 0.573	0.573	0 ms
Symbolic time: 0.732	0.733	0 ms
Numeric time: 0.557	0.556	0 ms
Symbolic time: 0.74	0.741	0 ms
Numeric time: 0.565	0.564	0 ms
Symbolic time: 0.728	0.728	0 ms
Numeric time: 0.571	0.571	0 ms
Symbolic time: 0.727	0.727	0 ms
Numeric time: 0.563	0.563	0 ms
Symbolic time: 0.733	0.733	0 ms
Numeric time: 0.563	0.564	0 ms
Symbolic time: 0.733	0.734	0 ms
Numeric time: 0.565	0.565	0 ms
Symbolic time: 0.731	0.731	0 ms
Numeric time: 0.564	0.564	0 ms
Symbolic time: 0.739	0.739	0 ms
Numeric time: 0.56	0.56	0 ms
Symbolic time: 0.738	0.738	0 ms
Numeric time: 0.559	0.559	0 ms
Symbolic time: 0.735	0.735	0 ms
Numeric time: 0.573	0.573	0 ms
Symbolic time: 0.722	0.723	0 ms
Numeric time: 0.572	0.572	0 ms
Symbolic time: 0.735	0.735	0 ms
Numeric time: 0.559	0.559	0 ms
Symbolic time: 0.738	0.738	0 ms
Numeric time: 0.56	0.561	0 ms
Symbolic time: 0.722	0.722	0 ms
Numeric time: 0.565	0	0.565 ms
Symbolic time: 0.736	0.416	0.321 ms
Numeric time: 0.557	0.532	0.025 ms
Symbolic time: 0.734	0.733	0 ms
Numeric time: 0.567	0	0.568 ms
Symbolic time: 0.732	0.405	0.328 ms
Numeric time: 0.565	0.539	0.026 ms
Symbolic time: 0.726	0.726	0 ms
Numeric time: 0.568	0.569	0 ms
Symbolic time: 0.731	0.727	0.005 ms
Numeric time: 0.56	0.56	0 ms
Symbolic time: 0.734	0.734	0 ms
Numeric time: 0.557	0.557	0 ms
Symbolic time: 0.725	0.725	0 ms
Numeric time: 0.573	0.573	0 ms
Symbolic time: 0.736	0.736	0 ms
Numeric time: 0.558	0.558	0 ms
Symbolic time: 0.736	0.736	0 ms
Numeric time: 0.559	0.557	0.002 ms
Symbolic time: 0.729	0.729	0 ms
Numeric time: 0.569	0.57	0 ms
Symbolic time: 0.731	0.731	0 ms
Numeric time: 0.564	0.564	0 ms
Symbolic time: 0.734	0.734	0 ms
Numeric time: 0.56	0.56	0 ms
Symbolic time: 0.732	0.731	0 ms
Numeric time: 0.563	0.564	0 ms
Symbolic time: 0.729	0.73	0 ms
Numeric time: 0.566	0.566	0 ms
Symbolic time: 0.737	0.737	0 ms
Numeric time: 0.561	0.561	0 ms
Symbolic time: 0.736	0.736	0 ms
Numeric time: 0.559	0.559	0 ms
Symbolic time: 0.734	0.733	0 ms
Numeric time: 0.566	0.566	0.001 ms
Symbolic time: 0.725	0.725	0 ms
Numeric time: 0.57	0.569	0 ms
Symbolic time: 0.739	0.74	0 ms
Numeric time: 0.557	0.556	0 ms
Symbolic time: 0.738	0.739	0 ms
Numeric time: 0.572	0.572	0 ms
Symbolic time: 0.719	0.72	0 ms
Numeric time: 0.572	0.573	0 ms
Symbolic time: 0.739	0.739	0 ms
Numeric time: 0.56	0.56	0 ms
Symbolic time: 0.735	0.735	0 ms
Numeric time: 0.563	0.564	0 ms
Symbolic time: 0.733	0.733	0 ms
Numeric time: 0.565	0.565	0 ms
Symbolic time: 0.728	0.728	0 ms
Numeric time: 0.561	0.56	0 ms
Symbolic time: 0.73	0.73	0 ms
Numeric time: 0.56	0.56	0 ms
Symbolic time: 0.737	0.737	0 ms
Numeric time: 0.564	0.564	0 ms
Symbolic time: 0.73	0.73	0 ms
Numeric time: 0.569	0.57	0 ms
Symbolic time: 0.727	0.727	0 ms
Numeric time: 0.562	0.563	0 ms
Symbolic time: 0.733	0.733	0 ms
Numeric time: 0.557	0.557	0 ms
Symbolic time: 0.736	0.736	0 ms
Numeric time: 0.574	0.575	0 ms
Symbolic time: 0.729	0.729	0 ms
Numeric time: 0.564	0.564	0 ms
Symbolic time: 0.735	0.736	0 ms
Numeric time: 0.555	0.555	0 ms
Symbolic time: 0.735	0.735	0 ms
Numeric time: 0.565	0.566	0 ms
Symbolic time: 0.729	0.729	0 ms
Numeric time: 0.566	0.566	0 ms
Symbolic time: 0.733	0.733	0 ms
Numeric time: 0.562	0.562	0 ms
Symbolic time: 0.73	0.73	0 ms
Numeric time: 0.563	0.563	0 ms
Symbolic time: 0.733	0.733	0 ms
Numeric time: 0.564	0.565	0 ms
Symbolic time: 0.729	0.729	0 ms
Numeric time: 0.57	0.569	0 ms
Symbolic time: 0.737	0.737	0 ms
Numeric time: 0.559	0.558	0 ms
Symbolic time: 0.737	0.737	0 ms
Numeric time: 0.565	0.565	0.001 ms
Symbolic time: 0.726	0.725	0 ms
Numeric time: 0.571	0.57	0 ms
Symbolic time: 0.733	0.733	0 ms
Numeric time: 0.554	0.555	0 ms
Symbolic time: 0.737	0.737	0 ms
Numeric time: 0.562	0.562	0 ms
Symbolic time: 0.731	0.731	0 ms
Numeric time: 0.57	0.57	0 ms
Symbolic time: 0.73	0.73	0 ms
Numeric time: 0.563	0.564	0 ms
Symbolic time: 0.734	0.734	0 ms
Numeric time: 0.564	0.564	0 ms
Symbolic time: 0.736	0.736	0 ms
Numeric time: 0.565	0.566	0 ms
Symbolic time: 0.732	0.732	0 ms
Numeric time: 0.562	0.561	0.001 ms
Symbolic time: 0.729	0.729	0 ms
Numeric time: 0.561	0.562	0 ms
Symbolic time: 0.738	0.737	0 ms
Numeric time: 0.556	0.556	0 ms
Symbolic time: 0.736	0.737	0 ms
Numeric time: 0.569	0.569	0 ms
Symbolic time: 0.725	0.725	0 ms
Numeric time: 0.567	0.567	0 ms
Symbolic time: 0.732	0.732	0 ms
Numeric time: 0.557	0.558	0 ms
Symbolic time: 0.735	0.736	0 ms
Numeric time: 0.57	0.569	0 ms
Symbolic time: 0.734	0.734	0 ms
Numeric time: 0.566	0.566	0 ms
Symbolic time: 0.738	0.738	0 ms
Numeric time: 0.563	0.562	0 ms
Symbolic time: 0.731	0.731	0 ms
Numeric time: 0.566	0.565	0 ms
Symbolic time: 0.741	0.741	0 ms
Numeric time: 0.564	0.564	0 ms
Symbolic time: 0.726	0.727	0 ms
Numeric time: 0.567	0.568	0 ms
Symbolic time: 0.729	0.729	0 ms
Numeric time: 0.566	0.567	0 ms
Symbolic time: 0.736	0.735	0 ms
Numeric time: 0.567	0.567	0 ms
Symbolic time: 0.73	0.731	0 ms
Numeric time: 0.569	0.569	0 ms
Symbolic time: 0.738	0.738	0 ms
Numeric time: 0.56	0.561	0 ms
Symbolic time: 0.736	0.736	0 ms
Numeric time: 0.565	0.566	0 ms
Symbolic time: 0.728	0.728	0 ms
Numeric time: 0.571	0.571	0 ms
Symbolic time: 0.724	0.724	0 ms
Numeric time: 0.566	0.566	0 ms
Symbolic time: 0.734	0.734	0 ms
Numeric time: 0.561	0.561	0 ms
Symbolic time: 0.734	0.734	0 ms
Numeric time: 0.574	0.574	0 ms
Symbolic time: 0.727	0.727	0 ms
Numeric time: 0.562	0.561	0 ms
Symbolic time: 0.736	0.735	0 ms
Numeric time: 0.559	0.559	0 ms
Symbolic time: 0.735	0.735	0 ms
Numeric time: 0.554	0.555	0 ms
Symbolic time: 0.732	0.733	0 ms
Numeric time: 0.57	0.57	0 ms
Symbolic time: 0.723	0.723	0 ms
Numeric time: 0.568	0.569	0 ms
Symbolic time: 0.736	0.735	0 ms
Numeric time: 0.553	0.553	0 ms
Symbolic time: 0.739	0.738	0 ms
Numeric time: 0.571	0.571	0 ms
Symbolic time: 0.725	0.724	0 ms
Numeric time: 0.568	0.569	0 ms
Symbolic time: 0.736	0.735	0 ms
Numeric time: 0.56	0.56	0 ms
Symbolic time: 0.737	0.737	0 ms
Numeric time: 0.562	0.562	0 ms
Symbolic time: 0.73	0.731	0 ms
Numeric time: 0.566	0.566	0 ms
Symbolic time: 0.729	0.73	0 ms
Numeric time: 0.567	0.566	0 ms
Symbolic time: 0.732	0.732	0 ms
Numeric time: 0.563	0	0.563 ms
Symbolic time: 0.733	0.395	0.337 ms
Numeric time: 0.567	0.542	0.025 ms
Symbolic time: 0.726	0.726	0 ms
Numeric time: 0.57	0.57	0 ms
Symbolic time: 0.729	0.725	0.004 ms
Numeric time: 0.567	0.567	0 ms
Symbolic time: 0.735	0.736	0 ms
Numeric time: 0.56	0.56	0 ms
Symbolic time: 0.729	0.73	0 ms
Numeric time: 0.569	0.569	0 ms
Symbolic time: 0.729	0.728	0 ms
Numeric time: 0.562	0.562	0 ms
Symbolic time: 0.74	0.74	0 ms
Numeric time: 0.568	0.563	0 ms
Symbolic time: 0.735	0.734	0 ms
Numeric time: 0.572	0.571	0 ms
Symbolic time: 0.728	0.729	0 ms
Numeric time: 0.562	0.562	0 ms
Symbolic time: 0.737	0.737	0 ms
Numeric time: 0.564	0.564	0 ms
Symbolic time: 0.731	0.731	0 ms
Numeric time: 0.563	0.563	0 ms
Symbolic time: 0.735	0.736	0 ms
Numeric time: 0.567	0.567	0 ms
Symbolic time: 0.729	0.729	0 ms
Numeric time: 0.563	0.563	0 ms
Symbolic time: 0.736	0.735	0 ms
Numeric time: 0.557	0.558	0 ms
Symbolic time: 0.735	0.735	0 ms
Numeric time: 0.569	0.569	0 ms
Symbolic time: 0.723	0.723	0 ms
Numeric time: 0.57	0.57	0 ms
Symbolic time: 0.734	0.735	0 ms
Numeric time: 0.559	0.559	0 ms
Symbolic time: 0.737	0.736	0 ms
Numeric time: 0.564	0.564	0 ms
Symbolic time: 0.73	0.729	0 ms
Numeric time: 0.57	0.569	0 ms
Symbolic time: 0.728	0.727	0 ms
Numeric time: 0.564	0.563	0 ms
Symbolic time: 0.734	0.734	0 ms
Numeric time: 0.561	0.561	0 ms
Symbolic time: 0.736	0.736	0 ms
Numeric time: 0.567	0.568	0 ms
Symbolic time: 0.725	0.725	0 ms
Numeric time: 0.571	0.571	0 ms
Symbolic time: 0.731	0.731	0 ms
Numeric time: 0.564	0.564	0 ms
Symbolic time: 0.738	0.738	0 ms
Numeric time: 0.553	0.554	0 ms
Symbolic time: 0.738	0.738	0 ms
Numeric time: 0.589	0.589	0 ms
Symbolic time: 0.722	0.721	0.001 ms
Numeric time: 0.564	0	0.563 ms
Symbolic time: 0.738	0.416	0.323 ms
Numeric time: 0.559	0.536	0.024 ms
Symbolic time: 0.73	0.73	0 ms
Numeric time: 0.574	0.574	0 ms
Symbolic time: 0.729	0.729	0 ms
Numeric time: 0.565	0.564	0 ms
Symbolic time: 0.734	0.734	0 ms
Numeric time: 0.564	0.564	0 ms
Symbolic time: 0.733	0.733	0 ms
Numeric time: 0.563	0.563	0 ms
Symbolic time: 0.734	0.734	0 ms
Numeric time: 0.564	0.564	0 ms
Symbolic time: 0.727	0.728	0 ms
Numeric time: 0.566	0.566	0 ms
Symbolic time: 0.734	0.735	0 ms
Numeric time: 0.556	0.556	0 ms
Symbolic time: 0.737	0.737	0 ms
Numeric time: 0.565	0.564	0.001 ms
Symbolic time: 0.723	0.723	0 ms
Numeric time: 0.57	0.571	0 ms
Symbolic time: 0.735	0.734	0 ms
Numeric time: 0.552	0.553	0 ms
Symbolic time: 0.738	0.738	0 ms
Numeric time: 0.561	0.561	0 ms
Symbolic time: 0.728	0.728	0 ms
Numeric time: 0.57	0.571	0 ms
Symbolic time: 0.729	0.729	0 ms
Numeric time: 0.568	0.569	0 ms
Symbolic time: 0.734	0.735	0 ms
Numeric time: 0.559	0.56	0 ms
Symbolic time: 0.738	0.739	0 ms
Numeric time: 0.563	0.564	0 ms
Symbolic time: 0.727	0.727	0 ms
Numeric time: 0.561	0.56	0 ms
Symbolic time: 0.733	0.733	0 ms
Numeric time: 0.565	0	0.565 ms
Symbolic time: 0.736	0.401	0.337 ms
Numeric time: 0.558	0.533	0.024 ms
Symbolic time: 0.732	0.733	0 ms
Numeric time: 0.573	0.574	0 ms
Symbolic time: 0.722	0.717	0.004 ms
Numeric time: 0.568	0.568	0 ms
Symbolic time: 0.736	0.737	0 ms
Numeric time: 0.555	0.556	0 ms
Symbolic time: 0.734	0.735	0 ms
Numeric time: 0.57	0.571	0 ms
Symbolic time: 0.73	0.73	0 ms
Numeric time: 0.563	0.564	0 ms
Symbolic time: 0.735	0.734	0 ms
Numeric time: 0.556	0.554	0.003 ms
Symbolic time: 0.733	0.733	0 ms
Numeric time: 0.565	0.565	0 ms
Symbolic time: 0.737	0.738	0 ms
Numeric time: 0.569	0.569	0 ms
Symbolic time: 0.736	0.736	0 ms
Numeric time: 0.565	0.566	0 ms
Symbolic time: 0.731	0.731	0 ms
Numeric time: 0.558	0.558	0 ms
Symbolic time: 0.733	0.733	0 ms
Numeric time: 0.566	0.566	0 ms
Symbolic time: 0.728	0.728	0 ms
Numeric time: 0.571	0.571	0 ms
Symbolic time: 0.736	0.736	0 ms
Numeric time: 0.557	0.557	0 ms
Symbolic time: 0.738	0.738	0 ms
Numeric time: 0.557	0.556	0 ms
Symbolic time: 0.729	0.73	0 ms
Numeric time: 0.567	0.567	0 ms
Symbolic time: 0.728	0.728	0 ms
Numeric time: 0.564	0.563	0 ms
Symbolic time: 0.734	0.734	0 ms
Numeric time: 0.56	0.561	0 ms
Symbolic time: 0.726	0.727	0 ms
Numeric time: 0.573	0.574	0 ms
Symbolic time: 0.729	0.729	0 ms
Numeric time: 0.564	0.563	0 ms
Symbolic time: 0.733	0.734	0 ms
Numeric time: 0.556	0.556	0 ms
Symbolic time: 0.739	0.739	0 ms
Numeric time: 0.557	0.557	0 ms
Symbolic time: 0.732	0.732	0 ms
Numeric time: 0.562	0.563	0 ms
Symbolic time: 0.722	0.723	0 ms
Numeric time: 0.569	0.569	0 ms
Symbolic time: 0.736	0.736	0 ms
Numeric time: 0.558	0.559	0 ms
Symbolic time: 0.732	0.733	0 ms
Numeric time: 0.567	0.567	0 ms
Symbolic time: 0.722	0.722	0 ms
Numeric time: 0.565	0.565	0 ms
Symbolic time: 0.738	0.739	0 ms
Numeric time: 0.556	0.556	0 ms
Symbolic time: 0.736	0.737	0 ms
Numeric time: 0.562	0.563	0 ms
Symbolic time: 0.734	0.734	0 ms
Numeric time: 0.566	0.566	0 ms
Symbolic time: 0.73	0.731	0 ms
Numeric time: 0.564	0.564	0 ms
Symbolic time: 0.728	0.728	0 ms
Numeric time: 0.563	0.563	0 ms
Symbolic time: 0.731	0.732	0 ms
Numeric time: 0.565	0.565	0 ms
Symbolic time: 0.728	0.727	0 ms
Numeric time: 0.57	0.57	0 ms
Symbolic time: 0.731	0.731	0 ms
Numeric time: 0.561	0.562	0 ms
Symbolic time: 0.738	0.739	0 ms
Numeric time: 0.557	0.557	0 ms
Symbolic time: 0.735	0.735	0 ms
Numeric time: 0.568	0.569	0 ms
Symbolic time: 0.73	0.729	0 ms
Numeric time: 0.564	0.565	0 ms
Symbolic time: 0.735	0.736	0 ms
Numeric time: 0.559	0.56	0 ms
Symbolic time: 0.727	0.727	0 ms
Numeric time: 0.57	0.569	0 ms
Symbolic time: 0.728	0.728	0 ms
Numeric time: 0.56	0.559	0 ms
Symbolic time: 0.739	0.739	0 ms
Numeric time: 0.562	0.562	0 ms
Symbolic time: 0.732	0.731	0 ms
Numeric time: 0.561	0.561	0 ms
Symbolic time: 0.733	0.733	0 ms
Numeric time: 0.563	0.563	0 ms
Symbolic time: 0.73	0.73	0 ms
Numeric time: 0.568	0.568	0 ms
Symbolic time: 0.74	0.74	0 ms
Numeric time: 0.56	0.559	0 ms
Symbolic time: 0.735	0.735	0 ms
Numeric time: 0.566	0.567	0 ms
Symbolic time: 0.721	0.721	0 ms
Numeric time: 0.571	0.571	0 ms
Symbolic time: 0.736	0.736	0 ms
Numeric time: 0.553	0.553	0 ms
Symbolic time: 0.739	0.739	0 ms
Numeric time: 0.56	0.559	0 ms
Symbolic time: 0.73	0.73	0 ms
Numeric time: 0.571	0.571	0 ms
Symbolic time: 0.729	0.729	0 ms
Numeric time: 0.566	0.567	0 ms
Symbolic time: 0.735	0.736	0 ms
Numeric time: 0.564	0.564	0 ms
Symbolic time: 0.735	0.735	0 ms
Numeric time: 0.564	0.565	0 ms
Symbolic time: 0.73	0.731	0 ms
Numeric time: 0.563	0.563	0 ms
Symbolic time: 0.733	0.733	0 ms
Numeric time: 0.56	0.56	0 ms
Symbolic time: 0.737	0.736	0 ms
Numeric time: 0.556	0.556	0 ms
Symbolic time: 0.737	0.737	0 ms
Numeric time: 0.569	0.569	0 ms
Symbolic time: 0.721	0.722	0 ms
Numeric time: 0.567	0.567	0 ms
Symbolic time: 0.733	0.733	0 ms
Numeric time: 0.557	0.557	0 ms
Symbolic time: 0.737	0.738	0 ms
Numeric time: 0.568	0.569	0 ms
Symbolic time: 0.729	0.73	0 ms
Numeric time: 0.563	0.563	0 ms
Symbolic time: 0.737	0.737	0 ms
Numeric time: 0.558	0.557	0 ms
Symbolic time: 0.731	0.731	0 ms
Numeric time: 0.565	0.565	0 ms
Symbolic time: 0.736	0.736	0 ms
Numeric time: 0.567	0.567	0 ms
Symbolic time: 0.726	0.726	0 ms
Numeric time: 0.571	0.571	0 ms
Symbolic time: 0.728	0.728	0 ms
Numeric time: 0.561	0.562	0 ms
Symbolic time: 0.734	0.735	0 ms
Numeric time: 0.565	0.565	0 ms
Symbolic time: 0.728	0.727	0 ms
Numeric time: 0.567	0.567	0 ms
Symbolic time: 0.736	0.735	0 ms
Numeric time: 0.558	0.558	0 ms
Symbolic time: 0.739	0.739	0 ms
Numeric time: 0.556	0.557	0 ms
Symbolic time: 0.729	0.729	0 ms
Numeric time: 0.567	0.568	0 ms
Symbolic time: 0.731	0.731	0 ms
Numeric time: 0.568	0.568	0 ms
Symbolic time: 0.739	0.739	0 ms
Numeric time: 0.559	0.559	0 ms
Symbolic time: 0.732	0.732	0 ms
Numeric time: 0.571	0.571	0 ms
Symbolic time: 0.731	0.73	0 ms
Numeric time: 0.56	0.559	0 ms
Symbolic time: 0.736	0.736	0 ms
Numeric time: 0.559	0.559	0 ms

Symbolic time: 0.739246 ms
Numeric time: 0.56725 ms
