n: 10
nnz: 25
CSC format: after fill in
Ax: 0.814724 0.126987 0.278498 0.970593 0.80028 0.933993 0.655478 0.031833 0.046171 0.097132 0.950222 0.445586 0.489764 0.655098 0.162612 0 0.498364 0.959744 0 0.547216 0.840717 0 0.929264 0 0 0.251084 0 0.473289 0.549724 0 0 0 0.380446 0.337123 
Ai: 0 2 6 1 4 2 6 1 3 4 8 4 5 2 3 4 5 6 8 6 0 2 4 5 6 7 8 9 3 4 5 6 8 9 
Ap: 0 3 5 7 11 13 19 20 28 33 34 
CAd_fill: 0 3 5 8 11 16 19 25 32 33 
div count is 11
ms count is 16
div + ms count is 27 the ideal cycle is 7
flops: 43
SUCCESS: 初始化inst!
SUCCESS: 分配ocp!
SUCCESS: 分配ocp!
SUCCESS: Build Graph!
SUCCESS: Initialize waiting list!
SUCCESS: add ok to do list at time 0
SUCCESS: schedule at time0
SUCCESS: add waiting list
SUCCESS: add ok to do list at time 1
SUCCESS: schedule at time 1
newly_valid list is: 
SUCCESS: add waiting list
SUCCESS: add ok to do list at time 2
SUCCESS: schedule at time 2
newly_valid list is: 
SUCCESS: add waiting list
SUCCESS: add ok to do list at time 3
SUCCESS: schedule at time 3
newly_valid list is: 
SUCCESS: add waiting list
SUCCESS: add ok to do list at time 4
SUCCESS: schedule at time 4
newly_valid list is: 
SUCCESS: add waiting list
SUCCESS: add ok to do list at time 5
SUCCESS: schedule at time 5
newly_valid list is: 
SUCCESS: add waiting list
SUCCESS: add ok to do list at time 6
SUCCESS: schedule at time 6
newly_valid list is: 
SUCCESS: add waiting list
SUCCESS: add ok to do list at time 7
SUCCESS: schedule at time 7
newly_valid list is: 
SUCCESS: add waiting list
SUCCESS: add ok to do list at time 8
SUCCESS: schedule at time 8
newly_valid list is: 
SUCCESS: add waiting list
SUCCESS: add ok to do list at time 9
SUCCESS: schedule at time 9
newly_valid list is: 
SUCCESS: add waiting list
SUCCESS: add ok to do list at time 10
SUCCESS: schedule at time 10
newly_valid list is: 
SUCCESS: add waiting list
SUCCESS: add ok to do list at time 11
SUCCESS: schedule at time 11
newly_valid list is: 
SUCCESS: add waiting list
SUCCESS: add ok to do list at time 12
SUCCESS: schedule at time 12
newly_valid list is: 
SUCCESS: add waiting list
SUCCESS: add ok to do list at time 13
SUCCESS: schedule at time 13
newly_valid list is: 
SUCCESS: add waiting list
SUCCESS: add ok to do list at time 14
SUCCESS: schedule at time 14
newly_valid list is: 
SUCCESS: add waiting list
SUCCESS: add ok to do list at time 15
SUCCESS: schedule at time 15
newly_valid list is: 
SUCCESS: add waiting list
SUCCESS: add ok to do list at time 16
SUCCESS: schedule at time 16
newly_valid list is: 
SUCCESS: add waiting list
SUCCESS: add ok to do list at time 17
SUCCESS: schedule at time 17
newly_valid list is: 
SUCCESS: add waiting list
SUCCESS: add ok to do list at time 18
SUCCESS: schedule at time 18
newly_valid list is: 
SUCCESS: add waiting list
SUCCESS: add ok to do list at time 19
SUCCESS: schedule at time 19
newly_valid list is: 
SUCCESS: add waiting list
SUCCESS: add ok to do list at time 20
SUCCESS: schedule at time 20
newly_valid list is: 
SUCCESS: add waiting list
SUCCESS: add ok to do list at time 21
SUCCESS: schedule at time 21
newly_valid list is: 
SUCCESS: add waiting list
SUCCESS: add ok to do list at time 22
SUCCESS: schedule at time 22
newly_valid list is: 
SUCCESS: add waiting list
SUCCESS: add ok to do list at time 23
SUCCESS: schedule at time 23
newly_valid list is: 
SUCCESS: add waiting list
SUCCESS: add ok to do list at time 24
SUCCESS: schedule at time 24
newly_valid list is: 
SUCCESS: add waiting list
SUCCESS: add ok to do list at time 25
SUCCESS: schedule at time 25
newly_valid list is: 
SUCCESS: add waiting list
SUCCESS: add ok to do list at time 26
SUCCESS: schedule at time 26
newly_valid list is: 
SUCCESS: add waiting list
SUCCESS: add ok to do list at time 27
SUCCESS: schedule at time 27
newly_valid list is: 
SUCCESS: add waiting list
SUCCESS: add ok to do list at time 28
SUCCESS: schedule at time 28
newly_valid list is: 
SUCCESS: add waiting list
SUCCESS: add ok to do list at time 29
SUCCESS: schedule at time 29
newly_valid list is: 
SUCCESS: add waiting list
SUCCESS: add ok to do list at time 30
SUCCESS: schedule at time 30
newly_valid list is: 
SUCCESS: add waiting list
SUCCESS: add ok to do list at time 31
SUCCESS: schedule at time 31
newly_valid list is: 
SUCCESS: add waiting list
SUCCESS: add ok to do list at time 32
SUCCESS: schedule at time 32
newly_valid list is: 
SUCCESS: add waiting list
SUCCESS: add ok to do list at time 33
SUCCESS: schedule at time 33
newly_valid list is: 
SUCCESS: add waiting list
SUCCESS: add ok to do list at time 34
SUCCESS: schedule at time 34
newly_valid list is: 
SUCCESS: add waiting list
SUCCESS: add ok to do list at time 35
SUCCESS: schedule at time 35
Begin: Second Schedule!
ok to do list is: 
waiting list is: 
SUCCESS: evict! the nodes are 
0 node: 24
<23,17,24,0> 
1 node: 26
<23,18,26,0> 
<-1,25,26,1> 
2 node: 31
<30,17,31,0> 
3 node: 32
<30,18,32,0> 
the priority is: 1 2 1 1 
before sorted Results:
Node: 24
<23,17,24,0> 
Node: 26
<23,18,26,0> 
<-1,25,26,1> 
Node: 31
<30,17,31,0> 
Node: 32
<30,18,32,0> 

sorted Results:
Node: 26
<23,18,26,0> 
<-1,25,26,1> 
Node: 24
<23,17,24,0> 
Node: 31
<30,17,31,0> 
Node: 32
<30,18,32,0> 
only_div: 0 1 1 1 
SUCCESS: schedule at time: 36
ok_to_sub: 0 0 0 0 
ok_to_wb: 0 0 0 0 
ok_to_wb_time: 0 0 0 0 
SUCCESS: schedule at time: 37
ok_to_sub: 0 0 0 0 
ok_to_wb: 0 0 0 0 
ok_to_wb_time: 0 0 0 0 
SUCCESS: schedule at time: 38
ok_to_sub: 0 0 0 0 
ok_to_wb: 0 0 0 0 
ok_to_wb_time: 0 0 0 0 
SUCCESS: schedule at time: 39
ok_to_sub: 0 0 0 0 
ok_to_wb: 0 0 0 0 
ok_to_wb_time: 0 0 0 0 
SUCCESS: schedule at time: 40
ok_to_sub: 0 0 0 0 
ok_to_wb: 0 0 0 0 
ok_to_wb_time: 0 0 0 0 
SUCCESS: schedule at time: 41
ok_to_sub: 0 0 0 0 
ok_to_wb: 0 0 0 0 
ok_to_wb_time: 0 0 0 0 
SUCCESS: schedule at time: 42
ok_to_sub: 0 0 0 0 
ok_to_wb: 0 0 0 0 
ok_to_wb_time: 0 0 0 0 
SUCCESS: schedule at time: 43
ok_to_sub: 1 1 1 1 
ok_to_wb: 0 0 0 0 
ok_to_wb_time: 0 0 0 0 
SUCCESS: schedule at time: 44
ok_to_sub: 1 1 1 1 
ok_to_wb: 0 0 0 0 
ok_to_wb_time: 0 0 0 0 
SUCCESS: schedule at time: 45
ok_to_sub: 1 1 1 1 
ok_to_wb: 0 0 0 0 
ok_to_wb_time: 0 0 0 0 
SUCCESS: schedule at time: 46
ok_to_sub: 0 0 0 1 
ok_to_wb: 0 1 1 0 
ok_to_wb_time: 0 50 50 0 
SUCCESS: schedule at time: 47
ok_to_sub: 0 0 0 0 
ok_to_wb: 0 1 1 1 
ok_to_wb_time: 0 50 50 51 
SUCCESS: schedule at time: 48
ok_to_sub: 0 0 0 0 
ok_to_wb: 0 1 1 1 
ok_to_wb_time: 0 50 50 51 
SUCCESS: schedule at time: 49
ok_to_sub: 0 0 0 0 
ok_to_wb: 0 1 1 1 
ok_to_wb_time: 0 50 50 51 
SUCCESS: schedule at time: 50
ok_to_sub: 0 0 0 0 
ok_to_wb: 0 1 1 1 
ok_to_wb_time: 0 50 50 51 
SUCCESS: schedule at time: 51
ok_to_sub: 0 0 0 0 
ok_to_wb: 0 1 1 1 
ok_to_wb_time: 0 50 50 51 
Finished: schedule!
this is the instruction from 0 to 54
0:	(1, 0, -1, 1)	(2, 0, -1, 1)	(4, 3, -1, 1)	(6, 5, -1, 1)
1:	(10, 8, -1, 1)	(12, 11, -1, 1)	(-1, -1, -1, 0)	(-1, -1, -1, 0)
2:	(27, 25, -1, 1)	(-1, -1, -1, 0)	(-1, -1, -1, 0)	(-1, -1, -1, 0)
3:	(-1, -1, -1, 0)	(-1, -1, -1, 0)	(-1, -1, -1, 0)	(-1, -1, -1, 0)
4:	(-1, -1, -1, 0)	(-1, -1, -1, 0)	(-1, -1, -1, 0)	(-1, -1, -1, 0)
5:	(-1, -1, -1, 0)	(-1, -1, -1, 0)	(-1, -1, -1, 0)	(-1, -1, -1, 0)
6:	(-1, -1, -1, 0)	(-1, -1, -1, 0)	(-1, -1, -1, 0)	(-1, -1, -1, 0)
7:	(-1, -1, -1, 0)	(-1, -1, -1, 0)	(-1, -1, -1, 0)	(-1, -1, -1, 0)
8:	(20, 1, 21, 4)	(20, 2, 24, 4)	(-1, -1, -1, 0)	(-1, -1, -1, 0)
9:	(7, 4, 9, 4)	(14, 10, -1, 7)	(-1, -1, -1, 0)	(-1, -1, -1, 0)
10:	(13, 6, 17, 4)	(-1, -1, 18, 8)	(-1, -1, -1, 0)	(-1, -1, -1, 0)
11:	(28, 10, 32, 4)	(-1, -1, -1, 0)	(-1, -1, -1, 0)	(-1, -1, -1, 0)
12:	(22, 12, 23, 4)	(-1, -1, -1, 0)	(-1, -1, -1, 0)	(-1, -1, -1, 0)
13:	(-1, -1, -1, 0)	(-1, -1, -1, 0)	(-1, -1, -1, 0)	(-1, -1, -1, 0)
14:	(21, 6, 24, 4)	(-1, -1, -1, 0)	(-1, -1, -1, 0)	(-1, -1, -1, 0)
15:	(9, 8, -1, 1)	(-1, -1, -1, 0)	(-1, -1, -1, 0)	(-1, -1, -1, 0)
16:	(-1, -1, -1, 0)	(-1, -1, -1, 0)	(-1, -1, -1, 0)	(-1, -1, -1, 0)
17:	(-1, -1, -1, 0)	(-1, -1, -1, 0)	(-1, -1, -1, 0)	(-1, -1, -1, 0)
18:	(-1, -1, -1, 0)	(-1, -1, -1, 0)	(-1, -1, -1, 0)	(-1, -1, -1, 0)
19:	(-1, -1, -1, 0)	(-1, -1, -1, 0)	(-1, -1, -1, 0)	(-1, -1, -1, 0)
20:	(-1, -1, -1, 0)	(-1, -1, -1, 0)	(-1, -1, -1, 0)	(-1, -1, -1, 0)
21:	(-1, -1, -1, 0)	(-1, -1, -1, 0)	(-1, -1, -1, 0)	(-1, -1, -1, 0)
22:	(-1, -1, -1, 0)	(-1, -1, -1, 0)	(-1, -1, -1, 0)	(-1, -1, -1, 0)
23:	(14, 9, 15, 4)	(28, 9, 29, 4)	(-1, -1, -1, 0)	(-1, -1, -1, 0)
24:	(-1, -1, -1, 0)	(-1, -1, -1, 0)	(-1, -1, -1, 0)	(-1, -1, -1, 0)
25:	(-1, -1, -1, 0)	(-1, -1, -1, 0)	(-1, -1, -1, 0)	(-1, -1, -1, 0)
26:	(-1, -1, -1, 0)	(-1, -1, -1, 0)	(-1, -1, -1, 0)	(-1, -1, -1, 0)
27:	(-1, -1, -1, 0)	(-1, -1, -1, 0)	(-1, -1, -1, 0)	(-1, -1, -1, 0)
28:	(-1, -1, -1, 0)	(-1, -1, -1, 0)	(-1, -1, -1, 0)	(-1, -1, -1, 0)
29:	(15, 12, 16, 4)	(29, 12, 30, 4)	(-1, -1, -1, 0)	(-1, -1, -1, 0)
30:	(-1, -1, -1, 0)	(-1, -1, -1, 0)	(-1, -1, -1, 0)	(-1, -1, -1, 0)
31:	(-1, -1, -1, 0)	(-1, -1, -1, 0)	(-1, -1, -1, 0)	(-1, -1, -1, 0)
32:	(-1, -1, -1, 0)	(-1, -1, -1, 0)	(-1, -1, -1, 0)	(-1, -1, -1, 0)
33:	(-1, -1, -1, 0)	(-1, -1, -1, 0)	(-1, -1, -1, 0)	(-1, -1, -1, 0)
34:	(-1, -1, -1, 0)	(-1, -1, -1, 0)	(-1, -1, -1, 0)	(-1, -1, -1, 0)
35:	(17, 16, -1, 1)	(18, 16, -1, 1)	(-1, -1, -1, 0)	(-1, -1, -1, 0)
36:	(-1, -1, -1, 0)	(-1, -1, -1, 0)	(-1, -1, -1, 0)	(-1, -1, -1, 0)
37:	(-1, -1, -1, 0)	(-1, -1, -1, 0)	(-1, -1, -1, 0)	(-1, -1, -1, 0)
38:	(-1, -1, -1, 0)	(-1, -1, -1, 0)	(-1, -1, -1, 0)	(-1, -1, -1, 0)
39:	(-1, -1, -1, 0)	(-1, -1, -1, 0)	(-1, -1, -1, 0)	(-1, -1, -1, 0)
40:	(-1, -1, -1, 0)	(-1, -1, -1, 0)	(-1, -1, -1, 0)	(-1, -1, -1, 0)
41:	(-1, -1, -1, 0)	(-1, -1, -1, 0)	(-1, -1, -1, 0)	(-1, -1, -1, 0)
42:	(-1, -1, -1, 0)	(-1, -1, -1, 0)	(-1, -1, -1, 0)	(-1, -1, -1, 0)
43:	(23, 18, -1, 12)	(23, 17, -1, 12)	(30, 17, -1, 12)	(30, 18, -1, 12)
44:	(-1, -1, -1, 0)	(-1, -1, -1, 0)	(-1, -1, -1, 0)	(-1, -1, -1, 0)
45:	(-1, -1, -1, 0)	(-1, -1, -1, 0)	(-1, -1, -1, 0)	(-1, -1, -1, 0)
46:	(26, -1, -1, 17)	(24, -1, -1, 17)	(31, -1, -1, 17)	(-1, -1, -1, 0)
47:	(-1, 25, -1, 19)	(-1, -1, -1, 0)	(-1, -1, -1, 0)	(32, -1, -1, 18)
48:	(-1, -1, -1, 0)	(-1, -1, -1, 0)	(-1, -1, -1, 0)	(-1, -1, -1, 0)
49:	(-1, -1, -1, 0)	(-1, -1, -1, 0)	(-1, -1, -1, 0)	(-1, -1, -1, 0)
50:	(-1, -1, -1, 0)	(24, -1, -1, 22)	(31, -1, -1, 22)	(-1, -1, -1, 0)
51:	(-1, -1, -1, 0)	(-1, -1, -1, 0)	(-1, -1, -1, 0)	(32, -1, -1, 22)
52:	(-1, -1, -1, 0)	(-1, -1, -1, 0)	(-1, -1, -1, 0)	(-1, -1, -1, 0)
53:	(-1, -1, -1, 0)	(-1, -1, -1, 0)	(-1, -1, -1, 0)	(-1, -1, -1, 0)
Print Inst Finished!
time: 0	PE: 0	op: 0.126987 / 0.814724 = 0.155865
time: 0	PE: 1	op: 0.278498 / 0.814724 = 0.341831
time: 0	PE: 2	op: 0.80028 / 0.970593 = 0.824527
time: 0	PE: 3	op: 0.655478 / 0.933993 = 0.701802
time: 1	PE: 0	op: 0.950222 / 0.046171 = 20.5805
time: 1	PE: 1	op: 0.489764 / 0.445586 = 1.09915
time: 2	PE: 0	op: 0.473289 / 0.251084 = 1.88498
time: 8	PE: 0	op: 0 - 0.840717 * 0.155865 = -0.131038
time: 8	PE: 1	op: 0 - 0.840717 * 0.341831 = -0.287383
time: 9	PE: 0	op: 0.097132 - 0.031833 * 0.824527 = 0.0708848
time: 10	PE: 0	op: 0.959744 - 0.655098 * 0.701802 = 0.499995
time: 10	PE: 1	op: 0 - 0.162612 * 20.5805 = -3.34664
time: 11	PE: 0	op: 0.380446 - 0.549724 * 20.5805 = -10.9331
time: 12	PE: 0	op: 0 - 0.929264 * 1.09915 = -1.0214
time: 14	PE: 0	op: -0.287383 - -0.131038 * 0.701802 = -0.19542
time: 15	PE: 0	op: 0.0708848 / 0.046171 = 1.53527
time: 23	PE: 0	op: 0 - 0.162612 * 1.53527 = -0.249653
time: 23	PE: 1	op: 0 - 0.549724 * 1.53527 = -0.843973
time: 29	PE: 0	op: 0.498364 - -0.249653 * 1.09915 = 0.772769
time: 29	PE: 1	op: 0 - -0.843973 * 1.09915 = 0.92765
time: 35	PE: 0	op: 0.499995 / 0.772769 = 0.647017
time: 35	PE: 1	op: -3.34664 / 0.772769 = -4.33071
time: 43	PE: 0	op: 0 + -1.0214 * -4.33071 = 4.42337
time: 43	PE: 1	op: 0 + -1.0214 * 0.647017 = -0.660861
time: 43	PE: 2	op: 0 + 0.92765 * 0.647017 = 0.600206
time: 43	PE: 3	op: 0 + 0.92765 * -4.33071 = -4.01738
time: 46	PE: 0	op: 0 - 4.42337 = -4.42337
time: 46	PE: 1	op: -0.19542 - -0.660861 = 0.465441
time: 46	PE: 2	op: 0 - 0.600206 = -0.600206
time: 47	PE: 0	op: Ax[26] = -4.42337 / 0.251084 = -17.6171
time: 47	PE: 3	op: -10.9331 - -4.01738 = -6.91577
time: 50	PE: 1	op: Ax[24] = 0.465441
time: 50	PE: 2	op: Ax[31] = -0.600206
time: 51	PE: 3	op: Ax[32] = -6.91577
SUCCESS: simulation
