n: 10
nnz: 25
CSC format: after fill in
Ax: 0.814724 0.126987 0.278498 0.970593 0.80028 0.933993 0.655478 0.031833 0.046171 0.097132 0.950222 0.445586 0.489764 0.655098 0.162612 0 0.498364 0.959744 0 0.547216 0.840717 0 0.929264 0 0 0.251084 0 0.473289 0.549724 0 0 0 0.380446 0.337123 
Ai: 0 2 6 1 4 2 6 1 3 4 8 4 5 2 3 4 5 6 8 6 0 2 4 5 6 7 8 9 3 4 5 6 8 9 
Ap: 0 3 5 7 11 13 19 20 28 33 34 
CAd_fill: 0 3 5 8 11 16 19 25 32 33 
div count is 11
ms count is 16
div + ms count is 27 the ideal cycle is 7
flops: 43
SUCCESS: 初始化inst!
SUCCESS: 分配ocp!
SUCCESS: Build Graph!
1 2 4 6 9 10 12 15 16 17 18 21 23 24 26 27 29 30 31 32 
the size of remain_node is 20

Node 0 - n: 0, ai: 0
ready time: 0, valid: 1
child: 1 2 
pool: 
to_do: 0

Node 1 - n: 1, ai: 1
ready time: 0, valid: 0
child: 21 
pool: <-1,0,1,1,0> 
to_do: 1

Node 2 - n: 2, ai: 2
ready time: 0, valid: 0
child: 24 
pool: <-1,0,2,1,0> 
to_do: 1

Node 3 - n: 3, ai: 3
ready time: 0, valid: 1
child: 4 
pool: 
to_do: 0

Node 4 - n: 4, ai: 4
ready time: 0, valid: 0
child: 9 
pool: <-1,3,4,1,0> 
to_do: 1

Node 5 - n: 5, ai: 5
ready time: 0, valid: 1
child: 6 
pool: 
to_do: 0

Node 6 - n: 6, ai: 6
ready time: 0, valid: 0
child: 17 24 
pool: <-1,5,6,1,0> 
to_do: 1

Node 7 - n: 7, ai: 7
ready time: 0, valid: 1
child: 9 
pool: 
to_do: 0

Node 8 - n: 8, ai: 8
ready time: 0, valid: 1
child: 9 10 
pool: 
to_do: 0

Node 9 - n: 9, ai: 9
ready time: 0, valid: 0
child: 15 29 
pool: <7,4,9,0,0> <-1,8,9,1,0> 
to_do: 2

Node 10 - n: 10, ai: 10
ready time: 0, valid: 0
child: 18 32 
pool: <-1,8,10,1,0> 
to_do: 1

Node 11 - n: 11, ai: 11
ready time: 0, valid: 1
child: 12 
pool: 
to_do: 0

Node 12 - n: 12, ai: 12
ready time: 0, valid: 0
child: 16 23 30 
pool: <-1,11,12,1,0> 
to_do: 1

Node 13 - n: 13, ai: 13
ready time: 0, valid: 1
child: 17 
pool: 
to_do: 0

Node 14 - n: 14, ai: 14
ready time: 0, valid: 1
child: 15 18 
pool: 
to_do: 0

Node 15 - n: 15, ai: 15
ready time: 0, valid: 0
child: 16 
pool: <14,9,15,0,0> 
to_do: 1

Node 16 - n: 16, ai: 16
ready time: 0, valid: 0
child: 17 18 
pool: <15,12,16,0,1> 
to_do: 1

Node 17 - n: 17, ai: 17
ready time: 0, valid: 0
child: 24 31 
pool: <13,6,17,0,0> <-1,16,17,1,0> 
to_do: 2

Node 18 - n: 18, ai: 18
ready time: 0, valid: 0
child: 26 32 
pool: <14,10,18,0,0> <-1,16,18,1,0> 
to_do: 2

Node 19 - n: 19, ai: 19
ready time: 0, valid: 1
child: 
pool: 
to_do: 0

Node 20 - n: 20, ai: 20
ready time: 0, valid: 1
child: 21 24 
pool: 
to_do: 0

Node 21 - n: 21, ai: 21
ready time: 0, valid: 0
child: 24 
pool: <20,1,21,0,0> 
to_do: 1

Node 22 - n: 22, ai: 22
ready time: 0, valid: 1
child: 23 
pool: 
to_do: 0

Node 23 - n: 23, ai: 23
ready time: 0, valid: 0
child: 24 26 
pool: <22,12,23,0,0> 
to_do: 1

Node 24 - n: 24, ai: 24
ready time: 0, valid: 0
child: 
pool: <20,2,24,0,0> <21,6,24,0,0> <23,17,24,0,0> 
to_do: 3

Node 25 - n: 25, ai: 25
ready time: 0, valid: 1
child: 26 27 
pool: 
to_do: 0

Node 26 - n: 26, ai: 26
ready time: 0, valid: 0
child: 
pool: <23,18,26,0,0> <-1,25,26,1,0> 
to_do: 2

Node 27 - n: 27, ai: 27
ready time: 0, valid: 0
child: 
pool: <-1,25,27,1,0> 
to_do: 1

Node 28 - n: 28, ai: 28
ready time: 0, valid: 1
child: 29 32 
pool: 
to_do: 0

Node 29 - n: 29, ai: 29
ready time: 0, valid: 0
child: 30 
pool: <28,9,29,0,0> 
to_do: 1

Node 30 - n: 30, ai: 30
ready time: 0, valid: 0
child: 31 32 
pool: <29,12,30,0,0> 
to_do: 1

Node 31 - n: 31, ai: 31
ready time: 0, valid: 0
child: 
pool: <30,17,31,0,0> 
to_do: 1

Node 32 - n: 32, ai: 32
ready time: 0, valid: 0
child: 
pool: <28,10,32,0,1> <30,18,32,0,1> 
to_do: 2

Node 33 - n: 33, ai: 33
ready time: 0, valid: 1
child: 
pool: 
to_do: 0

SUCCESS: Initialize waiting list!
waiting list is: 
<-1,0,1,1,0> 
<-1,0,2,1,0> 
<-1,3,4,1,0> 
<-1,5,6,1,0> 
<-1,8,10,1,0> 
<-1,11,12,1,0> 
<-1,25,27,1,0> 
SUCCESS: add ok to do list at time 0
ok to do list is: 
<-1,0,1,1,0> 
<-1,0,2,1,0> 
<-1,3,4,1,0> 
<-1,5,6,1,0> 
<-1,8,10,1,0> 
<-1,11,12,1,0> 
<-1,25,27,1,0> 
waiting list is: 
SUCCESS: schedule at time0
9 10 12 15 16 17 18 21 23 24 26 27 29 30 31 32 
the size of remain_node is 16
ok to do list is: 
<-1,8,10,1,0> 
<-1,11,12,1,0> 
<-1,25,27,1,0> 

Node 0 - n: 0, ai: 0
ready time: 0, valid: 1
child: 1 2 
pool: 
to_do: 0

Node 1 - n: 1, ai: 1
ready time: 5, valid: 1
child: 21 
pool: 
to_do: 0

Node 2 - n: 2, ai: 2
ready time: 5, valid: 1
child: 24 
pool: 
to_do: 0

Node 3 - n: 3, ai: 3
ready time: 0, valid: 1
child: 4 
pool: 
to_do: 0

Node 4 - n: 4, ai: 4
ready time: 5, valid: 1
child: 9 
pool: 
to_do: 0

Node 5 - n: 5, ai: 5
ready time: 0, valid: 1
child: 6 
pool: 
to_do: 0

Node 6 - n: 6, ai: 6
ready time: 5, valid: 1
child: 17 24 
pool: 
to_do: 0

Node 7 - n: 7, ai: 7
ready time: 0, valid: 1
child: 9 
pool: 
to_do: 0

Node 8 - n: 8, ai: 8
ready time: 0, valid: 1
child: 9 10 
pool: 
to_do: 0

Node 9 - n: 9, ai: 9
ready time: 0, valid: 0
child: 15 29 
pool: <7,4,9,0,0> <-1,8,9,1,0> 
to_do: 2

Node 10 - n: 10, ai: 10
ready time: 0, valid: 0
child: 18 32 
pool: 
to_do: 1

Node 11 - n: 11, ai: 11
ready time: 0, valid: 1
child: 12 
pool: 
to_do: 0

Node 12 - n: 12, ai: 12
ready time: 0, valid: 0
child: 16 23 30 
pool: 
to_do: 1

Node 13 - n: 13, ai: 13
ready time: 0, valid: 1
child: 17 
pool: 
to_do: 0

Node 14 - n: 14, ai: 14
ready time: 0, valid: 1
child: 15 18 
pool: 
to_do: 0

Node 15 - n: 15, ai: 15
ready time: 0, valid: 0
child: 16 
pool: <14,9,15,0,0> 
to_do: 1

Node 16 - n: 16, ai: 16
ready time: 0, valid: 0
child: 17 18 
pool: <15,12,16,0,1> 
to_do: 1

Node 17 - n: 17, ai: 17
ready time: 0, valid: 0
child: 24 31 
pool: <13,6,17,0,0> <-1,16,17,1,0> 
to_do: 2

Node 18 - n: 18, ai: 18
ready time: 0, valid: 0
child: 26 32 
pool: <14,10,18,0,0> <-1,16,18,1,0> 
to_do: 2

Node 19 - n: 19, ai: 19
ready time: 0, valid: 1
child: 
pool: 
to_do: 0

Node 20 - n: 20, ai: 20
ready time: 0, valid: 1
child: 21 24 
pool: 
to_do: 0

Node 21 - n: 21, ai: 21
ready time: 0, valid: 0
child: 24 
pool: <20,1,21,0,0> 
to_do: 1

Node 22 - n: 22, ai: 22
ready time: 0, valid: 1
child: 23 
pool: 
to_do: 0

Node 23 - n: 23, ai: 23
ready time: 0, valid: 0
child: 24 26 
pool: <22,12,23,0,0> 
to_do: 1

Node 24 - n: 24, ai: 24
ready time: 0, valid: 0
child: 
pool: <20,2,24,0,0> <21,6,24,0,0> <23,17,24,0,0> 
to_do: 3

Node 25 - n: 25, ai: 25
ready time: 0, valid: 1
child: 26 27 
pool: 
to_do: 0

Node 26 - n: 26, ai: 26
ready time: 0, valid: 0
child: 
pool: <23,18,26,0,0> <-1,25,26,1,0> 
to_do: 2

Node 27 - n: 27, ai: 27
ready time: 0, valid: 0
child: 
pool: 
to_do: 1

Node 28 - n: 28, ai: 28
ready time: 0, valid: 1
child: 29 32 
pool: 
to_do: 0

Node 29 - n: 29, ai: 29
ready time: 0, valid: 0
child: 30 
pool: <28,9,29,0,0> 
to_do: 1

Node 30 - n: 30, ai: 30
ready time: 0, valid: 0
child: 31 32 
pool: <29,12,30,0,0> 
to_do: 1

Node 31 - n: 31, ai: 31
ready time: 0, valid: 0
child: 
pool: <30,17,31,0,0> 
to_do: 1

Node 32 - n: 32, ai: 32
ready time: 0, valid: 0
child: 
pool: <28,10,32,0,1> <30,18,32,0,1> 
to_do: 2

Node 33 - n: 33, ai: 33
ready time: 0, valid: 1
child: 
pool: 
to_do: 0

newly_valid list is: 
1 2 4 6 
SUCCESS: add waiting list
ok to do list is: 
<-1,8,10,1,0> 
<-1,11,12,1,0> 
<-1,25,27,1,0> 
waiting list is: 
<20,1,21,0,0> 
<20,2,24,0,0> 
<7,4,9,0,0> 
<-1,8,9,1,0> 
<13,6,17,0,0> 
SUCCESS: add ok to do list at time 1
ok to do list is: 
<-1,8,10,1,0> 
<-1,11,12,1,0> 
<-1,25,27,1,0> 
<20,1,21,0,0> 
<20,2,24,0,0> 
<7,4,9,0,0> 
<13,6,17,0,0> 
waiting list is: 
<-1,8,9,1,0> 
SUCCESS: schedule at time 1
9 15 16 17 18 21 23 24 26 27 29 30 31 32 
the size of remain_node is 14
ok to do list is: 
<-1,25,27,1,0> 
<20,1,21,0,0> 
<20,2,24,0,0> 
<7,4,9,0,0> 
<13,6,17,0,0> 
newly_valid list is: 
10 12 
SUCCESS: add waiting list
waiting list is: 
<-1,8,9,1,0> 
<14,10,18,0,0> 
<28,10,32,0,1> 
<22,12,23,0,0> 


SUCCESS: add ok to do list at time 2
ok to do list is: 
<-1,25,27,1,0> 
<20,1,21,0,0> 
<20,2,24,0,0> 
<7,4,9,0,0> 
<13,6,17,0,0> 
<14,10,18,0,0> 
<28,10,32,0,1> 
<22,12,23,0,0> 
waiting list is: 
<-1,8,9,1,0> 
SUCCESS: schedule at time 2
9 15 16 17 18 21 23 24 26 29 30 31 32 
the size of remain_node is 13
ok to do list is: 
<20,1,21,0,0> 
<20,2,24,0,0> 
<7,4,9,0,0> 
<13,6,17,0,0> 
<14,10,18,0,0> 
<28,10,32,0,1> 
<22,12,23,0,0> 
newly_valid list is: 
27 
SUCCESS: add waiting list
waiting list is: 
<-1,8,9,1,0> 


SUCCESS: add ok to do list at time 3
ok to do list is: 
<20,1,21,0,0> 
<20,2,24,0,0> 
<7,4,9,0,0> 
<13,6,17,0,0> 
<14,10,18,0,0> 
<28,10,32,0,1> 
<22,12,23,0,0> 
waiting list is: 
<-1,8,9,1,0> 
SUCCESS: schedule at time 3
9 15 16 17 18 21 23 24 26 29 30 31 32 
the size of remain_node is 13
ok to do list is: 
<20,1,21,0,0> 
<20,2,24,0,0> 
<7,4,9,0,0> 
<13,6,17,0,0> 
<14,10,18,0,0> 
<28,10,32,0,1> 
<22,12,23,0,0> 
newly_valid list is: 

SUCCESS: add waiting list
waiting list is: 
<-1,8,9,1,0> 


SUCCESS: add ok to do list at time 4
ok to do list is: 
<20,1,21,0,0> 
<20,2,24,0,0> 
<7,4,9,0,0> 
<13,6,17,0,0> 
<14,10,18,0,0> 
<28,10,32,0,1> 
<22,12,23,0,0> 
waiting list is: 
<-1,8,9,1,0> 
SUCCESS: schedule at time 4
9 15 16 17 18 21 23 24 26 29 30 31 32 
the size of remain_node is 13
ok to do list is: 
<20,1,21,0,0> 
<20,2,24,0,0> 
<7,4,9,0,0> 
<13,6,17,0,0> 
<14,10,18,0,0> 
<28,10,32,0,1> 
<22,12,23,0,0> 
newly_valid list is: 

SUCCESS: add waiting list
waiting list is: 
<-1,8,9,1,0> 


SUCCESS: add ok to do list at time 5
ok to do list is: 
<20,1,21,0,0> 
<20,2,24,0,0> 
<7,4,9,0,0> 
<13,6,17,0,0> 
<14,10,18,0,0> 
<28,10,32,0,1> 
<22,12,23,0,0> 
waiting list is: 
<-1,8,9,1,0> 
SUCCESS: schedule at time 5
9 15 16 17 18 23 24 26 29 30 31 32 
the size of remain_node is 12
ok to do list is: 
<7,4,9,0,0> 
<13,6,17,0,0> 
<14,10,18,0,0> 
<28,10,32,0,1> 
<22,12,23,0,0> 
newly_valid list is: 
21 
SUCCESS: add waiting list
waiting list is: 
<-1,8,9,1,0> 
<21,6,24,0,0> 


SUCCESS: add ok to do list at time 6
ok to do list is: 
<7,4,9,0,0> 
<13,6,17,0,0> 
<14,10,18,0,0> 
<28,10,32,0,1> 
<22,12,23,0,0> 
<21,6,24,0,0> 
waiting list is: 
<-1,8,9,1,0> 
SUCCESS: schedule at time 6
9 15 16 17 18 23 24 26 29 30 31 32 
the size of remain_node is 12
ok to do list is: 
<13,6,17,0,0> 
<28,10,32,0,1> 
<22,12,23,0,0> 
<21,6,24,0,0> 
newly_valid list is: 

SUCCESS: add waiting list
waiting list is: 
<-1,8,9,1,0> 


SUCCESS: add ok to do list at time 7
ok to do list is: 
<13,6,17,0,0> 
<28,10,32,0,1> 
<22,12,23,0,0> 
<21,6,24,0,0> 
<-1,8,9,1,0> 
waiting list is: 
SUCCESS: schedule at time 7
9 15 16 17 18 23 24 26 29 30 31 32 
the size of remain_node is 12
ok to do list is: 
<28,10,32,0,1> 
<22,12,23,0,0> 
<21,6,24,0,0> 
<-1,8,9,1,0> 
newly_valid list is: 

SUCCESS: add waiting list
waiting list is: 


SUCCESS: add ok to do list at time 8
ok to do list is: 
<28,10,32,0,1> 
<22,12,23,0,0> 
<21,6,24,0,0> 
<-1,8,9,1,0> 
waiting list is: 
SUCCESS: schedule at time 8
9 15 16 17 18 23 24 26 29 30 31 32 
the size of remain_node is 12
ok to do list is: 
<22,12,23,0,0> 
<21,6,24,0,0> 
<-1,8,9,1,0> 
newly_valid list is: 

SUCCESS: add waiting list
waiting list is: 


SUCCESS: add ok to do list at time 9
ok to do list is: 
<22,12,23,0,0> 
<21,6,24,0,0> 
<-1,8,9,1,0> 
waiting list is: 
SUCCESS: schedule at time 9
9 15 16 17 18 24 26 29 30 31 32 
the size of remain_node is 11
ok to do list is: 
<21,6,24,0,0> 
<-1,8,9,1,0> 
newly_valid list is: 
23 
SUCCESS: add waiting list
waiting list is: 


SUCCESS: add ok to do list at time 10
ok to do list is: 
<21,6,24,0,0> 
<-1,8,9,1,0> 
waiting list is: 
SUCCESS: schedule at time 10
9 15 16 17 18 24 26 29 30 31 32 
the size of remain_node is 11
ok to do list is: 
<-1,8,9,1,0> 
newly_valid list is: 

SUCCESS: add waiting list
waiting list is: 


SUCCESS: add ok to do list at time 11
ok to do list is: 
<-1,8,9,1,0> 
waiting list is: 
SUCCESS: schedule at time 11
15 16 17 18 24 26 29 30 31 32 
the size of remain_node is 10
ok to do list is: 
newly_valid list is: 
9 
SUCCESS: add waiting list
waiting list is: 
<14,9,15,0,0> 
<28,9,29,0,0> 


SUCCESS: add ok to do list at time 12
ok to do list is: 
<14,9,15,0,0> 
<28,9,29,0,0> 
waiting list is: 
SUCCESS: schedule at time 12
15 16 17 18 24 26 29 30 31 32 
the size of remain_node is 10
ok to do list is: 
<14,9,15,0,0> 
<28,9,29,0,0> 
newly_valid list is: 

SUCCESS: add waiting list
waiting list is: 


SUCCESS: add ok to do list at time 13
ok to do list is: 
<14,9,15,0,0> 
<28,9,29,0,0> 
waiting list is: 
SUCCESS: schedule at time 13
15 16 17 18 24 26 29 30 31 32 
the size of remain_node is 10
ok to do list is: 
<14,9,15,0,0> 
<28,9,29,0,0> 
newly_valid list is: 

SUCCESS: add waiting list
waiting list is: 


SUCCESS: add ok to do list at time 14
ok to do list is: 
<14,9,15,0,0> 
<28,9,29,0,0> 
waiting list is: 
SUCCESS: schedule at time 14
15 16 17 18 24 26 29 30 31 32 
the size of remain_node is 10
ok to do list is: 
<14,9,15,0,0> 
<28,9,29,0,0> 
newly_valid list is: 

SUCCESS: add waiting list
waiting list is: 


SUCCESS: add ok to do list at time 15
ok to do list is: 
<14,9,15,0,0> 
<28,9,29,0,0> 
waiting list is: 
SUCCESS: schedule at time 15
15 16 17 18 24 26 29 30 31 32 
the size of remain_node is 10
ok to do list is: 
<14,9,15,0,0> 
<28,9,29,0,0> 
newly_valid list is: 

SUCCESS: add waiting list
waiting list is: 


SUCCESS: add ok to do list at time 16
ok to do list is: 
<14,9,15,0,0> 
<28,9,29,0,0> 
waiting list is: 
SUCCESS: schedule at time 16
16 17 18 24 26 30 31 32 
the size of remain_node is 8
ok to do list is: 
newly_valid list is: 
15 29 
SUCCESS: add waiting list
waiting list is: 
<15,12,16,0,1> 
<29,12,30,0,0> 


SUCCESS: add ok to do list at time 17
ok to do list is: 
<15,12,16,0,1> 
<29,12,30,0,0> 
waiting list is: 
SUCCESS: schedule at time 17
16 17 18 24 26 30 31 32 
the size of remain_node is 8
ok to do list is: 
<15,12,16,0,1> 
<29,12,30,0,0> 
newly_valid list is: 

SUCCESS: add waiting list
waiting list is: 


SUCCESS: add ok to do list at time 18
ok to do list is: 
<15,12,16,0,1> 
<29,12,30,0,0> 
waiting list is: 
SUCCESS: schedule at time 18
16 17 18 24 26 30 31 32 
the size of remain_node is 8
ok to do list is: 
<15,12,16,0,1> 
<29,12,30,0,0> 
newly_valid list is: 

SUCCESS: add waiting list
waiting list is: 


SUCCESS: add ok to do list at time 19
ok to do list is: 
<15,12,16,0,1> 
<29,12,30,0,0> 
waiting list is: 
SUCCESS: schedule at time 19
16 17 18 24 26 30 31 32 
the size of remain_node is 8
ok to do list is: 
<15,12,16,0,1> 
<29,12,30,0,0> 
newly_valid list is: 

SUCCESS: add waiting list
waiting list is: 


SUCCESS: add ok to do list at time 20
ok to do list is: 
<15,12,16,0,1> 
<29,12,30,0,0> 
waiting list is: 
SUCCESS: schedule at time 20
16 17 18 24 26 30 31 32 
the size of remain_node is 8
ok to do list is: 
<15,12,16,0,1> 
<29,12,30,0,0> 
newly_valid list is: 

SUCCESS: add waiting list
waiting list is: 


SUCCESS: add ok to do list at time 21
ok to do list is: 
<15,12,16,0,1> 
<29,12,30,0,0> 
waiting list is: 
SUCCESS: schedule at time 21
17 18 24 26 31 32 
the size of remain_node is 6
ok to do list is: 
newly_valid list is: 
16 30 
SUCCESS: add waiting list
waiting list is: 
<-1,16,17,1,0> 
<-1,16,18,1,0> 


SUCCESS: add ok to do list at time 22
ok to do list is: 
<-1,16,17,1,0> 
<-1,16,18,1,0> 
waiting list is: 
SUCCESS: schedule at time 22
17 18 24 26 31 32 
the size of remain_node is 6
ok to do list is: 
<-1,16,17,1,0> 
<-1,16,18,1,0> 
newly_valid list is: 

SUCCESS: add waiting list
waiting list is: 


SUCCESS: add ok to do list at time 23
ok to do list is: 
<-1,16,17,1,0> 
<-1,16,18,1,0> 
waiting list is: 
SUCCESS: schedule at time 23
17 18 24 26 31 32 
the size of remain_node is 6
ok to do list is: 
<-1,16,17,1,0> 
<-1,16,18,1,0> 
newly_valid list is: 

SUCCESS: add waiting list
waiting list is: 


SUCCESS: add ok to do list at time 24
ok to do list is: 
<-1,16,17,1,0> 
<-1,16,18,1,0> 
waiting list is: 
SUCCESS: schedule at time 24
17 18 24 26 31 32 
the size of remain_node is 6
ok to do list is: 
<-1,16,17,1,0> 
<-1,16,18,1,0> 
newly_valid list is: 

SUCCESS: add waiting list
waiting list is: 


SUCCESS: add ok to do list at time 25
ok to do list is: 
<-1,16,17,1,0> 
<-1,16,18,1,0> 
waiting list is: 
SUCCESS: schedule at time 25
17 18 24 26 31 32 
the size of remain_node is 6
ok to do list is: 
<-1,16,17,1,0> 
<-1,16,18,1,0> 
newly_valid list is: 

SUCCESS: add waiting list
waiting list is: 


SUCCESS: add ok to do list at time 26
ok to do list is: 
<-1,16,17,1,0> 
<-1,16,18,1,0> 
waiting list is: 
SUCCESS: schedule at time 26
24 26 31 32 
the size of remain_node is 4
ok to do list is: 

Node 24 - n: 24, ai: 24
ready time: 15, valid: 0
child: 
pool: <23,17,24,0,0> 
to_do: 1


Node 26 - n: 26, ai: 26
ready time: 0, valid: 0
child: 
pool: <23,18,26,0,0> <-1,25,26,1,0> 
to_do: 2


Node 31 - n: 31, ai: 31
ready time: 0, valid: 0
child: 
pool: <30,17,31,0,0> 
to_do: 1


Node 32 - n: 32, ai: 32
ready time: 13, valid: 0
child: 
pool: <30,18,32,0,1> 
to_do: 1

Begin: Second Schedule!
ok to do list is: 
waiting list is: 
the nodes are 
0 node: 24
<23,17,24,0,0> 
1 node: 26
<23,18,26,0,0> 
<-1,25,26,1,0> 
2 node: 31
<30,17,31,0,0> 
3 node: 32
<30,18,32,0,1> 
the priority is: 1 2 1 1 
before sorted Results:
Node: 24
<23,17,24,0,0> 
Node: 26
<23,18,26,0,0> 
<-1,25,26,1,0> 
Node: 31
<30,17,31,0,0> 
Node: 32
<30,18,32,0,1> 

sorted Results:
Node: 26
<23,18,26,0,0> 
<-1,25,26,1,0> 
Node: 24
<23,17,24,0,0> 
Node: 31
<30,17,31,0,0> 
Node: 32
<30,18,32,0,1> 
only_div: 0 1 1 1 
SUCCESS: schedule at time: 27
ok_to_sub: 0 0 0 0 
ok_to_wb: 0 0 0 0 
ok_to_wb_time: 0 0 0 0 
SUCCESS: schedule at time: 28
ok_to_sub: 0 0 0 0 
ok_to_wb: 0 0 0 0 
ok_to_wb_time: 0 0 0 0 
SUCCESS: schedule at time: 29
ok_to_sub: 0 0 0 0 
ok_to_wb: 0 0 0 0 
ok_to_wb_time: 0 0 0 0 
SUCCESS: schedule at time: 30
ok_to_sub: 0 0 0 0 
ok_to_wb: 0 0 0 0 
ok_to_wb_time: 0 0 0 0 
SUCCESS: schedule at time: 31
ok_to_sub: 1 1 1 1 
ok_to_wb: 0 0 0 0 
ok_to_wb_time: 0 0 0 0 
SUCCESS: schedule at time: 32
ok_to_sub: 0 0 0 1 
ok_to_wb: 0 1 1 0 
ok_to_wb_time: 0 36 36 0 
SUCCESS: schedule at time: 33
ok_to_sub: 0 0 0 0 
ok_to_wb: 1 1 1 1 
ok_to_wb_time: 37 36 36 37 
SUCCESS: schedule at time: 34
ok_to_sub: 0 0 0 0 
ok_to_wb: 1 1 1 1 
ok_to_wb_time: 37 36 36 37 
SUCCESS: schedule at time: 35
ok_to_sub: 0 0 0 0 
ok_to_wb: 1 1 1 1 
ok_to_wb_time: 37 36 36 37 
SUCCESS: schedule at time: 36
ok_to_sub: 0 0 0 0 
ok_to_wb: 1 1 1 1 
ok_to_wb_time: 37 36 36 37 
SUCCESS: schedule at time: 37
ok_to_sub: 0 0 0 0 
ok_to_wb: 1 1 1 1 
ok_to_wb_time: 37 36 36 37 
Finished: schedule!
this is the instruction from 0 to 40
0:	(-1, 0, 1, 1, 0, 1, 1, 0, 1)	(-1, 0, 2, 1, 0, 1, 1, 0, 1)	(-1, 3, 4, 1, 0, 1, 1, 0, 1)	(-1, 5, 6, 1, 0, 1, 1, 0, 1)
1:	(-1, 8, 10, 1, 0, 1, 1, 0, 1)	(-1, 11, 12, 1, 0, 1, 1, 0, 1)	(-1, -1, -1, -1, 0, 0, 0, 0, 0)	(-1, -1, -1, -1, 0, 0, 0, 0, 0)
2:	(-1, 25, 27, 1, 0, 1, 1, 0, 1)	(-1, -1, -1, -1, 0, 0, 0, 0, 0)	(-1, -1, -1, -1, 0, 0, 0, 0, 0)	(-1, -1, -1, -1, 0, 0, 0, 0, 0)
3:	(-1, -1, -1, -1, 0, 0, 0, 0, 0)	(-1, -1, -1, -1, 0, 0, 0, 0, 0)	(-1, -1, -1, -1, 0, 0, 0, 0, 0)	(-1, -1, -1, -1, 0, 0, 0, 0, 0)
4:	(-1, -1, -1, -1, 0, 0, 0, 0, 0)	(-1, -1, -1, -1, 0, 0, 0, 0, 0)	(-1, -1, -1, -1, 0, 0, 0, 0, 0)	(-1, -1, -1, -1, 0, 0, 0, 0, 0)
5:	(20, 1, 21, 0, 1, 1, 1, 0, 1)	(20, 2, 24, 0, 1, 1, 1, 0, 1)	(-1, -1, -1, -1, 0, 0, 0, 0, 0)	(-1, -1, -1, -1, 0, 0, 0, 0, 0)
6:	(7, 4, 9, 0, 1, 1, 1, 0, 1)	(14, 10, -1, 0, 1, 1, 0, 0, 1)	(-1, -1, -1, -1, 0, 0, 0, 0, 0)	(-1, -1, -1, -1, 0, 0, 0, 0, 0)
7:	(13, 6, 17, 0, 1, 1, 1, 0, 1)	(-1, -1, 18, 0, 0, 0, 1, 0, 1)	(-1, -1, -1, -1, 0, 0, 0, 0, 0)	(-1, -1, -1, -1, 0, 0, 0, 0, 0)
8:	(28, 10, 32, 0, 1, 1, 1, 0, 1)	(-1, -1, -1, -1, 0, 0, 0, 0, 0)	(-1, -1, -1, -1, 0, 0, 0, 0, 0)	(-1, -1, -1, -1, 0, 0, 0, 0, 0)
9:	(22, 12, 23, 0, 1, 1, 1, 0, 1)	(-1, -1, -1, -1, 0, 0, 0, 0, 0)	(-1, -1, -1, -1, 0, 0, 0, 0, 0)	(-1, -1, -1, -1, 0, 0, 0, 0, 0)
10:	(21, 6, 24, 0, 1, 1, 1, 0, 1)	(-1, -1, -1, -1, 0, 0, 0, 0, 0)	(-1, -1, -1, -1, 0, 0, 0, 0, 0)	(-1, -1, -1, -1, 0, 0, 0, 0, 0)
11:	(-1, 8, 9, 1, 0, 1, 1, 0, 1)	(-1, -1, -1, -1, 0, 0, 0, 0, 0)	(-1, -1, -1, -1, 0, 0, 0, 0, 0)	(-1, -1, -1, -1, 0, 0, 0, 0, 0)
12:	(-1, -1, -1, -1, 0, 0, 0, 0, 0)	(-1, -1, -1, -1, 0, 0, 0, 0, 0)	(-1, -1, -1, -1, 0, 0, 0, 0, 0)	(-1, -1, -1, -1, 0, 0, 0, 0, 0)
13:	(-1, -1, -1, -1, 0, 0, 0, 0, 0)	(-1, -1, -1, -1, 0, 0, 0, 0, 0)	(-1, -1, -1, -1, 0, 0, 0, 0, 0)	(-1, -1, -1, -1, 0, 0, 0, 0, 0)
14:	(-1, -1, -1, -1, 0, 0, 0, 0, 0)	(-1, -1, -1, -1, 0, 0, 0, 0, 0)	(-1, -1, -1, -1, 0, 0, 0, 0, 0)	(-1, -1, -1, -1, 0, 0, 0, 0, 0)
15:	(-1, -1, -1, -1, 0, 0, 0, 0, 0)	(-1, -1, -1, -1, 0, 0, 0, 0, 0)	(-1, -1, -1, -1, 0, 0, 0, 0, 0)	(-1, -1, -1, -1, 0, 0, 0, 0, 0)
16:	(14, 9, 15, 0, 1, 1, 1, 0, 1)	(28, 9, 29, 0, 1, 1, 1, 0, 1)	(-1, -1, -1, -1, 0, 0, 0, 0, 0)	(-1, -1, -1, -1, 0, 0, 0, 0, 0)
17:	(-1, -1, -1, -1, 0, 0, 0, 0, 0)	(-1, -1, -1, -1, 0, 0, 0, 0, 0)	(-1, -1, -1, -1, 0, 0, 0, 0, 0)	(-1, -1, -1, -1, 0, 0, 0, 0, 0)
18:	(-1, -1, -1, -1, 0, 0, 0, 0, 0)	(-1, -1, -1, -1, 0, 0, 0, 0, 0)	(-1, -1, -1, -1, 0, 0, 0, 0, 0)	(-1, -1, -1, -1, 0, 0, 0, 0, 0)
19:	(-1, -1, -1, -1, 0, 0, 0, 0, 0)	(-1, -1, -1, -1, 0, 0, 0, 0, 0)	(-1, -1, -1, -1, 0, 0, 0, 0, 0)	(-1, -1, -1, -1, 0, 0, 0, 0, 0)
20:	(-1, -1, -1, -1, 0, 0, 0, 0, 0)	(-1, -1, -1, -1, 0, 0, 0, 0, 0)	(-1, -1, -1, -1, 0, 0, 0, 0, 0)	(-1, -1, -1, -1, 0, 0, 0, 0, 0)
21:	(15, 12, 16, 0, 1, 1, 1, 0, 1)	(29, 12, 30, 0, 1, 1, 1, 0, 1)	(-1, -1, -1, -1, 0, 0, 0, 0, 0)	(-1, -1, -1, -1, 0, 0, 0, 0, 0)
22:	(-1, -1, -1, -1, 0, 0, 0, 0, 0)	(-1, -1, -1, -1, 0, 0, 0, 0, 0)	(-1, -1, -1, -1, 0, 0, 0, 0, 0)	(-1, -1, -1, -1, 0, 0, 0, 0, 0)
23:	(-1, -1, -1, -1, 0, 0, 0, 0, 0)	(-1, -1, -1, -1, 0, 0, 0, 0, 0)	(-1, -1, -1, -1, 0, 0, 0, 0, 0)	(-1, -1, -1, -1, 0, 0, 0, 0, 0)
24:	(-1, -1, -1, -1, 0, 0, 0, 0, 0)	(-1, -1, -1, -1, 0, 0, 0, 0, 0)	(-1, -1, -1, -1, 0, 0, 0, 0, 0)	(-1, -1, -1, -1, 0, 0, 0, 0, 0)
25:	(-1, -1, -1, -1, 0, 0, 0, 0, 0)	(-1, -1, -1, -1, 0, 0, 0, 0, 0)	(-1, -1, -1, -1, 0, 0, 0, 0, 0)	(-1, -1, -1, -1, 0, 0, 0, 0, 0)
26:	(-1, 16, 17, 1, 0, 1, 1, 0, 1)	(-1, 16, 18, 1, 0, 1, 1, 0, 1)	(-1, -1, -1, -1, 0, 0, 0, 0, 0)	(-1, -1, -1, -1, 0, 0, 0, 0, 0)
27:	(-1, -1, -1, -1, 0, 0, 0, 0, 0)	(-1, -1, -1, -1, 0, 0, 0, 0, 0)	(-1, -1, -1, -1, 0, 0, 0, 0, 0)	(-1, -1, -1, -1, 0, 0, 0, 0, 0)
28:	(-1, -1, -1, -1, 0, 0, 0, 0, 0)	(-1, -1, -1, -1, 0, 0, 0, 0, 0)	(-1, -1, -1, -1, 0, 0, 0, 0, 0)	(-1, -1, -1, -1, 0, 0, 0, 0, 0)
29:	(-1, -1, -1, -1, 0, 0, 0, 0, 0)	(-1, -1, -1, -1, 0, 0, 0, 0, 0)	(-1, -1, -1, -1, 0, 0, 0, 0, 0)	(-1, -1, -1, -1, 0, 0, 0, 0, 0)
30:	(-1, -1, -1, -1, 0, 0, 0, 0, 0)	(-1, -1, -1, -1, 0, 0, 0, 0, 0)	(-1, -1, -1, -1, 0, 0, 0, 0, 0)	(-1, -1, -1, -1, 0, 0, 0, 0, 0)
31:	(23, 18, -1, 2, 1, 1, 1, 1, 1)	(23, 17, -1, 2, 1, 1, 1, 1, 1)	(30, 17, -1, 2, 1, 1, 1, 1, 1)	(30, 18, -1, 2, 1, 1, 1, 1, 1)
32:	(-1, -1, 26, 2, 0, 0, 0, 0, 1)	(-1, -1, 24, 2, 0, 0, 0, 0, 1)	(-1, -1, 31, 2, 0, 0, 0, 0, 1)	(-1, -1, -1, -1, 0, 0, 0, 0, 0)
33:	(-1, 25, -1, 1, 0, 1, 0, 0, 1)	(-1, -1, -1, -1, 0, 0, 0, 0, 0)	(-1, -1, -1, -1, 0, 0, 0, 0, 0)	(-1, -1, 32, 2, 0, 0, 1, 0, 1)
34:	(-1, -1, -1, -1, 0, 0, 0, 0, 0)	(-1, -1, -1, -1, 0, 0, 0, 0, 0)	(-1, -1, -1, -1, 0, 0, 0, 0, 0)	(-1, -1, -1, -1, 0, 0, 0, 0, 0)
35:	(-1, -1, -1, -1, 0, 0, 0, 0, 0)	(-1, -1, -1, -1, 0, 0, 0, 0, 0)	(-1, -1, -1, -1, 0, 0, 0, 0, 0)	(-1, -1, -1, -1, 0, 0, 0, 0, 0)
36:	(-1, -1, -1, -1, 0, 0, 0, 0, 0)	(-1, -1, 24, 3, 0, 0, 0, 0, 1)	(-1, -1, 31, 3, 0, 0, 0, 0, 1)	(-1, -1, -1, -1, 0, 0, 0, 0, 0)
37:	(-1, -1, 26, 3, 0, 0, 0, 0, 1)	(-1, -1, -1, -1, 0, 0, 0, 0, 0)	(-1, -1, -1, -1, 0, 0, 0, 0, 0)	(-1, -1, 32, 3, 0, 0, 0, 0, 1)
38:	(-1, -1, -1, -1, 0, 0, 0, 0, 0)	(-1, -1, -1, -1, 0, 0, 0, 0, 0)	(-1, -1, -1, -1, 0, 0, 0, 0, 0)	(-1, -1, -1, -1, 0, 0, 0, 0, 0)
39:	(-1, -1, -1, -1, 0, 0, 0, 0, 0)	(-1, -1, -1, -1, 0, 0, 0, 0, 0)	(-1, -1, -1, -1, 0, 0, 0, 0, 0)	(-1, -1, -1, -1, 0, 0, 0, 0, 0)
Print Inst Finished!
time: 0	PE: 0	op: 0.126987 / 0.814724 = 0.155865
time: 0	PE: 1	op: 0.278498 / 0.814724 = 0.341831
time: 0	PE: 2	op: 0.80028 / 0.970593 = 0.824527
time: 0	PE: 3	op: 0.655478 / 0.933993 = 0.701802
time: 1	PE: 0	op: 0.950222 / 0.046171 = 20.5805
time: 1	PE: 1	op: 0.489764 / 0.445586 = 1.09915
time: 2	PE: 0	op: 0.473289 / 0.251084 = 1.88498
time: 5	PE: 0	op: 0 - 0.840717 * 0.155865 = -0.131038
time: 5	PE: 1	op: 0 - 0.840717 * 0.341831 = -0.287383
time: 6	PE: 0	op: 0.097132 - 0.031833 * 0.824527 = 0.0708848
time: 7	PE: 0	op: 0.959744 - 0.655098 * 0.701802 = 0.499995
time: 7	PE: 1	op: 0 - 0.162612 * 20.5805 = -3.34664
time: 8	PE: 0	op: 0.380446 - 0.549724 * 20.5805 = -10.9331
time: 9	PE: 0	op: 0 - 0.929264 * 1.09915 = -1.0214
time: 10	PE: 0	op: -0.287383 - -0.131038 * 0.701802 = -0.19542
time: 11	PE: 0	op: 0.0708848 / 0.046171 = 1.53527
time: 16	PE: 0	op: 0 - 0.162612 * 1.53527 = -0.249653
time: 16	PE: 1	op: 0 - 0.549724 * 1.53527 = -0.843973
time: 21	PE: 0	op: 0.498364 - -0.249653 * 1.09915 = 0.772769
time: 21	PE: 1	op: 0 - -0.843973 * 1.09915 = 0.92765
time: 26	PE: 0	op: 0.499995 / 0.772769 = 0.647017
time: 26	PE: 1	op: -3.34664 / 0.772769 = -4.33071
time: 31	PE: 0	op: 0 + -1.0214 * -4.33071 = 4.42337
time: 31	PE: 1	op: 0 + -1.0214 * 0.647017 = -0.660861
time: 31	PE: 2	op: 0 + 0.92765 * 0.647017 = 0.600206
time: 31	PE: 3	op: 0 + 0.92765 * -4.33071 = -4.01738
time: 32	PE: 0	op: 0 - 4.42337 = -4.42337
time: 32	PE: 1	op: -0.19542 - -0.660861 = 0.465441
time: 32	PE: 2	op: 0 - 0.600206 = -0.600206
time: 33	PE: 0	op: -4.42337 / 0.251084 = -17.6171
time: 33	PE: 3	op: -10.9331 - -4.01738 = -6.91577
time: 36	PE: 1	op: Ax[24] = 0.465441
time: 36	PE: 2	op: Ax[31] = -0.600206
time: 37	PE: 0	op: Ax[26] = -17.6171
time: 37	PE: 3	op: Ax[32] = -6.91577
SUCCESS: simulation
CSC format: after simulation
Ax: 0.814724 0.155865 0.341831 0.970593 0.824527 0.933993 0.701802 0.031833 0.046171 1.53527 20.5805 0.445586 1.09915 0.655098 0.162612 -0.249653 0.772769 0.647017 -4.33071 0.547216 0.840717 -0.131038 0.929264 -1.0214 0.465441 0.251084 -17.6171 1.88498 0.549724 -0.843973 0.92765 -0.600206 -6.91577 0.337123 
Ai: 0 2 6 1 4 2 6 1 3 4 8 4 5 2 3 4 5 6 8 6 0 2 4 5 6 7 8 9 3 4 5 6 8 9 
Ap: 0 3 5 7 11 13 19 20 28 33 34 
