n: 10
nnz: 25
CSC format: after fill in
Ax: 0.814724 0.126987 0.278498 0.970593 0.80028 0.933993 0.655478 0.031833 0.046171 0.097132 0.950222 0.445586 0.489764 0.655098 0.162612 0 0.498364 0.959744 0 0.547216 0.840717 0 0.929264 0 0 0.251084 0 0.473289 0.549724 0 0 0 0.380446 0.337123 
Ai: 0 2 6 1 4 2 6 1 3 4 8 4 5 2 3 4 5 6 8 6 0 2 4 5 6 7 8 9 3 4 5 6 8 9 
Ap: 0 3 5 7 11 13 19 20 28 33 34 
CAd_fill: 0 3 5 8 11 16 19 25 32 33 
div count is 11
ms count is 16
div + ms count is 27 the ideal cycle is 7
flops: 43
SUCCESS: 初始化inst!
SUCCESS: 分配ocp!
SUCCESS: 分配ocp!
SUCCESS: Build Graph!
SUCCESS: Initialize waiting list!
SUCCESS: add ok to do list at time 0
SUCCESS: schedule at time0
SUCCESS: add waiting list
SUCCESS: add ok to do list at time 1
SUCCESS: schedule at time 1
newly_valid list is: 
SUCCESS: add waiting list
SUCCESS: add ok to do list at time 2
SUCCESS: schedule at time 2
newly_valid list is: 
SUCCESS: add waiting list
SUCCESS: add ok to do list at time 3
SUCCESS: schedule at time 3
newly_valid list is: 
SUCCESS: add waiting list
SUCCESS: add ok to do list at time 4
SUCCESS: schedule at time 4
newly_valid list is: 
SUCCESS: add waiting list
SUCCESS: add ok to do list at time 5
SUCCESS: schedule at time 5
newly_valid list is: 
SUCCESS: add waiting list
SUCCESS: add ok to do list at time 6
SUCCESS: schedule at time 6
newly_valid list is: 
SUCCESS: add waiting list
SUCCESS: add ok to do list at time 7
SUCCESS: schedule at time 7
newly_valid list is: 
SUCCESS: add waiting list
SUCCESS: add ok to do list at time 8
SUCCESS: schedule at time 8
Begin: Second Schedule!
ok to do list is: 
<7,4,9,0> 
<13,6,17,0> 
<14,10,18,0> 
<28,10,32,0> 
<22,12,23,0> 
waiting list is: 
<-1,8,9,1> 
SUCCESS: evict! the nodes are 
0 node: 9
<7,4,9,0> 
<-1,8,9,1> 
1 node: 15
<14,9,15,0> 
2 node: 16
<15,12,16,0> 
3 node: 17
<13,6,17,0> 
<-1,16,17,1> 
4 node: 18
<14,10,18,0> 
<-1,16,18,1> 
5 node: 23
<22,12,23,0> 
6 node: 24
<21,6,24,0> 
<23,17,24,0> 
7 node: 26
<23,18,26,0> 
<-1,25,26,1> 
8 node: 29
<28,9,29,0> 
9 node: 30
<29,12,30,0> 
10 node: 31
<30,17,31,0> 
11 node: 32
<28,10,32,0> 
<30,18,32,0> 
the priority is: 20 13 12 5 6 5 2 2 5 4 1 2 
before sorted Results:
Node: 9
<7,4,9,0> 
<-1,8,9,1> 
Node: 15
<14,9,15,0> 
Node: 16
<15,12,16,0> 
Node: 17
<13,6,17,0> 
<-1,16,17,1> 
Node: 18
<14,10,18,0> 
<-1,16,18,1> 
Node: 23
<22,12,23,0> 
Node: 24
<21,6,24,0> 
<23,17,24,0> 
Node: 26
<23,18,26,0> 
<-1,25,26,1> 
Node: 29
<28,9,29,0> 
Node: 30
<29,12,30,0> 
Node: 31
<30,17,31,0> 
Node: 32
<28,10,32,0> 
<30,18,32,0> 

sorted Results:
Node: 9
<7,4,9,0> 
<-1,8,9,1> 
Node: 15
<14,9,15,0> 
Node: 16
<15,12,16,0> 
Node: 18
<14,10,18,0> 
<-1,16,18,1> 
Node: 17
<13,6,17,0> 
<-1,16,17,1> 
Node: 23
<22,12,23,0> 
Node: 29
<28,9,29,0> 
Node: 30
<29,12,30,0> 
Node: 24
<21,6,24,0> 
<23,17,24,0> 
Node: 26
<23,18,26,0> 
<-1,25,26,1> 
Node: 32
<28,10,32,0> 
<30,18,32,0> 
Node: 31
<30,17,31,0> 
only_div: 0 1 1 0 0 1 1 1 0 0 0 1 
sch2 time is 9
SUCCESS: schedule at time: 9
ok_to_sub: 1 0 0 1 0 0 0 0 0 0 0 0 
ok_to_wb: 0 0 0 0 0 0 0 0 0 0 0 0 
ok_to_wb_time: 0 0 0 0 0 0 0 0 0 0 0 0 
SUCCESS: schedule at time: 10
ok_to_sub: 1 0 0 1 1 0 0 0 0 0 0 0 
ok_to_wb: 0 0 0 0 0 0 0 0 0 0 0 0 
ok_to_wb_time: 0 0 0 0 0 0 0 0 0 0 0 0 
SUCCESS: schedule at time: 11
ok_to_sub: 1 0 0 1 1 1 0 0 0 0 0 0 
ok_to_wb: 0 0 0 0 0 0 0 0 0 0 0 0 
ok_to_wb_time: 0 0 0 0 0 0 0 0 0 0 0 0 
SUCCESS: schedule at time: 12
ok_to_sub: 0 0 0 0 1 1 0 0 0 0 0 0 
ok_to_wb: 0 0 0 0 0 0 0 0 0 0 0 0 
ok_to_wb_time: 0 0 0 0 0 0 0 0 0 0 0 0 
SUCCESS: schedule at time: 13
ok_to_sub: 0 0 0 0 1 1 0 0 0 0 0 0 
ok_to_wb: 0 0 0 0 0 0 0 0 0 0 0 0 
ok_to_wb_time: 0 0 0 0 0 0 0 0 0 0 0 0 
SUCCESS: schedule at time: 14
ok_to_sub: 0 0 0 0 0 0 0 0 0 0 0 0 
ok_to_wb: 0 0 0 0 0 1 0 0 0 0 0 0 
ok_to_wb_time: 0 0 0 0 0 18 0 0 0 0 0 0 
SUCCESS: schedule at time: 15
ok_to_sub: 0 0 0 0 0 0 0 0 0 0 0 0 
ok_to_wb: 0 0 0 0 0 1 0 0 0 0 0 0 
ok_to_wb_time: 0 0 0 0 0 18 0 0 0 0 0 0 
SUCCESS: schedule at time: 16
ok_to_sub: 0 0 0 0 0 0 0 0 0 0 0 0 
ok_to_wb: 0 0 0 0 0 1 0 0 0 0 0 0 
ok_to_wb_time: 0 0 0 0 0 18 0 0 0 0 0 0 
SUCCESS: schedule at time: 17
ok_to_sub: 0 0 0 0 0 0 0 0 0 0 0 0 
ok_to_wb: 0 0 0 0 0 1 0 0 0 0 0 0 
ok_to_wb_time: 0 0 0 0 0 18 0 0 0 0 0 0 
SUCCESS: schedule at time: 18
ok_to_sub: 0 0 0 0 0 0 0 0 0 0 0 0 
ok_to_wb: 0 0 0 0 0 1 0 0 0 0 0 0 
ok_to_wb_time: 0 0 0 0 0 18 0 0 0 0 0 0 
SUCCESS: schedule at time: 19
ok_to_sub: 0 0 0 0 0 0 0 0 0 0 0 0 
ok_to_wb: 0 0 0 0 0 1 0 0 0 0 0 0 
ok_to_wb_time: 0 0 0 0 0 18 0 0 0 0 0 0 
SUCCESS: schedule at time: 20
ok_to_sub: 0 0 0 0 0 0 0 0 0 0 0 0 
ok_to_wb: 0 0 0 0 0 1 0 0 0 0 0 0 
ok_to_wb_time: 0 0 0 0 0 18 0 0 0 0 0 0 
SUCCESS: schedule at time: 21
ok_to_sub: 0 1 0 0 0 0 1 0 0 0 0 0 
ok_to_wb: 0 0 0 0 0 1 0 0 0 0 0 0 
ok_to_wb_time: 0 0 0 0 0 18 0 0 0 0 0 0 
SUCCESS: schedule at time: 22
ok_to_sub: 0 1 0 0 0 0 1 0 0 0 0 0 
ok_to_wb: 0 0 0 0 0 1 0 0 0 0 0 0 
ok_to_wb_time: 0 0 0 0 0 18 0 0 0 0 0 0 
SUCCESS: schedule at time: 23
ok_to_sub: 0 1 0 0 0 0 1 0 0 0 0 0 
ok_to_wb: 0 0 0 0 0 1 0 0 0 0 0 0 
ok_to_wb_time: 0 0 0 0 0 18 0 0 0 0 0 0 
SUCCESS: schedule at time: 24
ok_to_sub: 0 0 0 0 0 0 0 0 0 0 0 0 
ok_to_wb: 0 1 0 0 0 1 1 0 0 0 0 0 
ok_to_wb_time: 0 28 0 0 0 18 28 0 0 0 0 0 
SUCCESS: schedule at time: 25
ok_to_sub: 0 0 0 0 0 0 0 0 0 0 0 0 
ok_to_wb: 0 1 0 0 0 1 1 0 0 0 0 0 
ok_to_wb_time: 0 28 0 0 0 18 28 0 0 0 0 0 
SUCCESS: schedule at time: 26
ok_to_sub: 0 0 0 0 0 0 0 0 0 0 0 0 
ok_to_wb: 0 1 0 0 0 1 1 0 0 0 0 0 
ok_to_wb_time: 0 28 0 0 0 18 28 0 0 0 0 0 
SUCCESS: schedule at time: 27
ok_to_sub: 0 0 0 0 0 0 0 0 0 0 0 0 
ok_to_wb: 0 1 0 0 0 1 1 0 0 0 0 0 
ok_to_wb_time: 0 28 0 0 0 18 28 0 0 0 0 0 
SUCCESS: schedule at time: 28
ok_to_sub: 0 0 0 0 0 0 0 0 0 0 0 0 
ok_to_wb: 0 1 0 0 0 1 1 0 0 0 0 0 
ok_to_wb_time: 0 28 0 0 0 18 28 0 0 0 0 0 
SUCCESS: schedule at time: 29
ok_to_sub: 0 0 0 0 0 0 0 0 0 0 0 0 
ok_to_wb: 0 1 0 0 0 1 1 0 0 0 0 0 
ok_to_wb_time: 0 28 0 0 0 18 28 0 0 0 0 0 
SUCCESS: schedule at time: 30
ok_to_sub: 0 0 1 0 0 0 0 1 0 0 0 0 
ok_to_wb: 0 1 0 0 0 1 1 0 0 0 0 0 
ok_to_wb_time: 0 28 0 0 0 18 28 0 0 0 0 0 
SUCCESS: schedule at time: 31
ok_to_sub: 0 0 1 0 0 0 0 1 0 0 0 0 
ok_to_wb: 0 1 0 0 0 1 1 0 0 0 0 0 
ok_to_wb_time: 0 28 0 0 0 18 28 0 0 0 0 0 
SUCCESS: schedule at time: 32
ok_to_sub: 0 0 1 0 0 0 0 1 0 0 0 0 
ok_to_wb: 0 1 0 0 0 1 1 0 0 0 0 0 
ok_to_wb_time: 0 28 0 0 0 18 28 0 0 0 0 0 
SUCCESS: schedule at time: 33
ok_to_sub: 0 0 0 0 0 0 0 0 0 0 0 0 
ok_to_wb: 0 1 1 0 0 1 1 1 0 0 0 0 
ok_to_wb_time: 0 28 37 0 0 18 28 37 0 0 0 0 
SUCCESS: schedule at time: 34
ok_to_sub: 0 0 0 0 0 0 0 0 0 0 0 0 
ok_to_wb: 0 1 1 0 0 1 1 1 0 0 0 0 
ok_to_wb_time: 0 28 37 0 0 18 28 37 0 0 0 0 
SUCCESS: schedule at time: 35
ok_to_sub: 0 0 0 0 0 0 0 0 0 0 0 0 
ok_to_wb: 0 1 1 0 0 1 1 1 0 0 0 0 
ok_to_wb_time: 0 28 37 0 0 18 28 37 0 0 0 0 
SUCCESS: schedule at time: 36
ok_to_sub: 0 0 0 0 0 0 0 0 0 0 0 0 
ok_to_wb: 0 1 1 0 0 1 1 1 0 0 0 0 
ok_to_wb_time: 0 28 37 0 0 18 28 37 0 0 0 0 
SUCCESS: schedule at time: 37
ok_to_sub: 0 0 0 0 0 0 0 0 0 0 0 0 
ok_to_wb: 0 1 1 0 0 1 1 1 0 0 0 0 
ok_to_wb_time: 0 28 37 0 0 18 28 37 0 0 0 0 
SUCCESS: schedule at time: 38
ok_to_sub: 0 0 0 0 0 0 0 0 0 0 0 0 
ok_to_wb: 0 1 1 0 0 1 1 1 0 0 0 0 
ok_to_wb_time: 0 28 37 0 0 18 28 37 0 0 0 0 
SUCCESS: schedule at time: 39
ok_to_sub: 0 0 0 0 0 0 0 0 0 0 0 0 
ok_to_wb: 0 1 1 0 0 1 1 1 0 0 0 0 
ok_to_wb_time: 0 28 37 0 0 18 28 37 0 0 0 0 
SUCCESS: schedule at time: 40
ok_to_sub: 0 0 0 0 0 0 0 0 0 0 0 0 
ok_to_wb: 0 1 1 0 0 1 1 1 0 0 0 0 
ok_to_wb_time: 0 28 37 0 0 18 28 37 0 0 0 0 
SUCCESS: schedule at time: 41
ok_to_sub: 0 0 0 0 0 0 0 0 0 0 0 0 
ok_to_wb: 0 1 1 0 0 1 1 1 0 0 0 0 
ok_to_wb_time: 0 28 37 0 0 18 28 37 0 0 0 0 
SUCCESS: schedule at time: 42
ok_to_sub: 0 0 0 0 0 0 0 0 0 0 0 0 
ok_to_wb: 0 1 1 0 0 1 1 1 0 0 0 0 
ok_to_wb_time: 0 28 37 0 0 18 28 37 0 0 0 0 
SUCCESS: schedule at time: 43
ok_to_sub: 0 0 0 0 0 0 0 0 0 0 0 0 
ok_to_wb: 0 1 1 0 0 1 1 1 0 0 0 0 
ok_to_wb_time: 0 28 37 0 0 18 28 37 0 0 0 0 
SUCCESS: schedule at time: 44
ok_to_sub: 0 0 0 0 0 0 0 0 0 0 0 0 
ok_to_wb: 0 1 1 0 0 1 1 1 0 0 0 0 
ok_to_wb_time: 0 28 37 0 0 18 28 37 0 0 0 0 
SUCCESS: schedule at time: 45
ok_to_sub: 0 0 0 0 0 0 0 0 0 0 0 0 
ok_to_wb: 0 1 1 0 0 1 1 1 0 0 0 0 
ok_to_wb_time: 0 28 37 0 0 18 28 37 0 0 0 0 
SUCCESS: schedule at time: 46
ok_to_sub: 0 0 0 0 0 0 0 0 0 0 0 0 
ok_to_wb: 0 1 1 0 0 1 1 1 0 0 0 0 
ok_to_wb_time: 0 28 37 0 0 18 28 37 0 0 0 0 
SUCCESS: schedule at time: 47
ok_to_sub: 0 0 0 0 0 0 0 0 1 1 1 1 
ok_to_wb: 0 1 1 0 0 1 1 1 0 0 0 0 
ok_to_wb_time: 0 28 37 0 0 18 28 37 0 0 0 0 
SUCCESS: schedule at time: 48
ok_to_sub: 0 0 0 0 0 0 0 0 1 1 1 1 
ok_to_wb: 0 1 1 0 0 1 1 1 0 0 0 0 
ok_to_wb_time: 0 28 37 0 0 18 28 37 0 0 0 0 
SUCCESS: schedule at time: 49
ok_to_sub: 0 0 0 0 0 0 0 0 1 1 1 1 
ok_to_wb: 0 1 1 0 0 1 1 1 0 0 0 0 
ok_to_wb_time: 0 28 37 0 0 18 28 37 0 0 0 0 
SUCCESS: schedule at time: 50
ok_to_sub: 0 0 0 0 0 0 0 0 0 0 1 0 
ok_to_wb: 0 1 1 0 0 1 1 1 1 0 0 1 
ok_to_wb_time: 0 28 37 0 0 18 28 37 54 0 0 54 
SUCCESS: schedule at time: 51
ok_to_sub: 0 0 0 0 0 0 0 0 0 0 0 0 
ok_to_wb: 0 1 1 0 0 1 1 1 1 0 1 1 
ok_to_wb_time: 0 28 37 0 0 18 28 37 54 0 55 54 
SUCCESS: schedule at time: 52
ok_to_sub: 0 0 0 0 0 0 0 0 0 0 0 0 
ok_to_wb: 0 1 1 0 0 1 1 1 1 0 1 1 
ok_to_wb_time: 0 28 37 0 0 18 28 37 54 0 55 54 
SUCCESS: schedule at time: 53
ok_to_sub: 0 0 0 0 0 0 0 0 0 0 0 0 
ok_to_wb: 0 1 1 0 0 1 1 1 1 0 1 1 
ok_to_wb_time: 0 28 37 0 0 18 28 37 54 0 55 54 
SUCCESS: schedule at time: 54
ok_to_sub: 0 0 0 0 0 0 0 0 0 0 0 0 
ok_to_wb: 0 1 1 0 0 1 1 1 1 0 1 1 
ok_to_wb_time: 0 28 37 0 0 18 28 37 54 0 55 54 
SUCCESS: schedule at time: 55
ok_to_sub: 0 0 0 0 0 0 0 0 0 0 0 0 
ok_to_wb: 0 1 1 0 0 1 1 1 1 0 1 1 
ok_to_wb_time: 0 28 37 0 0 18 28 37 54 0 55 54 
Finished: schedule!
this is the instruction from 0 to 58
0:	(1, 0, -1, 1)	(2, 0, -1, 1)	(4, 3, -1, 1)	(6, 5, -1, 1)
1:	(10, 8, -1, 1)	(12, 11, -1, 1)	(-1, -1, -1, 0)	(-1, -1, -1, 0)
2:	(27, 25, -1, 1)	(-1, -1, -1, 0)	(-1, -1, -1, 0)	(-1, -1, -1, 0)
3:	(-1, -1, -1, 0)	(-1, -1, -1, 0)	(-1, -1, -1, 0)	(-1, -1, -1, 0)
4:	(-1, -1, -1, 0)	(-1, -1, -1, 0)	(-1, -1, -1, 0)	(-1, -1, -1, 0)
5:	(-1, -1, -1, 0)	(-1, -1, -1, 0)	(-1, -1, -1, 0)	(-1, -1, -1, 0)
6:	(-1, -1, -1, 0)	(-1, -1, -1, 0)	(-1, -1, -1, 0)	(-1, -1, -1, 0)
7:	(-1, -1, -1, 0)	(-1, -1, -1, 0)	(-1, -1, -1, 0)	(-1, -1, -1, 0)
8:	(20, 1, 21, 4)	(20, 2, 24, 4)	(-1, -1, -1, 0)	(-1, -1, -1, 0)
9:	(7, 4, 0, 12)	(-1, -1, -1, 0)	(-1, -1, -1, 0)	(14, 10, 3, 12)
10:	(13, 6, 4, 12)	(-1, -1, -1, 0)	(28, 10, 10, 12)	(-1, -1, -1, 0)
11:	(-1, -1, -1, 0)	(22, 12, 5, 12)	(-1, -1, -1, 0)	(-1, -1, -1, 0)
12:	(9, 0, -1, 17)	(-1, -1, -1, 0)	(-1, -1, -1, 0)	(18, 3, -1, 17)
13:	(0, 8, -1, 19)	(-1, -1, -1, 0)	(-1, -1, -1, 0)	(-1, -1, -1, 0)
14:	(17, 4, -1, 18)	(23, 5, -1, 17)	(-1, -1, -1, 0)	(-1, -1, -1, 0)
15:	(21, 6, 8, 12)	(-1, -1, -1, 0)	(-1, -1, -1, 0)	(-1, -1, -1, 0)
16:	(-1, -1, -1, 0)	(-1, -1, -1, 0)	(-1, -1, -1, 0)	(-1, -1, -1, 0)
17:	(-1, -1, -1, 0)	(-1, -1, -1, 0)	(-1, -1, -1, 0)	(-1, -1, -1, 0)
18:	(-1, -1, -1, 0)	(23, 5, -1, 22)	(-1, -1, -1, 0)	(-1, -1, -1, 0)
19:	(-1, -1, -1, 0)	(-1, -1, -1, 0)	(-1, -1, -1, 0)	(-1, -1, -1, 0)
20:	(-1, -1, -1, 0)	(-1, -1, -1, 0)	(-1, -1, -1, 0)	(-1, -1, -1, 0)
21:	(-1, -1, -1, 0)	(14, 9, 1, 12)	(28, 9, 6, 12)	(-1, -1, -1, 0)
22:	(-1, -1, -1, 0)	(-1, -1, -1, 0)	(-1, -1, -1, 0)	(-1, -1, -1, 0)
23:	(-1, -1, -1, 0)	(-1, -1, -1, 0)	(-1, -1, -1, 0)	(-1, -1, -1, 0)
24:	(-1, -1, -1, 0)	(15, 1, -1, 17)	(29, 6, -1, 17)	(-1, -1, -1, 0)
25:	(-1, -1, -1, 0)	(-1, -1, -1, 0)	(-1, -1, -1, 0)	(-1, -1, -1, 0)
26:	(-1, -1, -1, 0)	(-1, -1, -1, 0)	(-1, -1, -1, 0)	(-1, -1, -1, 0)
27:	(-1, -1, -1, 0)	(-1, -1, -1, 0)	(-1, -1, -1, 0)	(-1, -1, -1, 0)
28:	(-1, -1, -1, 0)	(15, 1, -1, 22)	(29, 6, -1, 22)	(-1, -1, -1, 0)
29:	(-1, -1, -1, 0)	(-1, -1, -1, 0)	(-1, -1, -1, 0)	(-1, -1, -1, 0)
30:	(-1, -1, -1, 0)	(-1, -1, -1, 0)	(15, 12, 2, 12)	(29, 12, 7, 12)
31:	(-1, -1, -1, 0)	(-1, -1, -1, 0)	(-1, -1, -1, 0)	(-1, -1, -1, 0)
32:	(-1, -1, -1, 0)	(-1, -1, -1, 0)	(-1, -1, -1, 0)	(-1, -1, -1, 0)
33:	(-1, -1, -1, 0)	(-1, -1, -1, 0)	(16, 2, -1, 17)	(30, 7, -1, 17)
34:	(-1, -1, -1, 0)	(-1, -1, -1, 0)	(-1, -1, -1, 0)	(-1, -1, -1, 0)
35:	(-1, -1, -1, 0)	(-1, -1, -1, 0)	(-1, -1, -1, 0)	(-1, -1, -1, 0)
36:	(-1, -1, -1, 0)	(-1, -1, -1, 0)	(-1, -1, -1, 0)	(-1, -1, -1, 0)
37:	(-1, -1, -1, 0)	(-1, -1, -1, 0)	(16, 2, -1, 22)	(30, 7, -1, 22)
38:	(-1, -1, -1, 0)	(-1, -1, -1, 0)	(-1, -1, -1, 0)	(-1, -1, -1, 0)
39:	(4, 16, -1, 20)	(-1, -1, -1, 0)	(-1, -1, -1, 0)	(3, 16, -1, 20)
40:	(-1, -1, -1, 0)	(-1, -1, -1, 0)	(-1, -1, -1, 0)	(-1, -1, -1, 0)
41:	(-1, -1, -1, 0)	(-1, -1, -1, 0)	(-1, -1, -1, 0)	(-1, -1, -1, 0)
42:	(-1, -1, -1, 0)	(-1, -1, -1, 0)	(-1, -1, -1, 0)	(-1, -1, -1, 0)
43:	(-1, -1, -1, 0)	(-1, -1, -1, 0)	(-1, -1, -1, 0)	(-1, -1, -1, 0)
44:	(-1, -1, -1, 0)	(-1, -1, -1, 0)	(-1, -1, -1, 0)	(-1, -1, -1, 0)
45:	(-1, -1, -1, 0)	(-1, -1, -1, 0)	(-1, -1, -1, 0)	(-1, -1, -1, 0)
46:	(-1, -1, -1, 0)	(-1, -1, -1, 0)	(-1, -1, -1, 0)	(-1, -1, -1, 0)
47:	(23, 17, 8, 12)	(23, 18, 9, 12)	(30, 18, 10, 12)	(30, 17, 11, 12)
48:	(-1, -1, -1, 0)	(-1, -1, -1, 0)	(-1, -1, -1, 0)	(-1, -1, -1, 0)
49:	(-1, -1, -1, 0)	(-1, -1, -1, 0)	(-1, -1, -1, 0)	(-1, -1, -1, 0)
50:	(24, 8, -1, 17)	(26, 9, -1, 17)	(-1, -1, -1, 0)	(31, 11, -1, 17)
51:	(-1, -1, -1, 0)	(9, 25, -1, 19)	(32, 10, -1, 18)	(-1, -1, -1, 0)
52:	(-1, -1, -1, 0)	(-1, -1, -1, 0)	(-1, -1, -1, 0)	(-1, -1, -1, 0)
53:	(-1, -1, -1, 0)	(-1, -1, -1, 0)	(-1, -1, -1, 0)	(-1, -1, -1, 0)
54:	(24, 8, -1, 22)	(-1, -1, -1, 0)	(-1, -1, -1, 0)	(31, 11, -1, 22)
55:	(-1, -1, -1, 0)	(-1, -1, -1, 0)	(32, 10, -1, 22)	(-1, -1, -1, 0)
56:	(-1, -1, -1, 0)	(-1, -1, -1, 0)	(-1, -1, -1, 0)	(-1, -1, -1, 0)
57:	(-1, -1, -1, 0)	(-1, -1, -1, 0)	(-1, -1, -1, 0)	(-1, -1, -1, 0)
Print Inst Finished!
time: 0	PE: 0	op: 0.126987 / 0.814724 = 0.155865
time: 0	PE: 1	op: 0.278498 / 0.814724 = 0.341831
time: 0	PE: 2	op: 0.80028 / 0.970593 = 0.824527
time: 0	PE: 3	op: 0.655478 / 0.933993 = 0.701802
time: 1	PE: 0	op: 0.950222 / 0.046171 = 20.5805
time: 1	PE: 1	op: 0.489764 / 0.445586 = 1.09915
time: 2	PE: 0	op: 0.473289 / 0.251084 = 1.88498
time: 8	PE: 0	op: 0 - 0.840717 * 0.155865 = -0.131038
time: 8	PE: 1	op: 0 - 0.840717 * 0.341831 = -0.287383
time: 9	PE: 0	op: 0 + 0.031833 * 0.824527 = 0.0262472
time: 9	PE: 3	op: 0 + 0.162612 * 20.5805 = 3.34664
time: 10	PE: 0	op: 0 + 0.655098 * 0.701802 = 0.459749
time: 10	PE: 2	op: 0 + 0.549724 * 20.5805 = 11.3136
time: 11	PE: 1	op: 0 + 0.929264 * 1.09915 = 1.0214
time: 12	PE: 0	op: 0.097132 - 0.0262472 = 0.0708848
time: 12	PE: 3	op: 0 - 3.34664 = -3.34664
time: 13	PE: 0	op: Ax[9] = 0.0708848 / 0.046171 = 1.53527
time: 14	PE: 0	op: 0.959744 - 0.459749 = 0.499995
time: 14	PE: 1	op: 0 - 1.0214 = -1.0214
time: 15	PE: 0	op: 0 + -0.131038 * 0.701802 = -0.091963
time: 18	PE: 1	op: Ax[23] = -1.0214
time: 21	PE: 1	op: 0 + 0.162612 * 1.53527 = 0.249653
time: 21	PE: 2	op: 0 + 0.549724 * 1.53527 = 0.843973
time: 24	PE: 1	op: 0 - 0.249653 = -0.249653
time: 24	PE: 2	op: 0 - 0.843973 = -0.843973
time: 28	PE: 1	op: Ax[15] = -0.249653
time: 28	PE: 2	op: Ax[29] = -0.843973
time: 30	PE: 2	op: 0 + -0.249653 * 1.09915 = -0.274405
time: 30	PE: 3	op: 0 + -0.843973 * 1.09915 = -0.92765
time: 33	PE: 2	op: 0.498364 - -0.274405 = 0.772769
time: 33	PE: 3	op: 0 - -0.92765 = 0.92765
time: 37	PE: 2	op: Ax[16] = 0.772769
time: 37	PE: 3	op: Ax[30] = 0.92765
time: 39	PE: 0	op: Ax[17] = 0.499995 / 0.772769 = 0.647017
time: 39	PE: 3	op: Ax[18] = -3.34664 / 0.772769 = -4.33071
time: 47	PE: 0	op: -0.091963 + -1.0214 * 0.647017 = -0.752824
time: 47	PE: 1	op: 0 + -1.0214 * -4.33071 = 4.42337
time: 47	PE: 2	op: 11.3136 + 0.92765 * -4.33071 = 7.29621
time: 47	PE: 3	op: 0 + 0.92765 * 0.647017 = 0.600206
time: 50	PE: 0	op: -0.287383 - -0.752824 = 0.465441
time: 50	PE: 1	op: 0 - 4.42337 = -4.42337
time: 50	PE: 3	op: 0 - 0.600206 = -0.600206
time: 51	PE: 1	op: Ax[26] = -4.42337 / 0.251084 = -17.6171
time: 51	PE: 2	op: 0.380446 - 7.29621 = -6.91577
time: 54	PE: 0	op: Ax[24] = 0.465441
time: 54	PE: 3	op: Ax[31] = -0.600206
time: 55	PE: 2	op: Ax[32] = -6.91577
SUCCESS: simulation
