Symbolic time: 1.435	1.431	0 ms
Numeric time: 1.206	1.208	0 ms
Symbolic time: 1.326	1.317	0.009 ms
Numeric time: 1.027	1.027	0.001 ms
Symbolic time: 1.305	0.49	0.814 ms
Numeric time: 1.013	1.012	0.001 ms
Symbolic time: 1.305	1.289	0.017 ms
Numeric time: 1.015	1.015	0.001 ms
Symbolic time: 1.313	0.504	0.808 ms
Numeric time: 1.019	0.018	1.002 ms
Symbolic time: 1.305	1.278	0.026 ms
Numeric time: 1.01	1.011	0 ms
Symbolic time: 1.305	0.512	0.793 ms
Numeric time: 1.029	1.026	0.003 ms
Symbolic time: 1.306	1.278	0.028 ms
Numeric time: 1.008	1.009	0 ms
Symbolic time: 1.309	0.52	0.789 ms
Numeric time: 1.012	1.011	0.001 ms
Symbolic time: 1.31	1.278	0.031 ms
Numeric time: 1.023	1.022	0.002 ms
Symbolic time: 1.305	0.524	0.781 ms
Numeric time: 1.014	1.013	0.001 ms
Symbolic time: 1.315	1.281	0.034 ms
Numeric time: 1.009	0.002	1.007 ms
Symbolic time: 1.311	0.536	0.776 ms
Numeric time: 1.015	0.013	1.003 ms
Symbolic time: 1.302	1.26	0.042 ms
Numeric time: 1.023	1.02	0.002 ms
Symbolic time: 1.304	0.542	0.763 ms
Numeric time: 1.011	1.009	0.002 ms
Symbolic time: 1.31	1.266	0.044 ms
Numeric time: 1.014	1.012	0.001 ms
Symbolic time: 1.307	0.539	0.769 ms
Numeric time: 1.011	1.009	0.001 ms
Symbolic time: 1.304	1.261	0.044 ms
Numeric time: 1.015	0.009	1.007 ms
Symbolic time: 1.315	1.314	0 ms
Numeric time: 1.015	1.015	0 ms
Symbolic time: 1.318	1.317	0 ms
Numeric time: 1.028	0.049	0.98 ms
Symbolic time: 1.309	0.554	0.755 ms
Numeric time: 1.02	1.017	0.003 ms
Symbolic time: 1.303	1.254	0.048 ms
Numeric time: 1.009	1.009	0 ms
Symbolic time: 1.312	1.312	0 ms
Numeric time: 1.01	1.01	0 ms
Symbolic time: 1.306	1.306	0 ms
Numeric time: 1.013	1.014	0 ms
Symbolic time: 1.309	1.309	0 ms
Numeric time: 1.015	1.015	0 ms
Symbolic time: 1.308	1.308	0 ms
Numeric time: 1.01	1.01	0 ms
Symbolic time: 1.317	1.317	0 ms
Numeric time: 1.007	0.119	0.888 ms
Symbolic time: 1.305	1.26	0.046 ms
Numeric time: 1.009	1.008	0.001 ms
Symbolic time: 1.31	0.412	0.898 ms
Numeric time: 1.048	1.041	0.007 ms
Symbolic time: 1.315	1.267	0.047 ms
Numeric time: 1.049	1.043	0.007 ms
Symbolic time: 1.323	0.566	0.757 ms
Numeric time: 1.047	1.041	0.007 ms
Symbolic time: 1.444	1.444	0 ms
Numeric time: 1.316	1.316	0 ms
Symbolic time: 1.315	1.276	0.039 ms
Numeric time: 1.031	0.023	1.008 ms
Symbolic time: 1.313	0.563	0.75 ms
Numeric time: 1.036	1.031	0.006 ms
Symbolic time: 1.314	1.263	0.05 ms
Numeric time: 1.035	1.031	0.005 ms
Symbolic time: 1.305	1.304	0 ms
Numeric time: 1.028	1.028	0 ms
Symbolic time: 1.303	1.303	0 ms
Numeric time: 1.452	1.452	0 ms
Symbolic time: 1.311	1.311	0 ms
Numeric time: 1.034	1.034	0 ms
Symbolic time: 1.304	1.304	0 ms
Numeric time: 1.274	1.274	0 ms
Symbolic time: 1.383	1.383	0 ms
Numeric time: 1.024	1.025	0 ms
Symbolic time: 1.312	1.311	0 ms
Numeric time: 1.019	1.019	0 ms
Symbolic time: 1.306	0.569	0.737 ms
Numeric time: 1.019	1.017	0.003 ms
Symbolic time: 1.302	1.259	0.043 ms
Numeric time: 1.018	1.016	0.002 ms
Symbolic time: 1.304	0.552	0.753 ms
Numeric time: 1.012	1.011	0.001 ms
Symbolic time: 1.309	1.264	0.045 ms
Numeric time: 1.014	1.012	0.002 ms
Symbolic time: 1.311	0.553	0.758 ms
Numeric time: 1.014	1.012	0.002 ms
Symbolic time: 1.301	1.257	0.045 ms
Numeric time: 1.013	1.012	0.001 ms
Symbolic time: 1.3	0.542	0.758 ms
Numeric time: 1.05	1.042	0.008 ms
Symbolic time: 1.306	1.261	0.045 ms
Numeric time: 1.023	1.021	0.004 ms
Symbolic time: 1.314	0.554	0.76 ms
Numeric time: 1.024	1.021	0.003 ms
Symbolic time: 1.302	1.257	0.045 ms
Numeric time: 1.013	1.011	0.002 ms
Symbolic time: 1.309	1.309	0 ms
Numeric time: 1.036	1.036	0 ms
Symbolic time: 1.307	1.307	0.001 ms
Numeric time: 1.034	1.029	0.004 ms
Symbolic time: 1.309	1.309	0 ms
Numeric time: 1.016	1.016	0 ms
Symbolic time: 1.312	1.312	0 ms
Numeric time: 1.015	1.016	0 ms
Symbolic time: 1.304	1.305	0 ms
Numeric time: 1.016	1.017	0 ms
Symbolic time: 1.307	1.306	0 ms
Numeric time: 1.011	1.011	0 ms
Symbolic time: 1.301	1.302	0 ms
Numeric time: 1.012	0.087	0.925 ms
Symbolic time: 1.314	1.27	0.044 ms
Numeric time: 1.013	1.011	0.002 ms
Symbolic time: 1.32	1.32	0 ms
Numeric time: 1.014	1.014	0 ms
Symbolic time: 1.303	1.303	0 ms
Numeric time: 1.011	1.011	0 ms
Symbolic time: 1.305	1.305	0 ms
Numeric time: 1.019	1.02	0 ms
Symbolic time: 1.305	1.305	0 ms
Numeric time: 1.015	1.015	0 ms
Symbolic time: 1.312	1.312	0 ms
Numeric time: 1.012	0.082	0.93 ms
Symbolic time: 1.315	1.273	0.042 ms
Numeric time: 1.01	1.009	0.001 ms
Symbolic time: 1.305	1.304	0 ms
Numeric time: 1.017	1.018	0 ms
Symbolic time: 1.303	1.302	0 ms
Numeric time: 1.015	1.015	0 ms
Symbolic time: 1.325	1.325	0 ms
Numeric time: 1.012	1.012	0 ms
Symbolic time: 1.305	1.305	0 ms
Numeric time: 1.009	1.01	0 ms
Symbolic time: 1.314	0.543	0.771 ms
Numeric time: 1.021	1.018	0.002 ms
Symbolic time: 1.306	1.267	0.04 ms
Numeric time: 1.014	1.012	0.001 ms
Symbolic time: 1.308	0.538	0.77 ms
Numeric time: 1.012	1.011	0.002 ms
Symbolic time: 1.305	1.265	0.04 ms
Numeric time: 1.016	0.012	1.005 ms
Symbolic time: 1.313	1.313	0 ms
Numeric time: 1.011	1.013	0 ms
Symbolic time: 1.3	1.3	0 ms
Numeric time: 1.007	0.01	0.998 ms
Symbolic time: 1.321	1.32	0 ms
Numeric time: 1.012	0.078	0.934 ms
Symbolic time: 1.307	1.265	0.042 ms
Numeric time: 1.012	1.011	0.002 ms
Symbolic time: 1.305	1.304	0 ms
Numeric time: 1.014	1.015	0 ms
Symbolic time: 1.305	1.304	0 ms
Numeric time: 1.009	1.01	0 ms
Symbolic time: 1.32	1.319	0 ms
Numeric time: 1.013	1.014	0 ms
Symbolic time: 1.309	0.315	0.994 ms
Numeric time: 1.012	1.012	0.001 ms
Symbolic time: 1.3	1.299	0 ms
Numeric time: 1.04	1.04	0 ms
Symbolic time: 1.318	1.318	0 ms
Numeric time: 1.024	1.021	0.003 ms
Symbolic time: 1.306	1.306	0 ms
Numeric time: 1.061	1.061	0 ms
Symbolic time: 1.311	1.311	0 ms
Numeric time: 1.061	1.061	0 ms
Symbolic time: 1.306	1.306	0 ms
Numeric time: 1.022	1.022	0 ms
Symbolic time: 1.31	1.309	0 ms
Numeric time: 1.009	0.128	0.881 ms
Symbolic time: 1.313	1.271	0.041 ms
Numeric time: 1.017	1.015	0.002 ms
Symbolic time: 1.319	1.318	0 ms
Numeric time: 1.026	1.027	0 ms
Symbolic time: 1.324	1.324	0 ms
Numeric time: 1.015	1.016	0 ms
Symbolic time: 1.31	1.309	0 ms
Numeric time: 1.008	1.009	0 ms
Symbolic time: 1.307	1.308	0 ms
Numeric time: 1.007	1.008	0 ms
Symbolic time: 1.31	1.311	0 ms
Numeric time: 1.01	1.011	0 ms
Symbolic time: 1.313	1.314	0 ms
Numeric time: 1.025	1.025	0 ms
Symbolic time: 1.305	1.305	0 ms
Numeric time: 1.011	1.011	0 ms
Symbolic time: 1.309	1.309	0 ms
Numeric time: 1.063	1.062	0 ms
Symbolic time: 1.311	1.311	0 ms
Numeric time: 1.02	1.02	0 ms
Symbolic time: 1.305	1.305	0 ms
Numeric time: 1.01	1.011	0 ms
Symbolic time: 1.309	1.31	0 ms
Numeric time: 1.01	1.011	0 ms
Symbolic time: 1.316	1.316	0 ms
Numeric time: 1.018	1.018	0 ms
Symbolic time: 1.311	1.311	0 ms
Numeric time: 1.01	1.009	0 ms
Symbolic time: 1.315	1.315	0 ms
Numeric time: 1.018	0.04	0.978 ms
Symbolic time: 1.315	1.315	0 ms
Numeric time: 1.035	1.035	0 ms
Symbolic time: 1.306	1.306	0 ms
Numeric time: 1.018	1.017	0 ms
Symbolic time: 1.304	1.305	0 ms
Numeric time: 1.007	1.007	0 ms
Symbolic time: 1.302	1.302	0 ms
Numeric time: 1.007	0.028	0.978 ms
Symbolic time: 1.307	1.306	0 ms
Numeric time: 1.003	1.004	0 ms
Symbolic time: 1.304	1.304	0 ms
Numeric time: 1.006	1.005	0 ms
Symbolic time: 1.311	1.311	0 ms
Numeric time: 1.057	1.057	0 ms
Symbolic time: 1.319	1.319	0 ms
Numeric time: 1.038	1.038	0 ms
Symbolic time: 1.323	0.401	0.921 ms
Numeric time: 1.035	0.032	1.004 ms
Symbolic time: 1.3	1.264	0.035 ms
Numeric time: 1.033	1.03	0.004 ms
Symbolic time: 1.304	1.304	0 ms
Numeric time: 1.025	1.024	0 ms
Symbolic time: 1.312	1.312	0 ms
Numeric time: 1.023	1.024	0 ms
Symbolic time: 1.304	1.306	0 ms
Numeric time: 1.025	1.025	0 ms
Symbolic time: 1.303	1.303	0 ms
Numeric time: 1.019	1.019	0 ms
Symbolic time: 1.313	1.313	0 ms
Numeric time: 1.04	0.114	0.925 ms
Symbolic time: 1.31	1.274	0.036 ms
Numeric time: 1.017	1.015	0.002 ms
Symbolic time: 1.308	1.308	0 ms
Numeric time: 1.018	1.018	0 ms
Symbolic time: 1.32	1.32	0 ms
Numeric time: 1.017	1.017	0 ms
Symbolic time: 1.306	0.385	0.92 ms
Numeric time: 1.019	1.018	0.002 ms
Symbolic time: 1.31	1.274	0.036 ms
Numeric time: 1.02	1.018	0.002 ms
Symbolic time: 1.308	1.308	0 ms
Numeric time: 1.018	1.018	0 ms
Symbolic time: 1.307	1.307	0 ms
Numeric time: 1.019	1.02	0 ms
Symbolic time: 1.308	1.308	0 ms
Numeric time: 1.012	1.012	0 ms
Symbolic time: 1.307	1.307	0 ms
Numeric time: 1.017	1.018	0 ms
Symbolic time: 1.33	1.331	0 ms
Numeric time: 1.04	1.04	0 ms
Symbolic time: 1.309	1.308	0 ms
Numeric time: 1.029	0.042	0.987 ms
Symbolic time: 1.313	1.313	0 ms
Numeric time: 1.018	1.019	0 ms
Symbolic time: 1.319	1.319	0 ms
Numeric time: 1.019	1.017	0.002 ms
Symbolic time: 1.305	0.534	0.772 ms
Numeric time: 1.018	1.016	0.002 ms
Symbolic time: 1.308	1.273	0.035 ms
Numeric time: 1.021	1.018	0.002 ms
Symbolic time: 1.301	0.529	0.773 ms
Numeric time: 1.012	1.011	0.001 ms
Symbolic time: 1.318	1.281	0.037 ms
Numeric time: 1.027	1.024	0.002 ms
Symbolic time: 1.306	1.306	0 ms
Numeric time: 1.013	1.013	0 ms
Symbolic time: 1.318	1.318	0 ms
Numeric time: 1.016	1.016	0 ms
Symbolic time: 1.308	1.309	0 ms
Numeric time: 1.016	1.016	0 ms
Symbolic time: 1.304	1.304	0 ms
Numeric time: 1.011	1.012	0 ms
Symbolic time: 1.317	1.317	0 ms
Numeric time: 1.012	0.069	0.944 ms
Symbolic time: 1.616	1.617	0 ms
Numeric time: 1.194	1.195	0 ms
Symbolic time: 1.306	1.272	0.035 ms
Numeric time: 1.015	1.014	0.001 ms
Symbolic time: 1.306	1.307	0 ms
Numeric time: 1.016	1.017	0 ms
Symbolic time: 1.318	1.319	0 ms
Numeric time: 1.012	1.011	0.001 ms
Symbolic time: 1.316	1.315	0 ms
Numeric time: 1.019	1.019	0 ms
Symbolic time: 1.315	1.315	0 ms
Numeric time: 1.01	1.009	0.001 ms
Symbolic time: 1.31	1.309	0 ms
Numeric time: 1.01	1.011	0 ms
Symbolic time: 1.307	0.31	0.998 ms
Numeric time: 1.017	1.015	0.002 ms
Symbolic time: 1.304	1.304	0 ms
Numeric time: 1.014	1.014	0 ms
Symbolic time: 1.302	1.302	0 ms
Numeric time: 1.007	1.007	0 ms
Symbolic time: 1.315	1.315	0 ms
Numeric time: 1.016	1.017	0 ms
Symbolic time: 1.303	1.302	0 ms
Numeric time: 1.01	1.01	0 ms
Symbolic time: 1.31	1.31	0 ms
Numeric time: 1.01	1.01	0 ms
Symbolic time: 1.304	1.304	0 ms
Numeric time: 1.021	1.022	0 ms
Symbolic time: 1.311	1.311	0 ms
Numeric time: 1.011	1.012	0 ms
Symbolic time: 1.302	1.303	0 ms
Numeric time: 1.014	1.014	0 ms
Symbolic time: 1.305	1.305	0 ms
Numeric time: 1.016	0.074	0.942 ms
Symbolic time: 1.302	1.27	0.032 ms
Numeric time: 1.018	1.016	0.002 ms
Symbolic time: 1.298	1.299	0 ms
Numeric time: 1.05	1.05	0 ms
Symbolic time: 1.313	1.312	0 ms
Numeric time: 1.012	1.012	0.002 ms
Symbolic time: 1.327	1.327	0 ms
Numeric time: 1.014	0.065	0.95 ms
Symbolic time: 1.314	1.281	0.033 ms
Numeric time: 1.009	0.007	1.002 ms
Symbolic time: 1.304	1.304	0 ms
Numeric time: 1.014	1.015	0 ms
Symbolic time: 1.309	1.309	0 ms
Numeric time: 1.014	0.013	1.001 ms
Symbolic time: 1.301	1.301	0 ms
Numeric time: 1.009	1.009	0 ms
Symbolic time: 1.309	0.313	0.996 ms
Numeric time: 1.012	1.011	0.001 ms
Symbolic time: 1.304	1.304	0 ms
Numeric time: 1.009	1.009	0 ms
Symbolic time: 1.307	1.307	0 ms
Numeric time: 1.01	1.01	0 ms
Symbolic time: 1.301	1.301	0 ms
Numeric time: 1.023	0.081	0.943 ms
Symbolic time: 1.307	1.273	0.034 ms
Numeric time: 1.009	1.008	0.001 ms
Symbolic time: 1.32	1.32	0 ms
Numeric time: 1.017	0.071	0.947 ms
Symbolic time: 1.307	1.272	0.035 ms
Numeric time: 1.008	1.007	0.001 ms
Symbolic time: 1.311	1.311	0 ms
Numeric time: 1.013	0.069	0.945 ms
Symbolic time: 1.301	1.268	0.034 ms
Numeric time: 1.027	1.024	0.003 ms
Symbolic time: 1.307	1.307	0 ms
Numeric time: 1.009	1.009	0 ms
Symbolic time: 1.303	1.302	0 ms
Numeric time: 1.017	1.017	0 ms
Symbolic time: 1.303	1.303	0 ms
Numeric time: 1.011	1.011	0 ms
Symbolic time: 1.308	1.307	0 ms
Numeric time: 1.016	1.016	0 ms
Symbolic time: 1.307	1.307	0 ms
Numeric time: 1.014	1.014	0 ms
Symbolic time: 1.31	1.31	0 ms
Numeric time: 1.027	1.027	0 ms
Symbolic time: 1.315	1.315	0 ms
Numeric time: 1.015	1.015	0 ms
Symbolic time: 1.309	1.309	0 ms
Numeric time: 1.011	1.011	0 ms
Symbolic time: 1.304	1.304	0 ms
Numeric time: 1.009	1.01	0 ms
Symbolic time: 1.308	1.308	0 ms
Numeric time: 1.047	1.047	0 ms
Symbolic time: 1.304	1.304	0 ms
Numeric time: 1.02	1.02	0 ms
Symbolic time: 1.314	1.315	0 ms
Numeric time: 1.026	0.026	1.001 ms
Symbolic time: 1.309	1.309	0 ms
Numeric time: 1.017	1.017	0 ms
Symbolic time: 1.307	1.306	0 ms
Numeric time: 1.007	1.009	0 ms
Symbolic time: 1.31	1.31	0 ms
Numeric time: 1.017	1.017	0 ms
Symbolic time: 1.306	1.305	0 ms
Numeric time: 1.012	1.012	0 ms
Symbolic time: 1.316	0.533	0.783 ms
Numeric time: 1.019	1.017	0.002 ms
Symbolic time: 1.305	1.272	0.032 ms
Numeric time: 1.025	1.025	0 ms
Symbolic time: 1.317	1.316	0 ms
Numeric time: 1.01	1.01	0 ms
Symbolic time: 1.312	1.311	0 ms
Numeric time: 1.02	0.124	0.896 ms
Symbolic time: 1.31	1.277	0.033 ms
Numeric time: 1.015	1.014	0.002 ms
Symbolic time: 1.306	1.273	0.033 ms
Numeric time: 1.019	1.019	0 ms
Symbolic time: 1.385	1.386	0 ms
Numeric time: 1.016	0.059	0.957 ms
Symbolic time: 1.31	1.31	0 ms
Numeric time: 1.031	1.031	0 ms
Symbolic time: 1.308	1.308	0 ms
Numeric time: 1.028	1.028	0 ms
Symbolic time: 1.314	1.314	0 ms
Numeric time: 1.014	0.085	0.929 ms
Symbolic time: 1.322	1.287	0.035 ms
Numeric time: 1.016	1.015	0.002 ms
Symbolic time: 1.307	1.307	0 ms
Numeric time: 1.01	1.01	0 ms
Symbolic time: 1.307	1.306	0 ms
Numeric time: 1.007	1.007	0 ms
Symbolic time: 1.308	1.308	0 ms
Numeric time: 1.01	1.009	0 ms
Symbolic time: 1.315	1.316	0 ms
Numeric time: 1.008	1.009	0 ms
Symbolic time: 1.309	1.309	0 ms
Numeric time: 1.006	0.082	0.923 ms
Symbolic time: 1.305	1.273	0.032 ms
Numeric time: 1.009	1.008	0.001 ms
Symbolic time: 1.314	1.314	0 ms
Numeric time: 1.005	0.076	0.929 ms
Symbolic time: 1.307	1.274	0.033 ms
Numeric time: 1.007	1.007	0.001 ms
Symbolic time: 1.309	1.309	0 ms
Numeric time: 1.007	1.008	0 ms
Symbolic time: 1.318	1.318	0 ms
Numeric time: 1.013	1.013	0 ms
Symbolic time: 1.308	1.276	0.031 ms
Numeric time: 1.006	1.007	0 ms
Symbolic time: 1.306	1.306	0 ms
Numeric time: 1.011	1.012	0 ms
Symbolic time: 1.31	1.31	0 ms
Numeric time: 1.021	0.127	0.895 ms
Symbolic time: 1.306	1.273	0.032 ms
Numeric time: 1.005	1.004	0.001 ms
Symbolic time: 1.302	1.27	0.032 ms
Numeric time: 1.008	0.007	1.002 ms
Symbolic time: 1.3	1.3	0 ms
Numeric time: 1.013	1.013	0 ms
Symbolic time: 1.309	1.31	0 ms
Numeric time: 1.015	1.015	0 ms
Symbolic time: 1.315	1.315	0 ms
Numeric time: 1.012	1.012	0 ms
Symbolic time: 1.314	0.318	0.995 ms
Numeric time: 1.005	1.005	0.001 ms
Symbolic time: 1.323	1.323	0 ms
Numeric time: 1.022	0.073	0.948 ms
Symbolic time: 1.307	1.274	0.033 ms
Numeric time: 1.008	1.007	0 ms
Symbolic time: 1.305	1.306	0 ms
Numeric time: 1.011	0.065	0.946 ms
Symbolic time: 1.306	1.272	0.034 ms
Numeric time: 1.006	1.006	0.001 ms
Symbolic time: 1.306	1.306	0 ms
Numeric time: 1.009	1.01	0 ms
Symbolic time: 1.306	1.306	0 ms
Numeric time: 1.01	1.01	0 ms
Symbolic time: 1.303	1.303	0 ms
Numeric time: 1.007	1.008	0 ms
Symbolic time: 1.304	1.303	0 ms
Numeric time: 1.007	1.008	0 ms
Symbolic time: 1.304	0.531	0.772 ms
Numeric time: 1.013	0.013	1.002 ms
Symbolic time: 1.313	1.279	0.034 ms
Numeric time: 1.005	1.005	0.001 ms
Symbolic time: 1.321	0.543	0.778 ms
Numeric time: 1.028	1.025	0.003 ms
Symbolic time: 1.317	1.282	0.035 ms
Numeric time: 1.011	1.01	0.001 ms
Symbolic time: 1.304	1.304	0 ms
Numeric time: 1.007	1.009	0 ms
Symbolic time: 1.301	1.301	0 ms
Numeric time: 1.009	1.01	0 ms
Symbolic time: 1.303	0.533	0.77 ms
Numeric time: 1.008	1.007	0 ms
Symbolic time: 1.302	1.269	0.033 ms
Numeric time: 1.02	1.019	0.002 ms
Symbolic time: 1.304	0.528	0.776 ms
Numeric time: 1.011	1.01	0.001 ms
Symbolic time: 1.304	1.271	0.033 ms
Numeric time: 1.009	1.008	0.001 ms
Symbolic time: 1.309	0.527	0.783 ms
Numeric time: 1.007	1.006	0 ms
Symbolic time: 1.307	1.273	0.035 ms
Numeric time: 1.01	0.008	1.002 ms
Symbolic time: 1.316	1.315	0 ms
Numeric time: 1.014	1.014	0 ms
Symbolic time: 1.304	1.305	0 ms
Numeric time: 1.01	1.011	0 ms
Symbolic time: 1.306	1.306	0 ms
Numeric time: 1.012	1.012	0 ms
Symbolic time: 1.305	1.306	0 ms
Numeric time: 1.014	1.014	0 ms
Symbolic time: 1.313	1.313	0 ms
Numeric time: 1.015	1.015	0 ms
Symbolic time: 1.306	1.307	0 ms
Numeric time: 1.012	1.012	0 ms
Symbolic time: 1.306	1.306	0 ms
Numeric time: 1.016	1.016	0 ms
Symbolic time: 1.309	1.308	0 ms
Numeric time: 1.009	1.009	0 ms
Symbolic time: 1.318	1.317	0 ms
Numeric time: 1.008	1.009	0 ms
Symbolic time: 1.304	1.304	0 ms
Numeric time: 1.012	1.012	0 ms
Symbolic time: 1.321	0.407	0.914 ms
Numeric time: 1.014	1.013	0.001 ms
Symbolic time: 1.302	1.269	0.033 ms
Numeric time: 1.008	1.007	0 ms
Symbolic time: 1.314	1.314	0 ms
Numeric time: 1.006	1.007	0 ms
Symbolic time: 1.304	1.304	0 ms
Numeric time: 1.006	1.006	0 ms
Symbolic time: 1.313	1.313	0 ms
Numeric time: 1.034	1.034	0 ms
Symbolic time: 1.302	1.302	0 ms
Numeric time: 1.016	1.016	0 ms
Symbolic time: 1.306	1.306	0 ms
Numeric time: 1.008	1.008	0 ms
Symbolic time: 1.314	1.314	0 ms
Numeric time: 1.008	1.008	0 ms
Symbolic time: 1.319	1.319	0 ms
Numeric time: 1.012	1.013	0 ms
Symbolic time: 1.309	1.309	0 ms
Numeric time: 1.007	1.007	0 ms
Symbolic time: 1.338	1.338	0 ms
Numeric time: 1.031	1.031	0 ms
Symbolic time: 1.309	1.309	0 ms
Numeric time: 1.005	1.006	0 ms
Symbolic time: 1.306	1.307	0 ms
Numeric time: 1.01	1.011	0 ms
Symbolic time: 1.304	1.303	0 ms
Numeric time: 1.007	1.007	0 ms
Symbolic time: 1.315	1.316	0 ms
Numeric time: 1.005	1.005	0 ms
Symbolic time: 1.305	1.305	0 ms
Numeric time: 1.007	1.007	0 ms
Symbolic time: 1.311	1.311	0 ms
Numeric time: 1.006	0.089	0.917 ms
Symbolic time: 1.305	1.273	0.032 ms
Numeric time: 1.007	1.006	0.001 ms
Symbolic time: 1.307	1.307	0 ms
Numeric time: 1.021	1.021	0 ms
Symbolic time: 1.306	1.306	0 ms
Numeric time: 1.022	1.021	0 ms
Symbolic time: 1.32	1.32	0 ms
Numeric time: 1.034	1.034	0 ms
Symbolic time: 1.304	1.305	0 ms
Numeric time: 1.01	1.01	0 ms
Symbolic time: 1.316	1.316	0 ms
Numeric time: 1.006	1.007	0 ms
Symbolic time: 1.305	1.305	0 ms
Numeric time: 1.016	1.016	0 ms
Symbolic time: 1.316	1.316	0 ms
Numeric time: 1.011	1.011	0 ms
Symbolic time: 1.301	1.302	0 ms
Numeric time: 1.011	1.012	0 ms
Symbolic time: 1.308	1.308	0 ms
Numeric time: 1.007	0.081	0.926 ms
Symbolic time: 1.304	1.272	0.032 ms
Numeric time: 1.009	1.008	0.001 ms
Symbolic time: 1.308	1.309	0 ms
Numeric time: 1.008	1.009	0 ms
Symbolic time: 1.304	1.304	0 ms
Numeric time: 1.012	1.012	0 ms
Symbolic time: 1.314	1.313	0 ms
Numeric time: 1.026	1.026	0 ms
Symbolic time: 1.303	1.304	0 ms
Numeric time: 1.01	1.01	0 ms
Symbolic time: 1.311	1.283	0.027 ms
Numeric time: 1.006	0.123	0.883 ms
Symbolic time: 1.315	1.283	0.032 ms
Numeric time: 1.013	1.011	0.001 ms
Symbolic time: 1.31	1.278	0.032 ms
Numeric time: 1.009	0	1.009 ms
Symbolic time: 1.305	0.539	0.766 ms
Numeric time: 1.015	1.014	0.002 ms
Symbolic time: 1.305	1.273	0.032 ms
Numeric time: 1.007	1.007	0.001 ms
Symbolic time: 1.304	0.517	0.786 ms
Numeric time: 1.002	1.002	0 ms
Symbolic time: 1.311	0.278	1.033 ms
Numeric time: 1.007	1.006	0.001 ms
Symbolic time: 1.307	1.306	0 ms
Numeric time: 1.009	0.064	0.946 ms
Symbolic time: 1.306	1.274	0.032 ms
Numeric time: 1.034	1.031	0.003 ms
Symbolic time: 1.306	1.306	0 ms
Numeric time: 1.012	1.012	0 ms
Symbolic time: 1.307	1.306	0 ms
Numeric time: 1.008	1.008	0 ms
Symbolic time: 1.308	1.308	0 ms
Numeric time: 1.007	1.007	0 ms
Symbolic time: 1.313	1.313	0 ms
Numeric time: 1.019	1.019	0 ms
Symbolic time: 1.299	1.3	0 ms
Numeric time: 1.008	0.066	0.943 ms
Symbolic time: 1.309	1.276	0.033 ms
Numeric time: 1.013	1.012	0.001 ms
Symbolic time: 1.316	1.316	0 ms
Numeric time: 1.007	1.008	0 ms
Symbolic time: 1.313	1.314	0 ms
Numeric time: 1.023	1.022	0.001 ms
Symbolic time: 1.3	1.3	0 ms
Numeric time: 1.01	1.011	0 ms
Symbolic time: 1.305	1.305	0 ms
Numeric time: 1.025	1.026	0 ms
Symbolic time: 1.303	1.303	0 ms
Numeric time: 1.008	1.008	0 ms
Symbolic time: 1.3	1.301	0 ms
Numeric time: 1.007	0.012	0.995 ms
Symbolic time: 1.31	0.526	0.784 ms
Numeric time: 1.01	1.009	0.001 ms
Symbolic time: 1.306	1.274	0.032 ms
Numeric time: 1.006	1.006	0.001 ms
Symbolic time: 1.308	0.381	0.927 ms
Numeric time: 1.012	1.01	0.001 ms
Symbolic time: 1.316	1.284	0.034 ms
Numeric time: 1.007	1.007	0 ms
Symbolic time: 1.309	1.309	0 ms
Numeric time: 1.006	1.006	0 ms
Symbolic time: 1.306	1.306	0 ms
Numeric time: 1.006	1.006	0 ms
Symbolic time: 1.305	1.305	0 ms
Numeric time: 1.016	0.09	0.926 ms
Symbolic time: 1.305	1.272	0.032 ms
Numeric time: 1.024	1.023	0.003 ms
Symbolic time: 1.314	1.314	0 ms
Numeric time: 1.009	1.009	0 ms
Symbolic time: 1.306	1.306	0 ms
Numeric time: 1.014	1.015	0 ms
Symbolic time: 1.308	1.308	0 ms
Numeric time: 1.051	1.051	0 ms
Symbolic time: 1.324	1.324	0 ms
Numeric time: 1.052	1.052	0 ms
Symbolic time: 1.317	0.546	0.771 ms
Numeric time: 1.02	1.018	0.002 ms
Symbolic time: 1.306	1.274	0.032 ms
Numeric time: 1.025	1.023	0.003 ms
Symbolic time: 1.308	1.308	0 ms
Numeric time: 1.018	1.019	0 ms
Symbolic time: 1.304	1.304	0 ms
Numeric time: 1.006	1.006	0 ms
Symbolic time: 1.304	0.524	0.78 ms
Numeric time: 1.008	1.008	0.001 ms
Symbolic time: 1.316	1.283	0.033 ms
Numeric time: 1.028	1.026	0.003 ms
Symbolic time: 1.312	1.311	0 ms
Numeric time: 1.007	1.008	0 ms
Symbolic time: 1.304	1.304	0 ms
Numeric time: 1.005	1.005	0 ms
Symbolic time: 1.307	0.529	0.777 ms
Numeric time: 1.012	1.01	0.001 ms
Symbolic time: 1.309	1.277	0.032 ms
Numeric time: 1.012	1.011	0.001 ms
Symbolic time: 1.307	0.524	0.783 ms
Numeric time: 1.038	1.035	0.004 ms
Symbolic time: 1.304	1.271	0.032 ms
Numeric time: 1.003	1.003	0 ms
Symbolic time: 1.304	0.525	0.779 ms
Numeric time: 1.007	1.007	0.001 ms
Symbolic time: 1.307	1.274	0.033 ms
Numeric time: 1.005	1.005	0.001 ms
Symbolic time: 1.3	1.301	0 ms
Numeric time: 1.007	1.008	0 ms
Symbolic time: 1.305	1.304	0 ms
Numeric time: 1.019	1.02	0 ms
Symbolic time: 1.313	1.312	0 ms
Numeric time: 1.011	1.01	0 ms
Symbolic time: 1.305	1.305	0 ms
Numeric time: 1.016	1.016	0 ms
Symbolic time: 1.309	1.309	0 ms
Numeric time: 1.004	1.005	0 ms
Symbolic time: 1.314	1.313	0 ms
Numeric time: 1.011	1.01	0 ms
Symbolic time: 1.31	1.31	0 ms
Numeric time: 1.009	1.009	0 ms
Symbolic time: 1.298	1.298	0 ms
Numeric time: 1.006	1.006	0 ms
Symbolic time: 1.312	0.392	0.921 ms
Numeric time: 1.007	0.006	1 ms
Symbolic time: 1.303	1.272	0.032 ms
Numeric time: 1.053	0.048	1.006 ms
Symbolic time: 1.323	1.323	0 ms
Numeric time: 1.031	1.031	0 ms
Symbolic time: 1.303	1.303	0 ms
Numeric time: 1.025	1.026	0 ms
Symbolic time: 1.302	0.549	0.752 ms
Numeric time: 1.018	1.016	0.002 ms
Symbolic time: 1.309	1.277	0.033 ms
Numeric time: 1.013	1.012	0.002 ms
Symbolic time: 1.316	1.316	0 ms
Numeric time: 1.01	1.01	0 ms
Symbolic time: 1.308	1.307	0 ms
Numeric time: 1.026	1.026	0 ms
Symbolic time: 1.317	0.556	0.762 ms
Numeric time: 1.009	1.008	0.001 ms
Symbolic time: 1.303	1.271	0.032 ms
Numeric time: 1.013	1.012	0.001 ms
Symbolic time: 1.317	1.316	0 ms
Numeric time: 1.01	1.011	0 ms
Symbolic time: 1.307	1.307	0 ms
Numeric time: 1.011	1.012	0 ms
Symbolic time: 1.318	1.318	0 ms
Numeric time: 1.005	1.006	0 ms
Symbolic time: 1.305	1.305	0 ms
Numeric time: 1.006	1.006	0 ms
Symbolic time: 1.314	1.315	0 ms
Numeric time: 1.008	0.081	0.927 ms
Symbolic time: 1.317	1.284	0.033 ms
Numeric time: 1.01	1.01	0.001 ms
Symbolic time: 1.311	1.31	0 ms
Numeric time: 1.007	1.007	0 ms
Symbolic time: 1.318	1.319	0 ms
Numeric time: 1.022	1.023	0 ms
Symbolic time: 1.311	1.311	0 ms
Numeric time: 1.013	1.013	0 ms
Symbolic time: 1.314	1.315	0 ms
Numeric time: 1.01	1.011	0 ms
Symbolic time: 1.312	1.312	0 ms
Numeric time: 1.007	1.008	0 ms
Symbolic time: 1.307	1.308	0 ms
Numeric time: 1.008	1.009	0 ms
Symbolic time: 1.33	1.329	0 ms
Numeric time: 1.006	0.078	0.928 ms
Symbolic time: 1.302	1.271	0.032 ms
Numeric time: 1.006	1.006	0.001 ms
Symbolic time: 1.332	1.332	0 ms
Numeric time: 1.014	1.015	0 ms
Symbolic time: 1.314	1.313	0 ms
Numeric time: 1.011	1.011	0 ms
Symbolic time: 1.322	0.393	0.929 ms
Numeric time: 1.006	1.006	0.001 ms
Symbolic time: 1.306	1.274	0.032 ms
Numeric time: 1.008	1.008	0.001 ms
Symbolic time: 1.316	0.387	0.929 ms
Numeric time: 1.008	0.007	1.001 ms
Symbolic time: 1.307	1.274	0.032 ms
Numeric time: 1.005	0.004	1.001 ms
Symbolic time: 1.309	1.308	0 ms
Numeric time: 1.008	1.009	0 ms
Symbolic time: 1.303	1.303	0 ms
Numeric time: 1.01	1.01	0 ms
Symbolic time: 1.338	1.338	0 ms
Numeric time: 1.007	1.006	0 ms
Symbolic time: 1.304	1.304	0 ms
Numeric time: 1.008	1.009	0 ms
Symbolic time: 1.322	1.322	0 ms
Numeric time: 1.019	1.019	0 ms
Symbolic time: 1.317	1.317	0 ms
Numeric time: 1.004	1.005	0 ms
Symbolic time: 1.307	1.307	0 ms
Numeric time: 1.01	1.011	0 ms
Symbolic time: 1.315	1.315	0 ms
Numeric time: 1.015	0.039	0.978 ms
Symbolic time: 1.309	0.383	0.927 ms
Numeric time: 1.009	1.008	0.001 ms
Symbolic time: 1.306	1.273	0.032 ms
Numeric time: 1.009	1.009	0.001 ms
Symbolic time: 1.313	1.313	0 ms
Numeric time: 1.005	1.006	0 ms
Symbolic time: 1.305	1.305	0 ms
Numeric time: 1.039	1.039	0 ms
Symbolic time: 1.31	1.31	0 ms
Numeric time: 1.018	1.018	0 ms
Symbolic time: 1.302	1.302	0 ms
Numeric time: 1.01	1.01	0 ms
Symbolic time: 1.322	1.322	0 ms
Numeric time: 1.025	0.096	0.931 ms
Symbolic time: 1.308	1.275	0.033 ms
Numeric time: 1.015	1.014	0.001 ms
Symbolic time: 1.309	1.309	0 ms
Numeric time: 1.031	1.031	0 ms
Symbolic time: 1.307	1.307	0 ms
Numeric time: 1.023	1.023	0 ms
Symbolic time: 1.332	1.332	0 ms
Numeric time: 1.061	1.062	0 ms
Symbolic time: 1.313	1.314	0 ms
Numeric time: 1.017	0.027	0.991 ms
Symbolic time: 1.31	0.383	0.927 ms
Numeric time: 1.057	0.051	1.007 ms
Symbolic time: 1.307	1.275	0.033 ms
Numeric time: 1.018	1.017	0.002 ms
Symbolic time: 1.313	1.313	0 ms
Numeric time: 1.015	1.015	0 ms
Symbolic time: 1.31	1.31	0 ms
Numeric time: 1.016	1.017	0 ms
Symbolic time: 1.322	1.322	0 ms
Numeric time: 1.021	0.09	0.932 ms
Symbolic time: 1.318	1.284	0.034 ms
Numeric time: 1.016	1.014	0.001 ms
Symbolic time: 1.306	0.526	0.78 ms
Numeric time: 1.014	1.012	0.002 ms
Symbolic time: 1.314	1.28	0.034 ms
Numeric time: 1.018	1.017	0.002 ms
Symbolic time: 1.325	0.541	0.784 ms
Numeric time: 1.016	1.015	0.002 ms
Symbolic time: 1.298	1.265	0.032 ms
Numeric time: 1.03	1.026	0.003 ms
Symbolic time: 1.32	0.54	0.782 ms
Numeric time: 1.035	1.031	0.004 ms
Symbolic time: 1.312	1.277	0.033 ms
Numeric time: 1.015	1.014	0.002 ms
Symbolic time: 1.309	1.308	0 ms
Numeric time: 1.01	1.01	0 ms
Symbolic time: 1.309	1.309	0 ms
Numeric time: 1.012	1.012	0 ms
Symbolic time: 1.315	1.315	0 ms
Numeric time: 1.024	1.025	0 ms
Symbolic time: 1.308	1.308	0 ms
Numeric time: 1.018	1.018	0 ms
Symbolic time: 1.304	1.304	0 ms
Numeric time: 1.01	1.01	0 ms
Symbolic time: 1.302	1.301	0 ms
Numeric time: 1.02	1.02	0 ms
Symbolic time: 1.314	1.315	0 ms
Numeric time: 1.013	1.014	0 ms
Symbolic time: 1.311	1.311	0 ms
Numeric time: 1.02	1.021	0 ms
Symbolic time: 1.308	1.308	0 ms
Numeric time: 1.023	0.077	0.946 ms
Symbolic time: 1.308	1.275	0.033 ms
Numeric time: 1.015	1.014	0.002 ms
Symbolic time: 1.309	1.31	0 ms
Numeric time: 1.013	1.013	0 ms
Symbolic time: 1.305	1.305	0 ms
Numeric time: 1.008	1.008	0 ms
Symbolic time: 1.32	1.32	0 ms
Numeric time: 1.015	1.016	0 ms
Symbolic time: 1.304	1.303	0 ms
Numeric time: 1.051	1.043	0.002 ms
Symbolic time: 1.306	1.307	0 ms
Numeric time: 1.04	1.04	0 ms
Symbolic time: 1.32	0.32	1.001 ms
Numeric time: 1.023	0.02	1.003 ms
Symbolic time: 1.306	0.527	0.779 ms
Numeric time: 1.055	1.049	0.005 ms
Symbolic time: 1.313	1.313	0 ms
Numeric time: 1.02	0.091	0.93 ms
Symbolic time: 1.321	1.286	0.034 ms
Numeric time: 1.012	1.011	0.001 ms
Symbolic time: 1.315	1.315	0 ms
Numeric time: 1.008	0.081	0.929 ms
Symbolic time: 1.304	1.271	0.033 ms
Numeric time: 1.014	1.013	0.002 ms
Symbolic time: 1.314	1.313	0 ms
Numeric time: 1.009	1.01	0 ms
Symbolic time: 1.313	1.314	0 ms
Numeric time: 1.018	1.018	0 ms
Symbolic time: 1.303	1.272	0.032 ms
Numeric time: 1.009	0	1.01 ms
Symbolic time: 1.303	0.543	0.759 ms
Numeric time: 1.008	1.007	0.001 ms
Symbolic time: 1.312	1.279	0.034 ms
Numeric time: 1.017	0.125	0.892 ms
Symbolic time: 1.304	1.27	0.033 ms
Numeric time: 1.01	1.009	0.001 ms
Symbolic time: 1.312	1.278	0.035 ms
Numeric time: 1.007	1.007	0.001 ms
Symbolic time: 1.308	1.307	0 ms
Numeric time: 1.013	1.014	0 ms
Symbolic time: 1.306	0.311	0.996 ms
Numeric time: 1.016	1.015	0.002 ms
Symbolic time: 1.301	1.302	0 ms
Numeric time: 1.007	1.008	0 ms
Symbolic time: 1.303	1.302	0 ms
Numeric time: 1.009	1.008	0 ms
Symbolic time: 1.329	1.33	0 ms
Numeric time: 1.015	1.015	0 ms
Symbolic time: 1.313	0.315	0.997 ms
Numeric time: 1.01	1.01	0.002 ms
Symbolic time: 1.312	1.312	0 ms
Numeric time: 1.011	1.011	0 ms
Symbolic time: 1.312	1.312	0 ms
Numeric time: 1.018	1.017	0 ms
Symbolic time: 1.313	1.313	0 ms
Numeric time: 1.052	1.053	0 ms
Symbolic time: 1.401	1.401	0 ms
Numeric time: 1.05	0.141	0.91 ms
Symbolic time: 1.305	1.272	0.034 ms
Numeric time: 1.012	0.01	1.002 ms
Symbolic time: 1.312	1.312	0 ms
Numeric time: 1.027	1.028	0 ms
Symbolic time: 1.31	1.31	0 ms
Numeric time: 1.016	1.016	0 ms
Symbolic time: 1.312	1.311	0 ms
Numeric time: 1.023	1.022	0 ms
Symbolic time: 1.321	1.321	0 ms
Numeric time: 1.025	0.04	0.986 ms
Symbolic time: 1.32	1.32	0 ms
Numeric time: 1.022	1.022	0 ms
Symbolic time: 1.306	1.306	0 ms
Numeric time: 1.038	1.039	0 ms
Symbolic time: 1.314	1.314	0 ms
Numeric time: 1.024	1.025	0 ms
Symbolic time: 1.309	1.309	0 ms
Numeric time: 1.012	1.012	0 ms
Symbolic time: 1.314	1.314	0 ms
Numeric time: 1.004	1.004	0 ms
Symbolic time: 1.302	1.302	0 ms
Numeric time: 1.012	0.031	0.981 ms
Symbolic time: 1.313	1.313	0 ms
Numeric time: 1.006	1.007	0 ms
Symbolic time: 1.31	1.31	0 ms
Numeric time: 1.005	1.005	0 ms
Symbolic time: 1.307	1.307	0 ms
Numeric time: 1.007	1.007	0 ms
Symbolic time: 1.323	1.323	0 ms
Numeric time: 1.023	1.024	0 ms
Symbolic time: 1.307	1.307	0 ms
Numeric time: 1.018	1.019	0 ms
Symbolic time: 1.318	1.318	0 ms
Numeric time: 1.007	1.008	0 ms
Symbolic time: 1.324	1.324	0 ms
Numeric time: 1.011	1.011	0 ms
Symbolic time: 1.306	1.306	0 ms
Numeric time: 1.004	1.004	0 ms
Symbolic time: 1.31	1.31	0 ms
Numeric time: 1.008	1.008	0 ms
Symbolic time: 1.309	1.309	0 ms
Numeric time: 1.003	0.028	0.976 ms
Symbolic time: 1.301	0.377	0.924 ms
Numeric time: 1.003	1.003	0 ms
Symbolic time: 1.302	1.269	0.033 ms
Numeric time: 1.004	1.004	0 ms
Symbolic time: 1.315	1.315	0 ms
Numeric time: 1.005	1.006	0 ms
Symbolic time: 1.311	1.312	0 ms
Numeric time: 1.011	1.012	0 ms
Symbolic time: 1.309	1.308	0 ms
Numeric time: 1.007	1.007	0 ms
Symbolic time: 1.306	1.306	0 ms
Numeric time: 1.007	1.009	0 ms
Symbolic time: 1.305	1.304	0 ms
Numeric time: 1.006	1.006	0 ms
Symbolic time: 1.311	1.31	0 ms
Numeric time: 1.004	0.03	0.974 ms
Symbolic time: 1.309	1.31	0 ms
Numeric time: 1.007	0.079	0.927 ms
Symbolic time: 1.331	1.296	0.036 ms
Numeric time: 1.004	1.004	0.001 ms
Symbolic time: 1.303	1.27	0.033 ms
Numeric time: 1.003	0.109	0.893 ms
Symbolic time: 1.306	1.272	0.033 ms
Numeric time: 1.011	1.011	0.001 ms
Symbolic time: 1.308	1.275	0.033 ms
Numeric time: 1.002	1.003	0 ms
Symbolic time: 1.314	1.315	0 ms
Numeric time: 1.009	1.009	0 ms
Symbolic time: 1.307	1.306	0 ms
Numeric time: 1.003	0.005	0.998 ms
Symbolic time: 1.305	1.306	0 ms
Numeric time: 1.005	1.005	0 ms
Symbolic time: 1.312	1.313	0 ms
Numeric time: 1.007	1.008	0 ms
Symbolic time: 1.304	1.304	0 ms
Numeric time: 1.002	1.003	0 ms
Symbolic time: 1.314	1.314	0 ms
Numeric time: 1.002	1.003	0 ms
Symbolic time: 1.308	1.308	0 ms
Numeric time: 1.083	1.083	0 ms
Symbolic time: 1.306	1.306	0 ms
Numeric time: 1.005	1.005	0 ms
Symbolic time: 1.305	1.305	0 ms
Numeric time: 1.006	1.007	0 ms
Symbolic time: 1.306	1.305	0 ms
Numeric time: 1.004	1.005	0 ms
Symbolic time: 1.319	1.319	0 ms
Numeric time: 1.009	1.009	0 ms
Symbolic time: 1.308	1.308	0 ms
Numeric time: 1.003	1.004	0 ms
Symbolic time: 1.362	1.362	0 ms
Numeric time: 1.01	1.011	0 ms
Symbolic time: 1.3	0.305	0.994 ms
Numeric time: 1.014	1.013	0.001 ms
Symbolic time: 1.308	1.308	0 ms
Numeric time: 1.004	1.004	0 ms
Symbolic time: 1.312	1.312	0 ms
Numeric time: 1.001	1.002	0 ms
Symbolic time: 1.31	1.309	0 ms
Numeric time: 1.006	1.006	0 ms
Symbolic time: 1.307	1.307	0 ms
Numeric time: 1.006	1.005	0 ms
Symbolic time: 1.3	0.525	0.775 ms
Numeric time: 1.006	1.005	0 ms
Symbolic time: 1.3	1.268	0.032 ms
Numeric time: 1.004	1.004	0 ms
Symbolic time: 1.322	0.395	0.928 ms
Numeric time: 1.008	1.007	0.001 ms
Symbolic time: 1.305	1.273	0.033 ms
Numeric time: 1.013	1.011	0.001 ms
Symbolic time: 1.31	1.31	0 ms
Numeric time: 1.004	1.005	0 ms
Symbolic time: 1.299	1.299	0 ms
Numeric time: 1.017	1.018	0 ms
Symbolic time: 1.31	1.309	0 ms
Numeric time: 1.003	1.004	0 ms
Symbolic time: 1.309	1.308	0 ms
Numeric time: 1.003	1.004	0 ms
Symbolic time: 1.315	1.314	0 ms
Numeric time: 1.008	1.008	0 ms
Symbolic time: 1.31	1.31	0 ms
Numeric time: 1.008	1.008	0 ms
Symbolic time: 1.31	0.392	0.918 ms
Numeric time: 1.007	1.007	0 ms
Symbolic time: 1.305	1.272	0.032 ms
Numeric time: 1.004	1.004	0.001 ms
Symbolic time: 1.311	1.311	0 ms
Numeric time: 1.011	1.011	0 ms
Symbolic time: 1.31	1.31	0 ms
Numeric time: 1.006	1.007	0 ms
Symbolic time: 1.301	1.301	0 ms
Numeric time: 1.005	1.005	0 ms
Symbolic time: 1.309	1.309	0 ms
Numeric time: 1.002	1.002	0 ms
Symbolic time: 1.31	1.31	0 ms
Numeric time: 1.005	1.005	0 ms
Symbolic time: 1.31	1.31	0 ms
Numeric time: 1.006	0.031	0.975 ms
Symbolic time: 1.306	1.305	0 ms
Numeric time: 1.006	0.078	0.929 ms
Symbolic time: 1.302	1.27	0.033 ms
Numeric time: 1.005	1.005	0.001 ms
Symbolic time: 1.316	1.316	0 ms
Numeric time: 1.004	1.004	0 ms
Symbolic time: 1.307	1.307	0 ms
Numeric time: 1.005	1.004	0 ms
Symbolic time: 1.311	1.312	0 ms
Numeric time: 1.022	1.023	0 ms
Symbolic time: 1.309	1.309	0 ms
Numeric time: 1.005	1.006	0 ms
Symbolic time: 1.309	1.309	0 ms
Numeric time: 1.003	1.004	0 ms
Symbolic time: 1.308	1.309	0 ms
Numeric time: 1.02	1.02	0 ms
Symbolic time: 1.317	1.317	0 ms
Numeric time: 1.005	1.006	0 ms
Symbolic time: 1.317	1.317	0 ms
Numeric time: 1.003	0.029	0.975 ms
Symbolic time: 1.305	1.274	0.032 ms
Numeric time: 1.018	0	1.019 ms
Symbolic time: 1.307	0.538	0.77 ms
Numeric time: 1.008	1.007	0 ms
Symbolic time: 1.313	1.28	0.033 ms
Numeric time: 1.004	0.004	1 ms
Symbolic time: 1.326	0.541	0.786 ms
Numeric time: 1.014	1.013	0.002 ms
Symbolic time: 1.303	1.27	0.033 ms
Numeric time: 1.034	1.034	0 ms
Symbolic time: 1.306	1.306	0 ms
Numeric time: 1.003	1.003	0 ms
Symbolic time: 1.303	1.303	0 ms
Numeric time: 1.002	0.003	0.999 ms
Symbolic time: 1.311	1.311	0 ms
Numeric time: 1.003	1.003	0 ms
Symbolic time: 1.3	1.3	0 ms
Numeric time: 1.007	1.007	0 ms
Symbolic time: 1.304	1.304	0 ms
Numeric time: 1.008	1.008	0 ms
Symbolic time: 1.302	1.302	0 ms
Numeric time: 1.004	1.004	0 ms
Symbolic time: 1.308	0.532	0.776 ms
Numeric time: 1.035	1.032	0.004 ms
Symbolic time: 1.311	1.278	0.034 ms
Numeric time: 1.011	1.01	0.001 ms
Symbolic time: 1.308	1.308	0 ms
Numeric time: 1.005	1.006	0 ms
Symbolic time: 1.303	1.303	0 ms
Numeric time: 1.018	1.018	0 ms
Symbolic time: 1.31	0.531	0.778 ms
Numeric time: 1.019	1.018	0.002 ms
Symbolic time: 1.309	1.277	0.033 ms
Numeric time: 1.002	1.002	0 ms
Symbolic time: 1.306	0.523	0.783 ms
Numeric time: 1.023	0.021	1.003 ms
Symbolic time: 1.304	1.271	0.033 ms
Numeric time: 1.019	1.018	0.002 ms
Symbolic time: 1.299	0.52	0.78 ms
Numeric time: 1.013	0.011	1.002 ms
Symbolic time: 1.303	1.27	0.033 ms
Numeric time: 1	1	0 ms
Symbolic time: 1.311	1.31	0 ms
Numeric time: 1.003	0.077	0.927 ms
Symbolic time: 1.307	1.274	0.034 ms
Numeric time: 1.01	1.01	0.001 ms
Symbolic time: 1.316	1.316	0 ms
Numeric time: 1.037	1.038	0 ms
Symbolic time: 1.544	1.544	0 ms
Numeric time: 1.04	0.135	0.904 ms
Symbolic time: 1.309	1.275	0.034 ms
Numeric time: 1.043	1.038	0.005 ms
Symbolic time: 1.31	1.31	0 ms
Numeric time: 1.016	1.017	0 ms
Symbolic time: 1.311	1.31	0 ms
Numeric time: 1.005	0.024	0.982 ms
Symbolic time: 1.311	1.312	0 ms
Numeric time: 1.007	1.008	0 ms
Symbolic time: 1.301	1.302	0 ms
Numeric time: 1.006	1.007	0 ms
Symbolic time: 1.309	1.309	0 ms
Numeric time: 1.011	1.012	0 ms
Symbolic time: 1.305	1.305	0 ms
Numeric time: 1.003	0.028	0.976 ms
Symbolic time: 1.311	1.311	0 ms
Numeric time: 1.007	0.08	0.926 ms
Symbolic time: 1.303	1.269	0.033 ms
Numeric time: 1.008	1.008	0.001 ms
Symbolic time: 1.297	1.265	0.033 ms
Numeric time: 1.028	1.028	0 ms
Symbolic time: 1.306	1.306	0 ms
Numeric time: 1.009	1.01	0 ms
Symbolic time: 1.305	1.305	0 ms
Numeric time: 1	1.002	0 ms
Symbolic time: 1.3	1.3	0 ms
Numeric time: 1.057	1.057	0 ms
Symbolic time: 1.306	1.306	0 ms
Numeric time: 1.006	0.005	1.001 ms
Symbolic time: 1.299	0.52	0.778 ms
Numeric time: 1.004	1.004	0.001 ms
Symbolic time: 1.304	1.271	0.034 ms
Numeric time: 1.012	1.011	0.002 ms
Symbolic time: 1.308	1.308	0 ms
Numeric time: 1.009	1.009	0 ms
Symbolic time: 1.306	1.306	0 ms
Numeric time: 1.027	1.028	0 ms
Symbolic time: 1.309	1.309	0 ms
Numeric time: 1.018	1.018	0 ms
Symbolic time: 1.304	0.308	0.996 ms
Numeric time: 1.024	1.022	0.002 ms
Symbolic time: 1.306	1.306	0 ms
Numeric time: 1.009	1.01	0 ms
Symbolic time: 1.306	0.31	0.996 ms
Numeric time: 1.005	1.005	0 ms
Symbolic time: 1.301	1.302	0 ms
Numeric time: 1.001	1.002	0 ms
Symbolic time: 1.298	1.298	0 ms
Numeric time: 1.007	1.007	0 ms
Symbolic time: 1.312	1.311	0 ms
Numeric time: 1.014	1.014	0 ms
Symbolic time: 1.304	1.305	0 ms
Numeric time: 1.019	1.02	0 ms
Symbolic time: 1.305	1.306	0 ms
Numeric time: 1.022	1.023	0 ms
Symbolic time: 1.326	1.325	0 ms
Numeric time: 1.029	1.03	0 ms
Symbolic time: 1.302	1.302	0 ms
Numeric time: 1.019	1.02	0 ms
Symbolic time: 1.303	1.303	0 ms
Numeric time: 1.035	1.034	0.001 ms
Symbolic time: 1.302	1.302	0 ms
Numeric time: 1.012	1.013	0 ms
Symbolic time: 1.305	1.304	0 ms
Numeric time: 1.023	1.022	0 ms
Symbolic time: 1.31	1.31	0 ms
Numeric time: 1.022	1.023	0 ms
Symbolic time: 1.308	1.308	0 ms
Numeric time: 1.009	1.01	0.001 ms
Symbolic time: 1.306	1.306	0 ms
Numeric time: 1.008	1.009	0 ms
Symbolic time: 1.303	1.304	0 ms
Numeric time: 1.007	1.007	0 ms
Symbolic time: 1.297	1.297	0 ms
Numeric time: 1.01	1.01	0 ms
Symbolic time: 1.303	1.304	0 ms
Numeric time: 1.01	1.01	0 ms
Symbolic time: 1.308	1.308	0 ms
Numeric time: 1.012	1.013	0 ms
Symbolic time: 1.309	1.309	0 ms
Numeric time: 1.018	1.019	0 ms
Symbolic time: 1.302	1.302	0 ms
Numeric time: 1.013	1.013	0 ms
Symbolic time: 1.307	1.307	0 ms
Numeric time: 1.009	1.01	0 ms
Symbolic time: 1.3	0.529	0.771 ms
Numeric time: 1.005	1.005	0 ms
Symbolic time: 1.312	1.278	0.034 ms
Numeric time: 1.008	1.007	0.001 ms
Symbolic time: 1.321	0.539	0.784 ms
Numeric time: 1.015	1.013	0.002 ms
Symbolic time: 1.301	1.268	0.032 ms
Numeric time: 1.015	1.014	0.002 ms
Symbolic time: 1.307	0.524	0.782 ms
Numeric time: 1.008	1.008	0.001 ms
Symbolic time: 1.309	1.276	0.033 ms
Numeric time: 1.008	1.007	0.001 ms
Symbolic time: 1.304	0.524	0.779 ms
Numeric time: 1.007	1.007	0.001 ms
Symbolic time: 1.302	1.27	0.032 ms
Numeric time: 1.006	1.005	0 ms
Symbolic time: 1.316	1.316	0 ms
Numeric time: 1.03	1.031	0 ms
Symbolic time: 1.304	1.304	0 ms
Numeric time: 1.007	1.007	0 ms
Symbolic time: 1.306	1.306	0 ms
Numeric time: 1.691	1.684	0 ms
Symbolic time: 3.954	3.657	0.297 ms
Numeric time: 3.25	3.224	0.027 ms
Symbolic time: 2.898	2.897	0 ms
Numeric time: 2.159	2.159	0 ms
Symbolic time: 2.491	2.491	0 ms
Numeric time: 2.021	1.071	0.951 ms
Symbolic time: 2.109	1.097	1.012 ms
Numeric time: 1.341	0.412	0.928 ms
Symbolic time: 1.629	0.669	0.96 ms
Numeric time: 1.316	0.282	1.034 ms
Symbolic time: 1.627	1.627	0 ms
Numeric time: 1.352	1.352	0 ms
Symbolic time: 1.622	0.881	0.741 ms
Numeric time: 1.079	1.071	0.009 ms
Symbolic time: 1.329	0.402	0.926 ms
Numeric time: 1.111	0.1	1.012 ms
Symbolic time: 1.321	1.285	0.036 ms
Numeric time: 1.171	0.263	0.908 ms
Symbolic time: 1.32	1.284	0.036 ms
Numeric time: 1.113	0.101	1.012 ms
Symbolic time: 1.33	1.33	0 ms
Numeric time: 1.098	1.098	0 ms
Symbolic time: 1.312	1.312	0 ms
Numeric time: 1.108	0.211	0.898 ms
Symbolic time: 1.322	1.286	0.036 ms
Numeric time: 1.135	1.12	0.015 ms
Symbolic time: 1.324	1.324	0 ms
Numeric time: 1.099	1.099	0 ms
Symbolic time: 1.319	1.318	0 ms
Numeric time: 1.088	1.089	0 ms
Symbolic time: 1.31	1.31	0 ms
Numeric time: 1.08	1.081	0 ms
Symbolic time: 1.315	1.314	0 ms
Numeric time: 1.085	0.165	0.922 ms
Symbolic time: 1.31	1.275	0.035 ms
Numeric time: 1.079	1.07	0.009 ms
Symbolic time: 1.314	0.575	0.739 ms
Numeric time: 1.075	1.067	0.009 ms
Symbolic time: 1.312	1.278	0.035 ms
Numeric time: 1.089	0.191	0.897 ms
Symbolic time: 1.313	1.277	0.035 ms
Numeric time: 1.079	0.071	1.009 ms
Symbolic time: 1.32	1.319	0 ms
Numeric time: 1.076	1.076	0 ms
Symbolic time: 1.314	1.313	0 ms
Numeric time: 1.07	1.069	0.001 ms
Symbolic time: 1.317	1.317	0 ms
Numeric time: 1.082	1.082	0 ms
Symbolic time: 1.318	1.318	0 ms
Numeric time: 1.099	1.099	0 ms
Symbolic time: 1.31	1.309	0 ms
Numeric time: 1.089	1.089	0 ms
Symbolic time: 1.328	1.328	0 ms
Numeric time: 1.071	1.071	0 ms
Symbolic time: 1.315	1.314	0 ms
Numeric time: 1.085	0	1.085 ms
Symbolic time: 1.311	0.647	0.663 ms
Numeric time: 1.084	1.075	0.009 ms
Symbolic time: 1.32	0.396	0.923 ms
Numeric time: 1.085	1.076	0.01 ms
Symbolic time: 1.31	1.275	0.035 ms
Numeric time: 1.078	1.07	0.009 ms
Symbolic time: 1.316	1.315	0 ms
Numeric time: 1.073	1.074	0 ms
Symbolic time: 1.309	1.296	0.013 ms
Numeric time: 1.082	0.211	0.871 ms
Symbolic time: 1.317	1.281	0.036 ms
Numeric time: 1.08	1.071	0.009 ms
Symbolic time: 1.313	0.391	0.923 ms
Numeric time: 1.076	1.067	0.009 ms
Symbolic time: 1.322	1.286	0.037 ms
Numeric time: 1.076	1.068	0.008 ms
Symbolic time: 1.309	1.308	0 ms
Numeric time: 1.069	1.069	0 ms
Symbolic time: 1.315	1.315	0 ms
Numeric time: 1.082	1.082	0 ms
Symbolic time: 1.31	1.31	0 ms
Numeric time: 1.072	0.093	0.98 ms
Symbolic time: 1.316	1.316	0 ms
Numeric time: 1.077	1.077	0 ms
Symbolic time: 1.317	1.318	0 ms
Numeric time: 1.072	1.071	0.002 ms
Symbolic time: 1.307	1.307	0 ms
Numeric time: 1.084	1.085	0 ms
Symbolic time: 1.325	1.325	0 ms
Numeric time: 1.081	1.081	0 ms
Symbolic time: 1.325	1.325	0 ms
Numeric time: 1.167	1.167	0 ms
Symbolic time: 1.316	1.316	0 ms
Numeric time: 1.102	1.102	0 ms
Symbolic time: 1.321	1.321	0 ms
Numeric time: 1.088	1.088	0 ms
Symbolic time: 1.314	1.314	0 ms
Numeric time: 1.087	1.087	0 ms
Symbolic time: 1.308	0.597	0.711 ms
Numeric time: 1.076	1.068	0.009 ms
Symbolic time: 1.316	1.28	0.035 ms
Numeric time: 1.123	1.124	0 ms
Symbolic time: 1.318	1.318	0 ms
Numeric time: 1.092	1.093	0 ms
Symbolic time: 1.314	1.315	0 ms
Numeric time: 1.076	1.076	0 ms
Symbolic time: 1.311	1.311	0 ms
Numeric time: 1.083	1.084	0 ms
Symbolic time: 1.311	1.311	0 ms
Numeric time: 1.082	1.083	0 ms
Symbolic time: 1.323	1.323	0 ms
Numeric time: 1.113	1.114	0 ms
Symbolic time: 1.318	1.318	0 ms
Numeric time: 1.123	1.124	0 ms
Symbolic time: 1.312	1.312	0 ms
Numeric time: 1.087	0.137	0.95 ms
Symbolic time: 1.336	1.336	0 ms
Numeric time: 1.084	0.148	0.937 ms
Symbolic time: 1.311	1.276	0.035 ms
Numeric time: 1.08	0.072	1.009 ms
Symbolic time: 1.319	1.306	0.014 ms
Numeric time: 1.084	1.084	0 ms
Symbolic time: 1.316	1.313	0.003 ms
Numeric time: 1.085	1.086	0 ms
Symbolic time: 1.313	1.313	0 ms
Numeric time: 1.077	0.111	0.966 ms
Symbolic time: 1.316	1.316	0 ms
Numeric time: 1.092	1.092	0 ms
Symbolic time: 1.319	1.318	0 ms
Numeric time: 1.102	1.096	0.007 ms
Symbolic time: 1.322	1.322	0 ms
Numeric time: 1.143	1.143	0 ms
Symbolic time: 1.322	1.322	0 ms
Numeric time: 1.112	1.113	0 ms
Symbolic time: 1.32	1.32	0 ms
Numeric time: 1.085	1.085	0 ms
Symbolic time: 1.313	1.312	0 ms
Numeric time: 1.085	1.085	0 ms
Symbolic time: 1.316	1.316	0 ms
Numeric time: 1.088	1.089	0 ms
Symbolic time: 1.309	1.309	0 ms
Numeric time: 1.076	1.076	0 ms
Symbolic time: 1.326	1.327	0 ms
Numeric time: 1.083	1.083	0 ms
Symbolic time: 1.318	1.318	0 ms
Numeric time: 1.094	1.094	0 ms
Symbolic time: 1.311	1.311	0 ms
Numeric time: 1.079	1.079	0 ms
Symbolic time: 1.325	1.326	0 ms
Numeric time: 1.077	1.077	0 ms
Symbolic time: 1.322	1.322	0 ms
Numeric time: 1.078	1.079	0 ms
Symbolic time: 1.314	1.314	0 ms
Numeric time: 1.079	1.08	0 ms
Symbolic time: 1.32	1.319	0 ms
Numeric time: 1.088	1.088	0 ms
Symbolic time: 1.312	1.312	0 ms
Numeric time: 1.091	1.091	0 ms
Symbolic time: 1.319	1.319	0 ms
Numeric time: 1.077	1.078	0 ms
Symbolic time: 1.317	1.316	0 ms
Numeric time: 1.08	1.079	0.001 ms
Symbolic time: 1.317	0.574	0.742 ms
Numeric time: 1.082	1.074	0.009 ms
Symbolic time: 1.315	1.316	0 ms
Numeric time: 1.092	1.092	0 ms
Symbolic time: 1.319	1.319	0 ms
Numeric time: 1.078	1.075	0.005 ms
Symbolic time: 1.313	1.313	0 ms
Numeric time: 1.079	1.079	0 ms
Symbolic time: 1.319	1.319	0 ms
Numeric time: 1.08	1.08	0 ms
Symbolic time: 1.315	1.315	0 ms
Numeric time: 1.082	1.082	0 ms
Symbolic time: 1.317	0.393	0.926 ms
Numeric time: 1.078	0.07	1.009 ms
Symbolic time: 1.316	1.281	0.035 ms
Numeric time: 1.072	1.064	0.008 ms
Symbolic time: 1.323	1.323	0 ms
Numeric time: 1.078	1.078	0 ms
Symbolic time: 1.329	1.329	0 ms
Numeric time: 1.083	0.165	0.918 ms
Symbolic time: 1.314	1.28	0.035 ms
Numeric time: 1.159	0.142	1.018 ms
Symbolic time: 1.324	1.324	0 ms
Numeric time: 1.097	1.098	0 ms
Symbolic time: 1.315	1.314	0 ms
Numeric time: 1.077	1.077	0 ms
Symbolic time: 1.31	1.309	0 ms
Numeric time: 1.151	1.152	0 ms
Symbolic time: 1.326	0.598	0.727 ms
Numeric time: 1.087	1.077	0.01 ms
Symbolic time: 1.311	1.276	0.034 ms
Numeric time: 1.075	0.196	0.88 ms
Symbolic time: 1.31	1.275	0.034 ms
Numeric time: 1.074	1.066	0.008 ms
Symbolic time: 1.318	1.318	0 ms
Numeric time: 1.073	1.073	0 ms
Symbolic time: 1.311	1.311	0 ms
Numeric time: 1.075	1.075	0.001 ms
Symbolic time: 1.313	1.312	0 ms
Numeric time: 1.078	1.079	0 ms
Symbolic time: 1.317	1.317	0 ms
Numeric time: 1.081	0.167	0.915 ms
Symbolic time: 1.322	1.287	0.036 ms
Numeric time: 1.068	1.061	0.007 ms
Symbolic time: 1.314	1.313	0 ms
Numeric time: 1.074	1.073	0 ms
Symbolic time: 1.323	1.322	0 ms
Numeric time: 1.072	1.072	0.001 ms
Symbolic time: 1.314	1.313	0 ms
Numeric time: 1.065	1.065	0 ms
Symbolic time: 1.318	1.319	0 ms
Numeric time: 1.081	1.081	0 ms
Symbolic time: 1.321	1.322	0 ms
Numeric time: 1.082	1.083	0 ms
Symbolic time: 1.328	1.329	0 ms
Numeric time: 1.073	1.072	0 ms
Symbolic time: 1.317	1.317	0 ms
Numeric time: 1.071	1.068	0.002 ms
Symbolic time: 1.322	1.322	0 ms
Numeric time: 1.072	1.072	0 ms
Symbolic time: 1.315	1.315	0 ms
Numeric time: 1.08	1.08	0 ms
Symbolic time: 1.312	1.311	0 ms
Numeric time: 1.067	1.068	0 ms
Symbolic time: 1.314	0.59	0.725 ms
Numeric time: 1.08	1.071	0.009 ms
Symbolic time: 1.314	1.281	0.034 ms
Numeric time: 1.08	0	1.081 ms
Symbolic time: 1.31	0.635	0.676 ms
Numeric time: 1.067	1.06	0.008 ms
Symbolic time: 1.321	1.321	0 ms
Numeric time: 1.081	1.082	0 ms
Symbolic time: 1.314	1.313	0 ms
Numeric time: 1.068	1.067	0.001 ms
Symbolic time: 1.313	1.313	0 ms
Numeric time: 1.074	1.074	0 ms
Symbolic time: 1.314	1.301	0.013 ms
Numeric time: 1.077	0.179	0.899 ms
Symbolic time: 1.308	1.274	0.034 ms
Numeric time: 1.073	1.066	0.008 ms
Symbolic time: 1.324	1.323	0 ms
Numeric time: 1.081	0.145	0.936 ms
Symbolic time: 1.312	1.277	0.035 ms
Numeric time: 1.067	0.06	1.007 ms
Symbolic time: 1.312	1.313	0 ms
Numeric time: 1.071	0.114	0.957 ms
Symbolic time: 1.321	1.321	0 ms
Numeric time: 1.071	1.072	0 ms
Symbolic time: 1.313	1.312	0 ms
Numeric time: 1.072	1.071	0.001 ms
Symbolic time: 1.332	0.406	0.926 ms
Numeric time: 1.064	0.057	1.007 ms
Symbolic time: 1.324	1.288	0.036 ms
Numeric time: 1.067	1.061	0.007 ms
Symbolic time: 1.317	1.318	0 ms
Numeric time: 1.067	1.067	0 ms
Symbolic time: 1.319	1.319	0 ms
Numeric time: 1.069	1.069	0 ms
Symbolic time: 1.322	1.323	0 ms
Numeric time: 1.072	1.073	0 ms
Symbolic time: 1.315	1.314	0 ms
Numeric time: 1.063	0.131	0.933 ms
Symbolic time: 1.32	1.285	0.036 ms
Numeric time: 1.067	1.061	0.007 ms
Symbolic time: 1.317	1.317	0 ms
Numeric time: 1.072	1.073	0 ms
Symbolic time: 1.317	1.316	0 ms
Numeric time: 1.078	1.078	0 ms
Symbolic time: 1.313	1.313	0 ms
Numeric time: 1.065	1.065	0 ms
Symbolic time: 1.315	1.314	0 ms
Numeric time: 1.075	0.141	0.934 ms
Symbolic time: 1.313	1.278	0.035 ms
Numeric time: 1.08	1.072	0.009 ms
Symbolic time: 1.312	1.312	0 ms
Numeric time: 1.068	1.069	0 ms
Symbolic time: 1.318	1.317	0 ms
Numeric time: 1.066	1.066	0 ms
Symbolic time: 1.318	1.318	0 ms
Numeric time: 1.09	0.111	0.98 ms
Symbolic time: 1.309	0.565	0.744 ms
Numeric time: 2.114	2.098	0.012 ms
Symbolic time: 3.977	3.637	0.341 ms
Numeric time: 3.03	3.026	0.003 ms
Symbolic time: 3.518	3.518	0 ms
Numeric time: 1.878	1.832	0.047 ms
Symbolic time: 2.47	2.47	0 ms
Numeric time: 1.877	1.877	0 ms
Symbolic time: 2.465	2.465	0 ms
Numeric time: 1.304	1.305	0 ms
Symbolic time: 1.624	0.674	0.951 ms
Numeric time: 1.252	1.224	0.028 ms
Symbolic time: 1.633	1.633	0 ms
Numeric time: 1.251	1.253	0 ms
Symbolic time: 1.613	1.613	0 ms
Numeric time: 1.176	1.176	0 ms
Symbolic time: 1.31	1.31	0 ms
Numeric time: 1.017	1.017	0 ms
Symbolic time: 1.306	1.306	0 ms
Numeric time: 1.014	1.014	0 ms
Symbolic time: 1.308	1.308	0 ms
Numeric time: 1.011	1.012	0 ms
Symbolic time: 1.307	1.307	0 ms
Numeric time: 1.017	1.017	0 ms
Symbolic time: 1.305	0.536	0.769 ms
Numeric time: 1.012	1.011	0.001 ms
Symbolic time: 1.307	1.274	0.034 ms
Numeric time: 1.015	1.013	0.002 ms
Symbolic time: 1.316	0.538	0.778 ms
Numeric time: 1.015	1.015	0.002 ms
Symbolic time: 1.305	1.271	0.034 ms
Numeric time: 1.017	1.015	0.002 ms
Symbolic time: 1.305	0.527	0.778 ms
Numeric time: 1.018	1.016	0.002 ms
Symbolic time: 1.306	1.273	0.034 ms
Numeric time: 1.019	1.017	0.002 ms
Symbolic time: 1.308	0.537	0.771 ms
Numeric time: 1.04	1.036	0.004 ms
Symbolic time: 1.307	1.273	0.034 ms
Numeric time: 1.05	1.044	0.005 ms
Symbolic time: 1.306	1.305	0 ms
Numeric time: 1.027	1.028	0 ms
Symbolic time: 1.303	1.303	0 ms
Numeric time: 1.01	1.01	0.001 ms
Symbolic time: 1.303	1.303	0 ms
Numeric time: 1.015	1.015	0 ms
Symbolic time: 1.315	1.315	0 ms
Numeric time: 1.014	0.015	1 ms
Symbolic time: 1.315	1.316	0 ms
Numeric time: 1.028	1.029	0 ms
Symbolic time: 1.304	1.305	0 ms
Numeric time: 1.013	1.012	0.001 ms
Symbolic time: 1.313	0.536	0.778 ms
Numeric time: 1.015	1.014	0.002 ms
Symbolic time: 1.307	0.273	1.034 ms
Numeric time: 1.012	1.01	0.001 ms
Symbolic time: 1.308	1.308	0 ms
Numeric time: 1.047	1.047	0 ms
Symbolic time: 1.312	1.311	0.001 ms
Numeric time: 1.158	0.272	0.886 ms
Symbolic time: 1.348	1.31	0.039 ms
Numeric time: 1.122	1.109	0.014 ms
Symbolic time: 1.312	1.312	0 ms
Numeric time: 1.026	1.027	0 ms
Symbolic time: 1.3	0.302	0.998 ms
Numeric time: 1.02	1.019	0.002 ms
Symbolic time: 1.311	1.311	0 ms
Numeric time: 1.016	1.016	0 ms
Symbolic time: 1.319	0.321	0.999 ms
Numeric time: 1.009	1.01	0.001 ms
Symbolic time: 1.305	0.526	0.778 ms
Numeric time: 1.015	1.013	0.002 ms
Symbolic time: 1.309	1.274	0.035 ms
Numeric time: 1.006	1.006	0 ms
Symbolic time: 1.307	1.307	0 ms
Numeric time: 1.016	1.018	0 ms
Symbolic time: 1.31	1.31	0 ms
Numeric time: 1.01	0.011	1 ms
Symbolic time: 1.309	1.309	0 ms
Numeric time: 1.014	1.014	0 ms
Symbolic time: 1.303	1.303	0 ms
Numeric time: 1.011	1.012	0 ms
Symbolic time: 1.308	1.307	0 ms
Numeric time: 1.013	1.013	0 ms
Symbolic time: 1.301	1.302	0 ms
Numeric time: 1.012	1.013	0 ms
Symbolic time: 1.304	1.304	0 ms
Numeric time: 1.009	0.069	0.941 ms
Symbolic time: 1.305	1.271	0.035 ms
Numeric time: 1.066	1.059	0.008 ms
Symbolic time: 1.305	0.534	0.771 ms
Numeric time: 1.03	1.027	0.003 ms
Symbolic time: 1.306	1.272	0.035 ms
Numeric time: 1.032	0	1.033 ms
Symbolic time: 1.311	0.558	0.754 ms
Numeric time: 1.023	1.021	0.003 ms
Symbolic time: 1.326	1.325	0 ms
Numeric time: 1.024	0.096	0.929 ms
Symbolic time: 1.305	1.271	0.034 ms
Numeric time: 1.035	1.031	0.004 ms
Symbolic time: 1.316	1.317	0 ms
Numeric time: 1.02	1.021	0 ms
Symbolic time: 1.304	1.305	0 ms
Numeric time: 1.02	1.02	0 ms
Symbolic time: 1.311	1.311	0 ms
Numeric time: 1.016	1.017	0 ms
Symbolic time: 1.307	1.307	0 ms
Numeric time: 1.017	1.018	0 ms
Symbolic time: 1.308	1.308	0 ms
Numeric time: 1.017	1.017	0 ms
Symbolic time: 1.308	1.307	0 ms
Numeric time: 1.018	1.019	0 ms
Symbolic time: 1.318	1.319	0 ms
Numeric time: 1.027	1.027	0 ms
Symbolic time: 1.303	1.303	0 ms
Numeric time: 1.018	1.018	0 ms
Symbolic time: 1.316	1.316	0 ms
Numeric time: 1.027	1.027	0 ms
Symbolic time: 1.304	1.305	0 ms
Numeric time: 1.015	1.015	0 ms
Symbolic time: 1.311	1.311	0 ms
Numeric time: 1.024	1.025	0 ms
Symbolic time: 1.306	1.306	0 ms
Numeric time: 1.017	1.017	0 ms
Symbolic time: 1.309	1.309	0 ms
Numeric time: 1.017	1.017	0 ms
Symbolic time: 1.306	1.306	0 ms
Numeric time: 1.017	0.035	0.981 ms
Symbolic time: 1.316	1.316	0 ms
Numeric time: 1.024	1.024	0 ms
Symbolic time: 1.31	1.31	0 ms
Numeric time: 1.027	1.027	0 ms
Symbolic time: 1.314	1.314	0 ms
Numeric time: 1.021	1.022	0 ms
Symbolic time: 1.306	1.306	0 ms
Numeric time: 1.029	1.029	0 ms
Symbolic time: 1.318	1.318	0 ms
Numeric time: 1.021	1.021	0 ms
Symbolic time: 1.308	1.309	0 ms
Numeric time: 1.018	1.018	0 ms
Symbolic time: 1.307	1.308	0 ms
Numeric time: 1.016	0.09	0.927 ms
Symbolic time: 1.307	1.272	0.034 ms
Numeric time: 1.087	1.078	0.01 ms
Symbolic time: 1.314	1.314	0 ms
Numeric time: 1.022	1.022	0 ms
Symbolic time: 1.303	1.303	0 ms
Numeric time: 1.019	1.019	0 ms
Symbolic time: 1.314	1.315	0 ms
Numeric time: 1.017	1.017	0 ms
Symbolic time: 1.31	1.309	0 ms
Numeric time: 1.016	1.017	0 ms
Symbolic time: 1.328	1.329	0 ms
Numeric time: 1.017	1.018	0 ms
Symbolic time: 1.306	1.306	0 ms
Numeric time: 1.014	1.013	0 ms
Symbolic time: 1.318	1.318	0 ms
Numeric time: 1.018	1.018	0 ms
Symbolic time: 1.305	1.305	0 ms
Numeric time: 1.016	1.016	0 ms
Symbolic time: 1.314	1.314	0 ms
Numeric time: 1.02	1.02	0 ms
Symbolic time: 1.308	1.308	0 ms
Numeric time: 1.021	1.021	0 ms
Symbolic time: 1.326	1.326	0 ms
Numeric time: 1.023	1.023	0 ms
Symbolic time: 1.317	1.317	0 ms
Numeric time: 1.016	0.03	0.986 ms
Symbolic time: 1.311	1.31	0 ms
Numeric time: 1.012	0.086	0.928 ms
Symbolic time: 1.317	1.282	0.035 ms
Numeric time: 1.024	1.022	0.002 ms
Symbolic time: 1.311	1.311	0 ms
Numeric time: 1.011	1.012	0 ms
Symbolic time: 1.304	1.304	0 ms
Numeric time: 1.02	1.02	0 ms
Symbolic time: 1.311	0.387	0.923 ms
Numeric time: 1.015	1.013	0.002 ms
Symbolic time: 1.309	1.275	0.034 ms
Numeric time: 1.013	1.013	0.002 ms
Symbolic time: 1.309	0.385	0.924 ms
Numeric time: 1.023	1.021	0.002 ms
Symbolic time: 1.309	1.275	0.034 ms
Numeric time: 1.033	1.029	0.004 ms
Symbolic time: 1.317	0.393	0.925 ms
Numeric time: 1.018	1.017	0.002 ms
Symbolic time: 1.302	1.268	0.034 ms
Numeric time: 1.02	1.019	0.003 ms
Symbolic time: 1.31	0.387	0.924 ms
Numeric time: 1.211	0.907	0.113 ms
Symbolic time: 1.307	1.273	0.034 ms
Numeric time: 1.017	0.015	1.003 ms
Symbolic time: 1.306	1.306	0 ms
Numeric time: 1.025	1.025	0 ms
Symbolic time: 1.306	1.307	0 ms
Numeric time: 1.029	1.029	0 ms
Symbolic time: 1.309	1.309	0 ms
Numeric time: 1.021	1.022	0 ms
Symbolic time: 1.301	1.301	0 ms
Numeric time: 1.083	0.185	0.899 ms
Symbolic time: 1.304	1.271	0.033 ms
Numeric time: 1.021	1.02	0.002 ms
Symbolic time: 1.311	1.311	0 ms
Numeric time: 1.019	1.019	0 ms
Symbolic time: 1.308	1.308	0 ms
Numeric time: 1.016	1.016	0 ms
Symbolic time: 1.311	1.311	0 ms
Numeric time: 1.033	1.033	0 ms
Symbolic time: 1.304	1.304	0 ms
Numeric time: 1.02	1.02	0 ms
Symbolic time: 1.473	1.316	0 ms
Numeric time: 1.023	1.023	0 ms
Symbolic time: 1.349	1.33	0 ms
Numeric time: 1.143	1.143	0.001 ms
Symbolic time: 1.322	1.321	0 ms
Numeric time: 1.041	1.042	0 ms
Symbolic time: 1.309	1.31	0 ms
Numeric time: 1.023	0.123	0.9 ms
Symbolic time: 1.31	1.275	0.035 ms
Numeric time: 1.025	1.023	0.003 ms
Symbolic time: 1.31	1.31	0 ms
Numeric time: 1.023	1.023	0 ms
Symbolic time: 1.319	1.319	0 ms
Numeric time: 1.066	1.066	0 ms
Symbolic time: 1.342	1.342	0 ms
Numeric time: 1.038	1.038	0 ms
Symbolic time: 1.314	1.314	0 ms
Numeric time: 1.047	1.047	0 ms
Symbolic time: 1.322	0.397	0.926 ms
Numeric time: 1.034	1.031	0.003 ms
Symbolic time: 1.317	1.282	0.035 ms
Numeric time: 1.032	1.028	0.003 ms
Symbolic time: 1.327	1.327	0 ms
Numeric time: 1.034	1.034	0 ms
Symbolic time: 1.317	1.317	0 ms
Numeric time: 1.051	1.044	0 ms
Symbolic time: 1.339	1.339	0 ms
Numeric time: 1.04	0.096	0.944 ms
Symbolic time: 1.313	1.279	0.034 ms
Numeric time: 1.037	1.037	0 ms
Symbolic time: 1.327	1.327	0 ms
Numeric time: 1.026	1.026	0 ms
Symbolic time: 1.326	1.325	0 ms
Numeric time: 1.042	1.042	0 ms
Symbolic time: 1.317	1.317	0 ms
Numeric time: 1.031	1.032	0 ms
Symbolic time: 1.333	1.333	0 ms
Numeric time: 1.038	1.037	0 ms
Symbolic time: 1.317	1.316	0 ms
Numeric time: 1.036	1.036	0 ms
Symbolic time: 1.329	1.329	0 ms
Numeric time: 1.03	0.112	0.917 ms
Symbolic time: 1.315	1.28	0.035 ms
Numeric time: 1.041	0.037	1.005 ms
Symbolic time: 1.326	0.401	0.926 ms
Numeric time: 1.04	1.036	0.004 ms
Symbolic time: 1.318	1.282	0.035 ms
Numeric time: 1.038	1.034	0.004 ms
Symbolic time: 1.322	0.548	0.775 ms
Numeric time: 1.029	1.027	0.003 ms
Symbolic time: 1.321	1.285	0.036 ms
Numeric time: 1.026	1.023	0.003 ms
Symbolic time: 1.322	1.322	0 ms
Numeric time: 1.035	1.035	0 ms
Symbolic time: 1.327	1.323	0.004 ms
Numeric time: 1.038	1.034	0.004 ms
Symbolic time: 1.322	1.322	0 ms
Numeric time: 1.027	1.027	0 ms
Symbolic time: 1.335	1.336	0 ms
Numeric time: 1.034	1.035	0 ms
Symbolic time: 1.314	1.314	0 ms
Numeric time: 1.031	1.032	0 ms
Symbolic time: 1.324	1.324	0 ms
Numeric time: 1.032	1.032	0 ms
Symbolic time: 1.327	1.327	0 ms
Numeric time: 1.025	1.026	0 ms
Symbolic time: 1.321	1.322	0 ms
Numeric time: 1.034	1.034	0 ms
Symbolic time: 1.316	1.316	0 ms
Numeric time: 1.025	1.025	0 ms
Symbolic time: 1.326	1.326	0 ms
Numeric time: 1.026	1.028	0 ms
Symbolic time: 1.316	1.316	0 ms
Numeric time: 1.027	1.027	0 ms
Symbolic time: 1.329	1.329	0 ms
Numeric time: 1.031	1.033	0 ms
Symbolic time: 1.328	1.328	0 ms
Numeric time: 1.034	1.035	0 ms
Symbolic time: 1.328	1.328	0 ms
Numeric time: 1.026	1.027	0 ms
Symbolic time: 1.323	1.323	0 ms
Numeric time: 1.026	1.026	0 ms
Symbolic time: 1.309	0.55	0.759 ms
Numeric time: 1.041	1.037	0.004 ms
Symbolic time: 1.325	1.291	0.035 ms
Numeric time: 1.024	1.022	0.002 ms
Symbolic time: 1.319	1.319	0 ms
Numeric time: 1.035	1.036	0 ms
Symbolic time: 1.314	0.312	1.002 ms
Numeric time: 1.024	1.022	0.003 ms
Symbolic time: 1.316	1.316	0 ms
Numeric time: 1.027	1.027	0 ms
Symbolic time: 1.319	1.318	0.001 ms
Numeric time: 1.027	1.027	0 ms
Symbolic time: 1.317	1.316	0 ms
Numeric time: 1.026	1.026	0 ms
Symbolic time: 1.338	1.339	0 ms
Numeric time: 1.029	1.029	0 ms
Symbolic time: 1.312	1.313	0 ms
Numeric time: 1.028	1.028	0 ms
Symbolic time: 1.323	1.323	0 ms
Numeric time: 1.034	1.034	0 ms
Symbolic time: 1.338	1.338	0 ms
Numeric time: 1.033	1.033	0 ms
Symbolic time: 1.326	1.325	0 ms
Numeric time: 1.033	1.034	0 ms
Symbolic time: 1.315	1.315	0 ms
Numeric time: 1.032	1.032	0 ms
Symbolic time: 1.334	0.415	0.918 ms
Numeric time: 1.037	1.034	0.004 ms
Symbolic time: 1.314	1.28	0.033 ms
Numeric time: 1.024	1.022	0.003 ms
Symbolic time: 1.332	1.333	0 ms
Numeric time: 1.025	1.025	0 ms
Symbolic time: 1.318	1.318	0 ms
Numeric time: 1.029	1.029	0 ms
Symbolic time: 1.313	0.549	0.764 ms
Numeric time: 1.036	1.032	0.004 ms
Symbolic time: 1.324	1.288	0.035 ms
Numeric time: 1.033	1.03	0.003 ms
Symbolic time: 1.32	1.319	0 ms
Numeric time: 1.04	1.041	0 ms
Symbolic time: 1.315	0.311	1.004 ms
Numeric time: 1.031	0.135	0.895 ms
Symbolic time: 1.316	1.281	0.035 ms
Numeric time: 1.03	1.027	0.003 ms
Symbolic time: 1.32	1.321	0 ms
Numeric time: 1.037	0.105	0.932 ms
Symbolic time: 1.315	1.281	0.034 ms
Numeric time: 1.028	1.025	0.003 ms
Symbolic time: 1.339	1.339	0 ms
Numeric time: 1.031	1.032	0 ms
Symbolic time: 1.319	1.32	0 ms
Numeric time: 1.029	1.029	0 ms
Symbolic time: 1.344	1.345	0 ms
Numeric time: 1.024	1.025	0 ms
Symbolic time: 1.315	1.316	0 ms
Numeric time: 1.04	1.041	0 ms
Symbolic time: 1.333	1.333	0 ms
Numeric time: 1.029	1.029	0 ms
Symbolic time: 1.323	1.323	0 ms
Numeric time: 1.035	1.035	0 ms
Symbolic time: 1.327	1.327	0 ms
Numeric time: 1.033	1.033	0 ms
Symbolic time: 1.315	1.315	0 ms
Numeric time: 1.03	1.03	0 ms
Symbolic time: 1.323	0.559	0.764 ms
Numeric time: 1.03	1.026	0.003 ms
Symbolic time: 1.313	1.28	0.034 ms
Numeric time: 1.025	1.023	0.003 ms
Symbolic time: 1.315	1.315	0 ms
Numeric time: 1.029	1.029	0 ms
Symbolic time: 1.321	1.32	0.001 ms
Numeric time: 1.036	1.033	0.004 ms
Symbolic time: 1.328	1.327	0 ms
Numeric time: 1.029	1.03	0 ms
Symbolic time: 1.312	1.31	0.002 ms
Numeric time: 1.03	0.153	0.877 ms
Symbolic time: 1.317	1.283	0.034 ms
Numeric time: 1.031	1.027	0.003 ms
Symbolic time: 1.328	1.328	0 ms
Numeric time: 1.028	1.029	0 ms
Symbolic time: 1.317	1.317	0 ms
Numeric time: 1.033	0.044	0.989 ms
Symbolic time: 1.326	1.326	0 ms
Numeric time: 1.03	0.098	0.932 ms
Symbolic time: 1.313	1.279	0.034 ms
Numeric time: 1.035	1.032	0.004 ms
Symbolic time: 1.324	1.324	0 ms
Numeric time: 1.027	0.095	0.932 ms
Symbolic time: 1.31	1.276	0.034 ms
Numeric time: 1.033	1.029	0.004 ms
Symbolic time: 1.353	1.354	0 ms
Numeric time: 1.025	0.091	0.935 ms
Symbolic time: 1.312	1.277	0.034 ms
Numeric time: 1.027	1.025	0.003 ms
Symbolic time: 1.326	1.326	0 ms
Numeric time: 1.031	1.032	0 ms
Symbolic time: 1.316	1.316	0 ms
Numeric time: 1.025	0.038	0.988 ms
Symbolic time: 1.316	0.536	0.778 ms
Numeric time: 1.037	1.033	0.004 ms
Symbolic time: 1.317	1.281	0.034 ms
Numeric time: 1.028	1.026	0.003 ms
Symbolic time: 1.326	1.326	0 ms
Numeric time: 1.028	1.028	0 ms
Symbolic time: 1.326	1.323	0.003 ms
Numeric time: 1.03	1.027	0.003 ms
Symbolic time: 1.331	1.331	0 ms
Numeric time: 1.046	1.046	0 ms
Symbolic time: 1.335	1.335	0 ms
Numeric time: 1.036	1.036	0 ms
Symbolic time: 1.312	1.312	0 ms
Numeric time: 1.026	1.026	0 ms
Symbolic time: 1.333	1.332	0 ms
Numeric time: 1.024	1.025	0 ms
Symbolic time: 1.322	1.322	0 ms
Numeric time: 1.04	0.073	0.967 ms
Symbolic time: 1.331	1.331	0 ms
Numeric time: 1.021	0.09	0.931 ms
Symbolic time: 1.32	1.285	0.034 ms
Numeric time: 1.029	0.026	1.004 ms
Symbolic time: 1.337	1.338	0 ms
Numeric time: 1.032	1.033	0 ms
Symbolic time: 1.319	1.319	0 ms
Numeric time: 1.036	1.037	0 ms
Symbolic time: 1.324	1.324	0 ms
Numeric time: 1.043	0.11	0.933 ms
Symbolic time: 1.316	1.282	0.034 ms
Numeric time: 1.027	1.025	0.003 ms
Symbolic time: 1.32	0.547	0.772 ms
Numeric time: 1.024	0.022	1.003 ms
Symbolic time: 1.309	1.275	0.034 ms
Numeric time: 1.033	1.03	0.003 ms
Symbolic time: 1.315	1.315	0 ms
Numeric time: 1.027	1.027	0 ms
Symbolic time: 1.326	1.324	0.001 ms
Numeric time: 1.025	1.023	0.003 ms
Symbolic time: 1.312	1.311	0 ms
Numeric time: 1.03	1.03	0 ms
Symbolic time: 1.317	1.317	0 ms
Numeric time: 1.022	1.02	0.003 ms
Symbolic time: 1.317	1.318	0 ms
Numeric time: 1.028	0.08	0.949 ms
Symbolic time: 1.337	1.337	0 ms
Numeric time: 1.03	0.097	0.932 ms
Symbolic time: 1.32	1.285	0.035 ms
Numeric time: 1.023	1.021	0.003 ms
Symbolic time: 1.335	1.335	0 ms
Numeric time: 1.029	1.03	0 ms
Symbolic time: 1.32	1.32	0 ms
Numeric time: 1.025	1.026	0 ms
Symbolic time: 1.33	1.33	0 ms
Numeric time: 1.039	1.038	0 ms
Symbolic time: 1.317	1.318	0 ms
Numeric time: 1.029	1.03	0 ms
Symbolic time: 1.335	1.335	0 ms
Numeric time: 1.032	1.033	0 ms
Symbolic time: 1.318	1.318	0 ms
Numeric time: 1.035	1.035	0 ms
Symbolic time: 1.324	0.397	0.926 ms
Numeric time: 1.035	1.032	0.004 ms
Symbolic time: 1.312	1.278	0.035 ms
Numeric time: 1.027	1.024	0.003 ms
Symbolic time: 3.369	3.36	0 ms
Numeric time: 3.292	1.323	1.971 ms
Symbolic time: 4.037	4.038	0 ms
Numeric time: 2.788	2.788	0 ms
Symbolic time: 2.513	2.489	0.024 ms
Numeric time: 1.978	0.981	0.998 ms
Symbolic time: 2.508	2.508	0 ms
Numeric time: 1.787	1.787	0 ms
Symbolic time: 1.647	1.647	0 ms
Numeric time: 1.281	1.282	0 ms
Symbolic time: 1.647	1.648	0 ms
Numeric time: 1.292	1.293	0 ms
Symbolic time: 1.66	0.88	0.779 ms
Numeric time: 1.291	0.369	0.923 ms
Symbolic time: 1.333	1.297	0.037 ms
Numeric time: 1.052	0.046	1.007 ms
Symbolic time: 1.336	1.336	0 ms
Numeric time: 1.047	1.048	0 ms
Symbolic time: 1.331	1.33	0 ms
Numeric time: 1.064	1.064	0 ms
Symbolic time: 1.325	1.325	0 ms
Numeric time: 1.094	1.095	0 ms
Symbolic time: 1.326	1.325	0 ms
Numeric time: 1.086	1.083	0.004 ms
Symbolic time: 1.326	1.326	0 ms
Numeric time: 1.153	1.154	0 ms
Symbolic time: 1.339	0.425	0.913 ms
Numeric time: 1.141	1.125	0.015 ms
Symbolic time: 1.322	1.287	0.035 ms
Numeric time: 1.082	0.073	1.009 ms
Symbolic time: 1.316	1.316	0 ms
Numeric time: 1.046	1.047	0 ms
Symbolic time: 1.323	1.318	0.006 ms
Numeric time: 1.139	1.14	0 ms
Symbolic time: 1.341	1.341	0 ms
Numeric time: 1.134	1.134	0 ms
Symbolic time: 1.329	1.329	0 ms
Numeric time: 1.093	1.094	0 ms
Symbolic time: 1.334	1.334	0 ms
Numeric time: 1.054	1.054	0 ms
Symbolic time: 1.324	1.324	0 ms
Numeric time: 1.043	1.043	0 ms
Symbolic time: 1.327	1.327	0 ms
Numeric time: 1.04	1.04	0 ms
Symbolic time: 1.33	1.33	0 ms
Numeric time: 1.039	1.04	0 ms
Symbolic time: 1.336	1.336	0 ms
Numeric time: 1.047	1.048	0 ms
Symbolic time: 1.324	1.324	0 ms
Numeric time: 1.139	1.139	0 ms
Symbolic time: 1.326	0.586	0.74 ms
Numeric time: 1.059	1.053	0.006 ms
Symbolic time: 1.32	1.286	0.035 ms
Numeric time: 1.048	1.044	0.006 ms
Symbolic time: 1.328	1.328	0 ms
Numeric time: 1.045	1.045	0 ms
Symbolic time: 1.337	1.337	0 ms
Numeric time: 1.049	1.049	0 ms
Symbolic time: 1.333	1.333	0 ms
Numeric time: 1.031	1.032	0 ms
Symbolic time: 1.333	1.333	0 ms
Numeric time: 1.042	0.126	0.916 ms
Symbolic time: 1.321	1.286	0.035 ms
Numeric time: 1.04	1.036	0.004 ms
Symbolic time: 1.333	1.333	0 ms
Numeric time: 1.049	1.05	0 ms
Symbolic time: 1.326	1.326	0 ms
Numeric time: 1.042	1.042	0 ms
Symbolic time: 1.318	0.549	0.769 ms
Numeric time: 1.074	1.066	0.008 ms
Symbolic time: 1.324	1.289	0.036 ms
Numeric time: 1.052	1.047	0.005 ms
Symbolic time: 1.318	1.319	0 ms
Numeric time: 1.043	0.092	0.951 ms
Symbolic time: 1.341	1.341	0 ms
Numeric time: 1.166	1.166	0 ms
Symbolic time: 1.334	1.329	0.005 ms
Numeric time: 1.113	1.101	0.012 ms
Symbolic time: 1.334	0.562	0.772 ms
Numeric time: 1.066	0.059	1.007 ms

Symbolic time: 1.33725 ms
Numeric time: 1.04907 ms
