Symbolic time: 2.261	2.235	0.024 ms
Numeric time: 1.293	1.27	0.025 ms
Symbolic time: 1.78	1.78	0 ms
Numeric time: 0.937	0.936	0 ms
Symbolic time: 1.828	1.828	0 ms
Numeric time: 0.94	0.94	0 ms
Symbolic time: 1.729	1.728	0 ms
Numeric time: 0.927	0.927	0 ms
Symbolic time: 1.738	1.738	0 ms
Numeric time: 1.152	1.152	0 ms
Symbolic time: 1.772	1.772	0 ms
Numeric time: 0.922	0.923	0 ms
Symbolic time: 1.723	1.723	0 ms
Numeric time: 0.919	0.92	0 ms
Symbolic time: 1.722	1.721	0 ms
Numeric time: 0.924	0.924	0 ms
Symbolic time: 1.725	1.726	0 ms
Numeric time: 0.92	0.92	0 ms
Symbolic time: 1.774	1.774	0 ms
Numeric time: 0.95	0.951	0 ms
Symbolic time: 1.725	1.725	0 ms
Numeric time: 0.931	0.924	0 ms
Symbolic time: 1.723	1.724	0 ms
Numeric time: 0.925	0.925	0 ms
Symbolic time: 1.74	1.74	0 ms
Numeric time: 0.92	0.921	0 ms
Symbolic time: 1.724	1.725	0 ms
Numeric time: 0.919	0.919	0 ms
Symbolic time: 1.721	1.72	0 ms
Numeric time: 0.917	0.916	0 ms
Symbolic time: 1.726	0.906	0.82 ms
Numeric time: 0.945	0.945	0 ms
Symbolic time: 1.729	1.73	0 ms
Numeric time: 0.938	0.938	0 ms
Symbolic time: 1.733	1.732	0 ms
Numeric time: 0.942	0	0.941 ms
Symbolic time: 1.719	1.718	0 ms
Numeric time: 0.92	0.92	0 ms
Symbolic time: 1.778	1.778	0 ms
Numeric time: 0.921	0.921	0 ms
Symbolic time: 1.72	1.699	0.02 ms
Numeric time: 0.922	0.922	0 ms
Symbolic time: 1.729	0.89	0.839 ms
Numeric time: 0.945	0.945	0 ms
Symbolic time: 1.716	1.717	0 ms
Numeric time: 0.919	0.92	0 ms
Symbolic time: 1.723	1.723	0 ms
Numeric time: 0.916	0.916	0 ms
Symbolic time: 1.719	1.719	0 ms
Numeric time: 0.921	0.921	0 ms
Symbolic time: 1.741	1.741	0 ms
Numeric time: 0.921	0.92	0.002 ms
Symbolic time: 2.067	2.066	0 ms
Numeric time: 0.927	0.928	0 ms
Symbolic time: 1.724	1.724	0 ms
Numeric time: 0.94	0	0.941 ms
Symbolic time: 1.729	1.684	0.045 ms
Numeric time: 0.919	0.92	0 ms
Symbolic time: 1.726	1.726	0 ms
Numeric time: 0.933	0.934	0 ms
Symbolic time: 1.742	1.743	0 ms
Numeric time: 0.923	0.923	0 ms
Symbolic time: 1.725	1.724	0 ms
Numeric time: 0.922	0.922	0 ms
Symbolic time: 1.722	1.722	0 ms
Numeric time: 0.924	0.924	0 ms
Symbolic time: 1.722	1.721	0 ms
Numeric time: 0.919	0	0.92 ms
Symbolic time: 1.849	1.797	0.052 ms
Numeric time: 0.953	0.953	0 ms
Symbolic time: 1.721	1.722	0 ms
Numeric time: 0.919	0.92	0 ms
Symbolic time: 1.72	1.72	0 ms
Numeric time: 0.921	0	0.921 ms
Symbolic time: 1.727	1.727	0 ms
Numeric time: 0.933	0.934	0 ms
Symbolic time: 1.731	1.73	0 ms
Numeric time: 0.92	0.919	0 ms
Symbolic time: 1.788	1.788	0 ms
Numeric time: 0.926	0.926	0 ms
Symbolic time: 1.72	1.707	0.013 ms
Numeric time: 0.927	0.927	0 ms
Symbolic time: 1.722	0.888	0.834 ms
Numeric time: 0.922	0.922	0 ms
Symbolic time: 1.718	1.718	0 ms
Numeric time: 0.92	0	0.92 ms
Symbolic time: 1.729	1.729	0 ms
Numeric time: 0.92	0.921	0 ms
Symbolic time: 1.775	1.776	0 ms
Numeric time: 0.922	0	0.923 ms
Symbolic time: 1.729	1.729	0 ms
Numeric time: 0.925	0.876	0.05 ms
Symbolic time: 1.735	1.734	0 ms
Numeric time: 0.983	0	0.983 ms
Symbolic time: 2.073	2.073	0 ms
Numeric time: 0.946	0.023	0.922 ms
Symbolic time: 1.735	1.675	0.06 ms
Numeric time: 0.925	0.926	0 ms
Symbolic time: 1.72	0.89	0.83 ms
Numeric time: 0.92	0.921	0 ms
Symbolic time: 1.732	1.732	0 ms
Numeric time: 0.943	0.943	0 ms
Symbolic time: 1.752	1.752	0 ms
Numeric time: 0.941	0.942	0 ms
Symbolic time: 1.778	1.778	0 ms
Numeric time: 0.94	0.941	0 ms
Symbolic time: 1.728	1.728	0 ms
Numeric time: 0.923	0.924	0 ms
Symbolic time: 1.724	1.716	0.008 ms
Numeric time: 0.923	0.922	0 ms
Symbolic time: 1.72	0.891	0.829 ms
Numeric time: 0.918	0	0.917 ms
Symbolic time: 1.728	1.728	0 ms
Numeric time: 0.919	0.92	0 ms
Symbolic time: 1.73	1.73	0 ms
Numeric time: 0.923	0.923	0 ms
Symbolic time: 1.721	1.721	0 ms
Numeric time: 0.921	0.921	0 ms
Symbolic time: 1.723	1.723	0 ms
Numeric time: 0.939	0.932	0.007 ms
Symbolic time: 1.732	1.732	0 ms
Numeric time: 0.938	0	0.939 ms
Symbolic time: 1.732	0.754	0.978 ms
Numeric time: 0.922	0.921	0 ms
Symbolic time: 1.722	1.722	0 ms
Numeric time: 0.928	0.929	0 ms
Symbolic time: 1.728	1.728	0 ms
Numeric time: 0.932	0.932	0 ms
Symbolic time: 1.721	1.721	0 ms
Numeric time: 0.919	0.92	0 ms
Symbolic time: 1.722	1.707	0.015 ms
Numeric time: 0.959	0.959	0 ms
Symbolic time: 1.72	1.72	0 ms
Numeric time: 0.923	0.924	0 ms
Symbolic time: 1.724	1.724	0 ms
Numeric time: 0.921	0.922	0 ms
Symbolic time: 2.172	2.172	0 ms
Numeric time: 0.927	0.928	0 ms
Symbolic time: 1.747	1.746	0 ms
Numeric time: 0.928	0.928	0 ms
Symbolic time: 1.97	1.964	0 ms
Numeric time: 2.928	2.929	0 ms
Symbolic time: 5.18	5.181	0 ms
Numeric time: 2.438	2.437	0 ms
Symbolic time: 3.269	3.269	0 ms
Numeric time: 1.796	0.851	0.945 ms
Symbolic time: 3.261	3.241	0.021 ms
Numeric time: 1.328	1.329	0 ms
Symbolic time: 2.214	2.215	0 ms
Numeric time: 1.223	1.224	0 ms
Symbolic time: 2.219	2.219	0 ms
Numeric time: 1.213	1.213	0 ms
Symbolic time: 2.06	2.059	0 ms
Numeric time: 0.958	0.959	0 ms
Symbolic time: 1.778	1.778	0 ms
Numeric time: 0.955	0.957	0 ms
Symbolic time: 1.728	1.727	0 ms
Numeric time: 0.952	0.952	0 ms
Symbolic time: 1.73	1.731	0 ms
Numeric time: 0.96	0.961	0 ms
Symbolic time: 1.729	1.728	0 ms
Numeric time: 0.966	0.966	0 ms
Symbolic time: 1.734	1.733	0 ms
Numeric time: 0.953	0.953	0 ms
Symbolic time: 1.733	1.734	0 ms
Numeric time: 0.953	0.953	0 ms
Symbolic time: 1.719	1.719	0 ms
Numeric time: 0.952	0.953	0 ms
Symbolic time: 1.775	1.775	0 ms
Numeric time: 0.964	0	0.965 ms
Symbolic time: 1.768	0.916	0.851 ms
Numeric time: 0.946	0.946	0 ms
Symbolic time: 1.732	1.732	0 ms
Numeric time: 0.948	0	0.949 ms
Symbolic time: 1.736	1.736	0 ms
Numeric time: 0.951	0.951	0 ms
Symbolic time: 1.778	1.778	0 ms
Numeric time: 0.948	0.949	0 ms
Symbolic time: 1.731	1.732	0 ms
Numeric time: 0.967	0.968	0 ms
Symbolic time: 1.73	1.73	0 ms
Numeric time: 0.967	0.968	0 ms
Symbolic time: 1.731	1.731	0 ms
Numeric time: 0.941	0.927	0.014 ms
Symbolic time: 1.726	0.903	0.823 ms
Numeric time: 0.939	0	0.939 ms
Symbolic time: 1.773	0.894	0.88 ms
Numeric time: 0.949	0.95	0 ms
Symbolic time: 1.729	1.729	0 ms
Numeric time: 0.954	0.954	0 ms
Symbolic time: 1.727	1.727	0 ms
Numeric time: 0.947	0.948	0 ms
Symbolic time: 1.729	1.73	0 ms
Numeric time: 0.962	0.009	0.953 ms
Symbolic time: 1.735	1.734	0 ms
Numeric time: 0.954	0.955	0 ms
Symbolic time: 1.777	1.777	0 ms
Numeric time: 0.95	0.951	0 ms
Symbolic time: 1.727	1.727	0 ms
Numeric time: 0.962	0.963	0 ms
Symbolic time: 1.725	1.692	0.033 ms
Numeric time: 0.949	0	0.949 ms
Symbolic time: 1.72	1.678	0.041 ms
Numeric time: 0.956	0.956	0 ms
Symbolic time: 1.731	1.732	0 ms
Numeric time: 0.955	0	0.956 ms
Symbolic time: 1.733	1.733	0 ms
Numeric time: 0.951	0.951	0 ms
Symbolic time: 1.727	1.727	0 ms
Numeric time: 0.948	0.948	0 ms
Symbolic time: 1.731	1.73	0 ms
Numeric time: 0.945	0.945	0 ms
Symbolic time: 1.741	1.741	0 ms
Numeric time: 0.951	0.951	0 ms
Symbolic time: 1.728	1.728	0 ms
Numeric time: 0.949	0.95	0 ms
Symbolic time: 1.729	1.723	0.005 ms
Numeric time: 0.942	0.942	0 ms
Symbolic time: 1.737	1.737	0 ms
Numeric time: 0.949	0.949	0 ms
Symbolic time: 1.733	0.757	0.976 ms
Numeric time: 0.947	0.947	0 ms
Symbolic time: 1.731	1.732	0 ms
Numeric time: 0.94	0.941	0 ms
Symbolic time: 1.725	1.725	0 ms
Numeric time: 0.959	0.959	0 ms
Symbolic time: 1.738	1.738	0 ms
Numeric time: 0.944	0.945	0 ms
Symbolic time: 1.728	1.729	0 ms
Numeric time: 0.947	0.009	0.938 ms
Symbolic time: 1.772	1.707	0.064 ms
Numeric time: 0.939	0	0.939 ms
Symbolic time: 1.73	1.682	0.048 ms
Numeric time: 0.955	0.956	0 ms
Symbolic time: 1.738	0.76	0.978 ms
Numeric time: 0.941	0.942	0 ms
Symbolic time: 1.725	1.724	0 ms
Numeric time: 0.944	0	0.945 ms
Symbolic time: 1.725	1.725	0 ms
Numeric time: 0.942	0.942	0 ms
Symbolic time: 1.724	1.724	0 ms
Numeric time: 0.941	0.942	0 ms
Symbolic time: 1.737	1.737	0 ms
Numeric time: 0.948	0.948	0 ms
Symbolic time: 1.732	1.709	0.022 ms
Numeric time: 0.941	0.941	0 ms
Symbolic time: 1.73	0.912	0.818 ms
Numeric time: 0.942	0.943	0 ms
Symbolic time: 1.725	1.724	0 ms
Numeric time: 0.94	0	0.941 ms
Symbolic time: 1.725	1.726	0 ms
Numeric time: 0.943	0.943	0 ms
Symbolic time: 1.723	1.722	0 ms
Numeric time: 0.95	0.95	0 ms
Symbolic time: 1.732	1.733	0 ms
Numeric time: 0.943	0	0.943 ms
Symbolic time: 1.729	1.729	0 ms
Numeric time: 0.94	0.879	0.061 ms
Symbolic time: 1.72	1.719	0 ms
Numeric time: 0.945	0.944	0 ms
Symbolic time: 1.726	1.726	0 ms
Numeric time: 0.964	0.964	0 ms
Symbolic time: 1.729	1.73	0 ms
Numeric time: 0.943	0.944	0 ms
Symbolic time: 1.729	1.729	0 ms
Numeric time: 0.946	0.947	0 ms
Symbolic time: 1.725	1.725	0 ms
Numeric time: 0.958	0.958	0 ms
Symbolic time: 1.733	1.732	0 ms
Numeric time: 0.957	0.957	0 ms
Symbolic time: 1.728	1.728	0 ms
Numeric time: 0.952	0.02	0.933 ms
Symbolic time: 1.723	1.723	0 ms
Numeric time: 0.949	0.95	0 ms
Symbolic time: 1.74	1.74	0 ms
Numeric time: 0.947	0.947	0 ms
Symbolic time: 1.73	1.731	0 ms
Numeric time: 0.949	0	0.949 ms
Symbolic time: 1.729	1.729	0 ms
Numeric time: 0.946	0.946	0 ms
Symbolic time: 1.774	1.774	0 ms
Numeric time: 0.95	0.95	0 ms
Symbolic time: 1.729	1.729	0 ms
Numeric time: 0.949	0.949	0 ms
Symbolic time: 1.73	1.731	0 ms
Numeric time: 0.946	0.947	0 ms
Symbolic time: 1.728	1.728	0 ms
Numeric time: 0.946	0.947	0 ms
Symbolic time: 1.722	1.721	0 ms
Numeric time: 0.943	0.944	0 ms
Symbolic time: 1.731	1.732	0 ms
Numeric time: 0.95	0.95	0 ms
Symbolic time: 1.775	1.776	0 ms
Numeric time: 0.951	0.951	0 ms
Symbolic time: 1.73	1.731	0 ms
Numeric time: 0.943	0.943	0 ms
Symbolic time: 1.778	1.777	0 ms
Numeric time: 0.949	0.949	0 ms
Symbolic time: 1.734	1.735	0 ms
Numeric time: 0.946	0.947	0 ms
Symbolic time: 1.785	1.786	0 ms
Numeric time: 0.941	0.935	0.006 ms
Symbolic time: 1.733	1.733	0 ms
Numeric time: 0.944	0.944	0 ms
Symbolic time: 1.77	1.77	0 ms
Numeric time: 0.942	0	0.942 ms
Symbolic time: 1.732	1.732	0 ms
Numeric time: 0.949	0.949	0 ms
Symbolic time: 1.729	1.73	0 ms
Numeric time: 0.946	0.947	0 ms
Symbolic time: 1.727	0.774	0.953 ms
Numeric time: 0.96	0.96	0 ms
Symbolic time: 1.778	1.778	0 ms
Numeric time: 0.961	0.961	0 ms
Symbolic time: 1.733	1.733	0 ms
Numeric time: 0.951	0	0.952 ms
Symbolic time: 1.775	1.711	0.065 ms
Numeric time: 0.948	0	0.948 ms
Symbolic time: 1.72	1.682	0.039 ms
Numeric time: 0.945	0.945	0 ms
Symbolic time: 1.729	1.729	0 ms
Numeric time: 0.943	0.942	0 ms
Symbolic time: 1.723	1.722	0 ms
Numeric time: 0.949	0.95	0 ms
Symbolic time: 1.738	1.738	0 ms
Numeric time: 0.953	0.005	0.948 ms
Symbolic time: 1.729	1.73	0 ms
Numeric time: 0.953	0.953	0 ms
Symbolic time: 1.735	1.734	0 ms
Numeric time: 0.949	0.95	0 ms
Symbolic time: 1.724	1.686	0.037 ms
Numeric time: 0.948	0.948	0 ms
Symbolic time: 1.724	1.724	0 ms
Numeric time: 0.951	0.951	0 ms
Symbolic time: 1.735	1.735	0 ms
Numeric time: 0.944	0.944	0 ms
Symbolic time: 1.739	1.739	0 ms
Numeric time: 0.943	0.943	0 ms
Symbolic time: 1.724	1.725	0 ms
Numeric time: 0.945	0.945	0 ms
Symbolic time: 1.779	1.779	0 ms
Numeric time: 0.945	0.945	0 ms
Symbolic time: 1.728	1.728	0 ms
Numeric time: 0.947	0.024	0.925 ms
Symbolic time: 1.73	1.67	0.06 ms
Numeric time: 0.947	0.947	0 ms
Symbolic time: 1.721	1.721	0 ms
Numeric time: 0.946	0.947	0 ms
Symbolic time: 1.719	1.719	0 ms
Numeric time: 0.945	0.946	0 ms
Symbolic time: 1.733	1.733	0 ms
Numeric time: 0.949	0	0.948 ms
Symbolic time: 1.746	1.745	0 ms
Numeric time: 0.947	0.946	0 ms
Symbolic time: 1.732	1.732	0 ms
Numeric time: 0.951	0.952	0 ms
Symbolic time: 1.729	1.729	0 ms
Numeric time: 0.962	0.011	0.952 ms
Symbolic time: 1.728	1.667	0.061 ms
Numeric time: 0.944	0.944	0 ms
Symbolic time: 1.726	0.907	0.818 ms
Numeric time: 0.951	0.951	0 ms
Symbolic time: 1.741	1.741	0 ms
Numeric time: 0.953	0.954	0 ms
Symbolic time: 1.734	1.734	0 ms
Numeric time: 0.943	0.944	0 ms
Symbolic time: 1.728	1.729	0 ms
Numeric time: 0.951	0.951	0 ms
Symbolic time: 1.727	1.728	0 ms
Numeric time: 0.944	0.944	0 ms
Symbolic time: 1.725	1.725	0 ms
Numeric time: 0.942	0.935	0.007 ms
Symbolic time: 1.73	1.729	0 ms
Numeric time: 0.947	0.947	0 ms
Symbolic time: 1.725	1.726	0 ms
Numeric time: 0.951	0.951	0 ms
Symbolic time: 1.732	1.733	0 ms
Numeric time: 0.943	0.943	0 ms
Symbolic time: 1.725	1.724	0 ms
Numeric time: 0.956	0.957	0 ms
Symbolic time: 1.738	1.738	0 ms
Numeric time: 0.945	0.945	0 ms
Symbolic time: 1.78	1.781	0 ms
Numeric time: 0.959	0.959	0 ms
Symbolic time: 1.726	1.725	0 ms
Numeric time: 0.95	0.951	0 ms
Symbolic time: 1.723	1.723	0 ms
Numeric time: 0.949	0.949	0 ms
Symbolic time: 1.727	0.912	0.815 ms
Numeric time: 0.948	0.948	0 ms
Symbolic time: 1.731	1.731	0 ms
Numeric time: 0.946	0.947	0 ms
Symbolic time: 1.726	1.727	0 ms
Numeric time: 0.943	0	0.944 ms
Symbolic time: 1.73	1.73	0 ms
Numeric time: 0.944	0.944	0 ms
Symbolic time: 1.732	1.732	0 ms
Numeric time: 0.944	0	0.944 ms
Symbolic time: 1.731	1.67	0.061 ms
Numeric time: 0.945	0	0.945 ms
Symbolic time: 1.725	1.702	0.023 ms
Numeric time: 0.962	0.963	0 ms
Symbolic time: 1.728	1.728	0 ms
Numeric time: 0.941	0.941	0 ms
Symbolic time: 1.727	1.727	0 ms
Numeric time: 0.942	0.942	0 ms
Symbolic time: 1.745	1.746	0 ms
Numeric time: 0.951	0.952	0 ms
Symbolic time: 1.728	1.729	0 ms
Numeric time: 0.944	0.945	0 ms
Symbolic time: 1.731	1.731	0 ms
Numeric time: 0.946	0.947	0 ms
Symbolic time: 1.775	1.775	0 ms
Numeric time: 0.967	0.967	0 ms
Symbolic time: 1.73	0.903	0.827 ms
Numeric time: 0.975	0.976	0 ms
Symbolic time: 1.72	0.902	0.819 ms
Numeric time: 0.951	0.952	0 ms
Symbolic time: 1.731	1.731	0 ms
Numeric time: 0.945	0.945	0 ms
Symbolic time: 1.726	1.726	0 ms
Numeric time: 0.947	0.947	0 ms
Symbolic time: 1.731	1.73	0 ms
Numeric time: 0.949	0.949	0 ms
Symbolic time: 1.734	1.733	0 ms
Numeric time: 0.945	0.946	0 ms
Symbolic time: 1.724	1.724	0 ms
Numeric time: 0.947	0.941	0.006 ms
Symbolic time: 1.722	0.893	0.83 ms
Numeric time: 0.943	0.943	0 ms
Symbolic time: 1.729	0.751	0.978 ms
Numeric time: 0.946	0.946	0 ms
Symbolic time: 1.725	1.725	0 ms
Numeric time: 0.943	0.943	0 ms
Symbolic time: 1.728	1.728	0 ms
Numeric time: 0.94	0.941	0 ms
Symbolic time: 1.723	1.723	0 ms
Numeric time: 0.946	0.946	0 ms
Symbolic time: 1.723	1.723	0 ms
Numeric time: 0.944	0.944	0 ms
Symbolic time: 1.722	1.718	0.006 ms
Numeric time: 0.96	0.961	0 ms
Symbolic time: 1.718	1.718	0 ms
Numeric time: 0.941	0.942	0 ms
Symbolic time: 1.731	1.732	0 ms
Numeric time: 0.939	0.939	0 ms
Symbolic time: 1.726	1.726	0 ms
Numeric time: 0.944	0.944	0 ms
Symbolic time: 1.724	1.724	0 ms
Numeric time: 0.96	0.96	0 ms
Symbolic time: 1.73	1.731	0 ms
Numeric time: 0.949	0.95	0 ms
Symbolic time: 1.727	1.728	0 ms
Numeric time: 0.939	0.938	0.001 ms
Symbolic time: 1.77	1.77	0 ms
Numeric time: 0.946	0.946	0 ms
Symbolic time: 1.722	0.904	0.818 ms
Numeric time: 0.948	0.949	0 ms
Symbolic time: 1.728	1.728	0 ms
Numeric time: 0.942	0.943	0 ms
Symbolic time: 1.731	1.732	0 ms
Numeric time: 0.94	0.94	0 ms
Symbolic time: 1.771	1.771	0 ms
Numeric time: 0.942	0.942	0 ms
Symbolic time: 1.729	1.73	0 ms
Numeric time: 0.944	0.003	0.941 ms
Symbolic time: 1.727	1.727	0 ms
Numeric time: 0.947	0.891	0.056 ms
Symbolic time: 1.724	1.724	0 ms
Numeric time: 0.943	0.944	0 ms
Symbolic time: 1.779	0.798	0.983 ms
Numeric time: 0.945	0.946	0 ms
Symbolic time: 1.727	1.726	0 ms
Numeric time: 0.949	0.95	0 ms
Symbolic time: 1.726	1.726	0 ms
Numeric time: 0.959	0	0.958 ms
Symbolic time: 1.731	1.731	0 ms
Numeric time: 0.945	0.945	0 ms
Symbolic time: 1.734	1.734	0 ms
Numeric time: 0.964	0.965	0 ms
Symbolic time: 1.727	1.726	0 ms
Numeric time: 0.949	0	0.949 ms
Symbolic time: 1.729	1.669	0.06 ms
Numeric time: 0.947	0.947	0 ms
Symbolic time: 1.724	0.9	0.825 ms
Numeric time: 0.942	0.942	0 ms
Symbolic time: 1.774	1.774	0 ms
Numeric time: 0.947	0.948	0 ms
Symbolic time: 1.737	1.736	0 ms
Numeric time: 0.953	0.953	0 ms
Symbolic time: 1.732	1.731	0 ms
Numeric time: 0.947	0.948	0 ms
Symbolic time: 1.728	1.729	0 ms
Numeric time: 0.959	0.96	0 ms
Symbolic time: 1.739	1.739	0 ms
Numeric time: 0.955	0.955	0 ms
Symbolic time: 1.729	1.725	0.005 ms
Numeric time: 0.954	0.954	0 ms
Symbolic time: 1.73	1.731	0 ms
Numeric time: 0.956	0.956	0 ms
Symbolic time: 1.729	0.753	0.976 ms
Numeric time: 0.959	0.959	0 ms
Symbolic time: 1.728	1.727	0 ms
Numeric time: 0.952	0.953	0 ms
Symbolic time: 1.736	1.736	0 ms
Numeric time: 0.952	0.953	0 ms
Symbolic time: 1.729	1.729	0 ms
Numeric time: 0.953	0.954	0 ms
Symbolic time: 1.727	1.728	0 ms
Numeric time: 0.974	0.975	0 ms
Symbolic time: 1.728	1.713	0.014 ms
Numeric time: 0.959	0.959	0 ms
Symbolic time: 1.722	1.721	0 ms
Numeric time: 0.97	0.97	0 ms
Symbolic time: 1.73	1.73	0 ms
Numeric time: 0.961	0.962	0 ms
Symbolic time: 1.73	1.73	0 ms
Numeric time: 0.953	0.953	0 ms
Symbolic time: 1.729	1.728	0 ms
Numeric time: 0.95	0.951	0 ms
Symbolic time: 1.729	1.729	0 ms
Numeric time: 0.951	0.951	0 ms
Symbolic time: 1.73	1.73	0 ms
Numeric time: 0.959	0.959	0 ms
Symbolic time: 1.729	1.729	0 ms
Numeric time: 0.945	0.945	0 ms
Symbolic time: 1.726	1.726	0 ms
Numeric time: 0.952	0	0.952 ms
Symbolic time: 1.728	0.863	0.864 ms
Numeric time: 0.95	0.95	0 ms
Symbolic time: 1.783	1.783	0 ms
Numeric time: 0.949	0.949	0 ms
Symbolic time: 1.731	1.732	0 ms
Numeric time: 0.965	0.965	0 ms
Symbolic time: 1.73	1.73	0 ms
Numeric time: 0.95	0.951	0 ms
Symbolic time: 1.73	1.73	0 ms
Numeric time: 0.954	0.955	0 ms
Symbolic time: 1.729	1.729	0 ms
Numeric time: 0.947	0.948	0 ms
Symbolic time: 1.728	1.722	0.005 ms
Numeric time: 0.954	0.954	0 ms
Symbolic time: 1.731	1.73	0 ms
Numeric time: 0.945	0.945	0 ms
Symbolic time: 1.806	1.807	0 ms
Numeric time: 1.688	1.689	0 ms
Symbolic time: 2.719	2.719	0 ms
Numeric time: 0.983	0.982	0 ms
Symbolic time: 2.79	2.791	0 ms
Numeric time: 1.674	1.675	0 ms
Symbolic time: 2.943	2.942	0 ms
Numeric time: 1.677	1.676	0.002 ms
Symbolic time: 2.904	2.904	0 ms
Numeric time: 1.532	0.552	0.979 ms
Symbolic time: 1.757	1.757	0 ms
Numeric time: 1.003	1.003	0 ms
Symbolic time: 1.733	1.734	0 ms
Numeric time: 0.987	0.987	0 ms
Symbolic time: 1.734	1.734	0 ms
Numeric time: 0.961	0.961	0 ms
Symbolic time: 1.726	1.726	0 ms
Numeric time: 0.96	0.96	0 ms
Symbolic time: 1.724	1.724	0 ms
Numeric time: 0.955	0.955	0 ms
Symbolic time: 1.733	1.733	0 ms
Numeric time: 0.955	0.956	0 ms
Symbolic time: 1.727	1.726	0.001 ms
Numeric time: 0.951	0.952	0 ms
Symbolic time: 1.726	1.725	0 ms
Numeric time: 0.956	0.956	0 ms
Symbolic time: 1.728	1.728	0 ms
Numeric time: 0.949	0	0.949 ms
Symbolic time: 1.731	1.731	0 ms
Numeric time: 0.951	0.951	0 ms
Symbolic time: 1.73	1.731	0 ms
Numeric time: 0.952	0	0.952 ms
Symbolic time: 1.725	1.724	0 ms
Numeric time: 0.951	0.95	0 ms
Symbolic time: 1.723	1.723	0 ms
Numeric time: 0.946	0.946	0 ms
Symbolic time: 1.727	1.694	0.032 ms
Numeric time: 0.95	0.95	0 ms
Symbolic time: 1.723	0.899	0.824 ms
Numeric time: 0.953	0.954	0 ms
Symbolic time: 1.733	1.732	0 ms
Numeric time: 0.952	0	0.955 ms
Symbolic time: 1.785	1.786	0 ms
Numeric time: 0.955	0.955	0 ms
Symbolic time: 1.728	1.728	0 ms
Numeric time: 0.958	0.958	0 ms
Symbolic time: 1.734	1.735	0 ms
Numeric time: 0.951	0.952	0 ms
Symbolic time: 1.727	1.727	0 ms
Numeric time: 0.95	0.95	0 ms
Symbolic time: 1.729	1.713	0.016 ms
Numeric time: 0.967	0	0.968 ms
Symbolic time: 1.719	1.698	0.021 ms
Numeric time: 0.95	0.951	0 ms
Symbolic time: 1.732	1.733	0 ms
Numeric time: 0.953	0	0.954 ms
Symbolic time: 1.726	1.726	0 ms
Numeric time: 0.952	0.952	0 ms
Symbolic time: 1.738	1.738	0 ms
Numeric time: 0.957	0.957	0 ms
Symbolic time: 1.726	0.768	0.957 ms
Numeric time: 0.956	0.956	0 ms
Symbolic time: 1.726	1.726	0 ms
Numeric time: 0.951	0.952	0 ms
Symbolic time: 1.723	1.678	0.045 ms
Numeric time: 0.952	0	0.953 ms
Symbolic time: 1.72	1.704	0.015 ms
Numeric time: 0.951	0.951	0 ms
Symbolic time: 1.721	1.721	0 ms
Numeric time: 0.953	0.953	0 ms
Symbolic time: 1.725	1.725	0 ms
Numeric time: 0.945	0.945	0 ms
Symbolic time: 1.731	1.731	0 ms
Numeric time: 0.95	0.951	0 ms
Symbolic time: 1.729	1.73	0 ms
Numeric time: 0.946	0.946	0 ms
Symbolic time: 1.726	1.726	0 ms
Numeric time: 0.946	0.947	0 ms
Symbolic time: 1.784	1.784	0 ms
Numeric time: 0.963	0.963	0 ms
Symbolic time: 1.72	1.72	0 ms
Numeric time: 0.95	0.951	0 ms
Symbolic time: 1.735	1.735	0 ms
Numeric time: 0.944	0.944	0 ms
Symbolic time: 1.722	1.722	0 ms
Numeric time: 0.948	0.948	0 ms
Symbolic time: 1.725	1.725	0 ms
Numeric time: 0.946	0.946	0 ms
Symbolic time: 1.722	1.722	0 ms
Numeric time: 0.95	0.95	0 ms
Symbolic time: 1.729	1.73	0 ms
Numeric time: 0.942	0.942	0 ms
Symbolic time: 1.721	1.722	0 ms
Numeric time: 0.942	0.942	0 ms
Symbolic time: 1.721	1.721	0 ms
Numeric time: 0.946	0.946	0 ms
Symbolic time: 1.733	1.733	0 ms
Numeric time: 0.944	0.944	0 ms
Symbolic time: 1.726	1.726	0 ms
Numeric time: 0.949	0.95	0 ms
Symbolic time: 1.735	1.735	0 ms
Numeric time: 0.947	0.948	0 ms
Symbolic time: 1.783	1.782	0 ms
Numeric time: 0.948	0.948	0 ms
Symbolic time: 1.726	1.726	0 ms
Numeric time: 0.951	0.951	0 ms
Symbolic time: 1.724	1.724	0 ms
Numeric time: 0.947	0.949	0 ms
Symbolic time: 1.724	1.723	0 ms
Numeric time: 0.954	0.954	0 ms
Symbolic time: 1.729	1.729	0 ms
Numeric time: 0.951	0.952	0 ms
Symbolic time: 1.728	1.728	0 ms
Numeric time: 0.956	0.957	0 ms
Symbolic time: 1.738	1.738	0 ms
Numeric time: 0.969	0.969	0 ms
Symbolic time: 1.737	1.737	0 ms
Numeric time: 0.947	0.947	0 ms
Symbolic time: 1.731	1.731	0 ms
Numeric time: 0.952	0.953	0 ms
Symbolic time: 1.723	1.723	0 ms
Numeric time: 0.947	0	0.948 ms
Symbolic time: 1.721	1.684	0.037 ms
Numeric time: 0.945	0.946	0 ms
Symbolic time: 1.726	1.727	0 ms
Numeric time: 0.943	0.943	0 ms
Symbolic time: 1.728	1.728	0 ms
Numeric time: 0.941	0.941	0 ms
Symbolic time: 1.723	1.723	0 ms
Numeric time: 0.945	0.946	0 ms
Symbolic time: 1.732	1.732	0 ms
Numeric time: 0.939	0.939	0 ms
Symbolic time: 1.728	1.729	0 ms
Numeric time: 0.938	0.935	0.003 ms
Symbolic time: 1.724	0.894	0.83 ms
Numeric time: 0.939	0.94	0 ms
Symbolic time: 1.727	1.727	0 ms
Numeric time: 0.942	0.942	0 ms
Symbolic time: 1.728	1.727	0 ms
Numeric time: 0.939	0.94	0 ms
Symbolic time: 1.725	1.725	0 ms
Numeric time: 0.946	0.947	0 ms
Symbolic time: 1.727	1.727	0 ms
Numeric time: 0.943	0.943	0 ms
Symbolic time: 1.729	1.728	0 ms
Numeric time: 0.97	0.971	0 ms
Symbolic time: 1.728	1.728	0 ms
Numeric time: 0.945	0	0.945 ms
Symbolic time: 1.725	1.685	0.041 ms
Numeric time: 0.942	0.941	0 ms
Symbolic time: 1.728	1.728	0 ms
Numeric time: 0.946	0.946	0 ms
Symbolic time: 1.736	0.767	0.97 ms
Numeric time: 0.946	0.946	0 ms
Symbolic time: 1.732	1.732	0 ms
Numeric time: 0.942	0.942	0 ms
Symbolic time: 1.725	1.726	0 ms
Numeric time: 0.96	0	0.96 ms
Symbolic time: 1.739	1.738	0 ms
Numeric time: 0.947	0.947	0 ms
Symbolic time: 1.723	1.68	0.043 ms
Numeric time: 0.943	0.943	0 ms
Symbolic time: 1.734	0.909	0.824 ms
Numeric time: 0.942	0	0.942 ms
Symbolic time: 1.725	1.725	0 ms
Numeric time: 0.964	0.964	0 ms
Symbolic time: 1.72	1.721	0 ms
Numeric time: 0.955	0.955	0 ms
Symbolic time: 1.775	1.775	0 ms
Numeric time: 0.939	0.939	0 ms
Symbolic time: 1.726	1.727	0 ms
Numeric time: 0.953	0.953	0 ms
Symbolic time: 1.735	1.735	0 ms
Numeric time: 0.943	0.943	0 ms
Symbolic time: 1.719	1.717	0.002 ms
Numeric time: 0.936	0.936	0 ms
Symbolic time: 1.724	0.898	0.826 ms
Numeric time: 0.945	0.946	0 ms
Symbolic time: 1.731	1.731	0 ms
Numeric time: 0.937	0	0.937 ms
Symbolic time: 1.726	1.726	0 ms
Numeric time: 0.948	0.948	0 ms
Symbolic time: 1.729	1.73	0 ms
Numeric time: 0.937	0.938	0 ms
Symbolic time: 1.73	1.73	0 ms
Numeric time: 0.938	0.938	0 ms
Symbolic time: 1.719	1.702	0.018 ms
Numeric time: 0.942	0	0.942 ms
Symbolic time: 1.726	1.68	0.046 ms
Numeric time: 0.937	0.937	0 ms
Symbolic time: 1.727	1.728	0 ms
Numeric time: 0.941	0.941	0 ms
Symbolic time: 1.725	1.726	0 ms
Numeric time: 0.939	0.938	0 ms
Symbolic time: 1.733	1.734	0 ms
Numeric time: 0.958	0.958	0 ms
Symbolic time: 1.73	1.731	0 ms
Numeric time: 0.95	0.951	0 ms
Symbolic time: 1.729	1.728	0 ms
Numeric time: 0.943	0.937	0.006 ms
Symbolic time: 1.72	1.72	0 ms
Numeric time: 0.946	0.947	0 ms
Symbolic time: 1.729	0.911	0.818 ms
Numeric time: 0.948	0.948	0 ms
Symbolic time: 1.733	1.733	0 ms
Numeric time: 0.941	0.941	0 ms
Symbolic time: 1.724	1.724	0 ms
Numeric time: 0.94	0	0.94 ms
Symbolic time: 1.732	1.731	0 ms
Numeric time: 0.943	0.942	0 ms
Symbolic time: 1.725	1.725	0 ms
Numeric time: 0.941	0.941	0 ms
Symbolic time: 1.725	1.694	0.031 ms
Numeric time: 0.943	0.942	0 ms
Symbolic time: 1.723	1.723	0 ms
Numeric time: 0.954	0.955	0 ms
Symbolic time: 1.776	1.775	0 ms
Numeric time: 0.942	0	0.941 ms
Symbolic time: 1.733	1.733	0 ms
Numeric time: 0.939	0.939	0 ms
Symbolic time: 1.725	1.725	0 ms
Numeric time: 0.942	0.942	0 ms
Symbolic time: 1.779	1.779	0 ms
Numeric time: 0.939	0.939	0 ms
Symbolic time: 1.729	1.729	0 ms
Numeric time: 0.942	0.942	0 ms
Symbolic time: 1.72	1.71	0.01 ms
Numeric time: 0.94	0.941	0 ms
Symbolic time: 1.732	1.732	0 ms
Numeric time: 0.942	0.942	0 ms
Symbolic time: 1.727	1.727	0 ms
Numeric time: 0.952	0.952	0 ms
Symbolic time: 1.725	1.725	0 ms
Numeric time: 0.936	0.936	0 ms
Symbolic time: 1.725	1.724	0 ms
Numeric time: 0.948	0.949	0 ms
Symbolic time: 1.776	1.777	0 ms
Numeric time: 0.936	0	0.937 ms
Symbolic time: 1.725	1.725	0 ms
Numeric time: 0.936	0.936	0 ms
Symbolic time: 1.731	1.69	0.043 ms
Numeric time: 0.932	0.932	0 ms
Symbolic time: 1.728	0.902	0.826 ms
Numeric time: 0.94	0.941	0 ms
Symbolic time: 1.731	1.731	0 ms
Numeric time: 0.94	0.939	0 ms
Symbolic time: 1.727	1.727	0 ms
Numeric time: 0.938	0	0.938 ms
Symbolic time: 1.729	1.73	0 ms
Numeric time: 0.936	0.937	0 ms
Symbolic time: 1.726	1.726	0 ms
Numeric time: 0.941	0.942	0 ms
Symbolic time: 1.727	1.697	0.031 ms
Numeric time: 0.935	0	0.935 ms
Symbolic time: 1.718	1.668	0.051 ms
Numeric time: 0.94	0.94	0 ms
Symbolic time: 1.73	1.73	0 ms
Numeric time: 0.952	0.952	0 ms
Symbolic time: 1.728	1.728	0 ms
Numeric time: 0.943	0.943	0 ms
Symbolic time: 1.731	1.731	0 ms
Numeric time: 0.94	0.94	0 ms
Symbolic time: 1.723	1.724	0 ms
Numeric time: 0.935	0	0.935 ms
Symbolic time: 1.78	1.779	0 ms
Numeric time: 0.929	0.875	0.054 ms
Symbolic time: 1.779	1.778	0 ms
Numeric time: 0.941	0.94	0 ms
Symbolic time: 1.725	1.725	0 ms
Numeric time: 0.952	0.953	0 ms
Symbolic time: 1.73	1.731	0 ms
Numeric time: 0.951	0.952	0 ms
Symbolic time: 1.73	1.729	0 ms
Numeric time: 0.931	0.932	0 ms
Symbolic time: 1.746	1.746	0 ms
Numeric time: 0.933	0.934	0 ms
Symbolic time: 1.732	1.733	0 ms
Numeric time: 0.939	0.939	0 ms
Symbolic time: 1.722	1.722	0 ms
Numeric time: 0.942	0.942	0 ms
Symbolic time: 1.731	1.732	0 ms
Numeric time: 0.935	0.936	0 ms
Symbolic time: 1.725	1.724	0 ms
Numeric time: 0.942	0.942	0 ms
Symbolic time: 1.728	1.729	0 ms
Numeric time: 0.937	0.938	0 ms
Symbolic time: 1.728	1.729	0 ms
Numeric time: 0.933	0	0.934 ms
Symbolic time: 1.723	1.723	0 ms
Numeric time: 0.94	0	0.94 ms
Symbolic time: 1.733	1.732	0 ms
Numeric time: 0.94	0.888	0.051 ms
Symbolic time: 1.718	0.886	0.83 ms
Numeric time: 0.94	0.941	0 ms
Symbolic time: 1.747	1.735	0 ms
Numeric time: 0.972	0.971	0 ms
Symbolic time: 1.727	1.727	0 ms
Numeric time: 0.934	0.934	0 ms
Symbolic time: 1.723	1.724	0 ms
Numeric time: 0.929	0.93	0 ms
Symbolic time: 1.729	1.73	0 ms
Numeric time: 0.933	0.934	0 ms
Symbolic time: 1.727	1.727	0 ms
Numeric time: 0.932	0.932	0 ms
Symbolic time: 1.728	1.728	0 ms
Numeric time: 0.947	0.946	0 ms
Symbolic time: 1.77	0.943	0.828 ms
Numeric time: 0.933	0.934	0 ms
Symbolic time: 1.775	1.774	0 ms
Numeric time: 0.93	0.93	0 ms
Symbolic time: 1.731	1.73	0 ms
Numeric time: 0.936	0	0.937 ms
Symbolic time: 1.723	1.723	0 ms
Numeric time: 0.931	0.932	0 ms
Symbolic time: 1.732	1.732	0 ms
Numeric time: 0.942	0	0.942 ms
Symbolic time: 1.726	1.727	0 ms
Numeric time: 0.926	0.875	0.051 ms
Symbolic time: 1.727	1.726	0 ms
Numeric time: 0.931	0.931	0 ms
Symbolic time: 1.724	0.746	0.977 ms
Numeric time: 0.928	0.928	0 ms
Symbolic time: 1.725	1.725	0 ms
Numeric time: 0.946	0.947	0 ms
Symbolic time: 1.722	1.722	0 ms
Numeric time: 0.93	0.931	0 ms
Symbolic time: 1.726	1.727	0 ms
Numeric time: 0.933	0.932	0 ms
Symbolic time: 1.72	1.705	0.016 ms
Numeric time: 0.937	0	0.937 ms
Symbolic time: 1.728	1.678	0.05 ms
Numeric time: 0.954	0.955	0 ms
Symbolic time: 1.725	0.746	0.98 ms
Numeric time: 0.926	0.927	0 ms
Symbolic time: 1.729	1.729	0 ms
Numeric time: 0.933	0.933	0 ms
Symbolic time: 1.737	1.737	0 ms
Numeric time: 0.931	0.932	0 ms
Symbolic time: 1.724	1.724	0 ms
Numeric time: 0.934	0.934	0 ms
Symbolic time: 1.723	1.706	0.016 ms
Numeric time: 0.932	0	0.932 ms
Symbolic time: 1.722	1.685	0.037 ms
Numeric time: 0.94	0	0.94 ms
Symbolic time: 1.729	1.729	0 ms
Numeric time: 0.936	0.937	0 ms
Symbolic time: 1.729	1.729	0 ms
Numeric time: 0.937	0.937	0 ms
Symbolic time: 1.722	1.723	0 ms
Numeric time: 0.941	0.942	0 ms
Symbolic time: 1.73	1.73	0 ms
Numeric time: 0.937	0.937	0 ms
Symbolic time: 1.724	1.724	0 ms
Numeric time: 0.937	0.936	0.001 ms
Symbolic time: 1.724	1.724	0 ms
Numeric time: 0.938	0.937	0 ms
Symbolic time: 1.728	0.75	0.979 ms
Numeric time: 0.934	0.934	0 ms
Symbolic time: 1.784	1.785	0 ms
Numeric time: 0.932	0.932	0 ms
Symbolic time: 1.733	1.733	0 ms
Numeric time: 0.935	0.934	0 ms
Symbolic time: 1.73	1.731	0 ms
Numeric time: 0.937	0.937	0 ms
Symbolic time: 1.726	1.727	0 ms
Numeric time: 0.942	0.942	0 ms
Symbolic time: 1.727	1.717	0.01 ms
Numeric time: 0.94	0.941	0 ms
Symbolic time: 1.725	1.724	0 ms
Numeric time: 0.949	0.949	0 ms
Symbolic time: 1.732	1.731	0 ms
Numeric time: 0.939	0.94	0 ms
Symbolic time: 1.725	1.726	0 ms
Numeric time: 0.931	0.931	0 ms
Symbolic time: 1.728	1.729	0 ms
Numeric time: 0.935	0.934	0 ms
Symbolic time: 1.722	1.723	0 ms
Numeric time: 0.932	0.933	0 ms
Symbolic time: 1.725	1.725	0 ms
Numeric time: 0.935	0.935	0 ms
Symbolic time: 1.728	0.901	0.826 ms
Numeric time: 0.938	0.939	0 ms
Symbolic time: 1.726	1.726	0 ms
Numeric time: 0.931	0	0.931 ms
Symbolic time: 1.717	1.718	0 ms
Numeric time: 0.936	0.937	0 ms
Symbolic time: 1.727	1.726	0 ms
Numeric time: 0.936	0.935	0 ms
Symbolic time: 1.724	1.725	0 ms
Numeric time: 0.935	0.935	0 ms
Symbolic time: 1.721	1.706	0.016 ms
Numeric time: 0.941	0.941	0 ms
Symbolic time: 1.724	0.898	0.825 ms
Numeric time: 0.937	0.938	0 ms
Symbolic time: 1.727	1.728	0 ms
Numeric time: 0.932	0.932	0 ms
Symbolic time: 1.72	1.72	0 ms
Numeric time: 0.929	0	0.93 ms
Symbolic time: 1.728	1.729	0 ms
Numeric time: 0.934	0.935	0 ms
Symbolic time: 1.732	1.731	0 ms
Numeric time: 0.939	0.939	0 ms
Symbolic time: 1.731	1.699	0.031 ms
Numeric time: 0.942	0.942	0 ms
Symbolic time: 1.718	0.894	0.825 ms
Numeric time: 0.938	0.938	0 ms
Symbolic time: 1.731	1.731	0 ms
Numeric time: 0.927	0.927	0 ms
Symbolic time: 1.732	1.733	0 ms
Numeric time: 0.931	0	0.931 ms
Symbolic time: 1.729	1.73	0 ms
Numeric time: 0.938	0.938	0 ms
Symbolic time: 1.721	1.721	0 ms
Numeric time: 0.943	0.943	0 ms
Symbolic time: 1.723	1.694	0.03 ms
Numeric time: 0.932	0.933	0 ms
Symbolic time: 1.725	0.9	0.825 ms
Numeric time: 0.937	0.937	0 ms
Symbolic time: 1.73	1.73	0 ms
Numeric time: 0.936	0.937	0 ms
Symbolic time: 1.729	1.729	0 ms
Numeric time: 0.933	0	0.934 ms
Symbolic time: 1.723	1.723	0 ms
Numeric time: 0.937	0.937	0 ms
Symbolic time: 1.738	1.738	0 ms
Numeric time: 0.935	0.936	0 ms
Symbolic time: 1.721	1.69	0.031 ms
Numeric time: 0.943	0.944	0 ms
Symbolic time: 1.727	0.901	0.827 ms
Numeric time: 0.956	0.956	0 ms
Symbolic time: 1.731	1.73	0 ms
Numeric time: 0.939	0	0.939 ms
Symbolic time: 1.729	1.729	0 ms
Numeric time: 0.934	0.934	0 ms
Symbolic time: 1.727	1.727	0 ms
Numeric time: 0.933	0.933	0 ms
Symbolic time: 1.727	1.728	0 ms
Numeric time: 0.933	0.933	0 ms
Symbolic time: 1.723	1.706	0.016 ms
Numeric time: 0.929	0.929	0 ms
Symbolic time: 1.717	0.892	0.825 ms
Numeric time: 0.933	0	0.933 ms
Symbolic time: 1.724	1.724	0 ms
Numeric time: 0.93	0.931	0 ms
Symbolic time: 1.734	1.734	0 ms
Numeric time: 0.935	0.935	0 ms
Symbolic time: 1.721	1.721	0 ms
Numeric time: 0.945	0.945	0 ms
Symbolic time: 1.735	1.735	0 ms
Numeric time: 0.937	0.937	0 ms
Symbolic time: 1.728	1.722	0.005 ms
Numeric time: 0.927	0.927	0 ms
Symbolic time: 1.724	1.724	0 ms
Numeric time: 0.933	0.934	0 ms
Symbolic time: 1.72	1.72	0 ms
Numeric time: 0.93	0	0.931 ms
Symbolic time: 1.72	1.72	0 ms
Numeric time: 0.938	0.938	0 ms
Symbolic time: 1.725	1.725	0 ms
Numeric time: 0.946	0.946	0 ms
Symbolic time: 1.721	1.721	0 ms
Numeric time: 0.931	0	0.931 ms
Symbolic time: 1.729	1.671	0.057 ms
Numeric time: 0.929	0.929	0 ms
Symbolic time: 1.725	1.725	0 ms
Numeric time: 0.929	0.93	0 ms
Symbolic time: 1.732	1.732	0 ms
Numeric time: 0.936	0.936	0 ms
Symbolic time: 1.731	1.731	0 ms
Numeric time: 0.938	0.938	0 ms
Symbolic time: 1.725	1.725	0 ms
Numeric time: 0.938	0.939	0 ms
Symbolic time: 1.727	1.728	0 ms
Numeric time: 0.927	0.927	0 ms
Symbolic time: 1.728	0.897	0.832 ms
Numeric time: 0.931	0.931	0 ms
Symbolic time: 1.729	1.73	0 ms
Numeric time: 0.937	0.937	0 ms
Symbolic time: 1.732	1.732	0 ms
Numeric time: 0.941	0.94	0 ms
Symbolic time: 1.727	1.727	0 ms
Numeric time: 0.949	0.95	0 ms
Symbolic time: 1.726	1.726	0 ms
Numeric time: 0.934	0	0.935 ms
Symbolic time: 1.728	1.727	0 ms
Numeric time: 0.94	0.939	0 ms
Symbolic time: 1.771	1.723	0.047 ms
Numeric time: 0.929	0.93	0 ms
Symbolic time: 1.726	1.726	0 ms
Numeric time: 0.944	0.944	0 ms
Symbolic time: 1.727	1.726	0 ms
Numeric time: 0.953	0.953	0 ms
Symbolic time: 1.729	1.729	0 ms
Numeric time: 0.955	0.955	0 ms
Symbolic time: 1.723	1.723	0 ms
Numeric time: 0.955	0.954	0 ms
Symbolic time: 1.734	1.734	0 ms
Numeric time: 0.957	0.957	0 ms
Symbolic time: 1.727	1.726	0 ms
Numeric time: 0.948	0.948	0 ms
Symbolic time: 1.722	1.722	0 ms
Numeric time: 0.95	0.951	0 ms
Symbolic time: 1.734	0.916	0.819 ms
Numeric time: 0.983	0.983	0 ms
Symbolic time: 1.725	1.725	0 ms
Numeric time: 0.984	0.985	0 ms
Symbolic time: 1.727	1.726	0 ms
Numeric time: 0.972	0.972	0 ms
Symbolic time: 1.731	1.732	0 ms
Numeric time: 0.95	0.95	0 ms
Symbolic time: 1.729	1.729	0 ms
Numeric time: 0.949	0.949	0 ms
Symbolic time: 1.716	1.716	0 ms
Numeric time: 0.946	0.945	0 ms
Symbolic time: 1.722	1.72	0.002 ms
Numeric time: 0.944	0.944	0 ms
Symbolic time: 1.725	1.724	0 ms
Numeric time: 0.947	0.947	0 ms
Symbolic time: 1.723	1.723	0 ms
Numeric time: 0.942	0	0.942 ms
Symbolic time: 1.723	1.724	0 ms
Numeric time: 0.936	0	0.937 ms
Symbolic time: 1.733	1.733	0 ms
Numeric time: 0.946	0.947	0 ms
Symbolic time: 1.73	1.73	0 ms
Numeric time: 0.943	0.943	0 ms
Symbolic time: 1.724	1.723	0 ms
Numeric time: 0.937	0.907	0.03 ms
Symbolic time: 1.726	1.726	0 ms
Numeric time: 0.939	0.94	0 ms
Symbolic time: 1.73	1.73	0 ms
Numeric time: 0.938	0.938	0 ms
Symbolic time: 1.73	1.73	0 ms
Numeric time: 0.947	0.947	0 ms
Symbolic time: 1.724	1.724	0 ms
Numeric time: 0.945	0.945	0 ms
Symbolic time: 1.723	1.722	0 ms
Numeric time: 0.965	0.965	0 ms
Symbolic time: 1.73	1.73	0 ms
Numeric time: 0.943	0.943	0 ms
Symbolic time: 1.726	1.727	0 ms
Numeric time: 0.942	0	0.942 ms
Symbolic time: 1.725	1.683	0.043 ms
Numeric time: 0.943	0.944	0 ms
Symbolic time: 1.731	1.731	0 ms
Numeric time: 0.939	0.94	0 ms
Symbolic time: 1.733	1.732	0 ms
Numeric time: 0.94	0.94	0 ms
Symbolic time: 1.725	1.725	0 ms
Numeric time: 0.939	0	0.939 ms
Symbolic time: 1.73	1.73	0 ms
Numeric time: 0.94	0.941	0 ms
Symbolic time: 1.726	1.726	0 ms
Numeric time: 0.936	0.895	0.04 ms
Symbolic time: 1.73	1.729	0 ms
Numeric time: 0.941	0.942	0 ms
Symbolic time: 1.733	1.733	0 ms
Numeric time: 0.938	0.937	0 ms
Symbolic time: 1.727	1.728	0 ms
Numeric time: 0.946	0.945	0 ms
Symbolic time: 1.733	1.734	0 ms
Numeric time: 0.94	0.941	0 ms
Symbolic time: 1.73	1.73	0 ms
Numeric time: 0.946	0.947	0 ms
Symbolic time: 1.729	1.729	0 ms
Numeric time: 0.958	0.958	0 ms
Symbolic time: 1.722	1.722	0 ms
Numeric time: 0.94	0.94	0 ms
Symbolic time: 1.724	1.724	0 ms
Numeric time: 0.94	0.94	0 ms
Symbolic time: 1.73	1.73	0 ms
Numeric time: 0.941	0.941	0 ms
Symbolic time: 1.728	1.728	0 ms
Numeric time: 0.943	0.943	0 ms
Symbolic time: 1.729	1.729	0 ms
Numeric time: 0.943	0.943	0 ms
Symbolic time: 1.728	1.729	0 ms
Numeric time: 0.941	0.941	0 ms
Symbolic time: 1.73	1.73	0 ms
Numeric time: 0.94	0.94	0 ms
Symbolic time: 1.734	1.734	0 ms
Numeric time: 0.941	0	0.942 ms
Symbolic time: 1.73	1.73	0 ms
Numeric time: 0.942	0.942	0 ms
Symbolic time: 1.724	1.724	0 ms
Numeric time: 0.937	0.938	0 ms
Symbolic time: 1.728	1.728	0 ms
Numeric time: 0.946	0.946	0 ms
Symbolic time: 1.731	1.731	0 ms
Numeric time: 0.94	0	0.94 ms
Symbolic time: 1.726	1.726	0 ms
Numeric time: 0.941	0.941	0 ms
Symbolic time: 1.728	1.685	0.043 ms
Numeric time: 0.954	0.955	0 ms
Symbolic time: 1.722	0.897	0.825 ms
Numeric time: 0.94	0.94	0 ms
Symbolic time: 1.724	1.724	0 ms
Numeric time: 0.94	0.941	0 ms
Symbolic time: 1.723	1.723	0 ms
Numeric time: 0.94	0.94	0 ms
Symbolic time: 1.731	1.731	0 ms
Numeric time: 0.938	0.938	0 ms
Symbolic time: 1.725	1.725	0 ms
Numeric time: 0.943	0.944	0 ms
Symbolic time: 1.728	1.722	0.006 ms
Numeric time: 0.943	0.943	0 ms
Symbolic time: 1.724	1.724	0 ms
Numeric time: 0.944	0.945	0 ms
Symbolic time: 1.734	1.733	0 ms
Numeric time: 0.941	0.941	0 ms
Symbolic time: 1.728	1.727	0 ms
Numeric time: 0.959	0.959	0 ms
Symbolic time: 1.721	1.721	0 ms
Numeric time: 0.944	0.944	0 ms
Symbolic time: 1.723	1.723	0 ms
Numeric time: 0.941	0.942	0 ms
Symbolic time: 1.727	1.727	0 ms
Numeric time: 0.933	0.932	0.001 ms
Symbolic time: 1.719	1.72	0 ms
Numeric time: 0.941	0	0.941 ms
Symbolic time: 1.72	0.844	0.876 ms
Numeric time: 0.941	0.941	0 ms
Symbolic time: 1.74	1.74	0 ms
Numeric time: 0.943	0	0.943 ms
Symbolic time: 1.721	1.722	0 ms
Numeric time: 0.943	0	0.944 ms
Symbolic time: 1.729	1.729	0 ms
Numeric time: 0.96	0	0.96 ms
Symbolic time: 1.731	1.732	0 ms
Numeric time: 0.944	0.945	0 ms
Symbolic time: 1.721	1.678	0.043 ms
Numeric time: 0.946	0	0.946 ms
Symbolic time: 1.727	1.686	0.041 ms
Numeric time: 0.94	0.94	0 ms
Symbolic time: 1.738	1.738	0 ms
Numeric time: 0.938	0.938	0 ms
Symbolic time: 1.731	1.73	0 ms
Numeric time: 0.967	0.967	0 ms
Symbolic time: 1.732	1.732	0 ms
Numeric time: 0.939	0	0.94 ms
Symbolic time: 1.728	1.729	0 ms
Numeric time: 0.941	0.942	0 ms
Symbolic time: 1.736	1.735	0 ms
Numeric time: 0.939	0.939	0 ms
Symbolic time: 1.727	1.694	0.032 ms
Numeric time: 0.937	0.938	0 ms
Symbolic time: 1.721	0.897	0.825 ms
Numeric time: 0.944	0.943	0 ms
Symbolic time: 1.725	1.724	0 ms
Numeric time: 0.946	0.947	0 ms
Symbolic time: 1.727	1.728	0 ms
Numeric time: 0.949	0.949	0 ms
Symbolic time: 1.722	1.722	0 ms
Numeric time: 0.966	0.966	0 ms
Symbolic time: 1.732	1.732	0 ms
Numeric time: 0.941	0.942	0 ms
Symbolic time: 1.73	1.73	0 ms
Numeric time: 0.955	0.948	0.008 ms
Symbolic time: 1.727	0.901	0.827 ms
Numeric time: 0.944	0.945	0 ms
Symbolic time: 1.723	0.899	0.825 ms
Numeric time: 0.936	0.936	0 ms
Symbolic time: 1.73	1.73	0 ms
Numeric time: 0.944	0	0.943 ms
Symbolic time: 1.726	1.727	0 ms
Numeric time: 0.944	0.945	0 ms
Symbolic time: 1.727	1.728	0 ms
Numeric time: 0.943	0.944	0 ms
Symbolic time: 1.721	1.722	0 ms
Numeric time: 0.941	0.942	0 ms
Symbolic time: 1.721	1.701	0.02 ms
Numeric time: 0.948	0.947	0 ms
Symbolic time: 1.72	1.721	0 ms
Numeric time: 0.943	0.944	0 ms
Symbolic time: 1.73	1.73	0 ms
Numeric time: 0.939	0.939	0 ms
Symbolic time: 1.729	1.729	0 ms
Numeric time: 0.957	0.957	0 ms
Symbolic time: 1.727	1.727	0 ms
Numeric time: 0.939	0.94	0 ms
Symbolic time: 1.723	1.724	0 ms
Numeric time: 0.942	0.942	0 ms
Symbolic time: 1.72	1.72	0 ms
Numeric time: 0.955	0.955	0.001 ms
Symbolic time: 1.725	1.725	0 ms
Numeric time: 0.937	0.938	0 ms
Symbolic time: 1.736	1.736	0 ms
Numeric time: 0.94	0.94	0 ms
Symbolic time: 1.735	1.734	0 ms
Numeric time: 0.942	0.943	0 ms
Symbolic time: 1.731	1.732	0 ms
Numeric time: 0.944	0	0.944 ms
Symbolic time: 1.725	1.724	0 ms
Numeric time: 0.944	0.944	0 ms
Symbolic time: 1.725	1.725	0 ms
Numeric time: 0.944	0.945	0 ms
Symbolic time: 1.719	1.687	0.031 ms
Numeric time: 0.939	0.94	0 ms
Symbolic time: 1.724	1.725	0 ms
Numeric time: 0.942	0.942	0 ms
Symbolic time: 1.728	1.728	0 ms
Numeric time: 0.939	0.94	0 ms
Symbolic time: 1.728	1.728	0 ms
Numeric time: 0.945	0	0.945 ms
Symbolic time: 1.736	1.737	0 ms
Numeric time: 0.946	0	0.947 ms
Symbolic time: 1.726	1.727	0 ms
Numeric time: 0.95	0	0.95 ms
Symbolic time: 1.729	1.728	0 ms
Numeric time: 0.964	0.963	0 ms
Symbolic time: 1.718	1.673	0.045 ms
Numeric time: 0.944	0.944	0 ms
Symbolic time: 1.719	0.897	0.822 ms
Numeric time: 0.944	0.945	0 ms
Symbolic time: 1.725	1.725	0 ms
Numeric time: 0.952	0	0.952 ms
Symbolic time: 1.724	1.723	0 ms
Numeric time: 0.943	0.944	0 ms
Symbolic time: 1.726	1.727	0 ms
Numeric time: 0.942	0.942	0 ms
Symbolic time: 1.727	1.728	0 ms
Numeric time: 0.945	0.945	0 ms
Symbolic time: 1.724	1.705	0.02 ms
Numeric time: 0.949	0	0.949 ms
Symbolic time: 1.727	1.688	0.039 ms
Numeric time: 0.942	0.942	0 ms
Symbolic time: 1.723	1.723	0 ms
Numeric time: 0.94	0.94	0 ms
Symbolic time: 1.732	1.732	0 ms
Numeric time: 0.953	0.953	0 ms
Symbolic time: 1.727	1.727	0 ms
Numeric time: 0.943	0.943	0 ms
Symbolic time: 1.731	1.731	0 ms
Numeric time: 0.938	0.938	0 ms
Symbolic time: 1.734	1.735	0 ms
Numeric time: 0.937	0.932	0.005 ms
Symbolic time: 1.725	1.725	0 ms
Numeric time: 0.936	0.936	0 ms
Symbolic time: 1.735	1.735	0 ms
Numeric time: 0.942	0.942	0 ms
Symbolic time: 1.728	1.728	0 ms
Numeric time: 0.941	0.942	0 ms
Symbolic time: 1.726	1.726	0 ms
Numeric time: 0.936	0.936	0 ms
Symbolic time: 1.723	1.723	0 ms
Numeric time: 0.942	0.942	0 ms
Symbolic time: 1.721	1.722	0 ms
Numeric time: 0.943	0.943	0 ms
Symbolic time: 1.729	1.729	0 ms
Numeric time: 0.94	0.94	0 ms
Symbolic time: 1.714	0.897	0.818 ms
Numeric time: 0.937	0.937	0 ms
Symbolic time: 1.728	1.728	0 ms
Numeric time: 0.94	0.94	0 ms
Symbolic time: 1.732	1.732	0 ms
Numeric time: 0.941	0.942	0 ms
Symbolic time: 1.734	1.734	0 ms
Numeric time: 0.938	0.937	0 ms
Symbolic time: 1.731	1.731	0 ms
Numeric time: 0.94	0.94	0 ms
Symbolic time: 1.725	1.717	0.007 ms
Numeric time: 0.942	0	0.942 ms
Symbolic time: 1.728	1.699	0.029 ms
Numeric time: 0.962	0.962	0 ms
Symbolic time: 1.718	1.718	0 ms
Numeric time: 0.94	0.941	0 ms
Symbolic time: 1.722	1.723	0 ms
Numeric time: 0.94	0	0.94 ms
Symbolic time: 1.736	1.737	0 ms
Numeric time: 0.946	0	0.946 ms
Symbolic time: 1.734	1.734	0 ms
Numeric time: 0.942	0.942	0 ms
Symbolic time: 1.724	1.724	0 ms
Numeric time: 0.948	0.948	0 ms
Symbolic time: 1.721	1.688	0.032 ms
Numeric time: 0.951	0.951	0 ms
Symbolic time: 1.722	1.722	0 ms
Numeric time: 0.96	0.96	0 ms
Symbolic time: 1.736	1.736	0 ms
Numeric time: 0.943	0.943	0 ms
Symbolic time: 1.729	1.729	0 ms
Numeric time: 0.945	0.944	0 ms
Symbolic time: 1.726	1.726	0 ms
Numeric time: 0.94	0	0.941 ms
Symbolic time: 1.726	1.726	0 ms
Numeric time: 0.939	0.939	0 ms
Symbolic time: 1.728	1.728	0 ms
Numeric time: 0.937	0.897	0.04 ms
Symbolic time: 1.726	1.726	0 ms
Numeric time: 0.951	0.952	0 ms
Symbolic time: 1.726	1.726	0 ms
Numeric time: 0.959	0.96	0 ms
Symbolic time: 1.726	1.726	0 ms
Numeric time: 0.939	0.94	0 ms
Symbolic time: 1.729	1.729	0 ms
Numeric time: 0.95	0.95	0 ms
Symbolic time: 1.73	1.73	0 ms
Numeric time: 0.946	0.946	0 ms
Symbolic time: 1.722	1.723	0 ms
Numeric time: 0.94	0.941	0 ms
Symbolic time: 1.729	1.728	0 ms
Numeric time: 0.938	0	0.939 ms
Symbolic time: 1.728	1.682	0.046 ms
Numeric time: 0.944	0.945	0 ms
Symbolic time: 1.73	1.73	0 ms
Numeric time: 0.945	0.945	0 ms
Symbolic time: 1.727	1.728	0 ms
Numeric time: 0.942	0.941	0 ms
Symbolic time: 1.729	1.73	0 ms
Numeric time: 0.943	0.944	0 ms
Symbolic time: 1.727	1.726	0 ms
Numeric time: 0.964	0.964	0 ms
Symbolic time: 1.727	1.727	0 ms
Numeric time: 0.945	0.015	0.93 ms
Symbolic time: 1.73	1.674	0.056 ms
Numeric time: 0.943	0.943	0 ms
Symbolic time: 1.723	0.9	0.823 ms
Numeric time: 0.94	0.94	0 ms
Symbolic time: 1.727	1.727	0 ms
Numeric time: 0.944	0.945	0 ms
Symbolic time: 1.738	1.738	0 ms
Numeric time: 0.947	0.947	0 ms
Symbolic time: 1.731	1.731	0 ms
Numeric time: 0.947	0.947	0 ms
Symbolic time: 1.727	1.727	0 ms
Numeric time: 0.946	0.946	0 ms
Symbolic time: 1.728	1.728	0 ms
Numeric time: 1.172	1.172	0 ms
Symbolic time: 1.781	1.781	0 ms
Numeric time: 1.013	0.066	0.947 ms
Symbolic time: 1.733	1.733	0 ms
Numeric time: 0.971	0.971	0 ms
Symbolic time: 1.735	1.688	0.047 ms
Numeric time: 0.948	0	0.949 ms
Symbolic time: 1.72	1.682	0.038 ms
Numeric time: 0.947	0.948	0 ms
Symbolic time: 1.734	1.734	0 ms
Numeric time: 0.946	0.947	0 ms
Symbolic time: 1.734	1.733	0 ms
Numeric time: 0.953	0.954	0 ms
Symbolic time: 1.745	1.74	0 ms
Numeric time: 0.948	0.948	0 ms
Symbolic time: 1.726	1.726	0 ms
Numeric time: 0.947	0.947	0 ms
Symbolic time: 1.728	1.728	0 ms
Numeric time: 0.963	0.963	0 ms
Symbolic time: 1.727	1.727	0 ms
Numeric time: 0.948	0.949	0 ms
Symbolic time: 1.725	0.894	0.831 ms
Numeric time: 0.944	0.944	0 ms
Symbolic time: 1.726	1.726	0 ms
Numeric time: 0.942	0.943	0 ms
Symbolic time: 1.733	1.732	0 ms
Numeric time: 0.94	0.94	0 ms
Symbolic time: 1.733	1.733	0 ms
Numeric time: 0.943	0.943	0 ms
Symbolic time: 1.732	1.732	0 ms
Numeric time: 0.942	0.942	0 ms
Symbolic time: 1.73	1.724	0.007 ms
Numeric time: 0.943	0.943	0 ms
Symbolic time: 1.78	0.945	0.835 ms
Numeric time: 0.943	0.942	0 ms
Symbolic time: 1.739	0.759	0.98 ms
Numeric time: 0.943	0.943	0 ms
Symbolic time: 1.723	1.724	0 ms
Numeric time: 0.94	0.94	0 ms
Symbolic time: 1.727	1.727	0 ms
Numeric time: 0.955	0.955	0 ms
Symbolic time: 1.732	1.733	0 ms
Numeric time: 0.939	0.94	0 ms
Symbolic time: 1.783	1.784	0 ms
Numeric time: 0.949	0.007	0.943 ms
Symbolic time: 1.73	1.673	0.056 ms
Numeric time: 0.94	0.94	0 ms
Symbolic time: 1.731	0.896	0.834 ms
Numeric time: 0.941	0.941	0 ms
Symbolic time: 1.731	1.732	0 ms
Numeric time: 0.959	0.96	0 ms
Symbolic time: 1.729	1.73	0 ms
Numeric time: 0.94	0.94	0 ms
Symbolic time: 1.74	1.74	0 ms
Numeric time: 1.059	1.059	0 ms
Symbolic time: 1.726	1.725	0 ms
Numeric time: 0.982	0.982	0 ms
Symbolic time: 1.735	1.735	0 ms
Numeric time: 0.97	0.025	0.945 ms
Symbolic time: 1.739	1.738	0 ms
Numeric time: 0.948	0.948	0 ms
Symbolic time: 1.731	1.687	0.045 ms
Numeric time: 0.941	0.941	0 ms
Symbolic time: 1.726	0.897	0.829 ms
Numeric time: 0.959	0.96	0 ms
Symbolic time: 1.73	1.73	0 ms
Numeric time: 0.94	0.94	0 ms
Symbolic time: 1.736	1.736	0 ms
Numeric time: 0.939	0	0.94 ms
Symbolic time: 1.733	1.733	0 ms
Numeric time: 0.942	0	0.942 ms
Symbolic time: 1.721	1.72	0 ms
Numeric time: 0.943	0	0.943 ms
Symbolic time: 1.777	1.777	0 ms
Numeric time: 0.94	0.883	0.057 ms
Symbolic time: 1.725	1.724	0 ms
Numeric time: 0.95	0.95	0 ms
Symbolic time: 1.732	1.731	0 ms
Numeric time: 0.944	0.945	0 ms
Symbolic time: 1.742	1.741	0 ms
Numeric time: 0.943	0	0.944 ms
Symbolic time: 1.78	1.78	0 ms
Numeric time: 0.941	0	0.941 ms
Symbolic time: 1.736	1.736	0 ms
Numeric time: 0.942	0.942	0 ms
Symbolic time: 1.729	1.729	0 ms
Numeric time: 0.943	0.943	0 ms
Symbolic time: 1.73	1.697	0.032 ms
Numeric time: 0.938	0.939	0 ms
Symbolic time: 1.731	1.731	0 ms
Numeric time: 0.956	0.956	0 ms
Symbolic time: 1.739	1.739	0 ms
Numeric time: 0.938	0	0.939 ms
Symbolic time: 1.727	1.727	0 ms
Numeric time: 0.944	0.944	0 ms
Symbolic time: 1.727	1.727	0 ms
Numeric time: 0.938	0.939	0 ms
Symbolic time: 1.731	1.732	0 ms
Numeric time: 0.96	0.96	0 ms
Symbolic time: 1.727	1.727	0 ms
Numeric time: 0.934	0.919	0.016 ms
Symbolic time: 1.772	1.772	0 ms
Numeric time: 0.953	0.953	0 ms
Symbolic time: 1.731	0.908	0.824 ms
Numeric time: 0.966	0.966	0 ms
Symbolic time: 1.735	1.735	0 ms
Numeric time: 0.944	0.943	0 ms
Symbolic time: 1.735	1.736	0 ms
Numeric time: 0.942	0.942	0 ms
Symbolic time: 1.729	1.729	0 ms
Numeric time: 0.943	0	0.943 ms
Symbolic time: 1.729	1.73	0 ms
Numeric time: 0.941	0	0.941 ms
Symbolic time: 1.739	1.739	0 ms
Numeric time: 0.944	0.889	0.055 ms
Symbolic time: 1.727	1.728	0 ms
Numeric time: 0.944	0.945	0 ms
Symbolic time: 1.733	1.734	0 ms
Numeric time: 0.96	0.961	0 ms
Symbolic time: 1.729	1.729	0 ms
Numeric time: 0.941	0.941	0 ms
Symbolic time: 1.73	1.73	0 ms
Numeric time: 0.941	0.941	0 ms
Symbolic time: 1.737	1.738	0 ms
Numeric time: 0.939	0.939	0 ms
Symbolic time: 1.733	1.733	0 ms
Numeric time: 0.944	0.945	0 ms
Symbolic time: 1.727	1.727	0 ms
Numeric time: 0.938	0.938	0 ms
Symbolic time: 1.718	0.89	0.827 ms
Numeric time: 0.945	0.944	0 ms
Symbolic time: 1.728	1.728	0 ms
Numeric time: 0.943	0.943	0 ms
Symbolic time: 1.735	1.735	0 ms
Numeric time: 0.944	0.944	0 ms
Symbolic time: 1.735	1.736	0 ms
Numeric time: 0.938	0.939	0 ms
Symbolic time: 1.731	1.731	0 ms
Numeric time: 0.951	0.951	0 ms
Symbolic time: 1.731	1.723	0.007 ms
Numeric time: 0.94	0	0.941 ms
Symbolic time: 1.727	1.681	0.045 ms
Numeric time: 0.941	0.941	0 ms
Symbolic time: 1.734	1.734	0 ms
Numeric time: 0.94	0.94	0 ms
Symbolic time: 1.731	1.731	0 ms
Numeric time: 0.94	0.941	0 ms
Symbolic time: 1.735	1.735	0 ms
Numeric time: 0.942	0.942	0 ms
Symbolic time: 1.732	1.732	0 ms
Numeric time: 0.937	0.938	0 ms
Symbolic time: 1.727	1.721	0.006 ms
Numeric time: 0.937	0	0.937 ms
Symbolic time: 1.726	1.677	0.048 ms
Numeric time: 0.939	0.939	0 ms
Symbolic time: 1.739	1.739	0 ms
Numeric time: 0.938	0.939	0 ms
Symbolic time: 1.733	1.733	0 ms
Numeric time: 0.942	0.943	0 ms
Symbolic time: 1.729	1.729	0 ms
Numeric time: 0.937	0.938	0 ms
Symbolic time: 1.734	1.735	0 ms
Numeric time: 0.94	0.002	0.938 ms
Symbolic time: 1.73	1.729	0 ms
Numeric time: 0.938	0.884	0.054 ms
Symbolic time: 1.731	1.731	0 ms
Numeric time: 0.944	0.944	0 ms
Symbolic time: 1.781	0.798	0.983 ms
Numeric time: 0.947	0.947	0 ms
Symbolic time: 1.729	1.728	0 ms
Numeric time: 0.938	0.938	0 ms
Symbolic time: 1.732	1.731	0 ms
Numeric time: 0.945	0.944	0 ms
Symbolic time: 1.732	1.731	0 ms
Numeric time: 0.941	0.941	0 ms
Symbolic time: 1.752	1.753	0 ms
Numeric time: 0.954	0.953	0 ms
Symbolic time: 1.735	1.726	0.009 ms
Numeric time: 0.942	0	0.942 ms
Symbolic time: 1.726	1.704	0.022 ms
Numeric time: 0.941	0.942	0 ms
Symbolic time: 1.742	0.762	0.98 ms
Numeric time: 0.949	0	0.95 ms
Symbolic time: 1.737	1.737	0 ms
Numeric time: 0.941	0.941	0 ms
Symbolic time: 1.733	1.733	0 ms
Numeric time: 0.943	0.944	0 ms
Symbolic time: 1.739	1.739	0 ms
Numeric time: 0.941	0.941	0 ms
Symbolic time: 1.736	1.737	0 ms
Numeric time: 0.952	0.952	0 ms
Symbolic time: 1.732	1.721	0.01 ms
Numeric time: 0.964	0.964	0 ms
Symbolic time: 1.731	1.731	0 ms
Numeric time: 0.941	0.941	0 ms
Symbolic time: 1.783	1.783	0 ms
Numeric time: 0.94	0	0.941 ms
Symbolic time: 1.727	1.727	0 ms
Numeric time: 0.941	0.941	0 ms
Symbolic time: 1.734	1.733	0 ms
Numeric time: 0.942	0.941	0 ms
Symbolic time: 1.733	1.733	0 ms
Numeric time: 0.939	0.94	0 ms
Symbolic time: 1.774	1.774	0 ms
Numeric time: 0.945	0.945	0 ms
Symbolic time: 1.726	1.717	0.01 ms
Numeric time: 0.946	0.947	0 ms
Symbolic time: 1.73	0.902	0.828 ms
Numeric time: 0.941	0.942	0 ms
Symbolic time: 1.731	1.731	0 ms
Numeric time: 0.938	0.938	0 ms
Symbolic time: 1.733	1.733	0 ms
Numeric time: 0.958	0.959	0 ms
Symbolic time: 1.741	1.741	0 ms
Numeric time: 0.94	0	0.941 ms
Symbolic time: 1.731	1.731	0 ms
Numeric time: 0.948	0.948	0 ms
Symbolic time: 1.726	1.682	0.045 ms
Numeric time: 0.938	0	0.938 ms
Symbolic time: 1.726	1.695	0.031 ms
Numeric time: 0.96	0.96	0 ms
Symbolic time: 1.725	1.726	0 ms
Numeric time: 0.943	0	0.943 ms
Symbolic time: 1.743	1.743	0 ms
Numeric time: 0.942	0.942	0 ms
Symbolic time: 1.726	1.726	0 ms
Numeric time: 0.941	0	0.942 ms
Symbolic time: 1.728	1.729	0 ms
Numeric time: 0.94	0.94	0 ms
Symbolic time: 1.729	1.73	0 ms
Numeric time: 0.943	0.943	0 ms
Symbolic time: 1.727	1.695	0.032 ms
Numeric time: 0.944	0	0.945 ms
Symbolic time: 1.727	1.686	0.041 ms
Numeric time: 0.936	0.936	0 ms
Symbolic time: 1.731	1.732	0 ms
Numeric time: 0.937	0.938	0 ms
Symbolic time: 1.733	1.733	0 ms
Numeric time: 0.94	0.941	0 ms
Symbolic time: 1.739	1.739	0 ms
Numeric time: 0.94	0.942	0 ms
Symbolic time: 1.726	1.726	0 ms
Numeric time: 0.942	0.943	0 ms
Symbolic time: 1.731	1.725	0.007 ms
Numeric time: 0.94	0.941	0 ms
Symbolic time: 1.724	0.894	0.83 ms
Numeric time: 0.936	0.937	0 ms
Symbolic time: 1.729	1.729	0 ms
Numeric time: 0.939	0.94	0 ms
Symbolic time: 1.731	1.732	0 ms
Numeric time: 0.948	0.948	0 ms
Symbolic time: 1.784	1.784	0 ms
Numeric time: 0.943	0.943	0 ms
Symbolic time: 1.724	1.724	0 ms
Numeric time: 0.946	0.946	0 ms
Symbolic time: 1.725	1.715	0.01 ms
Numeric time: 0.936	0	0.936 ms
Symbolic time: 1.73	1.7	0.031 ms
Numeric time: 0.942	0.942	0 ms
Symbolic time: 1.736	1.736	0 ms
Numeric time: 0.943	0.943	0 ms
Symbolic time: 1.726	1.726	0 ms
Numeric time: 0.941	0.941	0 ms
Symbolic time: 1.735	1.735	0 ms
Numeric time: 0.936	0.937	0 ms
Symbolic time: 1.729	1.729	0 ms
Numeric time: 0.939	0.939	0 ms
Symbolic time: 1.729	1.729	0 ms
Numeric time: 0.952	0.949	0.003 ms
Symbolic time: 1.734	1.733	0 ms
Numeric time: 0.939	0.939	0 ms
Symbolic time: 1.733	1.733	0 ms
Numeric time: 0.94	0.94	0 ms
Symbolic time: 1.731	1.731	0 ms
Numeric time: 0.945	0.945	0 ms
Symbolic time: 1.73	1.73	0 ms
Numeric time: 0.939	0.94	0 ms
Symbolic time: 1.735	1.734	0 ms
Numeric time: 0.941	0.94	0 ms
Symbolic time: 1.784	1.784	0 ms
Numeric time: 0.941	0.942	0 ms
Symbolic time: 1.734	1.734	0 ms
Numeric time: 0.945	0.945	0 ms
Symbolic time: 1.776	1.776	0 ms
Numeric time: 0.942	0	0.942 ms
Symbolic time: 1.732	1.732	0 ms
Numeric time: 0.941	0.942	0 ms
Symbolic time: 1.738	1.738	0 ms
Numeric time: 0.938	0.939	0 ms
Symbolic time: 1.726	1.726	0 ms
Numeric time: 0.944	0.944	0 ms
Symbolic time: 1.725	1.725	0 ms
Numeric time: 0.938	0.938	0 ms
Symbolic time: 1.725	1.725	0 ms
Numeric time: 0.937	0.935	0.001 ms
Symbolic time: 1.732	0.897	0.835 ms
Numeric time: 0.963	0.963	0 ms
Symbolic time: 1.722	0.892	0.831 ms
Numeric time: 0.95	0.95	0 ms
Symbolic time: 1.737	1.738	0 ms
Numeric time: 0.96	0.96	0 ms
Symbolic time: 1.73	1.73	0 ms
Numeric time: 0.94	0.941	0 ms
Symbolic time: 1.734	1.734	0 ms
Numeric time: 0.943	0.944	0 ms
Symbolic time: 1.729	1.729	0 ms
Numeric time: 0.942	0.942	0 ms
Symbolic time: 1.728	1.719	0.009 ms
Numeric time: 0.945	0.945	0 ms
Symbolic time: 1.733	1.734	0 ms
Numeric time: 0.954	0.955	0 ms
Symbolic time: 1.732	0.756	0.976 ms
Numeric time: 0.938	0	0.938 ms
Symbolic time: 1.73	1.731	0 ms
Numeric time: 0.953	0.953	0 ms
Symbolic time: 1.732	1.733	0 ms
Numeric time: 0.941	0.941	0 ms
Symbolic time: 1.726	1.725	0 ms
Numeric time: 0.938	0.938	0 ms
Symbolic time: 1.725	1.725	0 ms
Numeric time: 0.937	0.921	0.015 ms
Symbolic time: 1.729	1.73	0 ms
Numeric time: 0.939	0.94	0 ms
Symbolic time: 1.732	1.732	0 ms
Numeric time: 0.945	0.945	0 ms
Symbolic time: 1.736	1.735	0 ms
Numeric time: 0.937	0.938	0 ms
Symbolic time: 1.779	1.778	0 ms
Numeric time: 0.938	0.939	0 ms
Symbolic time: 1.728	1.728	0 ms
Numeric time: 0.941	0.942	0 ms
Symbolic time: 1.732	1.731	0 ms
Numeric time: 0.943	0.944	0 ms
Symbolic time: 1.727	1.728	0 ms
Numeric time: 0.939	0	0.94 ms
Symbolic time: 1.729	1.684	0.045 ms
Numeric time: 0.941	0.942	0 ms
Symbolic time: 1.731	1.732	0 ms
Numeric time: 0.941	0.941	0 ms
Symbolic time: 1.78	1.78	0 ms
Numeric time: 0.944	0.944	0 ms
Symbolic time: 1.732	1.732	0 ms
Numeric time: 0.936	0.937	0 ms
Symbolic time: 1.733	1.732	0 ms
Numeric time: 0.958	0.959	0 ms
Symbolic time: 1.731	1.731	0 ms
Numeric time: 0.959	0.027	0.932 ms
Symbolic time: 1.731	1.674	0.058 ms
Numeric time: 0.966	0.966	0 ms
Symbolic time: 1.731	1.731	0 ms
Numeric time: 0.963	0.964	0 ms
Symbolic time: 1.73	1.73	0 ms
Numeric time: 0.953	0.953	0 ms
Symbolic time: 1.745	1.745	0 ms
Numeric time: 0.944	0.944	0 ms
Symbolic time: 1.729	1.729	0 ms
Numeric time: 0.962	0.962	0 ms
Symbolic time: 1.731	1.731	0 ms
Numeric time: 0.947	0.947	0 ms
Symbolic time: 1.727	1.728	0 ms
Numeric time: 0.938	0.939	0 ms
Symbolic time: 1.735	1.734	0 ms
Numeric time: 0.939	0.939	0 ms
Symbolic time: 1.724	0.894	0.83 ms
Numeric time: 0.936	0.936	0 ms
Symbolic time: 1.736	1.736	0 ms
Numeric time: 0.939	0.939	0 ms
Symbolic time: 1.733	1.733	0 ms
Numeric time: 0.939	0.939	0 ms
Symbolic time: 1.727	1.727	0 ms
Numeric time: 0.954	0.954	0 ms
Symbolic time: 1.783	1.782	0 ms
Numeric time: 0.949	0.949	0 ms
Symbolic time: 1.731	1.731	0 ms
Numeric time: 0.945	0.936	0.009 ms
Symbolic time: 1.721	1.721	0 ms
Numeric time: 0.945	0.946	0 ms
Symbolic time: 1.775	1.774	0 ms
Numeric time: 0.939	0.939	0 ms
Symbolic time: 1.784	1.784	0 ms
Numeric time: 0.94	0.941	0 ms
Symbolic time: 1.735	1.734	0 ms
Numeric time: 0.938	0.939	0 ms
Symbolic time: 1.729	1.729	0 ms
Numeric time: 0.94	0	0.941 ms
Symbolic time: 1.728	1.728	0 ms
Numeric time: 0.94	0.94	0 ms
Symbolic time: 1.728	1.684	0.044 ms
Numeric time: 0.964	0	0.965 ms
Symbolic time: 1.74	1.734	0.007 ms
Numeric time: 0.936	0.936	0 ms
Symbolic time: 1.734	1.735	0 ms
Numeric time: 0.935	0.935	0 ms
Symbolic time: 1.732	1.733	0 ms
Numeric time: 0.965	0.964	0 ms
Symbolic time: 1.731	1.73	0 ms
Numeric time: 0.977	0.978	0 ms
Symbolic time: 1.74	1.74	0 ms
Numeric time: 0.941	0.942	0 ms
Symbolic time: 1.728	1.729	0 ms
Numeric time: 0.941	0.942	0 ms
Symbolic time: 1.734	1.734	0 ms
Numeric time: 0.938	0.938	0 ms
Symbolic time: 1.728	1.728	0 ms
Numeric time: 0.949	0.949	0 ms
Symbolic time: 1.74	1.74	0 ms
Numeric time: 0.961	0	0.961 ms
Symbolic time: 1.729	1.729	0 ms
Numeric time: 0.943	0.943	0 ms
Symbolic time: 1.733	1.733	0 ms
Numeric time: 0.948	0.948	0 ms
Symbolic time: 1.735	1.735	0 ms
Numeric time: 0.945	0.945	0 ms
Symbolic time: 1.729	1.729	0 ms
Numeric time: 0.937	0.937	0 ms
Symbolic time: 1.734	1.727	0.008 ms
Numeric time: 0.938	0.938	0 ms
Symbolic time: 1.734	1.734	0 ms
Numeric time: 0.939	0.939	0 ms
Symbolic time: 1.732	1.732	0 ms
Numeric time: 0.939	0	0.939 ms
Symbolic time: 1.734	1.733	0 ms
Numeric time: 0.938	0.938	0 ms
Symbolic time: 1.779	1.78	0 ms
Numeric time: 0.935	0.935	0 ms
Symbolic time: 1.731	1.731	0 ms
Numeric time: 0.94	0.94	0 ms
Symbolic time: 1.729	1.708	0.021 ms
Numeric time: 0.952	0.953	0 ms
Symbolic time: 1.718	1.719	0 ms
Numeric time: 0.94	0.94	0 ms
Symbolic time: 1.739	1.739	0 ms
Numeric time: 0.935	0.936	0 ms
Symbolic time: 1.742	1.742	0 ms
Numeric time: 0.942	0.942	0 ms
Symbolic time: 1.727	1.727	0 ms
Numeric time: 0.94	0.94	0 ms
Symbolic time: 1.739	1.74	0 ms
Numeric time: 0.943	0.944	0 ms
Symbolic time: 1.728	1.729	0 ms
Numeric time: 0.955	0.955	0 ms
Symbolic time: 1.723	1.723	0 ms
Numeric time: 0.951	0.952	0 ms
Symbolic time: 1.734	1.734	0 ms
Numeric time: 0.934	0	0.936 ms
Symbolic time: 1.74	1.74	0 ms
Numeric time: 0.946	0.945	0 ms
Symbolic time: 1.732	1.733	0 ms
Numeric time: 0.936	0.936	0 ms
Symbolic time: 1.726	1.727	0 ms
Numeric time: 0.955	0.955	0 ms
Symbolic time: 1.733	1.734	0 ms
Numeric time: 0.938	0.938	0 ms
Symbolic time: 1.729	1.721	0.007 ms
Numeric time: 0.941	0.942	0 ms
Symbolic time: 1.74	0.907	0.832 ms
Numeric time: 0.936	0.936	0 ms
Symbolic time: 1.731	1.731	0 ms
Numeric time: 0.935	0.936	0 ms
Symbolic time: 1.73	1.731	0 ms
Numeric time: 0.936	0.935	0 ms
Symbolic time: 1.732	1.731	0 ms
Numeric time: 0.938	0	0.939 ms
Symbolic time: 1.728	1.728	0 ms
Numeric time: 0.941	0.942	0 ms
Symbolic time: 1.725	1.682	0.043 ms
Numeric time: 0.937	0.938	0 ms
Symbolic time: 1.726	0.894	0.831 ms
Numeric time: 0.935	0.935	0 ms
Symbolic time: 1.727	1.727	0 ms
Numeric time: 0.963	0.963	0 ms
Symbolic time: 1.732	1.733	0 ms
Numeric time: 0.944	0.944	0 ms
Symbolic time: 1.728	1.728	0 ms
Numeric time: 0.936	0.937	0 ms
Symbolic time: 1.778	1.778	0 ms
Numeric time: 0.948	0.949	0 ms
Symbolic time: 1.735	1.735	0 ms
Numeric time: 0.933	0.924	0.009 ms
Symbolic time: 1.723	1.724	0 ms
Numeric time: 0.94	0.94	0 ms
Symbolic time: 1.731	1.731	0 ms
Numeric time: 0.941	0.941	0 ms
Symbolic time: 1.735	1.734	0 ms
Numeric time: 0.939	0	0.939 ms
Symbolic time: 1.735	1.735	0 ms
Numeric time: 0.938	0	0.938 ms
Symbolic time: 1.736	1.736	0 ms
Numeric time: 0.937	0.937	0 ms
Symbolic time: 1.732	1.732	0 ms
Numeric time: 0.937	0.897	0.04 ms
Symbolic time: 1.731	1.731	0 ms
Numeric time: 0.956	0.956	0 ms
Symbolic time: 1.774	1.773	0 ms
Numeric time: 0.957	0.958	0 ms
Symbolic time: 1.777	1.777	0 ms
Numeric time: 0.94	0.94	0 ms
Symbolic time: 1.732	1.732	0 ms
Numeric time: 0.936	0.935	0 ms
Symbolic time: 1.731	1.731	0 ms
Numeric time: 0.937	0.937	0 ms
Symbolic time: 1.731	1.731	0 ms
Numeric time: 0.936	0.936	0 ms
Symbolic time: 1.727	1.726	0 ms
Numeric time: 0.933	0.934	0 ms
Symbolic time: 1.727	1.727	0 ms
Numeric time: 0.937	0.937	0 ms
Symbolic time: 1.736	1.736	0 ms
Numeric time: 0.946	0.946	0 ms
Symbolic time: 1.729	1.729	0 ms
Numeric time: 0.956	0.956	0 ms
Symbolic time: 1.731	1.731	0 ms
Numeric time: 0.954	0.954	0 ms
Symbolic time: 1.731	1.732	0 ms
Numeric time: 0.936	0.936	0 ms
Symbolic time: 1.729	1.73	0 ms
Numeric time: 0.936	0.936	0 ms
Symbolic time: 1.721	1.722	0 ms
Numeric time: 0.94	0.94	0 ms
Symbolic time: 1.73	1.73	0 ms
Numeric time: 0.939	0	0.938 ms
Symbolic time: 1.731	1.731	0 ms
Numeric time: 0.939	0.939	0 ms
Symbolic time: 1.732	1.732	0 ms
Numeric time: 0.934	0.934	0 ms
Symbolic time: 1.727	1.726	0 ms
Numeric time: 0.937	0.938	0 ms
Symbolic time: 1.735	1.735	0 ms
Numeric time: 0.93	0.916	0.013 ms
Symbolic time: 1.725	0.889	0.836 ms
Numeric time: 0.937	0.937	0 ms
Symbolic time: 1.728	1.728	0 ms
Numeric time: 0.94	0.94	0 ms
Symbolic time: 1.721	1.722	0 ms
Numeric time: 0.936	0.936	0 ms
Symbolic time: 1.738	1.738	0 ms
Numeric time: 0.94	0.941	0 ms
Symbolic time: 1.78	1.78	0 ms
Numeric time: 0.94	0.94	0 ms
Symbolic time: 1.724	1.725	0 ms
Numeric time: 0.938	0.939	0 ms
Symbolic time: 1.727	1.727	0 ms
Numeric time: 0.935	0.935	0 ms
Symbolic time: 1.723	0.894	0.828 ms
Numeric time: 0.938	0.937	0 ms
Symbolic time: 1.729	1.729	0 ms
Numeric time: 0.937	0.937	0 ms
Symbolic time: 1.727	1.727	0 ms
Numeric time: 0.937	0.937	0 ms
Symbolic time: 1.736	1.736	0 ms
Numeric time: 0.945	0.945	0 ms
Symbolic time: 1.726	1.726	0 ms
Numeric time: 0.946	0.946	0 ms
Symbolic time: 1.731	1.726	0.006 ms
Numeric time: 0.958	0.958	0 ms
Symbolic time: 1.726	1.727	0 ms
Numeric time: 0.935	0.935	0 ms
Symbolic time: 1.737	1.737	0 ms
Numeric time: 0.935	0.934	0 ms
Symbolic time: 1.739	1.739	0 ms
Numeric time: 0.942	0.942	0 ms
Symbolic time: 1.731	1.731	0 ms
Numeric time: 0.936	0.936	0 ms
Symbolic time: 1.73	1.73	0 ms
Numeric time: 0.938	0.939	0 ms
Symbolic time: 1.726	1.726	0.001 ms
Numeric time: 0.946	0.946	0 ms
Symbolic time: 1.767	1.767	0 ms
Numeric time: 0.938	0.938	0 ms
Symbolic time: 1.781	1.781	0 ms
Numeric time: 0.939	0.939	0 ms
Symbolic time: 1.731	1.732	0 ms
Numeric time: 0.936	0.936	0 ms
Symbolic time: 1.733	1.733	0 ms
Numeric time: 0.934	0.934	0 ms
Symbolic time: 1.727	1.727	0 ms
Numeric time: 0.941	0.942	0 ms
Symbolic time: 1.727	1.727	0 ms
Numeric time: 0.936	0.937	0 ms
Symbolic time: 1.733	1.732	0 ms
Numeric time: 0.937	0.937	0 ms
Symbolic time: 1.726	0.905	0.82 ms
Numeric time: 0.935	0.935	0 ms
Symbolic time: 1.731	1.731	0 ms
Numeric time: 0.955	0.956	0 ms
Symbolic time: 1.734	1.735	0 ms
Numeric time: 0.954	0.954	0 ms
Symbolic time: 1.73	1.73	0 ms
Numeric time: 0.942	0.941	0 ms
Symbolic time: 1.783	1.783	0 ms
Numeric time: 0.942	0.943	0 ms
Symbolic time: 1.724	1.724	0 ms
Numeric time: 0.937	0.93	0.009 ms
Symbolic time: 1.737	1.737	0 ms
Numeric time: 0.942	0.942	0 ms
Symbolic time: 1.73	1.731	0 ms
Numeric time: 0.937	0	0.937 ms
Symbolic time: 1.726	1.726	0 ms
Numeric time: 0.938	0.937	0 ms
Symbolic time: 1.727	1.728	0 ms
Numeric time: 0.936	0	0.936 ms
Symbolic time: 1.734	1.733	0 ms
Numeric time: 0.943	0.943	0 ms
Symbolic time: 1.731	1.732	0 ms
Numeric time: 0.931	0.893	0.038 ms
Symbolic time: 1.734	0.897	0.837 ms
Numeric time: 0.954	0.954	0 ms
Symbolic time: 1.724	1.724	0 ms
Numeric time: 0.933	0.933	0 ms
Symbolic time: 1.737	1.738	0 ms
Numeric time: 0.937	0.937	0 ms
Symbolic time: 1.729	1.729	0 ms
Numeric time: 0.961	0	0.961 ms
Symbolic time: 1.723	1.723	0 ms
Numeric time: 0.939	0.939	0 ms
Symbolic time: 1.732	1.732	0 ms
Numeric time: 0.943	0.943	0 ms
Symbolic time: 1.723	1.694	0.03 ms
Numeric time: 0.938	0.939	0 ms
Symbolic time: 1.731	0.901	0.831 ms
Numeric time: 0.94	0.941	0 ms
Symbolic time: 1.731	1.73	0 ms
Numeric time: 0.937	0.938	0 ms
Symbolic time: 1.73	1.731	0 ms
Numeric time: 0.938	0.939	0 ms
Symbolic time: 1.729	1.729	0 ms
Numeric time: 0.957	0.957	0 ms
Symbolic time: 1.739	1.739	0 ms
Numeric time: 0.938	0.938	0 ms

Symbolic time: 1.74646 ms
Numeric time: 0.952631 ms
