Symbolic time: 1.204	1.191	0.009 ms
Numeric time: 0.718	0.721	0 ms
Symbolic time: 1.078	1.077	0 ms
Numeric time: 0.434	0.435	0 ms
Symbolic time: 0.684	0.679	0.005 ms
Numeric time: 0.439	0.44	0 ms
Symbolic time: 0.702	0.701	0 ms
Numeric time: 0.42	0.421	0 ms
Symbolic time: 0.702	0.702	0 ms
Numeric time: 0.423	0.422	0 ms
Symbolic time: 0.693	0.694	0 ms
Numeric time: 0.416	0.415	0 ms
Symbolic time: 0.686	0.686	0 ms
Numeric time: 0.419	0	0.42 ms
Symbolic time: 0.689	0.168	0.521 ms
Numeric time: 0.43	0.43	0 ms
Symbolic time: 0.691	0.691	0 ms
Numeric time: 0.418	0.417	0 ms
Symbolic time: 0.708	0.709	0 ms
Numeric time: 0.42	0.42	0 ms
Symbolic time: 0.622	0.623	0 ms
Numeric time: 0.337	0.337	0 ms
Symbolic time: 0.562	0.561	0 ms
Numeric time: 0.336	0.337	0 ms
Symbolic time: 0.56	0.56	0 ms
Numeric time: 0.337	0.336	0 ms
Symbolic time: 0.559	0.558	0 ms
Numeric time: 0.336	0.337	0 ms
Symbolic time: 0.558	0.559	0 ms
Numeric time: 0.338	0.339	0 ms
Symbolic time: 0.561	0.56	0 ms
Numeric time: 0.338	0.337	0 ms
Symbolic time: 0.56	0.559	0 ms
Numeric time: 0.345	0.346	0 ms
Symbolic time: 0.561	0.562	0 ms
Numeric time: 0.34	0.34	0 ms
Symbolic time: 0.57	0.571	0 ms
Numeric time: 0.342	0.342	0 ms
Symbolic time: 0.559	0.559	0 ms
Numeric time: 0.337	0.338	0 ms
Symbolic time: 0.562	0.562	0 ms
Numeric time: 0.34	0.34	0 ms
Symbolic time: 0.554	0.552	0.001 ms
Numeric time: 0.347	0	0.348 ms
Symbolic time: 0.555	0	0.555 ms
Numeric time: 0.349	0.349	0 ms
Symbolic time: 0.556	0.54	0.015 ms
Numeric time: 0.343	0.343	0 ms
Symbolic time: 0.56	0.56	0 ms
Numeric time: 0.35	0.351	0 ms
Symbolic time: 0.557	0.558	0 ms
Numeric time: 0.356	0.356	0 ms
Symbolic time: 0.554	0.554	0 ms
Numeric time: 0.354	0.354	0 ms
Symbolic time: 0.555	0.555	0 ms
Numeric time: 0.349	0.349	0 ms
Symbolic time: 0.552	0.552	0 ms
Numeric time: 0.428	0.43	0 ms
Symbolic time: 0.556	0.556	0 ms
Numeric time: 0.351	0.351	0 ms
Symbolic time: 0.595	0.596	0 ms
Numeric time: 0.365	0.365	0 ms
Symbolic time: 0.568	0.568	0 ms
Numeric time: 0.35	0.35	0 ms
Symbolic time: 0.553	0.553	0 ms
Numeric time: 0.349	0.349	0 ms
Symbolic time: 0.552	0.552	0 ms
Numeric time: 0.349	0.349	0 ms
Symbolic time: 0.552	0.552	0 ms
Numeric time: 0.356	0.356	0 ms
Symbolic time: 0.552	0.553	0 ms
Numeric time: 0.343	0.343	0 ms
Symbolic time: 0.554	0.554	0 ms
Numeric time: 0.345	0.345	0 ms
Symbolic time: 0.552	0.551	0 ms
Numeric time: 0.338	0.339	0 ms
Symbolic time: 0.562	0	0.562 ms
Numeric time: 0.342	0	0.342 ms
Symbolic time: 0.555	0.551	0.005 ms
Numeric time: 0.339	0.318	0.021 ms
Symbolic time: 0.558	0.558	0 ms
Numeric time: 0.335	0.335	0 ms
Symbolic time: 0.567	0.567	0 ms
Numeric time: 0.339	0.339	0 ms
Symbolic time: 0.559	0.56	0 ms
Numeric time: 0.337	0.337	0 ms
Symbolic time: 0.56	0.56	0 ms
Numeric time: 0.337	0.338	0 ms
Symbolic time: 0.569	0	0.569 ms
Numeric time: 0.341	0	0.341 ms
Symbolic time: 0.557	0.557	0 ms
Numeric time: 0.337	0.329	0.007 ms
Symbolic time: 0.558	0.557	0 ms
Numeric time: 0.338	0.339	0 ms
Symbolic time: 0.557	0.556	0 ms
Numeric time: 0.336	0.336	0 ms
Symbolic time: 0.559	0.56	0 ms
Numeric time: 0.339	0.338	0 ms
Symbolic time: 0.56	0.559	0 ms
Numeric time: 0.336	0.335	0 ms
Symbolic time: 0.559	0.559	0 ms
Numeric time: 0.338	0.337	0 ms
Symbolic time: 0.555	0.555	0 ms
Numeric time: 0.336	0.336	0 ms
Symbolic time: 0.557	0.557	0 ms
Numeric time: 0.337	0.337	0 ms
Symbolic time: 0.556	0.557	0 ms
Numeric time: 0.338	0.338	0 ms
Symbolic time: 0.56	0.546	0.014 ms
Numeric time: 0.343	0.343	0 ms
Symbolic time: 0.555	0.555	0 ms
Numeric time: 0.343	0.343	0 ms
Symbolic time: 0.555	0.555	0 ms
Numeric time: 0.339	0	0.339 ms
Symbolic time: 0.553	0	0.552 ms
Numeric time: 0.338	0.339	0 ms
Symbolic time: 0.553	0.519	0.034 ms
Numeric time: 0.342	0.342	0 ms
Symbolic time: 2.515	1.705	0.008 ms
Numeric time: 1.054	1.05	0.004 ms
Symbolic time: 1.695	1.694	0 ms
Numeric time: 1.022	1.023	0 ms
Symbolic time: 1.69	1.691	0 ms
Numeric time: 1.021	1.021	0 ms
Symbolic time: 1.68	1.68	0 ms
Numeric time: 1.018	1.018	0 ms
Symbolic time: 1.466	1.466	0 ms
Numeric time: 0.634	0.634	0 ms
Symbolic time: 1.056	1.057	0 ms
Numeric time: 0.64	0	0.64 ms
Symbolic time: 1.049	0.814	0.236 ms
Numeric time: 0.639	0.639	0 ms
Symbolic time: 1.059	1.059	0 ms
Numeric time: 0.64	0.64	0 ms
Symbolic time: 1.06	1.06	0 ms
Numeric time: 0.633	0.617	0.017 ms
Symbolic time: 1.056	1.056	0 ms
Numeric time: 0.64	0.64	0 ms
Symbolic time: 0.735	0.735	0 ms
Numeric time: 0.424	0.424	0 ms
Symbolic time: 0.688	0.688	0 ms
Numeric time: 0.425	0.425	0 ms
Symbolic time: 0.692	0	0.691 ms
Numeric time: 0.419	0.159	0.26 ms
Symbolic time: 0.689	0.69	0 ms
Numeric time: 0.419	0.41	0.009 ms
Symbolic time: 0.69	0.691	0 ms
Numeric time: 0.418	0.409	0.008 ms
Symbolic time: 0.693	0.693	0 ms
Numeric time: 0.415	0.406	0.008 ms
Symbolic time: 0.686	0.686	0 ms
Numeric time: 0.423	0.423	0 ms
Symbolic time: 0.688	0.688	0 ms
Numeric time: 0.425	0.425	0 ms
Symbolic time: 0.654	0.654	0 ms
Numeric time: 0.337	0.337	0 ms
Symbolic time: 0.559	0.559	0 ms
Numeric time: 0.335	0.335	0 ms
Symbolic time: 0.556	0.556	0 ms
Numeric time: 0.336	0	0.336 ms
Symbolic time: 0.554	0	0.554 ms
Numeric time: 0.341	0.341	0 ms
Symbolic time: 0.553	0.527	0.027 ms
Numeric time: 0.342	0.342	0 ms
Symbolic time: 0.554	0.554	0 ms
Numeric time: 0.345	0.345	0 ms
Symbolic time: 0.555	0.555	0 ms
Numeric time: 0.338	0.338	0 ms
Symbolic time: 0.553	0.553	0 ms
Numeric time: 0.342	0.342	0 ms
Symbolic time: 0.554	0.554	0 ms
Numeric time: 0.344	0.344	0 ms
Symbolic time: 0.554	0.554	0 ms
Numeric time: 0.346	0.346	0 ms
Symbolic time: 0.558	0.558	0 ms
Numeric time: 0.345	0.345	0 ms
Symbolic time: 0.554	0.554	0 ms
Numeric time: 0.336	0.333	0.003 ms
Symbolic time: 0.556	0.556	0 ms
Numeric time: 0.336	0.336	0 ms
Symbolic time: 0.568	0.561	0 ms
Numeric time: 0.342	0.342	0 ms
Symbolic time: 0.559	0.559	0 ms
Numeric time: 0.335	0.335	0 ms
Symbolic time: 0.558	0.558	0 ms
Numeric time: 0.335	0.334	0 ms
Symbolic time: 0.557	0.558	0 ms
Numeric time: 0.335	0.336	0 ms
Symbolic time: 0.555	0.555	0 ms
Numeric time: 0.335	0.335	0 ms
Symbolic time: 0.557	0.557	0 ms
Numeric time: 0.338	0.338	0 ms
Symbolic time: 0.558	0.557	0 ms
Numeric time: 0.334	0.334	0 ms
Symbolic time: 0.559	0.559	0 ms
Numeric time: 0.336	0.336	0 ms
Symbolic time: 0.554	0.553	0 ms
Numeric time: 0.337	0.336	0 ms
Symbolic time: 0.558	0.558	0 ms
Numeric time: 0.335	0.335	0 ms
Symbolic time: 0.558	0.559	0 ms
Numeric time: 0.337	0.337	0 ms
Symbolic time: 0.559	0.559	0 ms
Numeric time: 0.335	0.336	0 ms
Symbolic time: 0.557	0.558	0 ms
Numeric time: 0.337	0.336	0 ms
Symbolic time: 0.553	0.554	0 ms
Numeric time: 0.347	0.347	0 ms
Symbolic time: 0.553	0.553	0 ms
Numeric time: 0.342	0	0.342 ms
Symbolic time: 0.552	0	0.552 ms
Numeric time: 0.349	0.348	0 ms
Symbolic time: 0.551	0.516	0.035 ms
Numeric time: 0.343	0.342	0 ms
Symbolic time: 0.553	0.553	0 ms
Numeric time: 0.342	0	0.342 ms
Symbolic time: 0.556	0	0.556 ms
Numeric time: 0.34	0.341	0 ms
Symbolic time: 0.552	0.52	0.032 ms
Numeric time: 0.342	0.341	0 ms
Symbolic time: 0.554	0.554	0 ms
Numeric time: 0.342	0.342	0 ms
Symbolic time: 0.552	0.552	0 ms
Numeric time: 0.334	0.316	0.018 ms
Symbolic time: 0.556	0	0.555 ms
Numeric time: 0.337	0	0.337 ms
Symbolic time: 0.553	0.546	0.007 ms
Numeric time: 0.335	0.309	0.027 ms
Symbolic time: 0.562	0.562	0 ms
Numeric time: 0.336	0.335	0 ms
Symbolic time: 0.559	0.558	0 ms
Numeric time: 0.335	0.336	0 ms
Symbolic time: 0.558	0.558	0 ms
Numeric time: 0.336	0.335	0 ms
Symbolic time: 0.56	0	0.561 ms
Numeric time: 0.336	0	0.337 ms
Symbolic time: 0.562	0.563	0 ms
Numeric time: 0.336	0.317	0.02 ms
Symbolic time: 0.555	0.555	0 ms
Numeric time: 0.335	0.335	0 ms
Symbolic time: 0.557	0.557	0 ms
Numeric time: 0.336	0.336	0 ms
Symbolic time: 0.562	0.562	0 ms
Numeric time: 0.335	0.335	0 ms
Symbolic time: 0.562	0.562	0 ms
Numeric time: 0.334	0.334	0 ms
Symbolic time: 0.558	0.558	0 ms
Numeric time: 0.334	0.334	0 ms
Symbolic time: 0.559	0.559	0 ms
Numeric time: 0.334	0.334	0 ms
Symbolic time: 0.561	0.561	0 ms
Numeric time: 0.336	0.337	0 ms
Symbolic time: 0.558	0	0.557 ms
Numeric time: 0.334	0	0.334 ms
Symbolic time: 0.556	0.491	0.065 ms
Numeric time: 0.34	0.34	0 ms
Symbolic time: 0.555	0.555	0 ms
Numeric time: 0.341	0.341	0 ms
Symbolic time: 0.553	0.553	0 ms
Numeric time: 0.343	0.343	0 ms
Symbolic time: 0.553	0.553	0 ms
Numeric time: 0.342	0.342	0 ms
Symbolic time: 0.556	0.555	0 ms
Numeric time: 0.342	0.342	0 ms
Symbolic time: 0.555	0.555	0 ms
Numeric time: 0.344	0.343	0 ms
Symbolic time: 0.553	0.553	0 ms
Numeric time: 0.34	0.34	0 ms
Symbolic time: 0.555	0.555	0 ms
Numeric time: 0.339	0.339	0 ms
Symbolic time: 0.554	0.555	0 ms
Numeric time: 0.337	0.337	0 ms
Symbolic time: 0.554	0.555	0 ms
Numeric time: 0.337	0.337	0 ms
Symbolic time: 0.559	0.559	0 ms
Numeric time: 0.339	0.339	0 ms
Symbolic time: 0.559	0.559	0 ms
Numeric time: 0.336	0.335	0 ms
Symbolic time: 0.557	0.557	0 ms
Numeric time: 0.335	0.335	0 ms
Symbolic time: 0.559	0.56	0 ms
Numeric time: 0.335	0.335	0 ms
Symbolic time: 0.557	0.557	0 ms
Numeric time: 0.334	0.334	0 ms
Symbolic time: 0.561	0.56	0 ms
Numeric time: 0.336	0.336	0 ms
Symbolic time: 0.557	0.558	0 ms
Numeric time: 0.336	0.336	0 ms
Symbolic time: 0.559	0.559	0 ms
Numeric time: 0.338	0.338	0 ms
Symbolic time: 0.559	0.559	0 ms
Numeric time: 0.336	0.335	0 ms
Symbolic time: 0.555	0.555	0 ms
Numeric time: 0.337	0.337	0 ms
Symbolic time: 0.56	0.56	0 ms
Numeric time: 0.337	0.338	0 ms
Symbolic time: 0.556	0.556	0 ms
Numeric time: 0.336	0.336	0 ms
Symbolic time: 0.561	0.561	0 ms
Numeric time: 0.336	0.337	0 ms
Symbolic time: 0.552	0.552	0 ms
Numeric time: 0.341	0.342	0 ms
Symbolic time: 0.554	0.554	0 ms
Numeric time: 0.339	0.338	0 ms
Symbolic time: 0.553	0.553	0 ms
Numeric time: 0.338	0.338	0 ms
Symbolic time: 0.553	0.552	0 ms
Numeric time: 0.338	0.339	0 ms
Symbolic time: 0.554	0.554	0 ms
Numeric time: 0.341	0.341	0 ms
Symbolic time: 0.555	0.554	0 ms
Numeric time: 0.341	0.34	0 ms
Symbolic time: 0.553	0.553	0 ms
Numeric time: 0.337	0	0.337 ms
Symbolic time: 0.557	0	0.557 ms
Numeric time: 0.342	0.343	0 ms
Symbolic time: 0.554	0.541	0.013 ms
Numeric time: 0.337	0.311	0.026 ms
Symbolic time: 0.555	0.555	0 ms
Numeric time: 0.336	0.336	0 ms
Symbolic time: 0.557	0.557	0 ms
Numeric time: 0.336	0.337	0 ms
Symbolic time: 0.559	0.559	0 ms
Numeric time: 0.335	0.334	0 ms
Symbolic time: 0.559	0.559	0 ms
Numeric time: 0.334	0.334	0 ms
Symbolic time: 0.559	0.558	0 ms
Numeric time: 0.336	0.335	0 ms
Symbolic time: 0.558	0	0.559 ms
Numeric time: 0.336	0	0.335 ms
Symbolic time: 0.562	0.562	0 ms
Numeric time: 0.338	0.322	0.016 ms
Symbolic time: 0.558	0.558	0 ms
Numeric time: 0.335	0.335	0 ms
Symbolic time: 0.557	0.557	0 ms
Numeric time: 0.338	0.338	0 ms
Symbolic time: 0.557	0.557	0 ms
Numeric time: 0.337	0.337	0 ms
Symbolic time: 0.56	0.56	0 ms
Numeric time: 0.335	0.335	0 ms
Symbolic time: 0.557	0.557	0 ms
Numeric time: 0.335	0.335	0 ms
Symbolic time: 0.559	0.559	0 ms
Numeric time: 0.336	0.336	0 ms
Symbolic time: 0.559	0.559	0 ms
Numeric time: 0.335	0.335	0 ms
Symbolic time: 0.555	0.536	0.019 ms
Numeric time: 0.338	0.338	0 ms
Symbolic time: 0.555	0.555	0 ms
Numeric time: 0.344	0	0.344 ms
Symbolic time: 0.554	0	0.554 ms
Numeric time: 0.344	0.344	0 ms
Symbolic time: 0.554	0.524	0.031 ms
Numeric time: 0.342	0.342	0 ms
Symbolic time: 0.557	0.557	0 ms
Numeric time: 0.346	0.345	0 ms
Symbolic time: 0.552	0.552	0 ms
Numeric time: 0.34	0.34	0 ms
Symbolic time: 0.557	0.558	0 ms
Numeric time: 0.351	0	0.351 ms
Symbolic time: 0.552	0	0.552 ms
Numeric time: 0.343	0.343	0 ms
Symbolic time: 0.555	0.537	0.018 ms
Numeric time: 0.341	0.34	0 ms
Symbolic time: 0.552	0.552	0 ms
Numeric time: 0.335	0.312	0.024 ms
Symbolic time: 0.553	0.552	0 ms
Numeric time: 0.334	0.334	0 ms
Symbolic time: 0.556	0.557	0 ms
Numeric time: 0.335	0.335	0 ms
Symbolic time: 0.559	0.559	0 ms
Numeric time: 0.335	0.335	0 ms
Symbolic time: 0.559	0.559	0 ms
Numeric time: 0.336	0.336	0 ms
Symbolic time: 0.558	0.559	0 ms
Numeric time: 0.336	0.337	0 ms
Symbolic time: 0.559	0.559	0 ms
Numeric time: 0.334	0.335	0 ms
Symbolic time: 0.558	0.557	0 ms
Numeric time: 0.334	0.334	0 ms
Symbolic time: 0.559	0.559	0 ms
Numeric time: 0.336	0.335	0 ms
Symbolic time: 0.555	0.556	0 ms
Numeric time: 0.337	0.336	0 ms
Symbolic time: 0.558	0.559	0 ms
Numeric time: 0.336	0.336	0 ms
Symbolic time: 0.556	0.556	0 ms
Numeric time: 0.335	0.334	0 ms
Symbolic time: 0.558	0.558	0 ms
Numeric time: 0.338	0.338	0 ms
Symbolic time: 0.558	0.558	0 ms
Numeric time: 0.337	0.337	0 ms
Symbolic time: 0.559	0.559	0 ms
Numeric time: 0.339	0.339	0 ms
Symbolic time: 0.553	0.554	0 ms
Numeric time: 0.344	0.344	0 ms
Symbolic time: 0.553	0.553	0 ms
Numeric time: 0.339	0.339	0 ms
Symbolic time: 0.552	0.553	0 ms
Numeric time: 0.342	0.343	0 ms
Symbolic time: 0.555	0.556	0 ms
Numeric time: 0.339	0.34	0 ms
Symbolic time: 0.553	0.553	0 ms
Numeric time: 0.342	0.342	0 ms
Symbolic time: 0.552	0.551	0 ms
Numeric time: 0.342	0.342	0 ms
Symbolic time: 0.554	0.553	0 ms
Numeric time: 0.339	0.339	0 ms
Symbolic time: 0.553	0.554	0 ms
Numeric time: 0.341	0.341	0 ms
Symbolic time: 0.553	0.554	0 ms
Numeric time: 0.335	0.335	0 ms
Symbolic time: 0.553	0.553	0 ms
Numeric time: 0.339	0.339	0 ms
Symbolic time: 0.559	0.559	0 ms
Numeric time: 0.337	0.337	0 ms
Symbolic time: 0.561	0.562	0 ms
Numeric time: 0.338	0.338	0 ms
Symbolic time: 0.561	0.562	0 ms
Numeric time: 0.336	0.336	0 ms
Symbolic time: 0.558	0.558	0 ms
Numeric time: 0.337	0.337	0 ms
Symbolic time: 0.558	0.558	0 ms
Numeric time: 0.334	0.335	0 ms
Symbolic time: 0.558	0.558	0 ms
Numeric time: 0.336	0.335	0 ms
Symbolic time: 0.556	0.557	0 ms
Numeric time: 0.337	0.336	0 ms
Symbolic time: 0.559	0.56	0 ms
Numeric time: 0.333	0.334	0 ms
Symbolic time: 0.56	0.56	0 ms
Numeric time: 0.335	0.335	0 ms
Symbolic time: 0.555	0.556	0 ms
Numeric time: 0.337	0.336	0 ms
Symbolic time: 0.559	0.559	0 ms
Numeric time: 0.337	0.336	0 ms
Symbolic time: 0.56	0.56	0 ms
Numeric time: 0.338	0.338	0 ms
Symbolic time: 0.562	0.562	0 ms
Numeric time: 0.338	0.338	0 ms
Symbolic time: 0.552	0.552	0 ms
Numeric time: 0.336	0	0.336 ms
Symbolic time: 0.556	0	0.555 ms
Numeric time: 0.345	0.346	0 ms
Symbolic time: 0.555	0.533	0.021 ms
Numeric time: 0.341	0.341	0 ms
Symbolic time: 0.553	0.553	0 ms
Numeric time: 0.345	0.345	0 ms
Symbolic time: 0.555	0.555	0 ms
Numeric time: 0.338	0.338	0 ms
Symbolic time: 0.554	0.554	0 ms
Numeric time: 0.339	0.339	0 ms
Symbolic time: 0.55	0.551	0 ms
Numeric time: 0.341	0.341	0 ms
Symbolic time: 0.552	0.552	0 ms
Numeric time: 0.342	0.342	0 ms
Symbolic time: 0.555	0.555	0 ms
Numeric time: 0.333	0.33	0.005 ms
Symbolic time: 0.554	0	0.554 ms
Numeric time: 0.336	0	0.336 ms
Symbolic time: 0.554	0	0.555 ms
Numeric time: 0.334	0	0.333 ms
Symbolic time: 0.559	0.556	0.004 ms
Numeric time: 0.335	0.309	0.027 ms
Symbolic time: 0.558	0.558	0 ms
Numeric time: 0.336	0.336	0 ms
Symbolic time: 0.557	0.558	0 ms
Numeric time: 0.337	0.337	0 ms
Symbolic time: 0.557	0.557	0 ms
Numeric time: 0.334	0.334	0 ms
Symbolic time: 0.556	0.556	0 ms
Numeric time: 0.336	0.336	0 ms
Symbolic time: 0.559	0.559	0 ms
Numeric time: 0.335	0.335	0 ms
Symbolic time: 0.557	0.557	0 ms
Numeric time: 0.335	0.336	0 ms
Symbolic time: 0.558	0.558	0 ms
Numeric time: 0.337	0.337	0 ms
Symbolic time: 0.559	0.559	0 ms
Numeric time: 0.337	0.337	0 ms
Symbolic time: 0.556	0.556	0 ms
Numeric time: 0.334	0.334	0 ms
Symbolic time: 0.558	0.558	0 ms
Numeric time: 0.335	0.335	0 ms
Symbolic time: 0.559	0.559	0 ms
Numeric time: 0.336	0.337	0 ms
Symbolic time: 0.553	0.55	0.003 ms
Numeric time: 0.342	0.342	0 ms
Symbolic time: 0.552	0.553	0 ms
Numeric time: 0.343	0.343	0 ms
Symbolic time: 0.55	0.55	0 ms
Numeric time: 0.343	0.343	0 ms
Symbolic time: 0.552	0.553	0 ms
Numeric time: 0.341	0.341	0 ms
Symbolic time: 0.552	0.552	0 ms
Numeric time: 0.343	0.343	0 ms
Symbolic time: 0.554	0.553	0 ms
Numeric time: 0.338	0.338	0 ms
Symbolic time: 0.549	0.549	0 ms
Numeric time: 0.339	0.339	0 ms
Symbolic time: 0.553	0.553	0 ms
Numeric time: 0.339	0.339	0 ms
Symbolic time: 0.554	0.554	0 ms
Numeric time: 0.335	0.335	0 ms
Symbolic time: 0.554	0.554	0 ms
Numeric time: 0.335	0.335	0 ms
Symbolic time: 0.558	0.558	0 ms
Numeric time: 0.338	0.338	0 ms
Symbolic time: 0.559	0.559	0 ms
Numeric time: 0.336	0.336	0 ms
Symbolic time: 0.556	0.556	0 ms
Numeric time: 0.335	0.334	0 ms
Symbolic time: 0.559	0.559	0 ms
Numeric time: 0.336	0.336	0 ms
Symbolic time: 0.561	0.561	0 ms
Numeric time: 0.336	0.336	0 ms
Symbolic time: 0.556	0.556	0 ms
Numeric time: 0.334	0.334	0 ms
Symbolic time: 0.557	0.557	0 ms
Numeric time: 0.335	0.335	0 ms
Symbolic time: 0.558	0.558	0 ms
Numeric time: 0.337	0.337	0 ms
Symbolic time: 0.559	0.559	0 ms
Numeric time: 0.335	0.335	0 ms
Symbolic time: 0.561	0.561	0 ms
Numeric time: 0.336	0.336	0 ms
Symbolic time: 0.56	0.56	0 ms
Numeric time: 0.339	0.339	0 ms
Symbolic time: 0.562	0.562	0 ms
Numeric time: 0.334	0.334	0 ms
Symbolic time: 0.558	0.558	0 ms
Numeric time: 0.343	0.343	0 ms
Symbolic time: 0.555	0.555	0 ms
Numeric time: 0.336	0	0.336 ms
Symbolic time: 0.556	0	0.556 ms
Numeric time: 0.344	0.344	0 ms
Symbolic time: 0.551	0.528	0.024 ms
Numeric time: 0.342	0	0.342 ms
Symbolic time: 0.554	0	0.554 ms
Numeric time: 0.343	0.342	0 ms
Symbolic time: 0.554	0.517	0.035 ms
Numeric time: 0.344	0.344	0 ms
Symbolic time: 0.555	0.555	0 ms
Numeric time: 0.342	0.342	0 ms
Symbolic time: 0.553	0.553	0 ms
Numeric time: 0.341	0.341	0 ms
Symbolic time: 0.553	0.552	0 ms
Numeric time: 0.341	0.341	0 ms
Symbolic time: 0.552	0.552	0 ms
Numeric time: 0.342	0.342	0 ms
Symbolic time: 0.554	0.554	0 ms
Numeric time: 0.337	0.328	0.009 ms
Symbolic time: 0.551	0	0.55 ms
Numeric time: 0.334	0	0.335 ms
Symbolic time: 0.56	0.56	0 ms
Numeric time: 0.337	0.337	0 ms
Symbolic time: 0.561	0.561	0 ms
Numeric time: 0.337	0.336	0 ms
Symbolic time: 0.559	0.559	0 ms
Numeric time: 0.336	0.335	0 ms
Symbolic time: 0.554	0.554	0 ms
Numeric time: 0.334	0.334	0 ms
Symbolic time: 0.558	0	0.558 ms
Numeric time: 0.337	0	0.337 ms
Symbolic time: 0.562	0.562	0 ms
Numeric time: 0.334	0.315	0.02 ms
Symbolic time: 0.556	0.556	0 ms
Numeric time: 0.336	0.336	0 ms
Symbolic time: 0.559	0.559	0 ms
Numeric time: 0.335	0.335	0 ms
Symbolic time: 0.562	0.562	0 ms
Numeric time: 0.335	0.335	0 ms
Symbolic time: 0.56	0.56	0 ms
Numeric time: 0.335	0.335	0 ms
Symbolic time: 0.555	0.555	0 ms
Numeric time: 0.337	0.337	0 ms
Symbolic time: 0.564	0.565	0 ms
Numeric time: 0.336	0.336	0 ms
Symbolic time: 0.558	0.558	0 ms
Numeric time: 0.335	0.335	0 ms
Symbolic time: 0.554	0.534	0.02 ms
Numeric time: 0.343	0.343	0 ms
Symbolic time: 0.553	0.553	0 ms
Numeric time: 0.34	0.341	0 ms
Symbolic time: 0.552	0.552	0 ms
Numeric time: 0.341	0.341	0 ms
Symbolic time: 0.55	0.551	0 ms
Numeric time: 0.34	0.34	0 ms
Symbolic time: 0.554	0.554	0 ms
Numeric time: 0.343	0.343	0 ms
Symbolic time: 0.552	0.552	0 ms
Numeric time: 0.341	0.341	0 ms
Symbolic time: 0.553	0.552	0 ms
Numeric time: 0.341	0.341	0 ms
Symbolic time: 0.555	0.555	0 ms
Numeric time: 0.343	0.343	0 ms
Symbolic time: 0.552	0.552	0 ms
Numeric time: 0.334	0.335	0 ms
Symbolic time: 0.553	0.553	0 ms
Numeric time: 0.335	0.335	0 ms
Symbolic time: 0.56	0.562	0 ms
Numeric time: 0.334	0.334	0 ms
Symbolic time: 0.56	0.559	0 ms
Numeric time: 0.335	0.335	0 ms
Symbolic time: 0.557	0.557	0 ms
Numeric time: 0.335	0.335	0 ms
Symbolic time: 0.557	0.557	0 ms
Numeric time: 0.336	0.336	0 ms
Symbolic time: 0.556	0.555	0 ms
Numeric time: 0.336	0.336	0 ms
Symbolic time: 0.56	0.56	0 ms
Numeric time: 0.335	0.335	0 ms
Symbolic time: 0.56	0.561	0 ms
Numeric time: 0.337	0.338	0 ms
Symbolic time: 0.561	0.561	0 ms
Numeric time: 0.336	0.336	0 ms
Symbolic time: 0.56	0.561	0 ms
Numeric time: 0.339	0.338	0 ms
Symbolic time: 0.565	0.565	0 ms
Numeric time: 0.34	0.34	0 ms
Symbolic time: 0.558	0.559	0 ms
Numeric time: 0.336	0.336	0 ms
Symbolic time: 0.557	0.557	0 ms
Numeric time: 0.336	0.336	0 ms
Symbolic time: 0.557	0.558	0 ms
Numeric time: 0.335	0.335	0 ms
Symbolic time: 0.553	0.553	0 ms
Numeric time: 0.343	0.342	0 ms
Symbolic time: 0.554	0.555	0 ms
Numeric time: 0.34	0	0.34 ms
Symbolic time: 0.551	0	0.552 ms
Numeric time: 0.34	0.34	0 ms
Symbolic time: 0.556	0.521	0.036 ms
Numeric time: 0.342	0.342	0 ms
Symbolic time: 0.551	0.551	0 ms
Numeric time: 0.342	0.342	0 ms
Symbolic time: 0.554	0.554	0 ms
Numeric time: 0.34	0.341	0 ms
Symbolic time: 0.553	0.553	0 ms
Numeric time: 0.341	0.341	0 ms
Symbolic time: 0.556	0.556	0 ms
Numeric time: 0.341	0.341	0 ms
Symbolic time: 0.555	0.555	0 ms
Numeric time: 0.336	0.328	0.008 ms
Symbolic time: 0.552	0.552	0 ms
Numeric time: 0.335	0.334	0 ms
Symbolic time: 0.559	0.559	0 ms
Numeric time: 0.336	0.336	0 ms
Symbolic time: 0.559	0.559	0 ms
Numeric time: 0.336	0.337	0 ms
Symbolic time: 0.56	0.56	0 ms
Numeric time: 0.336	0.336	0 ms
Symbolic time: 0.561	0.561	0 ms
Numeric time: 0.336	0.336	0 ms
Symbolic time: 0.558	0.559	0 ms
Numeric time: 0.337	0.338	0 ms
Symbolic time: 0.557	0.557	0 ms
Numeric time: 0.336	0.335	0 ms
Symbolic time: 0.561	0.56	0 ms
Numeric time: 0.335	0.335	0 ms
Symbolic time: 0.565	0.565	0 ms
Numeric time: 0.341	0.341	0 ms
Symbolic time: 0.557	0.557	0 ms
Numeric time: 0.337	0.337	0 ms
Symbolic time: 0.559	0.559	0 ms
Numeric time: 0.338	0.338	0 ms
Symbolic time: 0.558	0.558	0 ms
Numeric time: 0.337	0.337	0 ms
Symbolic time: 0.559	0.56	0 ms
Numeric time: 0.336	0.336	0 ms
Symbolic time: 0.559	0.559	0 ms
Numeric time: 0.336	0.336	0 ms
Symbolic time: 0.559	0.559	0 ms
Numeric time: 0.338	0.338	0 ms
Symbolic time: 0.554	0.554	0 ms
Numeric time: 0.339	0.339	0 ms
Symbolic time: 0.553	0.553	0 ms
Numeric time: 0.342	0.341	0 ms
Symbolic time: 0.553	0.553	0 ms
Numeric time: 0.351	0.351	0 ms
Symbolic time: 0.556	0.556	0 ms
Numeric time: 0.342	0.341	0 ms
Symbolic time: 0.552	0.552	0 ms
Numeric time: 0.343	0.343	0 ms
Symbolic time: 0.553	0.553	0 ms
Numeric time: 0.343	0.343	0 ms
Symbolic time: 0.552	0.552	0 ms
Numeric time: 0.341	0.34	0 ms
Symbolic time: 0.554	0.554	0 ms
Numeric time: 0.341	0.341	0 ms
Symbolic time: 0.552	0.551	0 ms
Numeric time: 0.337	0.337	0 ms
Symbolic time: 0.556	0.556	0 ms
Numeric time: 0.336	0.335	0 ms
Symbolic time: 0.56	0.56	0 ms
Numeric time: 0.335	0.335	0 ms
Symbolic time: 0.558	0.558	0 ms
Numeric time: 0.338	0.338	0 ms
Symbolic time: 0.559	0.559	0 ms
Numeric time: 0.336	0.336	0 ms
Symbolic time: 0.559	0.559	0 ms
Numeric time: 0.337	0.337	0 ms
Symbolic time: 0.562	0.561	0 ms
Numeric time: 0.335	0.336	0 ms
Symbolic time: 0.558	0.558	0 ms
Numeric time: 0.337	0.337	0 ms
Symbolic time: 0.562	0.562	0 ms
Numeric time: 0.337	0.337	0 ms
Symbolic time: 0.566	0.567	0 ms
Numeric time: 0.341	0.341	0 ms
Symbolic time: 0.559	0.559	0 ms
Numeric time: 0.335	0.335	0 ms
Symbolic time: 0.56	0.561	0 ms
Numeric time: 0.336	0.336	0 ms
Symbolic time: 0.559	0.559	0 ms
Numeric time: 0.335	0.335	0 ms
Symbolic time: 0.555	0.556	0 ms
Numeric time: 0.338	0.338	0 ms
Symbolic time: 0.558	0.558	0 ms
Numeric time: 0.342	0.341	0 ms
Symbolic time: 0.559	0.559	0 ms
Numeric time: 0.337	0.337	0 ms
Symbolic time: 0.554	0.554	0 ms
Numeric time: 0.343	0.344	0 ms
Symbolic time: 0.554	0.554	0 ms
Numeric time: 0.339	0.339	0 ms
Symbolic time: 0.552	0.552	0 ms
Numeric time: 0.339	0.34	0 ms
Symbolic time: 0.552	0.552	0 ms
Numeric time: 0.34	0.34	0 ms
Symbolic time: 0.554	0.554	0 ms
Numeric time: 0.341	0.341	0 ms
Symbolic time: 0.551	0.551	0 ms
Numeric time: 0.341	0.342	0 ms
Symbolic time: 0.554	0.554	0 ms
Numeric time: 0.354	0.346	0 ms
Symbolic time: 0.554	0.554	0 ms
Numeric time: 0.342	0.341	0 ms
Symbolic time: 0.552	0.553	0 ms
Numeric time: 0.336	0.336	0 ms
Symbolic time: 0.553	0.552	0 ms
Numeric time: 0.335	0.336	0 ms
Symbolic time: 0.552	0.553	0 ms
Numeric time: 0.335	0.334	0 ms
Symbolic time: 0.557	0.558	0 ms
Numeric time: 0.337	0.339	0 ms
Symbolic time: 0.557	0.557	0 ms
Numeric time: 0.336	0.337	0 ms
Symbolic time: 0.56	0.559	0 ms
Numeric time: 0.336	0.336	0 ms
Symbolic time: 0.554	0.554	0 ms
Numeric time: 0.337	0.337	0 ms
Symbolic time: 0.558	0.559	0 ms
Numeric time: 0.336	0.337	0 ms
Symbolic time: 0.564	0.563	0 ms
Numeric time: 0.337	0.337	0 ms
Symbolic time: 0.557	0.557	0 ms
Numeric time: 0.336	0.336	0 ms
Symbolic time: 0.559	0.559	0 ms
Numeric time: 0.334	0.334	0 ms
Symbolic time: 0.559	0.56	0 ms
Numeric time: 0.336	0.336	0 ms
Symbolic time: 0.557	0.556	0 ms
Numeric time: 0.337	0.336	0 ms
Symbolic time: 0.559	0.56	0 ms
Numeric time: 0.338	0.337	0 ms
Symbolic time: 0.56	0.56	0 ms
Numeric time: 0.335	0.334	0 ms
Symbolic time: 0.553	0.553	0 ms
Numeric time: 0.339	0.339	0 ms
Symbolic time: 0.552	0.552	0 ms
Numeric time: 0.344	0	0.345 ms
Symbolic time: 0.556	0	0.556 ms
Numeric time: 0.346	0.346	0 ms
Symbolic time: 0.554	0.53	0.023 ms
Numeric time: 0.342	0.342	0 ms
Symbolic time: 0.552	0.553	0 ms
Numeric time: 0.34	0.34	0 ms
Symbolic time: 0.553	0.552	0 ms
Numeric time: 0.343	0.343	0 ms
Symbolic time: 0.552	0.552	0 ms
Numeric time: 0.34	0.34	0 ms
Symbolic time: 0.555	0.556	0 ms
Numeric time: 0.342	0.341	0 ms
Symbolic time: 1.52	1.512	0 ms
Numeric time: 1.087	1.087	0 ms
Symbolic time: 1.74	1.74	0 ms
Numeric time: 1.037	1.038	0 ms
Symbolic time: 1.707	1.708	0 ms
Numeric time: 1.047	1.047	0 ms
Symbolic time: 1.534	1.535	0 ms
Numeric time: 0.643	0.643	0 ms
Symbolic time: 1.072	1.073	0 ms
Numeric time: 0.64	0.64	0 ms
Symbolic time: 1.087	1.087	0 ms
Numeric time: 0.647	0.647	0 ms
Symbolic time: 1.069	1.07	0 ms
Numeric time: 0.657	0.658	0 ms
Symbolic time: 1.067	1.067	0 ms
Numeric time: 0.641	0.642	0 ms
Symbolic time: 1.065	1.066	0 ms
Numeric time: 0.588	0.588	0 ms
Symbolic time: 0.697	0.697	0 ms
Numeric time: 0.423	0.423	0 ms
Symbolic time: 0.705	0.705	0 ms
Numeric time: 0.416	0.416	0 ms
Symbolic time: 0.708	0.708	0 ms
Numeric time: 0.417	0.418	0 ms
Symbolic time: 0.698	0.698	0 ms
Numeric time: 0.417	0.417	0 ms
Symbolic time: 0.7	0.701	0 ms
Numeric time: 0.423	0.423	0 ms
Symbolic time: 0.69	0.69	0 ms
Numeric time: 0.434	0.435	0 ms
Symbolic time: 0.699	0.699	0 ms
Numeric time: 0.431	0.431	0 ms
Symbolic time: 0.696	0.696	0 ms
Numeric time: 0.429	0.429	0 ms
Symbolic time: 0.652	0.651	0 ms
Numeric time: 0.338	0.339	0 ms
Symbolic time: 0.559	0.559	0 ms
Numeric time: 0.347	0.347	0 ms
Symbolic time: 0.559	0.559	0 ms
Numeric time: 0.345	0.345	0 ms
Symbolic time: 0.561	0	0.561 ms
Numeric time: 0.345	0	0.345 ms
Symbolic time: 0.556	0.556	0 ms
Numeric time: 0.335	0.325	0.01 ms
Symbolic time: 0.56	0.56	0 ms
Numeric time: 0.334	0.334	0 ms
Symbolic time: 0.567	0.566	0 ms
Numeric time: 0.336	0.337	0 ms
Symbolic time: 0.565	0.566	0 ms
Numeric time: 0.337	0.337	0 ms
Symbolic time: 0.565	0.566	0 ms
Numeric time: 0.337	0.338	0 ms
Symbolic time: 0.566	0.567	0 ms
Numeric time: 0.336	0.336	0 ms
Symbolic time: 0.569	0.569	0 ms
Numeric time: 0.337	0.336	0 ms
Symbolic time: 0.56	0.561	0 ms
Numeric time: 0.345	0.345	0 ms
Symbolic time: 0.559	0.559	0 ms
Numeric time: 0.346	0.347	0 ms
Symbolic time: 0.56	0.56	0 ms
Numeric time: 0.344	0.345	0 ms
Symbolic time: 0.552	0.536	0.015 ms
Numeric time: 0.345	0.346	0 ms
Symbolic time: 0.554	0.554	0 ms
Numeric time: 0.346	0.347	0 ms
Symbolic time: 0.563	0.563	0 ms
Numeric time: 0.342	0.343	0 ms
Symbolic time: 0.565	0.565	0 ms
Numeric time: 0.344	0.345	0 ms
Symbolic time: 0.564	0.564	0 ms
Numeric time: 0.342	0.343	0 ms
Symbolic time: 0.562	0.562	0 ms
Numeric time: 0.348	0.348	0 ms
Symbolic time: 0.559	0.559	0 ms
Numeric time: 0.34	0.341	0 ms
Symbolic time: 0.562	0.562	0 ms
Numeric time: 0.343	0.342	0 ms
Symbolic time: 0.552	0.553	0 ms
Numeric time: 0.354	0.354	0 ms
Symbolic time: 0.555	0.555	0 ms
Numeric time: 0.351	0.352	0 ms
Symbolic time: 0.555	0.555	0 ms
Numeric time: 0.347	0.347	0 ms
Symbolic time: 0.554	0.554	0 ms
Numeric time: 0.341	0	0.341 ms
Symbolic time: 0.555	0	0.555 ms
Numeric time: 0.336	0.306	0.031 ms
Symbolic time: 0.564	0.564	0 ms
Numeric time: 0.335	0.336	0 ms
Symbolic time: 0.563	0.564	0 ms
Numeric time: 0.337	0.337	0 ms
Symbolic time: 0.569	0.57	0 ms
Numeric time: 0.337	0.337	0 ms
Symbolic time: 0.586	0.586	0 ms
Numeric time: 0.342	0.343	0 ms
Symbolic time: 0.565	0.565	0 ms
Numeric time: 0.336	0.336	0 ms
Symbolic time: 0.561	0.561	0 ms
Numeric time: 0.339	0.339	0 ms
Symbolic time: 0.561	0.561	0 ms
Numeric time: 0.345	0.345	0 ms
Symbolic time: 0.563	0	0.563 ms
Numeric time: 0.345	0	0.345 ms
Symbolic time: 0.559	0.559	0 ms
Numeric time: 0.344	0.332	0.012 ms
Symbolic time: 0.558	0.558	0 ms
Numeric time: 0.336	0.336	0 ms
Symbolic time: 0.566	0.566	0 ms
Numeric time: 0.337	0.337	0 ms
Symbolic time: 0.566	0.566	0 ms
Numeric time: 0.336	0.336	0 ms
Symbolic time: 0.567	0.567	0 ms
Numeric time: 0.337	0.337	0 ms
Symbolic time: 0.565	0.566	0 ms
Numeric time: 0.337	0.337	0 ms
Symbolic time: 0.567	0.567	0 ms
Numeric time: 0.338	0.338	0 ms
Symbolic time: 0.567	0.568	0 ms
Numeric time: 0.337	0.337	0 ms
Symbolic time: 0.556	0.557	0 ms
Numeric time: 0.345	0.345	0 ms
Symbolic time: 0.559	0.559	0 ms
Numeric time: 0.344	0.343	0 ms
Symbolic time: 0.56	0.56	0 ms
Numeric time: 0.345	0.345	0 ms
Symbolic time: 0.56	0	0.56 ms
Numeric time: 0.344	0	0.344 ms
Symbolic time: 0.554	0.514	0.041 ms
Numeric time: 0.343	0.343	0 ms
Symbolic time: 0.563	0.562	0 ms
Numeric time: 0.339	0.34	0 ms
Symbolic time: 0.562	0.561	0 ms
Numeric time: 0.341	0	0.342 ms
Symbolic time: 0.56	0	0.56 ms
Numeric time: 0.342	0.343	0 ms
Symbolic time: 0.562	0.537	0.026 ms
Numeric time: 0.344	0.344	0 ms
Symbolic time: 0.559	0.559	0 ms
Numeric time: 0.339	0.338	0 ms
Symbolic time: 0.553	0.554	0 ms
Numeric time: 0.343	0.344	0 ms
Symbolic time: 0.555	0.554	0 ms
Numeric time: 0.353	0.353	0 ms
Symbolic time: 0.556	0.556	0 ms
Numeric time: 0.354	0.354	0 ms
Symbolic time: 0.563	0.563	0 ms
Numeric time: 0.352	0.352	0 ms
Symbolic time: 0.556	0.556	0 ms
Numeric time: 0.342	0.342	0 ms
Symbolic time: 0.554	0.553	0 ms
Numeric time: 0.337	0.33	0.007 ms
Symbolic time: 0.557	0.558	0 ms
Numeric time: 0.336	0.336	0 ms
Symbolic time: 0.585	0.576	0 ms
Numeric time: 0.336	0.336	0 ms
Symbolic time: 0.569	0.57	0 ms
Numeric time: 0.337	0.337	0 ms
Symbolic time: 0.569	0.57	0 ms
Numeric time: 0.337	0.337	0 ms
Symbolic time: 0.571	0.57	0 ms
Numeric time: 0.337	0.336	0 ms
Symbolic time: 0.557	0.557	0 ms
Numeric time: 0.346	0.345	0 ms
Symbolic time: 0.558	0.558	0 ms
Numeric time: 0.346	0.346	0 ms
Symbolic time: 0.557	0.556	0 ms
Numeric time: 0.344	0.344	0 ms
Symbolic time: 0.558	0.558	0 ms
Numeric time: 0.344	0.344	0 ms
Symbolic time: 0.559	0.559	0 ms
Numeric time: 0.337	0.337	0 ms
Symbolic time: 0.562	0.563	0 ms
Numeric time: 0.337	0.337	0 ms
Symbolic time: 0.564	0.564	0 ms
Numeric time: 0.335	0.336	0 ms
Symbolic time: 0.566	0	0.566 ms
Numeric time: 0.336	0	0.336 ms
Symbolic time: 0.567	0.567	0 ms
Numeric time: 0.338	0.334	0.004 ms
Symbolic time: 0.565	0.565	0 ms
Numeric time: 0.336	0.337	0 ms
Symbolic time: 0.563	0.563	0 ms
Numeric time: 0.339	0.339	0 ms
Symbolic time: 0.557	0.557	0 ms
Numeric time: 0.347	0.347	0 ms
Symbolic time: 0.556	0.556	0 ms
Numeric time: 0.343	0.344	0 ms
Symbolic time: 0.556	0.528	0.026 ms
Numeric time: 0.345	0	0.346 ms
Symbolic time: 0.553	0	0.553 ms
Numeric time: 0.344	0.344	0 ms
Symbolic time: 0.556	0.538	0.018 ms
Numeric time: 0.344	0.343	0 ms
Symbolic time: 0.562	0.562	0 ms
Numeric time: 0.338	0	0.338 ms
Symbolic time: 0.561	0	0.562 ms
Numeric time: 0.341	0.341	0 ms
Symbolic time: 0.562	0.532	0.03 ms
Numeric time: 0.343	0	0.344 ms
Symbolic time: 0.56	0	0.56 ms
Numeric time: 0.342	0.342	0 ms
Symbolic time: 0.562	0.535	0.028 ms
Numeric time: 0.343	0.343	0 ms
Symbolic time: 0.552	0.553	0 ms
Numeric time: 0.35	0.349	0 ms
Symbolic time: 0.553	0.552	0 ms
Numeric time: 0.349	0.349	0 ms
Symbolic time: 0.555	0.554	0 ms
Numeric time: 0.347	0.346	0 ms
Symbolic time: 0.553	0.554	0 ms
Numeric time: 0.335	0.322	0.013 ms
Symbolic time: 0.555	0.555	0 ms
Numeric time: 0.338	0.338	0 ms
Symbolic time: 0.566	0.566	0 ms
Numeric time: 0.338	0.339	0 ms
Symbolic time: 0.569	0.569	0 ms
Numeric time: 0.337	0.337	0 ms
Symbolic time: 0.569	0.568	0 ms
Numeric time: 0.339	0.339	0 ms
Symbolic time: 0.567	0.567	0 ms
Numeric time: 0.336	0.337	0 ms
Symbolic time: 0.57	0.569	0 ms
Numeric time: 0.337	0.336	0 ms
Symbolic time: 0.556	0.557	0 ms
Numeric time: 0.345	0.346	0 ms
Symbolic time: 0.559	0.56	0 ms
Numeric time: 0.346	0.346	0 ms
Symbolic time: 0.565	0.564	0 ms
Numeric time: 0.346	0.346	0 ms
Symbolic time: 0.558	0.559	0 ms
Numeric time: 0.343	0.343	0 ms
Symbolic time: 0.56	0.56	0 ms
Numeric time: 0.339	0.339	0 ms
Symbolic time: 0.567	0.568	0 ms
Numeric time: 0.338	0.338	0 ms
Symbolic time: 0.566	0.566	0 ms
Numeric time: 0.336	0.336	0 ms
Symbolic time: 0.565	0.566	0 ms
Numeric time: 0.336	0.336	0 ms
Symbolic time: 0.568	0.568	0 ms
Numeric time: 0.337	0.336	0 ms
Symbolic time: 0.568	0.567	0 ms
Numeric time: 0.336	0.337	0 ms
Symbolic time: 0.573	0.573	0 ms
Numeric time: 0.336	0.337	0 ms
Symbolic time: 0.558	0.558	0 ms
Numeric time: 0.344	0.344	0 ms
Symbolic time: 0.553	0.553	0 ms
Numeric time: 0.345	0	0.345 ms
Symbolic time: 0.554	0	0.554 ms
Numeric time: 0.349	0.349	0 ms
Symbolic time: 0.553	0.537	0.017 ms
Numeric time: 0.338	0.339	0 ms
Symbolic time: 0.556	0.556	0 ms
Numeric time: 0.343	0.343	0 ms
Symbolic time: 0.56	0.559	0 ms
Numeric time: 0.341	0.341	0 ms
Symbolic time: 0.564	0.564	0 ms
Numeric time: 0.344	0.343	0 ms
Symbolic time: 0.562	0.563	0 ms
Numeric time: 0.343	0.343	0 ms
Symbolic time: 0.561	0.561	0 ms
Numeric time: 0.343	0.343	0 ms
Symbolic time: 0.56	0.56	0 ms
Numeric time: 0.341	0.341	0 ms
Symbolic time: 0.552	0.552	0 ms
Numeric time: 0.351	0.351	0 ms
Symbolic time: 0.552	0.552	0 ms
Numeric time: 0.352	0.352	0 ms
Symbolic time: 0.551	0.551	0 ms
Numeric time: 0.344	0.342	0.003 ms
Symbolic time: 0.556	0.556	0 ms
Numeric time: 0.344	0.344	0 ms
Symbolic time: 0.552	0	0.552 ms
Numeric time: 0.335	0	0.335 ms
Symbolic time: 0.57	0.569	0 ms
Numeric time: 0.337	0.337	0 ms
Symbolic time: 0.569	0.568	0 ms
Numeric time: 0.338	0.338	0 ms
Symbolic time: 0.568	0.568	0 ms
Numeric time: 0.338	0.338	0 ms
Symbolic time: 0.567	0.568	0 ms
Numeric time: 0.336	0.337	0 ms
Symbolic time: 0.564	0.564	0 ms
Numeric time: 0.338	0.338	0 ms
Symbolic time: 0.567	0	0.567 ms
Numeric time: 0.337	0	0.337 ms
Symbolic time: 0.56	0.559	0 ms
Numeric time: 0.346	0.332	0.015 ms
Symbolic time: 0.558	0.559	0 ms
Numeric time: 0.345	0.344	0 ms
Symbolic time: 0.558	0.559	0 ms
Numeric time: 0.343	0.344	0 ms
Symbolic time: 0.559	0.56	0 ms
Numeric time: 0.337	0.336	0 ms
Symbolic time: 0.559	0.559	0 ms
Numeric time: 0.338	0.337	0 ms
Symbolic time: 0.568	0.569	0 ms
Numeric time: 0.339	0.338	0 ms
Symbolic time: 0.568	0.568	0 ms
Numeric time: 0.337	0.338	0 ms
Symbolic time: 0.564	0.565	0 ms
Numeric time: 0.336	0.337	0 ms
Symbolic time: 0.567	0.567	0 ms
Numeric time: 0.336	0.337	0 ms
Symbolic time: 0.563	0.564	0 ms
Numeric time: 0.336	0.337	0 ms
Symbolic time: 0.558	0.558	0 ms
Numeric time: 0.345	0.346	0 ms
Symbolic time: 0.552	0.537	0.015 ms
Numeric time: 0.351	0.352	0 ms
Symbolic time: 0.554	0.555	0 ms
Numeric time: 0.351	0	0.351 ms
Symbolic time: 0.555	0	0.555 ms
Numeric time: 0.351	0.35	0 ms
Symbolic time: 0.554	0.532	0.022 ms
Numeric time: 0.343	0	0.343 ms
Symbolic time: 0.559	0	0.559 ms
Numeric time: 0.339	0.339	0 ms
Symbolic time: 0.56	0.532	0.029 ms
Numeric time: 0.338	0.339	0 ms
Symbolic time: 0.563	0.563	0 ms
Numeric time: 0.343	0.343	0 ms
Symbolic time: 0.563	0.563	0 ms
Numeric time: 0.341	0.34	0 ms
Symbolic time: 0.56	0.56	0 ms
Numeric time: 0.344	0.345	0 ms
Symbolic time: 0.561	0.561	0 ms
Numeric time: 0.346	0.345	0 ms
Symbolic time: 0.553	0.553	0 ms
Numeric time: 0.351	0.351	0 ms
Symbolic time: 0.554	0.554	0 ms
Numeric time: 0.345	0.336	0.01 ms
Symbolic time: 0.553	0.553	0 ms
Numeric time: 0.343	0.344	0 ms
Symbolic time: 0.559	0.56	0 ms
Numeric time: 0.336	0.336	0 ms
Symbolic time: 0.558	0.559	0 ms
Numeric time: 0.337	0.337	0 ms
Symbolic time: 0.566	0.567	0 ms
Numeric time: 0.336	0.337	0 ms
Symbolic time: 0.57	0.57	0 ms
Numeric time: 0.338	0.339	0 ms
Symbolic time: 0.569	0.569	0 ms
Numeric time: 0.338	0.338	0 ms
Symbolic time: 0.569	0.569	0 ms
Numeric time: 0.336	0.336	0 ms
Symbolic time: 0.567	0.567	0 ms
Numeric time: 0.338	0.338	0 ms
Symbolic time: 0.562	0.562	0 ms
Numeric time: 0.346	0.346	0 ms
Symbolic time: 0.563	0.563	0 ms
Numeric time: 0.346	0.345	0 ms
Symbolic time: 0.561	0.561	0 ms
Numeric time: 0.345	0.346	0 ms
Symbolic time: 0.557	0.557	0 ms
Numeric time: 0.343	0.344	0 ms
Symbolic time: 0.558	0.559	0 ms
Numeric time: 0.336	0.336	0 ms
Symbolic time: 0.567	0.566	0 ms
Numeric time: 0.338	0.339	0 ms
Symbolic time: 0.563	0.564	0 ms
Numeric time: 0.333	0.333	0 ms
Symbolic time: 0.57	0.569	0 ms
Numeric time: 0.337	0.338	0 ms
Symbolic time: 0.569	0.569	0 ms
Numeric time: 0.339	0.339	0 ms
Symbolic time: 0.574	0.574	0 ms
Numeric time: 0.336	0.335	0 ms
Symbolic time: 0.565	0.565	0 ms
Numeric time: 0.34	0.339	0 ms
Symbolic time: 0.557	0.556	0 ms
Numeric time: 0.347	0.347	0 ms
Symbolic time: 0.553	0.553	0 ms
Numeric time: 0.345	0	0.345 ms
Symbolic time: 0.552	0	0.553 ms
Numeric time: 0.352	0.352	0 ms
Symbolic time: 0.551	0.522	0.029 ms
Numeric time: 0.34	0.34	0 ms
Symbolic time: 0.553	0.553	0 ms
Numeric time: 0.341	0.342	0 ms
Symbolic time: 0.558	0.558	0 ms
Numeric time: 0.342	0	0.342 ms
Symbolic time: 0.563	0	0.563 ms
Numeric time: 0.341	0.341	0 ms
Symbolic time: 0.561	0.547	0.015 ms
Numeric time: 0.345	0.344	0 ms
Symbolic time: 0.562	0.561	0 ms
Numeric time: 0.343	0.343	0 ms
Symbolic time: 0.559	0.559	0 ms
Numeric time: 0.343	0	0.343 ms
Symbolic time: 0.555	0	0.555 ms
Numeric time: 0.344	0.291	0.052 ms
Symbolic time: 0.551	0.552	0 ms
Numeric time: 0.345	0.345	0 ms
Symbolic time: 0.551	0.552	0 ms
Numeric time: 0.342	0.342	0 ms
Symbolic time: 0.559	0.559	0 ms
Numeric time: 0.345	0.345	0 ms
Symbolic time: 0.559	0.559	0 ms
Numeric time: 0.337	0.337	0 ms
Symbolic time: 0.568	0.568	0 ms
Numeric time: 0.338	0.338	0 ms
Symbolic time: 0.567	0.567	0 ms
Numeric time: 0.336	0.336	0 ms
Symbolic time: 0.57	0.57	0 ms
Numeric time: 0.335	0.335	0 ms
Symbolic time: 0.566	0.566	0 ms
Numeric time: 0.337	0.337	0 ms
Symbolic time: 0.567	0.568	0 ms
Numeric time: 0.337	0.336	0 ms
Symbolic time: 0.564	0.564	0 ms
Numeric time: 0.337	0.337	0 ms
Symbolic time: 0.561	0.561	0 ms
Numeric time: 0.346	0.346	0 ms
Symbolic time: 0.558	0.558	0 ms
Numeric time: 0.345	0.345	0 ms
Symbolic time: 0.558	0.558	0 ms
Numeric time: 0.346	0.346	0 ms
Symbolic time: 0.555	0.555	0 ms
Numeric time: 0.336	0.337	0 ms
Symbolic time: 0.561	0.562	0 ms
Numeric time: 0.337	0.338	0 ms
Symbolic time: 0.564	0.564	0 ms
Numeric time: 0.336	0.336	0 ms
Symbolic time: 0.569	0.569	0 ms
Numeric time: 0.336	0.336	0 ms
Symbolic time: 0.57	0.57	0 ms
Numeric time: 0.337	0.337	0 ms
Symbolic time: 0.565	0	0.565 ms
Numeric time: 0.336	0	0.336 ms
Symbolic time: 0.561	0.522	0.04 ms
Numeric time: 0.348	0.349	0 ms
Symbolic time: 0.554	0.554	0 ms
Numeric time: 0.351	0.351	0 ms
Symbolic time: 0.554	0.554	0 ms
Numeric time: 0.349	0.349	0 ms
Symbolic time: 0.553	0.552	0 ms
Numeric time: 0.356	0.355	0 ms
Symbolic time: 0.551	0.552	0 ms
Numeric time: 0.353	0.353	0 ms
Symbolic time: 0.554	0.554	0 ms
Numeric time: 0.339	0	0.339 ms
Symbolic time: 0.561	0	0.561 ms
Numeric time: 0.342	0.343	0 ms
Symbolic time: 0.561	0.542	0.019 ms
Numeric time: 0.338	0.338	0 ms
Symbolic time: 0.562	0.562	0 ms
Numeric time: 0.343	0.343	0 ms
Symbolic time: 0.563	0.562	0 ms
Numeric time: 0.344	0.343	0 ms
Symbolic time: 0.561	0.561	0 ms
Numeric time: 0.335	0.319	0.017 ms
Symbolic time: 0.562	0	0.562 ms
Numeric time: 0.337	0	0.337 ms
Symbolic time: 0.556	0.555	0.001 ms
Numeric time: 0.346	0.321	0.025 ms
Symbolic time: 0.558	0.559	0 ms
Numeric time: 0.344	0.345	0 ms
Symbolic time: 0.56	0.561	0 ms
Numeric time: 0.343	0.344	0 ms
Symbolic time: 0.559	0.559	0 ms
Numeric time: 0.337	0.338	0 ms
Symbolic time: 0.559	0.559	0 ms
Numeric time: 0.336	0.337	0 ms
Symbolic time: 0.569	0.569	0 ms
Numeric time: 0.337	0.337	0 ms
Symbolic time: 0.569	0	0.568 ms
Numeric time: 0.337	0	0.337 ms
Symbolic time: 0.568	0.568	0 ms
Numeric time: 0.337	0.326	0.01 ms
Symbolic time: 0.567	0.568	0 ms
Numeric time: 0.338	0.338	0 ms
Symbolic time: 0.566	0.566	0 ms
Numeric time: 0.336	0.336	0 ms
Symbolic time: 0.559	0.559	0 ms
Numeric time: 0.346	0.345	0 ms
Symbolic time: 0.557	0.557	0 ms
Numeric time: 0.344	0.344	0 ms
Symbolic time: 0.558	0.558	0 ms
Numeric time: 0.343	0.343	0 ms
Symbolic time: 0.559	0.559	0 ms
Numeric time: 0.345	0.344	0 ms
Symbolic time: 0.559	0.559	0 ms
Numeric time: 0.336	0.336	0 ms
Symbolic time: 0.567	0.567	0 ms
Numeric time: 0.336	0.336	0 ms
Symbolic time: 0.571	0.57	0 ms
Numeric time: 0.337	0.337	0 ms
Symbolic time: 0.567	0.567	0 ms
Numeric time: 0.341	0.341	0 ms
Symbolic time: 0.572	0.572	0 ms
Numeric time: 0.339	0.339	0 ms
Symbolic time: 0.561	0.546	0.015 ms
Numeric time: 0.341	0.341	0 ms
Symbolic time: 0.561	0.56	0 ms
Numeric time: 0.339	0	0.34 ms
Symbolic time: 0.555	0	0.555 ms
Numeric time: 0.352	0.353	0 ms
Symbolic time: 0.555	0.52	0.035 ms
Numeric time: 0.352	0.352	0 ms
Symbolic time: 0.554	0.554	0 ms
Numeric time: 0.346	0.347	0 ms
Symbolic time: 0.554	0.554	0 ms
Numeric time: 0.343	0.344	0 ms
Symbolic time: 0.553	0.554	0 ms
Numeric time: 0.34	0	0.339 ms
Symbolic time: 0.562	0	0.561 ms
Numeric time: 0.345	0.344	0 ms
Symbolic time: 0.559	0.536	0.023 ms
Numeric time: 0.342	0.342	0 ms
Symbolic time: 0.562	0.563	0 ms
Numeric time: 0.346	0.345	0 ms
Symbolic time: 0.562	0.562	0 ms
Numeric time: 0.341	0.341	0 ms
Symbolic time: 0.56	0.56	0 ms
Numeric time: 0.336	0.318	0.018 ms
Symbolic time: 0.554	0.554	0 ms
Numeric time: 0.347	0.348	0 ms
Symbolic time: 0.557	0.557	0 ms
Numeric time: 0.347	0.347	0 ms
Symbolic time: 0.561	0.562	0 ms
Numeric time: 0.344	0.343	0 ms
Symbolic time: 0.558	0.558	0 ms
Numeric time: 0.344	0.344	0 ms
Symbolic time: 0.56	0.56	0 ms
Numeric time: 0.335	0.336	0 ms
Symbolic time: 0.566	0.566	0 ms
Numeric time: 0.337	0.336	0 ms
Symbolic time: 0.565	0	0.565 ms
Numeric time: 0.337	0	0.337 ms
Symbolic time: 0.564	0.565	0 ms
Numeric time: 0.338	0.327	0.012 ms
Symbolic time: 0.573	0.574	0 ms
Numeric time: 0.339	0.339	0 ms
Symbolic time: 0.569	0.569	0 ms
Numeric time: 0.338	0.338	0 ms
Symbolic time: 0.568	0.569	0 ms
Numeric time: 0.336	0.336	0 ms
Symbolic time: 0.557	0.558	0 ms
Numeric time: 0.347	0.347	0 ms
Symbolic time: 0.56	0.559	0 ms
Numeric time: 0.345	0.345	0 ms
Symbolic time: 0.56	0.56	0 ms
Numeric time: 0.348	0.348	0 ms
Symbolic time: 0.56	0.56	0 ms
Numeric time: 0.336	0.336	0 ms
Symbolic time: 0.559	0.559	0 ms
Numeric time: 0.337	0.337	0 ms
Symbolic time: 0.565	0.566	0 ms
Numeric time: 0.338	0.338	0 ms
Symbolic time: 0.569	0.569	0 ms
Numeric time: 0.337	0.337	0 ms
Symbolic time: 0.565	0	0.566 ms
Numeric time: 0.337	0	0.337 ms
Symbolic time: 0.562	0.512	0.05 ms
Numeric time: 0.342	0.343	0 ms
Symbolic time: 0.559	0.559	0 ms
Numeric time: 0.344	0	0.343 ms
Symbolic time: 0.554	0	0.554 ms
Numeric time: 0.351	0.351	0 ms
Symbolic time: 0.555	0.524	0.031 ms
Numeric time: 0.348	0.348	0 ms
Symbolic time: 0.554	0.554	0 ms
Numeric time: 0.351	0.352	0 ms
Symbolic time: 0.554	0.554	0 ms
Numeric time: 0.351	0.352	0 ms
Symbolic time: 0.555	0.555	0 ms
Numeric time: 0.339	0.339	0 ms
Symbolic time: 0.561	0.56	0 ms
Numeric time: 0.339	0	0.339 ms
Symbolic time: 0.56	0	0.56 ms
Numeric time: 0.341	0.342	0 ms
Symbolic time: 0.565	0.543	0.022 ms
Numeric time: 0.344	0.345	0 ms
Symbolic time: 0.562	0.562	0 ms
Numeric time: 0.338	0.314	0.023 ms
Symbolic time: 0.559	0	0.559 ms
Numeric time: 0.338	0	0.338 ms
Symbolic time: 0.56	0	0.56 ms
Numeric time: 0.335	0	0.336 ms
Symbolic time: 0.557	0.558	0 ms
Numeric time: 0.346	0.33	0.016 ms
Symbolic time: 0.569	0.569	0 ms
Numeric time: 0.348	0.348	0 ms
Symbolic time: 0.558	0.558	0 ms
Numeric time: 0.348	0.348	0 ms
Symbolic time: 0.56	0.56	0 ms
Numeric time: 0.336	0.336	0 ms
Symbolic time: 0.56	0.561	0 ms
Numeric time: 0.336	0.335	0 ms
Symbolic time: 0.566	0.566	0 ms
Numeric time: 0.337	0.337	0 ms
Symbolic time: 0.564	0.564	0 ms
Numeric time: 0.337	0.337	0 ms
Symbolic time: 0.569	0.57	0 ms
Numeric time: 0.337	0.337	0 ms
Symbolic time: 0.569	0.569	0 ms
Numeric time: 0.338	0.338	0 ms
Symbolic time: 0.567	0.567	0 ms
Numeric time: 0.336	0.337	0 ms
Symbolic time: 0.559	0.559	0 ms
Numeric time: 0.344	0.344	0 ms
Symbolic time: 0.558	0.558	0 ms
Numeric time: 0.347	0.348	0 ms
Symbolic time: 0.56	0.559	0 ms
Numeric time: 0.343	0.343	0 ms
Symbolic time: 0.555	0.555	0 ms
Numeric time: 0.344	0.345	0 ms
Symbolic time: 0.56	0.56	0 ms
Numeric time: 0.336	0.336	0 ms
Symbolic time: 0.572	0.572	0 ms
Numeric time: 0.337	0.337	0 ms
Symbolic time: 0.563	0.563	0 ms
Numeric time: 0.336	0.336	0 ms
Symbolic time: 0.563	0.56	0.003 ms
Numeric time: 0.341	0	0.341 ms
Symbolic time: 0.563	0	0.562 ms
Numeric time: 0.343	0.344	0 ms
Symbolic time: 0.561	0.533	0.027 ms
Numeric time: 0.343	0.342	0 ms
Symbolic time: 0.558	0.558	0 ms
Numeric time: 0.349	0.348	0 ms
Symbolic time: 0.553	0.552	0 ms
Numeric time: 0.349	0.349	0 ms
Symbolic time: 0.552	0.553	0 ms
Numeric time: 0.353	0.352	0 ms
Symbolic time: 0.552	0.553	0 ms
Numeric time: 0.35	0.349	0 ms
Symbolic time: 0.553	0.554	0 ms
Numeric time: 0.34	0	0.34 ms
Symbolic time: 0.553	0	0.553 ms
Numeric time: 0.341	0.341	0 ms
Symbolic time: 0.559	0.543	0.016 ms
Numeric time: 0.342	0.343	0 ms
Symbolic time: 0.562	0.562	0 ms
Numeric time: 0.338	0.314	0.024 ms
Symbolic time: 0.563	0	0.563 ms
Numeric time: 0.336	0	0.336 ms
Symbolic time: 0.562	0.563	0 ms
Numeric time: 0.337	0.309	0.027 ms
Symbolic time: 0.563	0.563	0 ms
Numeric time: 0.338	0.338	0 ms
Symbolic time: 0.56	0.559	0 ms
Numeric time: 0.345	0.345	0 ms
Symbolic time: 0.561	0.56	0 ms
Numeric time: 0.347	0.346	0 ms
Symbolic time: 0.559	0.559	0 ms
Numeric time: 0.344	0.344	0 ms
Symbolic time: 0.557	0.557	0 ms
Numeric time: 0.344	0.344	0 ms
Symbolic time: 0.557	0	0.557 ms
Numeric time: 0.337	0	0.337 ms
Symbolic time: 0.564	0.564	0 ms
Numeric time: 0.337	0.317	0.02 ms
Symbolic time: 0.569	0.569	0 ms
Numeric time: 0.337	0.336	0 ms
Symbolic time: 0.565	0.565	0 ms
Numeric time: 0.335	0.334	0 ms
Symbolic time: 0.567	0.568	0 ms
Numeric time: 0.339	0.339	0 ms
Symbolic time: 0.564	0.564	0 ms
Numeric time: 0.336	0.336	0 ms
Symbolic time: 0.568	0.569	0 ms
Numeric time: 0.338	0.338	0 ms
Symbolic time: 0.559	0.559	0 ms
Numeric time: 0.345	0.345	0 ms
Symbolic time: 0.559	0.559	0 ms
Numeric time: 0.344	0.344	0 ms
Symbolic time: 0.559	0.559	0 ms
Numeric time: 0.348	0.348	0 ms
Symbolic time: 0.56	0.56	0 ms
Numeric time: 0.334	0.334	0 ms
Symbolic time: 0.558	0.559	0 ms
Numeric time: 0.335	0.335	0 ms
Symbolic time: 0.562	0.544	0.017 ms
Numeric time: 0.351	0.351	0 ms
Symbolic time: 0.563	0.563	0 ms
Numeric time: 0.343	0.344	0 ms
Symbolic time: 0.561	0.561	0 ms
Numeric time: 0.343	0	0.343 ms
Symbolic time: 0.561	0	0.561 ms
Numeric time: 0.344	0.345	0 ms
Symbolic time: 0.562	0.54	0.023 ms
Numeric time: 0.344	0.343	0 ms
Symbolic time: 0.554	0.555	0 ms
Numeric time: 0.353	0.354	0 ms
Symbolic time: 0.553	0.553	0 ms
Numeric time: 0.351	0.351	0 ms
Symbolic time: 0.556	0.555	0 ms
Numeric time: 0.352	0.353	0 ms
Symbolic time: 0.554	0.553	0 ms
Numeric time: 0.35	0.351	0 ms
Symbolic time: 0.552	0.552	0 ms
Numeric time: 0.342	0.343	0 ms
Symbolic time: 0.561	0.561	0 ms
Numeric time: 0.345	0.345	0 ms
Symbolic time: 0.563	0.563	0 ms
Numeric time: 0.336	0.327	0.009 ms
Symbolic time: 0.563	0.563	0 ms
Numeric time: 0.335	0.335	0 ms
Symbolic time: 0.561	0	0.561 ms
Numeric time: 0.339	0	0.339 ms
Symbolic time: 0.568	0.568	0 ms
Numeric time: 0.337	0.337	0 ms
Symbolic time: 0.565	0.565	0 ms
Numeric time: 0.338	0.338	0 ms
Symbolic time: 0.557	0.558	0 ms
Numeric time: 0.348	0.348	0 ms
Symbolic time: 0.56	0.56	0 ms
Numeric time: 0.343	0.344	0 ms
Symbolic time: 0.559	0.559	0 ms
Numeric time: 0.347	0.347	0 ms
Symbolic time: 0.558	0.558	0 ms
Numeric time: 0.337	0.337	0 ms
Symbolic time: 0.56	0.56	0 ms
Numeric time: 0.339	0.339	0 ms
Symbolic time: 0.565	0.565	0 ms
Numeric time: 0.337	0.337	0 ms
Symbolic time: 0.566	0.566	0 ms
Numeric time: 0.336	0.336	0 ms
Symbolic time: 0.566	0.566	0 ms
Numeric time: 0.337	0.337	0 ms
Symbolic time: 0.565	0.565	0 ms
Numeric time: 0.337	0.337	0 ms
Symbolic time: 0.565	0.565	0 ms
Numeric time: 0.336	0.336	0 ms
Symbolic time: 0.559	0.559	0 ms
Numeric time: 0.344	0.345	0 ms
Symbolic time: 0.557	0.558	0 ms
Numeric time: 0.345	0.345	0 ms
Symbolic time: 0.558	0.559	0 ms
Numeric time: 0.347	0.347	0 ms
Symbolic time: 0.558	0.558	0 ms
Numeric time: 0.337	0.337	0 ms
Symbolic time: 0.554	0.553	0 ms
Numeric time: 0.337	0	0.337 ms
Symbolic time: 0.558	0	0.558 ms
Numeric time: 0.343	0.343	0 ms
Symbolic time: 0.562	0.542	0.019 ms
Numeric time: 0.341	0.341	0 ms
Symbolic time: 0.563	0.563	0 ms
Numeric time: 0.34	0.34	0 ms
Symbolic time: 0.56	0.56	0 ms
Numeric time: 0.343	0.343	0 ms
Symbolic time: 0.561	0.561	0 ms
Numeric time: 0.342	0.341	0 ms
Symbolic time: 0.553	0.553	0 ms
Numeric time: 0.354	0.354	0 ms
Symbolic time: 0.552	0.552	0 ms
Numeric time: 0.349	0.349	0 ms
Symbolic time: 0.553	0.554	0 ms
Numeric time: 0.35	0.35	0 ms
Symbolic time: 0.557	0.557	0 ms
Numeric time: 0.349	0.35	0 ms
Symbolic time: 0.553	0.553	0 ms
Numeric time: 0.345	0.344	0 ms
Symbolic time: 0.563	0.563	0 ms
Numeric time: 0.337	0.334	0.003 ms
Symbolic time: 0.561	0.562	0 ms
Numeric time: 0.337	0.336	0 ms
Symbolic time: 0.568	0.568	0 ms
Numeric time: 0.339	0.339	0 ms
Symbolic time: 0.566	0.566	0 ms
Numeric time: 0.339	0.339	0 ms
Symbolic time: 0.568	0.569	0 ms
Numeric time: 0.338	0.338	0 ms
Symbolic time: 0.564	0.564	0 ms
Numeric time: 0.337	0.336	0 ms
Symbolic time: 0.559	0.56	0 ms
Numeric time: 0.348	0.348	0 ms
Symbolic time: 0.562	0.562	0 ms
Numeric time: 0.343	0.343	0 ms
Symbolic time: 0.559	0.559	0 ms
Numeric time: 0.346	0.346	0 ms
Symbolic time: 0.558	0.558	0 ms
Numeric time: 0.335	0.335	0 ms
Symbolic time: 0.56	0.56	0 ms
Numeric time: 0.336	0.336	0 ms
Symbolic time: 0.566	0.566	0 ms
Numeric time: 0.337	0.337	0 ms
Symbolic time: 0.566	0.566	0 ms
Numeric time: 0.337	0.337	0 ms
Symbolic time: 0.568	0.568	0 ms
Numeric time: 0.339	0.339	0 ms
Symbolic time: 0.57	0.571	0 ms
Numeric time: 0.335	0.336	0 ms
Symbolic time: 0.565	0.565	0 ms
Numeric time: 0.338	0.338	0 ms
Symbolic time: 0.559	0.559	0 ms
Numeric time: 0.343	0.342	0 ms
Symbolic time: 0.558	0.559	0 ms
Numeric time: 0.347	0.347	0 ms
Symbolic time: 0.562	0.562	0 ms
Numeric time: 0.344	0.344	0 ms
Symbolic time: 0.557	0.557	0 ms
Numeric time: 0.343	0.344	0 ms
Symbolic time: 0.553	0.554	0 ms
Numeric time: 0.339	0.339	0 ms
Symbolic time: 0.56	0.56	0 ms
Numeric time: 0.341	0.342	0 ms
Symbolic time: 0.561	0.561	0 ms
Numeric time: 0.339	0.339	0 ms
Symbolic time: 0.565	0.565	0 ms
Numeric time: 0.34	0	0.34 ms
Symbolic time: 0.562	0	0.561 ms
Numeric time: 0.343	0.343	0 ms
Symbolic time: 0.562	0.543	0.02 ms
Numeric time: 0.342	0.343	0 ms
Symbolic time: 0.558	0.559	0 ms
Numeric time: 0.343	0	0.344 ms
Symbolic time: 0.553	0	0.554 ms
Numeric time: 0.351	0.351	0 ms
Symbolic time: 0.554	0.524	0.031 ms
Numeric time: 0.351	0.351	0 ms
Symbolic time: 0.556	0.556	0 ms
Numeric time: 0.345	0.346	0 ms
Symbolic time: 0.553	0.552	0 ms
Numeric time: 0.336	0.315	0.022 ms
Symbolic time: 0.556	0.555	0 ms
Numeric time: 0.336	0.335	0 ms
Symbolic time: 0.564	0.564	0 ms
Numeric time: 0.337	0.338	0 ms
Symbolic time: 0.57	0.57	0 ms
Numeric time: 0.338	0.338	0 ms
Symbolic time: 0.569	0.569	0 ms
Numeric time: 0.337	0.337	0 ms
Symbolic time: 0.567	0.567	0 ms
Numeric time: 0.338	0.338	0 ms
Symbolic time: 0.568	0.568	0 ms
Numeric time: 0.338	0.338	0 ms
Symbolic time: 0.559	0.559	0 ms
Numeric time: 0.346	0.346	0 ms
Symbolic time: 0.56	0.559	0 ms
Numeric time: 0.347	0.347	0 ms
Symbolic time: 0.559	0.559	0 ms
Numeric time: 0.344	0.343	0 ms
Symbolic time: 0.561	0.562	0 ms
Numeric time: 0.346	0.346	0 ms
Symbolic time: 0.561	0.562	0 ms
Numeric time: 0.337	0.337	0 ms
Symbolic time: 0.568	0.568	0 ms
Numeric time: 0.337	0.336	0 ms
Symbolic time: 0.565	0.565	0 ms
Numeric time: 0.336	0.336	0 ms
Symbolic time: 0.568	0.569	0 ms
Numeric time: 0.339	0.339	0 ms
Symbolic time: 0.567	0.567	0 ms
Numeric time: 0.337	0.338	0 ms
Symbolic time: 0.566	0.567	0 ms
Numeric time: 0.337	0.337	0 ms
Symbolic time: 0.565	0.565	0 ms
Numeric time: 0.338	0.339	0 ms
Symbolic time: 0.557	0.557	0 ms
Numeric time: 0.348	0.347	0 ms
Symbolic time: 0.559	0.559	0 ms
Numeric time: 0.344	0.344	0 ms
Symbolic time: 0.551	0.551	0 ms
Numeric time: 0.353	0.353	0 ms
Symbolic time: 0.553	0.553	0 ms
Numeric time: 0.343	0.343	0 ms
Symbolic time: 0.554	0.554	0 ms
Numeric time: 0.342	0.342	0 ms
Symbolic time: 0.56	0.56	0 ms
Numeric time: 0.339	0.34	0 ms
Symbolic time: 0.562	0.562	0 ms
Numeric time: 0.338	0.338	0 ms
Symbolic time: 0.562	0.563	0 ms
Numeric time: 0.34	0.341	0 ms
Symbolic time: 0.561	0.561	0 ms
Numeric time: 0.343	0.344	0 ms
Symbolic time: 0.564	0.563	0 ms
Numeric time: 0.34	0.341	0 ms
Symbolic time: 0.553	0.552	0 ms
Numeric time: 0.35	0.35	0 ms
Symbolic time: 0.554	0.554	0 ms
Numeric time: 0.35	0.35	0 ms
Symbolic time: 0.555	0.555	0 ms
Numeric time: 0.346	0.346	0 ms
Symbolic time: 0.554	0.554	0 ms
Numeric time: 0.338	0.337	0 ms
Symbolic time: 0.559	0.559	0 ms
Numeric time: 0.335	0.335	0 ms
Symbolic time: 0.568	0.568	0 ms
Numeric time: 0.337	0.337	0 ms
Symbolic time: 0.567	0.566	0 ms
Numeric time: 0.337	0.336	0 ms
Symbolic time: 0.569	0.57	0 ms
Numeric time: 0.337	0.338	0 ms
Symbolic time: 0.566	0.566	0 ms
Numeric time: 0.336	0.335	0 ms
Symbolic time: 0.565	0	0.565 ms
Numeric time: 0.335	0	0.335 ms
Symbolic time: 0.557	0.557	0 ms
Numeric time: 0.347	0.334	0.013 ms
Symbolic time: 0.561	0.562	0 ms
Numeric time: 0.345	0.345	0 ms
Symbolic time: 0.556	0.556	0 ms
Numeric time: 0.342	0.342	0 ms
Symbolic time: 0.561	0.561	0 ms
Numeric time: 0.344	0.344	0 ms
Symbolic time: 0.56	0.56	0 ms
Numeric time: 0.337	0.337	0 ms
Symbolic time: 0.569	0.569	0 ms
Numeric time: 0.337	0.337	0 ms
Symbolic time: 0.564	0.564	0 ms
Numeric time: 0.337	0.337	0 ms
Symbolic time: 0.567	0.567	0 ms
Numeric time: 0.338	0.337	0 ms
Symbolic time: 0.567	0.568	0 ms
Numeric time: 0.336	0.336	0 ms
Symbolic time: 0.564	0.564	0 ms
Numeric time: 0.338	0.339	0 ms
Symbolic time: 0.567	0.567	0 ms
Numeric time: 0.338	0.338	0 ms
Symbolic time: 0.553	0.536	0.017 ms
Numeric time: 0.35	0.351	0 ms
Symbolic time: 0.554	0.555	0 ms
Numeric time: 0.35	0	0.35 ms
Symbolic time: 0.552	0	0.552 ms
Numeric time: 0.35	0.35	0 ms
Symbolic time: 0.553	0.527	0.025 ms
Numeric time: 0.343	0.343	0 ms
Symbolic time: 0.552	0.552	0 ms
Numeric time: 0.342	0.343	0 ms
Symbolic time: 0.561	0.561	0 ms
Numeric time: 0.341	0.341	0 ms
Symbolic time: 0.562	0.561	0 ms
Numeric time: 0.341	0.342	0 ms
Symbolic time: 0.562	0.562	0 ms
Numeric time: 0.337	0.338	0 ms
Symbolic time: 0.561	0.561	0 ms
Numeric time: 0.343	0.343	0 ms
Symbolic time: 0.561	0.561	0 ms
Numeric time: 0.343	0	0.343 ms
Symbolic time: 0.552	0	0.553 ms
Numeric time: 0.346	0.296	0.05 ms
Symbolic time: 0.553	0.553	0 ms
Numeric time: 0.346	0.345	0 ms
Symbolic time: 0.555	0	0.556 ms
Numeric time: 0.347	0	0.347 ms
Symbolic time: 0.557	0.558	0 ms
Numeric time: 0.343	0.344	0 ms
Symbolic time: 0.561	0.561	0 ms
Numeric time: 0.336	0.336	0 ms
Symbolic time: 0.568	0.568	0 ms
Numeric time: 0.337	0.337	0 ms
Symbolic time: 0.57	0.57	0 ms
Numeric time: 0.337	0.338	0 ms
Symbolic time: 0.567	0.568	0 ms
Numeric time: 0.336	0.337	0 ms
Symbolic time: 0.568	0.569	0 ms
Numeric time: 0.338	0.339	0 ms
Symbolic time: 0.564	0.564	0 ms
Numeric time: 0.336	0.337	0 ms
Symbolic time: 0.569	0.568	0 ms
Numeric time: 0.337	0.336	0 ms
Symbolic time: 0.562	0.561	0 ms
Numeric time: 0.346	0.347	0 ms
Symbolic time: 0.56	0.56	0 ms
Numeric time: 0.345	0.346	0 ms
Symbolic time: 0.557	0.558	0 ms
Numeric time: 0.344	0.343	0 ms
Symbolic time: 0.561	0.561	0 ms
Numeric time: 0.336	0.337	0 ms
Symbolic time: 0.562	0.562	0 ms
Numeric time: 0.337	0.338	0 ms
Symbolic time: 0.564	0.564	0 ms
Numeric time: 0.337	0.336	0 ms
Symbolic time: 0.573	0.573	0 ms
Numeric time: 0.338	0.337	0 ms
Symbolic time: 0.567	0.567	0 ms
Numeric time: 0.336	0.335	0 ms
Symbolic time: 0.567	0.567	0 ms
Numeric time: 0.337	0.336	0 ms
Symbolic time: 0.56	0.559	0 ms
Numeric time: 0.342	0.342	0 ms
Symbolic time: 0.553	0.554	0 ms
Numeric time: 0.351	0	0.351 ms
Symbolic time: 0.552	0	0.553 ms
Numeric time: 0.351	0.351	0 ms
Symbolic time: 0.553	0.531	0.022 ms
Numeric time: 0.349	0.35	0 ms
Symbolic time: 0.555	0.555	0 ms
Numeric time: 0.348	0	0.349 ms
Symbolic time: 0.552	0	0.552 ms
Numeric time: 0.342	0.343	0 ms
Symbolic time: 0.564	0.537	0.027 ms
Numeric time: 0.341	0.341	0 ms
Symbolic time: 0.561	0.561	0 ms
Numeric time: 0.344	0.343	0 ms
Symbolic time: 0.563	0.563	0 ms
Numeric time: 0.342	0.342	0 ms
Symbolic time: 0.561	0.562	0 ms
Numeric time: 0.339	0.339	0 ms
Symbolic time: 0.562	0.563	0 ms
Numeric time: 0.338	0.322	0.016 ms
Symbolic time: 0.561	0	0.561 ms
Numeric time: 0.338	0	0.338 ms
Symbolic time: 0.551	0.552	0 ms
Numeric time: 0.346	0.32	0.025 ms
Symbolic time: 0.559	0.559	0 ms
Numeric time: 0.346	0.346	0 ms
Symbolic time: 0.559	0.559	0 ms
Numeric time: 0.343	0.343	0 ms
Symbolic time: 0.557	0.558	0 ms
Numeric time: 0.333	0.333	0 ms
Symbolic time: 0.563	0.564	0 ms
Numeric time: 0.337	0.337	0 ms
Symbolic time: 0.568	0	0.569 ms
Numeric time: 0.337	0	0.338 ms
Symbolic time: 0.566	0	0.566 ms
Numeric time: 0.339	0	0.339 ms
Symbolic time: 0.569	0.557	0.011 ms
Numeric time: 0.339	0.312	0.027 ms
Symbolic time: 0.565	0.565	0 ms
Numeric time: 0.337	0.337	0 ms
Symbolic time: 0.566	0.566	0 ms
Numeric time: 0.338	0.339	0 ms
Symbolic time: 0.556	0.556	0 ms
Numeric time: 0.343	0.344	0 ms
Symbolic time: 0.562	0.561	0 ms
Numeric time: 0.349	0.349	0 ms
Symbolic time: 0.559	0.559	0 ms
Numeric time: 0.347	0.347	0 ms
Symbolic time: 0.558	0.558	0 ms
Numeric time: 0.336	0.337	0 ms
Symbolic time: 0.559	0.56	0 ms
Numeric time: 0.335	0.335	0 ms
Symbolic time: 0.565	0.565	0 ms
Numeric time: 0.336	0.336	0 ms
Symbolic time: 0.569	0.57	0 ms
Numeric time: 0.337	0.336	0 ms
Symbolic time: 0.568	0.568	0 ms
Numeric time: 0.337	0.337	0 ms
Symbolic time: 0.564	0.545	0.019 ms
Numeric time: 0.344	0.345	0 ms
Symbolic time: 0.56	0.56	0 ms
Numeric time: 0.344	0.344	0 ms
Symbolic time: 0.552	0.552	0 ms
Numeric time: 0.349	0.349	0 ms
Symbolic time: 0.554	0.555	0 ms
Numeric time: 0.351	0.351	0 ms
Symbolic time: 0.554	0.554	0 ms
Numeric time: 0.352	0.352	0 ms
Symbolic time: 0.552	0.552	0 ms
Numeric time: 0.351	0.351	0 ms
Symbolic time: 0.554	0.554	0 ms
Numeric time: 0.34	0.34	0 ms
Symbolic time: 0.56	0.56	0 ms
Numeric time: 0.343	0.343	0 ms
Symbolic time: 0.559	0.559	0 ms
Numeric time: 0.343	0.343	0 ms
Symbolic time: 0.563	0.563	0 ms
Numeric time: 0.34	0.34	0 ms
Symbolic time: 0.564	0.564	0 ms
Numeric time: 0.342	0.342	0 ms
Symbolic time: 0.561	0.56	0 ms
Numeric time: 0.335	0.335	0 ms
Symbolic time: 0.563	0.563	0 ms
Numeric time: 0.337	0.337	0 ms
Symbolic time: 0.559	0.559	0 ms
Numeric time: 0.345	0.346	0 ms
Symbolic time: 0.559	0.559	0 ms
Numeric time: 0.344	0.344	0 ms
Symbolic time: 0.557	0.558	0 ms
Numeric time: 0.346	0.346	0 ms
Symbolic time: 0.558	0.559	0 ms
Numeric time: 0.339	0.339	0 ms
Symbolic time: 0.557	0.556	0 ms
Numeric time: 0.335	0.335	0 ms
Symbolic time: 0.565	0	0.565 ms
Numeric time: 0.338	0	0.337 ms
Symbolic time: 0.565	0.565	0 ms
Numeric time: 0.337	0.327	0.011 ms
Symbolic time: 0.565	0.564	0 ms
Numeric time: 0.338	0.338	0 ms
Symbolic time: 0.567	0.568	0 ms
Numeric time: 0.337	0.337	0 ms
Symbolic time: 0.566	0.566	0 ms
Numeric time: 0.339	0.338	0 ms
Symbolic time: 0.557	0.558	0 ms
Numeric time: 0.347	0.347	0 ms
Symbolic time: 0.562	0.562	0 ms
Numeric time: 0.347	0.347	0 ms
Symbolic time: 0.559	0.558	0 ms
Numeric time: 0.344	0.344	0 ms
Symbolic time: 0.559	0.559	0 ms
Numeric time: 0.343	0.342	0 ms
Symbolic time: 0.558	0.558	0 ms
Numeric time: 0.336	0.336	0 ms
Symbolic time: 0.567	0.567	0 ms
Numeric time: 0.338	0.338	0 ms
Symbolic time: 0.565	0.565	0 ms
Numeric time: 0.336	0.337	0 ms
Symbolic time: 0.562	0.544	0.018 ms
Numeric time: 0.341	0.341	0 ms
Symbolic time: 0.563	0.562	0 ms
Numeric time: 0.338	0	0.339 ms
Symbolic time: 0.562	0	0.563 ms
Numeric time: 0.342	0.343	0 ms
Symbolic time: 0.559	0.533	0.027 ms
Numeric time: 0.343	0.343	0 ms
Symbolic time: 0.555	0.554	0 ms
Numeric time: 0.353	0.354	0 ms
Symbolic time: 0.554	0.553	0 ms
Numeric time: 0.35	0	0.349 ms
Symbolic time: 0.553	0	0.552 ms
Numeric time: 0.35	0.351	0 ms
Symbolic time: 0.555	0.533	0.021 ms
Numeric time: 0.343	0.343	0 ms
Symbolic time: 0.556	0.556	0 ms
Numeric time: 0.344	0.344	0 ms
Symbolic time: 0.562	0.563	0 ms
Numeric time: 0.341	0.342	0 ms
Symbolic time: 0.564	0.563	0 ms
Numeric time: 0.341	0	0.341 ms
Symbolic time: 0.56	0	0.561 ms
Numeric time: 0.337	0.286	0.052 ms
Symbolic time: 0.564	0.563	0 ms
Numeric time: 0.337	0.337	0 ms
Symbolic time: 0.566	0.566	0 ms
Numeric time: 0.337	0.336	0 ms
Symbolic time: 0.557	0.557	0 ms
Numeric time: 0.344	0.343	0 ms
Symbolic time: 0.559	0.56	0 ms
Numeric time: 0.345	0.346	0 ms
Symbolic time: 0.561	0.562	0 ms
Numeric time: 0.347	0.347	0 ms
Symbolic time: 0.556	0.557	0 ms
Numeric time: 0.344	0.344	0 ms
Symbolic time: 0.559	0.559	0 ms
Numeric time: 0.336	0.336	0 ms
Symbolic time: 0.568	0.569	0 ms
Numeric time: 0.336	0.336	0 ms
Symbolic time: 0.565	0.566	0 ms
Numeric time: 0.338	0.337	0 ms
Symbolic time: 0.569	0.569	0 ms
Numeric time: 0.336	0.336	0 ms
Symbolic time: 0.569	0.568	0 ms
Numeric time: 0.336	0.336	0 ms
Symbolic time: 0.567	0.567	0 ms
Numeric time: 0.338	0.337	0 ms
Symbolic time: 0.564	0.564	0 ms
Numeric time: 0.337	0.338	0 ms
Symbolic time: 0.559	0.56	0 ms
Numeric time: 0.345	0.344	0 ms
Symbolic time: 0.559	0.559	0 ms
Numeric time: 0.344	0.345	0 ms
Symbolic time: 0.56	0.56	0 ms
Numeric time: 0.345	0.345	0 ms
Symbolic time: 0.556	0.556	0 ms
Numeric time: 0.339	0.339	0 ms
Symbolic time: 0.557	0.557	0 ms
Numeric time: 0.336	0.337	0 ms
Symbolic time: 0.559	0.56	0 ms
Numeric time: 0.342	0	0.342 ms
Symbolic time: 0.562	0	0.562 ms
Numeric time: 0.344	0.344	0 ms
Symbolic time: 0.562	0.537	0.026 ms
Numeric time: 0.345	0.346	0 ms
Symbolic time: 0.56	0.56	0 ms
Numeric time: 0.343	0.343	0 ms
Symbolic time: 0.56	0.56	0 ms
Numeric time: 0.342	0.342	0 ms
Symbolic time: 0.552	0.552	0 ms
Numeric time: 0.352	0.352	0 ms
Symbolic time: 0.554	0.555	0 ms
Numeric time: 0.35	0	0.351 ms
Symbolic time: 0.552	0	0.553 ms
Numeric time: 0.349	0.348	0 ms
Symbolic time: 0.554	0.538	0.017 ms
Numeric time: 0.349	0.349	0 ms
Symbolic time: 0.551	0.551	0 ms
Numeric time: 0.342	0.342	0 ms
Symbolic time: 0.564	0.564	0 ms
Numeric time: 0.342	0.342	0 ms
Symbolic time: 0.561	0.561	0 ms
Numeric time: 0.337	0.318	0.019 ms
Symbolic time: 0.566	0.566	0 ms
Numeric time: 0.336	0.336	0 ms
Symbolic time: 0.57	0.57	0 ms
Numeric time: 0.337	0.338	0 ms
Symbolic time: 0.568	0.568	0 ms
Numeric time: 0.337	0.338	0 ms
Symbolic time: 0.57	0.569	0 ms
Numeric time: 0.337	0.337	0 ms
Symbolic time: 0.559	0.56	0 ms
Numeric time: 0.346	0.346	0 ms
Symbolic time: 0.559	0.56	0 ms
Numeric time: 0.346	0.347	0 ms
Symbolic time: 0.561	0.561	0 ms
Numeric time: 0.344	0.345	0 ms
Symbolic time: 0.561	0	0.561 ms
Numeric time: 0.334	0	0.334 ms
Symbolic time: 0.56	0.56	0 ms
Numeric time: 0.337	0.328	0.009 ms
Symbolic time: 0.564	0.564	0 ms
Numeric time: 0.338	0.338	0 ms
Symbolic time: 0.57	0.57	0 ms
Numeric time: 0.339	0.339	0 ms
Symbolic time: 0.566	0.567	0 ms
Numeric time: 0.337	0.337	0 ms
Symbolic time: 0.567	0.567	0 ms
Numeric time: 0.337	0.337	0 ms
Symbolic time: 0.564	0.565	0 ms
Numeric time: 0.337	0.338	0 ms
Symbolic time: 0.559	0.559	0 ms
Numeric time: 0.346	0.346	0 ms
Symbolic time: 0.559	0.559	0 ms
Numeric time: 0.345	0.345	0 ms
Symbolic time: 0.557	0.556	0 ms
Numeric time: 0.344	0.344	0 ms
Symbolic time: 0.559	0.559	0 ms
Numeric time: 0.344	0.344	0 ms

Symbolic time: 0.579545 ms
Numeric time: 0.351367 ms
