Symbolic time: 0.513	0.254	0.254 ms
Numeric time: 0.349	0	0.354 ms
Symbolic time: 0.442	0	0.442 ms
Numeric time: 0.259	0	0.259 ms
Symbolic time: 0.447	0	0.446 ms
Numeric time: 0.269	0.268	0 ms
Symbolic time: 0.439	0.439	0 ms
Numeric time: 0.258	0.133	0.125 ms
Symbolic time: 0.446	0.446	0 ms
Numeric time: 0.242	0.242	0 ms
Symbolic time: 0.371	0.324	0.046 ms
Numeric time: 0.231	0	0.23 ms
Symbolic time: 0.364	0	0.364 ms
Numeric time: 0.225	0	0.225 ms
Symbolic time: 0.385	0.385	0 ms
Numeric time: 0.218	0.219	0 ms
Symbolic time: 0.367	0.321	0.046 ms
Numeric time: 0.226	0.226	0 ms
Symbolic time: 0.374	0.375	0 ms
Numeric time: 0.221	0.22	0 ms
Symbolic time: 0.385	0.384	0 ms
Numeric time: 0.224	0.224	0 ms
Symbolic time: 0.369	0.368	0 ms
Numeric time: 0.235	0.235	0 ms
Symbolic time: 0.37	0.371	0 ms
Numeric time: 0.229	0.229	0 ms
Symbolic time: 0.374	0.374	0 ms
Numeric time: 0.225	0.226	0 ms
Symbolic time: 0.368	0.367	0 ms
Numeric time: 0.227	0.227	0 ms
Symbolic time: 0.369	0.37	0 ms
Numeric time: 0.22	0.219	0 ms
Symbolic time: 0.38	0.38	0 ms
Numeric time: 0.217	0.217	0 ms
Symbolic time: 0.373	0.372	0 ms
Numeric time: 0.235	0.235	0 ms
Symbolic time: 0.369	0.37	0 ms
Numeric time: 0.232	0.231	0 ms
Symbolic time: 0.371	0.371	0 ms
Numeric time: 0.238	0.239	0 ms
Symbolic time: 0.267	0.268	0 ms
Numeric time: 0.15	0.149	0 ms
Symbolic time: 0.251	0.252	0 ms
Numeric time: 0.147	0.147	0 ms
Symbolic time: 0.249	0.248	0 ms
Numeric time: 0.148	0.147	0 ms
Symbolic time: 0.253	0.253	0 ms
Numeric time: 0.15	0.151	0 ms
Symbolic time: 0.249	0.249	0 ms
Numeric time: 0.153	0.154	0 ms
Symbolic time: 0.243	0.244	0 ms
Numeric time: 0.159	0.16	0 ms
Symbolic time: 0.243	0.243	0 ms
Numeric time: 0.15	0.15	0 ms
Symbolic time: 0.242	0.243	0 ms
Numeric time: 0.146	0.147	0 ms
Symbolic time: 0.248	0.248	0 ms
Numeric time: 0.146	0.147	0 ms
Symbolic time: 0.248	0.248	0 ms
Numeric time: 0.146	0.146	0 ms
Symbolic time: 0.258	0.258	0 ms
Numeric time: 0.147	0.148	0 ms
Symbolic time: 0.249	0.25	0 ms
Numeric time: 0.153	0.153	0 ms
Symbolic time: 0.246	0.246	0 ms
Numeric time: 0.159	0.159	0 ms
Symbolic time: 0.244	0.244	0 ms
Numeric time: 0.151	0.151	0 ms
Symbolic time: 0.244	0.244	0 ms
Numeric time: 0.145	0.145	0 ms
Symbolic time: 0.253	0.253	0 ms
Numeric time: 0.147	0.147	0 ms
Symbolic time: 0.249	0.249	0 ms
Numeric time: 0.145	0.145	0 ms
Symbolic time: 0.255	0.254	0 ms
Numeric time: 0.149	0.149	0 ms
Symbolic time: 0.247	0.246	0 ms
Numeric time: 0.152	0.151	0 ms
Symbolic time: 0.243	0.243	0 ms
Numeric time: 0.16	0.16	0 ms
Symbolic time: 0.243	0.242	0 ms
Numeric time: 0.149	0.149	0 ms
Symbolic time: 0.244	0.243	0 ms
Numeric time: 0.145	0.145	0 ms
Symbolic time: 0.211	0.21	0 ms
Numeric time: 0.096	0.096	0 ms
Symbolic time: 0.164	0.164	0 ms
Numeric time: 0.097	0.097	0 ms
Symbolic time: 0.163	0.163	0 ms
Numeric time: 0.099	0.099	0 ms
Symbolic time: 0.168	0.168	0 ms
Numeric time: 0.102	0.102	0 ms
Symbolic time: 0.159	0.159	0 ms
Numeric time: 0.099	0.099	0 ms
Symbolic time: 0.158	0.158	0 ms
Numeric time: 0.097	0.096	0 ms
Symbolic time: 0.159	0.16	0 ms
Numeric time: 0.102	0.102	0 ms
Symbolic time: 0.16	0.16	0 ms
Numeric time: 0.095	0.096	0 ms
Symbolic time: 0.161	0.16	0 ms
Numeric time: 0.096	0.096	0 ms
Symbolic time: 0.163	0.163	0 ms
Numeric time: 0.097	0.097	0 ms
Symbolic time: 0.167	0.167	0 ms
Numeric time: 0.099	0.099	0 ms
Symbolic time: 0.159	0.159	0 ms
Numeric time: 0.101	0.1	0 ms
Symbolic time: 0.158	0.159	0 ms
Numeric time: 0.098	0.098	0 ms
Symbolic time: 0.159	0.159	0 ms
Numeric time: 0.095	0.096	0 ms
Symbolic time: 0.165	0.166	0 ms
Numeric time: 0.094	0.094	0 ms
Symbolic time: 0.162	0.162	0 ms
Numeric time: 0.095	0.095	0 ms
Symbolic time: 0.165	0.165	0 ms
Numeric time: 0.097	0.097	0 ms
Symbolic time: 0.169	0.169	0 ms
Numeric time: 0.101	0.1	0 ms
Symbolic time: 0.161	0.16	0 ms
Numeric time: 0.1	0.101	0 ms
Symbolic time: 0.159	0.159	0 ms
Numeric time: 0.098	0.097	0 ms
Symbolic time: 0.16	0.159	0 ms
Numeric time: 0.096	0.096	0 ms
Symbolic time: 0.164	0.164	0 ms
Numeric time: 0.094	0.094	0 ms
Symbolic time: 0.163	0.163	0 ms
Numeric time: 0.095	0.095	0 ms
Symbolic time: 0.164	0.164	0 ms
Numeric time: 0.099	0.099	0 ms
Symbolic time: 0.163	0.162	0 ms
Numeric time: 0.103	0.104	0 ms
Symbolic time: 0.161	0.161	0 ms
Numeric time: 0.099	0.099	0 ms
Symbolic time: 0.158	0.159	0 ms
Numeric time: 0.097	0.097	0 ms
Symbolic time: 0.159	0.159	0 ms
Numeric time: 0.095	0.095	0 ms
Symbolic time: 0.163	0.163	0 ms
Numeric time: 0.096	0.095	0 ms
Symbolic time: 0.16	0.161	0 ms
Numeric time: 0.095	0.095	0 ms
Symbolic time: 0.163	0.163	0 ms
Numeric time: 0.098	0.098	0 ms
Symbolic time: 0.161	0.162	0 ms
Numeric time: 0.105	0.104	0 ms
Symbolic time: 0.16	0.16	0 ms
Numeric time: 0.1	0.099	0 ms
Symbolic time: 0.16	0.16	0 ms
Numeric time: 0.096	0.096	0 ms
Symbolic time: 0.16	0.161	0 ms
Numeric time: 0.094	0.095	0 ms
Symbolic time: 0.168	0.168	0 ms
Numeric time: 0.103	0.104	0 ms
Symbolic time: 0.163	0.163	0 ms
Numeric time: 0.097	0.097	0 ms
Symbolic time: 0.171	0.172	0 ms
Numeric time: 0.088	0.088	0 ms
Symbolic time: 0.143	0.143	0 ms
Numeric time: 0.099	0.099	0 ms
Symbolic time: 0.143	0.144	0 ms
Numeric time: 0.097	0.098	0 ms
Symbolic time: 0.142	0.142	0 ms
Numeric time: 0.085	0.085	0 ms
Symbolic time: 0.145	0.145	0 ms
Numeric time: 0.085	0.085	0 ms
Symbolic time: 0.146	0.146	0 ms
Numeric time: 0.089	0.089	0 ms
Symbolic time: 0.145	0.144	0 ms
Numeric time: 0.088	0.088	0 ms
Symbolic time: 0.143	0.143	0 ms
Numeric time: 0.09	0.09	0 ms
Symbolic time: 0.143	0.143	0 ms
Numeric time: 0.087	0.086	0 ms
Symbolic time: 0.143	0.143	0 ms
Numeric time: 0.089	0.089	0 ms
Symbolic time: 0.144	0.144	0 ms
Numeric time: 0.084	0.084	0 ms
Symbolic time: 0.144	0.144	0 ms
Numeric time: 0.084	0.084	0 ms
Symbolic time: 0.145	0.145	0 ms
Numeric time: 0.087	0.088	0 ms
Symbolic time: 0.148	0.148	0 ms
Numeric time: 0.09	0.089	0 ms
Symbolic time: 0.142	0.142	0 ms
Numeric time: 0.088	0.089	0 ms
Symbolic time: 0.142	0.142	0 ms
Numeric time: 0.087	0.086	0 ms
Symbolic time: 0.14	0.14	0 ms
Numeric time: 0.085	0.085	0 ms
Symbolic time: 0.146	0.145	0 ms
Numeric time: 0.085	0.085	0 ms
Symbolic time: 0.147	0.147	0 ms
Numeric time: 0.086	0.085	0 ms
Symbolic time: 0.145	0.145	0 ms
Numeric time: 0.088	0.088	0 ms
Symbolic time: 0.145	0.144	0 ms
Numeric time: 0.089	0.088	0 ms
Symbolic time: 0.146	0.146	0 ms
Numeric time: 0.087	0.087	0 ms
Symbolic time: 0.142	0.141	0 ms
Numeric time: 0.086	0.086	0 ms
Symbolic time: 0.144	0.143	0 ms
Numeric time: 0.085	0.085	0 ms
Symbolic time: 0.143	0.144	0 ms
Numeric time: 0.085	0.085	0 ms
Symbolic time: 0.15	0.15	0 ms
Numeric time: 0.087	0.087	0 ms
Symbolic time: 0.147	0.146	0 ms
Numeric time: 0.09	0.09	0 ms
Symbolic time: 0.144	0.143	0 ms
Numeric time: 0.091	0.091	0 ms
Symbolic time: 0.142	0.142	0 ms
Numeric time: 0.088	0.088	0 ms
Symbolic time: 0.145	0.145	0 ms
Numeric time: 0.085	0.085	0 ms
Symbolic time: 0.142	0.143	0 ms
Numeric time: 0.084	0.085	0 ms
Symbolic time: 0.145	0.145	0 ms
Numeric time: 0.085	0.085	0 ms
Symbolic time: 0.147	0.147	0 ms
Numeric time: 0.088	0.087	0 ms
Symbolic time: 0.145	0.145	0 ms
Numeric time: 0.089	0.089	0 ms
Symbolic time: 0.149	0.15	0 ms
Numeric time: 0.089	0.089	0 ms
Symbolic time: 0.142	0.143	0 ms
Numeric time: 0.086	0.086	0 ms
Symbolic time: 0.142	0.143	0 ms
Numeric time: 0.085	0.085	0 ms
Symbolic time: 0.15	0.15	0 ms
Numeric time: 0.084	0.085	0 ms
Symbolic time: 0.145	0.145	0 ms
Numeric time: 0.086	0.086	0 ms
Symbolic time: 0.144	0.145	0 ms
Numeric time: 0.089	0.089	0 ms
Symbolic time: 0.142	0.142	0 ms
Numeric time: 0.09	0.09	0 ms
Symbolic time: 0.144	0.144	0 ms
Numeric time: 0.087	0.087	0 ms
Symbolic time: 0.141	0.141	0 ms
Numeric time: 0.086	0.085	0 ms
Symbolic time: 0.143	0.142	0 ms
Numeric time: 0.085	0.086	0 ms
Symbolic time: 0.145	0.144	0 ms
Numeric time: 0.085	0.086	0 ms
Symbolic time: 0.15	0.15	0 ms
Numeric time: 0.088	0.089	0 ms
Symbolic time: 0.144	0.144	0 ms
Numeric time: 0.09	0.09	0 ms
Symbolic time: 0.143	0.143	0 ms
Numeric time: 0.088	0.088	0 ms
Symbolic time: 0.142	0.142	0 ms
Numeric time: 0.086	0.086	0 ms
Symbolic time: 0.143	0.143	0 ms
Numeric time: 0.084	0.085	0 ms
Symbolic time: 0.144	0.144	0 ms
Numeric time: 0.084	0.085	0 ms
Symbolic time: 0.146	0.147	0 ms
Numeric time: 0.094	0.093	0 ms
Symbolic time: 0.147	0.147	0 ms
Numeric time: 0.093	0.094	0 ms
Symbolic time: 0.143	0.143	0 ms
Numeric time: 0.089	0.089	0 ms
Symbolic time: 0.143	0.143	0 ms
Numeric time: 0.086	0.086	0 ms
Symbolic time: 0.143	0.143	0 ms
Numeric time: 0.084	0.084	0 ms
Symbolic time: 0.143	0.143	0 ms
Numeric time: 0.088	0.088	0 ms
Symbolic time: 0.146	0.146	0 ms
Numeric time: 0.086	0.086	0 ms
Symbolic time: 0.146	0.145	0 ms
Numeric time: 0.089	0.089	0 ms
Symbolic time: 0.144	0.147	0 ms
Numeric time: 0.09	0.09	0 ms
Symbolic time: 0.143	0.143	0 ms
Numeric time: 0.092	0.092	0 ms
Symbolic time: 0.142	0.143	0 ms
Numeric time: 0.084	0.085	0 ms
Symbolic time: 0.146	0.147	0 ms
Numeric time: 0.085	0.084	0 ms
Symbolic time: 0.144	0.144	0 ms
Numeric time: 0.084	0.084	0 ms
Symbolic time: 0.148	0.148	0 ms
Numeric time: 0.087	0.087	0 ms
Symbolic time: 0.143	0.143	0 ms
Numeric time: 0.089	0.089	0 ms
Symbolic time: 0.141	0.142	0 ms
Numeric time: 0.089	0.089	0 ms
Symbolic time: 0.141	0.142	0 ms
Numeric time: 0.086	0.087	0 ms
Symbolic time: 0.144	0.144	0 ms
Numeric time: 0.085	0.085	0 ms
Symbolic time: 0.144	0.144	0 ms
Numeric time: 0.085	0.084	0 ms
Symbolic time: 0.143	0.143	0 ms
Numeric time: 0.084	0.085	0 ms
Symbolic time: 0.146	0.145	0 ms
Numeric time: 0.087	0.087	0 ms
Symbolic time: 0.147	0.146	0 ms
Numeric time: 0.089	0.089	0 ms
Symbolic time: 0.142	0.143	0 ms
Numeric time: 0.09	0.09	0 ms
Symbolic time: 0.143	0.143	0 ms
Numeric time: 0.087	0.087	0 ms
Symbolic time: 0.143	0.142	0 ms
Numeric time: 0.084	0.084	0 ms
Symbolic time: 0.149	0.149	0 ms
Numeric time: 0.085	0.085	0 ms
Symbolic time: 0.145	0.145	0 ms
Numeric time: 0.088	0.088	0 ms
Symbolic time: 0.146	0.146	0 ms
Numeric time: 0.087	0.087	0 ms
Symbolic time: 0.149	0.15	0 ms
Numeric time: 0.091	0.091	0 ms
Symbolic time: 0.148	0.148	0 ms
Numeric time: 0.089	0.088	0 ms
Symbolic time: 0.143	0.142	0 ms
Numeric time: 0.086	0.085	0 ms
Symbolic time: 0.143	0.143	0 ms
Numeric time: 0.084	0.084	0 ms
Symbolic time: 0.145	0.144	0 ms
Numeric time: 0.084	0.084	0 ms
Symbolic time: 0.149	0.148	0 ms
Numeric time: 0.086	0.086	0 ms
Symbolic time: 0.145	0.145	0 ms
Numeric time: 0.087	0.088	0 ms
Symbolic time: 0.142	0.142	0 ms
Numeric time: 0.089	0.089	0 ms
Symbolic time: 0.142	0.142	0 ms
Numeric time: 0.094	0.094	0 ms
Symbolic time: 0.142	0.141	0 ms
Numeric time: 0.086	0.086	0 ms
Symbolic time: 0.143	0.143	0 ms
Numeric time: 0.085	0.084	0 ms
Symbolic time: 0.143	0.143	0 ms
Numeric time: 0.084	0.085	0 ms
Symbolic time: 0.145	0.146	0 ms
Numeric time: 0.091	0.092	0 ms
Symbolic time: 0.146	0.145	0 ms
Numeric time: 0.087	0.088	0 ms
Symbolic time: 0.144	0.144	0 ms
Numeric time: 0.091	0.09	0 ms
Symbolic time: 0.141	0.141	0 ms
Numeric time: 0.087	0.086	0 ms
Symbolic time: 0.141	0.142	0 ms
Numeric time: 0.091	0.091	0 ms
Symbolic time: 0.142	0.142	0 ms
Numeric time: 0.084	0.084	0 ms
Symbolic time: 0.143	0.144	0 ms
Numeric time: 0.085	0.085	0 ms
Symbolic time: 0.146	0.146	0 ms
Numeric time: 0.086	0.086	0 ms
Symbolic time: 0.145	0.145	0 ms
Numeric time: 0.094	0.095	0 ms
Symbolic time: 0.143	0.143	0 ms
Numeric time: 0.09	0.09	0 ms
Symbolic time: 0.141	0.142	0 ms
Numeric time: 0.087	0.087	0 ms
Symbolic time: 0.142	0.142	0 ms
Numeric time: 0.085	0.085	0 ms
Symbolic time: 0.143	0.144	0 ms
Numeric time: 0.085	0	0.084 ms
Symbolic time: 0.143	0	0.144 ms
Numeric time: 0.085	0	0.085 ms
Symbolic time: 0.145	0	0.145 ms
Numeric time: 0.085	0	0.086 ms
Symbolic time: 0.144	0	0.145 ms
Numeric time: 0.088	0.001	0.086 ms
Symbolic time: 0.148	0.148	0 ms
Numeric time: 0.09	0.091	0 ms
Symbolic time: 0.142	0.142	0 ms
Numeric time: 0.088	0.088	0 ms
Symbolic time: 0.141	0.141	0 ms
Numeric time: 0.085	0.085	0 ms
Symbolic time: 0.141	0.141	0 ms
Numeric time: 0.084	0.084	0 ms
Symbolic time: 0.145	0.146	0 ms
Numeric time: 0.085	0.084	0 ms
Symbolic time: 0.145	0.145	0 ms
Numeric time: 0.085	0.085	0 ms
Symbolic time: 0.145	0.146	0 ms
Numeric time: 0.088	0.088	0 ms
Symbolic time: 0.144	0.143	0 ms
Numeric time: 0.09	0.09	0 ms
Symbolic time: 0.144	0.144	0 ms
Numeric time: 0.089	0.089	0 ms
Symbolic time: 0.141	0.142	0 ms
Numeric time: 0.084	0.085	0 ms
Symbolic time: 0.142	0.142	0 ms
Numeric time: 0.085	0.085	0 ms
Symbolic time: 0.144	0.143	0 ms
Numeric time: 0.086	0.086	0 ms
Symbolic time: 0.152	0.152	0 ms
Numeric time: 0.084	0.085	0 ms
Symbolic time: 0.146	0.147	0 ms
Numeric time: 0.088	0.088	0 ms
Symbolic time: 0.146	0.145	0 ms
Numeric time: 0.09	0.09	0 ms
Symbolic time: 0.143	0.143	0 ms
Numeric time: 0.087	0.087	0.001 ms
Symbolic time: 0.146	0.145	0 ms
Numeric time: 0.087	0.087	0 ms
Symbolic time: 0.142	0.142	0 ms
Numeric time: 0.084	0.084	0 ms
Symbolic time: 0.144	0.143	0 ms
Numeric time: 0.085	0.084	0 ms
Symbolic time: 0.147	0.147	0 ms
Numeric time: 0.086	0.086	0 ms
Symbolic time: 0.151	0.15	0 ms
Numeric time: 0.088	0.088	0 ms
Symbolic time: 0.144	0.144	0 ms
Numeric time: 0.09	0.091	0 ms
Symbolic time: 0.143	0.142	0 ms
Numeric time: 0.088	0.088	0 ms
Symbolic time: 0.143	0.144	0 ms
Numeric time: 0.085	0.085	0 ms
Symbolic time: 0.147	0.147	0 ms
Numeric time: 0.085	0.087	0 ms
Symbolic time: 0.143	0.143	0 ms
Numeric time: 0.084	0.084	0 ms
Symbolic time: 0.146	0.146	0 ms
Numeric time: 0.085	0.085	0 ms
Symbolic time: 0.145	0.144	0 ms
Numeric time: 0.088	0.088	0 ms
Symbolic time: 0.148	0.148	0 ms
Numeric time: 0.087	0.088	0 ms
Symbolic time: 0.142	0.142	0 ms
Numeric time: 0.089	0.089	0 ms
Symbolic time: 0.141	0.141	0 ms
Numeric time: 0.085	0.085	0 ms
Symbolic time: 0.14	0.141	0 ms
Numeric time: 0.084	0.083	0 ms
Symbolic time: 0.149	0.148	0 ms
Numeric time: 0.085	0.084	0 ms
Symbolic time: 0.145	0.144	0 ms
Numeric time: 0.085	0.085	0 ms
Symbolic time: 0.146	0.145	0 ms
Numeric time: 0.088	0.088	0 ms
Symbolic time: 0.143	0.144	0 ms
Numeric time: 0.09	0.09	0 ms
Symbolic time: 0.147	0.147	0 ms
Numeric time: 0.088	0.089	0 ms
Symbolic time: 0.142	0.143	0 ms
Numeric time: 0.085	0.086	0 ms
Symbolic time: 0.142	0.142	0 ms
Numeric time: 0.084	0.085	0 ms
Symbolic time: 0.142	0.141	0 ms
Numeric time: 0.084	0.083	0 ms
Symbolic time: 0.149	0.149	0 ms
Numeric time: 0.085	0.085	0 ms
Symbolic time: 0.146	0.146	0 ms
Numeric time: 0.086	0.086	0 ms
Symbolic time: 0.145	0.145	0 ms
Numeric time: 0.09	0.089	0 ms
Symbolic time: 0.143	0.143	0 ms
Numeric time: 0.093	0.094	0 ms
Symbolic time: 0.142	0.143	0 ms
Numeric time: 0.088	0.088	0 ms
Symbolic time: 0.142	0.143	0 ms
Numeric time: 0.085	0.085	0 ms
Symbolic time: 0.142	0.143	0 ms
Numeric time: 0.085	0.085	0 ms
Symbolic time: 0.144	0.144	0 ms
Numeric time: 0.088	0.088	0 ms
Symbolic time: 0.144	0.145	0 ms
Numeric time: 0.091	0.09	0 ms
Symbolic time: 0.146	0.146	0 ms
Numeric time: 0.089	0.09	0 ms
Symbolic time: 0.142	0.143	0 ms
Numeric time: 0.088	0.088	0 ms
Symbolic time: 0.141	0.142	0 ms
Numeric time: 0.091	0.091	0 ms
Symbolic time: 0.142	0.142	0 ms
Numeric time: 0.084	0.084	0 ms
Symbolic time: 0.143	0.144	0 ms
Numeric time: 0.084	0.084	0 ms
Symbolic time: 0.145	0.145	0 ms
Numeric time: 0.084	0.085	0 ms
Symbolic time: 0.146	0.146	0 ms
Numeric time: 0.092	0.092	0 ms
Symbolic time: 0.143	0.143	0 ms
Numeric time: 0.089	0.09	0 ms
Symbolic time: 0.142	0.142	0 ms
Numeric time: 0.089	0.09	0 ms
Symbolic time: 0.14	0.141	0 ms
Numeric time: 0.087	0.086	0 ms
Symbolic time: 0.141	0.141	0 ms
Numeric time: 0.088	0.089	0 ms
Symbolic time: 0.143	0.143	0 ms
Numeric time: 0.084	0.085	0 ms
Symbolic time: 0.147	0.147	0 ms
Numeric time: 0.085	0.085	0 ms
Symbolic time: 0.146	0.146	0 ms
Numeric time: 0.088	0.088	0 ms
Symbolic time: 0.144	0.144	0 ms
Numeric time: 0.095	0.096	0 ms
Symbolic time: 0.143	0.142	0 ms
Numeric time: 0.088	0.088	0 ms
Symbolic time: 0.142	0.143	0 ms
Numeric time: 0.085	0.085	0 ms
Symbolic time: 0.143	0.143	0 ms
Numeric time: 0.084	0.084	0 ms
Symbolic time: 0.143	0.142	0 ms
Numeric time: 0.088	0.088	0 ms
Symbolic time: 0.145	0.144	0 ms
Numeric time: 0.085	0.085	0 ms
Symbolic time: 0.145	0.146	0 ms
Numeric time: 0.088	0.088	0 ms
Symbolic time: 0.144	0.145	0 ms
Numeric time: 0.089	0.089	0 ms
Symbolic time: 0.143	0.142	0 ms
Numeric time: 0.091	0.091	0 ms
Symbolic time: 0.141	0.141	0 ms
Numeric time: 0.087	0.087	0 ms
Symbolic time: 0.141	0.141	0 ms
Numeric time: 0.085	0.085	0 ms
Symbolic time: 0.143	0.142	0 ms
Numeric time: 0.093	0.093	0 ms
Symbolic time: 0.149	0.151	0 ms
Numeric time: 0.086	0.085	0 ms
Symbolic time: 0.147	0.146	0 ms
Numeric time: 0.087	0.088	0 ms
Symbolic time: 0.144	0.145	0 ms
Numeric time: 0.089	0.09	0 ms
Symbolic time: 0.143	0.143	0 ms
Numeric time: 0.087	0.087	0 ms
Symbolic time: 0.148	0.147	0 ms
Numeric time: 0.086	0.085	0 ms
Symbolic time: 0.142	0.143	0 ms
Numeric time: 0.084	0.083	0 ms
Symbolic time: 0.145	0.144	0 ms
Numeric time: 0.084	0.085	0 ms
Symbolic time: 0.146	0.146	0 ms
Numeric time: 0.085	0.085	0 ms
Symbolic time: 0.151	0.151	0 ms
Numeric time: 0.087	0.088	0 ms
Symbolic time: 0.145	0.144	0 ms
Numeric time: 0.088	0.089	0 ms
Symbolic time: 0.142	0.141	0 ms
Numeric time: 0.088	0.089	0 ms
Symbolic time: 0.142	0.141	0 ms
Numeric time: 0.085	0.085	0 ms
Symbolic time: 0.146	0.146	0 ms
Numeric time: 0.085	0.085	0 ms
Symbolic time: 0.144	0.143	0 ms
Numeric time: 0.084	0.085	0 ms
Symbolic time: 0.144	0.143	0 ms
Numeric time: 0.084	0.084	0 ms
Symbolic time: 0.145	0.146	0 ms
Numeric time: 0.088	0.087	0 ms
Symbolic time: 0.153	0.153	0 ms
Numeric time: 0.09	0.089	0 ms
Symbolic time: 0.141	0.141	0 ms
Numeric time: 0.09	0.089	0 ms
Symbolic time: 0.141	0.142	0 ms
Numeric time: 0.087	0.087	0 ms
Symbolic time: 0.142	0.142	0 ms
Numeric time: 0.084	0.085	0 ms
Symbolic time: 0.146	0.145	0 ms
Numeric time: 0.085	0.085	0 ms
Symbolic time: 0.144	0.144	0 ms
Numeric time: 0.089	0.088	0 ms
Symbolic time: 0.145	0.145	0 ms
Numeric time: 0.088	0.088	0 ms
Symbolic time: 0.143	0.143	0 ms
Numeric time: 0.089	0.089	0 ms
Symbolic time: 0.148	0.147	0 ms
Numeric time: 0.089	0.089	0 ms
Symbolic time: 0.142	0.142	0 ms
Numeric time: 0.087	0.086	0 ms
Symbolic time: 0.142	0.143	0 ms
Numeric time: 0.084	0.084	0 ms
Symbolic time: 0.144	0.144	0 ms
Numeric time: 0.085	0.085	0 ms
Symbolic time: 0.151	0.152	0 ms
Numeric time: 0.085	0.085	0 ms
Symbolic time: 0.145	0.145	0 ms
Numeric time: 0.088	0.088	0 ms
Symbolic time: 0.143	0.144	0 ms
Numeric time: 0.089	0.089	0 ms
Symbolic time: 0.143	0.143	0 ms
Numeric time: 0.088	0.087	0 ms
Symbolic time: 0.148	0.148	0 ms
Numeric time: 0.085	0.086	0 ms
Symbolic time: 0.141	0.141	0 ms
Numeric time: 0.085	0.085	0 ms
Symbolic time: 0.144	0.144	0 ms
Numeric time: 0.085	0.085	0 ms
Symbolic time: 0.144	0.145	0 ms
Numeric time: 0.086	0.085	0 ms
Symbolic time: 0.146	0.145	0 ms
Numeric time: 0.087	0.088	0 ms
Symbolic time: 0.143	0.142	0 ms
Numeric time: 0.09	0.089	0 ms
Symbolic time: 0.142	0.142	0 ms
Numeric time: 0.089	0.089	0 ms
Symbolic time: 0.14	0.14	0 ms
Numeric time: 0.092	0.092	0 ms
Symbolic time: 0.141	0.142	0 ms
Numeric time: 0.084	0.085	0 ms
Symbolic time: 0.143	0.143	0 ms
Numeric time: 0.085	0.084	0 ms
Symbolic time: 0.144	0.144	0 ms
Numeric time: 0.085	0.086	0 ms
Symbolic time: 0.145	0.145	0 ms
Numeric time: 0.09	0.09	0 ms
Symbolic time: 0.144	0.144	0 ms
Numeric time: 0.089	0.088	0 ms
Symbolic time: 0.142	0.142	0 ms
Numeric time: 0.089	0.089	0 ms
Symbolic time: 0.142	0.142	0 ms
Numeric time: 0.087	0.087	0 ms
Symbolic time: 0.142	0.142	0 ms
Numeric time: 0.091	0.091	0 ms
Symbolic time: 0.142	0.142	0 ms
Numeric time: 0.085	0.085	0 ms
Symbolic time: 0.145	0.145	0 ms
Numeric time: 0.085	0.085	0 ms
Symbolic time: 0.146	0.147	0 ms
Numeric time: 0.087	0.087	0 ms
Symbolic time: 0.145	0.144	0 ms
Numeric time: 0.101	0.101	0 ms
Symbolic time: 0.143	0.143	0 ms
Numeric time: 0.09	0.09	0 ms
Symbolic time: 0.141	0.142	0 ms
Numeric time: 0.085	0.085	0 ms
Symbolic time: 0.142	0.142	0 ms
Numeric time: 0.083	0.084	0 ms
Symbolic time: 0.149	0.15	0 ms
Numeric time: 0.084	0.084	0 ms
Symbolic time: 0.144	0.145	0 ms
Numeric time: 0.085	0.084	0 ms
Symbolic time: 0.146	0.146	0 ms
Numeric time: 0.087	0.087	0 ms
Symbolic time: 0.145	0.144	0 ms
Numeric time: 0.089	0.088	0 ms
Symbolic time: 0.146	0.145	0 ms
Numeric time: 0.089	0.089	0 ms
Symbolic time: 0.142	0.142	0 ms
Numeric time: 0.085	0.085	0 ms
Symbolic time: 0.14	0.14	0 ms
Numeric time: 0.085	0.085	0 ms
Symbolic time: 0.142	0.142	0 ms
Numeric time: 0.084	0.085	0 ms
Symbolic time: 0.148	0.148	0 ms
Numeric time: 0.085	0.085	0 ms
Symbolic time: 0.147	0.147	0 ms
Numeric time: 0.087	0.086	0 ms
Symbolic time: 0.146	0.145	0 ms
Numeric time: 0.088	0.089	0 ms
Symbolic time: 0.145	0.144	0 ms
Numeric time: 0.088	0.089	0 ms
Symbolic time: 0.148	0.148	0 ms
Numeric time: 0.086	0.086	0 ms
Symbolic time: 0.142	0.143	0 ms
Numeric time: 0.088	0.088	0 ms
Symbolic time: 0.145	0.144	0 ms
Numeric time: 0.085	0.084	0 ms
Symbolic time: 0.146	0.145	0 ms
Numeric time: 0.085	0.085	0 ms
Symbolic time: 0.149	0.148	0 ms
Numeric time: 0.088	0.088	0 ms
Symbolic time: 0.143	0.143	0 ms
Numeric time: 0.089	0.088	0 ms
Symbolic time: 0.142	0.142	0 ms
Numeric time: 0.088	0.087	0 ms
Symbolic time: 0.141	0.141	0 ms
Numeric time: 0.086	0.086	0 ms
Symbolic time: 0.148	0.148	0 ms
Numeric time: 0.084	0.084	0 ms
Symbolic time: 0.145	0.144	0 ms
Numeric time: 0.084	0.085	0 ms
Symbolic time: 0.145	0.145	0 ms
Numeric time: 0.084	0.085	0 ms
Symbolic time: 0.147	0.147	0 ms
Numeric time: 0.087	0.087	0 ms
Symbolic time: 0.147	0.147	0 ms
Numeric time: 0.089	0.09	0 ms
Symbolic time: 0.142	0.142	0 ms
Numeric time: 0.089	0.089	0 ms
Symbolic time: 0.141	0.141	0 ms
Numeric time: 0.086	0.086	0 ms
Symbolic time: 0.141	0.141	0 ms
Numeric time: 0.085	0.085	0 ms
Symbolic time: 0.143	0	0.142 ms
Numeric time: 0.084	0	0.084 ms
Symbolic time: 0.144	0	0.144 ms
Numeric time: 0.086	0	0.085 ms
Symbolic time: 0.146	0	0.146 ms
Numeric time: 0.087	0	0.088 ms
Symbolic time: 0.144	0	0.144 ms
Numeric time: 0.094	0.094	0 ms
Symbolic time: 0.145	0.144	0 ms
Numeric time: 0.089	0.082	0.006 ms
Symbolic time: 0.145	0.135	0.01 ms
Numeric time: 0.086	0.08	0.006 ms
Symbolic time: 0.142	0.131	0.011 ms
Numeric time: 0.085	0.079	0.007 ms
Symbolic time: 0.142	0.132	0.01 ms
Numeric time: 0.09	0.09	0 ms
Symbolic time: 0.147	0.147	0 ms
Numeric time: 0.087	0.086	0 ms
Symbolic time: 0.145	0.146	0 ms
Numeric time: 0.088	0.089	0 ms
Symbolic time: 0.144	0.144	0 ms
Numeric time: 0.09	0.09	0 ms
Symbolic time: 0.143	0.142	0.001 ms
Numeric time: 0.089	0.089	0 ms
Symbolic time: 0.143	0.143	0 ms
Numeric time: 0.086	0.085	0 ms
Symbolic time: 0.143	0.143	0 ms
Numeric time: 0.085	0.085	0 ms
Symbolic time: 0.142	0.142	0 ms
Numeric time: 0.085	0.085	0 ms
Symbolic time: 0.15	0.15	0 ms
Numeric time: 0.087	0.086	0 ms
Symbolic time: 0.145	0.145	0 ms
Numeric time: 0.087	0.088	0 ms
Symbolic time: 0.143	0.142	0 ms
Numeric time: 0.09	0.089	0 ms
Symbolic time: 0.143	0.143	0 ms
Numeric time: 0.087	0.087	0 ms
Symbolic time: 0.156	0.156	0 ms
Numeric time: 0.086	0.085	0 ms
Symbolic time: 0.144	0.143	0 ms
Numeric time: 0.084	0.085	0 ms
Symbolic time: 0.144	0.145	0 ms
Numeric time: 0.085	0.085	0 ms
Symbolic time: 0.146	0.147	0 ms
Numeric time: 0.086	0.086	0 ms
Symbolic time: 0.15	0.15	0 ms
Numeric time: 0.089	0.089	0 ms
Symbolic time: 0.143	0.143	0 ms
Numeric time: 0.091	0.091	0 ms
Symbolic time: 0.141	0.141	0 ms
Numeric time: 0.087	0.087	0 ms
Symbolic time: 0.142	0.141	0 ms
Numeric time: 0.085	0.084	0 ms
Symbolic time: 0.147	0.147	0 ms
Numeric time: 0.084	0.085	0 ms
Symbolic time: 0.143	0.144	0 ms
Numeric time: 0.085	0.085	0 ms
Symbolic time: 0.15	0.15	0 ms
Numeric time: 0.088	0.089	0 ms
Symbolic time: 0.144	0.144	0 ms
Numeric time: 0.09	0.09	0 ms
Symbolic time: 0.143	0	0.143 ms
Numeric time: 0.088	0	0.088 ms
Symbolic time: 0.143	0	0.142 ms
Numeric time: 0.085	0	0.084 ms
Symbolic time: 0.143	0	0.142 ms
Numeric time: 0.084	0	0.083 ms
Symbolic time: 0.143	0	0.143 ms
Numeric time: 0.09	0.091	0 ms
Symbolic time: 0.144	0.135	0.011 ms
Numeric time: 0.085	0.079	0.007 ms
Symbolic time: 0.146	0.135	0.012 ms
Numeric time: 0.088	0.082	0.007 ms
Symbolic time: 0.144	0.133	0.011 ms
Numeric time: 0.089	0.083	0.007 ms
Symbolic time: 0.143	0.131	0.011 ms
Numeric time: 0.093	0.093	0 ms
Symbolic time: 0.142	0.142	0 ms
Numeric time: 0.085	0.086	0 ms
Symbolic time: 0.142	0.142	0 ms
Numeric time: 0.084	0.085	0 ms
Symbolic time: 0.144	0.144	0 ms
Numeric time: 0.085	0.085	0 ms
Symbolic time: 0.145	0.144	0 ms
Numeric time: 0.089	0.09	0 ms
Symbolic time: 0.145	0.145	0 ms
Numeric time: 0.089	0.088	0 ms
Symbolic time: 0.143	0.144	0 ms
Numeric time: 0.09	0.089	0 ms
Symbolic time: 0.141	0.141	0 ms
Numeric time: 0.088	0.088	0 ms
Symbolic time: 0.142	0.141	0.001 ms
Numeric time: 0.09	0.091	0 ms
Symbolic time: 0.144	0.144	0 ms
Numeric time: 0.084	0.084	0 ms
Symbolic time: 0.143	0.143	0 ms
Numeric time: 0.085	0.086	0 ms
Symbolic time: 0.146	0.146	0 ms
Numeric time: 0.087	0.087	0 ms
Symbolic time: 0.156	0.157	0 ms
Numeric time: 0.088	0.089	0 ms
Symbolic time: 0.142	0.143	0 ms
Numeric time: 0.09	0.091	0 ms
Symbolic time: 0.141	0.14	0 ms
Numeric time: 0.087	0.088	0 ms
Symbolic time: 0.142	0.142	0 ms
Numeric time: 0.085	0.085	0 ms
Symbolic time: 0.148	0.148	0 ms
Numeric time: 0.085	0.085	0 ms
Symbolic time: 0.145	0.144	0 ms
Numeric time: 0.085	0.085	0 ms
Symbolic time: 0.145	0.145	0 ms
Numeric time: 0.088	0.088	0 ms
Symbolic time: 0.144	0.144	0 ms
Numeric time: 0.09	0.09	0 ms
Symbolic time: 0.147	0.148	0 ms
Numeric time: 0.09	0.09	0 ms
Symbolic time: 0.142	0.142	0 ms
Numeric time: 0.085	0.085	0 ms
Symbolic time: 0.142	0.143	0 ms
Numeric time: 0.084	0.084	0 ms
Symbolic time: 0.144	0.144	0 ms
Numeric time: 0.085	0.084	0 ms
Symbolic time: 0.15	0.15	0 ms
Numeric time: 0.085	0.085	0 ms
Symbolic time: 0.145	0.144	0 ms
Numeric time: 0.088	0.088	0 ms
Symbolic time: 0.143	0.143	0 ms
Numeric time: 0.089	0.089	0 ms
Symbolic time: 0.142	0.142	0 ms
Numeric time: 0.089	0.088	0 ms
Symbolic time: 0.147	0.147	0 ms
Numeric time: 0.086	0.086	0 ms
Symbolic time: 0.142	0.143	0 ms
Numeric time: 0.084	0.084	0 ms
Symbolic time: 0.142	0.143	0 ms
Numeric time: 0.085	0.085	0 ms
Symbolic time: 0.145	0.145	0 ms
Numeric time: 0.085	0.086	0 ms
Symbolic time: 0.144	0.145	0 ms
Numeric time: 0.089	0.089	0 ms
Symbolic time: 0.143	0.143	0 ms
Numeric time: 0.089	0.09	0 ms
Symbolic time: 0.142	0.142	0 ms
Numeric time: 0.087	0.088	0 ms
Symbolic time: 0.141	0.142	0 ms
Numeric time: 0.087	0.087	0 ms
Symbolic time: 0.142	0.142	0 ms
Numeric time: 0.085	0.084	0 ms
Symbolic time: 0.144	0.143	0 ms
Numeric time: 0.085	0.085	0 ms
Symbolic time: 0.146	0.145	0 ms
Numeric time: 0.086	0.086	0 ms
Symbolic time: 0.144	0.144	0 ms
Numeric time: 0.138	0.132	0 ms
Symbolic time: 0.215	0.216	0 ms
Numeric time: 0.13	0.13	0 ms
Symbolic time: 0.205	0.204	0 ms
Numeric time: 0.125	0.126	0 ms
Symbolic time: 0.211	0.211	0 ms
Numeric time: 0.127	0.126	0 ms
Symbolic time: 0.207	0.206	0 ms
Numeric time: 0.127	0.127	0 ms
Symbolic time: 0.206	0.206	0 ms
Numeric time: 0.135	0.134	0 ms
Symbolic time: 0.207	0.208	0 ms
Numeric time: 0.126	0.127	0 ms
Symbolic time: 0.206	0.205	0 ms
Numeric time: 0.128	0.127	0 ms
Symbolic time: 0.208	0.207	0 ms
Numeric time: 0.126	0	0.126 ms
Symbolic time: 0.206	0	0.206 ms
Numeric time: 0.125	0	0.126 ms
Symbolic time: 0.206	0	0.207 ms
Numeric time: 0.126	0	0.127 ms
Symbolic time: 0.211	0.186	0.025 ms
Numeric time: 0.126	0.117	0.01 ms
Symbolic time: 0.204	0.189	0.015 ms
Numeric time: 0.127	0.118	0.01 ms
Symbolic time: 0.207	0.192	0.015 ms
Numeric time: 0.128	0.118	0.01 ms
Symbolic time: 0.205	0.205	0 ms
Numeric time: 0.125	0.125	0 ms
Symbolic time: 0.205	0.205	0 ms
Numeric time: 0.127	0.127	0 ms
Symbolic time: 0.205	0.206	0 ms
Numeric time: 0.131	0.131	0 ms
Symbolic time: 0.204	0.204	0 ms
Numeric time: 0.127	0.126	0 ms
Symbolic time: 0.205	0.205	0 ms
Numeric time: 0.127	0.127	0 ms
Symbolic time: 0.209	0.21	0 ms
Numeric time: 0.125	0.124	0 ms
Symbolic time: 0.207	0.206	0 ms
Numeric time: 0.127	0.126	0 ms
Symbolic time: 0.206	0.205	0 ms
Numeric time: 0.127	0.127	0 ms
Symbolic time: 0.211	0.21	0 ms
Numeric time: 0.126	0.126	0 ms
Symbolic time: 0.206	0.206	0 ms
Numeric time: 0.126	0.125	0 ms
Symbolic time: 0.205	0.205	0 ms
Numeric time: 0.129	0.13	0 ms
Symbolic time: 0.205	0.205	0 ms
Numeric time: 0.127	0.126	0 ms
Symbolic time: 0.205	0.205	0 ms
Numeric time: 0.126	0.127	0 ms
Symbolic time: 0.211	0.211	0 ms
Numeric time: 0.125	0.126	0 ms
Symbolic time: 0.205	0.205	0 ms
Numeric time: 0.128	0.127	0 ms
Symbolic time: 0.205	0.206	0 ms
Numeric time: 0.126	0.126	0 ms
Symbolic time: 0.211	0.211	0 ms
Numeric time: 0.127	0.126	0 ms
Symbolic time: 0.206	0.206	0 ms
Numeric time: 0.126	0.126	0 ms
Symbolic time: 0.204	0.204	0 ms
Numeric time: 0.129	0.13	0 ms
Symbolic time: 0.205	0.205	0 ms
Numeric time: 0.125	0.126	0 ms
Symbolic time: 0.205	0.205	0 ms
Numeric time: 0.127	0.127	0 ms
Symbolic time: 0.208	0.209	0 ms
Numeric time: 0.127	0.128	0 ms
Symbolic time: 0.206	0.206	0 ms
Numeric time: 0.125	0.125	0 ms
Symbolic time: 0.205	0.205	0 ms
Numeric time: 0.126	0.126	0 ms
Symbolic time: 0.211	0.21	0 ms
Numeric time: 0.126	0.127	0 ms
Symbolic time: 0.205	0.205	0 ms
Numeric time: 0.125	0.126	0 ms
Symbolic time: 0.205	0.204	0 ms
Numeric time: 0.13	0.13	0 ms
Symbolic time: 0.204	0.204	0 ms
Numeric time: 0.126	0.126	0 ms
Symbolic time: 0.205	0.205	0 ms
Numeric time: 0.125	0.126	0 ms
Symbolic time: 0.205	0.204	0 ms
Numeric time: 0.132	0.132	0 ms
Symbolic time: 0.206	0.206	0 ms
Numeric time: 0.128	0.128	0 ms
Symbolic time: 0.204	0.204	0 ms
Numeric time: 0.127	0.128	0 ms
Symbolic time: 0.212	0.212	0 ms
Numeric time: 0.126	0.126	0 ms
Symbolic time: 0.204	0.204	0 ms
Numeric time: 0.126	0.126	0 ms
Symbolic time: 0.204	0.204	0 ms
Numeric time: 0.126	0.125	0 ms
Symbolic time: 0.207	0.206	0 ms
Numeric time: 0.127	0.126	0 ms
Symbolic time: 0.204	0.204	0 ms
Numeric time: 0.126	0.126	0 ms
Symbolic time: 0.207	0.206	0 ms
Numeric time: 0.131	0.13	0 ms
Symbolic time: 0.208	0.208	0 ms
Numeric time: 0.127	0.127	0 ms
Symbolic time: 0.205	0.205	0 ms
Numeric time: 0.125	0.126	0 ms
Symbolic time: 0.211	0.211	0 ms
Numeric time: 0.126	0.127	0 ms
Symbolic time: 0.207	0.207	0 ms
Numeric time: 0.126	0.127	0 ms
Symbolic time: 0.205	0.205	0 ms
Numeric time: 0.126	0.126	0 ms
Symbolic time: 0.209	0.209	0 ms
Numeric time: 0.127	0.127	0 ms
Symbolic time: 0.204	0.205	0 ms
Numeric time: 0.127	0.127	0 ms
Symbolic time: 0.205	0.206	0 ms
Numeric time: 0.131	0.132	0 ms
Symbolic time: 0.205	0.205	0 ms
Numeric time: 0.127	0.127	0 ms
Symbolic time: 0.205	0.205	0 ms
Numeric time: 0.125	0.125	0 ms
Symbolic time: 0.21	0.21	0 ms
Numeric time: 0.127	0.127	0 ms
Symbolic time: 0.205	0.205	0 ms
Numeric time: 0.127	0.127	0 ms
Symbolic time: 0.205	0.205	0 ms
Numeric time: 0.126	0.126	0 ms
Symbolic time: 0.209	0.209	0 ms
Numeric time: 0.127	0.126	0 ms
Symbolic time: 0.204	0.205	0 ms
Numeric time: 0.127	0.127	0 ms
Symbolic time: 0.204	0.204	0 ms
Numeric time: 0.129	0.129	0 ms
Symbolic time: 0.205	0.205	0 ms
Numeric time: 0.126	0.126	0 ms
Symbolic time: 0.203	0.203	0 ms
Numeric time: 0.126	0.126	0 ms
Symbolic time: 0.205	0.205	0 ms
Numeric time: 0.126	0.126	0 ms
Symbolic time: 0.204	0.204	0 ms
Numeric time: 0.126	0.126	0 ms
Symbolic time: 0.204	0.204	0 ms
Numeric time: 0.125	0.126	0 ms
Symbolic time: 0.216	0.216	0 ms
Numeric time: 0.126	0.126	0 ms
Symbolic time: 0.204	0.204	0 ms
Numeric time: 0.127	0.127	0 ms
Symbolic time: 0.203	0.203	0 ms
Numeric time: 0.125	0.126	0 ms
Symbolic time: 0.204	0.204	0 ms
Numeric time: 0.126	0.126	0 ms
Symbolic time: 0.205	0.205	0 ms
Numeric time: 0.126	0.126	0 ms
Symbolic time: 0.205	0.205	0 ms
Numeric time: 0.132	0.131	0 ms
Symbolic time: 0.204	0.204	0 ms
Numeric time: 0.126	0.127	0 ms
Symbolic time: 0.203	0.203	0 ms
Numeric time: 0.125	0.125	0 ms
Symbolic time: 0.21	0.209	0 ms
Numeric time: 0.126	0.126	0 ms
Symbolic time: 0.205	0.205	0 ms
Numeric time: 0.128	0.127	0 ms
Symbolic time: 0.205	0.205	0 ms
Numeric time: 0.127	0.127	0 ms
Symbolic time: 0.21	0.211	0 ms
Numeric time: 0.126	0.126	0 ms
Symbolic time: 0.205	0.205	0 ms
Numeric time: 0.125	0.125	0 ms
Symbolic time: 0.205	0.204	0 ms
Numeric time: 0.132	0.131	0 ms
Symbolic time: 0.205	0.205	0 ms
Numeric time: 0.128	0.128	0 ms
Symbolic time: 0.205	0.205	0 ms
Numeric time: 0.127	0.127	0 ms
Symbolic time: 0.209	0.21	0 ms
Numeric time: 0.127	0.127	0 ms
Symbolic time: 0.206	0.206	0 ms
Numeric time: 0.127	0.127	0 ms
Symbolic time: 0.206	0.205	0 ms
Numeric time: 0.128	0.128	0 ms
Symbolic time: 0.209	0.209	0 ms
Numeric time: 0.126	0.126	0 ms
Symbolic time: 0.205	0.205	0 ms
Numeric time: 0.126	0.126	0 ms
Symbolic time: 0.205	0.205	0 ms
Numeric time: 0.132	0.132	0 ms
Symbolic time: 0.205	0.205	0 ms
Numeric time: 0.126	0.126	0 ms
Symbolic time: 0.204	0.204	0 ms
Numeric time: 0.126	0.126	0 ms
Symbolic time: 0.205	0.204	0 ms
Numeric time: 0.126	0.126	0 ms
Symbolic time: 0.206	0.205	0 ms
Numeric time: 0.126	0.127	0 ms
Symbolic time: 0.206	0.206	0 ms
Numeric time: 0.126	0.126	0 ms
Symbolic time: 0.211	0.211	0 ms
Numeric time: 0.128	0.127	0 ms
Symbolic time: 0.205	0.205	0 ms
Numeric time: 0.126	0.126	0 ms
Symbolic time: 0.205	0.204	0 ms
Numeric time: 0.129	0.129	0 ms
Symbolic time: 0.207	0.207	0 ms
Numeric time: 0.126	0.126	0 ms
Symbolic time: 0.205	0.205	0 ms
Numeric time: 0.127	0.127	0 ms
Symbolic time: 0.203	0.203	0 ms
Numeric time: 0.134	0.134	0 ms
Symbolic time: 0.204	0.204	0 ms
Numeric time: 0.127	0.127	0 ms
Symbolic time: 0.205	0.204	0 ms
Numeric time: 0.127	0.126	0 ms
Symbolic time: 0.209	0.209	0 ms
Numeric time: 0.126	0.126	0 ms
Symbolic time: 0.203	0.204	0 ms
Numeric time: 0.126	0.126	0 ms
Symbolic time: 0.204	0.204	0 ms
Numeric time: 0.126	0.127	0 ms
Symbolic time: 0.21	0.21	0 ms
Numeric time: 0.127	0.127	0 ms
Symbolic time: 0.205	0.205	0 ms
Numeric time: 0.127	0.127	0 ms
Symbolic time: 0.206	0.206	0 ms
Numeric time: 0.128	0.129	0 ms
Symbolic time: 0.205	0.205	0 ms
Numeric time: 0.125	0.125	0 ms
Symbolic time: 0.206	0.206	0 ms
Numeric time: 0.127	0.126	0 ms
Symbolic time: 0.208	0.209	0 ms
Numeric time: 0.126	0.126	0 ms
Symbolic time: 0.207	0.207	0 ms
Numeric time: 0.126	0.126	0 ms
Symbolic time: 0.204	0.204	0 ms
Numeric time: 0.127	0.127	0 ms
Symbolic time: 0.21	0.21	0 ms
Numeric time: 0.127	0.126	0 ms
Symbolic time: 0.204	0.204	0 ms
Numeric time: 0.127	0.127	0 ms
Symbolic time: 0.206	0.205	0 ms
Numeric time: 0.132	0.132	0 ms
Symbolic time: 0.203	0.203	0 ms
Numeric time: 0.126	0.126	0 ms
Symbolic time: 0.205	0.205	0 ms
Numeric time: 0.125	0.125	0 ms
Symbolic time: 0.21	0.21	0 ms
Numeric time: 0.127	0.127	0 ms
Symbolic time: 0.205	0.205	0 ms
Numeric time: 0.127	0.127	0 ms
Symbolic time: 0.205	0.206	0 ms
Numeric time: 0.124	0.124	0 ms
Symbolic time: 0.211	0.211	0 ms
Numeric time: 0.127	0.128	0 ms
Symbolic time: 0.206	0.206	0 ms
Numeric time: 0.126	0.127	0 ms
Symbolic time: 0.204	0.205	0 ms
Numeric time: 0.126	0.126	0 ms
Symbolic time: 0.205	0.205	0 ms
Numeric time: 0.126	0.126	0 ms
Symbolic time: 0.204	0.205	0 ms
Numeric time: 0.125	0.126	0 ms
Symbolic time: 0.206	0.206	0 ms
Numeric time: 0.129	0.129	0 ms
Symbolic time: 0.204	0.204	0 ms
Numeric time: 0.127	0.127	0 ms
Symbolic time: 0.205	0.205	0 ms
Numeric time: 0.125	0.126	0 ms
Symbolic time: 0.21	0.21	0 ms
Numeric time: 0.126	0.126	0 ms
Symbolic time: 0.205	0.205	0 ms
Numeric time: 0.127	0.127	0 ms
Symbolic time: 0.204	0.204	0 ms
Numeric time: 0.127	0.126	0 ms
Symbolic time: 0.208	0.208	0 ms
Numeric time: 0.125	0.125	0 ms
Symbolic time: 0.205	0.205	0 ms
Numeric time: 0.127	0.127	0 ms
Symbolic time: 0.203	0.203	0 ms
Numeric time: 0.126	0.126	0 ms
Symbolic time: 0.205	0.205	0 ms
Numeric time: 0.126	0.125	0 ms
Symbolic time: 0.204	0.204	0 ms
Numeric time: 0.126	0.127	0 ms
Symbolic time: 0.204	0.204	0 ms
Numeric time: 0.13	0.13	0 ms
Symbolic time: 0.204	0.204	0 ms
Numeric time: 0.126	0.126	0 ms
Symbolic time: 0.203	0.202	0 ms
Numeric time: 0.126	0.126	0 ms
Symbolic time: 0.206	0.206	0 ms
Numeric time: 0.125	0.125	0 ms
Symbolic time: 0.205	0.205	0 ms
Numeric time: 0.126	0.126	0 ms
Symbolic time: 0.205	0.205	0 ms
Numeric time: 0.126	0.126	0 ms
Symbolic time: 0.212	0.212	0 ms
Numeric time: 0.127	0.127	0 ms
Symbolic time: 0.205	0.205	0 ms
Numeric time: 0.126	0.126	0 ms
Symbolic time: 0.205	0.205	0 ms
Numeric time: 0.126	0.126	0 ms
Symbolic time: 0.207	0.207	0 ms
Numeric time: 0.126	0.126	0 ms
Symbolic time: 0.207	0.207	0 ms
Numeric time: 0.126	0.126	0 ms
Symbolic time: 0.204	0.205	0 ms
Numeric time: 0.13	0.13	0 ms
Symbolic time: 0.205	0.204	0 ms
Numeric time: 0.125	0.125	0 ms
Symbolic time: 0.205	0.205	0 ms
Numeric time: 0.126	0.126	0 ms
Symbolic time: 0.208	0.209	0 ms
Numeric time: 0.126	0.126	0 ms
Symbolic time: 0.206	0.205	0 ms
Numeric time: 0.127	0.126	0 ms
Symbolic time: 0.205	0.205	0 ms
Numeric time: 0.126	0.126	0 ms
Symbolic time: 0.211	0.211	0 ms
Numeric time: 0.126	0.126	0 ms
Symbolic time: 0.206	0.206	0 ms
Numeric time: 0.126	0.126	0 ms
Symbolic time: 0.205	0.205	0 ms
Numeric time: 0.127	0.127	0 ms
Symbolic time: 0.206	0.205	0 ms
Numeric time: 0.127	0.127	0 ms
Symbolic time: 0.207	0.207	0 ms
Numeric time: 0.128	0.128	0 ms
Symbolic time: 0.205	0.206	0 ms
Numeric time: 0.134	0.134	0 ms
Symbolic time: 0.206	0.206	0 ms
Numeric time: 0.127	0.128	0 ms
Symbolic time: 0.205	0.204	0 ms
Numeric time: 0.126	0.126	0 ms
Symbolic time: 0.212	0.212	0 ms
Numeric time: 0.127	0.127	0 ms
Symbolic time: 0.204	0.204	0 ms
Numeric time: 0.125	0.125	0 ms
Symbolic time: 0.202	0.202	0 ms
Numeric time: 0.126	0.126	0 ms
Symbolic time: 0.21	0.21	0 ms
Numeric time: 0.125	0.126	0 ms
Symbolic time: 0.206	0.206	0 ms
Numeric time: 0.125	0.125	0 ms
Symbolic time: 0.204	0.204	0 ms
Numeric time: 0.133	0.133	0 ms
Symbolic time: 0.204	0.204	0 ms
Numeric time: 0.127	0.127	0 ms
Symbolic time: 0.205	0.205	0 ms
Numeric time: 0.126	0.126	0 ms
Symbolic time: 0.205	0.206	0 ms
Numeric time: 0.129	0.129	0 ms
Symbolic time: 0.204	0.204	0 ms
Numeric time: 0.124	0.126	0 ms
Symbolic time: 0.204	0.204	0 ms
Numeric time: 0.126	0.126	0 ms
Symbolic time: 0.208	0.207	0 ms
Numeric time: 0.125	0.125	0 ms
Symbolic time: 0.204	0.204	0 ms
Numeric time: 0.127	0.127	0 ms
Symbolic time: 0.205	0.205	0 ms
Numeric time: 0.126	0.126	0 ms
Symbolic time: 0.21	0.21	0 ms
Numeric time: 0.125	0.125	0 ms
Symbolic time: 0.206	0.206	0 ms
Numeric time: 0.126	0.126	0 ms
Symbolic time: 0.204	0.204	0 ms
Numeric time: 0.13	0.13	0 ms
Symbolic time: 0.205	0.205	0 ms
Numeric time: 0.126	0.126	0 ms
Symbolic time: 0.204	0.204	0 ms
Numeric time: 0.126	0.126	0 ms
Symbolic time: 0.211	0.211	0 ms
Numeric time: 0.125	0.125	0 ms
Symbolic time: 0.206	0.205	0 ms
Numeric time: 0.126	0.126	0 ms
Symbolic time: 0.204	0.204	0 ms
Numeric time: 0.126	0.127	0 ms
Symbolic time: 0.21	0.211	0 ms
Numeric time: 0.128	0.128	0 ms
Symbolic time: 0.204	0.204	0 ms
Numeric time: 0.127	0.127	0 ms
Symbolic time: 0.204	0.204	0 ms
Numeric time: 0.133	0.133	0 ms
Symbolic time: 0.206	0.206	0 ms
Numeric time: 0.126	0.126	0 ms
Symbolic time: 0.206	0.206	0 ms
Numeric time: 0.127	0.127	0 ms
Symbolic time: 0.204	0.204	0 ms
Numeric time: 0.132	0.132	0 ms
Symbolic time: 0.205	0.205	0 ms
Numeric time: 0.126	0.126	0 ms
Symbolic time: 0.204	0.204	0 ms
Numeric time: 0.125	0.125	0 ms
Symbolic time: 0.209	0.209	0 ms
Numeric time: 0.127	0.127	0 ms
Symbolic time: 0.206	0.206	0 ms
Numeric time: 0.126	0.126	0 ms
Symbolic time: 0.206	0.206	0 ms
Numeric time: 0.128	0.128	0 ms
Symbolic time: 0.21	0.21	0 ms
Numeric time: 0.127	0.127	0 ms
Symbolic time: 0.205	0.205	0 ms
Numeric time: 0.126	0.126	0 ms
Symbolic time: 0.207	0.207	0 ms
Numeric time: 0.132	0.132	0 ms
Symbolic time: 0.205	0.205	0 ms
Numeric time: 0.127	0.127	0 ms
Symbolic time: 0.205	0.205	0 ms
Numeric time: 0.125	0.125	0 ms
Symbolic time: 0.209	0.209	0 ms
Numeric time: 0.125	0.125	0 ms
Symbolic time: 0.205	0.205	0 ms
Numeric time: 0.126	0.126	0 ms
Symbolic time: 0.205	0.205	0 ms
Numeric time: 0.127	0.127	0 ms
Symbolic time: 0.208	0.208	0 ms
Numeric time: 0.126	0.126	0 ms
Symbolic time: 0.204	0.204	0 ms
Numeric time: 0.127	0.127	0 ms
Symbolic time: 0.206	0.206	0 ms
Numeric time: 0.13	0.13	0 ms
Symbolic time: 0.209	0.208	0 ms
Numeric time: 0.131	0.131	0 ms
Symbolic time: 0.209	0.209	0 ms
Numeric time: 0.128	0.128	0 ms
Symbolic time: 0.21	0.21	0 ms
Numeric time: 0.129	0.129	0 ms
Symbolic time: 0.209	0.209	0 ms
Numeric time: 0.128	0.128	0 ms
Symbolic time: 0.208	0.208	0 ms
Numeric time: 0.128	0.128	0 ms
Symbolic time: 0.212	0.212	0 ms
Numeric time: 0.128	0.128	0 ms
Symbolic time: 0.208	0.208	0 ms
Numeric time: 0.13	0.13	0 ms
Symbolic time: 0.21	0.21	0 ms
Numeric time: 0.131	0.133	0 ms
Symbolic time: 0.209	0.209	0 ms
Numeric time: 0.13	0.13	0 ms
Symbolic time: 0.21	0.21	0 ms
Numeric time: 0.129	0.129	0 ms
Symbolic time: 0.214	0.214	0 ms
Numeric time: 0.129	0.129	0 ms
Symbolic time: 0.207	0.207	0 ms
Numeric time: 0.13	0.13	0 ms
Symbolic time: 0.21	0.21	0 ms
Numeric time: 0.129	0.129	0 ms
Symbolic time: 0.214	0.215	0 ms
Numeric time: 0.13	0.13	0 ms
Symbolic time: 0.208	0.208	0 ms
Numeric time: 0.129	0.129	0 ms
Symbolic time: 0.21	0.21	0 ms
Numeric time: 0.137	0.137	0 ms
Symbolic time: 0.21	0.21	0 ms
Numeric time: 0.13	0.13	0 ms
Symbolic time: 0.209	0.209	0 ms
Numeric time: 0.129	0.129	0 ms
Symbolic time: 0.213	0.213	0 ms
Numeric time: 0.129	0.129	0 ms
Symbolic time: 0.208	0.208	0 ms
Numeric time: 0.13	0.13	0 ms
Symbolic time: 0.21	0.21	0 ms
Numeric time: 0.128	0.128	0 ms
Symbolic time: 0.216	0.216	0 ms
Numeric time: 0.129	0.129	0 ms
Symbolic time: 0.21	0.21	0 ms
Numeric time: 0.128	0.128	0 ms
Symbolic time: 0.209	0.209	0 ms
Numeric time: 0.136	0.136	0 ms
Symbolic time: 0.21	0.21	0 ms
Numeric time: 0.129	0.129	0 ms
Symbolic time: 0.208	0.208	0 ms
Numeric time: 0.128	0.128	0 ms
Symbolic time: 0.216	0.216	0 ms
Numeric time: 0.129	0.13	0 ms
Symbolic time: 0.21	0.21	0 ms
Numeric time: 0.13	0.13	0 ms
Symbolic time: 0.209	0.209	0 ms
Numeric time: 0.129	0.129	0 ms
Symbolic time: 0.213	0.213	0 ms
Numeric time: 0.13	0.13	0 ms
Symbolic time: 0.209	0.209	0 ms
Numeric time: 0.128	0.128	0 ms
Symbolic time: 0.209	0.209	0 ms
Numeric time: 0.136	0.136	0 ms
Symbolic time: 0.21	0.21	0 ms
Numeric time: 0.131	0.131	0 ms
Symbolic time: 0.21	0.21	0 ms
Numeric time: 0.129	0.129	0 ms
Symbolic time: 0.217	0.217	0 ms
Numeric time: 0.13	0.13	0 ms
Symbolic time: 0.208	0.208	0 ms
Numeric time: 0.128	0.128	0 ms
Symbolic time: 0.208	0.208	0 ms
Numeric time: 0.13	0.13	0 ms
Symbolic time: 0.215	0.216	0 ms
Numeric time: 0.13	0.13	0 ms
Symbolic time: 0.216	0.216	0 ms
Numeric time: 0.129	0.13	0 ms
Symbolic time: 0.21	0.21	0 ms
Numeric time: 0.134	0.133	0 ms
Symbolic time: 0.208	0.208	0 ms
Numeric time: 0.128	0.127	0 ms
Symbolic time: 0.205	0.205	0 ms
Numeric time: 0.127	0.127	0 ms
Symbolic time: 0.208	0.208	0 ms
Numeric time: 0.124	0.124	0 ms
Symbolic time: 0.203	0.203	0 ms
Numeric time: 0.126	0.126	0 ms
Symbolic time: 0.206	0.206	0 ms
Numeric time: 0.127	0.126	0 ms
Symbolic time: 0.209	0.209	0 ms
Numeric time: 0.125	0.125	0 ms
Symbolic time: 0.208	0.208	0 ms
Numeric time: 0.128	0.128	0 ms
Symbolic time: 0.207	0.207	0 ms
Numeric time: 0.133	0.133	0 ms
Symbolic time: 0.204	0.204	0 ms
Numeric time: 0.127	0.127	0 ms
Symbolic time: 0.205	0.206	0 ms
Numeric time: 0.124	0.124	0 ms
Symbolic time: 0.208	0.208	0 ms
Numeric time: 0.127	0.126	0 ms
Symbolic time: 0.204	0.204	0 ms
Numeric time: 0.126	0.126	0 ms
Symbolic time: 0.205	0.205	0 ms
Numeric time: 0.126	0.126	0 ms
Symbolic time: 0.209	0.209	0 ms
Numeric time: 0.125	0.125	0 ms
Symbolic time: 0.204	0.205	0 ms
Numeric time: 0.127	0.127	0 ms
Symbolic time: 0.207	0.207	0 ms
Numeric time: 0.126	0.127	0 ms
Symbolic time: 0.204	0	0.204 ms
Numeric time: 0.126	0	0.127 ms
Symbolic time: 0.204	0	0.204 ms
Numeric time: 0.127	0	0.127 ms
Symbolic time: 0.205	0	0.205 ms
Numeric time: 0.129	0.129	0 ms
Symbolic time: 0.205	0.205	0 ms
Numeric time: 0.126	0.126	0 ms
Symbolic time: 0.203	0.204	0 ms
Numeric time: 0.125	0.12	0.006 ms
Symbolic time: 0.211	0.21	0 ms
Numeric time: 0.126	0.126	0 ms
Symbolic time: 0.206	0.206	0 ms
Numeric time: 0.126	0.127	0 ms
Symbolic time: 0.206	0.206	0 ms
Numeric time: 0.126	0.123	0.004 ms
Symbolic time: 0.173	0.173	0 ms
Numeric time: 0.091	0.091	0 ms
Symbolic time: 0.146	0.146	0 ms
Numeric time: 0.089	0.089	0 ms
Symbolic time: 0.143	0.144	0 ms
Numeric time: 0.088	0.088	0 ms
Symbolic time: 0.141	0.141	0 ms
Numeric time: 0.088	0.086	0.002 ms
Symbolic time: 0.142	0	0.142 ms
Numeric time: 0.084	0	0.084 ms
Symbolic time: 0.143	0	0.144 ms
Numeric time: 0.085	0	0.084 ms
Symbolic time: 0.144	0	0.144 ms
Numeric time: 0.085	0	0.084 ms
Symbolic time: 0.146	0	0.146 ms
Numeric time: 0.092	0.06	0.031 ms
Symbolic time: 0.144	0.136	0.007 ms
Numeric time: 0.089	0.085	0.004 ms
Symbolic time: 0.141	0.134	0.008 ms
Numeric time: 0.09	0.085	0.005 ms
Symbolic time: 0.142	0.134	0.008 ms
Numeric time: 0.087	0.083	0.005 ms
Symbolic time: 0.141	0.134	0.008 ms
Numeric time: 0.09	0.09	0 ms
Symbolic time: 0.143	0.143	0 ms
Numeric time: 0.084	0.084	0 ms
Symbolic time: 0.145	0.145	0 ms
Numeric time: 0.086	0.086	0 ms
Symbolic time: 0.146	0.146	0 ms
Numeric time: 0.087	0.087	0 ms
Symbolic time: 0.145	0.144	0 ms
Numeric time: 0.095	0.094	0 ms
Symbolic time: 0.142	0.141	0 ms
Numeric time: 0.088	0.088	0 ms
Symbolic time: 0.142	0.143	0 ms
Numeric time: 0.085	0.084	0 ms
Symbolic time: 0.143	0.143	0 ms
Numeric time: 0.085	0.085	0 ms
Symbolic time: 0.144	0.144	0 ms
Numeric time: 0.087	0.087	0 ms
Symbolic time: 0.146	0.147	0 ms
Numeric time: 0.085	0.086	0 ms
Symbolic time: 0.145	0.144	0 ms
Numeric time: 0.089	0.088	0 ms
Symbolic time: 0.144	0.143	0 ms
Numeric time: 0.091	0.091	0 ms
Symbolic time: 0.142	0.141	0 ms
Numeric time: 0.093	0.093	0 ms
Symbolic time: 0.142	0.142	0 ms
Numeric time: 0.085	0.085	0 ms
Symbolic time: 0.144	0.144	0 ms
Numeric time: 0.084	0.085	0 ms
Symbolic time: 0.146	0.145	0 ms
Numeric time: 0.084	0.085	0 ms
Symbolic time: 0.145	0.145	0 ms
Numeric time: 0.091	0	0.091 ms
Symbolic time: 0.144	0	0.145 ms
Numeric time: 0.089	0	0.09 ms
Symbolic time: 0.142	0	0.143 ms
Numeric time: 0.088	0	0.089 ms
Symbolic time: 0.14	0	0.14 ms
Numeric time: 0.086	0	0.086 ms
Symbolic time: 0.144	0.062	0.082 ms
Numeric time: 0.085	0.081	0.004 ms
Symbolic time: 0.144	0.135	0.008 ms
Numeric time: 0.085	0.08	0.005 ms
Symbolic time: 0.145	0.138	0.008 ms
Numeric time: 0.085	0.081	0.005 ms
Symbolic time: 0.146	0.138	0.008 ms
Numeric time: 0.089	0.084	0.005 ms
Symbolic time: 0.145	0.145	0 ms
Numeric time: 0.09	0.091	0 ms
Symbolic time: 0.142	0.142	0 ms
Numeric time: 0.087	0.087	0 ms
Symbolic time: 0.141	0.141	0 ms
Numeric time: 0.085	0.085	0 ms
Symbolic time: 0.143	0.143	0 ms
Numeric time: 0.085	0.085	0 ms
Symbolic time: 0.147	0.147	0 ms
Numeric time: 0.085	0.085	0 ms
Symbolic time: 0.146	0.146	0 ms
Numeric time: 0.087	0.087	0 ms
Symbolic time: 0.144	0.144	0 ms
Numeric time: 0.089	0.089	0 ms
Symbolic time: 0.144	0.143	0 ms
Numeric time: 0.089	0.088	0 ms
Symbolic time: 0.147	0.148	0 ms
Numeric time: 0.086	0.086	0 ms
Symbolic time: 0.141	0.141	0 ms
Numeric time: 0.084	0.084	0 ms
Symbolic time: 0.143	0.143	0 ms
Numeric time: 0.084	0.085	0 ms
Symbolic time: 0.145	0.144	0 ms
Numeric time: 0.086	0.086	0 ms
Symbolic time: 0.148	0.149	0 ms
Numeric time: 0.087	0.087	0 ms
Symbolic time: 0.145	0.144	0 ms
Numeric time: 0.089	0.089	0 ms
Symbolic time: 0.142	0.143	0 ms
Numeric time: 0.089	0.089	0 ms
Symbolic time: 0.142	0.143	0 ms
Numeric time: 0.086	0.085	0.001 ms
Symbolic time: 0.146	0.146	0 ms
Numeric time: 0.084	0.085	0 ms
Symbolic time: 0.143	0.143	0 ms
Numeric time: 0.085	0.084	0 ms
Symbolic time: 0.145	0.146	0 ms
Numeric time: 0.086	0.086	0 ms
Symbolic time: 0.145	0.146	0 ms
Numeric time: 0.089	0.089	0 ms
Symbolic time: 0.148	0.148	0 ms
Numeric time: 0.09	0.091	0 ms
Symbolic time: 0.141	0.141	0 ms
Numeric time: 0.087	0.087	0 ms
Symbolic time: 0.141	0.142	0 ms
Numeric time: 0.084	0.084	0 ms
Symbolic time: 0.142	0.142	0 ms
Numeric time: 0.084	0.085	0 ms
Symbolic time: 0.147	0.147	0 ms
Numeric time: 0.085	0.084	0 ms
Symbolic time: 0.146	0.145	0 ms
Numeric time: 0.088	0.088	0 ms
Symbolic time: 0.144	0.144	0 ms
Numeric time: 0.091	0.09	0 ms
Symbolic time: 0.142	0.142	0 ms
Numeric time: 0.088	0.088	0 ms
Symbolic time: 0.141	0.141	0 ms
Numeric time: 0.086	0.085	0 ms
Symbolic time: 0.143	0.142	0 ms
Numeric time: 0.085	0.085	0 ms
Symbolic time: 0.145	0.145	0 ms
Numeric time: 0.083	0.084	0 ms
Symbolic time: 0.146	0.146	0 ms
Numeric time: 0.088	0.088	0 ms
Symbolic time: 0.145	0.145	0 ms
Numeric time: 0.089	0.089	0 ms
Symbolic time: 0.142	0.142	0 ms
Numeric time: 0.09	0.09	0 ms
Symbolic time: 0.142	0.142	0 ms
Numeric time: 0.089	0.088	0 ms
Symbolic time: 0.141	0.142	0 ms
Numeric time: 0.089	0.09	0 ms
Symbolic time: 0.143	0.142	0 ms
Numeric time: 0.085	0.085	0 ms
Symbolic time: 0.143	0.144	0 ms
Numeric time: 0.084	0.085	0 ms
Symbolic time: 0.146	0.146	0 ms
Numeric time: 0.086	0.086	0 ms
Symbolic time: 0.145	0.145	0 ms
Numeric time: 0.094	0.093	0 ms
Symbolic time: 0.143	0.144	0 ms
Numeric time: 0.089	0.089	0 ms
Symbolic time: 0.142	0.142	0 ms
Numeric time: 0.086	0.086	0 ms
Symbolic time: 0.142	0.142	0 ms
Numeric time: 0.085	0.084	0 ms
Symbolic time: 0.144	0.144	0 ms
Numeric time: 0.091	0.092	0 ms
Symbolic time: 0.145	0.145	0 ms
Numeric time: 0.086	0.086	0 ms
Symbolic time: 0.145	0.146	0 ms
Numeric time: 0.088	0.088	0 ms
Symbolic time: 0.142	0.143	0 ms
Numeric time: 0.09	0.09	0 ms
Symbolic time: 0.146	0.145	0 ms
Numeric time: 0.087	0.088	0 ms
Symbolic time: 0.142	0.142	0 ms
Numeric time: 0.085	0.084	0 ms
Symbolic time: 0.143	0.142	0 ms
Numeric time: 0.084	0.085	0 ms
Symbolic time: 0.144	0.143	0 ms
Numeric time: 0.085	0.085	0 ms
Symbolic time: 0.148	0.149	0 ms
Numeric time: 0.086	0.085	0 ms
Symbolic time: 0.144	0.144	0 ms
Numeric time: 0.089	0.089	0 ms
Symbolic time: 0.142	0.143	0 ms
Numeric time: 0.09	0.091	0 ms
Symbolic time: 0.141	0.14	0 ms
Numeric time: 0.087	0.087	0 ms
Symbolic time: 0.148	0.147	0 ms
Numeric time: 0.085	0.085	0 ms
Symbolic time: 0.143	0.143	0 ms
Numeric time: 0.085	0.086	0 ms
Symbolic time: 0.146	0.145	0 ms
Numeric time: 0.085	0.085	0 ms
Symbolic time: 0.145	0.146	0 ms
Numeric time: 0.087	0.088	0 ms
Symbolic time: 0.15	0.149	0 ms
Numeric time: 0.09	0.089	0 ms
Symbolic time: 0.142	0.143	0 ms
Numeric time: 0.088	0.089	0 ms
Symbolic time: 0.141	0.141	0 ms
Numeric time: 0.085	0.086	0 ms
Symbolic time: 0.142	0.142	0 ms
Numeric time: 0.085	0.084	0 ms
Symbolic time: 0.146	0.147	0 ms
Numeric time: 0.084	0.085	0 ms
Symbolic time: 0.146	0.145	0 ms
Numeric time: 0.085	0.085	0 ms
Symbolic time: 0.144	0.145	0 ms
Numeric time: 0.089	0.088	0 ms
Symbolic time: 0.143	0.143	0 ms
Numeric time: 0.09	0.09	0 ms
Symbolic time: 0.142	0.142	0 ms
Numeric time: 0.088	0.088	0 ms
Symbolic time: 0.141	0.141	0 ms
Numeric time: 0.085	0.084	0 ms
Symbolic time: 0.142	0.143	0 ms
Numeric time: 0.085	0.085	0 ms
Symbolic time: 0.146	0.147	0 ms
Numeric time: 0.084	0.085	0 ms
Symbolic time: 0.145	0	0.145 ms
Numeric time: 0.088	0	0.088 ms
Symbolic time: 0.145	0	0.144 ms
Numeric time: 0.089	0	0.089 ms
Symbolic time: 0.144	0	0.144 ms
Numeric time: 0.088	0	0.089 ms
Symbolic time: 0.141	0	0.141 ms
Numeric time: 0.093	0.087	0.005 ms
Symbolic time: 0.142	0.135	0.008 ms
Numeric time: 0.084	0.08	0.005 ms
Symbolic time: 0.145	0.136	0.008 ms
Numeric time: 0.084	0.08	0.005 ms
Symbolic time: 0.145	0.137	0.008 ms
Numeric time: 0.086	0.082	0.004 ms
Symbolic time: 0.145	0.137	0.008 ms
Numeric time: 0.092	0.093	0 ms
Symbolic time: 0.142	0.142	0 ms
Numeric time: 0.088	0.089	0 ms
Symbolic time: 0.141	0.141	0 ms
Numeric time: 0.087	0.086	0 ms
Symbolic time: 0.143	0.143	0 ms
Numeric time: 0.085	0.085	0 ms
Symbolic time: 0.144	0.144	0.001 ms
Numeric time: 0.09	0.089	0 ms
Symbolic time: 0.145	0.145	0 ms
Numeric time: 0.086	0.086	0 ms
Symbolic time: 0.145	0.145	0 ms
Numeric time: 0.089	0.088	0 ms
Symbolic time: 0.145	0.145	0 ms
Numeric time: 0.09	0.089	0 ms
Symbolic time: 0.146	0.146	0 ms
Numeric time: 0.087	0.087	0 ms
Symbolic time: 0.142	0.142	0 ms
Numeric time: 0.086	0.086	0 ms
Symbolic time: 0.143	0.143	0 ms
Numeric time: 0.084	0.084	0 ms
Symbolic time: 0.146	0.145	0 ms
Numeric time: 0.084	0.084	0 ms
Symbolic time: 0.157	0.157	0 ms
Numeric time: 0.086	0.086	0 ms
Symbolic time: 0.146	0.146	0 ms
Numeric time: 0.088	0.088	0 ms
Symbolic time: 0.144	0.143	0 ms
Numeric time: 0.091	0.091	0 ms
Symbolic time: 0.142	0.142	0 ms
Numeric time: 0.087	0.087	0 ms
Symbolic time: 0.143	0.144	0 ms
Numeric time: 0.084	0.084	0 ms
Symbolic time: 0.143	0.143	0 ms
Numeric time: 0.085	0.085	0 ms
Symbolic time: 0.143	0.143	0 ms
Numeric time: 0.085	0.085	0 ms
Symbolic time: 0.147	0.147	0 ms
Numeric time: 0.088	0.088	0 ms
Symbolic time: 0.149	0.149	0 ms
Numeric time: 0.089	0.09	0 ms
Symbolic time: 0.142	0.142	0 ms
Numeric time: 0.089	0.088	0 ms
Symbolic time: 0.142	0.141	0 ms
Numeric time: 0.086	0.086	0 ms
Symbolic time: 0.142	0.143	0 ms
Numeric time: 0.083	0.084	0 ms
Symbolic time: 0.145	0.145	0 ms
Numeric time: 0.084	0.084	0 ms
Symbolic time: 0.146	0.146	0 ms
Numeric time: 0.086	0.085	0 ms
Symbolic time: 0.145	0.145	0 ms
Numeric time: 0.088	0.089	0 ms
Symbolic time: 0.143	0.143	0 ms
Numeric time: 0.09	0.09	0 ms
Symbolic time: 0.144	0.144	0 ms
Numeric time: 0.088	0.088	0 ms
Symbolic time: 0.141	0.141	0 ms
Numeric time: 0.085	0.085	0 ms
Symbolic time: 0.142	0.142	0 ms
Numeric time: 0.084	0.084	0 ms
Symbolic time: 0.142	0.142	0 ms
Numeric time: 0.086	0.085	0 ms
Symbolic time: 0.147	0.147	0 ms
Numeric time: 0.086	0.086	0 ms
Symbolic time: 0.144	0.145	0 ms
Numeric time: 0.089	0.089	0 ms
Symbolic time: 0.143	0.143	0 ms
Numeric time: 0.089	0.089	0 ms
Symbolic time: 0.141	0.141	0 ms
Numeric time: 0.09	0.09	0 ms
Symbolic time: 0.143	0.143	0 ms
Numeric time: 0.084	0.084	0 ms
Symbolic time: 0.144	0.144	0 ms
Numeric time: 0.084	0.085	0 ms
Symbolic time: 0.146	0.146	0 ms
Numeric time: 0.085	0.085	0 ms
Symbolic time: 0.145	0.146	0 ms
Numeric time: 0.088	0.089	0 ms
Symbolic time: 0.143	0.144	0 ms
Numeric time: 0.09	0.09	0 ms
Symbolic time: 0.143	0.142	0 ms
Numeric time: 0.088	0.088	0 ms
Symbolic time: 0.142	0.142	0 ms
Numeric time: 0.086	0.086	0 ms
Symbolic time: 0.141	0.141	0 ms
Numeric time: 0.087	0.087	0 ms
Symbolic time: 0.144	0.144	0 ms
Numeric time: 0.086	0.086	0 ms
Symbolic time: 0.145	0.145	0 ms
Numeric time: 0.086	0.086	0 ms
Symbolic time: 0.146	0.146	0 ms
Numeric time: 0.089	0.088	0 ms
Symbolic time: 0.15	0.15	0 ms
Numeric time: 0.091	0.091	0 ms
Symbolic time: 0.143	0.143	0 ms
Numeric time: 0.088	0.087	0 ms
Symbolic time: 0.141	0.142	0 ms
Numeric time: 0.086	0.086	0 ms
Symbolic time: 0.143	0.143	0 ms
Numeric time: 0.085	0.085	0 ms
Symbolic time: 0.147	0.147	0 ms
Numeric time: 0.084	0.084	0 ms
Symbolic time: 0.147	0.147	0 ms
Numeric time: 0.088	0.087	0 ms
Symbolic time: 0.145	0.145	0 ms
Numeric time: 0.09	0.09	0 ms
Symbolic time: 0.143	0.142	0 ms
Numeric time: 0.089	0.089	0 ms
Symbolic time: 0.145	0.144	0 ms
Numeric time: 0.086	0.086	0 ms
Symbolic time: 0.142	0.142	0 ms
Numeric time: 0.084	0.084	0 ms
Symbolic time: 0.144	0.144	0 ms
Numeric time: 0.085	0.085	0 ms
Symbolic time: 0.146	0.146	0 ms
Numeric time: 0.086	0.087	0 ms
Symbolic time: 0.15	0.15	0 ms
Numeric time: 0.089	0.089	0 ms
Symbolic time: 0.143	0.143	0 ms
Numeric time: 0.09	0.09	0 ms
Symbolic time: 0.142	0.142	0 ms
Numeric time: 0.087	0.087	0 ms
Symbolic time: 0.142	0.142	0 ms
Numeric time: 0.085	0.085	0 ms
Symbolic time: 0.146	0.146	0 ms
Numeric time: 0.086	0.085	0 ms
Symbolic time: 0.144	0.144	0 ms
Numeric time: 0.084	0.085	0 ms
Symbolic time: 0.145	0.146	0 ms
Numeric time: 0.089	0.089	0 ms
Symbolic time: 0.144	0.144	0 ms
Numeric time: 0.09	0.09	0 ms
Symbolic time: 0.145	0.145	0 ms
Numeric time: 0.089	0.089	0 ms
Symbolic time: 0.141	0.141	0 ms
Numeric time: 0.085	0.086	0 ms
Symbolic time: 0.142	0.142	0 ms
Numeric time: 0.086	0.086	0 ms
Symbolic time: 0.143	0.144	0 ms
Numeric time: 0.085	0.085	0 ms
Symbolic time: 0.146	0.145	0 ms
Numeric time: 0.087	0.086	0 ms
Symbolic time: 0.145	0.145	0 ms
Numeric time: 0.089	0.089	0 ms
Symbolic time: 0.143	0.143	0 ms
Numeric time: 0.091	0.091	0 ms
Symbolic time: 0.141	0.141	0 ms
Numeric time: 0.09	0.091	0 ms
Symbolic time: 0.142	0.142	0 ms
Numeric time: 0.085	0.085	0 ms
Symbolic time: 0.144	0.144	0 ms
Numeric time: 0.086	0.085	0 ms
Symbolic time: 0.145	0.145	0 ms
Numeric time: 0.086	0.087	0 ms
Symbolic time: 0.146	0.146	0 ms
Numeric time: 0.093	0.093	0 ms
Symbolic time: 0.144	0.144	0 ms
Numeric time: 0.09	0.09	0 ms
Symbolic time: 0.142	0.143	0 ms
Numeric time: 0.088	0.088	0 ms
Symbolic time: 0.142	0.142	0 ms
Numeric time: 0.085	0.085	0 ms
Symbolic time: 0.144	0.144	0 ms
Numeric time: 0.09	0.089	0 ms
Symbolic time: 0.144	0.145	0 ms
Numeric time: 0.086	0.086	0 ms
Symbolic time: 0.144	0.144	0 ms
Numeric time: 0.086	0.086	0 ms
Symbolic time: 0.145	0.145	0 ms
Numeric time: 0.089	0.088	0 ms
Symbolic time: 0.146	0.147	0 ms
Numeric time: 0.09	0.091	0 ms
Symbolic time: 0.142	0.141	0 ms
Numeric time: 0.087	0.088	0 ms
Symbolic time: 0.142	0.142	0 ms
Numeric time: 0.085	0.085	0 ms
Symbolic time: 0.145	0.144	0 ms
Numeric time: 0.086	0.086	0 ms
Symbolic time: 0.148	0.148	0 ms
Numeric time: 0.084	0.084	0 ms
Symbolic time: 0.145	0.146	0 ms
Numeric time: 0.088	0.089	0 ms
Symbolic time: 0.144	0.145	0 ms
Numeric time: 0.089	0.09	0 ms
Symbolic time: 0.144	0.143	0 ms
Numeric time: 0.089	0.089	0 ms
Symbolic time: 0.146	0.145	0 ms
Numeric time: 0.085	0.085	0 ms
Symbolic time: 0.143	0.143	0 ms
Numeric time: 0.084	0.085	0 ms
Symbolic time: 0.144	0.144	0 ms
Numeric time: 0.084	0.085	0 ms
Symbolic time: 0.146	0.146	0 ms
Numeric time: 0.086	0.087	0 ms
Symbolic time: 0.149	0.149	0 ms
Numeric time: 0.089	0.089	0 ms
Symbolic time: 0.143	0.143	0 ms
Numeric time: 0.091	0.09	0 ms
Symbolic time: 0.143	0.143	0 ms
Numeric time: 0.088	0.088	0 ms
Symbolic time: 0.142	0.143	0 ms
Numeric time: 0.085	0.086	0 ms
Symbolic time: 0.149	0.149	0 ms
Numeric time: 0.086	0.086	0 ms
Symbolic time: 0.147	0.147	0 ms
Numeric time: 0.085	0.086	0 ms
Symbolic time: 0.145	0.146	0 ms
Numeric time: 0.088	0.089	0 ms
Symbolic time: 0.143	0.143	0 ms
Numeric time: 0.089	0.09	0 ms
Symbolic time: 0.146	0.146	0 ms
Numeric time: 0.087	0.087	0 ms
Symbolic time: 0.141	0.141	0 ms
Numeric time: 0.085	0.086	0 ms
Symbolic time: 0.142	0.142	0 ms
Numeric time: 0.085	0.084	0 ms
Symbolic time: 0.144	0.144	0 ms
Numeric time: 0.083	0.084	0 ms
Symbolic time: 0.146	0	0.145 ms
Numeric time: 0.087	0	0.086 ms
Symbolic time: 0.144	0	0.145 ms
Numeric time: 0.088	0	0.088 ms
Symbolic time: 0.142	0	0.143 ms
Numeric time: 0.09	0	0.09 ms
Symbolic time: 0.142	0	0.142 ms
Numeric time: 0.091	0.081	0.009 ms
Symbolic time: 0.142	0.135	0.007 ms
Numeric time: 0.085	0.081	0.004 ms
Symbolic time: 0.142	0.135	0.007 ms
Numeric time: 0.085	0.081	0.004 ms
Symbolic time: 0.146	0.138	0.008 ms
Numeric time: 0.086	0.081	0.005 ms
Symbolic time: 0.145	0.139	0.008 ms
Numeric time: 0.092	0.092	0 ms
Symbolic time: 0.144	0.144	0 ms
Numeric time: 0.089	0.089	0 ms
Symbolic time: 0.143	0.142	0 ms
Numeric time: 0.088	0.087	0 ms
Symbolic time: 0.142	0.142	0 ms
Numeric time: 0.086	0.086	0 ms
Symbolic time: 0.142	0.141	0.001 ms
Numeric time: 0.089	0.09	0 ms
Symbolic time: 0.144	0.143	0 ms
Numeric time: 0.085	0.084	0 ms
Symbolic time: 0.145	0.145	0 ms
Numeric time: 0.085	0.086	0 ms
Symbolic time: 0.146	0.147	0 ms
Numeric time: 0.088	0.089	0 ms
Symbolic time: 0.146	0.147	0 ms
Numeric time: 0.091	0.092	0 ms
Symbolic time: 0.149	0.149	0 ms
Numeric time: 0.086	0.087	0 ms
Symbolic time: 0.142	0.142	0 ms
Numeric time: 0.084	0.085	0 ms
Symbolic time: 0.143	0.143	0 ms
Numeric time: 0.085	0.085	0 ms
Symbolic time: 0.147	0.148	0 ms
Numeric time: 0.085	0.085	0 ms
Symbolic time: 0.145	0.146	0 ms
Numeric time: 0.088	0.088	0 ms
Symbolic time: 0.144	0.144	0 ms
Numeric time: 0.092	0.091	0 ms
Symbolic time: 0.142	0.143	0 ms
Numeric time: 0.088	0.088	0 ms
Symbolic time: 0.145	0.145	0 ms
Numeric time: 0.086	0.086	0 ms
Symbolic time: 0.144	0.143	0 ms
Numeric time: 0.084	0.085	0 ms
Symbolic time: 0.145	0.144	0 ms
Numeric time: 0.084	0.085	0 ms
Symbolic time: 0.147	0.146	0 ms
Numeric time: 0.086	0.086	0 ms
Symbolic time: 0.148	0.148	0 ms
Numeric time: 0.088	0.089	0 ms
Symbolic time: 0.144	0.143	0 ms
Numeric time: 0.089	0.089	0 ms
Symbolic time: 0.141	0.141	0 ms
Numeric time: 0.086	0.087	0 ms
Symbolic time: 0.141	0.141	0 ms
Numeric time: 0.085	0.085	0 ms
Symbolic time: 0.147	0.148	0 ms
Numeric time: 0.084	0.084	0 ms
Symbolic time: 0.145	0.145	0 ms
Numeric time: 0.084	0.084	0 ms
Symbolic time: 0.145	0.146	0 ms
Numeric time: 0.087	0.088	0 ms
Symbolic time: 0.144	0.144	0 ms
Numeric time: 0.091	0.091	0 ms
Symbolic time: 0.144	0.144	0 ms
Numeric time: 0.088	0.089	0 ms
Symbolic time: 0.142	0.141	0 ms
Numeric time: 0.084	0.084	0 ms
Symbolic time: 0.142	0.143	0 ms
Numeric time: 0.084	0.083	0 ms
Symbolic time: 0.143	0.143	0 ms
Numeric time: 0.084	0.084	0 ms
Symbolic time: 0.148	0.148	0 ms
Numeric time: 0.086	0.086	0 ms
Symbolic time: 0.146	0.145	0 ms
Numeric time: 0.089	0.088	0 ms
Symbolic time: 0.142	0.142	0 ms
Numeric time: 0.09	0.09	0 ms
Symbolic time: 0.143	0.142	0 ms
Numeric time: 0.093	0.093	0 ms
Symbolic time: 0.141	0.141	0 ms
Numeric time: 0.085	0.085	0 ms
Symbolic time: 0.145	0.145	0 ms
Numeric time: 0.084	0.085	0 ms
Symbolic time: 0.145	0.144	0 ms
Numeric time: 0.085	0.085	0 ms
Symbolic time: 0.145	0.145	0 ms
Numeric time: 0.09	0.09	0 ms
Symbolic time: 0.145	0.145	0 ms
Numeric time: 0.09	0.09	0 ms
Symbolic time: 0.144	0.143	0 ms
Numeric time: 0.089	0.09	0 ms
Symbolic time: 0.142	0.141	0 ms
Numeric time: 0.086	0.086	0 ms
Symbolic time: 0.144	0.145	0 ms
Numeric time: 0.09	0.091	0 ms
Symbolic time: 0.143	0.144	0 ms
Numeric time: 0.085	0.085	0 ms
Symbolic time: 0.146	0.147	0 ms
Numeric time: 0.086	0.086	0 ms
Symbolic time: 0.145	0.145	0 ms
Numeric time: 0.088	0.089	0 ms
Symbolic time: 0.144	0.144	0 ms
Numeric time: 0.091	0	0.091 ms
Symbolic time: 0.142	0	0.142 ms
Numeric time: 0.085	0	0.086 ms
Symbolic time: 0.143	0	0.142 ms
Numeric time: 0.086	0	0.085 ms
Symbolic time: 0.143	0	0.143 ms
Numeric time: 0.085	0	0.085 ms
Symbolic time: 0.148	0.081	0.067 ms
Numeric time: 0.085	0.081	0.004 ms
Symbolic time: 0.146	0.139	0.008 ms
Numeric time: 0.086	0.082	0.005 ms
Symbolic time: 0.143	0.135	0.008 ms
Numeric time: 0.09	0.084	0.005 ms
Symbolic time: 0.143	0.135	0.007 ms
Numeric time: 0.088	0.083	0.004 ms
Symbolic time: 0.144	0.144	0 ms
Numeric time: 0.085	0.084	0 ms
Symbolic time: 0.141	0.141	0 ms
Numeric time: 0.084	0.084	0 ms
Symbolic time: 0.142	0.142	0 ms
Numeric time: 0.085	0.085	0 ms
Symbolic time: 0.146	0.146	0 ms
Numeric time: 0.087	0.087	0 ms
Symbolic time: 0.149	0.149	0 ms
Numeric time: 0.089	0.089	0 ms
Symbolic time: 0.142	0.143	0 ms
Numeric time: 0.09	0.09	0 ms
Symbolic time: 0.142	0.142	0 ms
Numeric time: 0.088	0.087	0 ms
Symbolic time: 0.141	0.141	0 ms
Numeric time: 0.086	0.086	0 ms
Symbolic time: 0.145	0.146	0 ms
Numeric time: 0.084	0.084	0 ms
Symbolic time: 0.145	0.145	0 ms
Numeric time: 0.085	0.085	0 ms
Symbolic time: 0.146	0.146	0 ms
Numeric time: 0.087	0.088	0 ms
Symbolic time: 0.144	0.145	0 ms
Numeric time: 0.089	0.089	0.001 ms
Symbolic time: 0.146	0.146	0 ms
Numeric time: 0.089	0.089	0 ms
Symbolic time: 0.142	0.142	0 ms
Numeric time: 0.086	0.086	0 ms
Symbolic time: 0.143	0.142	0 ms
Numeric time: 0.085	0.085	0 ms
Symbolic time: 0.144	0.144	0 ms
Numeric time: 0.085	0.085	0 ms
Symbolic time: 0.147	0.148	0 ms
Numeric time: 0.086	0.086	0 ms
Symbolic time: 0.145	0.145	0 ms
Numeric time: 0.089	0.089	0 ms

Symbolic time: 0.169379 ms
Numeric time: 0.102991 ms
