Symbolic time: 1.401	1.398	0 ms
Numeric time: 1.392	1.399	0 ms
Symbolic time: 1.273	1.26	0.012 ms
Numeric time: 1.314	0.381	0.933 ms
Symbolic time: 1.271	1.244	0.027 ms
Numeric time: 1.321	1.321	0 ms
Symbolic time: 1.266	1.266	0 ms
Numeric time: 1.021	1.021	0 ms
Symbolic time: 0.864	0.864	0 ms
Numeric time: 0.889	0.889	0 ms
Symbolic time: 0.868	0.868	0 ms
Numeric time: 0.885	0.885	0 ms
Symbolic time: 0.863	0.863	0 ms
Numeric time: 0.883	0.877	0.005 ms
Symbolic time: 0.86	0.86	0 ms
Numeric time: 0.891	0.892	0 ms
Symbolic time: 0.888	0.889	0 ms
Numeric time: 0.902	0.902	0 ms
Symbolic time: 0.76	0.759	0 ms
Numeric time: 0.695	0.696	0 ms
Symbolic time: 0.667	0.667	0 ms
Numeric time: 0.699	0.7	0 ms
Symbolic time: 0.673	0.672	0 ms
Numeric time: 0.699	0	0.699 ms
Symbolic time: 0.666	0.432	0.235 ms
Numeric time: 0.689	0.689	0 ms
Symbolic time: 0.672	0.671	0 ms
Numeric time: 0.689	0.682	0.007 ms
Symbolic time: 0.67	0.67	0 ms
Numeric time: 0.692	0.692	0 ms
Symbolic time: 0.675	0.676	0 ms
Numeric time: 0.686	0.686	0 ms
Symbolic time: 0.67	0.67	0 ms
Numeric time: 0.69	0.69	0 ms
Symbolic time: 0.67	0.67	0 ms
Numeric time: 0.7	0.699	0 ms
Symbolic time: 0.671	0.671	0 ms
Numeric time: 0.691	0.691	0 ms
Symbolic time: 0.665	0	0.664 ms
Numeric time: 0.694	0.462	0.232 ms
Symbolic time: 0.67	0.669	0 ms
Numeric time: 0.688	0.658	0.029 ms
Symbolic time: 0.673	0.673	0 ms
Numeric time: 0.693	0.692	0 ms
Symbolic time: 0.666	0.66	0.005 ms
Numeric time: 0.692	0.693	0 ms
Symbolic time: 0.668	0.668	0 ms
Numeric time: 0.7	0.7	0 ms
Symbolic time: 0.667	0.667	0 ms
Numeric time: 0.696	0.696	0 ms
Symbolic time: 0.68	0.68	0 ms
Numeric time: 0.7	0.701	0 ms
Symbolic time: 0.67	0	0.67 ms
Numeric time: 0.691	0	0.691 ms
Symbolic time: 0.671	0.226	0.445 ms
Numeric time: 0.686	0.617	0.069 ms
Symbolic time: 0.684	0.684	0 ms
Numeric time: 0.696	0.696	0 ms
Symbolic time: 0.673	0.673	0 ms
Numeric time: 0.687	0.687	0 ms
Symbolic time: 0.673	0.673	0 ms
Numeric time: 0.693	0.693	0 ms
Symbolic time: 0.666	0.666	0 ms
Numeric time: 0.693	0.693	0 ms
Symbolic time: 0.672	0.672	0 ms
Numeric time: 0.693	0.689	0.004 ms
Symbolic time: 0.666	0.666	0 ms
Numeric time: 0.691	0.691	0 ms
Symbolic time: 0.67	0.669	0 ms
Numeric time: 0.689	0.689	0 ms
Symbolic time: 0.67	0.67	0 ms
Numeric time: 0.691	0.691	0 ms
Symbolic time: 0.668	0.668	0 ms
Numeric time: 0.701	0.701	0 ms
Symbolic time: 0.674	0.673	0 ms
Numeric time: 0.697	0.697	0 ms
Symbolic time: 0.667	0.667	0 ms
Numeric time: 0.697	0.697	0 ms
Symbolic time: 0.672	0.673	0 ms
Numeric time: 0.709	0.709	0 ms
Symbolic time: 0.679	0.679	0 ms
Numeric time: 0.7	0.7	0 ms
Symbolic time: 0.672	0.672	0 ms
Numeric time: 0.688	0.688	0 ms
Symbolic time: 0.669	0.67	0 ms
Numeric time: 0.689	0	0.689 ms
Symbolic time: 0.737	0.559	0.179 ms
Numeric time: 0.724	0.662	0.061 ms
Symbolic time: 0.702	0.702	0 ms
Numeric time: 0.715	0.715	0 ms
Symbolic time: 0.671	0.672	0 ms
Numeric time: 0.709	0.709	0 ms
Symbolic time: 0.696	0.696	0 ms
Numeric time: 0.71	0.71	0 ms
Symbolic time: 0.669	0.664	0.005 ms
Numeric time: 0.699	0.699	0 ms
Symbolic time: 0.752	0.753	0 ms
Numeric time: 0.715	0.716	0 ms
Symbolic time: 0.695	0.695	0 ms
Numeric time: 0.711	0.711	0 ms
Symbolic time: 0.674	0.675	0 ms
Numeric time: 0.698	0.699	0 ms
Symbolic time: 0.67	0.671	0 ms
Numeric time: 0.7	0.7	0 ms
Symbolic time: 0.675	0.674	0 ms
Numeric time: 0.697	0	0.697 ms
Symbolic time: 0.669	0.439	0.231 ms
Numeric time: 0.699	0.698	0 ms
Symbolic time: 0.689	0.688	0 ms
Numeric time: 0.702	0.69	0.012 ms
Symbolic time: 0.674	0.675	0 ms
Numeric time: 0.696	0.696	0 ms
Symbolic time: 0.673	0.673	0 ms
Numeric time: 0.689	0.689	0 ms
Symbolic time: 0.671	0.672	0 ms
Numeric time: 0.694	0	0.693 ms
Symbolic time: 0.67	0.417	0.253 ms
Numeric time: 0.693	0.694	0 ms
Symbolic time: 0.676	0.676	0 ms
Numeric time: 0.696	0.696	0 ms
Symbolic time: 0.673	0.672	0 ms
Numeric time: 0.696	0.696	0 ms
Symbolic time: 0.672	0.672	0 ms
Numeric time: 0.703	0.703	0 ms
Symbolic time: 0.674	0.674	0 ms
Numeric time: 0.696	0.696	0 ms
Symbolic time: 0.672	0.672	0 ms
Numeric time: 0.867	0.868	0 ms
Symbolic time: 0.668	0.668	0 ms
Numeric time: 0.755	0.755	0 ms
Symbolic time: 0.675	0.675	0 ms
Numeric time: 0.698	0.698	0 ms
Symbolic time: 0.669	0.669	0 ms
Numeric time: 0.699	0.699	0 ms
Symbolic time: 0.677	0.677	0 ms
Numeric time: 0.696	0.696	0 ms
Symbolic time: 0.669	0.669	0 ms
Numeric time: 0.694	0.694	0 ms
Symbolic time: 0.664	0.664	0 ms
Numeric time: 0.691	0.691	0 ms
Symbolic time: 0.672	0.672	0 ms
Numeric time: 0.699	0.699	0 ms
Symbolic time: 0.667	0.667	0 ms
Numeric time: 0.701	0.702	0 ms
Symbolic time: 0.672	0.672	0 ms
Numeric time: 0.692	0.692	0 ms
Symbolic time: 0.669	0.669	0 ms
Numeric time: 0.702	0.702	0 ms
Symbolic time: 0.673	0.673	0 ms
Numeric time: 0.693	0.694	0 ms
Symbolic time: 0.673	0.673	0 ms
Numeric time: 0.694	0.694	0 ms
Symbolic time: 0.67	0.67	0 ms
Numeric time: 0.689	0	0.69 ms
Symbolic time: 0.67	0.476	0.194 ms
Numeric time: 0.705	0.704	0 ms
Symbolic time: 0.669	0.637	0.032 ms
Numeric time: 0.698	0.699	0 ms
Symbolic time: 0.67	0.671	0 ms
Numeric time: 0.705	0	0.704 ms
Symbolic time: 0.668	0.435	0.233 ms
Numeric time: 0.702	0.702	0 ms
Symbolic time: 0.674	0.674	0 ms
Numeric time: 0.697	0.687	0.01 ms
Symbolic time: 0.669	0.669	0 ms
Numeric time: 0.693	0.692	0 ms
Symbolic time: 0.674	0.674	0 ms
Numeric time: 0.69	0.69	0 ms
Symbolic time: 0.672	0.673	0 ms
Numeric time: 0.693	0.693	0 ms
Symbolic time: 0.67	0.669	0 ms
Numeric time: 0.695	0.694	0 ms
Symbolic time: 0.67	0.67	0 ms
Numeric time: 0.697	0.697	0 ms
Symbolic time: 0.668	0.668	0 ms
Numeric time: 0.737	0.738	0 ms
Symbolic time: 0.678	0.677	0 ms
Numeric time: 0.693	0.693	0 ms
Symbolic time: 0.668	0.667	0 ms
Numeric time: 0.69	0.69	0 ms
Symbolic time: 0.676	0.675	0 ms
Numeric time: 0.688	0.689	0 ms
Symbolic time: 0.671	0.67	0 ms
Numeric time: 0.7	0.7	0 ms
Symbolic time: 0.723	0.722	0 ms
Numeric time: 0.707	0.707	0 ms
Symbolic time: 0.673	0.673	0 ms
Numeric time: 0.699	0.7	0 ms
Symbolic time: 0.671	0.67	0 ms
Numeric time: 0.707	0.708	0 ms
Symbolic time: 0.675	0.675	0 ms
Numeric time: 0.704	0.703	0 ms
Symbolic time: 0.667	0.667	0 ms
Numeric time: 0.695	0.695	0 ms
Symbolic time: 0.67	0.67	0 ms
Numeric time: 0.69	0.689	0 ms
Symbolic time: 0.674	0.674	0 ms
Numeric time: 0.699	0.699	0 ms
Symbolic time: 0.674	0.675	0 ms
Numeric time: 0.69	0.69	0 ms
Symbolic time: 0.675	0.675	0 ms
Numeric time: 0.697	0.697	0 ms
Symbolic time: 0.669	0.669	0 ms
Numeric time: 0.698	0.698	0 ms
Symbolic time: 0.673	0.673	0 ms
Numeric time: 0.713	0.713	0 ms
Symbolic time: 0.669	0.669	0 ms
Numeric time: 0.694	0.694	0 ms
Symbolic time: 0.672	0.672	0 ms
Numeric time: 0.69	0.69	0 ms
Symbolic time: 0.669	0.67	0 ms
Numeric time: 0.694	0.694	0 ms
Symbolic time: 0.676	0.676	0 ms
Numeric time: 0.693	0.692	0 ms
Symbolic time: 0.675	0.674	0 ms
Numeric time: 0.698	0.698	0 ms
Symbolic time: 0.667	0.667	0 ms
Numeric time: 0.696	0.696	0 ms
Symbolic time: 0.675	0.675	0 ms
Numeric time: 0.704	0	0.703 ms
Symbolic time: 0.666	0.436	0.231 ms
Numeric time: 0.694	0.695	0 ms
Symbolic time: 0.67	0.669	0 ms
Numeric time: 0.688	0.681	0.007 ms
Symbolic time: 0.67	0.67	0 ms
Numeric time: 0.699	0.699	0 ms
Symbolic time: 0.675	0.675	0 ms
Numeric time: 0.689	0.688	0 ms
Symbolic time: 0.673	0.673	0 ms
Numeric time: 0.696	0.695	0 ms
Symbolic time: 0.673	0.673	0 ms
Numeric time: 0.731	0.732	0 ms
Symbolic time: 0.674	0.674	0 ms
Numeric time: 0.709	0.71	0 ms
Symbolic time: 0.669	0.668	0 ms
Numeric time: 0.699	0	0.699 ms
Symbolic time: 0.671	0.466	0.205 ms
Numeric time: 0.696	0.696	0 ms
Symbolic time: 0.669	0.64	0.028 ms
Numeric time: 0.694	0.694	0 ms
Symbolic time: 0.673	0.672	0 ms
Numeric time: 0.693	0.685	0.008 ms
Symbolic time: 0.675	0.676	0 ms
Numeric time: 0.696	0.697	0 ms
Symbolic time: 0.674	0.675	0 ms
Numeric time: 0.694	0.693	0 ms
Symbolic time: 0.681	0.674	0 ms
Numeric time: 0.7	0.7	0 ms
Symbolic time: 0.667	0.667	0 ms
Numeric time: 0.696	0.696	0 ms
Symbolic time: 0.674	0.674	0 ms
Numeric time: 0.689	0.689	0 ms
Symbolic time: 0.666	0.667	0 ms
Numeric time: 0.692	0.692	0 ms
Symbolic time: 0.667	0.668	0 ms
Numeric time: 0.689	0.689	0 ms
Symbolic time: 0.669	0.668	0 ms
Numeric time: 0.693	0.693	0 ms
Symbolic time: 0.669	0.669	0 ms
Numeric time: 0.701	0.701	0 ms
Symbolic time: 0.674	0.674	0 ms
Numeric time: 0.694	0	0.694 ms
Symbolic time: 0.668	0.417	0.251 ms
Numeric time: 0.692	0.691	0 ms
Symbolic time: 0.669	0.669	0 ms
Numeric time: 0.69	0.69	0 ms
Symbolic time: 0.669	0.669	0 ms
Numeric time: 0.69	0.689	0 ms
Symbolic time: 0.67	0.669	0 ms
Numeric time: 0.689	0.689	0 ms
Symbolic time: 0.67	0.669	0 ms
Numeric time: 0.696	0.696	0 ms
Symbolic time: 0.672	0.672	0 ms
Numeric time: 0.691	0.691	0 ms
Symbolic time: 0.672	0.673	0 ms
Numeric time: 0.697	0.697	0 ms
Symbolic time: 0.669	0.668	0 ms
Numeric time: 0.693	0.692	0 ms
Symbolic time: 0.67	0.669	0 ms
Numeric time: 0.695	0.695	0 ms
Symbolic time: 0.67	0.67	0 ms
Numeric time: 0.694	0	0.693 ms
Symbolic time: 0.669	0.466	0.203 ms
Numeric time: 0.687	0.641	0.046 ms
Symbolic time: 0.672	0.672	0 ms
Numeric time: 0.698	0.697	0 ms
Symbolic time: 0.674	0.675	0 ms
Numeric time: 0.691	0.691	0 ms
Symbolic time: 0.675	0.674	0 ms
Numeric time: 0.693	0.693	0 ms
Symbolic time: 0.668	0.669	0 ms
Numeric time: 0.691	0.691	0 ms
Symbolic time: 0.673	0.673	0 ms
Numeric time: 0.691	0.692	0 ms
Symbolic time: 0.666	0.667	0 ms
Numeric time: 0.693	0.694	0 ms
Symbolic time: 0.672	0.672	0 ms
Numeric time: 0.688	0.688	0 ms
Symbolic time: 0.674	0.673	0 ms
Numeric time: 0.693	0	0.693 ms
Symbolic time: 0.672	0.479	0.193 ms
Numeric time: 0.691	0.644	0.047 ms
Symbolic time: 0.675	0.675	0 ms
Numeric time: 0.697	0.697	0 ms
Symbolic time: 0.669	0.662	0.007 ms
Numeric time: 0.693	0.692	0 ms
Symbolic time: 0.67	0.669	0 ms
Numeric time: 0.691	0.691	0 ms
Symbolic time: 0.67	0.67	0 ms
Numeric time: 0.695	0.695	0 ms
Symbolic time: 0.669	0.669	0 ms
Numeric time: 0.691	0.691	0 ms
Symbolic time: 0.671	0.67	0 ms
Numeric time: 0.693	0.693	0 ms
Symbolic time: 0.669	0.669	0 ms
Numeric time: 0.693	0.693	0 ms
Symbolic time: 0.672	0.673	0 ms
Numeric time: 0.694	0.694	0 ms
Symbolic time: 0.669	0.669	0 ms
Numeric time: 0.693	0.694	0 ms
Symbolic time: 0.671	0.671	0 ms
Numeric time: 0.689	0.689	0 ms
Symbolic time: 0.666	0.666	0 ms
Numeric time: 0.694	0.694	0 ms
Symbolic time: 0.675	0.676	0 ms
Numeric time: 0.689	0.689	0 ms
Symbolic time: 0.669	0.67	0 ms
Numeric time: 0.694	0.694	0 ms
Symbolic time: 0.67	0.67	0 ms
Numeric time: 0.704	0.704	0 ms
Symbolic time: 0.672	0.672	0 ms
Numeric time: 0.698	0.698	0 ms
Symbolic time: 0.667	0.667	0 ms
Numeric time: 0.692	0.692	0 ms
Symbolic time: 0.682	0.682	0 ms
Numeric time: 0.69	0.69	0 ms
Symbolic time: 0.668	0.668	0 ms
Numeric time: 0.693	0.693	0 ms
Symbolic time: 0.673	0.672	0 ms
Numeric time: 0.689	0.689	0 ms
Symbolic time: 0.676	0.675	0 ms
Numeric time: 0.692	0.692	0 ms
Symbolic time: 0.671	0.671	0 ms
Numeric time: 0.693	0.693	0 ms
Symbolic time: 0.671	0.671	0 ms
Numeric time: 0.692	0.692	0 ms
Symbolic time: 0.67	0.67	0 ms
Numeric time: 0.692	0.692	0 ms
Symbolic time: 0.67	0.67	0 ms
Numeric time: 0.691	0.691	0 ms
Symbolic time: 0.67	0.67	0 ms
Numeric time: 0.691	0.69	0 ms
Symbolic time: 0.672	0.673	0 ms
Numeric time: 0.69	0.69	0 ms
Symbolic time: 0.671	0.671	0 ms
Numeric time: 0.7	0.7	0 ms
Symbolic time: 0.67	0.67	0 ms
Numeric time: 0.693	0.693	0 ms
Symbolic time: 0.673	0.673	0 ms
Numeric time: 0.697	0.697	0 ms
Symbolic time: 0.668	0.668	0 ms
Numeric time: 0.691	0.691	0 ms
Symbolic time: 0.673	0.673	0 ms
Numeric time: 0.689	0.689	0 ms
Symbolic time: 0.669	0.669	0 ms
Numeric time: 0.692	0.692	0 ms
Symbolic time: 0.669	0.668	0 ms
Numeric time: 0.689	0.689	0 ms
Symbolic time: 0.675	0.675	0 ms
Numeric time: 0.702	0.697	0 ms
Symbolic time: 0.673	0.674	0 ms
Numeric time: 0.722	0.723	0 ms
Symbolic time: 0.675	0.675	0 ms
Numeric time: 0.807	0.807	0 ms
Symbolic time: 0.676	0.675	0 ms
Numeric time: 0.696	0.696	0 ms
Symbolic time: 0.677	0.677	0 ms
Numeric time: 0.694	0.694	0 ms
Symbolic time: 0.668	0.668	0 ms
Numeric time: 0.692	0.692	0 ms
Symbolic time: 0.672	0.672	0 ms
Numeric time: 0.698	0.698	0 ms
Symbolic time: 0.666	0.666	0 ms
Numeric time: 0.703	0.703	0 ms
Symbolic time: 0.675	0.675	0 ms
Numeric time: 0.695	0.695	0 ms
Symbolic time: 0.675	0.675	0 ms
Numeric time: 0.7	0.7	0 ms
Symbolic time: 0.672	0.672	0 ms
Numeric time: 0.69	0.69	0 ms
Symbolic time: 0.673	0.673	0 ms
Numeric time: 0.698	0.698	0 ms
Symbolic time: 0.671	0.671	0 ms
Numeric time: 0.693	0.693	0 ms
Symbolic time: 0.672	0.673	0 ms
Numeric time: 0.691	0.692	0 ms
Symbolic time: 0.669	0.669	0 ms
Numeric time: 0.7	0.699	0 ms
Symbolic time: 0.671	0.671	0 ms
Numeric time: 0.699	0.699	0 ms
Symbolic time: 0.67	0.67	0 ms
Numeric time: 0.695	0.694	0 ms
Symbolic time: 0.672	0.672	0 ms
Numeric time: 0.687	0.687	0 ms
Symbolic time: 0.674	0.674	0 ms
Numeric time: 0.692	0.693	0 ms
Symbolic time: 0.679	0.679	0 ms
Numeric time: 0.748	0.749	0 ms
Symbolic time: 0.702	0.702	0 ms
Numeric time: 0.708	0.708	0 ms
Symbolic time: 0.679	0.679	0 ms
Numeric time: 0.704	0.704	0 ms
Symbolic time: 0.668	0.668	0 ms
Numeric time: 0.697	0.697	0 ms
Symbolic time: 0.669	0.669	0 ms
Numeric time: 0.7	0.699	0 ms
Symbolic time: 0.668	0.668	0 ms
Numeric time: 0.689	0.69	0 ms
Symbolic time: 0.671	0.671	0 ms
Numeric time: 0.696	0.695	0 ms
Symbolic time: 0.671	0.671	0 ms
Numeric time: 0.688	0.688	0 ms
Symbolic time: 0.673	0.673	0 ms
Numeric time: 0.69	0.691	0 ms
Symbolic time: 0.667	0.668	0 ms
Numeric time: 0.695	0.696	0 ms
Symbolic time: 0.67	0.67	0 ms
Numeric time: 0.697	0.696	0 ms
Symbolic time: 0.669	0.668	0 ms
Numeric time: 0.695	0.695	0 ms
Symbolic time: 0.675	0.675	0 ms
Numeric time: 0.688	0.687	0 ms
Symbolic time: 0.668	0.669	0 ms
Numeric time: 0.692	0.692	0 ms
Symbolic time: 0.671	0.671	0 ms
Numeric time: 0.69	0.691	0 ms
Symbolic time: 0.671	0.672	0 ms
Numeric time: 0.694	0.694	0 ms
Symbolic time: 0.668	0.669	0 ms
Numeric time: 0.698	0.699	0 ms
Symbolic time: 0.669	0.669	0 ms
Numeric time: 0.698	0.699	0 ms
Symbolic time: 0.67	0.67	0 ms
Numeric time: 0.699	0.699	0 ms
Symbolic time: 0.673	0.673	0 ms
Numeric time: 0.691	0.69	0 ms
Symbolic time: 0.668	0.667	0 ms
Numeric time: 0.691	0.692	0 ms
Symbolic time: 0.674	0.674	0 ms
Numeric time: 0.688	0.688	0 ms
Symbolic time: 0.674	0.674	0 ms
Numeric time: 0.695	0.695	0 ms
Symbolic time: 0.67	0.67	0 ms
Numeric time: 0.695	0.695	0 ms
Symbolic time: 0.67	0.67	0 ms
Numeric time: 0.694	0.694	0 ms
Symbolic time: 0.667	0.667	0 ms
Numeric time: 0.691	0.692	0 ms
Symbolic time: 0.676	0.676	0 ms
Numeric time: 0.689	0.689	0 ms
Symbolic time: 0.667	0.667	0 ms
Numeric time: 0.691	0.691	0 ms
Symbolic time: 0.669	0.669	0 ms
Numeric time: 0.69	0.69	0 ms
Symbolic time: 0.672	0.671	0 ms
Numeric time: 0.707	0.707	0 ms
Symbolic time: 0.668	0.668	0 ms
Numeric time: 0.699	0.699	0 ms
Symbolic time: 0.672	0.671	0 ms
Numeric time: 0.703	0.703	0 ms
Symbolic time: 0.668	0.668	0 ms
Numeric time: 0.702	0.702	0 ms
Symbolic time: 0.674	0.674	0 ms
Numeric time: 0.688	0.688	0 ms
Symbolic time: 0.682	0.682	0 ms
Numeric time: 0.691	0.691	0 ms
Symbolic time: 0.672	0.671	0 ms
Numeric time: 0.69	0.69	0 ms
Symbolic time: 0.669	0.669	0 ms
Numeric time: 0.689	0	0.69 ms
Symbolic time: 0.667	0.417	0.25 ms
Numeric time: 0.696	0	0.696 ms
Symbolic time: 0.686	0.477	0.21 ms
Numeric time: 0.705	0.705	0 ms
Symbolic time: 0.668	0.647	0.021 ms
Numeric time: 0.695	0.695	0 ms
Symbolic time: 0.674	0.675	0 ms
Numeric time: 0.699	0.699	0 ms
Symbolic time: 0.67	0.67	0 ms
Numeric time: 0.702	0.702	0 ms
Symbolic time: 0.672	0.671	0 ms
Numeric time: 0.689	0.689	0 ms
Symbolic time: 0.671	0.672	0 ms
Numeric time: 0.692	0.693	0 ms
Symbolic time: 0.67	0.669	0 ms
Numeric time: 0.693	0.693	0 ms
Symbolic time: 0.671	0.67	0 ms
Numeric time: 0.701	0.702	0 ms
Symbolic time: 0.676	0.676	0 ms
Numeric time: 0.704	0.704	0 ms
Symbolic time: 0.671	0.672	0 ms
Numeric time: 0.692	0.692	0 ms
Symbolic time: 0.667	0.668	0 ms
Numeric time: 0.693	0.693	0 ms
Symbolic time: 0.672	0.672	0 ms
Numeric time: 0.688	0.689	0 ms
Symbolic time: 0.67	0.671	0 ms
Numeric time: 0.691	0.691	0 ms
Symbolic time: 0.67	0.67	0 ms
Numeric time: 0.691	0.69	0 ms
Symbolic time: 0.67	0.671	0 ms
Numeric time: 0.823	0.823	0 ms
Symbolic time: 0.69	0.689	0 ms
Numeric time: 0.698	0.698	0 ms
Symbolic time: 0.754	0.755	0 ms
Numeric time: 0.71	0.71	0 ms
Symbolic time: 0.731	0.731	0 ms
Numeric time: 0.71	0.711	0 ms
Symbolic time: 0.676	0.676	0 ms
Numeric time: 0.693	0.693	0 ms
Symbolic time: 0.673	0.672	0 ms
Numeric time: 0.712	0.712	0 ms
Symbolic time: 0.674	0.675	0 ms
Numeric time: 0.7	0.699	0 ms
Symbolic time: 0.669	0.668	0 ms
Numeric time: 0.699	0.699	0 ms
Symbolic time: 0.67	0.67	0 ms
Numeric time: 0.694	0.695	0 ms
Symbolic time: 0.667	0.667	0 ms
Numeric time: 0.694	0.694	0 ms
Symbolic time: 0.692	0.691	0 ms
Numeric time: 0.691	0.692	0 ms
Symbolic time: 0.676	0.677	0 ms
Numeric time: 0.694	0.694	0 ms
Symbolic time: 0.672	0.672	0 ms
Numeric time: 0.694	0.695	0 ms
Symbolic time: 0.67	0.669	0 ms
Numeric time: 0.703	0.702	0 ms
Symbolic time: 0.674	0.674	0 ms
Numeric time: 0.695	0.694	0 ms
Symbolic time: 0.674	0.674	0 ms
Numeric time: 0.692	0.692	0 ms
Symbolic time: 0.668	0.668	0 ms
Numeric time: 0.695	0.695	0 ms
Symbolic time: 0.679	0.679	0 ms
Numeric time: 0.69	0.69	0 ms
Symbolic time: 0.674	0.674	0 ms
Numeric time: 0.694	0.694	0 ms
Symbolic time: 0.671	0.67	0 ms
Numeric time: 0.692	0.693	0 ms
Symbolic time: 0.671	0.671	0 ms
Numeric time: 0.696	0.696	0 ms
Symbolic time: 0.904	0.903	0 ms
Numeric time: 0.82	0.82	0 ms
Symbolic time: 0.698	0.697	0 ms
Numeric time: 0.7	0.701	0 ms
Symbolic time: 0.672	0.671	0 ms
Numeric time: 0.693	0.693	0 ms
Symbolic time: 0.708	0.707	0 ms
Numeric time: 0.698	0.698	0 ms
Symbolic time: 0.674	0.674	0 ms
Numeric time: 0.689	0.689	0 ms
Symbolic time: 0.673	0.673	0 ms
Numeric time: 0.702	0.702	0 ms
Symbolic time: 0.669	0.668	0 ms
Numeric time: 0.705	0.704	0 ms
Symbolic time: 0.67	0.669	0 ms
Numeric time: 0.69	0.689	0 ms
Symbolic time: 0.669	0.669	0 ms
Numeric time: 0.695	0.694	0 ms
Symbolic time: 0.67	0.671	0 ms
Numeric time: 0.693	0.692	0 ms
Symbolic time: 0.668	0.669	0 ms
Numeric time: 0.69	0.689	0 ms
Symbolic time: 0.67	0.67	0 ms
Numeric time: 0.691	0.69	0 ms
Symbolic time: 0.673	0.673	0 ms
Numeric time: 0.695	0.696	0 ms
Symbolic time: 0.666	0.666	0 ms
Numeric time: 0.695	0.696	0 ms
Symbolic time: 0.668	0.669	0 ms
Numeric time: 0.697	0.698	0 ms
Symbolic time: 0.668	0.668	0 ms
Numeric time: 0.708	0.707	0 ms
Symbolic time: 0.676	0.677	0 ms
Numeric time: 0.69	0.691	0 ms
Symbolic time: 0.667	0.668	0 ms
Numeric time: 0.693	0.692	0 ms
Symbolic time: 0.673	0.673	0 ms
Numeric time: 0.69	0.69	0 ms
Symbolic time: 0.674	0.675	0 ms
Numeric time: 0.704	0.703	0 ms
Symbolic time: 0.668	0.668	0 ms
Numeric time: 0.701	0.701	0 ms
Symbolic time: 0.673	0.672	0 ms
Numeric time: 0.702	0.702	0 ms
Symbolic time: 0.668	0.667	0 ms
Numeric time: 0.702	0.701	0 ms
Symbolic time: 0.671	0.672	0 ms
Numeric time: 0.693	0.693	0 ms
Symbolic time: 0.741	0	0.741 ms
Numeric time: 0.709	0.547	0.162 ms
Symbolic time: 0.672	0.672	0 ms
Numeric time: 0.692	0.676	0.016 ms
Symbolic time: 0.67	0	0.669 ms
Numeric time: 0.692	0.456	0.237 ms
Symbolic time: 0.672	0.672	0 ms
Numeric time: 0.722	0.704	0.018 ms
Symbolic time: 0.706	0.706	0 ms
Numeric time: 0.712	0.712	0 ms
Symbolic time: 0.674	0.674	0 ms
Numeric time: 0.693	0.694	0 ms
Symbolic time: 0.675	0.675	0 ms
Numeric time: 0.695	0.696	0 ms
Symbolic time: 0.726	0.726	0 ms
Numeric time: 1.108	1.109	0 ms
Symbolic time: 0.984	0.984	0 ms
Numeric time: 1.113	1.113	0 ms
Symbolic time: 0.978	0.978	0 ms
Numeric time: 1.105	1.105	0 ms
Symbolic time: 0.979	0.979	0 ms
Numeric time: 1.106	1.106	0 ms
Symbolic time: 0.979	0.979	0 ms
Numeric time: 1.104	1.104	0 ms
Symbolic time: 0.971	0.063	0.908 ms
Numeric time: 1.106	0.163	0.936 ms
Symbolic time: 0.833	0.833	0 ms
Numeric time: 0.724	0.696	0.027 ms
Symbolic time: 0.674	0.673	0 ms
Numeric time: 0.713	0	0.713 ms
Symbolic time: 0.698	0.461	0.237 ms
Numeric time: 0.698	0.698	0 ms
Symbolic time: 0.671	0.67	0 ms
Numeric time: 0.696	0.697	0 ms
Symbolic time: 0.668	0.668	0 ms
Numeric time: 0.7	0.701	0 ms
Symbolic time: 0.676	0.676	0 ms
Numeric time: 0.704	0	0.704 ms
Symbolic time: 0.669	0.44	0.229 ms
Numeric time: 0.695	0.695	0 ms
Symbolic time: 0.672	0.671	0 ms
Numeric time: 0.69	0.685	0.006 ms
Symbolic time: 0.672	0.671	0 ms
Numeric time: 0.701	0.702	0 ms
Symbolic time: 0.682	0.682	0 ms
Numeric time: 0.696	0.695	0 ms
Symbolic time: 0.673	0.674	0 ms
Numeric time: 0.703	0.702	0 ms
Symbolic time: 0.667	0.666	0.001 ms
Numeric time: 0.705	0.706	0 ms
Symbolic time: 0.671	0.67	0 ms
Numeric time: 0.7	0.7	0 ms
Symbolic time: 0.669	0.668	0 ms
Numeric time: 0.697	0.697	0 ms
Symbolic time: 0.682	0.682	0 ms
Numeric time: 0.694	0.693	0.001 ms
Symbolic time: 0.677	0.677	0 ms
Numeric time: 0.697	0.697	0 ms
Symbolic time: 0.674	0.674	0 ms
Numeric time: 0.762	0.763	0 ms
Symbolic time: 0.779	0.779	0 ms
Numeric time: 0.735	0	0.736 ms
Symbolic time: 0.74	0.57	0.17 ms
Numeric time: 0.726	0.726	0 ms
Symbolic time: 0.667	0.645	0.023 ms
Numeric time: 0.705	0	0.706 ms
Symbolic time: 0.684	0.473	0.211 ms
Numeric time: 0.695	0.659	0.036 ms
Symbolic time: 0.671	0.671	0 ms
Numeric time: 0.696	0.697	0 ms
Symbolic time: 0.678	0.678	0 ms
Numeric time: 0.693	0.693	0 ms
Symbolic time: 0.686	0.686	0 ms
Numeric time: 0.699	0.699	0 ms
Symbolic time: 0.68	0.68	0 ms
Numeric time: 0.695	0.695	0 ms
Symbolic time: 0.672	0.672	0 ms
Numeric time: 0.727	0.728	0 ms
Symbolic time: 0.703	0.703	0 ms
Numeric time: 0.71	0.71	0 ms
Symbolic time: 0.679	0.678	0 ms
Numeric time: 0.693	0.693	0 ms
Symbolic time: 0.706	0.707	0 ms
Numeric time: 0.698	0.699	0 ms
Symbolic time: 0.674	0.675	0 ms
Numeric time: 0.694	0.695	0 ms
Symbolic time: 0.666	0.665	0 ms
Numeric time: 0.715	0.714	0 ms
Symbolic time: 0.799	0.8	0 ms
Numeric time: 1.089	1.089	0 ms
Symbolic time: 0.956	0.955	0 ms
Numeric time: 1.078	1.078	0 ms
Symbolic time: 0.963	0.963	0 ms
Numeric time: 1.077	1.077	0 ms
Symbolic time: 0.971	0.971	0 ms
Numeric time: 1.074	1.074	0 ms
Symbolic time: 0.965	0.965	0 ms
Numeric time: 1.077	1.078	0 ms
Symbolic time: 0.964	0.964	0 ms
Numeric time: 1.071	1.071	0 ms
Symbolic time: 0.93	0.931	0 ms
Numeric time: 0.846	0.845	0 ms
Symbolic time: 0.796	0.796	0 ms
Numeric time: 0.736	0.737	0 ms
Symbolic time: 0.718	0.717	0 ms
Numeric time: 0.707	0	0.707 ms
Symbolic time: 0.669	0.435	0.235 ms
Numeric time: 0.757	0.757	0 ms
Symbolic time: 0.672	0.672	0 ms
Numeric time: 0.695	0.695	0 ms
Symbolic time: 0.668	0.668	0 ms
Numeric time: 0.697	0.696	0 ms
Symbolic time: 0.672	0.673	0 ms
Numeric time: 0.687	0.684	0.002 ms
Symbolic time: 0.669	0.668	0 ms
Numeric time: 0.709	0.709	0 ms
Symbolic time: 0.693	0.694	0 ms
Numeric time: 0.698	0.699	0 ms
Symbolic time: 0.674	0.674	0 ms
Numeric time: 0.702	0.703	0 ms
Symbolic time: 0.675	0.675	0 ms
Numeric time: 0.695	0.695	0 ms
Symbolic time: 0.672	0.672	0 ms
Numeric time: 0.694	0.694	0 ms
Symbolic time: 0.668	0.67	0 ms
Numeric time: 0.698	0.697	0 ms
Symbolic time: 0.74	0.741	0 ms
Numeric time: 0.722	0.721	0 ms
Symbolic time: 0.668	0.667	0 ms
Numeric time: 0.697	0.698	0 ms
Symbolic time: 0.675	0.675	0 ms
Numeric time: 0.717	0.718	0 ms
Symbolic time: 0.67	0.671	0 ms
Numeric time: 0.714	0.715	0 ms
Symbolic time: 0.677	0.677	0 ms
Numeric time: 0.689	0.689	0 ms
Symbolic time: 0.682	0.681	0 ms
Numeric time: 0.706	0.706	0 ms
Symbolic time: 0.682	0.682	0 ms
Numeric time: 0.692	0.692	0 ms
Symbolic time: 0.672	0.673	0 ms
Numeric time: 0.698	0.699	0 ms
Symbolic time: 0.668	0.669	0 ms
Numeric time: 0.7	0.7	0 ms
Symbolic time: 0.679	0.679	0 ms
Numeric time: 0.7	0	0.7 ms
Symbolic time: 0.668	0.427	0.241 ms
Numeric time: 0.696	0.696	0 ms
Symbolic time: 0.68	0.679	0 ms
Numeric time: 0.699	0.699	0 ms
Symbolic time: 0.669	0.669	0 ms
Numeric time: 0.696	0.697	0 ms
Symbolic time: 0.679	0.679	0 ms
Numeric time: 0.689	0.689	0 ms
Symbolic time: 0.681	0.681	0 ms
Numeric time: 0.702	0.702	0 ms
Symbolic time: 0.676	0.676	0 ms
Numeric time: 0.691	0.691	0 ms
Symbolic time: 0.674	0.674	0 ms
Numeric time: 0.712	0.712	0 ms
Symbolic time: 0.667	0.667	0 ms
Numeric time: 0.7	0.7	0 ms
Symbolic time: 0.685	0.685	0 ms
Numeric time: 0.701	0.701	0 ms
Symbolic time: 0.667	0.667	0 ms
Numeric time: 0.708	0.708	0 ms
Symbolic time: 0.678	0.678	0 ms
Numeric time: 0.692	0.691	0.001 ms
Symbolic time: 0.668	0.668	0 ms
Numeric time: 0.697	0	0.696 ms
Symbolic time: 0.68	0.471	0.21 ms
Numeric time: 0.713	0.677	0.035 ms
Symbolic time: 0.677	0.677	0 ms
Numeric time: 0.698	0.698	0 ms
Symbolic time: 0.672	0.671	0 ms
Numeric time: 0.734	0.734	0 ms
Symbolic time: 0.689	0.689	0 ms
Numeric time: 0.714	0.714	0 ms
Symbolic time: 0.69	0.687	0.004 ms
Numeric time: 0.696	0.696	0 ms
Symbolic time: 0.68	0.68	0 ms
Numeric time: 0.707	0.707	0 ms
Symbolic time: 0.668	0.668	0 ms
Numeric time: 0.701	0.701	0 ms
Symbolic time: 0.68	0.68	0 ms
Numeric time: 0.712	0.712	0 ms
Symbolic time: 0.668	0.668	0 ms
Numeric time: 0.796	0.796	0 ms
Symbolic time: 0.699	0.699	0 ms
Numeric time: 0.769	0.769	0 ms
Symbolic time: 0.668	0.668	0 ms
Numeric time: 0.702	0.702	0 ms
Symbolic time: 0.681	0.681	0 ms
Numeric time: 0.713	0.713	0 ms
Symbolic time: 0.67	0.67	0 ms
Numeric time: 0.695	0.695	0 ms
Symbolic time: 0.674	0.674	0 ms
Numeric time: 0.728	0.728	0 ms
Symbolic time: 0.671	0.67	0 ms
Numeric time: 0.726	0.726	0 ms
Symbolic time: 0.679	0.679	0 ms
Numeric time: 0.69	0.69	0 ms
Symbolic time: 0.673	0.673	0 ms
Numeric time: 0.701	0.701	0 ms
Symbolic time: 0.692	0.692	0 ms
Numeric time: 0.696	0.696	0 ms
Symbolic time: 0.679	0.679	0 ms
Numeric time: 0.701	0.701	0 ms
Symbolic time: 0.67	0.67	0 ms
Numeric time: 0.699	0.699	0 ms
Symbolic time: 0.68	0.68	0 ms
Numeric time: 0.695	0.695	0 ms
Symbolic time: 0.671	0.671	0 ms
Numeric time: 0.711	0.711	0 ms
Symbolic time: 0.676	0.676	0 ms
Numeric time: 0.689	0.689	0 ms
Symbolic time: 0.668	0.667	0 ms
Numeric time: 0.695	0.695	0 ms
Symbolic time: 0.67	0.67	0 ms
Numeric time: 0.69	0.69	0 ms
Symbolic time: 0.673	0.673	0 ms
Numeric time: 0.695	0	0.695 ms
Symbolic time: 0.688	0.483	0.204 ms
Numeric time: 0.691	0.658	0.034 ms
Symbolic time: 0.673	0.672	0 ms
Numeric time: 0.707	0.708	0 ms
Symbolic time: 0.671	0.665	0.006 ms
Numeric time: 0.696	0.696	0 ms
Symbolic time: 0.673	0.673	0 ms
Numeric time: 0.701	0.701	0 ms
Symbolic time: 0.669	0.67	0 ms
Numeric time: 0.698	0.698	0 ms
Symbolic time: 0.67	0.67	0 ms
Numeric time: 0.689	0.688	0 ms
Symbolic time: 0.669	0.67	0 ms
Numeric time: 0.69	0.691	0 ms
Symbolic time: 0.668	0.668	0 ms
Numeric time: 0.691	0.691	0 ms
Symbolic time: 0.895	0.895	0 ms
Numeric time: 1.09	1.09	0 ms
Symbolic time: 0.959	0.959	0 ms
Numeric time: 1.085	1.085	0 ms
Symbolic time: 0.958	0.956	0.002 ms
Numeric time: 1.075	0.141	0.934 ms
Symbolic time: 0.961	0.961	0 ms
Numeric time: 1.078	1.076	0.002 ms
Symbolic time: 0.966	0.965	0 ms
Numeric time: 1.077	1.075	0.003 ms
Symbolic time: 0.969	0.968	0 ms
Numeric time: 0.982	0.983	0 ms
Symbolic time: 0.721	0.722	0 ms
Numeric time: 0.692	0.671	0.021 ms
Symbolic time: 0.679	0.679	0 ms
Numeric time: 0.751	0.752	0 ms
Symbolic time: 0.696	0.695	0 ms
Numeric time: 0.689	0.689	0 ms
Symbolic time: 0.671	0.67	0 ms
Numeric time: 0.704	0.704	0 ms
Symbolic time: 0.673	0.673	0 ms
Numeric time: 0.694	0.693	0 ms
Symbolic time: 0.674	0.673	0 ms
Numeric time: 0.692	0.692	0 ms
Symbolic time: 0.67	0.671	0 ms
Numeric time: 0.935	0.935	0 ms
Symbolic time: 0.966	0.966	0 ms
Numeric time: 1.078	0.077	1.001 ms
Symbolic time: 0.967	0.109	0.858 ms
Numeric time: 1.085	1.081	0.004 ms
Symbolic time: 0.968	0.969	0 ms
Numeric time: 1.077	1.077	0.003 ms
Symbolic time: 0.964	0.964	0 ms
Numeric time: 1.079	0.076	1.003 ms
Symbolic time: 0.962	0.962	0 ms
Numeric time: 0.995	0	0.995 ms
Symbolic time: 0.742	0.742	0 ms
Numeric time: 0.701	0.701	0 ms
Symbolic time: 0.666	0.657	0.009 ms
Numeric time: 0.697	0.697	0 ms
Symbolic time: 0.694	0.693	0 ms
Numeric time: 0.689	0.681	0.007 ms
Symbolic time: 0.672	0.673	0 ms
Numeric time: 0.693	0.693	0 ms
Symbolic time: 0.671	0.672	0 ms
Numeric time: 0.686	0.686	0 ms
Symbolic time: 0.674	0.674	0 ms
Numeric time: 0.694	0.694	0 ms
Symbolic time: 0.668	0.668	0 ms
Numeric time: 0.698	0.698	0 ms
Symbolic time: 0.669	0.669	0 ms
Numeric time: 0.69	0.69	0 ms
Symbolic time: 0.667	0.667	0 ms
Numeric time: 0.689	0.689	0 ms
Symbolic time: 0.672	0.672	0 ms
Numeric time: 0.691	0.691	0 ms
Symbolic time: 0.673	0.673	0 ms
Numeric time: 0.713	0.713	0 ms
Symbolic time: 0.671	0.671	0 ms
Numeric time: 0.69	0.69	0 ms
Symbolic time: 0.672	0.673	0 ms
Numeric time: 0.692	0.692	0 ms
Symbolic time: 0.669	0.67	0 ms
Numeric time: 0.698	0.698	0 ms
Symbolic time: 0.671	0.671	0 ms
Numeric time: 0.734	0.734	0 ms
Symbolic time: 0.67	0.67	0 ms
Numeric time: 0.697	0.697	0 ms
Symbolic time: 0.675	0.675	0 ms
Numeric time: 0.69	0.69	0 ms
Symbolic time: 0.667	0.667	0 ms
Numeric time: 0.699	0.699	0 ms
Symbolic time: 0.67	0.67	0 ms
Numeric time: 0.692	0.692	0 ms
Symbolic time: 0.671	0.672	0 ms
Numeric time: 0.697	0.697	0 ms
Symbolic time: 0.672	0.673	0 ms
Numeric time: 0.689	0.689	0 ms
Symbolic time: 0.677	0.677	0 ms
Numeric time: 0.7	0.699	0 ms
Symbolic time: 0.669	0.668	0 ms
Numeric time: 0.693	0.693	0 ms
Symbolic time: 0.675	0.675	0 ms
Numeric time: 0.696	0.696	0 ms
Symbolic time: 0.667	0.667	0 ms
Numeric time: 0.699	0.699	0 ms
Symbolic time: 0.673	0.674	0 ms
Numeric time: 0.693	0.694	0 ms
Symbolic time: 0.673	0.673	0 ms
Numeric time: 0.694	0.695	0 ms
Symbolic time: 0.67	0.67	0 ms
Numeric time: 0.687	0.687	0 ms
Symbolic time: 0.673	0.672	0 ms
Numeric time: 0.706	0.706	0 ms
Symbolic time: 0.668	0.668	0 ms
Numeric time: 0.699	0.7	0 ms
Symbolic time: 0.671	0.671	0 ms
Numeric time: 0.69	0.69	0 ms
Symbolic time: 0.668	0.668	0 ms
Numeric time: 0.693	0.693	0 ms
Symbolic time: 0.674	0.674	0 ms
Numeric time: 0.691	0.691	0 ms
Symbolic time: 0.67	0.67	0 ms
Numeric time: 0.691	0.69	0 ms
Symbolic time: 0.671	0.67	0 ms
Numeric time: 0.687	0.688	0 ms
Symbolic time: 0.698	0.699	0 ms
Numeric time: 0.697	0	0.697 ms
Symbolic time: 0.669	0.423	0.246 ms
Numeric time: 0.697	0.697	0 ms
Symbolic time: 0.672	0.672	0 ms
Numeric time: 0.693	0.693	0 ms
Symbolic time: 0.669	0.669	0 ms
Numeric time: 0.694	0.694	0 ms
Symbolic time: 0.675	0.675	0 ms
Numeric time: 0.691	0.691	0 ms
Symbolic time: 0.673	0.673	0 ms
Numeric time: 0.699	0.698	0 ms
Symbolic time: 0.67	0.671	0 ms
Numeric time: 0.687	0.686	0 ms
Symbolic time: 0.683	0.683	0 ms
Numeric time: 0.7	0.7	0 ms
Symbolic time: 0.667	0.668	0 ms
Numeric time: 0.701	0.702	0 ms
Symbolic time: 0.671	0.671	0 ms
Numeric time: 0.694	0.695	0 ms
Symbolic time: 0.665	0.665	0 ms
Numeric time: 0.693	0.692	0 ms
Symbolic time: 0.676	0.676	0 ms
Numeric time: 0.692	0.691	0 ms
Symbolic time: 0.672	0.672	0 ms
Numeric time: 0.691	0.692	0 ms
Symbolic time: 0.671	0.671	0 ms
Numeric time: 0.688	0.688	0 ms
Symbolic time: 0.669	0.669	0 ms
Numeric time: 0.693	0.693	0 ms
Symbolic time: 0.668	0.668	0 ms
Numeric time: 0.691	0.692	0 ms
Symbolic time: 0.671	0.671	0 ms
Numeric time: 0.686	0	0.686 ms
Symbolic time: 0.667	0.416	0.25 ms
Numeric time: 0.694	0.694	0 ms
Symbolic time: 0.674	0.674	0 ms
Numeric time: 0.692	0.686	0.006 ms
Symbolic time: 0.672	0.672	0 ms
Numeric time: 0.697	0.697	0 ms
Symbolic time: 0.668	0.668	0 ms
Numeric time: 0.688	0.688	0 ms
Symbolic time: 0.672	0.672	0 ms
Numeric time: 0.693	0.693	0 ms
Symbolic time: 0.669	0.669	0 ms
Numeric time: 0.691	0.691	0 ms
Symbolic time: 0.675	0.675	0 ms
Numeric time: 0.691	0.691	0 ms
Symbolic time: 0.669	0.669	0 ms
Numeric time: 0.688	0.688	0 ms
Symbolic time: 0.67	0.671	0 ms
Numeric time: 0.69	0.69	0 ms
Symbolic time: 0.674	0.674	0 ms
Numeric time: 0.69	0	0.69 ms
Symbolic time: 0.673	0.462	0.211 ms
Numeric time: 0.69	0.656	0.035 ms
Symbolic time: 0.677	0.677	0 ms
Numeric time: 0.696	0.697	0 ms
Symbolic time: 0.67	0.664	0.006 ms
Numeric time: 0.696	0.696	0 ms
Symbolic time: 0.675	0.675	0 ms
Numeric time: 0.691	0.692	0 ms
Symbolic time: 0.668	0.668	0 ms
Numeric time: 0.693	0.693	0 ms
Symbolic time: 0.671	0.671	0 ms
Numeric time: 0.7	0.701	0 ms
Symbolic time: 0.7	0.7	0 ms
Numeric time: 0.706	0.706	0 ms
Symbolic time: 0.673	0.673	0 ms
Numeric time: 0.689	0.689	0 ms
Symbolic time: 0.671	0.671	0 ms
Numeric time: 0.69	0.689	0 ms
Symbolic time: 0.666	0.666	0 ms
Numeric time: 0.696	0.697	0 ms
Symbolic time: 0.675	0.675	0 ms
Numeric time: 0.695	0.695	0 ms
Symbolic time: 0.667	0.668	0 ms
Numeric time: 0.691	0.691	0 ms
Symbolic time: 0.673	0.672	0 ms
Numeric time: 0.689	0.689	0 ms
Symbolic time: 0.673	0.672	0 ms
Numeric time: 0.712	0.711	0 ms
Symbolic time: 0.677	0.676	0 ms
Numeric time: 0.691	0.691	0 ms
Symbolic time: 0.678	0.678	0 ms
Numeric time: 0.697	0.698	0 ms
Symbolic time: 0.671	0.671	0 ms
Numeric time: 0.707	0.708	0 ms
Symbolic time: 0.679	0.68	0 ms
Numeric time: 0.697	0.698	0 ms
Symbolic time: 0.67	0.67	0 ms
Numeric time: 0.699	0.7	0 ms
Symbolic time: 0.681	0.681	0 ms
Numeric time: 0.693	0.692	0.001 ms
Symbolic time: 0.667	0.667	0 ms
Numeric time: 0.705	0.705	0 ms
Symbolic time: 0.675	0.675	0 ms
Numeric time: 0.687	0.687	0 ms
Symbolic time: 0.682	0.681	0 ms
Numeric time: 0.739	0.739	0 ms
Symbolic time: 0.676	0.676	0 ms
Numeric time: 0.692	0.692	0 ms
Symbolic time: 0.673	0.673	0 ms
Numeric time: 0.709	0	0.708 ms
Symbolic time: 0.669	0.433	0.237 ms
Numeric time: 0.696	0.695	0 ms
Symbolic time: 0.676	0.676	0 ms
Numeric time: 0.701	0.701	0 ms
Symbolic time: 0.667	0.667	0 ms
Numeric time: 0.709	0.71	0 ms
Symbolic time: 0.677	0.676	0 ms
Numeric time: 0.691	0.69	0.001 ms
Symbolic time: 0.668	0.668	0 ms
Numeric time: 0.697	0.697	0 ms
Symbolic time: 0.686	0.686	0 ms
Numeric time: 0.689	0.689	0 ms
Symbolic time: 0.675	0.675	0 ms
Numeric time: 0.691	0.692	0 ms
Symbolic time: 0.667	0.666	0.001 ms
Numeric time: 0.689	0	0.69 ms
Symbolic time: 0.674	0.459	0.216 ms
Numeric time: 0.694	0.694	0 ms
Symbolic time: 0.669	0.648	0.02 ms
Numeric time: 0.7	0.7	0 ms
Symbolic time: 0.67	0.67	0 ms
Numeric time: 0.688	0.682	0.006 ms
Symbolic time: 0.668	0.668	0 ms
Numeric time: 0.694	0.694	0 ms
Symbolic time: 0.669	0.669	0 ms
Numeric time: 0.688	0.688	0 ms
Symbolic time: 0.669	0.67	0 ms
Numeric time: 0.701	0.699	0 ms
Symbolic time: 0.669	0.669	0 ms
Numeric time: 0.687	0	0.687 ms
Symbolic time: 0.669	0.452	0.217 ms
Numeric time: 0.696	0.696	0 ms
Symbolic time: 0.668	0.647	0.021 ms
Numeric time: 0.702	0.702	0 ms
Symbolic time: 0.673	0.673	0 ms
Numeric time: 0.692	0.685	0.007 ms
Symbolic time: 0.669	0.669	0 ms
Numeric time: 0.694	0.694	0 ms
Symbolic time: 0.673	0.673	0 ms
Numeric time: 0.702	0.702	0 ms
Symbolic time: 0.687	0.688	0 ms
Numeric time: 0.693	0.693	0 ms
Symbolic time: 0.671	0.67	0 ms
Numeric time: 0.691	0.691	0 ms
Symbolic time: 0.67	0.671	0 ms
Numeric time: 0.698	0.698	0 ms
Symbolic time: 0.667	0.667	0 ms
Numeric time: 0.7	0.7	0 ms
Symbolic time: 0.671	0.671	0 ms
Numeric time: 0.689	0.689	0 ms
Symbolic time: 0.668	0.668	0 ms
Numeric time: 0.69	0.69	0 ms
Symbolic time: 0.67	0.67	0 ms
Numeric time: 0.689	0.689	0 ms
Symbolic time: 0.671	0.671	0 ms
Numeric time: 0.691	0.692	0 ms
Symbolic time: 0.67	0.671	0 ms
Numeric time: 0.687	0.687	0 ms
Symbolic time: 0.67	0.671	0 ms
Numeric time: 0.692	0.692	0 ms
Symbolic time: 0.668	0.668	0 ms
Numeric time: 0.689	0.688	0 ms
Symbolic time: 0.673	0.673	0 ms
Numeric time: 0.689	0.689	0 ms
Symbolic time: 0.669	0.669	0 ms
Numeric time: 0.69	0.69	0 ms
Symbolic time: 0.672	0.672	0 ms
Numeric time: 0.687	0.687	0 ms
Symbolic time: 0.671	0.671	0 ms
Numeric time: 0.693	0.693	0 ms
Symbolic time: 0.667	0.667	0 ms
Numeric time: 0.691	0.691	0 ms
Symbolic time: 0.669	0.67	0 ms
Numeric time: 0.696	0.695	0 ms
Symbolic time: 0.668	0.668	0 ms
Numeric time: 0.698	0.698	0 ms
Symbolic time: 0.671	0.671	0 ms
Numeric time: 0.687	0.687	0 ms
Symbolic time: 0.667	0.668	0 ms
Numeric time: 0.69	0.69	0 ms
Symbolic time: 0.669	0.668	0 ms
Numeric time: 0.689	0.689	0 ms
Symbolic time: 0.672	0.673	0 ms
Numeric time: 0.691	0	0.691 ms
Symbolic time: 0.669	0.416	0.253 ms
Numeric time: 0.691	0	0.691 ms
Symbolic time: 0.671	0.444	0.227 ms
Numeric time: 0.701	0.701	0 ms
Symbolic time: 0.673	0.652	0.021 ms
Numeric time: 0.69	0.691	0 ms
Symbolic time: 0.673	0.674	0 ms
Numeric time: 0.687	0.681	0.006 ms
Symbolic time: 0.676	0.676	0 ms
Numeric time: 0.69	0.69	0 ms
Symbolic time: 0.671	0.671	0 ms
Numeric time: 0.684	0.684	0 ms
Symbolic time: 0.671	0.671	0 ms
Numeric time: 0.692	0.693	0 ms
Symbolic time: 0.67	0.67	0 ms
Numeric time: 0.695	0	0.695 ms
Symbolic time: 0.672	0.451	0.222 ms
Numeric time: 0.691	0.691	0 ms
Symbolic time: 0.668	0.647	0.021 ms
Numeric time: 0.696	0.697	0 ms
Symbolic time: 0.674	0.675	0 ms
Numeric time: 0.688	0.681	0.006 ms
Symbolic time: 0.672	0.672	0 ms
Numeric time: 0.693	0.694	0 ms
Symbolic time: 0.67	0.671	0 ms
Numeric time: 0.69	0.691	0 ms
Symbolic time: 0.671	0.671	0 ms
Numeric time: 0.692	0.692	0 ms
Symbolic time: 0.669	0.668	0 ms
Numeric time: 0.693	0.693	0 ms
Symbolic time: 0.674	0.674	0 ms
Numeric time: 0.696	0.696	0 ms
Symbolic time: 0.667	0.667	0 ms
Numeric time: 0.693	0.693	0 ms
Symbolic time: 0.671	0.671	0 ms
Numeric time: 0.689	0.689	0 ms
Symbolic time: 0.672	0.671	0 ms
Numeric time: 0.695	0.695	0 ms
Symbolic time: 0.672	0.672	0 ms
Numeric time: 0.69	0.69	0 ms
Symbolic time: 0.672	0.672	0 ms
Numeric time: 0.693	0.693	0 ms
Symbolic time: 0.669	0.669	0 ms
Numeric time: 0.702	0.702	0 ms
Symbolic time: 0.674	0.674	0 ms
Numeric time: 0.697	0.697	0 ms
Symbolic time: 0.667	0.667	0 ms
Numeric time: 0.694	0.694	0 ms
Symbolic time: 0.668	0.668	0 ms
Numeric time: 0.688	0.688	0 ms
Symbolic time: 0.67	0.67	0 ms
Numeric time: 0.722	0.722	0 ms
Symbolic time: 0.677	0.677	0 ms
Numeric time: 0.696	0.696	0 ms
Symbolic time: 0.671	0.671	0 ms
Numeric time: 0.691	0.691	0 ms
Symbolic time: 0.669	0.669	0 ms
Numeric time: 0.696	0.696	0 ms
Symbolic time: 0.675	0.675	0 ms
Numeric time: 0.701	0	0.701 ms
Symbolic time: 0.669	0.431	0.238 ms
Numeric time: 0.695	0.695	0 ms
Symbolic time: 0.672	0.673	0 ms
Numeric time: 0.704	0.697	0.007 ms
Symbolic time: 0.668	0	0.668 ms
Numeric time: 0.7	0.465	0.235 ms
Symbolic time: 0.675	0.675	0 ms
Numeric time: 0.69	0.672	0.019 ms
Symbolic time: 0.672	0.672	0 ms
Numeric time: 0.69	0.69	0 ms
Symbolic time: 0.671	0.666	0.004 ms
Numeric time: 0.701	0.7	0 ms
Symbolic time: 0.673	0.674	0 ms
Numeric time: 0.695	0	0.695 ms
Symbolic time: 0.667	0.421	0.246 ms
Numeric time: 0.694	0	0.694 ms
Symbolic time: 0.67	0.448	0.223 ms
Numeric time: 0.689	0.653	0.037 ms
Symbolic time: 0.674	0.674	0 ms
Numeric time: 0.718	0.719	0 ms
Symbolic time: 0.678	0.678	0 ms
Numeric time: 0.69	0.69	0 ms
Symbolic time: 0.679	0.679	0 ms
Numeric time: 0.705	0.705	0 ms
Symbolic time: 0.675	0.675	0 ms
Numeric time: 0.688	0.688	0 ms
Symbolic time: 0.675	0.676	0 ms
Numeric time: 0.699	0.7	0 ms
Symbolic time: 0.668	0.668	0 ms
Numeric time: 0.707	0.708	0 ms
Symbolic time: 0.675	0.676	0 ms
Numeric time: 0.699	0.699	0 ms
Symbolic time: 0.668	0.667	0 ms
Numeric time: 0.691	0.692	0 ms
Symbolic time: 0.681	0.682	0 ms
Numeric time: 0.69	0.69	0 ms
Symbolic time: 0.675	0.674	0 ms
Numeric time: 0.693	0	0.693 ms
Symbolic time: 0.673	0.466	0.207 ms
Numeric time: 0.694	0.657	0.037 ms
Symbolic time: 0.67	0.67	0 ms
Numeric time: 0.695	0.695	0 ms
Symbolic time: 0.666	0.661	0.005 ms
Numeric time: 0.699	0.699	0 ms
Symbolic time: 0.674	0.674	0 ms
Numeric time: 0.691	0.691	0 ms
Symbolic time: 0.668	0.669	0 ms
Numeric time: 0.693	0.692	0 ms
Symbolic time: 0.669	0.67	0 ms
Numeric time: 0.688	0.688	0 ms
Symbolic time: 0.673	0.673	0 ms
Numeric time: 0.695	0.696	0 ms
Symbolic time: 0.672	0.672	0 ms
Numeric time: 0.69	0.69	0 ms
Symbolic time: 0.671	0.671	0 ms
Numeric time: 0.697	0.696	0 ms
Symbolic time: 0.669	0.669	0 ms
Numeric time: 0.696	0.696	0 ms
Symbolic time: 0.674	0.675	0 ms
Numeric time: 0.696	0.695	0 ms
Symbolic time: 0.669	0.669	0 ms
Numeric time: 0.692	0.692	0 ms
Symbolic time: 0.67	0.669	0 ms
Numeric time: 0.688	0.688	0 ms
Symbolic time: 0.673	0.672	0 ms
Numeric time: 0.692	0.691	0 ms
Symbolic time: 0.673	0.673	0 ms
Numeric time: 0.694	0.693	0 ms
Symbolic time: 0.671	0.67	0 ms
Numeric time: 0.697	0.697	0 ms
Symbolic time: 0.665	0.666	0 ms
Numeric time: 0.7	0.699	0 ms
Symbolic time: 0.67	0.67	0 ms
Numeric time: 0.696	0.696	0 ms
Symbolic time: 0.67	0.67	0 ms
Numeric time: 0.693	0.693	0 ms
Symbolic time: 0.67	0.671	0 ms
Numeric time: 0.689	0.689	0 ms
Symbolic time: 0.671	0.671	0 ms
Numeric time: 0.689	0.69	0 ms
Symbolic time: 0.671	0.67	0 ms
Numeric time: 0.69	0.689	0 ms
Symbolic time: 0.672	0.673	0 ms
Numeric time: 0.696	0.696	0 ms
Symbolic time: 0.668	0.669	0 ms
Numeric time: 0.692	0.693	0 ms
Symbolic time: 0.669	0.67	0 ms
Numeric time: 0.687	0.685	0.002 ms
Symbolic time: 0.668	0	0.667 ms
Numeric time: 0.695	0.46	0.234 ms
Symbolic time: 0.675	0.675	0 ms
Numeric time: 0.689	0.67	0.019 ms
Symbolic time: 0.671	0.672	0 ms
Numeric time: 0.695	0.696	0 ms
Symbolic time: 0.675	0.674	0 ms
Numeric time: 0.694	0.695	0 ms
Symbolic time: 0.672	0.671	0 ms
Numeric time: 0.695	0.695	0 ms
Symbolic time: 0.668	0.668	0 ms
Numeric time: 0.697	0.698	0 ms
Symbolic time: 0.67	0.67	0 ms
Numeric time: 0.693	0.693	0 ms
Symbolic time: 0.671	0.671	0 ms
Numeric time: 0.693	0.693	0 ms
Symbolic time: 0.669	0.67	0 ms
Numeric time: 0.691	0.691	0 ms
Symbolic time: 0.675	0.675	0 ms
Numeric time: 0.699	0.699	0 ms
Symbolic time: 0.672	0.672	0 ms
Numeric time: 0.694	0.694	0 ms
Symbolic time: 0.672	0.672	0 ms
Numeric time: 0.694	0.694	0 ms
Symbolic time: 0.668	0.668	0 ms
Numeric time: 0.691	0	0.691 ms
Symbolic time: 0.672	0.448	0.224 ms
Numeric time: 0.694	0.695	0 ms
Symbolic time: 0.668	0.646	0.022 ms
Numeric time: 0.694	0.693	0 ms
Symbolic time: 0.672	0.672	0 ms
Numeric time: 0.687	0.682	0.006 ms
Symbolic time: 0.669	0.669	0 ms
Numeric time: 0.696	0.696	0 ms
Symbolic time: 0.671	0.671	0 ms
Numeric time: 0.69	0.69	0 ms
Symbolic time: 0.675	0.675	0 ms
Numeric time: 0.7	0.7	0 ms
Symbolic time: 0.669	0.669	0 ms
Numeric time: 0.693	0.693	0 ms
Symbolic time: 0.673	0.673	0 ms
Numeric time: 0.69	0.686	0.004 ms
Symbolic time: 0.67	0.671	0 ms
Numeric time: 0.692	0.693	0 ms
Symbolic time: 0.692	0.691	0 ms
Numeric time: 0.699	0.699	0 ms
Symbolic time: 0.674	0.673	0 ms
Numeric time: 0.701	0.7	0 ms
Symbolic time: 0.671	0.671	0 ms
Numeric time: 0.693	0.692	0 ms
Symbolic time: 0.672	0.672	0 ms
Numeric time: 0.698	0.697	0 ms
Symbolic time: 0.667	0.666	0 ms
Numeric time: 0.706	0.706	0 ms
Symbolic time: 0.674	0.675	0 ms
Numeric time: 0.699	0.7	0 ms
Symbolic time: 0.666	0.665	0 ms
Numeric time: 0.692	0.692	0 ms
Symbolic time: 0.682	0.683	0 ms
Numeric time: 0.692	0.692	0 ms
Symbolic time: 0.674	0.673	0 ms
Numeric time: 0.698	0.697	0 ms
Symbolic time: 0.678	0.678	0 ms
Numeric time: 0.692	0.691	0 ms
Symbolic time: 0.673	0.673	0 ms
Numeric time: 0.703	0.704	0 ms
Symbolic time: 0.67	0.67	0 ms
Numeric time: 0.696	0.697	0 ms
Symbolic time: 0.676	0.677	0 ms
Numeric time: 0.693	0.694	0 ms
Symbolic time: 0.669	0.669	0 ms
Numeric time: 0.701	0.7	0 ms
Symbolic time: 0.674	0.675	0 ms
Numeric time: 0.694	0.694	0 ms
Symbolic time: 0.67	0.67	0 ms
Numeric time: 0.703	0	0.704 ms
Symbolic time: 0.67	0.473	0.197 ms
Numeric time: 0.694	0.659	0.035 ms
Symbolic time: 0.671	0.671	0 ms
Numeric time: 0.691	0.691	0 ms
Symbolic time: 0.667	0.662	0.005 ms
Numeric time: 0.692	0.692	0 ms
Symbolic time: 0.672	0.672	0 ms
Numeric time: 0.696	0.696	0 ms
Symbolic time: 0.668	0.668	0 ms
Numeric time: 0.696	0.695	0 ms
Symbolic time: 0.67	0.67	0 ms
Numeric time: 0.687	0.687	0 ms
Symbolic time: 0.669	0.668	0 ms
Numeric time: 0.7	0.7	0 ms
Symbolic time: 0.674	0.674	0 ms
Numeric time: 0.691	0.69	0 ms
Symbolic time: 0.678	0.678	0 ms
Numeric time: 0.702	0.702	0 ms
Symbolic time: 0.673	0.673	0 ms
Numeric time: 0.69	0.69	0 ms
Symbolic time: 0.67	0.671	0 ms
Numeric time: 0.703	0.703	0 ms
Symbolic time: 0.67	0.67	0 ms
Numeric time: 0.694	0.694	0 ms
Symbolic time: 0.675	0.675	0 ms
Numeric time: 0.693	0.693	0 ms
Symbolic time: 0.668	0.668	0 ms
Numeric time: 0.698	0.698	0 ms
Symbolic time: 0.676	0.676	0 ms
Numeric time: 0.694	0.694	0 ms
Symbolic time: 0.677	0.677	0 ms
Numeric time: 0.687	0.687	0 ms
Symbolic time: 0.677	0.678	0 ms
Numeric time: 0.692	0.692	0 ms
Symbolic time: 0.673	0.672	0 ms
Numeric time: 0.694	0.695	0 ms
Symbolic time: 0.668	0.668	0 ms
Numeric time: 0.7	0.7	0 ms
Symbolic time: 0.67	0.67	0 ms
Numeric time: 0.693	0.693	0 ms
Symbolic time: 0.669	0.669	0 ms
Numeric time: 0.705	0.705	0 ms
Symbolic time: 0.671	0.671	0 ms
Numeric time: 0.69	0.69	0 ms
Symbolic time: 0.671	0.671	0 ms
Numeric time: 0.704	0.704	0 ms
Symbolic time: 0.674	0.674	0 ms
Numeric time: 0.691	0.692	0 ms
Symbolic time: 0.674	0.674	0 ms
Numeric time: 0.701	0.702	0 ms
Symbolic time: 0.67	0.67	0 ms
Numeric time: 0.697	0.697	0 ms
Symbolic time: 0.674	0.674	0 ms
Numeric time: 0.696	0.697	0 ms
Symbolic time: 0.671	0.671	0 ms
Numeric time: 0.7	0.7	0 ms
Symbolic time: 0.673	0.674	0 ms
Numeric time: 0.692	0.692	0 ms
Symbolic time: 0.669	0	0.669 ms
Numeric time: 0.689	0.46	0.23 ms
Symbolic time: 0.671	0.671	0 ms
Numeric time: 0.69	0.672	0.019 ms
Symbolic time: 0.675	0.675	0 ms
Numeric time: 0.698	0.699	0 ms
Symbolic time: 0.67	0.665	0.005 ms
Numeric time: 0.693	0.694	0 ms
Symbolic time: 0.677	0.676	0 ms
Numeric time: 0.697	0.698	0 ms
Symbolic time: 0.667	0.667	0 ms
Numeric time: 0.706	0.706	0 ms
Symbolic time: 0.672	0.672	0 ms
Numeric time: 0.692	0.691	0 ms
Symbolic time: 0.67	0.669	0 ms
Numeric time: 0.705	0.704	0 ms
Symbolic time: 0.672	0.672	0 ms
Numeric time: 0.686	0.686	0 ms
Symbolic time: 0.675	0.675	0 ms
Numeric time: 0.698	0.697	0 ms
Symbolic time: 0.677	0.677	0 ms
Numeric time: 0.695	0.695	0 ms
Symbolic time: 0.676	0.677	0 ms
Numeric time: 0.692	0.693	0 ms
Symbolic time: 0.666	0.666	0 ms
Numeric time: 0.689	0.69	0 ms
Symbolic time: 0.675	0.675	0 ms
Numeric time: 0.698	0.697	0 ms
Symbolic time: 0.668	0.668	0 ms
Numeric time: 0.698	0.697	0 ms
Symbolic time: 0.677	0.677	0 ms
Numeric time: 0.691	0.69	0 ms
Symbolic time: 0.674	0.673	0 ms
Numeric time: 0.694	0.694	0 ms
Symbolic time: 0.676	0.677	0 ms
Numeric time: 0.709	0.709	0 ms
Symbolic time: 0.673	0.673	0 ms
Numeric time: 0.703	0.704	0 ms
Symbolic time: 0.669	0.669	0 ms
Numeric time: 0.697	0.696	0 ms
Symbolic time: 0.672	0.672	0 ms
Numeric time: 0.69	0	0.69 ms
Symbolic time: 0.668	0.424	0.245 ms
Numeric time: 0.708	0.708	0 ms
Symbolic time: 0.674	0.674	0 ms
Numeric time: 0.688	0.681	0.007 ms
Symbolic time: 0.67	0.669	0 ms
Numeric time: 0.702	0.702	0 ms
Symbolic time: 0.674	0.674	0 ms
Numeric time: 0.725	0.725	0 ms
Symbolic time: 0.676	0.675	0 ms
Numeric time: 0.705	0.704	0 ms
Symbolic time: 0.673	0.673	0 ms
Numeric time: 0.691	0.691	0 ms
Symbolic time: 0.695	0.696	0 ms
Numeric time: 0.701	0.7	0 ms
Symbolic time: 0.681	0.682	0 ms
Numeric time: 0.703	0.703	0 ms
Symbolic time: 0.675	0.675	0 ms
Numeric time: 0.696	0.695	0 ms
Symbolic time: 0.67	0.67	0 ms
Numeric time: 0.701	0.701	0 ms
Symbolic time: 0.668	0.669	0 ms
Numeric time: 0.694	0.695	0 ms
Symbolic time: 0.676	0.676	0 ms
Numeric time: 0.703	0.703	0 ms
Symbolic time: 0.672	0.672	0 ms
Numeric time: 0.688	0.688	0 ms
Symbolic time: 0.676	0.675	0 ms
Numeric time: 0.693	0.693	0 ms
Symbolic time: 0.668	0.667	0 ms
Numeric time: 0.7	0.701	0 ms
Symbolic time: 0.682	0.682	0 ms
Numeric time: 0.706	0	0.705 ms
Symbolic time: 0.671	0.439	0.233 ms
Numeric time: 0.698	0.698	0 ms
Symbolic time: 0.675	0.675	0 ms
Numeric time: 0.692	0.686	0.007 ms
Symbolic time: 0.67	0.67	0 ms
Numeric time: 0.696	0.696	0 ms
Symbolic time: 0.674	0.675	0 ms
Numeric time: 0.699	0.7	0 ms
Symbolic time: 0.674	0.674	0 ms
Numeric time: 0.713	0.713	0 ms
Symbolic time: 0.675	0.674	0 ms
Numeric time: 0.695	0.695	0 ms
Symbolic time: 0.67	0.669	0 ms
Numeric time: 0.698	0.699	0 ms
Symbolic time: 0.669	0.668	0 ms
Numeric time: 0.695	0.696	0 ms
Symbolic time: 0.671	0.67	0 ms
Numeric time: 0.705	0.705	0 ms
Symbolic time: 0.669	0.67	0 ms
Numeric time: 0.705	0.705	0 ms
Symbolic time: 0.671	0.671	0 ms
Numeric time: 0.686	0.686	0 ms
Symbolic time: 0.675	0.675	0 ms
Numeric time: 0.695	0.695	0 ms
Symbolic time: 0.673	0.673	0 ms
Numeric time: 0.7	0.699	0 ms
Symbolic time: 0.676	0.676	0 ms
Numeric time: 0.708	0.708	0 ms
Symbolic time: 0.669	0.67	0 ms
Numeric time: 0.709	0.708	0 ms
Symbolic time: 0.679	0.679	0 ms
Numeric time: 0.7	0.701	0 ms
Symbolic time: 0.671	0.67	0 ms
Numeric time: 0.693	0.693	0 ms
Symbolic time: 0.673	0.674	0 ms
Numeric time: 0.692	0.692	0 ms
Symbolic time: 0.69	0.69	0 ms
Numeric time: 0.719	0.719	0 ms
Symbolic time: 0.712	0.712	0 ms
Numeric time: 0.744	0.744	0 ms
Symbolic time: 0.736	0.736	0 ms
Numeric time: 0.759	0	0.758 ms
Symbolic time: 0.69	0.563	0.128 ms
Numeric time: 0.702	0.701	0 ms
Symbolic time: 0.669	0.648	0.021 ms
Numeric time: 0.702	0.702	0 ms
Symbolic time: 0.678	0.678	0 ms
Numeric time: 0.7	0.692	0.007 ms
Symbolic time: 0.697	0.697	0 ms
Numeric time: 0.7	0.7	0 ms
Symbolic time: 0.679	0.679	0 ms
Numeric time: 0.692	0.693	0 ms
Symbolic time: 0.676	0.675	0 ms
Numeric time: 0.704	0.704	0 ms
Symbolic time: 0.675	0.675	0 ms
Numeric time: 0.688	0.689	0 ms
Symbolic time: 0.674	0.675	0 ms
Numeric time: 0.697	0.697	0 ms
Symbolic time: 0.671	0.671	0 ms
Numeric time: 0.703	0.703	0 ms
Symbolic time: 0.674	0.673	0 ms
Numeric time: 0.698	0.697	0 ms
Symbolic time: 0.669	0.668	0 ms
Numeric time: 0.699	0.699	0 ms
Symbolic time: 0.674	0.673	0 ms
Numeric time: 0.692	0.693	0 ms
Symbolic time: 0.706	0.706	0 ms
Numeric time: 0.712	0.713	0 ms
Symbolic time: 0.675	0.675	0 ms
Numeric time: 0.695	0.695	0 ms
Symbolic time: 0.671	0.671	0 ms
Numeric time: 0.705	0.705	0 ms
Symbolic time: 0.677	0.676	0 ms
Numeric time: 0.701	0.702	0 ms
Symbolic time: 0.674	0.673	0 ms
Numeric time: 0.708	0.707	0 ms
Symbolic time: 0.911	0.912	0 ms
Numeric time: 1.088	1.088	0 ms
Symbolic time: 0.967	0.967	0 ms
Numeric time: 1.083	1.084	0 ms
Symbolic time: 0.963	0.963	0 ms
Numeric time: 1.083	0.106	0.978 ms
Symbolic time: 0.962	0.963	0 ms
Numeric time: 1.08	1.078	0.003 ms
Symbolic time: 0.964	0.964	0 ms
Numeric time: 1.077	1.074	0.003 ms
Symbolic time: 0.976	0.976	0 ms
Numeric time: 0.797	0.797	0 ms
Symbolic time: 0.672	0.673	0 ms
Numeric time: 0.703	0.703	0 ms
Symbolic time: 0.682	0.682	0 ms
Numeric time: 0.735	0	0.735 ms
Symbolic time: 0.673	0.493	0.181 ms
Numeric time: 0.693	0.693	0 ms
Symbolic time: 0.67	0.649	0.021 ms
Numeric time: 0.7	0.699	0 ms
Symbolic time: 0.673	0.673	0 ms
Numeric time: 0.686	0.681	0.006 ms
Symbolic time: 0.685	0.685	0 ms
Numeric time: 0.7	0.7	0 ms
Symbolic time: 0.676	0.676	0 ms
Numeric time: 0.7	0.701	0 ms
Symbolic time: 0.668	0.668	0 ms
Numeric time: 0.701	0.701	0 ms
Symbolic time: 0.67	0.67	0 ms
Numeric time: 0.691	0	0.692 ms
Symbolic time: 0.771	0.556	0.217 ms
Numeric time: 0.759	0.759	0 ms
Symbolic time: 0.693	0.694	0 ms
Numeric time: 0.717	0.706	0.012 ms
Symbolic time: 0.676	0.676	0 ms
Numeric time: 0.697	0.697	0 ms
Symbolic time: 0.67	0.664	0.005 ms
Numeric time: 0.697	0.696	0 ms
Symbolic time: 0.678	0.678	0 ms
Numeric time: 0.695	0.696	0 ms
Symbolic time: 0.669	0.669	0 ms
Numeric time: 0.703	0.703	0 ms
Symbolic time: 0.676	0.676	0 ms
Numeric time: 0.704	0.703	0 ms
Symbolic time: 0.668	0.669	0 ms
Numeric time: 0.697	0.698	0 ms
Symbolic time: 0.67	0.669	0 ms
Numeric time: 0.691	0.691	0 ms
Symbolic time: 0.669	0.669	0 ms
Numeric time: 0.748	0.748	0 ms
Symbolic time: 0.677	0.677	0 ms
Numeric time: 0.693	0.693	0 ms
Symbolic time: 0.672	0.671	0 ms
Numeric time: 0.702	0.702	0 ms
Symbolic time: 0.67	0.67	0 ms
Numeric time: 0.7	0.7	0 ms
Symbolic time: 0.671	0.671	0 ms
Numeric time: 0.696	0.696	0 ms
Symbolic time: 0.668	0.667	0 ms
Numeric time: 1.007	1.008	0 ms
Symbolic time: 0.986	0.987	0 ms
Numeric time: 1.124	1.125	0 ms
Symbolic time: 1.031	1.031	0 ms
Numeric time: 1.12	1.119	0 ms
Symbolic time: 0.983	0.984	0 ms
Numeric time: 1.111	1.112	0 ms
Symbolic time: 0.977	0.976	0 ms
Numeric time: 1.104	1.103	0 ms
Symbolic time: 0.983	0.983	0 ms
Numeric time: 1.116	1.116	0 ms
Symbolic time: 0.819	0.82	0 ms
Numeric time: 0.71	0.709	0 ms
Symbolic time: 0.676	0.676	0 ms
Numeric time: 0.693	0.693	0 ms
Symbolic time: 0.688	0.688	0 ms
Numeric time: 0.698	0.697	0 ms
Symbolic time: 0.672	0.673	0 ms
Numeric time: 0.69	0.69	0 ms
Symbolic time: 0.674	0.675	0 ms
Numeric time: 0.696	0.697	0 ms
Symbolic time: 0.673	0.673	0 ms
Numeric time: 0.7	0.7	0 ms
Symbolic time: 0.67	0.67	0 ms
Numeric time: 0.745	0.745	0 ms
Symbolic time: 0.669	0.67	0 ms
Numeric time: 0.697	0	0.697 ms
Symbolic time: 0.67	0.451	0.219 ms
Numeric time: 0.702	0.702	0 ms
Symbolic time: 0.667	0.647	0.021 ms
Numeric time: 0.699	0.699	0 ms
Symbolic time: 0.672	0.673	0 ms
Numeric time: 0.69	0.684	0.006 ms
Symbolic time: 0.668	0	0.668 ms
Numeric time: 0.691	0	0.691 ms
Symbolic time: 0.672	0.201	0.471 ms
Numeric time: 0.692	0.658	0.034 ms
Symbolic time: 0.672	0.672	0 ms
Numeric time: 0.698	0.698	0 ms
Symbolic time: 0.668	0.662	0.005 ms
Numeric time: 0.698	0.699	0 ms
Symbolic time: 0.671	0.671	0 ms
Numeric time: 0.698	0.698	0 ms
Symbolic time: 0.921	0.921	0 ms
Numeric time: 1.081	1.081	0 ms
Symbolic time: 0.967	0.967	0 ms
Numeric time: 1.083	1.084	0 ms
Symbolic time: 0.96	0.96	0 ms
Numeric time: 1.08	1.08	0 ms
Symbolic time: 0.967	0.967	0 ms
Numeric time: 1.085	1.085	0 ms
Symbolic time: 0.97	0.97	0 ms
Numeric time: 1.099	1.1	0 ms
Symbolic time: 0.768	0.768	0 ms
Numeric time: 0.697	0.697	0 ms
Symbolic time: 0.672	0.672	0 ms
Numeric time: 0.695	0.695	0 ms
Symbolic time: 0.672	0.673	0 ms
Numeric time: 0.695	0.695	0 ms
Symbolic time: 0.668	0.668	0 ms
Numeric time: 0.69	0.69	0 ms
Symbolic time: 0.675	0.675	0 ms
Numeric time: 0.693	0.693	0 ms
Symbolic time: 0.667	0.667	0 ms
Numeric time: 0.696	0.696	0 ms
Symbolic time: 0.672	0.672	0 ms
Numeric time: 0.693	0.694	0 ms
Symbolic time: 0.67	0.669	0 ms
Numeric time: 0.695	0.694	0 ms
Symbolic time: 0.673	0.674	0 ms
Numeric time: 0.692	0.692	0 ms
Symbolic time: 0.672	0.672	0 ms
Numeric time: 0.692	0.692	0 ms
Symbolic time: 0.666	0.666	0 ms
Numeric time: 0.695	0	0.694 ms
Symbolic time: 0.672	0.453	0.219 ms
Numeric time: 0.699	0.7	0 ms
Symbolic time: 0.668	0.647	0.021 ms
Numeric time: 0.703	0.702	0 ms
Symbolic time: 0.677	0.677	0 ms
Numeric time: 0.692	0.686	0.007 ms
Symbolic time: 0.67	0.671	0 ms
Numeric time: 0.696	0.695	0 ms
Symbolic time: 0.671	0.671	0 ms
Numeric time: 0.689	0.689	0 ms
Symbolic time: 0.67	0.67	0 ms
Numeric time: 0.696	0.695	0 ms
Symbolic time: 0.67	0.669	0.001 ms
Numeric time: 0.696	0.696	0 ms
Symbolic time: 0.675	0.675	0 ms
Numeric time: 0.703	0.702	0 ms
Symbolic time: 0.669	0.669	0 ms
Numeric time: 0.693	0.693	0 ms
Symbolic time: 0.673	0.673	0 ms
Numeric time: 0.688	0.688	0 ms
Symbolic time: 0.67	0.67	0 ms
Numeric time: 0.7	0.701	0 ms
Symbolic time: 0.671	0.671	0 ms
Numeric time: 0.689	0.689	0 ms
Symbolic time: 0.671	0.671	0 ms
Numeric time: 0.692	0.692	0 ms
Symbolic time: 0.749	0.749	0 ms
Numeric time: 0.734	0.735	0 ms
Symbolic time: 0.675	0.674	0 ms
Numeric time: 0.699	0.699	0 ms
Symbolic time: 0.668	0.669	0 ms
Numeric time: 0.695	0	0.696 ms
Symbolic time: 0.672	0.466	0.206 ms
Numeric time: 0.698	0.698	0 ms
Symbolic time: 0.668	0.647	0.021 ms
Numeric time: 0.694	0.694	0 ms
Symbolic time: 0.673	0.673	0 ms
Numeric time: 0.691	0.684	0.006 ms
Symbolic time: 0.669	0	0.669 ms
Numeric time: 0.703	0.46	0.236 ms
Symbolic time: 0.678	0.678	0 ms
Numeric time: 0.691	0.673	0.019 ms
Symbolic time: 0.675	0.675	0 ms
Numeric time: 0.727	0.727	0 ms
Symbolic time: 0.679	0.679	0 ms
Numeric time: 0.688	0.688	0 ms
Symbolic time: 0.674	0.674	0 ms
Numeric time: 0.701	0.701	0 ms
Symbolic time: 0.668	0.668	0 ms
Numeric time: 0.71	0.71	0 ms
Symbolic time: 0.671	0.672	0 ms
Numeric time: 0.697	0.697	0 ms
Symbolic time: 0.666	0.667	0 ms
Numeric time: 0.694	0.694	0 ms
Symbolic time: 0.689	0.69	0 ms
Numeric time: 0.694	0.694	0 ms
Symbolic time: 0.669	0.67	0 ms
Numeric time: 0.699	0.7	0 ms
Symbolic time: 0.673	0.673	0 ms
Numeric time: 0.694	0.694	0 ms
Symbolic time: 0.684	0.684	0 ms
Numeric time: 0.7	0.7	0 ms
Symbolic time: 0.668	0.666	0.002 ms
Numeric time: 0.697	0.696	0 ms
Symbolic time: 0.683	0.684	0 ms
Numeric time: 0.716	0.717	0 ms
Symbolic time: 0.668	0.667	0 ms
Numeric time: 0.697	0.697	0 ms
Symbolic time: 0.677	0.678	0 ms
Numeric time: 0.699	0.699	0 ms
Symbolic time: 0.669	0.67	0 ms
Numeric time: 0.714	0.714	0 ms
Symbolic time: 0.672	0.672	0 ms
Numeric time: 0.69	0.689	0 ms
Symbolic time: 0.675	0.674	0 ms
Numeric time: 0.697	0.698	0 ms
Symbolic time: 0.681	0.681	0 ms
Numeric time: 0.691	0.691	0 ms
Symbolic time: 0.678	0.678	0 ms
Numeric time: 0.697	0.697	0 ms
Symbolic time: 0.666	0.667	0 ms
Numeric time: 0.694	0.693	0 ms
Symbolic time: 0.678	0.678	0 ms
Numeric time: 0.705	0.705	0 ms
Symbolic time: 0.668	0.667	0 ms
Numeric time: 0.694	0.695	0 ms
Symbolic time: 0.675	0.674	0 ms
Numeric time: 0.693	0.693	0 ms
Symbolic time: 0.681	0.68	0 ms
Numeric time: 0.699	0.699	0 ms
Symbolic time: 0.674	0.675	0 ms
Numeric time: 0.688	0.688	0 ms
Symbolic time: 0.68	0.679	0 ms
Numeric time: 0.709	0.71	0 ms
Symbolic time: 0.668	0.667	0 ms
Numeric time: 0.695	0.696	0 ms
Symbolic time: 0.675	0.676	0 ms
Numeric time: 0.702	0	0.702 ms
Symbolic time: 0.669	0.437	0.233 ms
Numeric time: 0.712	0.712	0 ms
Symbolic time: 0.678	0.678	0 ms
Numeric time: 0.694	0.694	0 ms
Symbolic time: 0.685	0.685	0 ms
Numeric time: 0.702	0.702	0 ms
Symbolic time: 0.704	0.704	0 ms
Numeric time: 0.694	0.691	0.003 ms
Symbolic time: 0.676	0.676	0 ms
Numeric time: 0.696	0.696	0 ms
Symbolic time: 0.674	0.675	0 ms
Numeric time: 0.687	0.687	0 ms
Symbolic time: 0.671	0.672	0 ms
Numeric time: 0.697	0.697	0 ms
Symbolic time: 0.67	0.67	0 ms
Numeric time: 0.694	0.694	0 ms
Symbolic time: 0.791	0.79	0 ms
Numeric time: 1.091	1.091	0 ms
Symbolic time: 0.964	0.964	0 ms
Numeric time: 1.085	1.086	0 ms
Symbolic time: 0.965	0.965	0 ms
Numeric time: 1.081	1.081	0 ms
Symbolic time: 0.959	0.061	0.898 ms
Numeric time: 1.087	1.088	0 ms
Symbolic time: 0.97	0.97	0 ms
Numeric time: 1.08	1.08	0 ms
Symbolic time: 0.924	0.924	0 ms
Numeric time: 0.765	0.764	0 ms
Symbolic time: 0.669	0.669	0 ms
Numeric time: 0.739	0.74	0 ms
Symbolic time: 0.671	0.671	0 ms
Numeric time: 0.691	0.692	0 ms
Symbolic time: 0.675	0.675	0 ms
Numeric time: 0.695	0.696	0 ms
Symbolic time: 0.669	0.669	0 ms
Numeric time: 0.691	0.691	0 ms
Symbolic time: 0.672	0.672	0 ms
Numeric time: 0.694	0.694	0 ms
Symbolic time: 0.667	0.667	0 ms
Numeric time: 0.691	0.692	0 ms
Symbolic time: 0.673	0.673	0 ms
Numeric time: 0.694	0.694	0 ms
Symbolic time: 0.67	0.67	0 ms
Numeric time: 0.692	0.693	0 ms
Symbolic time: 0.669	0.669	0 ms
Numeric time: 0.694	0.693	0 ms
Symbolic time: 0.672	0.672	0 ms
Numeric time: 0.693	0.692	0 ms
Symbolic time: 0.673	0.673	0 ms
Numeric time: 0.687	0.688	0 ms
Symbolic time: 0.672	0.673	0 ms
Numeric time: 0.688	0.689	0 ms
Symbolic time: 0.67	0.67	0 ms
Numeric time: 0.691	0.691	0 ms
Symbolic time: 0.674	0.673	0 ms
Numeric time: 0.696	0.697	0 ms
Symbolic time: 0.666	0.666	0 ms
Numeric time: 0.701	0.701	0 ms
Symbolic time: 0.673	0.672	0 ms
Numeric time: 0.69	0.689	0 ms
Symbolic time: 0.671	0.671	0 ms
Numeric time: 0.69	0.689	0 ms
Symbolic time: 0.675	0.675	0 ms
Numeric time: 0.731	0.731	0 ms
Symbolic time: 0.677	0.678	0 ms
Numeric time: 0.704	0.704	0 ms
Symbolic time: 0.669	0.669	0 ms
Numeric time: 0.694	0.693	0 ms
Symbolic time: 0.673	0.673	0 ms
Numeric time: 0.701	0.702	0 ms
Symbolic time: 0.669	0.669	0 ms
Numeric time: 0.698	0.698	0 ms
Symbolic time: 0.675	0.675	0 ms
Numeric time: 0.696	0.696	0 ms
Symbolic time: 0.671	0.671	0 ms
Numeric time: 0.695	0.694	0 ms
Symbolic time: 0.68	0.68	0 ms
Numeric time: 0.689	0.689	0 ms
Symbolic time: 0.675	0.675	0 ms
Numeric time: 0.693	0.693	0 ms
Symbolic time: 0.676	0.676	0 ms
Numeric time: 0.693	0.693	0 ms
Symbolic time: 0.671	0.671	0 ms
Numeric time: 0.7	0.699	0 ms
Symbolic time: 0.667	0.667	0 ms
Numeric time: 0.704	0.704	0 ms
Symbolic time: 0.692	0.692	0 ms
Numeric time: 0.697	0.696	0 ms
Symbolic time: 0.669	0.669	0 ms
Numeric time: 0.695	0.695	0 ms
Symbolic time: 0.68	0.68	0 ms
Numeric time: 0.696	0.696	0 ms
Symbolic time: 0.675	0.676	0 ms
Numeric time: 0.701	0.701	0 ms
Symbolic time: 0.669	0.669	0 ms
Numeric time: 0.688	0.687	0 ms
Symbolic time: 0.67	0.67	0 ms
Numeric time: 0.693	0.693	0 ms
Symbolic time: 0.669	0.668	0 ms
Numeric time: 0.693	0.693	0 ms
Symbolic time: 0.676	0.676	0 ms
Numeric time: 0.699	0.699	0 ms
Symbolic time: 0.668	0.668	0 ms
Numeric time: 0.691	0.692	0 ms
Symbolic time: 0.672	0.672	0 ms
Numeric time: 0.69	0.69	0 ms
Symbolic time: 0.667	0.668	0 ms
Numeric time: 0.696	0.696	0 ms
Symbolic time: 0.673	0.673	0 ms
Numeric time: 0.692	0.692	0 ms
Symbolic time: 0.67	0.67	0 ms
Numeric time: 0.696	0.696	0 ms
Symbolic time: 0.669	0.668	0 ms
Numeric time: 0.7	0.7	0 ms
Symbolic time: 0.674	0.674	0 ms
Numeric time: 0.695	0.695	0 ms
Symbolic time: 0.67	0.67	0 ms
Numeric time: 0.689	0.69	0 ms
Symbolic time: 0.674	0.674	0 ms
Numeric time: 0.69	0.691	0 ms
Symbolic time: 0.669	0.669	0 ms
Numeric time: 0.695	0.695	0 ms
Symbolic time: 0.675	0.674	0 ms
Numeric time: 0.688	0.688	0 ms
Symbolic time: 0.677	0.677	0 ms
Numeric time: 0.694	0.694	0 ms
Symbolic time: 0.67	0.67	0 ms
Numeric time: 0.692	0.692	0 ms
Symbolic time: 0.671	0.671	0 ms
Numeric time: 0.701	0.701	0 ms
Symbolic time: 0.667	0.667	0 ms
Numeric time: 0.697	0.697	0 ms
Symbolic time: 0.673	0.673	0 ms
Numeric time: 0.69	0.691	0 ms
Symbolic time: 0.671	0.671	0 ms
Numeric time: 0.696	0.696	0 ms
Symbolic time: 0.675	0.675	0 ms
Numeric time: 0.692	0.692	0 ms
Symbolic time: 0.674	0.674	0 ms
Numeric time: 0.699	0.699	0 ms
Symbolic time: 0.669	0.669	0 ms
Numeric time: 0.7	0.701	0 ms
Symbolic time: 0.675	0.675	0 ms
Numeric time: 0.694	0.695	0 ms
Symbolic time: 0.668	0.667	0 ms
Numeric time: 0.691	0.691	0 ms
Symbolic time: 0.672	0.672	0 ms
Numeric time: 0.692	0.692	0 ms
Symbolic time: 0.666	0.665	0 ms
Numeric time: 0.694	0.694	0 ms
Symbolic time: 0.675	0.675	0 ms
Numeric time: 0.686	0.686	0 ms
Symbolic time: 0.672	0.672	0 ms
Numeric time: 0.695	0.695	0 ms
Symbolic time: 0.668	0.668	0 ms
Numeric time: 0.695	0.695	0 ms
Symbolic time: 0.672	0.672	0 ms
Numeric time: 0.703	0.703	0 ms
Symbolic time: 0.669	0.669	0 ms
Numeric time: 0.695	0.696	0 ms
Symbolic time: 0.674	0.674	0 ms
Numeric time: 0.784	0.785	0 ms
Symbolic time: 0.96	0.96	0 ms
Numeric time: 1.083	0.121	0.963 ms
Symbolic time: 0.962	0.963	0 ms
Numeric time: 1.082	1.08	0.003 ms
Symbolic time: 0.967	0.967	0 ms
Numeric time: 1.069	0.066	1.002 ms
Symbolic time: 0.958	0.958	0 ms
Numeric time: 1.092	1.089	0.004 ms
Symbolic time: 0.965	0.964	0 ms
Numeric time: 0.912	0.913	0 ms
Symbolic time: 0.701	0.701	0 ms
Numeric time: 0.692	0.692	0 ms
Symbolic time: 0.669	0.665	0.004 ms
Numeric time: 0.696	0.697	0 ms
Symbolic time: 0.671	0.671	0 ms
Numeric time: 0.75	0.75	0 ms
Symbolic time: 0.672	0.671	0 ms
Numeric time: 0.693	0.693	0 ms
Symbolic time: 0.929	0.929	0 ms
Numeric time: 1.081	0.096	0.986 ms
Symbolic time: 0.963	0.963	0 ms
Numeric time: 1.08	0.077	1.003 ms
Symbolic time: 0.966	0.966	0 ms
Numeric time: 1.08	1.078	0.003 ms
Symbolic time: 0.964	0.965	0 ms
Numeric time: 1.089	1.09	0 ms
Symbolic time: 0.914	0.915	0 ms
Numeric time: 0.756	0.756	0 ms
Symbolic time: 0.67	0.669	0 ms
Numeric time: 0.693	0.693	0 ms
Symbolic time: 0.666	0.666	0 ms
Numeric time: 0.705	0.705	0 ms
Symbolic time: 0.678	0.677	0 ms
Numeric time: 0.701	0.701	0 ms
Symbolic time: 0.667	0.667	0 ms
Numeric time: 0.696	0.696	0 ms
Symbolic time: 0.672	0.672	0 ms
Numeric time: 0.696	0.696	0.001 ms
Symbolic time: 0.67	0.67	0 ms
Numeric time: 0.697	0.697	0 ms
Symbolic time: 0.673	0.674	0 ms
Numeric time: 0.689	0.69	0 ms

Symbolic time: 0.693868 ms
Numeric time: 0.722168 ms
